2020-12-02 09:16:25 DEBUG Concurrent:14 - 123
2020-12-02 09:17:32 DEBUG Concurrent:21 - main thread is running
2020-12-02 09:17:40 DEBUG Concurrent:22 - main thread is running
2020-12-02 09:17:40 DEBUG Concurrent:18 - thread1 is running
2020-12-03 11:01:57 DEBUG Concurrent:22 - main thread is running
2020-12-03 11:01:57 DEBUG Concurrent:18 - thread1 is running
2020-12-03 11:02:15 DEBUG Concurrent:22 - main thread is running
2020-12-03 11:02:15 DEBUG Concurrent:18 - thread1 is running
2020-12-03 15:42:50 DEBUG Concurrent:22 - main thread is running
2020-12-03 15:42:50 DEBUG Concurrent:18 - thread1 is running
2020-12-03 15:44:29 DEBUG Concurrent:23 - main thread is running
2020-12-03 15:44:29 DEBUG Concurrent:18 - thread1 is running
2020-12-03 15:51:12 DEBUG Concurrent:17 - thread is running
2020-12-03 15:52:58 DEBUG Concurrent:15 - Thread1 is running
2020-12-03 17:08:10 DEBUG Concurrent:17 - futureTask running
2020-12-03 17:08:10 DEBUG Concurrent:21 - result is:100
2020-12-03 18:15:08 DEBUG Concurrent:28 - testThread is running
2020-12-03 18:25:52 DEBUG t1 Concurrent:28 - testThread is running
2020-12-03 18:26:20 DEBUG [t1] Concurrent:28 - testThread is running
2020-12-03 18:36:02 DEBUG [t1] Concurrent:28 - enter sleep
2020-12-03 18:36:03 DEBUG [main] Concurrent:43 - interrupt
2020-12-03 18:36:03 DEBUG [t1] Concurrent:32 - has been interrupted
2020-12-03 20:46:57 DEBUG [t1] Concurrent:48 - 我运行了
2020-12-03 20:46:57 DEBUG [t1] Concurrent:50 - 我休眠了
2020-12-03 20:46:57 DEBUG [t1] Concurrent:53 - 我又活了
2020-12-03 20:47:36 DEBUG [t1] Concurrent:48 - 我运行了
2020-12-03 20:47:36 DEBUG [t1] Concurrent:50 - 我休眠了
2020-12-03 20:47:36 DEBUG [t1] Concurrent:53 - 我又活了
2020-12-03 20:47:36 DEBUG [t1] Concurrent:54 - 我运行完了
2020-12-03 20:51:30 DEBUG [t1] Concurrent:48 - 我运行了
2020-12-03 20:51:30 DEBUG [main] Concurrent:59 - 打断标记：false
2020-12-03 20:51:30 DEBUG [t1] Concurrent:50 - 我休眠了
2020-12-03 20:51:30 DEBUG [main] Concurrent:61 - 打断标记：true
2020-12-03 20:51:30 DEBUG [t1] Concurrent:53 - 我又活了
2020-12-03 20:51:30 DEBUG [t1] Concurrent:54 - 我运行完了
2020-12-03 20:52:07 DEBUG [t1] "Concurrent":48 - 我运行了
2020-12-03 20:52:07 DEBUG [t1] "Concurrent":50 - 我休眠了
2020-12-03 20:52:07 DEBUG [main] "Concurrent":59 - 打断标记：false
2020-12-03 20:52:07 DEBUG [main] "Concurrent":61 - 打断标记：true
2020-12-03 20:52:07 DEBUG [t1] "Concurrent":53 - 我又活了
2020-12-03 20:52:07 DEBUG [t1] "Concurrent":54 - 我运行完了
2020-12-03 20:52:21 DEBUG [t1] "ConcurrentÀà":48 - 我运行了
2020-12-03 20:52:21 DEBUG [main] "ConcurrentÀà":59 - 打断标记：false
2020-12-03 20:52:21 DEBUG [main] "ConcurrentÀà":61 - 打断标记：true
2020-12-03 20:52:21 DEBUG [t1] "ConcurrentÀà":50 - 我休眠了
2020-12-03 20:52:21 DEBUG [t1] "ConcurrentÀà":53 - 我又活了
2020-12-03 20:52:21 DEBUG [t1] "ConcurrentÀà":54 - 我运行完了
2020-12-03 20:52:30 DEBUG [t1] "Concurrent":48 - 我运行了
2020-12-03 20:52:30 DEBUG [t1] "Concurrent":50 - 我休眠了
2020-12-03 20:52:30 DEBUG [main] "Concurrent":59 - 打断标记：false
2020-12-03 20:52:31 DEBUG [main] "Concurrent":61 - 打断标记：true
2020-12-03 20:52:31 DEBUG [t1] "Concurrent":53 - 我又活了
2020-12-03 20:52:31 DEBUG [t1] "Concurrent":54 - 我运行完了
2020-12-03 20:52:49 DEBUG [t1] "Concurrent1":48 - 我运行了
2020-12-03 20:52:49 DEBUG [t1] "Concurrent1":50 - 我休眠了
2020-12-03 20:52:49 DEBUG [main] "Concurrent1":59 - 打断标记：false
2020-12-03 20:52:49 DEBUG [main] "Concurrent1":61 - 打断标记：true
2020-12-03 20:52:49 DEBUG [t1] "Concurrent1":53 - 我又活了
2020-12-03 20:52:49 DEBUG [t1] "Concurrent1":54 - 我运行完了
2020-12-03 20:52:56 DEBUG [t1] "Concurrent":48 - 我运行了
2020-12-03 20:52:56 DEBUG [main] "Concurrent":59 - 打断标记：false
2020-12-03 20:52:56 DEBUG [t1] "Concurrent":50 - 我休眠了
2020-12-03 20:52:56 DEBUG [main] "Concurrent":61 - 打断标记：true
2020-12-03 20:52:56 DEBUG [t1] "Concurrent":53 - 我又活了
2020-12-03 20:52:56 DEBUG [t1] "Concurrent":54 - 我运行完了
2020-12-03 20:56:30 DEBUG [t1] "Concurrent":48 - 我运行了
2020-12-03 20:56:31 DEBUG [t1] "Concurrent":50 - 我休眠了
2020-12-03 20:56:30 DEBUG [main] "Concurrent":59 - 打断标记：false
2020-12-03 20:56:31 DEBUG [main] "Concurrent":61 - 打断标记：true
2020-12-03 20:56:31 DEBUG [t1] "Concurrent":53 - 我又活了
2020-12-03 20:56:31 DEBUG [t1] "Concurrent":54 - 我运行完了
2020-12-03 20:57:22 DEBUG [t1] "Concurrent":48 - 我运行了
2020-12-03 20:57:22 DEBUG [t1] "Concurrent":50 - 我休眠了
2020-12-03 20:57:22 DEBUG [main] "Concurrent":59 - 打断标记：false
2020-12-03 20:57:23 DEBUG [main] "Concurrent":62 - 打断标记：true
2020-12-03 20:57:23 DEBUG [t1] "Concurrent":53 - 我又活了
2020-12-03 20:57:23 DEBUG [t1] "Concurrent":54 - 我运行完了
2020-12-03 20:59:05 DEBUG [t1] "Concurrent":48 - 我运行了
2020-12-03 20:59:05 DEBUG [t1] "Concurrent":50 - 我休眠了
2020-12-03 20:59:05 DEBUG [main] "Concurrent":59 - 打断标记：false
2020-12-03 20:59:06 DEBUG [t1] "Concurrent":53 - 我又活了
2020-12-03 20:59:06 DEBUG [main] "Concurrent":62 - 打断标记：true
2020-12-03 20:59:06 DEBUG [t1] "Concurrent":54 - 我运行完了
2020-12-03 20:59:53 DEBUG [t1] "Concurrent":48 - 我运行了
2020-12-03 20:59:53 DEBUG [t1] "Concurrent":50 - 我休眠了
2020-12-03 20:59:54 DEBUG [t1] "Concurrent":53 - 我又活了
2020-12-03 20:59:54 DEBUG [t1] "Concurrent":54 - 我运行完了
2020-12-03 20:59:54 DEBUG [main] "Concurrent":62 - 打断标记：true
2020-12-03 21:00:35 DEBUG [t1] "Concurrent":48 - 我运行了
2020-12-03 21:00:35 DEBUG [main] "Concurrent":59 - 打断标记：false
2020-12-03 21:00:35 DEBUG [t1] "Concurrent":50 - 我休眠了
2020-12-03 21:00:37 DEBUG [main] "Concurrent":62 - 打断标记：true
2020-12-03 21:00:37 DEBUG [t1] "Concurrent":53 - 我又活了
2020-12-03 21:00:37 DEBUG [t1] "Concurrent":54 - 我运行完了
2020-12-03 21:01:27 DEBUG [t1] "Concurrent":48 - 我运行了
2020-12-03 21:01:27 DEBUG [t1] "Concurrent":50 - 我休眠了
2020-12-03 21:01:27 DEBUG [main] "Concurrent":59 - 打断标记：false
2020-12-03 21:01:29 DEBUG [main] "Concurrent":62 - 打断标记：true
2020-12-03 21:01:29 DEBUG [t1] "Concurrent":53 - 我又活了
2020-12-03 21:01:29 DEBUG [t1] "Concurrent":54 - 我运行完了
2020-12-03 21:01:29 DEBUG [main] "Concurrent":63 - 打断标记：false
2020-12-03 21:10:52 DEBUG [t1] "Concurrent":48 - 我运行了
2020-12-03 21:10:52 DEBUG [t1] "Concurrent":50 - 我休眠了
2020-12-03 21:10:53 DEBUG [main] "Concurrent":60 - 打断标记：false
2020-12-03 21:10:55 DEBUG [main] "Concurrent":63 - 打断标记：true
2020-12-03 21:10:55 DEBUG [t1] "Concurrent":53 - 我又活了
2020-12-03 21:10:55 DEBUG [t1] "Concurrent":54 - 我运行完了
2020-12-03 21:24:10 DEBUG [t1] "Concurrent":48 - 我运行了
2020-12-03 21:24:10 DEBUG [t1] "Concurrent":50 - 我休眠了
2020-12-03 21:24:11 DEBUG [main] "Concurrent":60 - 打断标记：false
2020-12-03 21:24:11 DEBUG [t1] "Concurrent":53 - 我又活了
2020-12-03 21:24:11 DEBUG [t1] "Concurrent":54 - 我运行完了
2020-12-03 21:24:13 DEBUG [main] "Concurrent":63 - 打断标记：false
2020-12-03 21:24:33 DEBUG [t1] "Concurrent":48 - 我运行了
2020-12-03 21:24:33 DEBUG [t1] "Concurrent":50 - 我休眠了
2020-12-03 21:24:34 DEBUG [main] "Concurrent":60 - 打断标记：false
2020-12-03 21:24:34 DEBUG [t1] "Concurrent":53 - 我又活了
2020-12-03 21:24:34 DEBUG [t1] "Concurrent":54 - 我运行完了
2020-12-03 21:24:34 DEBUG [main] "Concurrent":63 - 打断标记：false
2020-12-03 22:39:47 DEBUG [t1] "Concurrent":48 - 我运行了
2020-12-03 22:39:47 DEBUG [t1] "Concurrent":50 - 我休眠了
2020-12-03 22:39:48 DEBUG [main] "Concurrent":60 - 打断标记：false
2020-12-03 22:39:48 DEBUG [t1] "Concurrent":53 - 我又活了
2020-12-03 22:39:48 DEBUG [t1] "Concurrent":54 - 我运行完了
2020-12-03 22:39:48 DEBUG [main] "Concurrent":63 - 打断标记：false
2020-12-03 22:39:59 DEBUG [Thread-0] "TwoPhaseTermination":17 - 料理后事
2020-12-03 22:40:37 DEBUG [Thread-0] "TwoPhaseTermination":22 - 执行监控记录
2020-12-03 22:40:38 DEBUG [Thread-0] "TwoPhaseTermination":22 - 执行监控记录
2020-12-03 22:40:39 DEBUG [Thread-0] "TwoPhaseTermination":22 - 执行监控记录
2020-12-03 22:40:40 DEBUG [Thread-0] "TwoPhaseTermination":17 - 料理后事
2020-12-03 22:41:25 DEBUG [Thread-0] "TwoPhaseTermination":22 - 执行监控记录
2020-12-03 22:41:26 DEBUG [Thread-0] "TwoPhaseTermination":22 - 执行监控记录
2020-12-03 22:41:27 DEBUG [Thread-0] "TwoPhaseTermination":22 - 执行监控记录
2020-12-03 22:41:28 DEBUG [Thread-0] "TwoPhaseTermination":17 - 料理后事
2020-12-03 22:43:05 DEBUG [Thread-0] "TwoPhaseTermination":25 - 执行监控记录
2020-12-03 22:43:06 DEBUG [Thread-0] "TwoPhaseTermination":25 - 执行监控记录
2020-12-03 22:43:07 DEBUG [Thread-0] "TwoPhaseTermination":25 - 执行监控记录
2020-12-03 22:43:08 DEBUG [Thread-0] "TwoPhaseTermination":20 - 料理后事
2020-12-04 10:14:49 DEBUG [Thread-0] "TwoPhaseTermination":25 - 保存监控记录
2020-12-04 10:14:50 DEBUG [Thread-0] "TwoPhaseTermination":25 - 保存监控记录
2020-12-04 16:12:13 DEBUG [main] "Concurrent":77 - 主线程结束
2020-12-04 16:12:56 DEBUG [main] "Concurrent":78 - 主线程结束
2020-12-04 16:14:22 DEBUG [main] "Concurrent":78 - 主线程结束
2020-12-04 16:59:13 DEBUG [worker1] "Question1":14 - 工人1开始工作
2020-12-04 16:59:13 DEBUG [main] "Question1":48 - 总用时为：1
2020-12-04 16:59:13 DEBUG [worker2] "Question1":31 - 开始洗茶壶、洗茶杯、拿茶叶
2020-12-04 16:59:13 DEBUG [worker1] "Question1":15 - 开始洗水壶
2020-12-04 16:59:14 DEBUG [worker1] "Question1":21 - 洗完水壶了
2020-12-04 16:59:14 DEBUG [worker1] "Question1":22 - 开始烧开水
2020-12-04 16:59:20 DEBUG [worker1] "Question1":28 - 烧完开水了
2020-12-04 16:59:20 DEBUG [worker2] "Question1":42 - 泡茶
2020-12-04 16:59:52 DEBUG [worker1] "Question1":14 - 工人1开始工作
2020-12-04 16:59:52 DEBUG [main] "Question1":49 - 总用时为：1
2020-12-04 16:59:52 DEBUG [worker2] "Question1":31 - 开始洗茶壶、洗茶杯、拿茶叶
2020-12-04 16:59:52 DEBUG [worker1] "Question1":15 - 开始洗水壶
2020-12-04 16:59:53 DEBUG [worker1] "Question1":21 - 洗完水壶了
2020-12-04 16:59:53 DEBUG [worker1] "Question1":22 - 开始烧开水
2020-12-04 16:59:56 DEBUG [worker2] "Question1":37 - 三件活都搞完了
2020-12-04 16:59:59 DEBUG [worker1] "Question1":28 - 烧完开水了
2020-12-04 16:59:59 DEBUG [worker2] "Question1":43 - 泡茶
2020-12-04 17:00:47 DEBUG [worker2] "Question1":31 - 开始洗茶壶、洗茶杯、拿茶叶
2020-12-04 17:00:47 DEBUG [worker1] "Question1":14 - 工人1开始工作
2020-12-04 17:00:47 DEBUG [worker1] "Question1":15 - 开始洗水壶
2020-12-04 17:00:48 DEBUG [worker1] "Question1":21 - 洗完水壶了
2020-12-04 17:00:48 DEBUG [worker1] "Question1":22 - 开始烧开水
2020-12-04 17:00:51 DEBUG [worker2] "Question1":37 - 三件活都搞完了
2020-12-04 17:00:54 DEBUG [worker1] "Question1":28 - 烧完开水了
2020-12-04 17:00:54 DEBUG [worker2] "Question1":43 - 泡茶
2020-12-04 17:00:54 DEBUG [main] "Question1":55 - 总用时为：1
2020-12-04 17:01:16 DEBUG [worker1] "Question1":14 - 工人1开始工作
2020-12-04 17:01:16 DEBUG [worker2] "Question1":31 - 开始洗茶壶、洗茶杯、拿茶叶
2020-12-04 17:01:16 DEBUG [worker1] "Question1":15 - 开始洗水壶
2020-12-04 17:01:17 DEBUG [worker1] "Question1":21 - 洗完水壶了
2020-12-04 17:01:17 DEBUG [worker1] "Question1":22 - 开始烧开水
2020-12-04 17:01:20 DEBUG [worker2] "Question1":37 - 三件活都搞完了
2020-12-04 17:01:23 DEBUG [worker1] "Question1":28 - 烧完开水了
2020-12-04 17:01:23 DEBUG [worker2] "Question1":43 - 泡茶
2020-12-04 17:01:23 DEBUG [main] "Question1":54 - 总用时为：7007
2020-12-04 17:01:57 DEBUG [worker1] "Question1":14 - 工人1开始工作
2020-12-04 17:01:57 DEBUG [worker2] "Question1":31 - 工人2开始工作
2020-12-04 17:01:57 DEBUG [worker1] "Question1":15 - 开始洗水壶
2020-12-04 17:01:57 DEBUG [worker2] "Question1":32 - 开始洗茶壶、洗茶杯、拿茶叶
2020-12-04 17:01:58 DEBUG [worker1] "Question1":21 - 洗完水壶了
2020-12-04 17:01:58 DEBUG [worker1] "Question1":22 - 开始烧开水
2020-12-04 17:02:01 DEBUG [worker2] "Question1":38 - 三件活都搞完了
2020-12-04 17:02:04 DEBUG [worker1] "Question1":28 - 烧完开水了
2020-12-04 17:02:04 DEBUG [worker2] "Question1":44 - 泡茶
2020-12-04 17:02:04 DEBUG [main] "Question1":55 - 总用时为：7014
2020-12-04 17:03:04 DEBUG [worker1] "Question1":14 - 工人1开始工作
2020-12-04 17:03:04 DEBUG [worker1] "Question1":15 - 开始洗水壶
2020-12-04 17:03:04 DEBUG [worker2] "Question1":31 - 工人2开始工作
2020-12-04 17:03:04 DEBUG [worker2] "Question1":32 - 开始洗茶壶、洗茶杯、拿茶叶
2020-12-04 17:03:05 DEBUG [worker1] "Question1":21 - 洗完水壶了
2020-12-04 17:03:05 DEBUG [worker1] "Question1":22 - 开始烧开水
2020-12-04 17:03:08 DEBUG [worker2] "Question1":38 - 三件活都搞完了
2020-12-04 17:03:11 DEBUG [worker1] "Question1":28 - 烧完开水了
2020-12-04 17:03:11 DEBUG [worker2] "Question1":44 - 泡茶
2020-12-04 17:03:11 DEBUG [main] "Question1":55 - 总用时为：7009ms
2020-12-05 21:21:39 DEBUG [main] "Concurrent":96 - 
2020-12-05 21:21:54 DEBUG [main] "Concurrent":96 - 0
2020-12-05 21:22:28 DEBUG [main] "Concurrent":96 - admireCount= 0
2020-12-05 21:22:38 DEBUG [main] "Concurrent":96 - admireCount= 0
2020-12-05 21:22:47 DEBUG [main] "Concurrent":96 - admireCount= -20
2020-12-05 21:23:16 DEBUG [main] "Concurrent":96 : admireCount= 0
2020-12-05 21:23:46 DEBUG [main] "Concurrent":96: admireCount= -74
2020-12-05 21:23:52 DEBUG [main] "Concurrent":96: admireCount= -304
2020-12-05 21:44:34 DEBUG [main] "Concurrent":100: admireCount= 0
2020-12-05 21:44:38 DEBUG [main] "Concurrent":100: admireCount= 0
2020-12-05 22:10:40 DEBUG [main] "Concurrent":97: admireCount= 0
2020-12-05 22:10:45 DEBUG [main] "Concurrent":97: admireCount= 0
2020-12-07 11:15:53 DEBUG [main] "Concurrent":97: admireCount= 0
2020-12-08 15:19:37 DEBUG [main] "saleTicket":44: sold count:5882
2020-12-08 15:19:37 DEBUG [main] "saleTicket":46: remainder count:4118
2020-12-08 15:19:48 DEBUG [main] "saleTicket":44: sold count:1001
2020-12-08 15:19:48 DEBUG [main] "saleTicket":46: remainder count:0
2020-12-08 15:23:23 DEBUG [main] "saleTicket":45: sold count:1007
2020-12-08 15:23:23 DEBUG [main] "saleTicket":47: remainder count:0
2020-12-08 15:24:00 DEBUG [main] "saleTicket":45: sold count:1000
2020-12-08 15:24:00 DEBUG [main] "saleTicket":47: remainder count:0
2020-12-08 20:03:05 DEBUG [main] "saleTicket":45: sold count:1000
2020-12-08 20:03:05 DEBUG [main] "saleTicket":47: remainder count:0
2020-12-08 20:03:16 DEBUG [t1] "Biased":17: com.Dog object internals:
 OFFSET  SIZE   TYPE DESCRIPTION                               VALUE
      0     4        (object header)                           05 00 00 00 (00000101 00000000 00000000 00000000) (5)
      4     4        (object header)                           00 00 00 00 (00000000 00000000 00000000 00000000) (0)
      8     4        (object header)                           f0 ab 0b 00 (11110000 10101011 00001011 00000000) (764912)
     12     4        (loss due to the next object alignment)
Instance size: 16 bytes
Space losses: 0 bytes internal + 4 bytes external = 4 bytes total

2020-12-08 20:03:16 DEBUG [t1] "Biased":19: com.Dog object internals:
 OFFSET  SIZE   TYPE DESCRIPTION                               VALUE
      0     4        (object header)                           05 10 55 38 (00000101 00010000 01010101 00111000) (945098757)
      4     4        (object header)                           a1 02 00 00 (10100001 00000010 00000000 00000000) (673)
      8     4        (object header)                           f0 ab 0b 00 (11110000 10101011 00001011 00000000) (764912)
     12     4        (loss due to the next object alignment)
Instance size: 16 bytes
Space losses: 0 bytes internal + 4 bytes external = 4 bytes total

2020-12-08 20:03:16 DEBUG [t1] "Biased":21: com.Dog object internals:
 OFFSET  SIZE   TYPE DESCRIPTION                               VALUE
      0     4        (object header)                           05 10 55 38 (00000101 00010000 01010101 00111000) (945098757)
      4     4        (object header)                           a1 02 00 00 (10100001 00000010 00000000 00000000) (673)
      8     4        (object header)                           f0 ab 0b 00 (11110000 10101011 00001011 00000000) (764912)
     12     4        (loss due to the next object alignment)
Instance size: 16 bytes
Space losses: 0 bytes internal + 4 bytes external = 4 bytes total

2020-12-08 20:03:16 DEBUG [t2] "Biased":36: com.Dog object internals:
 OFFSET  SIZE   TYPE DESCRIPTION                               VALUE
      0     4        (object header)                           05 10 55 38 (00000101 00010000 01010101 00111000) (945098757)
      4     4        (object header)                           a1 02 00 00 (10100001 00000010 00000000 00000000) (673)
      8     4        (object header)                           f0 ab 0b 00 (11110000 10101011 00001011 00000000) (764912)
     12     4        (loss due to the next object alignment)
Instance size: 16 bytes
Space losses: 0 bytes internal + 4 bytes external = 4 bytes total

2020-12-08 20:03:16 DEBUG [t2] "Biased":38: com.Dog object internals:
 OFFSET  SIZE   TYPE DESCRIPTION                               VALUE
      0     4        (object header)                           38 ee cf 4e (00111000 11101110 11001111 01001110) (1322249784)
      4     4        (object header)                           d2 00 00 00 (11010010 00000000 00000000 00000000) (210)
      8     4        (object header)                           f0 ab 0b 00 (11110000 10101011 00001011 00000000) (764912)
     12     4        (loss due to the next object alignment)
Instance size: 16 bytes
Space losses: 0 bytes internal + 4 bytes external = 4 bytes total

2020-12-08 20:03:16 DEBUG [t2] "Biased":40: com.Dog object internals:
 OFFSET  SIZE   TYPE DESCRIPTION                               VALUE
      0     4        (object header)                           01 00 00 00 (00000001 00000000 00000000 00000000) (1)
      4     4        (object header)                           00 00 00 00 (00000000 00000000 00000000 00000000) (0)
      8     4        (object header)                           f0 ab 0b 00 (11110000 10101011 00001011 00000000) (764912)
     12     4        (loss due to the next object alignment)
Instance size: 16 bytes
Space losses: 0 bytes internal + 4 bytes external = 4 bytes total

2020-12-14 21:29:00 DEBUG [Thread-2] "people":108: 收信 id2
2020-12-14 21:29:00 DEBUG [Thread-0] "people":108: 收信 id1
2020-12-14 21:29:00 DEBUG [Thread-1] "people":108: 收信 id3
2020-12-14 21:29:01 DEBUG [Thread-3] "postman":122: 送信 id：3,内容：内容：3
2020-12-14 21:29:01 DEBUG [Thread-5] "postman":122: 送信 id：1,内容：内容：1
2020-12-14 21:29:01 DEBUG [Thread-4] "postman":122: 送信 id：2,内容：内容：2
2020-12-14 21:29:05 DEBUG [Thread-2] "people":110: 收到信,id:2,内容:null
2020-12-14 21:29:05 DEBUG [Thread-0] "people":110: 收到信,id:1,内容:null
2020-12-14 21:29:05 DEBUG [Thread-1] "people":110: 收到信,id:3,内容:null
2020-12-14 21:30:02 DEBUG [Thread-2] "people":108: 收信 id:3
2020-12-14 21:30:02 DEBUG [Thread-1] "people":108: 收信 id:2
2020-12-14 21:30:02 DEBUG [Thread-0] "people":108: 收信 id:1
2020-12-14 21:30:03 DEBUG [Thread-3] "postman":122: 送信 id：3,内容：内容3
2020-12-14 21:30:03 DEBUG [Thread-5] "postman":122: 送信 id：1,内容：内容1
2020-12-14 21:30:03 DEBUG [Thread-4] "postman":122: 送信 id：2,内容：内容2
2020-12-14 21:30:07 DEBUG [Thread-1] "people":110: 收到信,id:2,内容:null
2020-12-14 21:30:07 DEBUG [Thread-2] "people":110: 收到信,id:3,内容:null
2020-12-14 21:30:07 DEBUG [Thread-0] "people":110: 收到信,id:1,内容:null
2020-12-14 21:35:28 DEBUG [Thread-1] "people":108: 收信 id:2
2020-12-14 21:35:28 DEBUG [Thread-2] "people":108: 收信 id:3
2020-12-14 21:35:28 DEBUG [Thread-0] "people":108: 收信 id:1
2020-12-14 21:35:29 DEBUG [Thread-4] "postman":122: 送信 id：2,内容：内容2
2020-12-14 21:35:29 DEBUG [Thread-5] "postman":122: 送信 id：1,内容：内容1
2020-12-14 21:35:29 DEBUG [Thread-3] "postman":122: 送信 id：3,内容：内容3
2020-12-14 21:35:33 DEBUG [Thread-1] "people":110: 收到信,id:2,内容:null
2020-12-14 21:35:33 DEBUG [Thread-0] "people":110: 收到信,id:1,内容:null
2020-12-14 21:35:33 DEBUG [Thread-2] "people":110: 收到信,id:3,内容:null
2020-12-14 21:37:06 DEBUG [Thread-2] "people":108: 收信 id:3
2020-12-14 21:37:06 DEBUG [Thread-1] "people":108: 收信 id:2
2020-12-14 21:37:06 DEBUG [Thread-0] "people":108: 收信 id:1
2020-12-14 21:37:07 DEBUG [Thread-3] "postman":122: 送信 id：3,内容：内容3
2020-12-14 21:37:07 DEBUG [Thread-5] "postman":122: 送信 id：1,内容：内容1
2020-12-14 21:37:07 DEBUG [Thread-4] "postman":122: 送信 id：2,内容：内容2
2020-12-14 21:37:07 DEBUG [Thread-0] "people":110: 收到信,id:1,内容:内容1
2020-12-14 21:37:07 DEBUG [Thread-2] "people":110: 收到信,id:3,内容:内容3
2020-12-14 21:37:07 DEBUG [Thread-1] "people":110: 收到信,id:2,内容:内容2
2020-12-14 21:58:24 DEBUG [生产者0] "MessageQueue":56: 已经生产消息
2020-12-14 21:58:24 DEBUG [生产者2] "MessageQueue":47: 队列满了，生产者线程等待
2020-12-14 21:58:24 DEBUG [生产者1] "MessageQueue":56: 已经生产消息
2020-12-14 21:59:56 DEBUG [生产者0] "MessageQueue":56: 已经生产消息
2020-12-14 21:59:56 DEBUG [生产者2] "MessageQueue":56: 已经生产消息
2020-12-14 21:59:56 DEBUG [生产者1] "MessageQueue":47: 队列满了，生产者线程等待
2020-12-14 22:00:55 DEBUG [生产者2] "MessageQueue":47: 队列满了，生产者线程等待
2020-12-14 22:00:55 DEBUG [生产者0] "MessageQueue":56: 已经生产消息Message{id=0, val=值0}
2020-12-14 22:00:55 DEBUG [生产者1] "MessageQueue":56: 已经生产消息Message{id=1, val=值1}
2020-12-14 22:03:26 DEBUG [生产者2] "MessageQueue":48: 队列满了，生产者线程等待
2020-12-14 22:03:26 DEBUG [生产者1] "MessageQueue":57: 已经生产消息Message{id=1, val=值1}
2020-12-14 22:03:26 DEBUG [生产者0] "MessageQueue":57: 已经生产消息Message{id=0, val=值0}
2020-12-14 22:03:27 DEBUG [消费者] "MessageQueue":38: 已经消费消息Message{id=1, val=值1}
2020-12-14 22:06:34 DEBUG [生产者1] "MessageQueue":56: 已经生产消息Message{id=1, val=值1}
2020-12-14 22:06:34 DEBUG [生产者2] "MessageQueue":56: 已经生产消息Message{id=2, val=值2}
2020-12-14 22:06:34 DEBUG [生产者0] "MessageQueue":47: 队列满了，生产者线程等待
2020-12-14 22:06:35 DEBUG [消费者] "MessageQueue":37: 已经消费消息Message{id=1, val=值1}
2020-12-14 22:06:35 DEBUG [生产者0] "MessageQueue":47: 队列满了，生产者线程等待
2020-12-14 22:06:36 DEBUG [消费者] "MessageQueue":37: 已经消费消息Message{id=1, val=值1}
2020-12-14 22:06:36 DEBUG [生产者0] "MessageQueue":47: 队列满了，生产者线程等待
2020-12-14 22:06:37 DEBUG [消费者] "MessageQueue":37: 已经消费消息Message{id=1, val=值1}
2020-12-14 22:06:37 DEBUG [生产者0] "MessageQueue":47: 队列满了，生产者线程等待
2020-12-14 22:06:38 DEBUG [消费者] "MessageQueue":37: 已经消费消息Message{id=1, val=值1}
2020-12-14 22:06:38 DEBUG [生产者0] "MessageQueue":47: 队列满了，生产者线程等待
2020-12-14 22:06:39 DEBUG [消费者] "MessageQueue":37: 已经消费消息Message{id=1, val=值1}
2020-12-14 22:06:39 DEBUG [生产者0] "MessageQueue":47: 队列满了，生产者线程等待
2020-12-14 22:06:40 DEBUG [消费者] "MessageQueue":37: 已经消费消息Message{id=1, val=值1}
2020-12-14 22:06:40 DEBUG [生产者0] "MessageQueue":47: 队列满了，生产者线程等待
2020-12-14 22:06:41 DEBUG [消费者] "MessageQueue":37: 已经消费消息Message{id=1, val=值1}
2020-12-14 22:06:41 DEBUG [生产者0] "MessageQueue":47: 队列满了，生产者线程等待
2020-12-14 22:06:42 DEBUG [消费者] "MessageQueue":37: 已经消费消息Message{id=1, val=值1}
2020-12-14 22:06:42 DEBUG [生产者0] "MessageQueue":47: 队列满了，生产者线程等待
2020-12-14 22:06:43 DEBUG [消费者] "MessageQueue":37: 已经消费消息Message{id=1, val=值1}
2020-12-14 22:06:43 DEBUG [生产者0] "MessageQueue":47: 队列满了，生产者线程等待
2020-12-14 22:06:44 DEBUG [消费者] "MessageQueue":37: 已经消费消息Message{id=1, val=值1}
2020-12-14 22:06:44 DEBUG [生产者0] "MessageQueue":47: 队列满了，生产者线程等待
2020-12-14 22:06:45 DEBUG [消费者] "MessageQueue":37: 已经消费消息Message{id=1, val=值1}
2020-12-14 22:06:45 DEBUG [生产者0] "MessageQueue":47: 队列满了，生产者线程等待
2020-12-14 22:06:46 DEBUG [消费者] "MessageQueue":37: 已经消费消息Message{id=1, val=值1}
2020-12-14 22:06:46 DEBUG [生产者0] "MessageQueue":47: 队列满了，生产者线程等待
2020-12-14 22:06:47 DEBUG [消费者] "MessageQueue":37: 已经消费消息Message{id=1, val=值1}
2020-12-14 22:06:47 DEBUG [生产者0] "MessageQueue":47: 队列满了，生产者线程等待
2020-12-14 22:06:48 DEBUG [消费者] "MessageQueue":37: 已经消费消息Message{id=1, val=值1}
2020-12-14 22:06:48 DEBUG [生产者0] "MessageQueue":47: 队列满了，生产者线程等待
2020-12-14 22:06:49 DEBUG [消费者] "MessageQueue":37: 已经消费消息Message{id=1, val=值1}
2020-12-14 22:06:49 DEBUG [生产者0] "MessageQueue":47: 队列满了，生产者线程等待
2020-12-14 22:06:50 DEBUG [消费者] "MessageQueue":37: 已经消费消息Message{id=1, val=值1}
2020-12-14 22:06:50 DEBUG [生产者0] "MessageQueue":47: 队列满了，生产者线程等待
2020-12-14 22:06:51 DEBUG [消费者] "MessageQueue":37: 已经消费消息Message{id=1, val=值1}
2020-12-14 22:06:51 DEBUG [生产者0] "MessageQueue":47: 队列满了，生产者线程等待
2020-12-14 22:06:52 DEBUG [消费者] "MessageQueue":37: 已经消费消息Message{id=1, val=值1}
2020-12-14 22:06:52 DEBUG [生产者0] "MessageQueue":47: 队列满了，生产者线程等待
2020-12-14 22:06:53 DEBUG [消费者] "MessageQueue":37: 已经消费消息Message{id=1, val=值1}
2020-12-14 22:06:53 DEBUG [生产者0] "MessageQueue":47: 队列满了，生产者线程等待
2020-12-14 22:08:57 DEBUG [生产者2] "MessageQueue":56: 已经生产消息Message{id=2, val=值2}
2020-12-14 22:08:57 DEBUG [生产者1] "MessageQueue":56: 已经生产消息Message{id=1, val=值1}
2020-12-14 22:08:57 DEBUG [生产者0] "MessageQueue":47: 队列满了，生产者线程等待
2020-12-14 22:08:58 DEBUG [消费者] "MessageQueue":37: 已经消费消息Message{id=2, val=值2}
2020-12-14 22:08:58 DEBUG [生产者0] "MessageQueue":56: 已经生产消息Message{id=0, val=值0}
2020-12-14 22:08:59 DEBUG [消费者] "MessageQueue":37: 已经消费消息Message{id=1, val=值1}
2020-12-14 22:09:00 DEBUG [消费者] "MessageQueue":37: 已经消费消息Message{id=0, val=值0}
2020-12-14 22:09:01 DEBUG [消费者] "MessageQueue":30: 队列为空，消费者线程等待
2020-12-18 16:52:27 DEBUG [亚里士多德] "Philosopher":33: use3,4eating...
2020-12-18 16:52:27 DEBUG [苏格拉底] "Philosopher":33: use1,2eating...
2020-12-18 16:52:28 DEBUG [亚里士多德] "Philosopher":33: use3,4eating...
2020-12-18 16:52:28 DEBUG [苏格拉底] "Philosopher":33: use1,2eating...
2020-12-18 16:52:29 DEBUG [亚里士多德] "Philosopher":33: use3,4eating...
2020-12-18 16:52:29 DEBUG [苏格拉底] "Philosopher":33: use1,2eating...
2020-12-18 16:52:30 DEBUG [亚里士多德] "Philosopher":33: use3,4eating...
2020-12-18 16:52:30 DEBUG [苏格拉底] "Philosopher":33: use1,2eating...
2020-12-18 16:52:31 DEBUG [亚里士多德] "Philosopher":33: use3,4eating...
2020-12-18 16:52:31 DEBUG [苏格拉底] "Philosopher":33: use1,2eating...
2020-12-18 16:52:32 DEBUG [亚里士多德] "Philosopher":33: use3,4eating...
2020-12-18 16:52:32 DEBUG [苏格拉底] "Philosopher":33: use1,2eating...
2020-12-18 16:52:33 DEBUG [亚里士多德] "Philosopher":33: use3,4eating...
2020-12-18 16:52:33 DEBUG [苏格拉底] "Philosopher":33: use1,2eating...
2020-12-18 16:52:34 DEBUG [亚里士多德] "Philosopher":33: use3,4eating...
2020-12-18 16:52:34 DEBUG [苏格拉底] "Philosopher":33: use1,2eating...
2020-12-18 16:52:35 DEBUG [亚里士多德] "Philosopher":33: use3,4eating...
2020-12-18 16:52:35 DEBUG [苏格拉底] "Philosopher":33: use1,2eating...
2020-12-18 16:52:36 DEBUG [亚里士多德] "Philosopher":33: use3,4eating...
2020-12-18 16:52:36 DEBUG [苏格拉底] "Philosopher":33: use1,2eating...
2020-12-18 16:52:37 DEBUG [亚里士多德] "Philosopher":33: use3,4eating...
2020-12-18 16:52:37 DEBUG [苏格拉底] "Philosopher":33: use1,2eating...
2020-12-18 16:52:38 DEBUG [亚里士多德] "Philosopher":33: use3,4eating...
2020-12-18 16:52:38 DEBUG [苏格拉底] "Philosopher":33: use1,2eating...
2020-12-18 16:52:39 DEBUG [亚里士多德] "Philosopher":33: use3,4eating...
2020-12-18 16:52:39 DEBUG [苏格拉底] "Philosopher":33: use1,2eating...
2020-12-18 16:52:40 DEBUG [亚里士多德] "Philosopher":33: use3,4eating...
2020-12-18 16:52:40 DEBUG [苏格拉底] "Philosopher":33: use1,2eating...
2020-12-18 16:52:41 DEBUG [亚里士多德] "Philosopher":33: use3,4eating...
2020-12-18 16:52:41 DEBUG [苏格拉底] "Philosopher":33: use1,2eating...
2020-12-18 16:52:42 DEBUG [亚里士多德] "Philosopher":33: use3,4eating...
2020-12-18 16:52:42 DEBUG [苏格拉底] "Philosopher":33: use1,2eating...
2020-12-18 16:52:43 DEBUG [亚里士多德] "Philosopher":33: use3,4eating...
2020-12-18 16:52:43 DEBUG [苏格拉底] "Philosopher":33: use1,2eating...
2020-12-18 16:52:44 DEBUG [亚里士多德] "Philosopher":33: use3,4eating...
2020-12-18 16:52:44 DEBUG [苏格拉底] "Philosopher":33: use1,2eating...
2020-12-18 16:52:45 DEBUG [亚里士多德] "Philosopher":33: use3,4eating...
2020-12-18 16:52:45 DEBUG [苏格拉底] "Philosopher":33: use1,2eating...
2020-12-18 16:52:46 DEBUG [亚里士多德] "Philosopher":33: use3,4eating...
2020-12-18 16:52:46 DEBUG [苏格拉底] "Philosopher":33: use1,2eating...
2020-12-18 16:52:47 DEBUG [亚里士多德] "Philosopher":33: use3,4eating...
2020-12-18 16:52:47 DEBUG [苏格拉底] "Philosopher":33: use1,2eating...
2020-12-18 16:52:48 DEBUG [亚里士多德] "Philosopher":33: use3,4eating...
2020-12-18 16:52:48 DEBUG [苏格拉底] "Philosopher":33: use1,2eating...
2020-12-18 16:52:49 DEBUG [亚里士多德] "Philosopher":33: use3,4eating...
2020-12-18 16:52:49 DEBUG [苏格拉底] "Philosopher":33: use1,2eating...
2020-12-18 16:52:50 DEBUG [亚里士多德] "Philosopher":33: use3,4eating...
2020-12-18 16:52:50 DEBUG [苏格拉底] "Philosopher":33: use1,2eating...
2020-12-18 16:52:51 DEBUG [亚里士多德] "Philosopher":33: use3,4eating...
2020-12-18 16:52:51 DEBUG [苏格拉底] "Philosopher":33: use1,2eating...
2020-12-18 16:52:52 DEBUG [亚里士多德] "Philosopher":33: use3,4eating...
2020-12-18 16:52:52 DEBUG [苏格拉底] "Philosopher":33: use1,2eating...
2020-12-18 16:52:53 DEBUG [亚里士多德] "Philosopher":33: use3,4eating...
2020-12-18 16:52:53 DEBUG [苏格拉底] "Philosopher":33: use1,2eating...
2020-12-18 16:52:54 DEBUG [亚里士多德] "Philosopher":33: use3,4eating...
2020-12-18 16:52:54 DEBUG [苏格拉底] "Philosopher":33: use1,2eating...
2020-12-18 16:52:55 DEBUG [亚里士多德] "Philosopher":33: use3,4eating...
2020-12-18 16:52:55 DEBUG [苏格拉底] "Philosopher":33: use1,2eating...
2020-12-18 16:52:56 DEBUG [亚里士多德] "Philosopher":33: use3,4eating...
2020-12-18 16:52:56 DEBUG [苏格拉底] "Philosopher":33: use1,2eating...
2020-12-18 16:52:57 DEBUG [亚里士多德] "Philosopher":33: use3,4eating...
2020-12-18 16:52:57 DEBUG [苏格拉底] "Philosopher":33: use1,2eating...
2020-12-18 16:52:58 DEBUG [亚里士多德] "Philosopher":33: use3,4eating...
2020-12-18 16:52:58 DEBUG [苏格拉底] "Philosopher":33: use1,2eating...
2020-12-18 16:52:59 DEBUG [亚里士多德] "Philosopher":33: use3,4eating...
2020-12-18 16:52:59 DEBUG [苏格拉底] "Philosopher":33: use1,2eating...
2020-12-18 16:53:00 DEBUG [亚里士多德] "Philosopher":33: use3,4eating...
2020-12-18 16:53:00 DEBUG [苏格拉底] "Philosopher":33: use1,2eating...
2020-12-18 16:53:01 DEBUG [亚里士多德] "Philosopher":33: use3,4eating...
2020-12-18 16:53:01 DEBUG [苏格拉底] "Philosopher":33: use1,2eating...
2020-12-18 16:53:02 DEBUG [亚里士多德] "Philosopher":33: use3,4eating...
2020-12-18 16:53:02 DEBUG [苏格拉底] "Philosopher":33: use1,2eating...
2020-12-18 16:53:03 DEBUG [亚里士多德] "Philosopher":33: use3,4eating...
2020-12-18 16:53:03 DEBUG [苏格拉底] "Philosopher":33: use1,2eating...
2020-12-18 16:53:04 DEBUG [亚里士多德] "Philosopher":33: use3,4eating...
2020-12-18 16:53:04 DEBUG [苏格拉底] "Philosopher":33: use1,2eating...
2020-12-18 16:53:24 DEBUG [苏格拉底] "Philosopher":33: use1,2 eating...
2020-12-18 16:53:25 DEBUG [苏格拉底] "Philosopher":33: use1,2 eating...
2020-12-18 16:53:26 DEBUG [苏格拉底] "Philosopher":33: use1,2 eating...
2020-12-18 16:53:27 DEBUG [苏格拉底] "Philosopher":33: use1,2 eating...
2020-12-18 16:53:28 DEBUG [苏格拉底] "Philosopher":33: use1,2 eating...
2020-12-18 16:53:29 DEBUG [苏格拉底] "Philosopher":33: use1,2 eating...
2020-12-18 16:53:30 DEBUG [苏格拉底] "Philosopher":33: use1,2 eating...
2020-12-18 16:53:31 DEBUG [苏格拉底] "Philosopher":33: use1,2 eating...
2020-12-18 16:53:32 DEBUG [苏格拉底] "Philosopher":33: use1,2 eating...
2020-12-18 16:53:33 DEBUG [苏格拉底] "Philosopher":33: use1,2 eating...
2020-12-18 16:53:34 DEBUG [苏格拉底] "Philosopher":33: use1,2 eating...
2020-12-18 16:53:35 DEBUG [苏格拉底] "Philosopher":33: use1,2 eating...
2020-12-18 16:53:36 DEBUG [苏格拉底] "Philosopher":33: use1,2 eating...
2020-12-18 16:53:37 DEBUG [苏格拉底] "Philosopher":33: use1,2 eating...
2020-12-18 16:53:38 DEBUG [苏格拉底] "Philosopher":33: use1,2 eating...
2020-12-18 16:53:39 DEBUG [苏格拉底] "Philosopher":33: use1,2 eating...
2020-12-18 16:53:40 DEBUG [苏格拉底] "Philosopher":33: use1,2 eating...
2020-12-18 16:53:41 DEBUG [苏格拉底] "Philosopher":33: use1,2 eating...
2020-12-18 16:53:42 DEBUG [苏格拉底] "Philosopher":33: use1,2 eating...
2020-12-18 16:53:43 DEBUG [苏格拉底] "Philosopher":33: use1,2 eating...
2020-12-18 16:53:44 DEBUG [苏格拉底] "Philosopher":33: use1,2 eating...
2020-12-18 16:53:45 DEBUG [苏格拉底] "Philosopher":33: use1,2 eating...
2020-12-18 16:53:46 DEBUG [苏格拉底] "Philosopher":33: use1,2 eating...
2020-12-18 16:53:47 DEBUG [苏格拉底] "Philosopher":33: use1,2 eating...
2020-12-18 16:53:48 DEBUG [苏格拉底] "Philosopher":33: use1,2 eating...
2020-12-18 16:53:49 DEBUG [苏格拉底] "Philosopher":33: use1,2 eating...
2020-12-18 16:53:50 DEBUG [苏格拉底] "Philosopher":33: use1,2 eating...
2020-12-18 16:53:51 DEBUG [苏格拉底] "Philosopher":33: use1,2 eating...
2020-12-19 16:28:15 DEBUG [亚里士多德] "Philosopher":33: use3,4 eating...
2020-12-19 16:28:15 DEBUG [苏格拉底] "Philosopher":33: use1,2 eating...
2020-12-19 16:28:16 DEBUG [阿基米德] "Philosopher":33: use5,1 eating...
2020-12-19 16:28:17 DEBUG [阿基米德] "Philosopher":33: use5,1 eating...
2020-12-19 16:28:18 DEBUG [阿基米德] "Philosopher":33: use5,1 eating...
2020-12-19 16:28:19 DEBUG [阿基米德] "Philosopher":33: use5,1 eating...
2020-12-19 16:28:20 DEBUG [阿基米德] "Philosopher":33: use5,1 eating...
2020-12-19 16:28:21 DEBUG [阿基米德] "Philosopher":33: use5,1 eating...
2020-12-19 16:28:22 DEBUG [阿基米德] "Philosopher":33: use5,1 eating...
2020-12-19 16:28:23 DEBUG [阿基米德] "Philosopher":33: use5,1 eating...
2020-12-19 16:28:24 DEBUG [阿基米德] "Philosopher":33: use5,1 eating...
2020-12-19 16:28:25 DEBUG [阿基米德] "Philosopher":33: use5,1 eating...
2020-12-19 16:28:26 DEBUG [阿基米德] "Philosopher":33: use5,1 eating...
2020-12-19 16:28:27 DEBUG [阿基米德] "Philosopher":33: use5,1 eating...
2020-12-19 16:28:28 DEBUG [阿基米德] "Philosopher":33: use5,1 eating...
2020-12-19 16:28:29 DEBUG [阿基米德] "Philosopher":33: use5,1 eating...
2020-12-19 16:28:30 DEBUG [阿基米德] "Philosopher":33: use5,1 eating...
2020-12-19 16:28:31 DEBUG [阿基米德] "Philosopher":33: use5,1 eating...
2020-12-19 16:28:32 DEBUG [阿基米德] "Philosopher":33: use5,1 eating...
2020-12-19 16:28:33 DEBUG [阿基米德] "Philosopher":33: use5,1 eating...
2020-12-19 16:28:34 DEBUG [阿基米德] "Philosopher":33: use5,1 eating...
2020-12-19 16:28:35 DEBUG [阿基米德] "Philosopher":33: use5,1 eating...
2020-12-19 16:28:36 DEBUG [阿基米德] "Philosopher":33: use5,1 eating...
2020-12-19 16:28:37 DEBUG [阿基米德] "Philosopher":33: use5,1 eating...
2020-12-19 16:28:38 DEBUG [阿基米德] "Philosopher":33: use5,1 eating...
2020-12-19 16:28:39 DEBUG [阿基米德] "Philosopher":33: use5,1 eating...
2020-12-19 16:28:46 DEBUG [苏格拉底] "SolvePhilosopher":43: use1,2 eating...
2020-12-19 16:28:46 DEBUG [亚里士多德] "SolvePhilosopher":43: use3,4 eating...
2020-12-19 16:28:47 DEBUG [阿基米德] "SolvePhilosopher":43: use5,1 eating...
2020-12-19 16:28:47 DEBUG [柏拉图] "SolvePhilosopher":43: use2,3 eating...
2020-12-19 16:28:48 DEBUG [赫拉克利特] "SolvePhilosopher":43: use4,5 eating...
2020-12-19 16:28:48 DEBUG [苏格拉底] "SolvePhilosopher":43: use1,2 eating...
2020-12-19 16:28:49 DEBUG [亚里士多德] "SolvePhilosopher":43: use3,4 eating...
2020-12-19 16:28:49 DEBUG [苏格拉底] "SolvePhilosopher":43: use1,2 eating...
2020-12-19 16:28:50 DEBUG [亚里士多德] "SolvePhilosopher":43: use3,4 eating...
2020-12-19 16:28:50 DEBUG [苏格拉底] "SolvePhilosopher":43: use1,2 eating...
2020-12-19 16:28:51 DEBUG [赫拉克利特] "SolvePhilosopher":43: use4,5 eating...
2020-12-19 16:28:51 DEBUG [柏拉图] "SolvePhilosopher":43: use2,3 eating...
2020-12-19 16:28:52 DEBUG [赫拉克利特] "SolvePhilosopher":43: use4,5 eating...
2020-12-19 16:28:52 DEBUG [苏格拉底] "SolvePhilosopher":43: use1,2 eating...
2020-12-19 16:28:53 DEBUG [赫拉克利特] "SolvePhilosopher":43: use4,5 eating...
2020-12-19 16:28:53 DEBUG [苏格拉底] "SolvePhilosopher":43: use1,2 eating...
2020-12-19 16:28:54 DEBUG [赫拉克利特] "SolvePhilosopher":43: use4,5 eating...
2020-12-19 16:28:54 DEBUG [苏格拉底] "SolvePhilosopher":43: use1,2 eating...
2020-12-19 16:28:55 DEBUG [亚里士多德] "SolvePhilosopher":43: use3,4 eating...
2020-12-19 16:28:55 DEBUG [苏格拉底] "SolvePhilosopher":43: use1,2 eating...
2020-12-19 16:28:56 DEBUG [亚里士多德] "SolvePhilosopher":43: use3,4 eating...
2020-12-19 16:28:56 DEBUG [阿基米德] "SolvePhilosopher":43: use5,1 eating...
2020-12-19 16:28:57 DEBUG [亚里士多德] "SolvePhilosopher":43: use3,4 eating...
2020-12-19 16:28:57 DEBUG [阿基米德] "SolvePhilosopher":43: use5,1 eating...
2020-12-19 16:28:58 DEBUG [亚里士多德] "SolvePhilosopher":43: use3,4 eating...
2020-12-19 16:28:58 DEBUG [阿基米德] "SolvePhilosopher":43: use5,1 eating...
2020-12-19 16:28:59 DEBUG [亚里士多德] "SolvePhilosopher":43: use3,4 eating...
2020-12-19 16:28:59 DEBUG [阿基米德] "SolvePhilosopher":43: use5,1 eating...
2020-12-19 16:29:00 DEBUG [亚里士多德] "SolvePhilosopher":43: use3,4 eating...
2020-12-19 16:29:00 DEBUG [阿基米德] "SolvePhilosopher":43: use5,1 eating...
2020-12-19 16:29:01 DEBUG [柏拉图] "SolvePhilosopher":43: use2,3 eating...
2020-12-19 16:29:01 DEBUG [赫拉克利特] "SolvePhilosopher":43: use4,5 eating...
2020-12-19 16:29:02 DEBUG [柏拉图] "SolvePhilosopher":43: use2,3 eating...
2020-12-19 16:29:02 DEBUG [赫拉克利特] "SolvePhilosopher":43: use4,5 eating...
2020-12-19 16:29:03 DEBUG [柏拉图] "SolvePhilosopher":43: use2,3 eating...
2020-12-19 16:29:03 DEBUG [阿基米德] "SolvePhilosopher":43: use5,1 eating...
2020-12-19 16:29:04 DEBUG [亚里士多德] "SolvePhilosopher":43: use3,4 eating...
2020-12-19 16:29:04 DEBUG [阿基米德] "SolvePhilosopher":43: use5,1 eating...
2020-12-19 16:29:05 DEBUG [柏拉图] "SolvePhilosopher":43: use2,3 eating...
2020-12-19 16:29:05 DEBUG [阿基米德] "SolvePhilosopher":43: use5,1 eating...
2020-12-19 16:29:06 DEBUG [柏拉图] "SolvePhilosopher":43: use2,3 eating...
2020-12-19 16:29:06 DEBUG [阿基米德] "SolvePhilosopher":43: use5,1 eating...
2020-12-19 20:58:09 DEBUG [t1] "TestVolatile":15: 13
2020-12-19 20:58:09 DEBUG [t1] "TestVolatile":15: 13
2020-12-19 20:58:09 DEBUG [t1] "TestVolatile":15: 13
2020-12-19 20:58:09 DEBUG [t1] "TestVolatile":15: 13
2020-12-19 20:58:09 DEBUG [t1] "TestVolatile":15: 13
2020-12-19 20:58:09 DEBUG [t1] "TestVolatile":15: 13
2020-12-19 20:58:09 DEBUG [t1] "TestVolatile":15: 13
2020-12-19 20:58:09 DEBUG [t1] "TestVolatile":15: 13
2020-12-19 20:58:09 DEBUG [t1] "TestVolatile":15: 13
2020-12-19 20:58:09 DEBUG [t1] "TestVolatile":15: 13
2020-12-19 20:58:09 DEBUG [t1] "TestVolatile":15: 13
2020-12-19 20:58:09 DEBUG [t1] "TestVolatile":15: 13
2020-12-19 20:58:09 DEBUG [t1] "TestVolatile":15: 13
2020-12-19 20:58:09 DEBUG [t1] "TestVolatile":15: 13
2020-12-19 20:58:09 DEBUG [t1] "TestVolatile":15: 13
2020-12-19 20:58:09 DEBUG [t1] "TestVolatile":15: 13
2020-12-19 20:58:09 DEBUG [t1] "TestVolatile":15: 13
2020-12-19 20:58:09 DEBUG [t1] "TestVolatile":15: 13
2020-12-19 20:58:09 DEBUG [t1] "TestVolatile":15: 13
2020-12-19 20:58:09 DEBUG [t1] "TestVolatile":15: 13
2020-12-19 20:58:09 DEBUG [t1] "TestVolatile":15: 13
2020-12-19 20:58:09 DEBUG [t1] "TestVolatile":15: 13
2020-12-19 20:58:09 DEBUG [t1] "TestVolatile":15: 13
2020-12-19 20:58:09 DEBUG [t1] "TestVolatile":15: 13
2020-12-19 20:58:09 DEBUG [t1] "TestVolatile":15: 13
2020-12-19 20:58:09 DEBUG [t1] "TestVolatile":15: 13
2020-12-19 20:58:09 DEBUG [t1] "TestVolatile":15: 13
2020-12-19 20:58:09 DEBUG [t1] "TestVolatile":15: 13
2020-12-19 20:58:09 DEBUG [t1] "TestVolatile":15: 13
2020-12-19 20:58:09 DEBUG [t1] "TestVolatile":15: 13
2020-12-19 20:58:09 DEBUG [t1] "TestVolatile":15: 13
2020-12-19 20:58:09 DEBUG [t1] "TestVolatile":15: 13
2020-12-19 20:58:09 DEBUG [t1] "TestVolatile":15: 13
2020-12-19 20:58:09 DEBUG [t1] "TestVolatile":15: 13
2020-12-19 20:58:09 DEBUG [t1] "TestVolatile":15: 13
2020-12-19 20:58:09 DEBUG [t1] "TestVolatile":15: 13
2020-12-19 20:58:09 DEBUG [t1] "TestVolatile":15: 13
2020-12-19 20:58:09 DEBUG [t1] "TestVolatile":15: 13
2020-12-19 20:58:09 DEBUG [t1] "TestVolatile":15: 13
2020-12-19 20:58:09 DEBUG [t1] "TestVolatile":15: 13
2020-12-19 20:58:09 DEBUG [t1] "TestVolatile":15: 13
2020-12-19 20:58:09 DEBUG [t1] "TestVolatile":15: 13
2020-12-19 20:58:09 DEBUG [t1] "TestVolatile":15: 13
2020-12-19 20:58:09 DEBUG [t1] "TestVolatile":15: 13
2020-12-19 20:58:09 DEBUG [t1] "TestVolatile":15: 13
2020-12-19 20:58:09 DEBUG [t1] "TestVolatile":15: 13
2020-12-19 20:58:09 DEBUG [t1] "TestVolatile":15: 13
2020-12-19 20:58:09 DEBUG [t1] "TestVolatile":15: 13
2020-12-19 20:58:09 DEBUG [t1] "TestVolatile":15: 13
2020-12-19 20:58:09 DEBUG [t1] "TestVolatile":15: 13
2020-12-19 20:58:09 DEBUG [t1] "TestVolatile":15: 13
2020-12-19 20:58:09 DEBUG [t1] "TestVolatile":15: 13
2020-12-19 20:58:09 DEBUG [t1] "TestVolatile":15: 13
2020-12-19 20:58:09 DEBUG [t1] "TestVolatile":15: 13
2020-12-19 20:58:09 DEBUG [t1] "TestVolatile":15: 13
2020-12-19 20:58:09 DEBUG [t1] "TestVolatile":15: 13
2020-12-19 20:58:09 DEBUG [t1] "TestVolatile":15: 13
2020-12-19 20:58:09 DEBUG [t1] "TestVolatile":15: 13
2020-12-19 20:58:09 DEBUG [t1] "TestVolatile":15: 13
2020-12-19 20:58:09 DEBUG [t1] "TestVolatile":15: 13
2020-12-19 20:58:09 DEBUG [t1] "TestVolatile":15: 13
2020-12-19 20:58:09 DEBUG [t1] "TestVolatile":15: 13
2020-12-19 20:58:09 DEBUG [t1] "TestVolatile":15: 13
2020-12-19 20:58:09 DEBUG [t1] "TestVolatile":15: 13
2020-12-19 20:58:09 DEBUG [t1] "TestVolatile":15: 13
2020-12-19 20:58:09 DEBUG [t1] "TestVolatile":15: 13
2020-12-19 20:58:09 DEBUG [t1] "TestVolatile":15: 13
2020-12-19 20:58:09 DEBUG [t1] "TestVolatile":15: 13
2020-12-19 20:58:09 DEBUG [t1] "TestVolatile":15: 13
2020-12-19 20:58:09 DEBUG [t1] "TestVolatile":15: 13
2020-12-19 20:58:09 DEBUG [t1] "TestVolatile":15: 13
2020-12-19 20:58:09 DEBUG [t1] "TestVolatile":15: 13
2020-12-19 20:58:09 DEBUG [t1] "TestVolatile":15: 13
2020-12-19 20:58:09 DEBUG [t1] "TestVolatile":15: 13
2020-12-19 20:58:09 DEBUG [t1] "TestVolatile":15: 13
2020-12-19 20:58:09 DEBUG [t1] "TestVolatile":15: 13
2020-12-19 20:58:09 DEBUG [t1] "TestVolatile":15: 13
2020-12-19 20:58:09 DEBUG [t1] "TestVolatile":15: 13
2020-12-19 20:58:09 DEBUG [t1] "TestVolatile":15: 13
2020-12-19 20:58:09 DEBUG [t1] "TestVolatile":15: 13
2020-12-19 20:58:09 DEBUG [t1] "TestVolatile":15: 13
2020-12-19 20:58:09 DEBUG [t1] "TestVolatile":15: 13
2020-12-19 20:58:09 DEBUG [t1] "TestVolatile":15: 13
2020-12-19 20:58:09 DEBUG [t1] "TestVolatile":15: 13
2020-12-19 20:58:09 DEBUG [t1] "TestVolatile":15: 13
2020-12-19 20:58:09 DEBUG [t1] "TestVolatile":15: 13
2020-12-19 20:58:09 DEBUG [t1] "TestVolatile":15: 13
2020-12-19 20:58:09 DEBUG [t1] "TestVolatile":15: 13
2020-12-19 20:58:09 DEBUG [t1] "TestVolatile":15: 13
2020-12-19 20:58:09 DEBUG [t1] "TestVolatile":15: 13
2020-12-19 20:58:09 DEBUG [t1] "TestVolatile":15: 13
2020-12-19 20:58:09 DEBUG [t1] "TestVolatile":15: 13
2020-12-19 20:58:09 DEBUG [t1] "TestVolatile":15: 13
2020-12-19 20:58:09 DEBUG [t1] "TestVolatile":15: 13
2020-12-19 20:58:09 DEBUG [t1] "TestVolatile":15: 13
2020-12-19 20:58:09 DEBUG [t1] "TestVolatile":15: 13
2020-12-19 20:58:09 DEBUG [t1] "TestVolatile":15: 13
2020-12-19 20:58:09 DEBUG [t1] "TestVolatile":15: 13
2020-12-19 20:58:09 DEBUG [t1] "TestVolatile":15: 13
2020-12-19 20:58:09 DEBUG [t1] "TestVolatile":15: 13
2020-12-19 20:58:09 DEBUG [t1] "TestVolatile":15: 13
2020-12-19 20:58:09 DEBUG [t1] "TestVolatile":15: 13
2020-12-19 20:58:09 DEBUG [t1] "TestVolatile":15: 13
2020-12-19 20:58:09 DEBUG [t1] "TestVolatile":15: 13
2020-12-19 20:58:09 DEBUG [t1] "TestVolatile":15: 13
2020-12-19 20:58:09 DEBUG [t1] "TestVolatile":15: 13
2020-12-19 20:58:09 DEBUG [t1] "TestVolatile":15: 13
2020-12-19 20:58:09 DEBUG [t1] "TestVolatile":15: 13
2020-12-19 20:58:09 DEBUG [t1] "TestVolatile":15: 13
2020-12-19 20:58:09 DEBUG [t1] "TestVolatile":15: 13
2020-12-19 20:58:09 DEBUG [t1] "TestVolatile":15: 13
2020-12-19 20:58:09 DEBUG [t1] "TestVolatile":15: 13
2020-12-19 20:58:09 DEBUG [t1] "TestVolatile":15: 13
2020-12-19 20:58:09 DEBUG [t1] "TestVolatile":15: 13
2020-12-19 20:58:09 DEBUG [t1] "TestVolatile":15: 13
2020-12-19 20:58:09 DEBUG [t1] "TestVolatile":15: 13
2020-12-19 20:58:09 DEBUG [t1] "TestVolatile":15: 13
2020-12-19 20:58:09 DEBUG [t1] "TestVolatile":15: 13
2020-12-19 20:58:09 DEBUG [t1] "TestVolatile":15: 13
2020-12-19 20:58:09 DEBUG [t1] "TestVolatile":15: 13
2020-12-19 20:58:09 DEBUG [t1] "TestVolatile":15: 13
2020-12-19 20:58:09 DEBUG [t1] "TestVolatile":15: 13
2020-12-19 20:58:09 DEBUG [t1] "TestVolatile":15: 13
2020-12-19 20:58:09 DEBUG [t1] "TestVolatile":15: 13
2020-12-19 20:58:09 DEBUG [t1] "TestVolatile":15: 13
2020-12-19 20:58:09 DEBUG [t1] "TestVolatile":15: 13
2020-12-19 20:58:09 DEBUG [t1] "TestVolatile":15: 13
2020-12-19 20:58:09 DEBUG [t1] "TestVolatile":15: 13
2020-12-19 20:58:09 DEBUG [t1] "TestVolatile":15: 13
2020-12-19 20:58:09 DEBUG [t1] "TestVolatile":15: 13
2020-12-19 20:58:09 DEBUG [t1] "TestVolatile":15: 13
2020-12-19 20:58:09 DEBUG [t1] "TestVolatile":15: 13
2020-12-19 20:58:09 DEBUG [t1] "TestVolatile":15: 13
2020-12-19 20:58:09 DEBUG [t1] "TestVolatile":15: 13
2020-12-19 20:58:09 DEBUG [t1] "TestVolatile":15: 13
2020-12-19 20:58:09 DEBUG [t1] "TestVolatile":15: 13
2020-12-19 20:58:09 DEBUG [t1] "TestVolatile":15: 13
2020-12-19 20:58:09 DEBUG [t1] "TestVolatile":15: 13
2020-12-19 20:58:09 DEBUG [t1] "TestVolatile":15: 13
2020-12-19 20:58:09 DEBUG [t1] "TestVolatile":15: 13
2020-12-19 20:58:09 DEBUG [t1] "TestVolatile":15: 13
2020-12-19 20:58:09 DEBUG [t1] "TestVolatile":15: 13
2020-12-19 20:58:09 DEBUG [t1] "TestVolatile":15: 13
2020-12-19 20:58:09 DEBUG [t1] "TestVolatile":15: 13
2020-12-19 20:58:09 DEBUG [t1] "TestVolatile":15: 13
2020-12-19 20:58:09 DEBUG [t1] "TestVolatile":15: 13
2020-12-19 20:58:09 DEBUG [t1] "TestVolatile":15: 13
2020-12-19 20:58:09 DEBUG [t1] "TestVolatile":15: 13
2020-12-19 20:58:09 DEBUG [t1] "TestVolatile":15: 13
2020-12-19 20:58:09 DEBUG [t1] "TestVolatile":15: 13
2020-12-19 20:58:09 DEBUG [t1] "TestVolatile":15: 13
2020-12-19 20:58:09 DEBUG [t1] "TestVolatile":15: 13
2020-12-19 20:58:09 DEBUG [t1] "TestVolatile":15: 13
2020-12-19 20:58:09 DEBUG [t1] "TestVolatile":15: 13
2020-12-19 20:58:09 DEBUG [t1] "TestVolatile":15: 13
2020-12-19 20:58:09 DEBUG [t1] "TestVolatile":15: 13
2020-12-19 20:58:09 DEBUG [t1] "TestVolatile":15: 13
2020-12-19 20:58:09 DEBUG [t1] "TestVolatile":15: 13
2020-12-19 20:58:09 DEBUG [t1] "TestVolatile":15: 13
2020-12-19 20:58:09 DEBUG [t1] "TestVolatile":15: 13
2020-12-19 20:58:09 DEBUG [t1] "TestVolatile":15: 13
2020-12-19 20:58:09 DEBUG [t1] "TestVolatile":15: 13
2020-12-19 20:58:09 DEBUG [t1] "TestVolatile":15: 13
2020-12-19 20:58:09 DEBUG [t1] "TestVolatile":15: 13
2020-12-19 20:58:09 DEBUG [t1] "TestVolatile":15: 13
2020-12-19 20:58:09 DEBUG [t1] "TestVolatile":15: 13
2020-12-19 20:58:09 DEBUG [t1] "TestVolatile":15: 13
2020-12-19 20:58:09 DEBUG [t1] "TestVolatile":15: 13
2020-12-19 20:58:09 DEBUG [t1] "TestVolatile":15: 13
2020-12-19 20:58:09 DEBUG [t1] "TestVolatile":15: 13
2020-12-19 20:58:09 DEBUG [t1] "TestVolatile":15: 13
2020-12-19 20:58:09 DEBUG [t1] "TestVolatile":15: 13
2020-12-19 20:58:09 DEBUG [t1] "TestVolatile":15: 13
2020-12-19 20:58:09 DEBUG [t1] "TestVolatile":15: 13
2020-12-19 20:58:09 DEBUG [t1] "TestVolatile":15: 13
2020-12-19 20:58:09 DEBUG [t1] "TestVolatile":15: 13
2020-12-19 20:58:09 DEBUG [t1] "TestVolatile":15: 13
2020-12-19 20:58:09 DEBUG [t1] "TestVolatile":15: 13
2020-12-19 20:58:09 DEBUG [t1] "TestVolatile":15: 13
2020-12-19 20:58:09 DEBUG [t1] "TestVolatile":15: 13
2020-12-19 20:58:09 DEBUG [t1] "TestVolatile":15: 13
2020-12-19 20:58:09 DEBUG [t1] "TestVolatile":15: 13
2020-12-19 20:58:09 DEBUG [t1] "TestVolatile":15: 13
2020-12-19 20:58:09 DEBUG [t1] "TestVolatile":15: 13
2020-12-19 20:58:09 DEBUG [t1] "TestVolatile":15: 13
2020-12-19 20:58:09 DEBUG [t1] "TestVolatile":15: 13
2020-12-19 20:58:09 DEBUG [t1] "TestVolatile":15: 13
2020-12-19 20:58:09 DEBUG [t1] "TestVolatile":15: 13
2020-12-19 20:58:09 DEBUG [t1] "TestVolatile":15: 13
2020-12-19 20:58:09 DEBUG [t1] "TestVolatile":15: 13
2020-12-19 20:58:09 DEBUG [t1] "TestVolatile":15: 13
2020-12-19 20:58:09 DEBUG [t1] "TestVolatile":15: 13
2020-12-19 20:58:09 DEBUG [t1] "TestVolatile":15: 13
2020-12-19 20:58:09 DEBUG [t1] "TestVolatile":15: 13
2020-12-19 20:58:09 DEBUG [t1] "TestVolatile":15: 13
2020-12-19 20:58:09 DEBUG [t1] "TestVolatile":15: 13
2020-12-19 20:58:09 DEBUG [t1] "TestVolatile":15: 13
2020-12-19 20:58:09 DEBUG [t1] "TestVolatile":15: 13
2020-12-19 20:58:09 DEBUG [t1] "TestVolatile":15: 13
2020-12-19 20:58:09 DEBUG [t1] "TestVolatile":15: 13
2020-12-19 20:58:09 DEBUG [t1] "TestVolatile":15: 13
2020-12-19 20:58:09 DEBUG [t1] "TestVolatile":15: 13
2020-12-19 20:58:09 DEBUG [t1] "TestVolatile":15: 13
2020-12-19 20:58:09 DEBUG [t1] "TestVolatile":15: 13
2020-12-19 20:58:09 DEBUG [t1] "TestVolatile":15: 13
2020-12-19 20:58:09 DEBUG [t1] "TestVolatile":15: 13
2020-12-19 20:58:09 DEBUG [t1] "TestVolatile":15: 13
2020-12-19 20:58:09 DEBUG [t1] "TestVolatile":15: 13
2020-12-19 20:58:09 DEBUG [t1] "TestVolatile":15: 13
2020-12-19 20:58:09 DEBUG [t1] "TestVolatile":15: 13
2020-12-19 20:58:09 DEBUG [t1] "TestVolatile":15: 13
2020-12-19 20:58:09 DEBUG [t1] "TestVolatile":15: 13
2020-12-19 20:58:09 DEBUG [t1] "TestVolatile":15: 13
2020-12-19 20:58:09 DEBUG [t1] "TestVolatile":15: 13
2020-12-19 20:58:09 DEBUG [t1] "TestVolatile":15: 13
2020-12-19 20:58:09 DEBUG [t1] "TestVolatile":15: 13
2020-12-19 20:58:09 DEBUG [t1] "TestVolatile":15: 13
2020-12-19 20:58:09 DEBUG [t1] "TestVolatile":15: 13
2020-12-19 20:58:09 DEBUG [t1] "TestVolatile":15: 13
2020-12-19 20:58:09 DEBUG [t1] "TestVolatile":15: 13
2020-12-19 20:58:09 DEBUG [t1] "TestVolatile":15: 13
2020-12-19 20:58:09 DEBUG [t1] "TestVolatile":15: 13
2020-12-19 20:58:09 DEBUG [t1] "TestVolatile":15: 13
2020-12-19 20:58:09 DEBUG [t1] "TestVolatile":15: 13
2020-12-19 20:58:09 DEBUG [t1] "TestVolatile":15: 13
2020-12-19 20:58:09 DEBUG [t1] "TestVolatile":15: 13
2020-12-19 20:58:09 DEBUG [t1] "TestVolatile":15: 13
2020-12-19 20:58:09 DEBUG [t1] "TestVolatile":15: 13
2020-12-19 20:58:09 DEBUG [t1] "TestVolatile":15: 13
2020-12-19 20:58:09 DEBUG [t1] "TestVolatile":15: 13
2020-12-19 20:58:09 DEBUG [t1] "TestVolatile":15: 13
2020-12-19 20:58:09 DEBUG [t1] "TestVolatile":15: 13
2020-12-19 20:58:09 DEBUG [t1] "TestVolatile":15: 13
2020-12-19 20:58:09 DEBUG [t1] "TestVolatile":15: 13
2020-12-19 20:58:09 DEBUG [t1] "TestVolatile":15: 13
2020-12-19 20:58:09 DEBUG [t1] "TestVolatile":15: 13
2020-12-19 20:58:09 DEBUG [t1] "TestVolatile":15: 13
2020-12-19 20:58:09 DEBUG [t1] "TestVolatile":15: 13
2020-12-19 20:58:09 DEBUG [t1] "TestVolatile":15: 13
2020-12-19 20:58:09 DEBUG [t1] "TestVolatile":15: 13
2020-12-19 20:58:09 DEBUG [t1] "TestVolatile":15: 13
2020-12-19 20:58:09 DEBUG [t1] "TestVolatile":15: 13
2020-12-19 20:58:09 DEBUG [t1] "TestVolatile":15: 13
2020-12-19 20:58:09 DEBUG [t1] "TestVolatile":15: 13
2020-12-19 20:58:09 DEBUG [t1] "TestVolatile":15: 13
2020-12-19 20:58:09 DEBUG [t1] "TestVolatile":15: 13
2020-12-19 20:58:09 DEBUG [t1] "TestVolatile":15: 13
2020-12-19 20:58:09 DEBUG [t1] "TestVolatile":15: 13
2020-12-19 20:58:09 DEBUG [t1] "TestVolatile":15: 13
2020-12-19 20:58:09 DEBUG [t1] "TestVolatile":15: 13
2020-12-19 20:58:09 DEBUG [t1] "TestVolatile":15: 13
2020-12-19 20:58:09 DEBUG [t1] "TestVolatile":15: 13
2020-12-19 20:58:09 DEBUG [t1] "TestVolatile":15: 13
2020-12-19 20:58:09 DEBUG [t1] "TestVolatile":15: 13
2020-12-19 20:58:09 DEBUG [t1] "TestVolatile":15: 13
2020-12-19 20:58:09 DEBUG [t1] "TestVolatile":15: 13
2020-12-19 20:58:09 DEBUG [t1] "TestVolatile":15: 13
2020-12-19 20:58:09 DEBUG [t1] "TestVolatile":15: 13
2020-12-19 20:58:09 DEBUG [t1] "TestVolatile":15: 13
2020-12-19 20:58:09 DEBUG [t1] "TestVolatile":15: 13
2020-12-19 20:58:09 DEBUG [t1] "TestVolatile":15: 13
2020-12-19 20:58:09 DEBUG [t1] "TestVolatile":15: 13
2020-12-19 20:58:09 DEBUG [t1] "TestVolatile":15: 13
2020-12-19 20:58:09 DEBUG [t1] "TestVolatile":15: 13
2020-12-19 20:58:09 DEBUG [t1] "TestVolatile":15: 13
2020-12-19 20:58:09 DEBUG [t1] "TestVolatile":15: 13
2020-12-19 20:58:09 DEBUG [t1] "TestVolatile":15: 13
2020-12-19 20:58:09 DEBUG [t1] "TestVolatile":15: 13
2020-12-19 20:58:09 DEBUG [t1] "TestVolatile":15: 13
2020-12-19 20:58:09 DEBUG [t1] "TestVolatile":15: 13
2020-12-19 20:58:09 DEBUG [t1] "TestVolatile":15: 13
2020-12-19 20:58:09 DEBUG [t1] "TestVolatile":15: 13
2020-12-19 20:58:09 DEBUG [t1] "TestVolatile":15: 13
2020-12-19 20:58:09 DEBUG [t1] "TestVolatile":15: 13
2020-12-19 20:58:09 DEBUG [t1] "TestVolatile":15: 13
2020-12-19 20:58:09 DEBUG [t1] "TestVolatile":15: 13
2020-12-19 20:58:09 DEBUG [t1] "TestVolatile":15: 13
2020-12-19 20:58:09 DEBUG [t1] "TestVolatile":15: 13
2020-12-19 20:58:09 DEBUG [t1] "TestVolatile":15: 13
2020-12-19 20:58:09 DEBUG [t1] "TestVolatile":15: 13
2020-12-19 20:58:09 DEBUG [t1] "TestVolatile":15: 13
2020-12-19 20:58:09 DEBUG [t1] "TestVolatile":15: 13
2020-12-19 20:58:09 DEBUG [t1] "TestVolatile":15: 13
2020-12-19 20:58:09 DEBUG [t1] "TestVolatile":15: 13
2020-12-19 20:58:09 DEBUG [t1] "TestVolatile":15: 13
2020-12-19 20:58:09 DEBUG [t1] "TestVolatile":15: 13
2020-12-19 20:58:09 DEBUG [t1] "TestVolatile":15: 13
2020-12-19 20:58:09 DEBUG [t1] "TestVolatile":15: 13
2020-12-19 20:58:09 DEBUG [t1] "TestVolatile":15: 13
2020-12-19 20:58:09 DEBUG [t1] "TestVolatile":15: 13
2020-12-19 20:58:09 DEBUG [t1] "TestVolatile":15: 13
2020-12-19 20:58:09 DEBUG [t1] "TestVolatile":15: 13
2020-12-19 20:58:09 DEBUG [t1] "TestVolatile":15: 13
2020-12-19 20:58:09 DEBUG [t1] "TestVolatile":15: 13
2020-12-19 20:58:09 DEBUG [t1] "TestVolatile":15: 13
2020-12-19 20:58:09 DEBUG [t1] "TestVolatile":15: 13
2020-12-19 20:58:09 DEBUG [t1] "TestVolatile":15: 13
2020-12-19 20:58:09 DEBUG [t1] "TestVolatile":15: 13
2020-12-19 20:58:09 DEBUG [t1] "TestVolatile":15: 13
2020-12-19 20:58:09 DEBUG [t1] "TestVolatile":15: 13
2020-12-19 20:58:09 DEBUG [t1] "TestVolatile":15: 13
2020-12-19 20:58:09 DEBUG [t1] "TestVolatile":15: 13
2020-12-19 20:58:09 DEBUG [t1] "TestVolatile":15: 13
2020-12-19 20:58:09 DEBUG [t1] "TestVolatile":15: 13
2020-12-19 20:58:09 DEBUG [t1] "TestVolatile":15: 13
2020-12-19 20:58:09 DEBUG [t1] "TestVolatile":15: 13
2020-12-19 20:58:09 DEBUG [t1] "TestVolatile":15: 13
2020-12-19 20:58:09 DEBUG [t1] "TestVolatile":15: 13
2020-12-19 20:58:09 DEBUG [t1] "TestVolatile":15: 13
2020-12-19 20:58:09 DEBUG [t1] "TestVolatile":15: 13
2020-12-19 20:58:09 DEBUG [t1] "TestVolatile":15: 13
2020-12-19 20:58:09 DEBUG [t1] "TestVolatile":15: 13
2020-12-19 20:58:09 DEBUG [t1] "TestVolatile":15: 13
2020-12-19 20:58:09 DEBUG [t1] "TestVolatile":15: 13
2020-12-19 20:58:09 DEBUG [t1] "TestVolatile":15: 13
2020-12-19 20:58:09 DEBUG [t1] "TestVolatile":15: 13
2020-12-19 20:58:09 DEBUG [t1] "TestVolatile":15: 13
2020-12-19 20:58:09 DEBUG [t1] "TestVolatile":15: 13
2020-12-19 20:58:09 DEBUG [t1] "TestVolatile":15: 13
2020-12-19 20:58:09 DEBUG [t1] "TestVolatile":15: 13
2020-12-19 20:58:09 DEBUG [t1] "TestVolatile":15: 13
2020-12-19 20:58:09 DEBUG [t1] "TestVolatile":15: 13
2020-12-19 20:58:09 DEBUG [t1] "TestVolatile":15: 13
2020-12-19 20:58:09 DEBUG [t1] "TestVolatile":15: 13
2020-12-19 20:58:09 DEBUG [t1] "TestVolatile":15: 13
2020-12-19 20:58:09 DEBUG [t1] "TestVolatile":15: 13
2020-12-19 20:58:09 DEBUG [t1] "TestVolatile":15: 13
2020-12-19 20:58:09 DEBUG [t1] "TestVolatile":15: 13
2020-12-19 20:58:09 DEBUG [t1] "TestVolatile":15: 13
2020-12-19 20:58:09 DEBUG [t1] "TestVolatile":15: 13
2020-12-19 20:58:09 DEBUG [t1] "TestVolatile":15: 13
2020-12-19 20:58:09 DEBUG [t1] "TestVolatile":15: 13
2020-12-19 20:58:09 DEBUG [t1] "TestVolatile":15: 13
2020-12-19 20:58:09 DEBUG [t1] "TestVolatile":15: 13
2020-12-19 20:58:09 DEBUG [t1] "TestVolatile":15: 13
2020-12-19 20:58:09 DEBUG [t1] "TestVolatile":15: 13
2020-12-19 20:58:09 DEBUG [t1] "TestVolatile":15: 13
2020-12-19 20:58:09 DEBUG [t1] "TestVolatile":15: 13
2020-12-19 20:58:09 DEBUG [t1] "TestVolatile":15: 13
2020-12-19 20:58:09 DEBUG [t1] "TestVolatile":15: 13
2020-12-19 20:58:09 DEBUG [t1] "TestVolatile":15: 13
2020-12-19 20:58:09 DEBUG [t1] "TestVolatile":15: 13
2020-12-19 20:58:09 DEBUG [t1] "TestVolatile":15: 13
2020-12-19 20:58:09 DEBUG [t1] "TestVolatile":15: 13
2020-12-19 20:58:09 DEBUG [t1] "TestVolatile":15: 13
2020-12-19 20:58:09 DEBUG [t1] "TestVolatile":15: 13
2020-12-19 20:58:09 DEBUG [t1] "TestVolatile":15: 13
2020-12-19 20:58:09 DEBUG [t1] "TestVolatile":15: 13
2020-12-19 20:58:09 DEBUG [t1] "TestVolatile":15: 13
2020-12-19 20:58:09 DEBUG [t1] "TestVolatile":15: 13
2020-12-19 20:58:09 DEBUG [t1] "TestVolatile":15: 13
2020-12-19 20:58:09 DEBUG [t1] "TestVolatile":15: 13
2020-12-19 20:58:09 DEBUG [t1] "TestVolatile":15: 13
2020-12-19 20:58:09 DEBUG [t1] "TestVolatile":15: 13
2020-12-19 20:58:09 DEBUG [t1] "TestVolatile":15: 13
2020-12-19 20:58:09 DEBUG [t1] "TestVolatile":15: 13
2020-12-19 20:58:09 DEBUG [t1] "TestVolatile":15: 13
2020-12-19 20:58:09 DEBUG [t1] "TestVolatile":15: 13
2020-12-19 20:58:09 DEBUG [t1] "TestVolatile":15: 13
2020-12-19 20:58:09 DEBUG [t1] "TestVolatile":15: 13
2020-12-19 20:58:09 DEBUG [t1] "TestVolatile":15: 13
2020-12-19 20:58:09 DEBUG [t1] "TestVolatile":15: 13
2020-12-19 20:58:09 DEBUG [t1] "TestVolatile":15: 13
2020-12-19 20:58:09 DEBUG [t1] "TestVolatile":15: 13
2020-12-19 20:58:09 DEBUG [t1] "TestVolatile":15: 13
2020-12-19 20:58:09 DEBUG [t1] "TestVolatile":15: 13
2020-12-19 20:58:09 DEBUG [t1] "TestVolatile":15: 13
2020-12-19 20:58:09 DEBUG [t1] "TestVolatile":15: 13
2020-12-19 20:58:09 DEBUG [t1] "TestVolatile":15: 13
2020-12-19 20:58:09 DEBUG [t1] "TestVolatile":15: 13
2020-12-19 20:58:09 DEBUG [t1] "TestVolatile":15: 13
2020-12-19 20:58:09 DEBUG [t1] "TestVolatile":15: 13
2020-12-19 20:58:09 DEBUG [t1] "TestVolatile":15: 13
2020-12-19 20:58:09 DEBUG [t1] "TestVolatile":15: 13
2020-12-19 20:58:09 DEBUG [t1] "TestVolatile":15: 13
2020-12-19 20:58:09 DEBUG [t1] "TestVolatile":15: 13
2020-12-19 20:58:09 DEBUG [t1] "TestVolatile":15: 13
2020-12-19 20:58:09 DEBUG [t1] "TestVolatile":15: 13
2020-12-19 20:58:09 DEBUG [t1] "TestVolatile":15: 13
2020-12-19 20:58:09 DEBUG [t1] "TestVolatile":15: 13
2020-12-19 20:58:09 DEBUG [t1] "TestVolatile":15: 13
2020-12-19 20:58:09 DEBUG [t1] "TestVolatile":15: 13
2020-12-19 20:58:09 DEBUG [t1] "TestVolatile":15: 13
2020-12-19 20:58:09 DEBUG [t1] "TestVolatile":15: 13
2020-12-19 20:58:09 DEBUG [t1] "TestVolatile":15: 13
2020-12-19 20:58:09 DEBUG [t1] "TestVolatile":15: 13
2020-12-19 20:58:09 DEBUG [t1] "TestVolatile":15: 13
2020-12-19 20:58:09 DEBUG [t1] "TestVolatile":15: 13
2020-12-19 20:58:09 DEBUG [t1] "TestVolatile":15: 13
2020-12-19 20:58:09 DEBUG [t1] "TestVolatile":15: 13
2020-12-19 20:58:09 DEBUG [t1] "TestVolatile":15: 13
2020-12-19 20:58:09 DEBUG [t1] "TestVolatile":15: 13
2020-12-19 20:58:09 DEBUG [t1] "TestVolatile":15: 13
2020-12-19 20:58:09 DEBUG [t1] "TestVolatile":15: 13
2020-12-19 20:58:09 DEBUG [t1] "TestVolatile":15: 13
2020-12-19 20:58:09 DEBUG [t1] "TestVolatile":15: 13
2020-12-19 20:58:09 DEBUG [t1] "TestVolatile":15: 13
2020-12-19 20:58:09 DEBUG [t1] "TestVolatile":15: 13
2020-12-19 20:58:09 DEBUG [t1] "TestVolatile":15: 13
2020-12-19 20:58:09 DEBUG [t1] "TestVolatile":15: 13
2020-12-19 20:58:09 DEBUG [t1] "TestVolatile":15: 13
2020-12-19 20:58:09 DEBUG [t1] "TestVolatile":15: 13
2020-12-19 20:58:09 DEBUG [t1] "TestVolatile":15: 13
2020-12-19 20:58:09 DEBUG [t1] "TestVolatile":15: 13
2020-12-19 20:58:09 DEBUG [t1] "TestVolatile":15: 13
2020-12-19 20:58:09 DEBUG [t1] "TestVolatile":15: 13
2020-12-19 20:58:09 DEBUG [t1] "TestVolatile":15: 13
2020-12-19 20:58:09 DEBUG [t1] "TestVolatile":15: 13
2020-12-19 20:58:09 DEBUG [t1] "TestVolatile":15: 13
2020-12-19 20:58:09 DEBUG [t1] "TestVolatile":15: 13
2020-12-19 20:58:09 DEBUG [t1] "TestVolatile":15: 13
2020-12-19 20:58:09 DEBUG [t1] "TestVolatile":15: 13
2020-12-19 20:58:09 DEBUG [t1] "TestVolatile":15: 13
2020-12-19 20:58:09 DEBUG [t1] "TestVolatile":15: 13
2020-12-19 20:58:09 DEBUG [t1] "TestVolatile":15: 13
2020-12-19 20:58:09 DEBUG [t1] "TestVolatile":15: 13
2020-12-19 20:58:09 DEBUG [t1] "TestVolatile":15: 13
2020-12-19 20:58:09 DEBUG [t1] "TestVolatile":15: 13
2020-12-19 20:58:09 DEBUG [t1] "TestVolatile":15: 13
2020-12-19 20:58:09 DEBUG [t1] "TestVolatile":15: 13
2020-12-19 20:58:09 DEBUG [t1] "TestVolatile":15: 13
2020-12-19 20:58:09 DEBUG [t1] "TestVolatile":15: 13
2020-12-19 20:58:09 DEBUG [t1] "TestVolatile":15: 13
2020-12-19 20:58:09 DEBUG [t1] "TestVolatile":15: 13
2020-12-19 20:58:09 DEBUG [t1] "TestVolatile":15: 13
2020-12-19 20:58:09 DEBUG [t1] "TestVolatile":15: 13
2020-12-19 20:58:09 DEBUG [t1] "TestVolatile":15: 13
2020-12-19 20:58:09 DEBUG [t1] "TestVolatile":15: 13
2020-12-19 20:58:09 DEBUG [t1] "TestVolatile":15: 13
2020-12-19 20:58:09 DEBUG [t1] "TestVolatile":15: 13
2020-12-19 20:58:09 DEBUG [t1] "TestVolatile":15: 13
2020-12-19 20:58:09 DEBUG [t1] "TestVolatile":15: 13
2020-12-19 20:58:09 DEBUG [t1] "TestVolatile":15: 13
2020-12-19 20:58:09 DEBUG [t1] "TestVolatile":15: 13
2020-12-19 20:58:09 DEBUG [t1] "TestVolatile":15: 13
2020-12-19 20:58:09 DEBUG [t1] "TestVolatile":15: 13
2020-12-19 20:58:09 DEBUG [t1] "TestVolatile":15: 13
2020-12-19 20:58:09 DEBUG [t1] "TestVolatile":15: 13
2020-12-19 20:58:09 DEBUG [t1] "TestVolatile":15: 13
2020-12-19 20:58:09 DEBUG [t1] "TestVolatile":15: 13
2020-12-19 20:58:09 DEBUG [t1] "TestVolatile":15: 13
2020-12-19 20:58:09 DEBUG [t1] "TestVolatile":15: 13
2020-12-19 20:58:09 DEBUG [t1] "TestVolatile":15: 13
2020-12-19 20:58:09 DEBUG [t1] "TestVolatile":15: 13
2020-12-19 20:58:09 DEBUG [t1] "TestVolatile":15: 13
2020-12-19 20:58:09 DEBUG [t1] "TestVolatile":15: 13
2020-12-19 20:58:09 DEBUG [t1] "TestVolatile":15: 13
2020-12-19 20:58:09 DEBUG [t1] "TestVolatile":15: 13
2020-12-19 20:58:09 DEBUG [t1] "TestVolatile":15: 13
2020-12-19 20:58:09 DEBUG [t1] "TestVolatile":15: 13
2020-12-19 20:58:09 DEBUG [t1] "TestVolatile":15: 13
2020-12-19 20:58:09 DEBUG [t1] "TestVolatile":15: 13
2020-12-19 20:58:09 DEBUG [t1] "TestVolatile":15: 13
2020-12-19 20:58:09 DEBUG [t1] "TestVolatile":15: 13
2020-12-19 20:58:09 DEBUG [t1] "TestVolatile":15: 13
2020-12-19 20:58:09 DEBUG [t1] "TestVolatile":15: 13
2020-12-19 20:58:09 DEBUG [t1] "TestVolatile":15: 13
2020-12-19 20:58:09 DEBUG [t1] "TestVolatile":15: 13
2020-12-19 20:58:09 DEBUG [t1] "TestVolatile":15: 13
2020-12-19 20:58:09 DEBUG [t1] "TestVolatile":15: 13
2020-12-19 20:58:09 DEBUG [t1] "TestVolatile":15: 13
2020-12-19 20:58:09 DEBUG [t1] "TestVolatile":15: 13
2020-12-19 20:58:09 DEBUG [t1] "TestVolatile":15: 13
2020-12-19 20:58:09 DEBUG [t1] "TestVolatile":15: 13
2020-12-19 20:58:09 DEBUG [t1] "TestVolatile":15: 13
2020-12-19 20:58:09 DEBUG [t1] "TestVolatile":15: 13
2020-12-19 20:58:09 DEBUG [t1] "TestVolatile":15: 13
2020-12-19 20:58:09 DEBUG [t1] "TestVolatile":15: 13
2020-12-19 20:58:09 DEBUG [t1] "TestVolatile":15: 13
2020-12-19 20:58:09 DEBUG [t1] "TestVolatile":15: 13
2020-12-19 20:58:09 DEBUG [t1] "TestVolatile":15: 13
2020-12-19 20:58:09 DEBUG [t1] "TestVolatile":15: 13
2020-12-19 20:58:09 DEBUG [t1] "TestVolatile":15: 13
2020-12-19 20:58:09 DEBUG [t1] "TestVolatile":15: 13
2020-12-19 20:58:09 DEBUG [t1] "TestVolatile":15: 13
2020-12-19 20:58:09 DEBUG [t1] "TestVolatile":15: 13
2020-12-19 20:58:09 DEBUG [t1] "TestVolatile":15: 13
2020-12-19 20:58:09 DEBUG [t1] "TestVolatile":15: 13
2020-12-19 20:58:09 DEBUG [t1] "TestVolatile":15: 13
2020-12-19 20:58:09 DEBUG [t1] "TestVolatile":15: 13
2020-12-19 20:58:09 DEBUG [t1] "TestVolatile":15: 13
2020-12-19 20:58:09 DEBUG [t1] "TestVolatile":15: 13
2020-12-19 20:58:09 DEBUG [t1] "TestVolatile":15: 13
2020-12-19 20:58:09 DEBUG [t1] "TestVolatile":15: 13
2020-12-19 20:58:09 DEBUG [t1] "TestVolatile":15: 13
2020-12-19 20:58:09 DEBUG [t1] "TestVolatile":15: 13
2020-12-19 20:58:09 DEBUG [t1] "TestVolatile":15: 13
2020-12-19 20:58:09 DEBUG [t1] "TestVolatile":15: 13
2020-12-19 20:58:09 DEBUG [t1] "TestVolatile":15: 13
2020-12-19 20:58:09 DEBUG [t1] "TestVolatile":15: 13
2020-12-19 20:58:09 DEBUG [t1] "TestVolatile":15: 13
2020-12-19 20:58:09 DEBUG [t1] "TestVolatile":15: 13
2020-12-19 20:58:09 DEBUG [t1] "TestVolatile":15: 13
2020-12-19 20:58:09 DEBUG [t1] "TestVolatile":15: 13
2020-12-19 20:58:09 DEBUG [t1] "TestVolatile":15: 13
2020-12-19 20:58:09 DEBUG [t1] "TestVolatile":15: 13
2020-12-19 20:58:09 DEBUG [t1] "TestVolatile":15: 13
2020-12-19 20:58:09 DEBUG [t1] "TestVolatile":15: 13
2020-12-19 20:58:09 DEBUG [t1] "TestVolatile":15: 13
2020-12-19 20:58:09 DEBUG [t1] "TestVolatile":15: 13
2020-12-19 20:58:09 DEBUG [t1] "TestVolatile":15: 13
2020-12-19 20:58:09 DEBUG [t1] "TestVolatile":15: 13
2020-12-19 20:58:09 DEBUG [t1] "TestVolatile":15: 13
2020-12-19 20:58:09 DEBUG [t1] "TestVolatile":15: 13
2020-12-19 20:58:09 DEBUG [t1] "TestVolatile":15: 13
2020-12-19 20:58:09 DEBUG [t1] "TestVolatile":15: 13
2020-12-19 20:58:09 DEBUG [t1] "TestVolatile":15: 13
2020-12-19 20:58:09 DEBUG [t1] "TestVolatile":15: 13
2020-12-19 20:58:09 DEBUG [t1] "TestVolatile":15: 13
2020-12-19 20:58:09 DEBUG [t1] "TestVolatile":15: 13
2020-12-19 20:58:09 DEBUG [t1] "TestVolatile":15: 13
2020-12-19 20:58:09 DEBUG [t1] "TestVolatile":15: 13
2020-12-19 20:58:09 DEBUG [t1] "TestVolatile":15: 13
2020-12-19 20:58:09 DEBUG [t1] "TestVolatile":15: 13
2020-12-19 20:58:09 DEBUG [t1] "TestVolatile":15: 13
2020-12-19 20:58:09 DEBUG [t1] "TestVolatile":15: 13
2020-12-19 20:58:09 DEBUG [t1] "TestVolatile":15: 13
2020-12-19 20:58:09 DEBUG [t1] "TestVolatile":15: 13
2020-12-19 20:58:09 DEBUG [t1] "TestVolatile":15: 13
2020-12-19 20:58:09 DEBUG [t1] "TestVolatile":15: 13
2020-12-19 20:58:09 DEBUG [t1] "TestVolatile":15: 13
2020-12-19 20:58:09 DEBUG [t1] "TestVolatile":15: 13
2020-12-19 20:58:09 DEBUG [t1] "TestVolatile":15: 13
2020-12-19 20:58:09 DEBUG [t1] "TestVolatile":15: 13
2020-12-19 20:58:09 DEBUG [t1] "TestVolatile":15: 13
2020-12-19 20:58:09 DEBUG [t1] "TestVolatile":15: 13
2020-12-19 20:58:09 DEBUG [t1] "TestVolatile":15: 13
2020-12-19 20:58:09 DEBUG [t1] "TestVolatile":15: 13
2020-12-19 20:58:09 DEBUG [t1] "TestVolatile":15: 13
2020-12-19 20:58:09 DEBUG [t1] "TestVolatile":15: 13
2020-12-19 20:58:09 DEBUG [t1] "TestVolatile":15: 13
2020-12-19 20:58:09 DEBUG [t1] "TestVolatile":15: 13
2020-12-19 20:58:09 DEBUG [t1] "TestVolatile":15: 13
2020-12-19 20:58:09 DEBUG [t1] "TestVolatile":15: 13
2020-12-19 20:58:09 DEBUG [t1] "TestVolatile":15: 13
2020-12-19 20:58:09 DEBUG [t1] "TestVolatile":15: 13
2020-12-19 20:58:09 DEBUG [t1] "TestVolatile":15: 13
2020-12-19 20:58:09 DEBUG [t1] "TestVolatile":15: 13
2020-12-19 20:58:09 DEBUG [t1] "TestVolatile":15: 13
2020-12-19 20:58:09 DEBUG [t1] "TestVolatile":15: 13
2020-12-19 20:58:09 DEBUG [t1] "TestVolatile":15: 13
2020-12-19 20:58:09 DEBUG [t1] "TestVolatile":15: 13
2020-12-19 20:58:09 DEBUG [t1] "TestVolatile":15: 13
2020-12-19 20:58:09 DEBUG [t1] "TestVolatile":15: 13
2020-12-19 20:58:09 DEBUG [t1] "TestVolatile":15: 13
2020-12-19 20:58:09 DEBUG [t1] "TestVolatile":15: 13
2020-12-19 20:58:09 DEBUG [t1] "TestVolatile":15: 13
2020-12-19 20:58:09 DEBUG [t1] "TestVolatile":15: 13
2020-12-19 20:58:09 DEBUG [t1] "TestVolatile":15: 13
2020-12-19 20:58:09 DEBUG [t1] "TestVolatile":15: 13
2020-12-19 20:58:09 DEBUG [t1] "TestVolatile":15: 13
2020-12-19 20:58:09 DEBUG [t1] "TestVolatile":15: 13
2020-12-19 20:58:09 DEBUG [t1] "TestVolatile":15: 13
2020-12-19 20:58:09 DEBUG [t1] "TestVolatile":15: 13
2020-12-19 20:58:09 DEBUG [t1] "TestVolatile":15: 13
2020-12-19 20:58:09 DEBUG [t1] "TestVolatile":15: 13
2020-12-19 20:58:09 DEBUG [t1] "TestVolatile":15: 13
2020-12-19 20:58:09 DEBUG [t1] "TestVolatile":15: 13
2020-12-19 20:58:09 DEBUG [t1] "TestVolatile":15: 13
2020-12-19 20:58:09 DEBUG [t1] "TestVolatile":15: 13
2020-12-19 20:58:09 DEBUG [t1] "TestVolatile":15: 13
2020-12-19 20:58:09 DEBUG [t1] "TestVolatile":15: 13
2020-12-19 20:58:09 DEBUG [t1] "TestVolatile":15: 13
2020-12-19 20:58:09 DEBUG [t1] "TestVolatile":15: 13
2020-12-19 20:58:09 DEBUG [t1] "TestVolatile":15: 13
2020-12-19 20:58:09 DEBUG [t1] "TestVolatile":15: 13
2020-12-19 20:58:09 DEBUG [t1] "TestVolatile":15: 13
2020-12-19 20:58:09 DEBUG [t1] "TestVolatile":15: 13
2020-12-19 20:58:09 DEBUG [t1] "TestVolatile":15: 13
2020-12-19 20:58:09 DEBUG [t1] "TestVolatile":15: 13
2020-12-19 20:58:09 DEBUG [t1] "TestVolatile":15: 13
2020-12-19 20:58:09 DEBUG [t1] "TestVolatile":15: 13
2020-12-19 20:58:09 DEBUG [t1] "TestVolatile":15: 13
2020-12-19 20:58:09 DEBUG [t1] "TestVolatile":15: 13
2020-12-19 20:58:09 DEBUG [t1] "TestVolatile":15: 13
2020-12-19 20:58:09 DEBUG [t1] "TestVolatile":15: 13
2020-12-19 20:58:09 DEBUG [t1] "TestVolatile":15: 13
2020-12-19 20:58:09 DEBUG [t1] "TestVolatile":15: 13
2020-12-19 20:58:09 DEBUG [t1] "TestVolatile":15: 13
2020-12-19 20:58:09 DEBUG [t1] "TestVolatile":15: 13
2020-12-19 20:58:09 DEBUG [t1] "TestVolatile":15: 13
2020-12-19 20:58:09 DEBUG [t1] "TestVolatile":15: 13
2020-12-19 20:58:09 DEBUG [t1] "TestVolatile":15: 13
2020-12-19 20:58:09 DEBUG [t1] "TestVolatile":15: 13
2020-12-19 20:58:09 DEBUG [t1] "TestVolatile":15: 13
2020-12-19 20:58:09 DEBUG [t1] "TestVolatile":15: 13
2020-12-19 20:58:09 DEBUG [t1] "TestVolatile":15: 13
2020-12-19 20:58:09 DEBUG [t1] "TestVolatile":15: 13
2020-12-19 20:58:09 DEBUG [t1] "TestVolatile":15: 13
2020-12-19 20:58:09 DEBUG [t1] "TestVolatile":15: 13
2020-12-19 20:58:09 DEBUG [t1] "TestVolatile":15: 13
2020-12-19 20:58:09 DEBUG [t1] "TestVolatile":15: 13
2020-12-19 20:58:09 DEBUG [t1] "TestVolatile":15: 13
2020-12-19 20:58:09 DEBUG [t1] "TestVolatile":15: 13
2020-12-19 20:58:09 DEBUG [t1] "TestVolatile":15: 13
2020-12-19 20:58:09 DEBUG [t1] "TestVolatile":15: 13
2020-12-19 20:58:09 DEBUG [t1] "TestVolatile":15: 13
2020-12-19 20:58:09 DEBUG [t1] "TestVolatile":15: 13
2020-12-19 20:58:09 DEBUG [t1] "TestVolatile":15: 13
2020-12-19 20:58:09 DEBUG [t1] "TestVolatile":15: 13
2020-12-19 20:58:09 DEBUG [t1] "TestVolatile":15: 13
2020-12-19 20:58:09 DEBUG [t1] "TestVolatile":15: 13
2020-12-19 20:58:09 DEBUG [t1] "TestVolatile":15: 13
2020-12-19 20:58:09 DEBUG [t1] "TestVolatile":15: 13
2020-12-19 20:58:09 DEBUG [t1] "TestVolatile":15: 13
2020-12-19 20:58:09 DEBUG [t1] "TestVolatile":15: 13
2020-12-19 20:58:09 DEBUG [t1] "TestVolatile":15: 13
2020-12-19 20:58:09 DEBUG [t1] "TestVolatile":15: 13
2020-12-19 20:58:09 DEBUG [t1] "TestVolatile":15: 13
2020-12-19 20:58:09 DEBUG [t1] "TestVolatile":15: 13
2020-12-19 20:58:09 DEBUG [t1] "TestVolatile":15: 13
2020-12-19 20:58:09 DEBUG [t1] "TestVolatile":15: 13
2020-12-19 20:58:09 DEBUG [t1] "TestVolatile":15: 13
2020-12-19 20:58:09 DEBUG [t1] "TestVolatile":15: 13
2020-12-19 20:58:09 DEBUG [t1] "TestVolatile":15: 13
2020-12-19 20:58:09 DEBUG [t1] "TestVolatile":15: 13
2020-12-19 20:58:09 DEBUG [t1] "TestVolatile":15: 13
2020-12-19 20:58:09 DEBUG [t1] "TestVolatile":15: 13
2020-12-19 20:58:09 DEBUG [t1] "TestVolatile":15: 13
2020-12-19 20:58:09 DEBUG [t1] "TestVolatile":15: 13
2020-12-19 20:58:09 DEBUG [t1] "TestVolatile":15: 13
2020-12-19 20:58:09 DEBUG [t1] "TestVolatile":15: 13
2020-12-19 20:58:09 DEBUG [t1] "TestVolatile":15: 13
2020-12-19 20:58:09 DEBUG [t1] "TestVolatile":15: 13
2020-12-19 20:58:09 DEBUG [t1] "TestVolatile":15: 13
2020-12-19 20:58:09 DEBUG [t1] "TestVolatile":15: 13
2020-12-19 20:58:09 DEBUG [t1] "TestVolatile":15: 13
2020-12-19 20:58:09 DEBUG [t1] "TestVolatile":15: 13
2020-12-19 20:58:09 DEBUG [t1] "TestVolatile":15: 13
2020-12-19 20:58:09 DEBUG [t1] "TestVolatile":15: 13
2020-12-19 20:58:09 DEBUG [t1] "TestVolatile":15: 13
2020-12-19 20:58:09 DEBUG [t1] "TestVolatile":15: 13
2020-12-19 20:58:09 DEBUG [t1] "TestVolatile":15: 13
2020-12-19 20:58:09 DEBUG [t1] "TestVolatile":15: 13
2020-12-19 20:58:09 DEBUG [t1] "TestVolatile":15: 13
2020-12-19 20:58:09 DEBUG [t1] "TestVolatile":15: 13
2020-12-19 20:58:09 DEBUG [t1] "TestVolatile":15: 13
2020-12-19 20:58:09 DEBUG [t1] "TestVolatile":15: 13
2020-12-19 20:58:09 DEBUG [t1] "TestVolatile":15: 13
2020-12-19 20:58:09 DEBUG [t1] "TestVolatile":15: 13
2020-12-19 20:58:09 DEBUG [t1] "TestVolatile":15: 13
2020-12-19 20:58:09 DEBUG [t1] "TestVolatile":15: 13
2020-12-19 20:58:09 DEBUG [t1] "TestVolatile":15: 13
2020-12-19 20:58:09 DEBUG [t1] "TestVolatile":15: 13
2020-12-19 20:58:09 DEBUG [t1] "TestVolatile":15: 13
2020-12-19 20:58:09 DEBUG [t1] "TestVolatile":15: 13
2020-12-19 20:58:09 DEBUG [t1] "TestVolatile":15: 13
2020-12-19 20:58:09 DEBUG [t1] "TestVolatile":15: 13
2020-12-19 20:58:09 DEBUG [t1] "TestVolatile":15: 13
2020-12-19 20:58:09 DEBUG [t1] "TestVolatile":15: 13
2020-12-19 20:58:09 DEBUG [t1] "TestVolatile":15: 13
2020-12-19 20:58:09 DEBUG [t1] "TestVolatile":15: 13
2020-12-19 20:58:09 DEBUG [t1] "TestVolatile":15: 13
2020-12-19 20:58:09 DEBUG [t1] "TestVolatile":15: 13
2020-12-19 20:58:09 DEBUG [t1] "TestVolatile":15: 13
2020-12-19 20:58:09 DEBUG [t1] "TestVolatile":15: 13
2020-12-19 20:58:09 DEBUG [t1] "TestVolatile":15: 13
2020-12-19 20:58:09 DEBUG [t1] "TestVolatile":15: 13
2020-12-19 20:58:09 DEBUG [t1] "TestVolatile":15: 13
2020-12-19 20:58:09 DEBUG [t1] "TestVolatile":15: 13
2020-12-19 20:58:09 DEBUG [t1] "TestVolatile":15: 13
2020-12-19 20:58:09 DEBUG [t1] "TestVolatile":15: 13
2020-12-19 20:58:09 DEBUG [t1] "TestVolatile":15: 13
2020-12-19 20:58:09 DEBUG [t1] "TestVolatile":15: 13
2020-12-19 20:58:09 DEBUG [t1] "TestVolatile":15: 13
2020-12-19 20:58:09 DEBUG [t1] "TestVolatile":15: 13
2020-12-19 20:58:09 DEBUG [t1] "TestVolatile":15: 13
2020-12-19 20:58:09 DEBUG [t1] "TestVolatile":15: 13
2020-12-19 20:58:09 DEBUG [t1] "TestVolatile":15: 13
2020-12-19 20:58:09 DEBUG [t1] "TestVolatile":15: 13
2020-12-19 20:58:09 DEBUG [t1] "TestVolatile":15: 13
2020-12-19 20:58:09 DEBUG [t1] "TestVolatile":15: 13
2020-12-19 20:58:09 DEBUG [t1] "TestVolatile":15: 13
2020-12-19 20:58:09 DEBUG [t1] "TestVolatile":15: 13
2020-12-19 20:58:09 DEBUG [t1] "TestVolatile":15: 13
2020-12-19 20:58:09 DEBUG [t1] "TestVolatile":15: 13
2020-12-19 20:58:09 DEBUG [t1] "TestVolatile":15: 13
2020-12-19 20:58:09 DEBUG [t1] "TestVolatile":15: 13
2020-12-19 20:58:09 DEBUG [t1] "TestVolatile":15: 13
2020-12-19 20:58:09 DEBUG [t1] "TestVolatile":15: 13
2020-12-19 20:58:09 DEBUG [t1] "TestVolatile":15: 13
2020-12-19 20:58:09 DEBUG [t1] "TestVolatile":15: 13
2020-12-19 20:58:09 DEBUG [t1] "TestVolatile":15: 13
2020-12-19 20:58:09 DEBUG [t1] "TestVolatile":15: 13
2020-12-19 20:58:09 DEBUG [t1] "TestVolatile":15: 13
2020-12-19 20:58:09 DEBUG [t1] "TestVolatile":15: 13
2020-12-19 20:58:09 DEBUG [t1] "TestVolatile":15: 13
2020-12-19 20:58:09 DEBUG [t1] "TestVolatile":15: 13
2020-12-19 20:58:09 DEBUG [t1] "TestVolatile":15: 13
2020-12-19 20:58:09 DEBUG [t1] "TestVolatile":15: 13
2020-12-19 20:58:09 DEBUG [t1] "TestVolatile":15: 13
2020-12-19 20:58:09 DEBUG [t1] "TestVolatile":15: 13
2020-12-19 20:58:09 DEBUG [t1] "TestVolatile":15: 13
2020-12-19 20:58:09 DEBUG [t1] "TestVolatile":15: 13
2020-12-19 20:58:09 DEBUG [t1] "TestVolatile":15: 13
2020-12-19 20:58:09 DEBUG [t1] "TestVolatile":15: 13
2020-12-19 20:58:09 DEBUG [t1] "TestVolatile":15: 13
2020-12-19 20:58:09 DEBUG [t1] "TestVolatile":15: 13
2020-12-19 20:58:09 DEBUG [t1] "TestVolatile":15: 13
2020-12-19 20:58:09 DEBUG [t1] "TestVolatile":15: 13
2020-12-19 20:58:09 DEBUG [t1] "TestVolatile":15: 13
2020-12-19 20:58:09 DEBUG [t1] "TestVolatile":15: 13
2020-12-19 20:58:09 DEBUG [t1] "TestVolatile":15: 13
2020-12-19 20:58:09 DEBUG [t1] "TestVolatile":15: 13
2020-12-19 20:58:09 DEBUG [t1] "TestVolatile":15: 13
2020-12-19 20:58:09 DEBUG [t1] "TestVolatile":15: 13
2020-12-19 20:58:09 DEBUG [t1] "TestVolatile":15: 13
2020-12-19 20:58:09 DEBUG [t1] "TestVolatile":15: 13
2020-12-19 20:58:09 DEBUG [t1] "TestVolatile":15: 13
2020-12-19 20:58:09 DEBUG [t1] "TestVolatile":15: 13
2020-12-19 20:58:09 DEBUG [t1] "TestVolatile":15: 13
2020-12-19 20:58:09 DEBUG [t1] "TestVolatile":15: 13
2020-12-19 20:58:09 DEBUG [t1] "TestVolatile":15: 13
2020-12-19 20:58:09 DEBUG [t1] "TestVolatile":15: 13
2020-12-19 20:58:09 DEBUG [t1] "TestVolatile":15: 13
2020-12-19 20:58:09 DEBUG [t1] "TestVolatile":15: 13
2020-12-19 20:58:09 DEBUG [t1] "TestVolatile":15: 13
2020-12-19 20:58:09 DEBUG [t1] "TestVolatile":15: 13
2020-12-19 20:58:09 DEBUG [t1] "TestVolatile":15: 13
2020-12-19 20:58:09 DEBUG [t1] "TestVolatile":15: 13
2020-12-19 20:58:09 DEBUG [t1] "TestVolatile":15: 13
2020-12-19 20:58:09 DEBUG [t1] "TestVolatile":15: 13
2020-12-19 20:58:09 DEBUG [t1] "TestVolatile":15: 13
2020-12-19 20:58:09 DEBUG [t1] "TestVolatile":15: 13
2020-12-19 20:58:09 DEBUG [t1] "TestVolatile":15: 13
2020-12-19 20:58:09 DEBUG [t1] "TestVolatile":15: 13
2020-12-19 20:58:09 DEBUG [t1] "TestVolatile":15: 13
2020-12-19 20:58:09 DEBUG [t1] "TestVolatile":15: 13
2020-12-19 20:58:09 DEBUG [t1] "TestVolatile":15: 13
2020-12-19 20:58:09 DEBUG [t1] "TestVolatile":15: 13
2020-12-19 20:58:09 DEBUG [t1] "TestVolatile":15: 13
2020-12-19 20:58:09 DEBUG [t1] "TestVolatile":15: 13
2020-12-19 20:58:09 DEBUG [t1] "TestVolatile":15: 13
2020-12-19 20:58:09 DEBUG [t1] "TestVolatile":15: 13
2020-12-19 20:58:09 DEBUG [t1] "TestVolatile":15: 13
2020-12-19 20:58:09 DEBUG [t1] "TestVolatile":15: 13
2020-12-19 20:58:09 DEBUG [t1] "TestVolatile":15: 13
2020-12-19 20:58:09 DEBUG [t1] "TestVolatile":15: 13
2020-12-19 20:58:09 DEBUG [t1] "TestVolatile":15: 13
2020-12-19 20:58:09 DEBUG [t1] "TestVolatile":15: 13
2020-12-19 20:58:09 DEBUG [t1] "TestVolatile":15: 13
2020-12-19 20:58:09 DEBUG [t1] "TestVolatile":15: 13
2020-12-19 20:58:09 DEBUG [t1] "TestVolatile":15: 13
2020-12-19 20:58:09 DEBUG [t1] "TestVolatile":15: 13
2020-12-19 20:58:09 DEBUG [t1] "TestVolatile":15: 13
2020-12-19 20:58:09 DEBUG [t1] "TestVolatile":15: 13
2020-12-19 20:58:09 DEBUG [t1] "TestVolatile":15: 13
2020-12-19 20:58:09 DEBUG [t1] "TestVolatile":15: 13
2020-12-19 20:58:09 DEBUG [t1] "TestVolatile":15: 13
2020-12-19 20:58:09 DEBUG [t1] "TestVolatile":15: 13
2020-12-19 20:58:09 DEBUG [t1] "TestVolatile":15: 13
2020-12-19 20:58:09 DEBUG [t1] "TestVolatile":15: 13
2020-12-19 20:58:09 DEBUG [t1] "TestVolatile":15: 13
2020-12-19 20:58:09 DEBUG [t1] "TestVolatile":15: 13
2020-12-19 20:58:09 DEBUG [t1] "TestVolatile":15: 13
2020-12-19 20:58:09 DEBUG [t1] "TestVolatile":15: 13
2020-12-19 20:58:09 DEBUG [t1] "TestVolatile":15: 13
2020-12-19 20:58:09 DEBUG [t1] "TestVolatile":15: 13
2020-12-19 20:58:09 DEBUG [t1] "TestVolatile":15: 13
2020-12-19 20:58:09 DEBUG [t1] "TestVolatile":15: 13
2020-12-19 20:58:09 DEBUG [t1] "TestVolatile":15: 13
2020-12-19 20:58:09 DEBUG [t1] "TestVolatile":15: 13
2020-12-19 20:58:09 DEBUG [t1] "TestVolatile":15: 13
2020-12-19 20:58:09 DEBUG [t1] "TestVolatile":15: 13
2020-12-19 20:58:09 DEBUG [t1] "TestVolatile":15: 13
2020-12-19 20:58:09 DEBUG [t1] "TestVolatile":15: 13
2020-12-19 20:58:09 DEBUG [t1] "TestVolatile":15: 13
2020-12-19 20:58:09 DEBUG [t1] "TestVolatile":15: 13
2020-12-19 20:58:09 DEBUG [t1] "TestVolatile":15: 13
2020-12-19 20:58:09 DEBUG [t1] "TestVolatile":15: 13
2020-12-19 20:58:09 DEBUG [t1] "TestVolatile":15: 13
2020-12-19 20:58:09 DEBUG [t1] "TestVolatile":15: 13
2020-12-19 20:58:09 DEBUG [t1] "TestVolatile":15: 13
2020-12-19 20:58:09 DEBUG [t1] "TestVolatile":15: 13
2020-12-19 20:58:09 DEBUG [t1] "TestVolatile":15: 13
2020-12-19 20:58:09 DEBUG [t1] "TestVolatile":15: 13
2020-12-19 20:58:09 DEBUG [t1] "TestVolatile":15: 13
2020-12-19 20:58:09 DEBUG [t1] "TestVolatile":15: 13
2020-12-19 20:58:09 DEBUG [t1] "TestVolatile":15: 13
2020-12-19 20:58:09 DEBUG [t1] "TestVolatile":15: 13
2020-12-19 20:58:09 DEBUG [t1] "TestVolatile":15: 13
2020-12-19 20:58:09 DEBUG [t1] "TestVolatile":15: 13
2020-12-19 20:58:09 DEBUG [t1] "TestVolatile":15: 13
2020-12-19 20:58:09 DEBUG [t1] "TestVolatile":15: 13
2020-12-19 20:58:09 DEBUG [t1] "TestVolatile":15: 13
2020-12-19 20:58:09 DEBUG [t1] "TestVolatile":15: 13
2020-12-19 20:58:09 DEBUG [t1] "TestVolatile":15: 13
2020-12-19 20:58:09 DEBUG [t1] "TestVolatile":15: 13
2020-12-19 20:58:09 DEBUG [t1] "TestVolatile":15: 13
2020-12-19 20:58:09 DEBUG [t1] "TestVolatile":15: 13
2020-12-19 20:58:09 DEBUG [t1] "TestVolatile":15: 13
2020-12-19 20:58:09 DEBUG [t1] "TestVolatile":15: 13
2020-12-19 20:58:09 DEBUG [t1] "TestVolatile":15: 13
2020-12-19 20:58:09 DEBUG [t1] "TestVolatile":15: 13
2020-12-19 20:58:09 DEBUG [t1] "TestVolatile":15: 13
2020-12-19 20:58:09 DEBUG [t1] "TestVolatile":15: 13
2020-12-19 20:58:09 DEBUG [t1] "TestVolatile":15: 13
2020-12-19 20:58:09 DEBUG [t1] "TestVolatile":15: 13
2020-12-19 20:58:09 DEBUG [t1] "TestVolatile":15: 13
2020-12-19 20:58:09 DEBUG [t1] "TestVolatile":15: 13
2020-12-19 20:58:09 DEBUG [t1] "TestVolatile":15: 13
2020-12-19 20:58:09 DEBUG [t1] "TestVolatile":15: 13
2020-12-19 20:58:09 DEBUG [t1] "TestVolatile":15: 13
2020-12-19 20:58:09 DEBUG [t1] "TestVolatile":15: 13
2020-12-19 20:58:09 DEBUG [t1] "TestVolatile":15: 13
2020-12-19 20:58:09 DEBUG [t1] "TestVolatile":15: 13
2020-12-19 20:58:09 DEBUG [t1] "TestVolatile":15: 13
2020-12-19 20:58:09 DEBUG [t1] "TestVolatile":15: 13
2020-12-19 20:58:09 DEBUG [t1] "TestVolatile":15: 13
2020-12-19 20:58:09 DEBUG [t1] "TestVolatile":15: 13
2020-12-19 20:58:09 DEBUG [t1] "TestVolatile":15: 13
2020-12-19 20:58:09 DEBUG [t1] "TestVolatile":15: 13
2020-12-19 20:58:09 DEBUG [t1] "TestVolatile":15: 13
2020-12-19 20:58:09 DEBUG [t1] "TestVolatile":15: 13
2020-12-19 20:58:09 DEBUG [t1] "TestVolatile":15: 13
2020-12-19 20:58:09 DEBUG [t1] "TestVolatile":15: 13
2020-12-19 20:58:09 DEBUG [t1] "TestVolatile":15: 13
2020-12-19 20:58:09 DEBUG [t1] "TestVolatile":15: 13
2020-12-19 20:58:09 DEBUG [t1] "TestVolatile":15: 13
2020-12-19 20:58:09 DEBUG [t1] "TestVolatile":15: 13
2020-12-19 20:58:09 DEBUG [t1] "TestVolatile":15: 13
2020-12-19 20:58:09 DEBUG [t1] "TestVolatile":15: 13
2020-12-19 20:58:09 DEBUG [t1] "TestVolatile":15: 13
2020-12-19 20:58:09 DEBUG [t1] "TestVolatile":15: 13
2020-12-19 20:58:09 DEBUG [t1] "TestVolatile":15: 13
2020-12-19 20:58:09 DEBUG [t1] "TestVolatile":15: 13
2020-12-19 20:58:09 DEBUG [t1] "TestVolatile":15: 13
2020-12-19 20:58:09 DEBUG [t1] "TestVolatile":15: 13
2020-12-19 20:58:09 DEBUG [t1] "TestVolatile":15: 13
2020-12-19 20:58:09 DEBUG [t1] "TestVolatile":15: 13
2020-12-19 20:58:09 DEBUG [t1] "TestVolatile":15: 13
2020-12-19 20:58:09 DEBUG [t1] "TestVolatile":15: 13
2020-12-19 20:58:09 DEBUG [t1] "TestVolatile":15: 13
2020-12-19 20:58:09 DEBUG [t1] "TestVolatile":15: 13
2020-12-19 20:58:09 DEBUG [t1] "TestVolatile":15: 13
2020-12-19 20:58:09 DEBUG [t1] "TestVolatile":15: 13
2020-12-19 20:58:09 DEBUG [t1] "TestVolatile":15: 13
2020-12-19 20:58:09 DEBUG [t1] "TestVolatile":15: 13
2020-12-19 20:58:09 DEBUG [t1] "TestVolatile":15: 13
2020-12-19 20:58:09 DEBUG [t1] "TestVolatile":15: 13
2020-12-19 20:58:09 DEBUG [t1] "TestVolatile":15: 13
2020-12-19 20:58:09 DEBUG [t1] "TestVolatile":15: 13
2020-12-19 20:58:09 DEBUG [t1] "TestVolatile":15: 13
2020-12-19 20:58:09 DEBUG [t1] "TestVolatile":15: 13
2020-12-19 20:58:09 DEBUG [t1] "TestVolatile":15: 13
2020-12-19 20:58:09 DEBUG [t1] "TestVolatile":15: 13
2020-12-19 20:58:09 DEBUG [t1] "TestVolatile":15: 13
2020-12-19 20:58:09 DEBUG [t1] "TestVolatile":15: 13
2020-12-19 20:58:09 DEBUG [t1] "TestVolatile":15: 13
2020-12-19 20:58:09 DEBUG [t1] "TestVolatile":15: 13
2020-12-19 20:58:09 DEBUG [t1] "TestVolatile":15: 13
2020-12-19 20:58:09 DEBUG [t1] "TestVolatile":15: 13
2020-12-19 20:58:09 DEBUG [t1] "TestVolatile":15: 13
2020-12-19 20:58:09 DEBUG [t1] "TestVolatile":15: 13
2020-12-19 20:58:09 DEBUG [t1] "TestVolatile":15: 13
2020-12-19 20:58:09 DEBUG [t1] "TestVolatile":15: 13
2020-12-19 20:58:09 DEBUG [t1] "TestVolatile":15: 13
2020-12-19 20:58:09 DEBUG [t1] "TestVolatile":15: 13
2020-12-19 20:58:09 DEBUG [t1] "TestVolatile":15: 13
2020-12-19 20:58:09 DEBUG [t1] "TestVolatile":15: 13
2020-12-19 20:58:09 DEBUG [t1] "TestVolatile":15: 13
2020-12-19 20:58:09 DEBUG [t1] "TestVolatile":15: 13
2020-12-19 20:58:09 DEBUG [t1] "TestVolatile":15: 13
2020-12-19 20:58:09 DEBUG [t1] "TestVolatile":15: 13
2020-12-19 20:58:09 DEBUG [t1] "TestVolatile":15: 13
2020-12-19 20:58:09 DEBUG [t1] "TestVolatile":15: 13
2020-12-19 20:58:09 DEBUG [t1] "TestVolatile":15: 13
2020-12-19 20:58:09 DEBUG [t1] "TestVolatile":15: 13
2020-12-19 20:58:09 DEBUG [t1] "TestVolatile":15: 13
2020-12-19 20:58:09 DEBUG [t1] "TestVolatile":15: 13
2020-12-19 20:58:09 DEBUG [t1] "TestVolatile":15: 13
2020-12-19 20:58:09 DEBUG [t1] "TestVolatile":15: 13
2020-12-19 20:58:09 DEBUG [t1] "TestVolatile":15: 13
2020-12-19 20:58:09 DEBUG [t1] "TestVolatile":15: 13
2020-12-19 20:58:09 DEBUG [t1] "TestVolatile":15: 13
2020-12-19 20:58:09 DEBUG [t1] "TestVolatile":15: 13
2020-12-19 20:58:09 DEBUG [t1] "TestVolatile":15: 13
2020-12-19 20:58:09 DEBUG [t1] "TestVolatile":15: 13
2020-12-19 20:58:09 DEBUG [t1] "TestVolatile":15: 13
2020-12-19 20:58:09 DEBUG [t1] "TestVolatile":15: 13
2020-12-19 20:58:09 DEBUG [t1] "TestVolatile":15: 13
2020-12-19 20:58:09 DEBUG [t1] "TestVolatile":15: 13
2020-12-19 20:58:09 DEBUG [t1] "TestVolatile":15: 13
2020-12-19 20:58:09 DEBUG [t1] "TestVolatile":15: 13
2020-12-19 20:58:09 DEBUG [t1] "TestVolatile":15: 13
2020-12-19 20:58:09 DEBUG [t1] "TestVolatile":15: 13
2020-12-19 20:58:09 DEBUG [t1] "TestVolatile":15: 13
2020-12-19 20:58:09 DEBUG [t1] "TestVolatile":15: 13
2020-12-19 20:58:09 DEBUG [t1] "TestVolatile":15: 13
2020-12-19 20:58:09 DEBUG [t1] "TestVolatile":15: 13
2020-12-19 20:58:09 DEBUG [t1] "TestVolatile":15: 13
2020-12-19 20:58:09 DEBUG [t1] "TestVolatile":15: 13
2020-12-19 20:58:09 DEBUG [t1] "TestVolatile":15: 13
2020-12-19 20:58:09 DEBUG [t1] "TestVolatile":15: 13
2020-12-19 20:58:09 DEBUG [t1] "TestVolatile":15: 13
2020-12-19 20:58:09 DEBUG [t1] "TestVolatile":15: 13
2020-12-19 20:58:09 DEBUG [t1] "TestVolatile":15: 13
2020-12-19 20:58:09 DEBUG [t1] "TestVolatile":15: 13
2020-12-19 20:58:09 DEBUG [t1] "TestVolatile":15: 13
2020-12-19 20:58:09 DEBUG [t1] "TestVolatile":15: 13
2020-12-19 20:58:09 DEBUG [t1] "TestVolatile":15: 13
2020-12-19 20:58:09 DEBUG [t1] "TestVolatile":15: 13
2020-12-19 20:58:09 DEBUG [t1] "TestVolatile":15: 13
2020-12-19 20:58:09 DEBUG [t1] "TestVolatile":15: 13
2020-12-19 20:58:09 DEBUG [t1] "TestVolatile":15: 13
2020-12-19 20:58:09 DEBUG [t1] "TestVolatile":15: 13
2020-12-19 20:58:09 DEBUG [t1] "TestVolatile":15: 13
2020-12-19 20:58:09 DEBUG [t1] "TestVolatile":15: 13
2020-12-19 20:58:09 DEBUG [t1] "TestVolatile":15: 13
2020-12-19 20:58:09 DEBUG [t1] "TestVolatile":15: 13
2020-12-19 20:58:09 DEBUG [t1] "TestVolatile":15: 13
2020-12-19 20:58:09 DEBUG [t1] "TestVolatile":15: 13
2020-12-19 20:58:09 DEBUG [t1] "TestVolatile":15: 13
2020-12-19 20:58:09 DEBUG [t1] "TestVolatile":15: 13
2020-12-19 20:58:09 DEBUG [t1] "TestVolatile":15: 13
2020-12-19 20:58:09 DEBUG [t1] "TestVolatile":15: 13
2020-12-19 20:58:09 DEBUG [t1] "TestVolatile":15: 13
2020-12-19 20:58:09 DEBUG [t1] "TestVolatile":15: 13
2020-12-19 20:58:09 DEBUG [t1] "TestVolatile":15: 13
2020-12-19 20:58:09 DEBUG [t1] "TestVolatile":15: 13
2020-12-19 20:58:09 DEBUG [t1] "TestVolatile":15: 13
2020-12-19 20:58:09 DEBUG [t1] "TestVolatile":15: 13
2020-12-19 20:58:09 DEBUG [t1] "TestVolatile":15: 13
2020-12-19 20:58:09 DEBUG [t1] "TestVolatile":15: 13
2020-12-19 20:58:09 DEBUG [t1] "TestVolatile":15: 13
2020-12-19 20:58:09 DEBUG [t1] "TestVolatile":15: 13
2020-12-19 20:58:09 DEBUG [t1] "TestVolatile":15: 13
2020-12-19 20:58:09 DEBUG [t1] "TestVolatile":15: 13
2020-12-19 20:58:09 DEBUG [t1] "TestVolatile":15: 13
2020-12-19 20:58:09 DEBUG [t1] "TestVolatile":15: 13
2020-12-19 20:58:09 DEBUG [t1] "TestVolatile":15: 13
2020-12-19 20:58:09 DEBUG [t1] "TestVolatile":15: 13
2020-12-19 20:58:09 DEBUG [t1] "TestVolatile":15: 13
2020-12-19 20:58:09 DEBUG [t1] "TestVolatile":15: 13
2020-12-19 20:58:09 DEBUG [t1] "TestVolatile":15: 13
2020-12-19 20:58:09 DEBUG [t1] "TestVolatile":15: 13
2020-12-19 20:58:09 DEBUG [t1] "TestVolatile":15: 13
2020-12-19 20:58:09 DEBUG [t1] "TestVolatile":15: 13
2020-12-19 20:58:09 DEBUG [t1] "TestVolatile":15: 13
2020-12-19 20:58:09 DEBUG [t1] "TestVolatile":15: 13
2020-12-19 20:58:09 DEBUG [t1] "TestVolatile":15: 13
2020-12-19 20:58:09 DEBUG [t1] "TestVolatile":15: 13
2020-12-19 20:58:09 DEBUG [t1] "TestVolatile":15: 13
2020-12-19 20:58:09 DEBUG [t1] "TestVolatile":15: 13
2020-12-19 20:58:09 DEBUG [t1] "TestVolatile":15: 13
2020-12-19 20:58:09 DEBUG [t1] "TestVolatile":15: 13
2020-12-19 20:58:09 DEBUG [t1] "TestVolatile":15: 13
2020-12-19 20:58:09 DEBUG [t1] "TestVolatile":15: 13
2020-12-19 20:58:09 DEBUG [t1] "TestVolatile":15: 13
2020-12-19 20:58:09 DEBUG [t1] "TestVolatile":15: 13
2020-12-19 20:58:09 DEBUG [t1] "TestVolatile":15: 13
2020-12-19 20:58:09 DEBUG [t1] "TestVolatile":15: 13
2020-12-19 20:58:09 DEBUG [t1] "TestVolatile":15: 13
2020-12-19 20:58:09 DEBUG [t1] "TestVolatile":15: 13
2020-12-19 20:58:09 DEBUG [t1] "TestVolatile":15: 13
2020-12-19 20:58:09 DEBUG [t1] "TestVolatile":15: 13
2020-12-19 20:58:09 DEBUG [t1] "TestVolatile":15: 13
2020-12-19 20:58:09 DEBUG [t1] "TestVolatile":15: 13
2020-12-19 20:58:09 DEBUG [t1] "TestVolatile":15: 13
2020-12-19 20:58:09 DEBUG [t1] "TestVolatile":15: 13
2020-12-19 20:58:09 DEBUG [t1] "TestVolatile":15: 13
2020-12-19 20:58:09 DEBUG [t1] "TestVolatile":15: 13
2020-12-19 20:58:09 DEBUG [t1] "TestVolatile":15: 13
2020-12-19 20:58:09 DEBUG [t1] "TestVolatile":15: 13
2020-12-19 20:58:09 DEBUG [t1] "TestVolatile":15: 13
2020-12-19 20:58:09 DEBUG [t1] "TestVolatile":15: 13
2020-12-19 20:58:09 DEBUG [t1] "TestVolatile":15: 13
2020-12-19 20:58:09 DEBUG [t1] "TestVolatile":15: 13
2020-12-19 20:58:09 DEBUG [t1] "TestVolatile":15: 13
2020-12-19 20:58:09 DEBUG [t1] "TestVolatile":15: 13
2020-12-19 20:58:09 DEBUG [t1] "TestVolatile":15: 13
2020-12-19 20:58:09 DEBUG [t1] "TestVolatile":15: 13
2020-12-19 20:58:09 DEBUG [t1] "TestVolatile":15: 13
2020-12-19 20:58:09 DEBUG [t1] "TestVolatile":15: 13
2020-12-19 20:58:09 DEBUG [t1] "TestVolatile":15: 13
2020-12-19 20:58:09 DEBUG [t1] "TestVolatile":15: 13
2020-12-19 20:58:09 DEBUG [t1] "TestVolatile":15: 13
2020-12-19 20:58:09 DEBUG [t1] "TestVolatile":15: 13
2020-12-19 20:58:09 DEBUG [t1] "TestVolatile":15: 13
2020-12-19 20:58:09 DEBUG [t1] "TestVolatile":15: 13
2020-12-19 20:58:09 DEBUG [t1] "TestVolatile":15: 13
2020-12-19 20:58:09 DEBUG [t1] "TestVolatile":15: 13
2020-12-19 20:58:09 DEBUG [t1] "TestVolatile":15: 13
2020-12-19 20:58:09 DEBUG [t1] "TestVolatile":15: 13
2020-12-19 20:58:09 DEBUG [t1] "TestVolatile":15: 13
2020-12-19 20:58:09 DEBUG [t1] "TestVolatile":15: 13
2020-12-19 20:58:09 DEBUG [t1] "TestVolatile":15: 13
2020-12-19 20:58:09 DEBUG [t1] "TestVolatile":15: 13
2020-12-19 20:58:09 DEBUG [t1] "TestVolatile":15: 13
2020-12-19 20:58:09 DEBUG [t1] "TestVolatile":15: 13
2020-12-19 20:58:09 DEBUG [t1] "TestVolatile":15: 13
2020-12-19 20:58:09 DEBUG [t1] "TestVolatile":15: 13
2020-12-19 20:58:09 DEBUG [t1] "TestVolatile":15: 13
2020-12-19 20:58:09 DEBUG [t1] "TestVolatile":15: 13
2020-12-19 20:58:09 DEBUG [t1] "TestVolatile":15: 13
2020-12-19 20:58:09 DEBUG [t1] "TestVolatile":15: 13
2020-12-19 20:58:09 DEBUG [t1] "TestVolatile":15: 13
2020-12-19 20:58:09 DEBUG [t1] "TestVolatile":15: 13
2020-12-19 20:58:09 DEBUG [t1] "TestVolatile":15: 13
2020-12-19 20:58:09 DEBUG [t1] "TestVolatile":15: 13
2020-12-19 20:58:09 DEBUG [t1] "TestVolatile":15: 13
2020-12-19 20:58:09 DEBUG [t1] "TestVolatile":15: 13
2020-12-19 20:58:09 DEBUG [t1] "TestVolatile":15: 13
2020-12-19 20:58:09 DEBUG [t1] "TestVolatile":15: 13
2020-12-19 20:58:09 DEBUG [t1] "TestVolatile":15: 13
2020-12-19 20:58:09 DEBUG [t1] "TestVolatile":15: 13
2020-12-19 20:58:09 DEBUG [t1] "TestVolatile":15: 13
2020-12-19 20:58:09 DEBUG [t1] "TestVolatile":15: 13
2020-12-19 20:58:09 DEBUG [t1] "TestVolatile":15: 13
2020-12-19 20:58:09 DEBUG [t1] "TestVolatile":15: 13
2020-12-19 20:58:09 DEBUG [t1] "TestVolatile":15: 13
2020-12-19 20:58:09 DEBUG [t1] "TestVolatile":15: 13
2020-12-19 20:58:09 DEBUG [t1] "TestVolatile":15: 13
2020-12-19 20:58:09 DEBUG [t1] "TestVolatile":15: 13
2020-12-19 20:58:09 DEBUG [t1] "TestVolatile":15: 13
2020-12-19 20:58:09 DEBUG [t1] "TestVolatile":15: 13
2020-12-19 20:58:09 DEBUG [t1] "TestVolatile":15: 13
2020-12-19 20:58:09 DEBUG [t1] "TestVolatile":15: 13
2020-12-19 20:58:09 DEBUG [t1] "TestVolatile":15: 13
2020-12-19 20:58:09 DEBUG [t1] "TestVolatile":15: 13
2020-12-19 20:58:09 DEBUG [t1] "TestVolatile":15: 13
2020-12-19 20:58:09 DEBUG [t1] "TestVolatile":15: 13
2020-12-19 20:58:09 DEBUG [t1] "TestVolatile":15: 13
2020-12-19 20:58:09 DEBUG [t1] "TestVolatile":15: 13
2020-12-19 20:58:09 DEBUG [t1] "TestVolatile":15: 13
2020-12-19 20:58:09 DEBUG [t1] "TestVolatile":15: 13
2020-12-19 20:58:09 DEBUG [t1] "TestVolatile":15: 13
2020-12-19 20:58:09 DEBUG [t1] "TestVolatile":15: 13
2020-12-19 20:58:09 DEBUG [t1] "TestVolatile":15: 13
2020-12-19 20:58:09 DEBUG [t1] "TestVolatile":15: 13
2020-12-19 20:58:09 DEBUG [t1] "TestVolatile":15: 13
2020-12-19 20:58:09 DEBUG [t1] "TestVolatile":15: 13
2020-12-19 20:58:09 DEBUG [t1] "TestVolatile":15: 13
2020-12-19 20:58:09 DEBUG [t1] "TestVolatile":15: 13
2020-12-19 20:58:09 DEBUG [t1] "TestVolatile":15: 13
2020-12-19 20:58:09 DEBUG [t1] "TestVolatile":15: 13
2020-12-19 20:58:09 DEBUG [t1] "TestVolatile":15: 13
2020-12-19 20:58:09 DEBUG [t1] "TestVolatile":15: 13
2020-12-19 20:58:09 DEBUG [t1] "TestVolatile":15: 13
2020-12-19 20:58:09 DEBUG [t1] "TestVolatile":15: 13
2020-12-19 20:58:09 DEBUG [t1] "TestVolatile":15: 13
2020-12-19 20:58:09 DEBUG [t1] "TestVolatile":15: 13
2020-12-19 20:58:09 DEBUG [t1] "TestVolatile":15: 13
2020-12-19 20:58:09 DEBUG [t1] "TestVolatile":15: 13
2020-12-19 20:58:09 DEBUG [t1] "TestVolatile":15: 13
2020-12-19 20:58:09 DEBUG [t1] "TestVolatile":15: 13
2020-12-19 20:58:09 DEBUG [t1] "TestVolatile":15: 13
2020-12-19 20:58:09 DEBUG [t1] "TestVolatile":15: 13
2020-12-19 20:58:09 DEBUG [t1] "TestVolatile":15: 13
2020-12-19 20:58:09 DEBUG [t1] "TestVolatile":15: 13
2020-12-19 20:58:09 DEBUG [t1] "TestVolatile":15: 13
2020-12-19 20:58:09 DEBUG [t1] "TestVolatile":15: 13
2020-12-19 20:58:09 DEBUG [t1] "TestVolatile":15: 13
2020-12-19 20:58:09 DEBUG [t1] "TestVolatile":15: 13
2020-12-19 20:58:09 DEBUG [t1] "TestVolatile":15: 13
2020-12-19 20:58:09 DEBUG [t1] "TestVolatile":15: 13
2020-12-19 20:58:09 DEBUG [t1] "TestVolatile":15: 13
2020-12-19 20:58:09 DEBUG [t1] "TestVolatile":15: 13
2020-12-19 20:58:09 DEBUG [t1] "TestVolatile":15: 13
2020-12-19 20:58:09 DEBUG [t1] "TestVolatile":15: 13
2020-12-19 20:58:09 DEBUG [t1] "TestVolatile":15: 13
2020-12-19 20:58:09 DEBUG [t1] "TestVolatile":15: 13
2020-12-19 20:58:09 DEBUG [t1] "TestVolatile":15: 13
2020-12-19 20:58:09 DEBUG [t1] "TestVolatile":15: 13
2020-12-19 20:58:09 DEBUG [t1] "TestVolatile":15: 13
2020-12-19 20:58:09 DEBUG [t1] "TestVolatile":15: 13
2020-12-19 20:58:09 DEBUG [t1] "TestVolatile":15: 13
2020-12-19 20:58:09 DEBUG [t1] "TestVolatile":15: 13
2020-12-19 20:58:09 DEBUG [t1] "TestVolatile":15: 13
2020-12-19 20:58:09 DEBUG [t1] "TestVolatile":15: 13
2020-12-19 20:58:09 DEBUG [t1] "TestVolatile":15: 13
2020-12-19 20:58:09 DEBUG [t1] "TestVolatile":15: 13
2020-12-19 20:58:09 DEBUG [t1] "TestVolatile":15: 13
2020-12-19 20:58:09 DEBUG [t1] "TestVolatile":15: 13
2020-12-19 20:58:09 DEBUG [t1] "TestVolatile":15: 13
2020-12-19 20:58:09 DEBUG [t1] "TestVolatile":15: 13
2020-12-19 20:58:09 DEBUG [t1] "TestVolatile":15: 13
2020-12-19 20:58:09 DEBUG [t1] "TestVolatile":15: 13
2020-12-19 20:58:09 DEBUG [t1] "TestVolatile":15: 13
2020-12-19 20:58:09 DEBUG [t1] "TestVolatile":15: 13
2020-12-19 20:58:09 DEBUG [t1] "TestVolatile":15: 13
2020-12-19 20:58:09 DEBUG [t1] "TestVolatile":15: 13
2020-12-19 20:58:09 DEBUG [t1] "TestVolatile":15: 13
2020-12-19 20:58:09 DEBUG [t1] "TestVolatile":15: 13
2020-12-19 20:58:09 DEBUG [t1] "TestVolatile":15: 13
2020-12-19 20:58:09 DEBUG [t1] "TestVolatile":15: 13
2020-12-19 20:58:09 DEBUG [t1] "TestVolatile":15: 13
2020-12-19 20:58:09 DEBUG [t1] "TestVolatile":15: 13
2020-12-19 20:58:09 DEBUG [t1] "TestVolatile":15: 13
2020-12-19 20:58:09 DEBUG [t1] "TestVolatile":15: 13
2020-12-19 20:58:09 DEBUG [t1] "TestVolatile":15: 13
2020-12-19 20:58:09 DEBUG [t1] "TestVolatile":15: 13
2020-12-19 20:58:09 DEBUG [t1] "TestVolatile":15: 13
2020-12-19 20:58:09 DEBUG [t1] "TestVolatile":15: 13
2020-12-19 20:58:09 DEBUG [t1] "TestVolatile":15: 13
2020-12-19 20:58:09 DEBUG [t1] "TestVolatile":15: 13
2020-12-19 20:58:09 DEBUG [t1] "TestVolatile":15: 13
2020-12-19 20:58:09 DEBUG [t1] "TestVolatile":15: 13
2020-12-19 20:58:09 DEBUG [t1] "TestVolatile":15: 13
2020-12-19 20:58:09 DEBUG [t1] "TestVolatile":15: 13
2020-12-19 20:58:09 DEBUG [t1] "TestVolatile":15: 13
2020-12-19 20:58:09 DEBUG [t1] "TestVolatile":15: 13
2020-12-19 20:58:09 DEBUG [t1] "TestVolatile":15: 13
2020-12-19 20:58:09 DEBUG [t1] "TestVolatile":15: 13
2020-12-19 20:58:09 DEBUG [t1] "TestVolatile":15: 13
2020-12-19 20:58:09 DEBUG [t1] "TestVolatile":15: 13
2020-12-19 20:58:09 DEBUG [t1] "TestVolatile":15: 13
2020-12-19 20:58:09 DEBUG [t1] "TestVolatile":15: 13
2020-12-19 20:58:09 DEBUG [t1] "TestVolatile":15: 13
2020-12-19 20:58:09 DEBUG [t1] "TestVolatile":15: 13
2020-12-19 20:58:09 DEBUG [t1] "TestVolatile":15: 13
2020-12-19 20:58:09 DEBUG [t1] "TestVolatile":15: 13
2020-12-19 20:58:09 DEBUG [t1] "TestVolatile":15: 13
2020-12-19 20:58:09 DEBUG [t1] "TestVolatile":15: 13
2020-12-19 20:58:09 DEBUG [t1] "TestVolatile":15: 13
2020-12-19 20:58:09 DEBUG [t1] "TestVolatile":15: 13
2020-12-19 20:58:09 DEBUG [t1] "TestVolatile":15: 13
2020-12-19 20:58:09 DEBUG [t1] "TestVolatile":15: 13
2020-12-19 20:58:09 DEBUG [t1] "TestVolatile":15: 13
2020-12-19 20:58:09 DEBUG [t1] "TestVolatile":15: 13
2020-12-19 20:58:09 DEBUG [t1] "TestVolatile":15: 13
2020-12-19 20:58:09 DEBUG [t1] "TestVolatile":15: 13
2020-12-19 20:58:09 DEBUG [t1] "TestVolatile":15: 13
2020-12-19 20:58:09 DEBUG [t1] "TestVolatile":15: 13
2020-12-19 20:58:09 DEBUG [t1] "TestVolatile":15: 13
2020-12-19 20:58:09 DEBUG [t1] "TestVolatile":15: 13
2020-12-19 20:58:09 DEBUG [t1] "TestVolatile":15: 13
2020-12-19 20:58:09 DEBUG [t1] "TestVolatile":15: 13
2020-12-19 20:58:09 DEBUG [t1] "TestVolatile":15: 13
2020-12-19 20:58:09 DEBUG [t1] "TestVolatile":15: 13
2020-12-19 20:58:09 DEBUG [t1] "TestVolatile":15: 13
2020-12-19 20:58:09 DEBUG [t1] "TestVolatile":15: 13
2020-12-19 20:58:09 DEBUG [t1] "TestVolatile":15: 13
2020-12-19 20:58:09 DEBUG [t1] "TestVolatile":15: 13
2020-12-19 20:58:09 DEBUG [t1] "TestVolatile":15: 13
2020-12-19 20:58:09 DEBUG [t1] "TestVolatile":15: 13
2020-12-19 20:58:09 DEBUG [t1] "TestVolatile":15: 13
2020-12-19 20:58:09 DEBUG [t1] "TestVolatile":15: 13
2020-12-19 20:58:09 DEBUG [t1] "TestVolatile":15: 13
2020-12-19 20:58:09 DEBUG [t1] "TestVolatile":15: 13
2020-12-19 20:58:09 DEBUG [t1] "TestVolatile":15: 13
2020-12-19 20:58:09 DEBUG [t1] "TestVolatile":15: 13
2020-12-19 20:58:09 DEBUG [t1] "TestVolatile":15: 13
2020-12-19 20:58:09 DEBUG [t1] "TestVolatile":15: 13
2020-12-19 20:58:09 DEBUG [t1] "TestVolatile":15: 13
2020-12-19 20:58:09 DEBUG [t1] "TestVolatile":15: 13
2020-12-19 20:58:09 DEBUG [t1] "TestVolatile":15: 13
2020-12-19 20:58:09 DEBUG [t1] "TestVolatile":15: 13
2020-12-19 20:58:09 DEBUG [t1] "TestVolatile":15: 13
2020-12-19 20:58:09 DEBUG [t1] "TestVolatile":15: 13
2020-12-19 20:58:09 DEBUG [t1] "TestVolatile":15: 13
2020-12-19 20:58:09 DEBUG [t1] "TestVolatile":15: 13
2020-12-19 20:58:09 DEBUG [t1] "TestVolatile":15: 13
2020-12-19 20:58:09 DEBUG [t1] "TestVolatile":15: 13
2020-12-19 20:58:09 DEBUG [t1] "TestVolatile":15: 13
2020-12-19 20:58:09 DEBUG [t1] "TestVolatile":15: 13
2020-12-19 20:58:09 DEBUG [t1] "TestVolatile":15: 13
2020-12-19 20:58:09 DEBUG [t1] "TestVolatile":15: 13
2020-12-19 20:58:09 DEBUG [t1] "TestVolatile":15: 13
2020-12-19 20:58:09 DEBUG [t1] "TestVolatile":15: 13
2020-12-19 20:58:09 DEBUG [t1] "TestVolatile":15: 13
2020-12-19 20:58:09 DEBUG [t1] "TestVolatile":15: 13
2020-12-19 20:58:09 DEBUG [t1] "TestVolatile":15: 13
2020-12-19 20:58:09 DEBUG [t1] "TestVolatile":15: 13
2020-12-19 20:58:09 DEBUG [t1] "TestVolatile":15: 13
2020-12-19 20:58:09 DEBUG [t1] "TestVolatile":15: 13
2020-12-19 20:58:09 DEBUG [t1] "TestVolatile":15: 13
2020-12-19 20:58:09 DEBUG [t1] "TestVolatile":15: 13
2020-12-19 20:58:09 DEBUG [t1] "TestVolatile":15: 13
2020-12-19 20:58:09 DEBUG [t1] "TestVolatile":15: 13
2020-12-19 20:58:09 DEBUG [t1] "TestVolatile":15: 13
2020-12-19 20:58:09 DEBUG [t1] "TestVolatile":15: 13
2020-12-19 20:58:09 DEBUG [t1] "TestVolatile":15: 13
2020-12-19 20:58:09 DEBUG [t1] "TestVolatile":15: 13
2020-12-19 20:58:09 DEBUG [t1] "TestVolatile":15: 13
2020-12-19 20:58:09 DEBUG [t1] "TestVolatile":15: 13
2020-12-19 20:58:09 DEBUG [t1] "TestVolatile":15: 13
2020-12-19 20:58:09 DEBUG [t1] "TestVolatile":15: 13
2020-12-19 20:58:09 DEBUG [t1] "TestVolatile":15: 13
2020-12-19 20:58:09 DEBUG [t1] "TestVolatile":15: 13
2020-12-19 20:58:09 DEBUG [t1] "TestVolatile":15: 13
2020-12-19 20:58:09 DEBUG [t1] "TestVolatile":15: 13
2020-12-19 20:58:09 DEBUG [t1] "TestVolatile":15: 13
2020-12-19 20:58:09 DEBUG [t1] "TestVolatile":15: 13
2020-12-19 20:58:09 DEBUG [t1] "TestVolatile":15: 13
2020-12-19 20:58:09 DEBUG [t1] "TestVolatile":15: 13
2020-12-19 20:58:09 DEBUG [t1] "TestVolatile":15: 13
2020-12-19 20:58:09 DEBUG [t1] "TestVolatile":15: 13
2020-12-19 20:58:09 DEBUG [t1] "TestVolatile":15: 13
2020-12-19 20:58:09 DEBUG [t1] "TestVolatile":15: 13
2020-12-19 20:58:09 DEBUG [t1] "TestVolatile":15: 13
2020-12-19 20:58:09 DEBUG [t1] "TestVolatile":15: 13
2020-12-19 20:58:09 DEBUG [t1] "TestVolatile":15: 13
2020-12-19 20:58:09 DEBUG [t1] "TestVolatile":15: 13
2020-12-19 20:58:09 DEBUG [t1] "TestVolatile":15: 13
2020-12-19 20:58:09 DEBUG [t1] "TestVolatile":15: 13
2020-12-19 20:58:09 DEBUG [t1] "TestVolatile":15: 13
2020-12-19 20:58:09 DEBUG [t1] "TestVolatile":15: 13
2020-12-19 20:58:09 DEBUG [t1] "TestVolatile":15: 13
2020-12-19 20:58:09 DEBUG [t1] "TestVolatile":15: 13
2020-12-19 20:58:09 DEBUG [t1] "TestVolatile":15: 13
2020-12-19 20:58:09 DEBUG [t1] "TestVolatile":15: 13
2020-12-19 20:58:09 DEBUG [t1] "TestVolatile":15: 13
2020-12-19 20:58:09 DEBUG [t1] "TestVolatile":15: 13
2020-12-19 20:58:09 DEBUG [t1] "TestVolatile":15: 13
2020-12-19 20:58:09 DEBUG [t1] "TestVolatile":15: 13
2020-12-19 20:58:09 DEBUG [t1] "TestVolatile":15: 13
2020-12-19 20:58:09 DEBUG [t1] "TestVolatile":15: 13
2020-12-19 20:58:09 DEBUG [t1] "TestVolatile":15: 13
2020-12-19 20:58:09 DEBUG [t1] "TestVolatile":15: 13
2020-12-19 20:58:09 DEBUG [t1] "TestVolatile":15: 13
2020-12-19 20:58:09 DEBUG [t1] "TestVolatile":15: 13
2020-12-19 20:58:09 DEBUG [t1] "TestVolatile":15: 13
2020-12-19 20:58:09 DEBUG [t1] "TestVolatile":15: 13
2020-12-19 20:58:09 DEBUG [t1] "TestVolatile":15: 13
2020-12-19 20:58:09 DEBUG [t1] "TestVolatile":15: 13
2020-12-19 20:58:09 DEBUG [t1] "TestVolatile":15: 13
2020-12-19 20:58:09 DEBUG [t1] "TestVolatile":15: 13
2020-12-19 20:58:09 DEBUG [t1] "TestVolatile":15: 13
2020-12-19 20:58:09 DEBUG [t1] "TestVolatile":15: 13
2020-12-19 20:58:09 DEBUG [t1] "TestVolatile":15: 13
2020-12-19 20:58:09 DEBUG [t1] "TestVolatile":15: 13
2020-12-19 20:58:09 DEBUG [t1] "TestVolatile":15: 13
2020-12-19 20:58:09 DEBUG [t1] "TestVolatile":15: 13
2020-12-19 20:58:09 DEBUG [t1] "TestVolatile":15: 13
2020-12-19 20:58:09 DEBUG [t1] "TestVolatile":15: 13
2020-12-19 20:58:09 DEBUG [t1] "TestVolatile":15: 13
2020-12-19 20:58:09 DEBUG [t1] "TestVolatile":15: 13
2020-12-19 20:58:09 DEBUG [t1] "TestVolatile":15: 13
2020-12-19 20:58:09 DEBUG [t1] "TestVolatile":15: 13
2020-12-19 20:58:09 DEBUG [t1] "TestVolatile":15: 13
2020-12-19 20:58:09 DEBUG [t1] "TestVolatile":15: 13
2020-12-19 20:58:09 DEBUG [t1] "TestVolatile":15: 13
2020-12-19 20:58:09 DEBUG [t1] "TestVolatile":15: 13
2020-12-19 20:58:09 DEBUG [t1] "TestVolatile":15: 13
2020-12-19 20:58:09 DEBUG [t1] "TestVolatile":15: 13
2020-12-19 20:58:09 DEBUG [t1] "TestVolatile":15: 13
2020-12-19 20:58:09 DEBUG [t1] "TestVolatile":15: 13
2020-12-19 20:58:09 DEBUG [t1] "TestVolatile":15: 13
2020-12-19 20:58:09 DEBUG [t1] "TestVolatile":15: 13
2020-12-19 20:58:09 DEBUG [t1] "TestVolatile":15: 13
2020-12-19 20:58:09 DEBUG [t1] "TestVolatile":15: 13
2020-12-19 20:58:09 DEBUG [t1] "TestVolatile":15: 13
2020-12-19 20:58:09 DEBUG [t1] "TestVolatile":15: 13
2020-12-19 20:58:09 DEBUG [t1] "TestVolatile":15: 13
2020-12-19 20:58:09 DEBUG [t1] "TestVolatile":15: 13
2020-12-19 20:58:09 DEBUG [t1] "TestVolatile":15: 13
2020-12-19 20:58:09 DEBUG [t1] "TestVolatile":15: 13
2020-12-19 20:58:09 DEBUG [t1] "TestVolatile":15: 13
2020-12-19 20:58:09 DEBUG [t1] "TestVolatile":15: 13
2020-12-19 20:58:09 DEBUG [t1] "TestVolatile":15: 13
2020-12-19 20:58:09 DEBUG [t1] "TestVolatile":15: 13
2020-12-19 20:58:09 DEBUG [t1] "TestVolatile":15: 13
2020-12-19 20:58:09 DEBUG [t1] "TestVolatile":15: 13
2020-12-19 20:58:09 DEBUG [t1] "TestVolatile":15: 13
2020-12-19 20:58:09 DEBUG [t1] "TestVolatile":15: 13
2020-12-19 20:58:09 DEBUG [t1] "TestVolatile":15: 13
2020-12-19 20:58:09 DEBUG [t1] "TestVolatile":15: 13
2020-12-19 20:58:09 DEBUG [t1] "TestVolatile":15: 13
2020-12-19 20:58:09 DEBUG [t1] "TestVolatile":15: 13
2020-12-19 20:58:09 DEBUG [t1] "TestVolatile":15: 13
2020-12-19 20:58:09 DEBUG [t1] "TestVolatile":15: 13
2020-12-19 20:58:09 DEBUG [t1] "TestVolatile":15: 13
2020-12-19 20:58:09 DEBUG [t1] "TestVolatile":15: 13
2020-12-19 20:58:09 DEBUG [t1] "TestVolatile":15: 13
2020-12-19 20:58:09 DEBUG [t1] "TestVolatile":15: 13
2020-12-19 20:58:09 DEBUG [t1] "TestVolatile":15: 13
2020-12-19 20:58:09 DEBUG [t1] "TestVolatile":15: 13
2020-12-19 20:58:09 DEBUG [t1] "TestVolatile":15: 13
2020-12-19 20:58:09 DEBUG [t1] "TestVolatile":15: 13
2020-12-19 20:58:09 DEBUG [t1] "TestVolatile":15: 13
2020-12-19 20:58:09 DEBUG [t1] "TestVolatile":15: 13
2020-12-19 20:58:09 DEBUG [t1] "TestVolatile":15: 13
2020-12-19 20:58:09 DEBUG [t1] "TestVolatile":15: 13
2020-12-19 20:58:09 DEBUG [t1] "TestVolatile":15: 13
2020-12-19 20:58:09 DEBUG [t1] "TestVolatile":15: 13
2020-12-19 20:58:09 DEBUG [t1] "TestVolatile":15: 13
2020-12-19 20:58:09 DEBUG [t1] "TestVolatile":15: 13
2020-12-19 20:58:09 DEBUG [t1] "TestVolatile":15: 13
2020-12-19 20:58:09 DEBUG [t1] "TestVolatile":15: 13
2020-12-19 20:58:09 DEBUG [t1] "TestVolatile":15: 13
2020-12-19 20:58:09 DEBUG [t1] "TestVolatile":15: 13
2020-12-19 20:58:09 DEBUG [t1] "TestVolatile":15: 13
2020-12-19 20:58:09 DEBUG [t1] "TestVolatile":15: 13
2020-12-19 20:58:09 DEBUG [t1] "TestVolatile":15: 13
2020-12-19 20:58:09 DEBUG [t1] "TestVolatile":15: 13
2020-12-19 20:58:09 DEBUG [t1] "TestVolatile":15: 13
2020-12-19 20:58:09 DEBUG [t1] "TestVolatile":15: 13
2020-12-19 20:58:09 DEBUG [t1] "TestVolatile":15: 13
2020-12-19 20:58:09 DEBUG [t1] "TestVolatile":15: 13
2020-12-19 20:58:09 DEBUG [t1] "TestVolatile":15: 13
2020-12-19 20:58:09 DEBUG [t1] "TestVolatile":15: 13
2020-12-19 20:58:09 DEBUG [t1] "TestVolatile":15: 13
2020-12-19 20:58:09 DEBUG [t1] "TestVolatile":15: 13
2020-12-19 20:58:09 DEBUG [t1] "TestVolatile":15: 13
2020-12-19 20:58:09 DEBUG [t1] "TestVolatile":15: 13
2020-12-19 20:58:09 DEBUG [t1] "TestVolatile":15: 13
2020-12-19 20:58:09 DEBUG [t1] "TestVolatile":15: 13
2020-12-19 20:58:09 DEBUG [t1] "TestVolatile":15: 13
2020-12-19 20:58:09 DEBUG [t1] "TestVolatile":15: 13
2020-12-19 20:58:09 DEBUG [t1] "TestVolatile":15: 13
2020-12-19 20:58:09 DEBUG [t1] "TestVolatile":15: 13
2020-12-19 20:58:09 DEBUG [t1] "TestVolatile":15: 13
2020-12-19 20:58:09 DEBUG [t1] "TestVolatile":15: 13
2020-12-19 20:58:09 DEBUG [t1] "TestVolatile":15: 13
2020-12-19 20:58:09 DEBUG [t1] "TestVolatile":15: 13
2020-12-19 20:58:09 DEBUG [t1] "TestVolatile":15: 13
2020-12-19 20:58:09 DEBUG [t1] "TestVolatile":15: 13
2020-12-19 20:58:09 DEBUG [t1] "TestVolatile":15: 13
2020-12-19 20:58:09 DEBUG [t1] "TestVolatile":15: 13
2020-12-19 20:58:09 DEBUG [t1] "TestVolatile":15: 13
2020-12-19 20:58:09 DEBUG [t1] "TestVolatile":15: 13
2020-12-19 20:58:09 DEBUG [t1] "TestVolatile":15: 13
2020-12-19 20:58:09 DEBUG [t1] "TestVolatile":15: 13
2020-12-19 20:58:09 DEBUG [t1] "TestVolatile":15: 13
2020-12-19 20:58:09 DEBUG [t1] "TestVolatile":15: 13
2020-12-19 20:58:09 DEBUG [t1] "TestVolatile":15: 13
2020-12-19 20:58:09 DEBUG [t1] "TestVolatile":15: 13
2020-12-19 20:58:09 DEBUG [t1] "TestVolatile":15: 13
2020-12-19 20:58:09 DEBUG [t1] "TestVolatile":15: 13
2020-12-19 20:58:09 DEBUG [t1] "TestVolatile":15: 13
2020-12-19 20:58:09 DEBUG [t1] "TestVolatile":15: 13
2020-12-19 20:58:09 DEBUG [t1] "TestVolatile":15: 13
2020-12-19 20:58:09 DEBUG [t1] "TestVolatile":15: 13
2020-12-19 20:58:09 DEBUG [t1] "TestVolatile":15: 13
2020-12-19 20:58:09 DEBUG [t1] "TestVolatile":15: 13
2020-12-19 20:58:09 DEBUG [t1] "TestVolatile":15: 13
2020-12-19 20:58:09 DEBUG [t1] "TestVolatile":15: 13
2020-12-19 20:58:09 DEBUG [t1] "TestVolatile":15: 13
2020-12-19 20:58:09 DEBUG [t1] "TestVolatile":15: 13
2020-12-19 20:58:09 DEBUG [t1] "TestVolatile":15: 13
2020-12-19 20:58:09 DEBUG [t1] "TestVolatile":15: 13
2020-12-19 20:58:09 DEBUG [t1] "TestVolatile":15: 13
2020-12-19 20:58:09 DEBUG [t1] "TestVolatile":15: 13
2020-12-19 20:58:09 DEBUG [t1] "TestVolatile":15: 13
2020-12-19 20:58:09 DEBUG [t1] "TestVolatile":15: 13
2020-12-19 20:58:09 DEBUG [t1] "TestVolatile":15: 13
2020-12-19 20:58:09 DEBUG [t1] "TestVolatile":15: 13
2020-12-19 20:58:09 DEBUG [t1] "TestVolatile":15: 13
2020-12-19 20:58:09 DEBUG [t1] "TestVolatile":15: 13
2020-12-19 20:58:09 DEBUG [t1] "TestVolatile":15: 13
2020-12-19 20:58:09 DEBUG [t1] "TestVolatile":15: 13
2020-12-19 20:58:09 DEBUG [t1] "TestVolatile":15: 13
2020-12-19 20:58:09 DEBUG [t1] "TestVolatile":15: 13
2020-12-19 20:58:09 DEBUG [t1] "TestVolatile":15: 13
2020-12-19 20:58:09 DEBUG [t1] "TestVolatile":15: 13
2020-12-19 20:58:09 DEBUG [t1] "TestVolatile":15: 13
2020-12-19 20:58:09 DEBUG [t1] "TestVolatile":15: 13
2020-12-19 20:58:09 DEBUG [t1] "TestVolatile":15: 13
2020-12-19 20:58:09 DEBUG [t1] "TestVolatile":15: 13
2020-12-19 20:58:09 DEBUG [t1] "TestVolatile":15: 13
2020-12-19 20:58:09 DEBUG [t1] "TestVolatile":15: 13
2020-12-19 20:58:09 DEBUG [t1] "TestVolatile":15: 13
2020-12-19 20:58:09 DEBUG [t1] "TestVolatile":15: 13
2020-12-19 20:58:09 DEBUG [t1] "TestVolatile":15: 13
2020-12-19 20:58:09 DEBUG [t1] "TestVolatile":15: 13
2020-12-19 20:58:09 DEBUG [t1] "TestVolatile":15: 13
2020-12-19 20:58:09 DEBUG [t1] "TestVolatile":15: 13
2020-12-19 20:58:09 DEBUG [t1] "TestVolatile":15: 13
2020-12-19 20:58:09 DEBUG [t1] "TestVolatile":15: 13
2020-12-19 20:58:09 DEBUG [t1] "TestVolatile":15: 13
2020-12-19 20:58:09 DEBUG [t1] "TestVolatile":15: 13
2020-12-19 20:58:09 DEBUG [t1] "TestVolatile":15: 13
2020-12-19 20:58:09 DEBUG [t1] "TestVolatile":15: 13
2020-12-19 20:58:09 DEBUG [t1] "TestVolatile":15: 13
2020-12-19 20:58:09 DEBUG [t1] "TestVolatile":15: 13
2020-12-19 20:58:09 DEBUG [t1] "TestVolatile":15: 13
2020-12-19 20:58:09 DEBUG [t1] "TestVolatile":15: 13
2020-12-19 20:58:09 DEBUG [t1] "TestVolatile":15: 13
2020-12-19 20:58:09 DEBUG [t1] "TestVolatile":15: 13
2020-12-19 20:58:09 DEBUG [t1] "TestVolatile":15: 13
2020-12-19 20:58:09 DEBUG [t1] "TestVolatile":15: 13
2020-12-19 20:58:09 DEBUG [t1] "TestVolatile":15: 13
2020-12-19 20:58:09 DEBUG [t1] "TestVolatile":15: 13
2020-12-19 20:58:09 DEBUG [t1] "TestVolatile":15: 13
2020-12-19 20:58:09 DEBUG [t1] "TestVolatile":15: 13
2020-12-19 20:58:09 DEBUG [t1] "TestVolatile":15: 13
2020-12-19 20:58:09 DEBUG [t1] "TestVolatile":15: 13
2020-12-19 20:58:09 DEBUG [t1] "TestVolatile":15: 13
2020-12-19 20:58:09 DEBUG [t1] "TestVolatile":15: 13
2020-12-19 20:58:09 DEBUG [t1] "TestVolatile":15: 13
2020-12-19 20:58:09 DEBUG [t1] "TestVolatile":15: 13
2020-12-19 20:58:09 DEBUG [t1] "TestVolatile":15: 13
2020-12-19 20:58:09 DEBUG [t1] "TestVolatile":15: 13
2020-12-19 20:58:09 DEBUG [t1] "TestVolatile":15: 13
2020-12-19 20:58:09 DEBUG [t1] "TestVolatile":15: 13
2020-12-19 20:58:09 DEBUG [t1] "TestVolatile":15: 13
2020-12-19 20:58:09 DEBUG [t1] "TestVolatile":15: 13
2020-12-19 20:58:09 DEBUG [t1] "TestVolatile":15: 13
2020-12-19 20:58:09 DEBUG [t1] "TestVolatile":15: 13
2020-12-19 20:58:09 DEBUG [t1] "TestVolatile":15: 13
2020-12-19 20:58:09 DEBUG [t1] "TestVolatile":15: 13
2020-12-19 20:58:09 DEBUG [t1] "TestVolatile":15: 13
2020-12-19 20:58:09 DEBUG [t1] "TestVolatile":15: 13
2020-12-19 20:58:10 DEBUG [t1] "TestVolatile":15: 13
2020-12-19 20:58:10 DEBUG [t1] "TestVolatile":15: 13
2020-12-19 20:58:10 DEBUG [t1] "TestVolatile":15: 13
2020-12-19 20:58:10 DEBUG [t1] "TestVolatile":15: 13
2020-12-19 20:58:10 DEBUG [t1] "TestVolatile":15: 13
2020-12-19 20:58:10 DEBUG [t1] "TestVolatile":15: 13
2020-12-19 20:58:10 DEBUG [t1] "TestVolatile":15: 13
2020-12-19 20:58:10 DEBUG [t1] "TestVolatile":15: 13
2020-12-19 20:58:10 DEBUG [t1] "TestVolatile":15: 13
2020-12-19 20:58:10 DEBUG [t1] "TestVolatile":15: 13
2020-12-19 20:58:10 DEBUG [t1] "TestVolatile":15: 13
2020-12-19 20:58:10 DEBUG [t1] "TestVolatile":15: 13
2020-12-19 20:58:10 DEBUG [t1] "TestVolatile":15: 13
2020-12-19 20:58:10 DEBUG [t1] "TestVolatile":15: 13
2020-12-19 20:58:10 DEBUG [t1] "TestVolatile":15: 13
2020-12-19 20:58:10 DEBUG [t1] "TestVolatile":15: 13
2020-12-19 20:58:10 DEBUG [t1] "TestVolatile":15: 13
2020-12-19 20:58:10 DEBUG [t1] "TestVolatile":15: 13
2020-12-19 20:58:10 DEBUG [t1] "TestVolatile":15: 13
2020-12-19 20:58:10 DEBUG [t1] "TestVolatile":15: 13
2020-12-19 20:58:10 DEBUG [t1] "TestVolatile":15: 13
2020-12-19 20:58:10 DEBUG [t1] "TestVolatile":15: 13
2020-12-19 20:58:10 DEBUG [t1] "TestVolatile":15: 13
2020-12-19 20:58:10 DEBUG [t1] "TestVolatile":15: 13
2020-12-19 20:58:10 DEBUG [t1] "TestVolatile":15: 13
2020-12-19 20:58:10 DEBUG [t1] "TestVolatile":15: 13
2020-12-19 20:58:10 DEBUG [t1] "TestVolatile":15: 13
2020-12-19 20:58:10 DEBUG [t1] "TestVolatile":15: 13
2020-12-19 20:58:10 DEBUG [t1] "TestVolatile":15: 13
2020-12-19 20:58:10 DEBUG [t1] "TestVolatile":15: 13
2020-12-19 20:58:10 DEBUG [t1] "TestVolatile":15: 13
2020-12-19 20:58:10 DEBUG [t1] "TestVolatile":15: 13
2020-12-19 20:58:10 DEBUG [t1] "TestVolatile":15: 13
2020-12-19 20:58:10 DEBUG [t1] "TestVolatile":15: 13
2020-12-19 20:58:10 DEBUG [t1] "TestVolatile":15: 13
2020-12-19 20:58:10 DEBUG [t1] "TestVolatile":15: 13
2020-12-19 20:58:10 DEBUG [t1] "TestVolatile":15: 13
2020-12-19 20:58:10 DEBUG [t1] "TestVolatile":15: 13
2020-12-19 20:58:10 DEBUG [t1] "TestVolatile":15: 13
2020-12-19 20:58:10 DEBUG [t1] "TestVolatile":15: 13
2020-12-19 20:58:10 DEBUG [t1] "TestVolatile":15: 13
2020-12-19 20:58:10 DEBUG [t1] "TestVolatile":15: 13
2020-12-19 20:58:10 DEBUG [t1] "TestVolatile":15: 13
2020-12-19 20:58:10 DEBUG [t1] "TestVolatile":15: 13
2020-12-19 20:58:10 DEBUG [t1] "TestVolatile":15: 13
2020-12-19 20:58:10 DEBUG [t1] "TestVolatile":15: 13
2020-12-19 20:58:10 DEBUG [t1] "TestVolatile":15: 13
2020-12-19 20:58:10 DEBUG [t1] "TestVolatile":15: 13
2020-12-19 20:58:10 DEBUG [t1] "TestVolatile":15: 13
2020-12-19 20:58:10 DEBUG [t1] "TestVolatile":15: 13
2020-12-19 20:58:10 DEBUG [t1] "TestVolatile":15: 13
2020-12-19 20:58:10 DEBUG [t1] "TestVolatile":15: 13
2020-12-19 20:58:10 DEBUG [t1] "TestVolatile":15: 13
2020-12-19 20:58:10 DEBUG [t1] "TestVolatile":15: 13
2020-12-19 20:58:10 DEBUG [t1] "TestVolatile":15: 13
2020-12-19 20:58:10 DEBUG [t1] "TestVolatile":15: 13
2020-12-19 20:58:10 DEBUG [t1] "TestVolatile":15: 13
2020-12-19 20:58:10 DEBUG [t1] "TestVolatile":15: 13
2020-12-19 20:58:10 DEBUG [t1] "TestVolatile":15: 13
2020-12-19 20:58:10 DEBUG [t1] "TestVolatile":15: 13
2020-12-19 20:58:10 DEBUG [t1] "TestVolatile":15: 13
2020-12-19 20:58:10 DEBUG [t1] "TestVolatile":15: 13
2020-12-19 20:58:10 DEBUG [t1] "TestVolatile":15: 13
2020-12-19 20:58:10 DEBUG [t1] "TestVolatile":15: 13
2020-12-19 20:58:10 DEBUG [t1] "TestVolatile":15: 13
2020-12-19 20:58:10 DEBUG [t1] "TestVolatile":15: 13
2020-12-19 20:58:10 DEBUG [t1] "TestVolatile":15: 13
2020-12-19 20:58:10 DEBUG [t1] "TestVolatile":15: 13
2020-12-19 20:58:10 DEBUG [t1] "TestVolatile":15: 13
2020-12-19 20:58:10 DEBUG [t1] "TestVolatile":15: 13
2020-12-19 20:58:10 DEBUG [t1] "TestVolatile":15: 13
2020-12-19 20:58:10 DEBUG [t1] "TestVolatile":15: 13
2020-12-19 20:58:10 DEBUG [t1] "TestVolatile":15: 13
2020-12-19 20:58:10 DEBUG [t1] "TestVolatile":15: 13
2020-12-19 20:58:10 DEBUG [t1] "TestVolatile":15: 13
2020-12-19 20:58:10 DEBUG [t1] "TestVolatile":15: 13
2020-12-19 20:58:10 DEBUG [t1] "TestVolatile":15: 13
2020-12-19 20:58:10 DEBUG [t1] "TestVolatile":15: 13
2020-12-19 20:58:10 DEBUG [t1] "TestVolatile":15: 13
2020-12-19 20:58:10 DEBUG [t1] "TestVolatile":15: 13
2020-12-19 20:58:10 DEBUG [t1] "TestVolatile":15: 13
2020-12-19 20:58:10 DEBUG [t1] "TestVolatile":15: 13
2020-12-19 20:58:10 DEBUG [t1] "TestVolatile":15: 13
2020-12-19 20:58:10 DEBUG [t1] "TestVolatile":15: 13
2020-12-19 20:58:10 DEBUG [t1] "TestVolatile":15: 13
2020-12-19 20:58:10 DEBUG [t1] "TestVolatile":15: 13
2020-12-19 20:58:10 DEBUG [t1] "TestVolatile":15: 13
2020-12-19 20:58:10 DEBUG [t1] "TestVolatile":15: 13
2020-12-19 20:58:10 DEBUG [t1] "TestVolatile":15: 13
2020-12-19 20:58:10 DEBUG [t1] "TestVolatile":15: 13
2020-12-19 20:58:10 DEBUG [t1] "TestVolatile":15: 13
2020-12-19 20:58:10 DEBUG [t1] "TestVolatile":15: 13
2020-12-19 20:58:10 DEBUG [t1] "TestVolatile":15: 13
2020-12-19 20:58:10 DEBUG [t1] "TestVolatile":15: 13
2020-12-19 20:58:10 DEBUG [t1] "TestVolatile":15: 13
2020-12-19 20:58:10 DEBUG [t1] "TestVolatile":15: 13
2020-12-19 20:58:10 DEBUG [t1] "TestVolatile":15: 13
2020-12-19 20:58:10 DEBUG [t1] "TestVolatile":15: 13
2020-12-19 20:58:10 DEBUG [t1] "TestVolatile":15: 13
2020-12-19 20:58:10 DEBUG [t1] "TestVolatile":15: 13
2020-12-19 20:58:10 DEBUG [t1] "TestVolatile":15: 13
2020-12-19 20:58:10 DEBUG [t1] "TestVolatile":15: 13
2020-12-19 20:58:10 DEBUG [t1] "TestVolatile":15: 13
2020-12-19 20:58:10 DEBUG [t1] "TestVolatile":15: 13
2020-12-19 20:58:10 DEBUG [t1] "TestVolatile":15: 13
2020-12-19 20:58:10 DEBUG [t1] "TestVolatile":15: 13
2020-12-19 20:58:10 DEBUG [t1] "TestVolatile":15: 13
2020-12-19 20:58:10 DEBUG [t1] "TestVolatile":15: 13
2020-12-19 20:58:10 DEBUG [t1] "TestVolatile":15: 13
2020-12-19 20:58:10 DEBUG [t1] "TestVolatile":15: 13
2020-12-19 20:58:10 DEBUG [t1] "TestVolatile":15: 13
2020-12-19 20:58:10 DEBUG [t1] "TestVolatile":15: 13
2020-12-19 20:58:10 DEBUG [t1] "TestVolatile":15: 13
2020-12-19 20:58:10 DEBUG [t1] "TestVolatile":15: 13
2020-12-19 20:58:10 DEBUG [t1] "TestVolatile":15: 13
2020-12-19 20:58:10 DEBUG [t1] "TestVolatile":15: 13
2020-12-19 20:58:10 DEBUG [t1] "TestVolatile":15: 13
2020-12-19 20:58:10 DEBUG [t1] "TestVolatile":15: 13
2020-12-19 20:58:10 DEBUG [t1] "TestVolatile":15: 13
2020-12-19 20:58:10 DEBUG [t1] "TestVolatile":15: 13
2020-12-19 20:58:10 DEBUG [t1] "TestVolatile":15: 13
2020-12-19 20:58:10 DEBUG [t1] "TestVolatile":15: 13
2020-12-19 20:58:10 DEBUG [t1] "TestVolatile":15: 13
2020-12-19 20:58:10 DEBUG [t1] "TestVolatile":15: 13
2020-12-19 20:58:10 DEBUG [t1] "TestVolatile":15: 13
2020-12-19 20:58:10 DEBUG [t1] "TestVolatile":15: 13
2020-12-19 20:58:10 DEBUG [t1] "TestVolatile":15: 13
2020-12-19 20:58:10 DEBUG [t1] "TestVolatile":15: 13
2020-12-19 20:58:10 DEBUG [t1] "TestVolatile":15: 13
2020-12-19 20:58:10 DEBUG [t1] "TestVolatile":15: 13
2020-12-19 20:58:10 DEBUG [t1] "TestVolatile":15: 13
2020-12-19 20:58:10 DEBUG [t1] "TestVolatile":15: 13
2020-12-19 20:58:10 DEBUG [t1] "TestVolatile":15: 13
2020-12-19 20:58:10 DEBUG [t1] "TestVolatile":15: 13
2020-12-19 20:58:10 DEBUG [t1] "TestVolatile":15: 13
2020-12-19 20:58:10 DEBUG [t1] "TestVolatile":15: 13
2020-12-19 20:58:10 DEBUG [t1] "TestVolatile":15: 13
2020-12-19 20:58:10 DEBUG [t1] "TestVolatile":15: 13
2020-12-19 20:58:10 DEBUG [t1] "TestVolatile":15: 13
2020-12-19 20:58:10 DEBUG [t1] "TestVolatile":15: 13
2020-12-19 20:58:10 DEBUG [t1] "TestVolatile":15: 13
2020-12-19 20:58:10 DEBUG [t1] "TestVolatile":15: 13
2020-12-19 20:58:10 DEBUG [t1] "TestVolatile":15: 13
2020-12-19 20:58:10 DEBUG [t1] "TestVolatile":15: 13
2020-12-19 20:58:10 DEBUG [t1] "TestVolatile":15: 13
2020-12-19 20:58:10 DEBUG [t1] "TestVolatile":15: 13
2020-12-19 20:58:10 DEBUG [t1] "TestVolatile":15: 13
2020-12-19 20:58:10 DEBUG [t1] "TestVolatile":15: 13
2020-12-19 20:58:10 DEBUG [t1] "TestVolatile":15: 13
2020-12-19 20:58:10 DEBUG [t1] "TestVolatile":15: 13
2020-12-19 20:58:10 DEBUG [t1] "TestVolatile":15: 13
2020-12-19 20:58:10 DEBUG [t1] "TestVolatile":15: 13
2020-12-19 20:58:10 DEBUG [t1] "TestVolatile":15: 13
2020-12-19 20:58:10 DEBUG [t1] "TestVolatile":15: 13
2020-12-19 20:58:10 DEBUG [t1] "TestVolatile":15: 13
2020-12-19 20:58:10 DEBUG [t1] "TestVolatile":15: 13
2020-12-19 20:58:10 DEBUG [t1] "TestVolatile":15: 13
2020-12-19 20:58:10 DEBUG [t1] "TestVolatile":15: 13
2020-12-19 20:58:10 DEBUG [t1] "TestVolatile":15: 13
2020-12-19 20:58:10 DEBUG [t1] "TestVolatile":15: 13
2020-12-19 20:58:10 DEBUG [t1] "TestVolatile":15: 13
2020-12-19 20:58:10 DEBUG [t1] "TestVolatile":15: 13
2020-12-19 20:58:10 DEBUG [t1] "TestVolatile":15: 13
2020-12-19 20:58:10 DEBUG [t1] "TestVolatile":15: 13
2020-12-19 20:58:10 DEBUG [t1] "TestVolatile":15: 13
2020-12-19 20:58:10 DEBUG [t1] "TestVolatile":15: 13
2020-12-19 20:58:10 DEBUG [t1] "TestVolatile":15: 13
2020-12-19 20:58:10 DEBUG [t1] "TestVolatile":15: 13
2020-12-19 20:58:10 DEBUG [t1] "TestVolatile":15: 13
2020-12-19 20:58:10 DEBUG [t1] "TestVolatile":15: 13
2020-12-19 20:58:10 DEBUG [t1] "TestVolatile":15: 13
2020-12-19 20:58:10 DEBUG [t1] "TestVolatile":15: 13
2020-12-19 20:58:10 DEBUG [t1] "TestVolatile":15: 13
2020-12-19 20:58:10 DEBUG [t1] "TestVolatile":15: 13
2020-12-19 20:58:10 DEBUG [t1] "TestVolatile":15: 13
2020-12-19 20:58:10 DEBUG [t1] "TestVolatile":15: 13
2020-12-19 20:58:10 DEBUG [t1] "TestVolatile":15: 13
2020-12-19 20:58:10 DEBUG [t1] "TestVolatile":15: 13
2020-12-19 20:58:10 DEBUG [t1] "TestVolatile":15: 13
2020-12-19 20:58:10 DEBUG [t1] "TestVolatile":15: 13
2020-12-19 20:58:10 DEBUG [t1] "TestVolatile":15: 13
2020-12-19 20:58:10 DEBUG [t1] "TestVolatile":15: 13
2020-12-19 20:58:10 DEBUG [t1] "TestVolatile":15: 13
2020-12-19 20:58:10 DEBUG [t1] "TestVolatile":15: 13
2020-12-19 20:58:10 DEBUG [t1] "TestVolatile":15: 13
2020-12-19 20:58:10 DEBUG [t1] "TestVolatile":15: 13
2020-12-19 20:58:10 DEBUG [t1] "TestVolatile":15: 13
2020-12-19 20:58:10 DEBUG [t1] "TestVolatile":15: 13
2020-12-19 20:58:10 DEBUG [t1] "TestVolatile":15: 13
2020-12-19 20:58:10 DEBUG [t1] "TestVolatile":15: 13
2020-12-19 20:58:10 DEBUG [t1] "TestVolatile":15: 13
2020-12-19 20:58:10 DEBUG [t1] "TestVolatile":15: 13
2020-12-19 20:58:10 DEBUG [t1] "TestVolatile":15: 13
2020-12-19 20:58:10 DEBUG [t1] "TestVolatile":15: 13
2020-12-19 20:58:10 DEBUG [t1] "TestVolatile":15: 13
2020-12-19 20:58:10 DEBUG [t1] "TestVolatile":15: 13
2020-12-19 20:58:10 DEBUG [t1] "TestVolatile":15: 13
2020-12-19 20:58:10 DEBUG [t1] "TestVolatile":15: 13
2020-12-19 20:58:10 DEBUG [t1] "TestVolatile":15: 13
2020-12-19 20:58:10 DEBUG [t1] "TestVolatile":15: 13
2020-12-19 20:58:10 DEBUG [t1] "TestVolatile":15: 13
2020-12-19 20:58:10 DEBUG [t1] "TestVolatile":15: 13
2020-12-19 20:58:10 DEBUG [t1] "TestVolatile":15: 13
2020-12-19 20:58:10 DEBUG [t1] "TestVolatile":15: 13
2020-12-19 20:58:10 DEBUG [t1] "TestVolatile":15: 13
2020-12-19 20:58:10 DEBUG [t1] "TestVolatile":15: 13
2020-12-19 20:58:10 DEBUG [t1] "TestVolatile":15: 13
2020-12-19 20:58:10 DEBUG [t1] "TestVolatile":15: 13
2020-12-19 20:58:10 DEBUG [t1] "TestVolatile":15: 13
2020-12-19 20:58:10 DEBUG [t1] "TestVolatile":15: 13
2020-12-19 20:58:10 DEBUG [t1] "TestVolatile":15: 13
2020-12-19 20:58:10 DEBUG [t1] "TestVolatile":15: 13
2020-12-19 20:58:10 DEBUG [t1] "TestVolatile":15: 13
2020-12-19 20:58:10 DEBUG [t1] "TestVolatile":15: 13
2020-12-19 20:58:10 DEBUG [t1] "TestVolatile":15: 13
2020-12-19 20:58:10 DEBUG [t1] "TestVolatile":15: 13
2020-12-19 20:58:10 DEBUG [t1] "TestVolatile":15: 13
2020-12-19 20:58:10 DEBUG [t1] "TestVolatile":15: 13
2020-12-19 20:58:10 DEBUG [t1] "TestVolatile":15: 13
2020-12-19 20:58:10 DEBUG [t1] "TestVolatile":15: 13
2020-12-19 20:58:10 DEBUG [t1] "TestVolatile":15: 13
2020-12-19 20:58:10 DEBUG [t1] "TestVolatile":15: 13
2020-12-19 20:58:10 DEBUG [t1] "TestVolatile":15: 13
2020-12-19 20:58:10 DEBUG [t1] "TestVolatile":15: 13
2020-12-19 20:58:10 DEBUG [t1] "TestVolatile":15: 13
2020-12-19 20:58:10 DEBUG [t1] "TestVolatile":15: 13
2020-12-19 20:58:10 DEBUG [t1] "TestVolatile":15: 13
2020-12-19 20:58:10 DEBUG [t1] "TestVolatile":15: 13
2020-12-19 20:58:10 DEBUG [t1] "TestVolatile":15: 13
2020-12-19 20:58:10 DEBUG [t1] "TestVolatile":15: 13
2020-12-19 20:58:10 DEBUG [t1] "TestVolatile":15: 13
2020-12-19 20:58:10 DEBUG [t1] "TestVolatile":15: 13
2020-12-19 20:58:10 DEBUG [t1] "TestVolatile":15: 13
2020-12-19 20:58:10 DEBUG [t1] "TestVolatile":15: 13
2020-12-19 20:58:10 DEBUG [t1] "TestVolatile":15: 13
2020-12-19 20:58:10 DEBUG [t1] "TestVolatile":15: 13
2020-12-19 20:58:10 DEBUG [t1] "TestVolatile":15: 13
2020-12-19 20:58:10 DEBUG [t1] "TestVolatile":15: 13
2020-12-19 20:58:10 DEBUG [t1] "TestVolatile":15: 13
2020-12-19 20:58:10 DEBUG [t1] "TestVolatile":15: 13
2020-12-19 20:58:10 DEBUG [t1] "TestVolatile":15: 13
2020-12-19 20:58:10 DEBUG [t1] "TestVolatile":15: 13
2020-12-19 20:58:10 DEBUG [t1] "TestVolatile":15: 13
2020-12-19 20:58:10 DEBUG [t1] "TestVolatile":15: 13
2020-12-19 20:58:10 DEBUG [t1] "TestVolatile":15: 13
2020-12-19 20:58:10 DEBUG [t1] "TestVolatile":15: 13
2020-12-19 20:58:10 DEBUG [t1] "TestVolatile":15: 13
2020-12-19 20:58:10 DEBUG [t1] "TestVolatile":15: 13
2020-12-19 20:58:10 DEBUG [t1] "TestVolatile":15: 13
2020-12-19 20:58:10 DEBUG [t1] "TestVolatile":15: 13
2020-12-19 20:58:10 DEBUG [t1] "TestVolatile":15: 13
2020-12-19 20:58:10 DEBUG [t1] "TestVolatile":15: 13
2020-12-19 20:58:10 DEBUG [t1] "TestVolatile":15: 13
2020-12-19 20:58:10 DEBUG [t1] "TestVolatile":15: 13
2020-12-19 20:58:10 DEBUG [t1] "TestVolatile":15: 13
2020-12-19 20:58:10 DEBUG [t1] "TestVolatile":15: 13
2020-12-19 20:58:10 DEBUG [t1] "TestVolatile":15: 13
2020-12-19 20:58:10 DEBUG [t1] "TestVolatile":15: 13
2020-12-19 20:58:10 DEBUG [t1] "TestVolatile":15: 13
2020-12-19 20:58:10 DEBUG [t1] "TestVolatile":15: 13
2020-12-19 20:58:10 DEBUG [t1] "TestVolatile":15: 13
2020-12-19 20:58:10 DEBUG [t1] "TestVolatile":15: 13
2020-12-19 20:58:10 DEBUG [t1] "TestVolatile":15: 13
2020-12-19 20:58:10 DEBUG [t1] "TestVolatile":15: 13
2020-12-19 20:58:10 DEBUG [t1] "TestVolatile":15: 13
2020-12-19 20:58:10 DEBUG [t1] "TestVolatile":15: 13
2020-12-19 20:58:10 DEBUG [t1] "TestVolatile":15: 13
2020-12-19 20:58:10 DEBUG [t1] "TestVolatile":15: 13
2020-12-19 20:58:10 DEBUG [t1] "TestVolatile":15: 13
2020-12-19 20:58:10 DEBUG [t1] "TestVolatile":15: 13
2020-12-19 20:58:10 DEBUG [t1] "TestVolatile":15: 13
2020-12-19 20:58:10 DEBUG [t1] "TestVolatile":15: 13
2020-12-19 20:58:10 DEBUG [t1] "TestVolatile":15: 13
2020-12-19 20:58:10 DEBUG [t1] "TestVolatile":15: 13
2020-12-19 20:58:10 DEBUG [t1] "TestVolatile":15: 13
2020-12-19 20:58:10 DEBUG [t1] "TestVolatile":15: 13
2020-12-19 20:58:10 DEBUG [t1] "TestVolatile":15: 13
2020-12-19 20:58:10 DEBUG [t1] "TestVolatile":15: 13
2020-12-19 20:58:10 DEBUG [t1] "TestVolatile":15: 13
2020-12-19 20:58:10 DEBUG [t1] "TestVolatile":15: 13
2020-12-19 20:58:10 DEBUG [t1] "TestVolatile":15: 13
2020-12-19 20:58:10 DEBUG [t1] "TestVolatile":15: 13
2020-12-19 20:58:10 DEBUG [t1] "TestVolatile":15: 13
2020-12-19 20:58:10 DEBUG [t1] "TestVolatile":15: 13
2020-12-19 20:58:10 DEBUG [t1] "TestVolatile":15: 13
2020-12-19 20:58:10 DEBUG [t1] "TestVolatile":15: 13
2020-12-19 20:58:10 DEBUG [t1] "TestVolatile":15: 13
2020-12-19 20:58:10 DEBUG [t1] "TestVolatile":15: 13
2020-12-19 20:58:10 DEBUG [t1] "TestVolatile":15: 13
2020-12-19 20:58:10 DEBUG [t1] "TestVolatile":15: 13
2020-12-19 20:58:10 DEBUG [t1] "TestVolatile":15: 13
2020-12-19 20:58:10 DEBUG [t1] "TestVolatile":15: 13
2020-12-19 20:58:10 DEBUG [t1] "TestVolatile":15: 13
2020-12-19 20:58:10 DEBUG [t1] "TestVolatile":15: 13
2020-12-19 20:58:10 DEBUG [t1] "TestVolatile":15: 13
2020-12-19 20:58:10 DEBUG [t1] "TestVolatile":15: 13
2020-12-19 20:58:10 DEBUG [t1] "TestVolatile":15: 13
2020-12-19 20:58:10 DEBUG [t1] "TestVolatile":15: 13
2020-12-19 20:58:10 DEBUG [t1] "TestVolatile":15: 13
2020-12-19 20:58:10 DEBUG [t1] "TestVolatile":15: 13
2020-12-19 20:58:10 DEBUG [t1] "TestVolatile":15: 13
2020-12-19 20:58:10 DEBUG [t1] "TestVolatile":15: 13
2020-12-19 20:58:10 DEBUG [t1] "TestVolatile":15: 13
2020-12-19 20:58:10 DEBUG [t1] "TestVolatile":15: 13
2020-12-19 20:58:10 DEBUG [t1] "TestVolatile":15: 13
2020-12-19 20:58:10 DEBUG [t1] "TestVolatile":15: 13
2020-12-19 20:58:10 DEBUG [t1] "TestVolatile":15: 13
2020-12-19 20:58:10 DEBUG [t1] "TestVolatile":15: 13
2020-12-19 20:58:10 DEBUG [t1] "TestVolatile":15: 13
2020-12-19 20:58:10 DEBUG [t1] "TestVolatile":15: 13
2020-12-19 20:58:10 DEBUG [t1] "TestVolatile":15: 13
2020-12-19 20:58:10 DEBUG [t1] "TestVolatile":15: 13
2020-12-19 20:58:10 DEBUG [t1] "TestVolatile":15: 13
2020-12-19 20:58:10 DEBUG [t1] "TestVolatile":15: 13
2020-12-19 20:58:10 DEBUG [t1] "TestVolatile":15: 13
2020-12-19 20:58:10 DEBUG [t1] "TestVolatile":15: 13
2020-12-19 20:58:10 DEBUG [t1] "TestVolatile":15: 13
2020-12-19 20:58:10 DEBUG [t1] "TestVolatile":15: 13
2020-12-19 20:58:10 DEBUG [t1] "TestVolatile":15: 13
2020-12-19 20:58:10 DEBUG [t1] "TestVolatile":15: 13
2020-12-19 20:58:10 DEBUG [t1] "TestVolatile":15: 13
2020-12-19 20:58:10 DEBUG [t1] "TestVolatile":15: 13
2020-12-19 20:58:10 DEBUG [t1] "TestVolatile":15: 13
2020-12-19 20:58:10 DEBUG [t1] "TestVolatile":15: 13
2020-12-19 20:58:10 DEBUG [t1] "TestVolatile":15: 13
2020-12-19 20:58:10 DEBUG [t1] "TestVolatile":15: 13
2020-12-19 20:58:10 DEBUG [t1] "TestVolatile":15: 13
2020-12-19 20:58:10 DEBUG [t1] "TestVolatile":15: 13
2020-12-19 20:58:10 DEBUG [t1] "TestVolatile":15: 13
2020-12-19 20:58:10 DEBUG [t1] "TestVolatile":15: 13
2020-12-19 20:58:10 DEBUG [t1] "TestVolatile":15: 13
2020-12-19 20:58:10 DEBUG [t1] "TestVolatile":15: 13
2020-12-19 20:58:10 DEBUG [t1] "TestVolatile":15: 13
2020-12-19 20:58:10 DEBUG [t1] "TestVolatile":15: 13
2020-12-19 20:58:10 DEBUG [t1] "TestVolatile":15: 13
2020-12-19 20:58:10 DEBUG [t1] "TestVolatile":15: 13
2020-12-19 20:58:10 DEBUG [t1] "TestVolatile":15: 13
2020-12-19 20:58:10 DEBUG [t1] "TestVolatile":15: 13
2020-12-19 20:58:10 DEBUG [t1] "TestVolatile":15: 13
2020-12-19 20:58:10 DEBUG [t1] "TestVolatile":15: 13
2020-12-19 20:58:10 DEBUG [t1] "TestVolatile":15: 13
2020-12-19 20:58:10 DEBUG [t1] "TestVolatile":15: 13
2020-12-19 20:58:10 DEBUG [t1] "TestVolatile":15: 13
2020-12-19 20:58:10 DEBUG [t1] "TestVolatile":15: 13
2020-12-19 20:58:10 DEBUG [t1] "TestVolatile":15: 13
2020-12-19 20:58:10 DEBUG [t1] "TestVolatile":15: 13
2020-12-19 20:58:10 DEBUG [t1] "TestVolatile":15: 13
2020-12-19 20:58:10 DEBUG [t1] "TestVolatile":15: 13
2020-12-19 20:58:10 DEBUG [t1] "TestVolatile":15: 13
2020-12-19 20:58:10 DEBUG [t1] "TestVolatile":15: 13
2020-12-19 20:58:10 DEBUG [t1] "TestVolatile":15: 13
2020-12-19 20:58:10 DEBUG [t1] "TestVolatile":15: 13
2020-12-19 20:58:10 DEBUG [t1] "TestVolatile":15: 13
2020-12-19 20:58:10 DEBUG [t1] "TestVolatile":15: 13
2020-12-19 20:58:10 DEBUG [t1] "TestVolatile":15: 13
2020-12-19 20:58:10 DEBUG [t1] "TestVolatile":15: 13
2020-12-19 20:58:10 DEBUG [t1] "TestVolatile":15: 13
2020-12-19 20:58:10 DEBUG [t1] "TestVolatile":15: 13
2020-12-19 20:58:10 DEBUG [t1] "TestVolatile":15: 13
2020-12-19 20:58:10 DEBUG [t1] "TestVolatile":15: 13
2020-12-19 20:58:10 DEBUG [t1] "TestVolatile":15: 13
2020-12-19 20:58:10 DEBUG [t1] "TestVolatile":15: 13
2020-12-19 20:58:10 DEBUG [t1] "TestVolatile":15: 13
2020-12-19 20:58:10 DEBUG [t1] "TestVolatile":15: 13
2020-12-19 20:58:10 DEBUG [t1] "TestVolatile":15: 13
2020-12-19 20:58:10 DEBUG [t1] "TestVolatile":15: 13
2020-12-19 20:58:10 DEBUG [t1] "TestVolatile":15: 13
2020-12-19 20:58:10 DEBUG [t1] "TestVolatile":15: 13
2020-12-19 20:58:10 DEBUG [t1] "TestVolatile":15: 13
2020-12-19 20:58:10 DEBUG [t1] "TestVolatile":15: 13
2020-12-19 20:58:10 DEBUG [t1] "TestVolatile":15: 13
2020-12-19 20:58:10 DEBUG [t1] "TestVolatile":15: 13
2020-12-19 20:58:10 DEBUG [t1] "TestVolatile":15: 13
2020-12-19 20:58:10 DEBUG [t1] "TestVolatile":15: 13
2020-12-19 20:58:10 DEBUG [t1] "TestVolatile":15: 13
2020-12-19 20:58:10 DEBUG [t1] "TestVolatile":15: 13
2020-12-19 20:58:10 DEBUG [t1] "TestVolatile":15: 13
2020-12-19 20:58:10 DEBUG [t1] "TestVolatile":15: 13
2020-12-19 20:58:10 DEBUG [t1] "TestVolatile":15: 13
2020-12-19 20:58:10 DEBUG [t1] "TestVolatile":15: 13
2020-12-19 20:58:10 DEBUG [t1] "TestVolatile":15: 13
2020-12-19 20:58:10 DEBUG [t1] "TestVolatile":15: 13
2020-12-19 20:58:10 DEBUG [t1] "TestVolatile":15: 13
2020-12-19 20:58:10 DEBUG [t1] "TestVolatile":15: 13
2020-12-19 20:58:10 DEBUG [t1] "TestVolatile":15: 13
2020-12-19 20:58:10 DEBUG [t1] "TestVolatile":15: 13
2020-12-19 20:58:10 DEBUG [t1] "TestVolatile":15: 13
2020-12-19 20:58:10 DEBUG [t1] "TestVolatile":15: 13
2020-12-19 20:58:10 DEBUG [t1] "TestVolatile":15: 13
2020-12-19 20:58:10 DEBUG [t1] "TestVolatile":15: 13
2020-12-19 20:58:10 DEBUG [t1] "TestVolatile":15: 13
2020-12-19 20:58:10 DEBUG [t1] "TestVolatile":15: 13
2020-12-19 20:58:10 DEBUG [t1] "TestVolatile":15: 13
2020-12-19 20:58:10 DEBUG [t1] "TestVolatile":15: 13
2020-12-19 20:58:10 DEBUG [t1] "TestVolatile":15: 13
2020-12-19 20:58:10 DEBUG [t1] "TestVolatile":15: 13
2020-12-19 20:58:10 DEBUG [t1] "TestVolatile":15: 13
2020-12-19 20:58:10 DEBUG [t1] "TestVolatile":15: 13
2020-12-19 20:58:10 DEBUG [t1] "TestVolatile":15: 13
2020-12-19 20:58:10 DEBUG [t1] "TestVolatile":15: 13
2020-12-19 20:58:10 DEBUG [t1] "TestVolatile":15: 13
2020-12-19 20:58:10 DEBUG [t1] "TestVolatile":15: 13
2020-12-19 20:58:10 DEBUG [t1] "TestVolatile":15: 13
2020-12-19 20:58:10 DEBUG [t1] "TestVolatile":15: 13
2020-12-19 20:58:10 DEBUG [t1] "TestVolatile":15: 13
2020-12-19 20:58:10 DEBUG [t1] "TestVolatile":15: 13
2020-12-19 20:58:10 DEBUG [t1] "TestVolatile":15: 13
2020-12-19 20:58:10 DEBUG [t1] "TestVolatile":15: 13
2020-12-19 20:58:10 DEBUG [t1] "TestVolatile":15: 13
2020-12-19 20:58:10 DEBUG [t1] "TestVolatile":15: 13
2020-12-19 20:58:10 DEBUG [t1] "TestVolatile":15: 13
2020-12-19 20:58:10 DEBUG [t1] "TestVolatile":15: 13
2020-12-19 20:58:10 DEBUG [t1] "TestVolatile":15: 13
2020-12-19 20:58:10 DEBUG [t1] "TestVolatile":15: 13
2020-12-19 20:58:10 DEBUG [t1] "TestVolatile":15: 13
2020-12-19 20:58:10 DEBUG [t1] "TestVolatile":15: 13
2020-12-19 20:58:10 DEBUG [t1] "TestVolatile":15: 13
2020-12-19 20:58:10 DEBUG [t1] "TestVolatile":15: 13
2020-12-19 20:58:10 DEBUG [t1] "TestVolatile":15: 13
2020-12-19 20:58:10 DEBUG [t1] "TestVolatile":15: 13
2020-12-19 20:58:10 DEBUG [t1] "TestVolatile":15: 13
2020-12-19 20:58:10 DEBUG [t1] "TestVolatile":15: 13
2020-12-19 20:58:10 DEBUG [t1] "TestVolatile":15: 13
2020-12-19 20:58:10 DEBUG [t1] "TestVolatile":15: 13
2020-12-19 20:58:10 DEBUG [t1] "TestVolatile":15: 13
2020-12-19 20:58:10 DEBUG [t1] "TestVolatile":15: 13
2020-12-19 20:58:10 DEBUG [t1] "TestVolatile":15: 13
2020-12-19 20:58:10 DEBUG [t1] "TestVolatile":15: 13
2020-12-19 20:58:10 DEBUG [t1] "TestVolatile":15: 13
2020-12-19 20:58:10 DEBUG [t1] "TestVolatile":15: 13
2020-12-19 20:58:10 DEBUG [t1] "TestVolatile":15: 13
2020-12-19 20:58:10 DEBUG [t1] "TestVolatile":15: 13
2020-12-19 20:58:10 DEBUG [t1] "TestVolatile":15: 13
2020-12-19 20:58:10 DEBUG [t1] "TestVolatile":15: 13
2020-12-19 20:58:10 DEBUG [t1] "TestVolatile":15: 13
2020-12-19 20:58:10 DEBUG [t1] "TestVolatile":15: 13
2020-12-19 20:58:10 DEBUG [t1] "TestVolatile":15: 13
2020-12-19 20:58:10 DEBUG [t1] "TestVolatile":15: 13
2020-12-19 20:58:10 DEBUG [t1] "TestVolatile":15: 13
2020-12-19 20:58:10 DEBUG [t1] "TestVolatile":15: 13
2020-12-19 20:58:10 DEBUG [t1] "TestVolatile":15: 13
2020-12-19 20:58:10 DEBUG [t1] "TestVolatile":15: 13
2020-12-19 20:58:10 DEBUG [t1] "TestVolatile":15: 13
2020-12-19 20:58:10 DEBUG [t1] "TestVolatile":15: 13
2020-12-19 20:58:10 DEBUG [t1] "TestVolatile":15: 13
2020-12-19 20:58:10 DEBUG [t1] "TestVolatile":15: 13
2020-12-19 20:58:10 DEBUG [t1] "TestVolatile":15: 13
2020-12-19 20:58:10 DEBUG [t1] "TestVolatile":15: 13
2020-12-19 20:58:10 DEBUG [t1] "TestVolatile":15: 13
2020-12-19 20:58:10 DEBUG [t1] "TestVolatile":15: 13
2020-12-19 20:58:10 DEBUG [t1] "TestVolatile":15: 13
2020-12-19 20:58:10 DEBUG [t1] "TestVolatile":15: 13
2020-12-19 20:58:10 DEBUG [t1] "TestVolatile":15: 13
2020-12-19 20:58:10 DEBUG [t1] "TestVolatile":15: 13
2020-12-19 20:58:10 DEBUG [t1] "TestVolatile":15: 13
2020-12-19 20:58:10 DEBUG [t1] "TestVolatile":15: 13
2020-12-19 20:58:10 DEBUG [t1] "TestVolatile":15: 13
2020-12-19 20:58:10 DEBUG [t1] "TestVolatile":15: 13
2020-12-19 20:58:10 DEBUG [t1] "TestVolatile":15: 13
2020-12-19 20:58:10 DEBUG [t1] "TestVolatile":15: 13
2020-12-19 20:58:10 DEBUG [t1] "TestVolatile":15: 13
2020-12-19 20:58:10 DEBUG [t1] "TestVolatile":15: 13
2020-12-19 20:58:10 DEBUG [t1] "TestVolatile":15: 13
2020-12-19 20:58:10 DEBUG [t1] "TestVolatile":15: 13
2020-12-19 20:58:10 DEBUG [t1] "TestVolatile":15: 13
2020-12-19 20:58:10 DEBUG [t1] "TestVolatile":15: 13
2020-12-19 20:58:10 DEBUG [t1] "TestVolatile":15: 13
2020-12-19 20:58:10 DEBUG [t1] "TestVolatile":15: 13
2020-12-19 20:58:10 DEBUG [t1] "TestVolatile":15: 13
2020-12-19 20:58:10 DEBUG [t1] "TestVolatile":15: 13
2020-12-19 20:58:10 DEBUG [t1] "TestVolatile":15: 13
2020-12-19 20:58:10 DEBUG [t1] "TestVolatile":15: 13
2020-12-19 20:58:10 DEBUG [t1] "TestVolatile":15: 13
2020-12-19 20:58:10 DEBUG [t1] "TestVolatile":15: 13
2020-12-19 20:58:10 DEBUG [t1] "TestVolatile":15: 13
2020-12-19 20:58:10 DEBUG [t1] "TestVolatile":15: 13
2020-12-19 20:58:10 DEBUG [t1] "TestVolatile":15: 13
2020-12-19 20:58:10 DEBUG [t1] "TestVolatile":15: 13
2020-12-19 20:58:10 DEBUG [t1] "TestVolatile":15: 13
2020-12-19 20:58:10 DEBUG [t1] "TestVolatile":15: 13
2020-12-19 20:58:10 DEBUG [t1] "TestVolatile":15: 13
2020-12-19 20:58:10 DEBUG [t1] "TestVolatile":15: 13
2020-12-19 20:58:10 DEBUG [t1] "TestVolatile":15: 13
2020-12-19 20:58:10 DEBUG [t1] "TestVolatile":15: 13
2020-12-19 20:58:10 DEBUG [t1] "TestVolatile":15: 13
2020-12-19 20:58:10 DEBUG [t1] "TestVolatile":15: 13
2020-12-19 20:58:10 DEBUG [t1] "TestVolatile":15: 13
2020-12-19 20:58:10 DEBUG [t1] "TestVolatile":15: 13
2020-12-19 20:58:10 DEBUG [t1] "TestVolatile":15: 13
2020-12-19 20:58:10 DEBUG [t1] "TestVolatile":15: 13
2020-12-19 20:58:10 DEBUG [t1] "TestVolatile":15: 13
2020-12-19 20:58:10 DEBUG [t1] "TestVolatile":15: 13
2020-12-19 20:58:10 DEBUG [t1] "TestVolatile":15: 13
2020-12-19 20:58:10 DEBUG [t1] "TestVolatile":15: 13
2020-12-19 20:58:10 DEBUG [t1] "TestVolatile":15: 13
2020-12-19 20:58:10 DEBUG [t1] "TestVolatile":15: 13
2020-12-19 20:58:10 DEBUG [t1] "TestVolatile":15: 13
2020-12-19 20:58:10 DEBUG [t1] "TestVolatile":15: 13
2020-12-19 20:58:10 DEBUG [t1] "TestVolatile":15: 13
2020-12-19 20:58:10 DEBUG [t1] "TestVolatile":15: 13
2020-12-19 20:58:10 DEBUG [t1] "TestVolatile":15: 13
2020-12-19 20:58:10 DEBUG [t1] "TestVolatile":15: 13
2020-12-19 20:58:10 DEBUG [t1] "TestVolatile":15: 13
2020-12-19 20:58:10 DEBUG [t1] "TestVolatile":15: 13
2020-12-19 20:58:10 DEBUG [t1] "TestVolatile":15: 13
2020-12-19 20:58:10 DEBUG [t1] "TestVolatile":15: 13
2020-12-19 20:58:10 DEBUG [t1] "TestVolatile":15: 13
2020-12-19 20:58:10 DEBUG [t1] "TestVolatile":15: 13
2020-12-19 20:58:10 DEBUG [t1] "TestVolatile":15: 13
2020-12-19 20:58:10 DEBUG [t1] "TestVolatile":15: 13
2020-12-19 20:58:10 DEBUG [t1] "TestVolatile":15: 13
2020-12-19 20:58:10 DEBUG [t1] "TestVolatile":15: 13
2020-12-19 20:58:10 DEBUG [t1] "TestVolatile":15: 13
2020-12-19 20:58:10 DEBUG [t1] "TestVolatile":15: 13
2020-12-19 20:58:10 DEBUG [t1] "TestVolatile":15: 13
2020-12-19 20:58:10 DEBUG [t1] "TestVolatile":15: 13
2020-12-19 20:58:10 DEBUG [t1] "TestVolatile":15: 13
2020-12-19 20:58:10 DEBUG [t1] "TestVolatile":15: 13
2020-12-19 20:58:10 DEBUG [t1] "TestVolatile":15: 13
2020-12-19 20:58:10 DEBUG [t1] "TestVolatile":15: 13
2020-12-19 20:58:10 DEBUG [t1] "TestVolatile":15: 13
2020-12-19 20:58:10 DEBUG [t1] "TestVolatile":15: 13
2020-12-19 20:58:10 DEBUG [t1] "TestVolatile":15: 13
2020-12-19 20:58:10 DEBUG [t1] "TestVolatile":15: 13
2020-12-19 20:58:10 DEBUG [t1] "TestVolatile":15: 13
2020-12-19 20:58:10 DEBUG [t1] "TestVolatile":15: 13
2020-12-19 20:58:10 DEBUG [t1] "TestVolatile":15: 13
2020-12-19 20:58:10 DEBUG [t1] "TestVolatile":15: 13
2020-12-19 20:58:10 DEBUG [t1] "TestVolatile":15: 13
2020-12-19 20:58:10 DEBUG [t1] "TestVolatile":15: 13
2020-12-19 20:58:10 DEBUG [t1] "TestVolatile":15: 13
2020-12-19 20:58:10 DEBUG [t1] "TestVolatile":15: 13
2020-12-19 20:58:10 DEBUG [t1] "TestVolatile":15: 13
2020-12-19 20:58:10 DEBUG [t1] "TestVolatile":15: 13
2020-12-19 20:58:10 DEBUG [t1] "TestVolatile":15: 13
2020-12-19 20:58:10 DEBUG [t1] "TestVolatile":15: 13
2020-12-19 20:58:10 DEBUG [t1] "TestVolatile":15: 13
2020-12-19 20:58:10 DEBUG [t1] "TestVolatile":15: 13
2020-12-19 20:58:10 DEBUG [t1] "TestVolatile":15: 13
2020-12-19 20:58:10 DEBUG [t1] "TestVolatile":15: 13
2020-12-19 20:58:10 DEBUG [t1] "TestVolatile":15: 13
2020-12-19 20:58:10 DEBUG [t1] "TestVolatile":15: 13
2020-12-19 20:58:10 DEBUG [t1] "TestVolatile":15: 13
2020-12-19 20:58:10 DEBUG [t1] "TestVolatile":15: 13
2020-12-19 20:58:10 DEBUG [t1] "TestVolatile":15: 13
2020-12-19 20:58:10 DEBUG [t1] "TestVolatile":15: 13
2020-12-19 20:58:10 DEBUG [t1] "TestVolatile":15: 13
2020-12-19 20:58:10 DEBUG [t1] "TestVolatile":15: 13
2020-12-19 20:58:10 DEBUG [t1] "TestVolatile":15: 13
2020-12-19 20:58:10 DEBUG [t1] "TestVolatile":15: 13
2020-12-19 20:58:10 DEBUG [t1] "TestVolatile":15: 13
2020-12-19 20:58:10 DEBUG [t1] "TestVolatile":15: 13
2020-12-19 20:58:10 DEBUG [t1] "TestVolatile":15: 13
2020-12-19 20:58:10 DEBUG [t1] "TestVolatile":15: 13
2020-12-19 20:58:10 DEBUG [t1] "TestVolatile":15: 13
2020-12-19 20:58:10 DEBUG [t1] "TestVolatile":15: 13
2020-12-19 20:58:10 DEBUG [t1] "TestVolatile":15: 13
2020-12-19 20:58:10 DEBUG [t1] "TestVolatile":15: 13
2020-12-19 20:58:10 DEBUG [t1] "TestVolatile":15: 13
2020-12-19 20:58:10 DEBUG [t1] "TestVolatile":15: 13
2020-12-19 20:58:10 DEBUG [t1] "TestVolatile":15: 13
2020-12-19 20:58:10 DEBUG [t1] "TestVolatile":15: 13
2020-12-19 20:58:10 DEBUG [t1] "TestVolatile":15: 13
2020-12-19 20:58:10 DEBUG [t1] "TestVolatile":15: 13
2020-12-19 20:58:10 DEBUG [t1] "TestVolatile":15: 13
2020-12-19 20:58:10 DEBUG [t1] "TestVolatile":15: 13
2020-12-19 20:58:10 DEBUG [t1] "TestVolatile":15: 13
2020-12-19 20:58:10 DEBUG [t1] "TestVolatile":15: 13
2020-12-19 20:58:10 DEBUG [t1] "TestVolatile":15: 13
2020-12-19 20:58:10 DEBUG [t1] "TestVolatile":15: 13
2020-12-19 20:58:10 DEBUG [t1] "TestVolatile":15: 13
2020-12-19 20:58:10 DEBUG [t1] "TestVolatile":15: 13
2020-12-19 20:58:10 DEBUG [t1] "TestVolatile":15: 13
2020-12-19 20:58:10 DEBUG [t1] "TestVolatile":15: 13
2020-12-19 20:58:10 DEBUG [t1] "TestVolatile":15: 13
2020-12-19 20:58:10 DEBUG [t1] "TestVolatile":15: 13
2020-12-19 20:58:10 DEBUG [t1] "TestVolatile":15: 13
2020-12-19 20:58:10 DEBUG [t1] "TestVolatile":15: 13
2020-12-19 20:58:10 DEBUG [t1] "TestVolatile":15: 13
2020-12-19 20:58:10 DEBUG [t1] "TestVolatile":15: 13
2020-12-19 20:58:10 DEBUG [t1] "TestVolatile":15: 13
2020-12-19 20:58:10 DEBUG [t1] "TestVolatile":15: 13
2020-12-19 20:58:10 DEBUG [t1] "TestVolatile":15: 13
2020-12-19 20:58:10 DEBUG [t1] "TestVolatile":15: 13
2020-12-19 20:58:10 DEBUG [t1] "TestVolatile":15: 13
2020-12-19 20:58:10 DEBUG [t1] "TestVolatile":15: 13
2020-12-19 20:58:10 DEBUG [t1] "TestVolatile":15: 13
2020-12-19 20:58:10 DEBUG [t1] "TestVolatile":15: 13
2020-12-19 20:58:10 DEBUG [t1] "TestVolatile":15: 13
2020-12-19 20:58:10 DEBUG [t1] "TestVolatile":15: 13
2020-12-19 20:58:10 DEBUG [t1] "TestVolatile":15: 13
2020-12-19 20:58:10 DEBUG [t1] "TestVolatile":15: 13
2020-12-19 20:58:10 DEBUG [t1] "TestVolatile":15: 13
2020-12-19 20:58:10 DEBUG [t1] "TestVolatile":15: 13
2020-12-19 20:58:10 DEBUG [t1] "TestVolatile":15: 13
2020-12-19 20:58:10 DEBUG [t1] "TestVolatile":15: 13
2020-12-19 20:58:10 DEBUG [t1] "TestVolatile":15: 13
2020-12-19 20:58:10 DEBUG [t1] "TestVolatile":15: 13
2020-12-19 20:58:10 DEBUG [t1] "TestVolatile":15: 13
2020-12-19 20:58:10 DEBUG [t1] "TestVolatile":15: 13
2020-12-19 20:58:10 DEBUG [t1] "TestVolatile":15: 13
2020-12-19 20:58:10 DEBUG [t1] "TestVolatile":15: 13
2020-12-19 20:58:10 DEBUG [t1] "TestVolatile":15: 13
2020-12-19 20:58:10 DEBUG [t1] "TestVolatile":15: 13
2020-12-19 20:58:10 DEBUG [t1] "TestVolatile":15: 13
2020-12-19 20:58:10 DEBUG [t1] "TestVolatile":15: 13
2020-12-19 20:58:10 DEBUG [t1] "TestVolatile":15: 13
2020-12-19 20:58:10 DEBUG [t1] "TestVolatile":15: 13
2020-12-19 20:58:10 DEBUG [t1] "TestVolatile":15: 13
2020-12-19 20:58:10 DEBUG [t1] "TestVolatile":15: 13
2020-12-19 20:58:10 DEBUG [t1] "TestVolatile":15: 13
2020-12-19 20:58:10 DEBUG [t1] "TestVolatile":15: 13
2020-12-19 20:58:10 DEBUG [t1] "TestVolatile":15: 13
2020-12-19 20:58:10 DEBUG [t1] "TestVolatile":15: 13
2020-12-19 20:58:10 DEBUG [t1] "TestVolatile":15: 13
2020-12-19 20:58:10 DEBUG [t1] "TestVolatile":15: 13
2020-12-19 20:58:10 DEBUG [t1] "TestVolatile":15: 13
2020-12-19 20:58:10 DEBUG [t1] "TestVolatile":15: 13
2020-12-19 20:58:10 DEBUG [t1] "TestVolatile":15: 13
2020-12-19 20:58:10 DEBUG [t1] "TestVolatile":15: 13
2020-12-19 20:58:10 DEBUG [t1] "TestVolatile":15: 13
2020-12-19 20:58:10 DEBUG [t1] "TestVolatile":15: 13
2020-12-19 20:58:10 DEBUG [t1] "TestVolatile":15: 13
2020-12-19 20:58:10 DEBUG [t1] "TestVolatile":15: 13
2020-12-19 20:58:10 DEBUG [t1] "TestVolatile":15: 13
2020-12-19 20:58:10 DEBUG [t1] "TestVolatile":15: 13
2020-12-19 20:58:10 DEBUG [t1] "TestVolatile":15: 13
2020-12-19 20:58:10 DEBUG [t1] "TestVolatile":15: 13
2020-12-19 20:58:10 DEBUG [t1] "TestVolatile":15: 13
2020-12-19 20:58:10 DEBUG [t1] "TestVolatile":15: 13
2020-12-19 20:58:10 DEBUG [t1] "TestVolatile":15: 13
2020-12-19 20:58:10 DEBUG [t1] "TestVolatile":15: 13
2020-12-19 20:58:10 DEBUG [t1] "TestVolatile":15: 13
2020-12-19 20:58:10 DEBUG [t1] "TestVolatile":15: 13
2020-12-19 20:58:10 DEBUG [t1] "TestVolatile":15: 13
2020-12-19 20:58:10 DEBUG [t1] "TestVolatile":15: 13
2020-12-19 20:58:10 DEBUG [t1] "TestVolatile":15: 13
2020-12-19 20:58:10 DEBUG [t1] "TestVolatile":15: 13
2020-12-19 20:58:10 DEBUG [t1] "TestVolatile":15: 13
2020-12-19 20:58:10 DEBUG [t1] "TestVolatile":15: 13
2020-12-19 20:58:10 DEBUG [t1] "TestVolatile":15: 13
2020-12-19 20:58:10 DEBUG [t1] "TestVolatile":15: 13
2020-12-19 20:58:10 DEBUG [t1] "TestVolatile":15: 13
2020-12-19 20:58:10 DEBUG [t1] "TestVolatile":15: 13
2020-12-19 20:58:10 DEBUG [t1] "TestVolatile":15: 13
2020-12-19 20:58:10 DEBUG [t1] "TestVolatile":15: 13
2020-12-19 20:58:10 DEBUG [t1] "TestVolatile":15: 13
2020-12-19 20:58:10 DEBUG [t1] "TestVolatile":15: 13
2020-12-19 20:58:10 DEBUG [t1] "TestVolatile":15: 13
2020-12-19 20:58:10 DEBUG [t1] "TestVolatile":15: 13
2020-12-19 20:58:10 DEBUG [t1] "TestVolatile":15: 13
2020-12-19 20:58:10 DEBUG [t1] "TestVolatile":15: 13
2020-12-19 20:58:10 DEBUG [t1] "TestVolatile":15: 13
2020-12-19 20:58:10 DEBUG [t1] "TestVolatile":15: 13
2020-12-19 20:58:10 DEBUG [t1] "TestVolatile":15: 13
2020-12-19 20:58:10 DEBUG [t1] "TestVolatile":15: 13
2020-12-19 20:58:10 DEBUG [t1] "TestVolatile":15: 13
2020-12-19 20:58:10 DEBUG [t1] "TestVolatile":15: 13
2020-12-19 20:58:10 DEBUG [t1] "TestVolatile":15: 13
2020-12-19 20:58:10 DEBUG [t1] "TestVolatile":15: 13
2020-12-19 20:58:10 DEBUG [t1] "TestVolatile":15: 13
2020-12-19 20:58:10 DEBUG [t1] "TestVolatile":15: 13
2020-12-19 20:58:10 DEBUG [t1] "TestVolatile":15: 13
2020-12-19 20:58:10 DEBUG [t1] "TestVolatile":15: 13
2020-12-19 20:58:10 DEBUG [t1] "TestVolatile":15: 13
2020-12-19 20:58:10 DEBUG [t1] "TestVolatile":15: 13
2020-12-19 20:58:10 DEBUG [t1] "TestVolatile":15: 13
2020-12-19 20:58:10 DEBUG [t1] "TestVolatile":15: 13
2020-12-19 20:58:10 DEBUG [t1] "TestVolatile":15: 13
2020-12-19 20:58:10 DEBUG [t1] "TestVolatile":15: 13
2020-12-19 20:58:10 DEBUG [t1] "TestVolatile":15: 13
2020-12-19 20:58:10 DEBUG [t1] "TestVolatile":15: 13
2020-12-19 20:58:10 DEBUG [t1] "TestVolatile":15: 13
2020-12-19 20:58:10 DEBUG [t1] "TestVolatile":15: 13
2020-12-19 20:58:10 DEBUG [t1] "TestVolatile":15: 13
2020-12-19 20:58:10 DEBUG [t1] "TestVolatile":15: 13
2020-12-19 20:58:10 DEBUG [t1] "TestVolatile":15: 13
2020-12-19 20:58:10 DEBUG [t1] "TestVolatile":15: 13
2020-12-19 20:58:10 DEBUG [t1] "TestVolatile":15: 13
2020-12-19 20:58:10 DEBUG [t1] "TestVolatile":15: 13
2020-12-19 20:58:10 DEBUG [t1] "TestVolatile":15: 13
2020-12-19 20:58:10 DEBUG [t1] "TestVolatile":15: 13
2020-12-19 20:58:10 DEBUG [t1] "TestVolatile":15: 13
2020-12-19 20:58:10 DEBUG [t1] "TestVolatile":15: 13
2020-12-19 20:58:10 DEBUG [t1] "TestVolatile":15: 13
2020-12-19 20:58:10 DEBUG [t1] "TestVolatile":15: 13
2020-12-19 20:58:10 DEBUG [t1] "TestVolatile":15: 13
2020-12-19 20:58:10 DEBUG [t1] "TestVolatile":15: 13
2020-12-19 20:58:10 DEBUG [t1] "TestVolatile":15: 13
2020-12-19 20:58:10 DEBUG [t1] "TestVolatile":15: 13
2020-12-19 20:58:10 DEBUG [t1] "TestVolatile":15: 13
2020-12-19 20:58:10 DEBUG [t1] "TestVolatile":15: 13
2020-12-19 20:58:10 DEBUG [t1] "TestVolatile":15: 13
2020-12-19 20:58:10 DEBUG [t1] "TestVolatile":15: 13
2020-12-19 20:58:10 DEBUG [t1] "TestVolatile":15: 13
2020-12-19 20:58:10 DEBUG [t1] "TestVolatile":15: 13
2020-12-19 20:58:10 DEBUG [t1] "TestVolatile":15: 13
2020-12-19 20:58:10 DEBUG [t1] "TestVolatile":15: 13
2020-12-19 20:58:10 DEBUG [t1] "TestVolatile":15: 13
2020-12-19 20:58:10 DEBUG [t1] "TestVolatile":15: 13
2020-12-19 20:58:10 DEBUG [t1] "TestVolatile":15: 13
2020-12-19 20:58:10 DEBUG [t1] "TestVolatile":15: 13
2020-12-19 20:58:10 DEBUG [t1] "TestVolatile":15: 13
2020-12-19 20:58:10 DEBUG [t1] "TestVolatile":15: 13
2020-12-19 20:58:10 DEBUG [t1] "TestVolatile":15: 13
2020-12-19 20:58:10 DEBUG [t1] "TestVolatile":15: 13
2020-12-19 20:58:10 DEBUG [t1] "TestVolatile":15: 13
2020-12-19 20:58:10 DEBUG [t1] "TestVolatile":15: 13
2020-12-19 20:58:10 DEBUG [t1] "TestVolatile":15: 13
2020-12-19 20:58:10 DEBUG [t1] "TestVolatile":15: 13
2020-12-19 20:58:10 DEBUG [t1] "TestVolatile":15: 13
2020-12-19 20:58:10 DEBUG [t1] "TestVolatile":15: 13
2020-12-19 20:58:10 DEBUG [t1] "TestVolatile":15: 13
2020-12-19 20:58:10 DEBUG [t1] "TestVolatile":15: 13
2020-12-19 20:58:10 DEBUG [t1] "TestVolatile":15: 13
2020-12-19 20:58:10 DEBUG [t1] "TestVolatile":15: 13
2020-12-19 20:58:10 DEBUG [t1] "TestVolatile":15: 13
2020-12-19 20:58:10 DEBUG [t1] "TestVolatile":15: 13
2020-12-19 20:58:10 DEBUG [t1] "TestVolatile":15: 13
2020-12-19 20:58:10 DEBUG [t1] "TestVolatile":15: 13
2020-12-19 20:58:10 DEBUG [t1] "TestVolatile":15: 13
2020-12-19 20:58:10 DEBUG [t1] "TestVolatile":15: 13
2020-12-19 20:58:10 DEBUG [t1] "TestVolatile":15: 13
2020-12-19 20:58:10 DEBUG [t1] "TestVolatile":15: 13
2020-12-19 20:58:10 DEBUG [t1] "TestVolatile":15: 13
2020-12-19 20:58:10 DEBUG [t1] "TestVolatile":15: 13
2020-12-19 20:58:10 DEBUG [t1] "TestVolatile":15: 13
2020-12-19 20:58:10 DEBUG [t1] "TestVolatile":15: 13
2020-12-19 20:58:10 DEBUG [t1] "TestVolatile":15: 13
2020-12-19 20:58:10 DEBUG [t1] "TestVolatile":15: 13
2020-12-19 20:58:10 DEBUG [t1] "TestVolatile":15: 13
2020-12-19 20:58:10 DEBUG [t1] "TestVolatile":15: 13
2020-12-19 20:58:10 DEBUG [t1] "TestVolatile":15: 13
2020-12-19 20:58:10 DEBUG [t1] "TestVolatile":15: 13
2020-12-19 20:58:10 DEBUG [t1] "TestVolatile":15: 13
2020-12-19 20:58:10 DEBUG [t1] "TestVolatile":15: 13
2020-12-19 20:58:10 DEBUG [t1] "TestVolatile":15: 13
2020-12-19 20:58:10 DEBUG [t1] "TestVolatile":15: 13
2020-12-19 20:58:10 DEBUG [t1] "TestVolatile":15: 13
2020-12-19 20:58:10 DEBUG [t1] "TestVolatile":15: 13
2020-12-19 20:58:10 DEBUG [t1] "TestVolatile":15: 13
2020-12-19 20:58:10 DEBUG [t1] "TestVolatile":15: 13
2020-12-19 20:58:10 DEBUG [t1] "TestVolatile":15: 13
2020-12-19 20:58:10 DEBUG [t1] "TestVolatile":15: 13
2020-12-19 20:58:10 DEBUG [t1] "TestVolatile":15: 13
2020-12-19 20:58:10 DEBUG [t1] "TestVolatile":15: 13
2020-12-19 20:58:10 DEBUG [t1] "TestVolatile":15: 13
2020-12-19 20:58:10 DEBUG [t1] "TestVolatile":15: 13
2020-12-19 20:58:10 DEBUG [t1] "TestVolatile":15: 13
2020-12-19 20:58:10 DEBUG [t1] "TestVolatile":15: 13
2020-12-19 20:58:10 DEBUG [t1] "TestVolatile":15: 13
2020-12-19 20:58:10 DEBUG [t1] "TestVolatile":15: 13
2020-12-19 20:58:10 DEBUG [t1] "TestVolatile":15: 13
2020-12-19 20:58:10 DEBUG [t1] "TestVolatile":15: 13
2020-12-19 20:58:10 DEBUG [t1] "TestVolatile":15: 13
2020-12-19 20:58:10 DEBUG [t1] "TestVolatile":15: 13
2020-12-19 20:58:10 DEBUG [t1] "TestVolatile":15: 13
2020-12-19 20:58:10 DEBUG [t1] "TestVolatile":15: 13
2020-12-19 20:58:10 DEBUG [t1] "TestVolatile":15: 13
2020-12-19 20:58:10 DEBUG [t1] "TestVolatile":15: 13
2020-12-19 20:58:10 DEBUG [t1] "TestVolatile":15: 13
2020-12-19 20:58:10 DEBUG [t1] "TestVolatile":15: 13
2020-12-19 20:58:10 DEBUG [t1] "TestVolatile":15: 13
2020-12-19 20:58:10 DEBUG [t1] "TestVolatile":15: 13
2020-12-19 20:58:10 DEBUG [t1] "TestVolatile":15: 13
2020-12-19 20:58:10 DEBUG [t1] "TestVolatile":15: 13
2020-12-19 20:58:10 DEBUG [t1] "TestVolatile":15: 13
2020-12-19 20:58:10 DEBUG [t1] "TestVolatile":15: 13
2020-12-19 20:58:10 DEBUG [t1] "TestVolatile":15: 13
2020-12-19 20:58:10 DEBUG [t1] "TestVolatile":15: 13
2020-12-19 20:58:10 DEBUG [t1] "TestVolatile":15: 13
2020-12-19 20:58:10 DEBUG [t1] "TestVolatile":15: 13
2020-12-19 20:58:10 DEBUG [t1] "TestVolatile":15: 13
2020-12-19 20:58:10 DEBUG [t1] "TestVolatile":15: 13
2020-12-19 20:58:10 DEBUG [t1] "TestVolatile":15: 13
2020-12-19 20:58:10 DEBUG [t1] "TestVolatile":15: 13
2020-12-19 20:58:10 DEBUG [t1] "TestVolatile":15: 13
2020-12-19 20:58:10 DEBUG [t1] "TestVolatile":15: 13
2020-12-19 20:58:10 DEBUG [t1] "TestVolatile":15: 13
2020-12-19 20:58:10 DEBUG [t1] "TestVolatile":15: 13
2020-12-19 20:58:10 DEBUG [t1] "TestVolatile":15: 13
2020-12-19 20:58:10 DEBUG [t1] "TestVolatile":15: 13
2020-12-19 20:58:10 DEBUG [t1] "TestVolatile":15: 13
2020-12-19 20:58:10 DEBUG [t1] "TestVolatile":15: 13
2020-12-19 20:58:10 DEBUG [t1] "TestVolatile":15: 13
2020-12-19 20:58:10 DEBUG [t1] "TestVolatile":15: 13
2020-12-19 20:58:10 DEBUG [t1] "TestVolatile":15: 13
2020-12-19 20:58:10 DEBUG [t1] "TestVolatile":15: 13
2020-12-19 20:58:10 DEBUG [t1] "TestVolatile":15: 13
2020-12-19 20:58:10 DEBUG [t1] "TestVolatile":15: 13
2020-12-19 20:58:10 DEBUG [t1] "TestVolatile":15: 13
2020-12-19 20:58:10 DEBUG [t1] "TestVolatile":15: 13
2020-12-19 20:58:10 DEBUG [t1] "TestVolatile":15: 13
2020-12-19 20:58:10 DEBUG [t1] "TestVolatile":15: 13
2020-12-19 20:58:10 DEBUG [t1] "TestVolatile":15: 13
2020-12-19 20:58:10 DEBUG [t1] "TestVolatile":15: 13
2020-12-19 20:58:10 DEBUG [t1] "TestVolatile":15: 13
2020-12-19 20:58:10 DEBUG [t1] "TestVolatile":15: 13
2020-12-19 20:58:10 DEBUG [t1] "TestVolatile":15: 13
2020-12-19 20:58:10 DEBUG [t1] "TestVolatile":15: 13
2020-12-19 20:58:10 DEBUG [t1] "TestVolatile":15: 13
2020-12-19 20:58:10 DEBUG [t1] "TestVolatile":15: 13
2020-12-19 20:58:10 DEBUG [t1] "TestVolatile":15: 13
2020-12-19 20:58:10 DEBUG [t1] "TestVolatile":15: 13
2020-12-19 20:58:10 DEBUG [t1] "TestVolatile":15: 13
2020-12-19 20:58:10 DEBUG [t1] "TestVolatile":15: 13
2020-12-19 20:58:10 DEBUG [t1] "TestVolatile":15: 13
2020-12-19 20:58:10 DEBUG [t1] "TestVolatile":15: 13
2020-12-19 20:58:10 DEBUG [t1] "TestVolatile":15: 13
2020-12-19 20:58:10 DEBUG [t1] "TestVolatile":15: 13
2020-12-19 20:58:10 DEBUG [t1] "TestVolatile":15: 13
2020-12-19 20:58:10 DEBUG [t1] "TestVolatile":15: 13
2020-12-19 20:58:10 DEBUG [t1] "TestVolatile":15: 13
2020-12-19 20:58:10 DEBUG [t1] "TestVolatile":15: 13
2020-12-19 20:58:10 DEBUG [t1] "TestVolatile":15: 13
2020-12-19 20:58:10 DEBUG [t1] "TestVolatile":15: 13
2020-12-19 20:58:10 DEBUG [t1] "TestVolatile":15: 13
2020-12-19 20:58:10 DEBUG [t1] "TestVolatile":15: 13
2020-12-19 20:58:10 DEBUG [t1] "TestVolatile":15: 13
2020-12-19 20:58:10 DEBUG [t1] "TestVolatile":15: 13
2020-12-19 20:58:10 DEBUG [t1] "TestVolatile":15: 13
2020-12-19 20:58:10 DEBUG [t1] "TestVolatile":15: 13
2020-12-19 20:58:10 DEBUG [t1] "TestVolatile":15: 13
2020-12-19 20:58:10 DEBUG [t1] "TestVolatile":15: 13
2020-12-19 20:58:10 DEBUG [t1] "TestVolatile":15: 13
2020-12-19 20:58:10 DEBUG [t1] "TestVolatile":15: 13
2020-12-19 20:58:10 DEBUG [t1] "TestVolatile":15: 13
2020-12-19 20:58:10 DEBUG [t1] "TestVolatile":15: 13
2020-12-19 20:58:10 DEBUG [t1] "TestVolatile":15: 13
2020-12-19 20:58:10 DEBUG [t1] "TestVolatile":15: 13
2020-12-19 20:58:10 DEBUG [t1] "TestVolatile":15: 13
2020-12-19 20:58:10 DEBUG [t1] "TestVolatile":15: 13
2020-12-19 20:58:10 DEBUG [t1] "TestVolatile":15: 13
2020-12-19 20:58:10 DEBUG [t1] "TestVolatile":15: 13
2020-12-19 20:58:10 DEBUG [t1] "TestVolatile":15: 13
2020-12-19 20:58:10 DEBUG [t1] "TestVolatile":15: 13
2020-12-19 20:58:10 DEBUG [t1] "TestVolatile":15: 13
2020-12-19 20:58:10 DEBUG [t1] "TestVolatile":15: 13
2020-12-19 20:58:10 DEBUG [t1] "TestVolatile":15: 13
2020-12-19 20:58:10 DEBUG [t1] "TestVolatile":15: 13
2020-12-19 20:58:10 DEBUG [t1] "TestVolatile":15: 13
2020-12-19 20:58:10 DEBUG [t1] "TestVolatile":15: 13
2020-12-19 20:58:10 DEBUG [t1] "TestVolatile":15: 13
2020-12-19 20:58:10 DEBUG [t1] "TestVolatile":15: 13
2020-12-19 20:58:10 DEBUG [t1] "TestVolatile":15: 13
2020-12-19 20:58:10 DEBUG [t1] "TestVolatile":15: 13
2020-12-19 20:58:10 DEBUG [t1] "TestVolatile":15: 13
2020-12-19 20:58:10 DEBUG [t1] "TestVolatile":15: 13
2020-12-19 20:58:10 DEBUG [t1] "TestVolatile":15: 13
2020-12-19 20:58:10 DEBUG [t1] "TestVolatile":15: 13
2020-12-19 20:58:10 DEBUG [t1] "TestVolatile":15: 13
2020-12-19 20:58:10 DEBUG [t1] "TestVolatile":15: 13
2020-12-19 20:58:10 DEBUG [t1] "TestVolatile":15: 13
2020-12-19 20:58:10 DEBUG [t1] "TestVolatile":15: 13
2020-12-19 20:58:10 DEBUG [t1] "TestVolatile":15: 13
2020-12-19 20:58:10 DEBUG [t1] "TestVolatile":15: 13
2020-12-19 20:58:10 DEBUG [t1] "TestVolatile":15: 13
2020-12-19 20:58:10 DEBUG [t1] "TestVolatile":15: 13
2020-12-19 20:58:10 DEBUG [t1] "TestVolatile":15: 13
2020-12-19 20:58:10 DEBUG [t1] "TestVolatile":15: 13
2020-12-19 20:58:10 DEBUG [t1] "TestVolatile":15: 13
2020-12-19 20:58:10 DEBUG [t1] "TestVolatile":15: 13
2020-12-19 20:58:10 DEBUG [t1] "TestVolatile":15: 13
2020-12-19 20:58:10 DEBUG [t1] "TestVolatile":15: 13
2020-12-19 20:58:10 DEBUG [t1] "TestVolatile":15: 13
2020-12-19 20:58:10 DEBUG [t1] "TestVolatile":15: 13
2020-12-19 20:58:10 DEBUG [t1] "TestVolatile":15: 13
2020-12-19 20:58:10 DEBUG [t1] "TestVolatile":15: 13
2020-12-19 20:58:10 DEBUG [t1] "TestVolatile":15: 13
2020-12-19 20:58:10 DEBUG [t1] "TestVolatile":15: 13
2020-12-19 20:58:10 DEBUG [t1] "TestVolatile":15: 13
2020-12-19 20:58:10 DEBUG [t1] "TestVolatile":15: 13
2020-12-19 20:58:10 DEBUG [t1] "TestVolatile":15: 13
2020-12-19 20:58:10 DEBUG [t1] "TestVolatile":15: 13
2020-12-19 20:58:10 DEBUG [t1] "TestVolatile":15: 13
2020-12-19 20:58:10 DEBUG [t1] "TestVolatile":15: 13
2020-12-19 20:58:10 DEBUG [t1] "TestVolatile":15: 13
2020-12-19 20:58:10 DEBUG [t1] "TestVolatile":15: 13
2020-12-19 20:58:10 DEBUG [t1] "TestVolatile":15: 13
2020-12-19 20:58:10 DEBUG [t1] "TestVolatile":15: 13
2020-12-19 20:58:10 DEBUG [t1] "TestVolatile":15: 13
2020-12-19 20:58:10 DEBUG [t1] "TestVolatile":15: 13
2020-12-19 20:58:10 DEBUG [t1] "TestVolatile":15: 13
2020-12-19 20:58:10 DEBUG [t1] "TestVolatile":15: 13
2020-12-19 20:58:10 DEBUG [t1] "TestVolatile":15: 13
2020-12-19 20:58:10 DEBUG [t1] "TestVolatile":15: 13
2020-12-19 20:58:10 DEBUG [t1] "TestVolatile":15: 13
2020-12-19 20:58:10 DEBUG [t1] "TestVolatile":15: 13
2020-12-19 20:58:10 DEBUG [t1] "TestVolatile":15: 13
2020-12-19 20:58:10 DEBUG [t1] "TestVolatile":15: 13
2020-12-19 20:58:10 DEBUG [t1] "TestVolatile":15: 13
2020-12-19 20:58:10 DEBUG [t1] "TestVolatile":15: 13
2020-12-19 20:58:10 DEBUG [t1] "TestVolatile":15: 13
2020-12-19 20:58:10 DEBUG [t1] "TestVolatile":15: 13
2020-12-19 20:58:10 DEBUG [t1] "TestVolatile":15: 13
2020-12-19 20:58:10 DEBUG [t1] "TestVolatile":15: 13
2020-12-19 20:58:10 DEBUG [t1] "TestVolatile":15: 13
2020-12-19 20:58:10 DEBUG [t1] "TestVolatile":15: 13
2020-12-19 20:58:10 DEBUG [t1] "TestVolatile":15: 13
2020-12-19 20:58:10 DEBUG [t1] "TestVolatile":15: 13
2020-12-19 20:58:10 DEBUG [t1] "TestVolatile":15: 13
2020-12-19 20:58:10 DEBUG [t1] "TestVolatile":15: 13
2020-12-19 20:58:10 DEBUG [t1] "TestVolatile":15: 13
2020-12-19 20:58:10 DEBUG [t1] "TestVolatile":15: 13
2020-12-19 20:58:10 DEBUG [t1] "TestVolatile":15: 13
2020-12-19 20:58:10 DEBUG [t1] "TestVolatile":15: 13
2020-12-19 20:58:10 DEBUG [t1] "TestVolatile":15: 13
2020-12-19 20:58:10 DEBUG [t1] "TestVolatile":15: 13
2020-12-19 20:58:10 DEBUG [t1] "TestVolatile":15: 13
2020-12-19 20:58:10 DEBUG [t1] "TestVolatile":15: 13
2020-12-19 20:58:10 DEBUG [t1] "TestVolatile":15: 13
2020-12-19 20:58:10 DEBUG [t1] "TestVolatile":15: 13
2020-12-19 20:58:10 DEBUG [t1] "TestVolatile":15: 13
2020-12-19 20:58:10 DEBUG [t1] "TestVolatile":15: 13
2020-12-19 20:58:10 DEBUG [t1] "TestVolatile":15: 13
2020-12-19 20:58:10 DEBUG [t1] "TestVolatile":15: 13
2020-12-19 20:58:10 DEBUG [t1] "TestVolatile":15: 13
2020-12-19 20:58:10 DEBUG [t1] "TestVolatile":15: 13
2020-12-19 20:58:10 DEBUG [t1] "TestVolatile":15: 13
2020-12-19 20:58:10 DEBUG [t1] "TestVolatile":15: 13
2020-12-19 20:58:10 DEBUG [t1] "TestVolatile":15: 13
2020-12-19 20:58:10 DEBUG [t1] "TestVolatile":15: 13
2020-12-19 20:58:10 DEBUG [t1] "TestVolatile":15: 13
2020-12-19 20:58:10 DEBUG [t1] "TestVolatile":15: 13
2020-12-19 20:58:10 DEBUG [t1] "TestVolatile":15: 13
2020-12-19 20:58:10 DEBUG [t1] "TestVolatile":15: 13
2020-12-19 20:58:10 DEBUG [t1] "TestVolatile":15: 13
2020-12-19 20:58:10 DEBUG [t1] "TestVolatile":15: 13
2020-12-19 20:58:10 DEBUG [t1] "TestVolatile":15: 13
2020-12-19 20:58:10 DEBUG [t1] "TestVolatile":15: 13
2020-12-19 20:58:10 DEBUG [t1] "TestVolatile":15: 13
2020-12-19 20:58:10 DEBUG [t1] "TestVolatile":15: 13
2020-12-19 20:58:10 DEBUG [t1] "TestVolatile":15: 13
2020-12-19 20:58:10 DEBUG [t1] "TestVolatile":15: 13
2020-12-19 20:58:10 DEBUG [t1] "TestVolatile":15: 13
2020-12-19 20:58:10 DEBUG [t1] "TestVolatile":15: 13
2020-12-19 20:58:10 DEBUG [t1] "TestVolatile":15: 13
2020-12-19 20:58:10 DEBUG [t1] "TestVolatile":15: 13
2020-12-19 20:58:10 DEBUG [t1] "TestVolatile":15: 13
2020-12-19 20:58:10 DEBUG [t1] "TestVolatile":15: 13
2020-12-19 20:58:10 DEBUG [t1] "TestVolatile":15: 13
2020-12-19 20:58:10 DEBUG [t1] "TestVolatile":15: 13
2020-12-19 20:58:10 DEBUG [t1] "TestVolatile":15: 13
2020-12-19 20:58:10 DEBUG [t1] "TestVolatile":15: 13
2020-12-19 20:58:10 DEBUG [t1] "TestVolatile":15: 13
2020-12-19 20:58:10 DEBUG [t1] "TestVolatile":15: 13
2020-12-19 20:58:10 DEBUG [t1] "TestVolatile":15: 13
2020-12-19 20:58:10 DEBUG [t1] "TestVolatile":15: 13
2020-12-19 20:58:10 DEBUG [t1] "TestVolatile":15: 13
2020-12-19 20:58:10 DEBUG [t1] "TestVolatile":15: 13
2020-12-19 20:58:10 DEBUG [t1] "TestVolatile":15: 13
2020-12-19 20:58:10 DEBUG [t1] "TestVolatile":15: 13
2020-12-19 20:58:10 DEBUG [t1] "TestVolatile":15: 13
2020-12-19 20:58:10 DEBUG [t1] "TestVolatile":15: 13
2020-12-19 20:58:10 DEBUG [t1] "TestVolatile":15: 13
2020-12-19 20:58:10 DEBUG [t1] "TestVolatile":15: 13
2020-12-19 20:58:10 DEBUG [t1] "TestVolatile":15: 13
2020-12-19 20:58:10 DEBUG [t1] "TestVolatile":15: 13
2020-12-19 20:58:10 DEBUG [t1] "TestVolatile":15: 13
2020-12-19 20:58:10 DEBUG [t1] "TestVolatile":15: 13
2020-12-19 20:58:10 DEBUG [t1] "TestVolatile":15: 13
2020-12-19 20:58:10 DEBUG [t1] "TestVolatile":15: 13
2020-12-19 20:58:10 DEBUG [t1] "TestVolatile":15: 13
2020-12-19 20:58:10 DEBUG [t1] "TestVolatile":15: 13
2020-12-19 20:58:10 DEBUG [t1] "TestVolatile":15: 13
2020-12-19 20:58:10 DEBUG [t1] "TestVolatile":15: 13
2020-12-19 20:58:10 DEBUG [t1] "TestVolatile":15: 13
2020-12-19 20:58:10 DEBUG [t1] "TestVolatile":15: 13
2020-12-19 20:58:10 DEBUG [t1] "TestVolatile":15: 13
2020-12-19 20:58:10 DEBUG [t1] "TestVolatile":15: 13
2020-12-19 20:58:10 DEBUG [t1] "TestVolatile":15: 13
2020-12-19 20:58:10 DEBUG [t1] "TestVolatile":15: 13
2020-12-19 20:58:10 DEBUG [t1] "TestVolatile":15: 13
2020-12-19 20:58:10 DEBUG [t1] "TestVolatile":15: 13
2020-12-19 20:58:10 DEBUG [t1] "TestVolatile":15: 13
2020-12-19 20:58:10 DEBUG [t1] "TestVolatile":15: 13
2020-12-19 20:58:10 DEBUG [t1] "TestVolatile":15: 13
2020-12-19 20:58:10 DEBUG [t1] "TestVolatile":15: 13
2020-12-19 20:58:10 DEBUG [t1] "TestVolatile":15: 13
2020-12-19 20:58:10 DEBUG [t1] "TestVolatile":15: 13
2020-12-19 20:58:10 DEBUG [t1] "TestVolatile":15: 13
2020-12-19 20:58:10 DEBUG [t1] "TestVolatile":15: 13
2020-12-19 20:58:10 DEBUG [t1] "TestVolatile":15: 13
2020-12-19 20:58:10 DEBUG [t1] "TestVolatile":15: 13
2020-12-19 20:58:10 DEBUG [t1] "TestVolatile":15: 13
2020-12-19 20:58:10 DEBUG [t1] "TestVolatile":15: 13
2020-12-19 20:58:10 DEBUG [t1] "TestVolatile":15: 13
2020-12-19 20:58:10 DEBUG [t1] "TestVolatile":15: 13
2020-12-19 20:58:10 DEBUG [t1] "TestVolatile":15: 13
2020-12-19 20:58:10 DEBUG [t1] "TestVolatile":15: 13
2020-12-19 20:58:10 DEBUG [t1] "TestVolatile":15: 13
2020-12-19 20:58:10 DEBUG [t1] "TestVolatile":15: 13
2020-12-19 20:58:10 DEBUG [t1] "TestVolatile":15: 13
2020-12-19 20:58:10 DEBUG [t1] "TestVolatile":15: 13
2020-12-19 20:58:10 DEBUG [t1] "TestVolatile":15: 13
2020-12-19 20:58:10 DEBUG [t1] "TestVolatile":15: 13
2020-12-19 20:58:10 DEBUG [t1] "TestVolatile":15: 13
2020-12-19 20:58:10 DEBUG [t1] "TestVolatile":15: 13
2020-12-19 20:58:10 DEBUG [t1] "TestVolatile":15: 13
2020-12-19 20:58:10 DEBUG [t1] "TestVolatile":15: 13
2020-12-19 20:58:10 DEBUG [t1] "TestVolatile":15: 13
2020-12-19 20:58:10 DEBUG [t1] "TestVolatile":15: 13
2020-12-19 20:58:10 DEBUG [t1] "TestVolatile":15: 13
2020-12-19 20:58:10 DEBUG [t1] "TestVolatile":15: 13
2020-12-19 20:58:10 DEBUG [t1] "TestVolatile":15: 13
2020-12-19 20:58:10 DEBUG [t1] "TestVolatile":15: 13
2020-12-19 20:58:10 DEBUG [t1] "TestVolatile":15: 13
2020-12-19 20:58:10 DEBUG [t1] "TestVolatile":15: 13
2020-12-19 20:58:10 DEBUG [t1] "TestVolatile":15: 13
2020-12-19 20:58:10 DEBUG [t1] "TestVolatile":15: 13
2020-12-19 20:58:10 DEBUG [t1] "TestVolatile":15: 13
2020-12-19 20:58:10 DEBUG [t1] "TestVolatile":15: 13
2020-12-19 20:58:10 DEBUG [t1] "TestVolatile":15: 13
2020-12-19 20:58:10 DEBUG [t1] "TestVolatile":15: 13
2020-12-19 20:58:10 DEBUG [t1] "TestVolatile":15: 13
2020-12-19 20:58:10 DEBUG [t1] "TestVolatile":15: 13
2020-12-19 20:58:10 DEBUG [t1] "TestVolatile":15: 13
2020-12-19 20:58:10 DEBUG [t1] "TestVolatile":15: 13
2020-12-19 20:58:10 DEBUG [t1] "TestVolatile":15: 13
2020-12-19 20:58:10 DEBUG [t1] "TestVolatile":15: 13
2020-12-19 20:58:10 DEBUG [t1] "TestVolatile":15: 13
2020-12-19 20:58:10 DEBUG [t1] "TestVolatile":15: 13
2020-12-19 20:58:10 DEBUG [t1] "TestVolatile":15: 13
2020-12-19 20:58:10 DEBUG [t1] "TestVolatile":15: 13
2020-12-19 20:58:10 DEBUG [t1] "TestVolatile":15: 13
2020-12-19 20:58:10 DEBUG [t1] "TestVolatile":15: 13
2020-12-19 20:58:10 DEBUG [t1] "TestVolatile":15: 13
2020-12-19 20:58:10 DEBUG [t1] "TestVolatile":15: 13
2020-12-19 20:58:10 DEBUG [t1] "TestVolatile":15: 13
2020-12-19 20:58:10 DEBUG [t1] "TestVolatile":15: 13
2020-12-19 20:58:10 DEBUG [t1] "TestVolatile":15: 13
2020-12-19 20:58:10 DEBUG [t1] "TestVolatile":15: 13
2020-12-19 20:58:10 DEBUG [t1] "TestVolatile":15: 13
2020-12-19 20:58:10 DEBUG [t1] "TestVolatile":15: 13
2020-12-19 20:58:10 DEBUG [t1] "TestVolatile":15: 13
2020-12-19 20:58:10 DEBUG [t1] "TestVolatile":15: 13
2020-12-19 20:58:10 DEBUG [t1] "TestVolatile":15: 13
2020-12-19 20:58:10 DEBUG [t1] "TestVolatile":15: 13
2020-12-19 20:58:10 DEBUG [t1] "TestVolatile":15: 13
2020-12-19 20:58:10 DEBUG [t1] "TestVolatile":15: 13
2020-12-19 20:58:10 DEBUG [t1] "TestVolatile":15: 13
2020-12-19 20:58:10 DEBUG [t1] "TestVolatile":15: 13
2020-12-19 20:58:10 DEBUG [t1] "TestVolatile":15: 13
2020-12-19 20:58:10 DEBUG [t1] "TestVolatile":15: 13
2020-12-19 20:58:10 DEBUG [t1] "TestVolatile":15: 13
2020-12-19 20:58:10 DEBUG [t1] "TestVolatile":15: 13
2020-12-19 20:58:10 DEBUG [t1] "TestVolatile":15: 13
2020-12-19 20:58:10 DEBUG [t1] "TestVolatile":15: 13
2020-12-19 20:58:10 DEBUG [t1] "TestVolatile":15: 13
2020-12-19 20:58:10 DEBUG [t1] "TestVolatile":15: 13
2020-12-19 20:58:10 DEBUG [t1] "TestVolatile":15: 13
2020-12-19 20:58:10 DEBUG [t1] "TestVolatile":15: 13
2020-12-19 20:58:10 DEBUG [t1] "TestVolatile":15: 13
2020-12-19 20:58:10 DEBUG [t1] "TestVolatile":15: 13
2020-12-19 20:58:10 DEBUG [t1] "TestVolatile":15: 13
2020-12-19 20:58:10 DEBUG [t1] "TestVolatile":15: 13
2020-12-19 20:58:10 DEBUG [t1] "TestVolatile":15: 13
2020-12-19 20:58:10 DEBUG [t1] "TestVolatile":15: 13
2020-12-19 20:58:10 DEBUG [t1] "TestVolatile":15: 13
2020-12-19 20:58:10 DEBUG [t1] "TestVolatile":15: 13
2020-12-19 20:58:10 DEBUG [t1] "TestVolatile":15: 13
2020-12-19 20:58:10 DEBUG [t1] "TestVolatile":15: 13
2020-12-19 20:58:10 DEBUG [t1] "TestVolatile":15: 13
2020-12-19 20:58:10 DEBUG [t1] "TestVolatile":15: 13
2020-12-19 20:58:10 DEBUG [t1] "TestVolatile":15: 13
2020-12-19 20:58:10 DEBUG [t1] "TestVolatile":15: 13
2020-12-19 20:58:10 DEBUG [t1] "TestVolatile":15: 13
2020-12-19 20:58:10 DEBUG [t1] "TestVolatile":15: 13
2020-12-19 20:58:10 DEBUG [t1] "TestVolatile":15: 13
2020-12-19 20:58:10 DEBUG [t1] "TestVolatile":15: 13
2020-12-19 20:58:10 DEBUG [t1] "TestVolatile":15: 13
2020-12-19 20:58:10 DEBUG [t1] "TestVolatile":15: 13
2020-12-19 20:58:10 DEBUG [t1] "TestVolatile":15: 13
2020-12-19 20:58:10 DEBUG [t1] "TestVolatile":15: 13
2020-12-19 20:58:10 DEBUG [t1] "TestVolatile":15: 13
2020-12-19 20:58:10 DEBUG [t1] "TestVolatile":15: 13
2020-12-19 20:58:10 DEBUG [t1] "TestVolatile":15: 13
2020-12-19 20:58:10 DEBUG [t1] "TestVolatile":15: 13
2020-12-19 20:58:10 DEBUG [t1] "TestVolatile":15: 13
2020-12-19 20:58:10 DEBUG [t1] "TestVolatile":15: 13
2020-12-19 20:58:10 DEBUG [t1] "TestVolatile":15: 13
2020-12-19 20:58:10 DEBUG [t1] "TestVolatile":15: 13
2020-12-19 20:58:10 DEBUG [t1] "TestVolatile":15: 13
2020-12-19 20:58:10 DEBUG [t1] "TestVolatile":15: 13
2020-12-19 20:58:10 DEBUG [t1] "TestVolatile":15: 13
2020-12-19 20:58:10 DEBUG [t1] "TestVolatile":15: 13
2020-12-19 20:58:10 DEBUG [t1] "TestVolatile":15: 13
2020-12-19 20:58:10 DEBUG [t1] "TestVolatile":15: 13
2020-12-19 20:58:10 DEBUG [t1] "TestVolatile":15: 13
2020-12-19 20:58:10 DEBUG [t1] "TestVolatile":15: 13
2020-12-19 20:58:10 DEBUG [t1] "TestVolatile":15: 13
2020-12-19 20:58:10 DEBUG [t1] "TestVolatile":15: 13
2020-12-19 20:58:10 DEBUG [t1] "TestVolatile":15: 13
2020-12-19 20:58:10 DEBUG [t1] "TestVolatile":15: 13
2020-12-19 20:58:10 DEBUG [t1] "TestVolatile":15: 13
2020-12-19 20:58:10 DEBUG [t1] "TestVolatile":15: 13
2020-12-19 20:58:10 DEBUG [t1] "TestVolatile":15: 13
2020-12-19 20:58:10 DEBUG [t1] "TestVolatile":15: 13
2020-12-19 20:58:10 DEBUG [t1] "TestVolatile":15: 13
2020-12-19 20:58:10 DEBUG [t1] "TestVolatile":15: 13
2020-12-19 20:58:10 DEBUG [t1] "TestVolatile":15: 13
2020-12-19 20:58:10 DEBUG [t1] "TestVolatile":15: 13
2020-12-19 20:58:10 DEBUG [t1] "TestVolatile":15: 13
2020-12-19 20:58:10 DEBUG [t1] "TestVolatile":15: 13
2020-12-19 20:58:10 DEBUG [t1] "TestVolatile":15: 13
2020-12-19 20:58:10 DEBUG [t1] "TestVolatile":15: 13
2020-12-19 20:58:10 DEBUG [t1] "TestVolatile":15: 13
2020-12-19 20:58:10 DEBUG [t1] "TestVolatile":15: 13
2020-12-19 20:58:10 DEBUG [t1] "TestVolatile":15: 13
2020-12-19 20:58:10 DEBUG [t1] "TestVolatile":15: 13
2020-12-19 20:58:10 DEBUG [t1] "TestVolatile":15: 13
2020-12-19 20:58:10 DEBUG [t1] "TestVolatile":15: 13
2020-12-19 20:58:10 DEBUG [t1] "TestVolatile":15: 13
2020-12-19 20:58:10 DEBUG [t1] "TestVolatile":15: 13
2020-12-19 20:58:10 DEBUG [t1] "TestVolatile":15: 13
2020-12-19 20:58:10 DEBUG [t1] "TestVolatile":15: 13
2020-12-19 20:58:10 DEBUG [t1] "TestVolatile":15: 13
2020-12-19 20:58:10 DEBUG [t1] "TestVolatile":15: 13
2020-12-19 20:58:10 DEBUG [t1] "TestVolatile":15: 13
2020-12-19 20:58:10 DEBUG [t1] "TestVolatile":15: 13
2020-12-19 20:58:10 DEBUG [t1] "TestVolatile":15: 13
2020-12-19 20:58:10 DEBUG [t1] "TestVolatile":15: 13
2020-12-19 20:58:10 DEBUG [t1] "TestVolatile":15: 13
2020-12-19 20:58:10 DEBUG [t1] "TestVolatile":15: 13
2020-12-19 20:58:10 DEBUG [t1] "TestVolatile":15: 13
2020-12-19 20:58:10 DEBUG [t1] "TestVolatile":15: 13
2020-12-19 20:58:10 DEBUG [t1] "TestVolatile":15: 13
2020-12-19 20:58:10 DEBUG [t1] "TestVolatile":15: 13
2020-12-19 20:58:10 DEBUG [t1] "TestVolatile":15: 13
2020-12-19 20:58:10 DEBUG [t1] "TestVolatile":15: 13
2020-12-19 20:58:10 DEBUG [t1] "TestVolatile":15: 13
2020-12-19 20:58:10 DEBUG [t1] "TestVolatile":15: 13
2020-12-19 20:58:10 DEBUG [t1] "TestVolatile":15: 13
2020-12-19 20:58:10 DEBUG [t1] "TestVolatile":15: 13
2020-12-19 20:58:10 DEBUG [t1] "TestVolatile":15: 13
2020-12-19 20:58:10 DEBUG [t1] "TestVolatile":15: 13
2020-12-19 20:58:10 DEBUG [t1] "TestVolatile":15: 13
2020-12-19 20:58:10 DEBUG [t1] "TestVolatile":15: 13
2020-12-19 20:58:10 DEBUG [t1] "TestVolatile":15: 13
2020-12-19 20:58:10 DEBUG [t1] "TestVolatile":15: 13
2020-12-19 20:58:10 DEBUG [t1] "TestVolatile":15: 13
2020-12-19 20:58:10 DEBUG [t1] "TestVolatile":15: 13
2020-12-19 20:58:10 DEBUG [t1] "TestVolatile":15: 13
2020-12-19 20:58:10 DEBUG [t1] "TestVolatile":15: 13
2020-12-19 20:58:10 DEBUG [t1] "TestVolatile":15: 13
2020-12-19 20:58:10 DEBUG [t1] "TestVolatile":15: 13
2020-12-19 20:58:10 DEBUG [t1] "TestVolatile":15: 13
2020-12-19 20:58:10 DEBUG [t1] "TestVolatile":15: 13
2020-12-19 20:58:10 DEBUG [t1] "TestVolatile":15: 13
2020-12-19 20:58:10 DEBUG [t1] "TestVolatile":15: 13
2020-12-19 20:58:10 DEBUG [t1] "TestVolatile":15: 13
2020-12-19 20:58:10 DEBUG [t1] "TestVolatile":15: 13
2020-12-19 20:58:10 DEBUG [t1] "TestVolatile":15: 13
2020-12-19 20:58:10 DEBUG [t1] "TestVolatile":15: 13
2020-12-19 20:58:10 DEBUG [t1] "TestVolatile":15: 13
2020-12-19 20:58:10 DEBUG [t1] "TestVolatile":15: 13
2020-12-19 20:58:10 DEBUG [t1] "TestVolatile":15: 13
2020-12-19 20:58:10 DEBUG [t1] "TestVolatile":15: 13
2020-12-19 20:58:10 DEBUG [t1] "TestVolatile":15: 13
2020-12-19 20:58:10 DEBUG [t1] "TestVolatile":15: 13
2020-12-19 20:58:10 DEBUG [t1] "TestVolatile":15: 13
2020-12-19 20:58:10 DEBUG [t1] "TestVolatile":15: 13
2020-12-19 20:58:10 DEBUG [t1] "TestVolatile":15: 13
2020-12-19 20:58:10 DEBUG [t1] "TestVolatile":15: 13
2020-12-19 20:58:10 DEBUG [t1] "TestVolatile":15: 13
2020-12-19 20:58:10 DEBUG [t1] "TestVolatile":15: 13
2020-12-19 20:58:10 DEBUG [t1] "TestVolatile":15: 13
2020-12-19 20:58:10 DEBUG [t1] "TestVolatile":15: 13
2020-12-19 20:58:10 DEBUG [t1] "TestVolatile":15: 13
2020-12-19 20:58:10 DEBUG [t1] "TestVolatile":15: 13
2020-12-19 20:58:10 DEBUG [t1] "TestVolatile":15: 13
2020-12-19 20:58:10 DEBUG [t1] "TestVolatile":15: 13
2020-12-19 20:58:10 DEBUG [t1] "TestVolatile":15: 13
2020-12-19 20:58:10 DEBUG [t1] "TestVolatile":15: 13
2020-12-19 20:58:10 DEBUG [t1] "TestVolatile":15: 13
2020-12-19 20:58:10 DEBUG [t1] "TestVolatile":15: 13
2020-12-19 20:58:10 DEBUG [t1] "TestVolatile":15: 13
2020-12-19 20:58:10 DEBUG [t1] "TestVolatile":15: 13
2020-12-19 20:58:10 DEBUG [t1] "TestVolatile":15: 13
2020-12-19 20:58:10 DEBUG [t1] "TestVolatile":15: 13
2020-12-19 20:58:10 DEBUG [t1] "TestVolatile":15: 13
2020-12-19 20:58:10 DEBUG [t1] "TestVolatile":15: 13
2020-12-19 20:58:10 DEBUG [t1] "TestVolatile":15: 13
2020-12-19 20:58:10 DEBUG [t1] "TestVolatile":15: 13
2020-12-19 20:58:10 DEBUG [t1] "TestVolatile":15: 13
2020-12-19 20:58:10 DEBUG [t1] "TestVolatile":15: 13
2020-12-19 20:58:10 DEBUG [t1] "TestVolatile":15: 13
2020-12-19 20:58:10 DEBUG [t1] "TestVolatile":15: 13
2020-12-19 20:58:10 DEBUG [t1] "TestVolatile":15: 13
2020-12-19 20:58:10 DEBUG [t1] "TestVolatile":15: 13
2020-12-19 20:58:10 DEBUG [t1] "TestVolatile":15: 13
2020-12-19 20:58:10 DEBUG [t1] "TestVolatile":15: 13
2020-12-19 20:58:10 DEBUG [t1] "TestVolatile":15: 13
2020-12-19 20:58:10 DEBUG [t1] "TestVolatile":15: 13
2020-12-19 20:58:10 DEBUG [t1] "TestVolatile":15: 13
2020-12-19 20:58:10 DEBUG [t1] "TestVolatile":15: 13
2020-12-19 20:58:10 DEBUG [t1] "TestVolatile":15: 13
2020-12-19 20:58:10 DEBUG [t1] "TestVolatile":15: 13
2020-12-19 20:58:10 DEBUG [t1] "TestVolatile":15: 13
2020-12-19 20:58:10 DEBUG [t1] "TestVolatile":15: 13
2020-12-19 20:58:10 DEBUG [t1] "TestVolatile":15: 13
2020-12-19 20:58:10 DEBUG [t1] "TestVolatile":15: 13
2020-12-19 20:58:10 DEBUG [t1] "TestVolatile":15: 13
2020-12-19 20:58:10 DEBUG [t1] "TestVolatile":15: 13
2020-12-19 20:58:10 DEBUG [t1] "TestVolatile":15: 13
2020-12-19 20:58:10 DEBUG [t1] "TestVolatile":15: 13
2020-12-19 20:58:10 DEBUG [t1] "TestVolatile":15: 13
2020-12-19 20:58:10 DEBUG [t1] "TestVolatile":15: 13
2020-12-19 20:58:10 DEBUG [t1] "TestVolatile":15: 13
2020-12-19 20:58:10 DEBUG [t1] "TestVolatile":15: 13
2020-12-19 20:58:10 DEBUG [t1] "TestVolatile":15: 13
2020-12-19 20:58:10 DEBUG [t1] "TestVolatile":15: 13
2020-12-19 20:58:10 DEBUG [t1] "TestVolatile":15: 13
2020-12-19 20:58:10 DEBUG [t1] "TestVolatile":15: 13
2020-12-19 20:58:10 DEBUG [t1] "TestVolatile":15: 13
2020-12-19 20:58:10 DEBUG [t1] "TestVolatile":15: 13
2020-12-19 20:58:10 DEBUG [t1] "TestVolatile":15: 13
2020-12-19 20:58:10 DEBUG [t1] "TestVolatile":15: 13
2020-12-19 20:58:10 DEBUG [t1] "TestVolatile":15: 13
2020-12-19 20:58:10 DEBUG [t1] "TestVolatile":15: 13
2020-12-19 20:58:10 DEBUG [t1] "TestVolatile":15: 13
2020-12-19 20:58:10 DEBUG [t1] "TestVolatile":15: 13
2020-12-19 20:58:10 DEBUG [t1] "TestVolatile":15: 13
2020-12-19 20:58:10 DEBUG [t1] "TestVolatile":15: 13
2020-12-19 20:58:10 DEBUG [t1] "TestVolatile":15: 13
2020-12-19 20:58:10 DEBUG [t1] "TestVolatile":15: 13
2020-12-19 20:58:10 DEBUG [t1] "TestVolatile":15: 13
2020-12-19 20:58:10 DEBUG [t1] "TestVolatile":15: 13
2020-12-19 20:58:10 DEBUG [t1] "TestVolatile":15: 13
2020-12-19 20:58:10 DEBUG [t1] "TestVolatile":15: 13
2020-12-19 20:58:10 DEBUG [t1] "TestVolatile":15: 13
2020-12-19 20:58:10 DEBUG [t1] "TestVolatile":15: 13
2020-12-19 20:58:10 DEBUG [t1] "TestVolatile":15: 13
2020-12-19 20:58:10 DEBUG [t1] "TestVolatile":15: 13
2020-12-19 20:58:10 DEBUG [t1] "TestVolatile":15: 13
2020-12-19 20:58:10 DEBUG [t1] "TestVolatile":15: 13
2020-12-19 20:58:10 DEBUG [t1] "TestVolatile":15: 13
2020-12-19 20:58:10 DEBUG [t1] "TestVolatile":15: 13
2020-12-19 20:58:10 DEBUG [t1] "TestVolatile":15: 13
2020-12-19 20:58:10 DEBUG [t1] "TestVolatile":15: 13
2020-12-19 20:58:10 DEBUG [t1] "TestVolatile":15: 13
2020-12-19 20:58:10 DEBUG [t1] "TestVolatile":15: 13
2020-12-19 20:58:10 DEBUG [t1] "TestVolatile":15: 13
2020-12-19 20:58:10 DEBUG [t1] "TestVolatile":15: 13
2020-12-19 20:58:10 DEBUG [t1] "TestVolatile":15: 13
2020-12-19 20:58:10 DEBUG [t1] "TestVolatile":15: 13
2020-12-19 20:58:10 DEBUG [t1] "TestVolatile":15: 13
2020-12-19 20:58:10 DEBUG [t1] "TestVolatile":15: 13
2020-12-19 20:58:10 DEBUG [t1] "TestVolatile":15: 13
2020-12-19 20:58:10 DEBUG [t1] "TestVolatile":15: 13
2020-12-19 20:58:10 DEBUG [t1] "TestVolatile":15: 13
2020-12-19 20:58:10 DEBUG [t1] "TestVolatile":15: 13
2020-12-19 20:58:10 DEBUG [t1] "TestVolatile":15: 13
2020-12-19 20:58:10 DEBUG [t1] "TestVolatile":15: 13
2020-12-19 20:58:10 DEBUG [t1] "TestVolatile":15: 13
2020-12-19 20:58:10 DEBUG [t1] "TestVolatile":15: 13
2020-12-19 20:58:10 DEBUG [t1] "TestVolatile":15: 13
2020-12-19 20:58:10 DEBUG [t1] "TestVolatile":15: 13
2020-12-19 20:58:10 DEBUG [t1] "TestVolatile":15: 13
2020-12-19 20:58:10 DEBUG [t1] "TestVolatile":15: 13
2020-12-19 20:58:10 DEBUG [t1] "TestVolatile":15: 13
2020-12-19 20:58:10 DEBUG [t1] "TestVolatile":15: 13
2020-12-19 20:58:10 DEBUG [t1] "TestVolatile":15: 13
2020-12-19 20:58:10 DEBUG [t1] "TestVolatile":15: 13
2020-12-19 20:58:10 DEBUG [t1] "TestVolatile":15: 13
2020-12-19 20:58:10 DEBUG [t1] "TestVolatile":15: 13
2020-12-19 20:58:10 DEBUG [t1] "TestVolatile":15: 13
2020-12-19 20:58:10 DEBUG [t1] "TestVolatile":15: 13
2020-12-19 20:58:10 DEBUG [t1] "TestVolatile":15: 13
2020-12-19 20:58:10 DEBUG [t1] "TestVolatile":15: 13
2020-12-19 20:58:10 DEBUG [t1] "TestVolatile":15: 13
2020-12-19 20:58:10 DEBUG [t1] "TestVolatile":15: 13
2020-12-19 20:58:10 DEBUG [t1] "TestVolatile":15: 13
2020-12-19 20:58:10 DEBUG [t1] "TestVolatile":15: 13
2020-12-19 20:58:10 DEBUG [t1] "TestVolatile":15: 13
2020-12-19 20:58:10 DEBUG [t1] "TestVolatile":15: 13
2020-12-19 20:58:10 DEBUG [t1] "TestVolatile":15: 13
2020-12-19 20:58:10 DEBUG [t1] "TestVolatile":15: 13
2020-12-19 20:58:10 DEBUG [t1] "TestVolatile":15: 13
2020-12-19 20:58:10 DEBUG [t1] "TestVolatile":15: 13
2020-12-19 20:58:10 DEBUG [t1] "TestVolatile":15: 13
2020-12-19 20:58:10 DEBUG [t1] "TestVolatile":15: 13
2020-12-19 20:58:10 DEBUG [t1] "TestVolatile":15: 13
2020-12-19 20:58:10 DEBUG [t1] "TestVolatile":15: 13
2020-12-19 20:58:10 DEBUG [t1] "TestVolatile":15: 13
2020-12-19 20:58:10 DEBUG [t1] "TestVolatile":15: 13
2020-12-19 20:58:10 DEBUG [t1] "TestVolatile":15: 13
2020-12-19 20:58:10 DEBUG [t1] "TestVolatile":15: 13
2020-12-19 20:58:10 DEBUG [t1] "TestVolatile":15: 13
2020-12-19 20:58:10 DEBUG [t1] "TestVolatile":15: 13
2020-12-19 20:58:10 DEBUG [t1] "TestVolatile":15: 13
2020-12-19 20:58:10 DEBUG [t1] "TestVolatile":15: 13
2020-12-19 20:58:10 DEBUG [t1] "TestVolatile":15: 13
2020-12-19 20:58:10 DEBUG [t1] "TestVolatile":15: 13
2020-12-19 20:58:10 DEBUG [t1] "TestVolatile":15: 13
2020-12-19 20:58:10 DEBUG [t1] "TestVolatile":15: 13
2020-12-19 20:58:10 DEBUG [t1] "TestVolatile":15: 13
2020-12-19 20:58:10 DEBUG [t1] "TestVolatile":15: 13
2020-12-19 20:58:10 DEBUG [t1] "TestVolatile":15: 13
2020-12-19 20:58:10 DEBUG [t1] "TestVolatile":15: 13
2020-12-19 20:58:10 DEBUG [t1] "TestVolatile":15: 13
2020-12-19 20:58:10 DEBUG [t1] "TestVolatile":15: 13
2020-12-19 20:58:10 DEBUG [t1] "TestVolatile":15: 13
2020-12-19 20:58:10 DEBUG [t1] "TestVolatile":15: 13
2020-12-19 20:58:10 DEBUG [t1] "TestVolatile":15: 13
2020-12-19 20:58:10 DEBUG [t1] "TestVolatile":15: 13
2020-12-19 20:58:10 DEBUG [t1] "TestVolatile":15: 13
2020-12-19 20:58:10 DEBUG [t1] "TestVolatile":15: 13
2020-12-19 20:58:10 DEBUG [t1] "TestVolatile":15: 13
2020-12-19 20:58:10 DEBUG [t1] "TestVolatile":15: 13
2020-12-19 20:58:10 DEBUG [t1] "TestVolatile":15: 13
2020-12-19 20:58:10 DEBUG [t1] "TestVolatile":15: 13
2020-12-19 20:58:10 DEBUG [t1] "TestVolatile":15: 13
2020-12-19 20:58:10 DEBUG [t1] "TestVolatile":15: 13
2020-12-19 20:58:10 DEBUG [t1] "TestVolatile":15: 13
2020-12-19 20:58:10 DEBUG [t1] "TestVolatile":15: 13
2020-12-19 20:58:10 DEBUG [t1] "TestVolatile":15: 13
2020-12-19 20:58:10 DEBUG [t1] "TestVolatile":15: 13
2020-12-19 20:58:10 DEBUG [t1] "TestVolatile":15: 13
2020-12-19 20:58:10 DEBUG [t1] "TestVolatile":15: 13
2020-12-19 20:58:10 DEBUG [t1] "TestVolatile":15: 13
2020-12-19 20:58:10 DEBUG [t1] "TestVolatile":15: 13
2020-12-19 20:58:10 DEBUG [t1] "TestVolatile":15: 13
2020-12-19 20:58:10 DEBUG [t1] "TestVolatile":15: 13
2020-12-19 20:58:10 DEBUG [t1] "TestVolatile":15: 13
2020-12-19 20:58:10 DEBUG [t1] "TestVolatile":15: 13
2020-12-19 20:58:10 DEBUG [t1] "TestVolatile":15: 13
2020-12-19 20:58:10 DEBUG [t1] "TestVolatile":15: 13
2020-12-19 20:58:10 DEBUG [t1] "TestVolatile":15: 13
2020-12-19 20:58:10 DEBUG [t1] "TestVolatile":15: 13
2020-12-19 20:58:10 DEBUG [t1] "TestVolatile":15: 13
2020-12-19 20:58:10 DEBUG [t1] "TestVolatile":15: 13
2020-12-19 20:58:10 DEBUG [t1] "TestVolatile":15: 13
2020-12-19 20:58:10 DEBUG [t1] "TestVolatile":15: 13
2020-12-19 20:58:10 DEBUG [t1] "TestVolatile":15: 13
2020-12-19 20:58:10 DEBUG [t1] "TestVolatile":15: 13
2020-12-19 20:58:10 DEBUG [t1] "TestVolatile":15: 13
2020-12-19 20:58:10 DEBUG [t1] "TestVolatile":15: 13
2020-12-19 20:58:10 DEBUG [t1] "TestVolatile":15: 13
2020-12-19 20:58:10 DEBUG [t1] "TestVolatile":15: 13
2020-12-19 20:58:10 DEBUG [t1] "TestVolatile":15: 13
2020-12-19 20:58:10 DEBUG [t1] "TestVolatile":15: 13
2020-12-19 20:58:10 DEBUG [t1] "TestVolatile":15: 13
2020-12-19 20:58:10 DEBUG [t1] "TestVolatile":15: 13
2020-12-19 20:58:10 DEBUG [t1] "TestVolatile":15: 13
2020-12-19 20:58:10 DEBUG [t1] "TestVolatile":15: 13
2020-12-19 20:58:10 DEBUG [t1] "TestVolatile":15: 13
2020-12-19 20:58:10 DEBUG [t1] "TestVolatile":15: 13
2020-12-19 20:58:10 DEBUG [t1] "TestVolatile":15: 13
2020-12-19 20:58:10 DEBUG [t1] "TestVolatile":15: 13
2020-12-19 20:58:10 DEBUG [t1] "TestVolatile":15: 13
2020-12-19 20:58:10 DEBUG [t1] "TestVolatile":15: 13
2020-12-19 20:58:10 DEBUG [t1] "TestVolatile":15: 13
2020-12-19 20:58:10 DEBUG [t1] "TestVolatile":15: 13
2020-12-19 20:58:10 DEBUG [t1] "TestVolatile":15: 13
2020-12-19 20:58:10 DEBUG [t1] "TestVolatile":15: 13
2020-12-19 20:58:10 DEBUG [t1] "TestVolatile":15: 13
2020-12-19 20:58:10 DEBUG [t1] "TestVolatile":15: 13
2020-12-19 20:58:10 DEBUG [t1] "TestVolatile":15: 13
2020-12-19 20:58:10 DEBUG [t1] "TestVolatile":15: 13
2020-12-19 20:58:10 DEBUG [t1] "TestVolatile":15: 13
2020-12-19 20:58:10 DEBUG [t1] "TestVolatile":15: 13
2020-12-19 20:58:10 DEBUG [t1] "TestVolatile":15: 13
2020-12-19 20:58:10 DEBUG [t1] "TestVolatile":15: 13
2020-12-19 20:58:10 DEBUG [t1] "TestVolatile":15: 13
2020-12-19 20:58:10 DEBUG [t1] "TestVolatile":15: 13
2020-12-19 20:58:10 DEBUG [t1] "TestVolatile":15: 13
2020-12-19 20:58:10 DEBUG [t1] "TestVolatile":15: 13
2020-12-19 20:58:10 DEBUG [t1] "TestVolatile":15: 13
2020-12-19 20:58:10 DEBUG [t1] "TestVolatile":15: 13
2020-12-19 20:58:10 DEBUG [t1] "TestVolatile":15: 13
2020-12-19 20:58:10 DEBUG [t1] "TestVolatile":15: 13
2020-12-19 20:58:10 DEBUG [t1] "TestVolatile":15: 13
2020-12-19 20:58:10 DEBUG [t1] "TestVolatile":15: 13
2020-12-19 20:58:10 DEBUG [t1] "TestVolatile":15: 13
2020-12-19 20:58:10 DEBUG [t1] "TestVolatile":15: 13
2020-12-19 20:58:10 DEBUG [t1] "TestVolatile":15: 13
2020-12-19 20:58:10 DEBUG [t1] "TestVolatile":15: 13
2020-12-19 20:58:10 DEBUG [t1] "TestVolatile":15: 13
2020-12-19 20:58:10 DEBUG [t1] "TestVolatile":15: 13
2020-12-19 20:58:10 DEBUG [t1] "TestVolatile":15: 13
2020-12-19 20:58:10 DEBUG [t1] "TestVolatile":15: 13
2020-12-19 20:58:10 DEBUG [t1] "TestVolatile":15: 13
2020-12-19 20:58:10 DEBUG [t1] "TestVolatile":15: 13
2020-12-19 20:58:10 DEBUG [t1] "TestVolatile":15: 13
2020-12-19 20:58:10 DEBUG [t1] "TestVolatile":15: 13
2020-12-19 20:58:10 DEBUG [t1] "TestVolatile":15: 13
2020-12-19 20:58:10 DEBUG [t1] "TestVolatile":15: 13
2020-12-19 20:58:10 DEBUG [t1] "TestVolatile":15: 13
2020-12-19 20:58:10 DEBUG [t1] "TestVolatile":15: 13
2020-12-19 20:58:10 DEBUG [t1] "TestVolatile":15: 13
2020-12-19 20:58:10 DEBUG [t1] "TestVolatile":15: 13
2020-12-19 20:58:10 DEBUG [t1] "TestVolatile":15: 13
2020-12-19 20:58:10 DEBUG [t1] "TestVolatile":15: 13
2020-12-19 20:58:10 DEBUG [t1] "TestVolatile":15: 13
2020-12-19 20:58:10 DEBUG [t1] "TestVolatile":15: 13
2020-12-19 20:58:10 DEBUG [t1] "TestVolatile":15: 13
2020-12-19 20:58:10 DEBUG [t1] "TestVolatile":15: 13
2020-12-19 20:58:10 DEBUG [t1] "TestVolatile":15: 13
2020-12-19 20:58:10 DEBUG [t1] "TestVolatile":15: 13
2020-12-19 20:58:10 DEBUG [t1] "TestVolatile":15: 13
2020-12-19 20:58:10 DEBUG [t1] "TestVolatile":15: 13
2020-12-19 20:58:10 DEBUG [t1] "TestVolatile":15: 13
2020-12-19 20:58:10 DEBUG [t1] "TestVolatile":15: 13
2020-12-19 20:58:10 DEBUG [t1] "TestVolatile":15: 13
2020-12-19 20:58:10 DEBUG [t1] "TestVolatile":15: 13
2020-12-19 20:58:10 DEBUG [t1] "TestVolatile":15: 13
2020-12-19 20:58:10 DEBUG [t1] "TestVolatile":15: 13
2020-12-19 20:58:10 DEBUG [t1] "TestVolatile":15: 13
2020-12-19 20:58:10 DEBUG [t1] "TestVolatile":15: 13
2020-12-19 20:58:10 DEBUG [t1] "TestVolatile":15: 13
2020-12-19 20:58:10 DEBUG [t1] "TestVolatile":15: 13
2020-12-19 20:58:10 DEBUG [t1] "TestVolatile":15: 13
2020-12-19 20:58:10 DEBUG [t1] "TestVolatile":15: 13
2020-12-19 20:58:10 DEBUG [t1] "TestVolatile":15: 13
2020-12-19 20:58:10 DEBUG [t1] "TestVolatile":15: 13
2020-12-19 20:58:10 DEBUG [t1] "TestVolatile":15: 13
2020-12-19 20:58:10 DEBUG [t1] "TestVolatile":15: 13
2020-12-19 20:58:10 DEBUG [t1] "TestVolatile":15: 13
2020-12-19 20:58:10 DEBUG [t1] "TestVolatile":15: 13
2020-12-19 20:58:10 DEBUG [t1] "TestVolatile":15: 13
2020-12-19 20:58:10 DEBUG [t1] "TestVolatile":15: 13
2020-12-19 20:58:10 DEBUG [t1] "TestVolatile":15: 13
2020-12-19 20:58:10 DEBUG [t1] "TestVolatile":15: 13
2020-12-19 20:58:10 DEBUG [t1] "TestVolatile":15: 13
2020-12-19 20:58:10 DEBUG [t1] "TestVolatile":15: 13
2020-12-19 20:58:10 DEBUG [t1] "TestVolatile":15: 13
2020-12-19 20:58:10 DEBUG [t1] "TestVolatile":15: 13
2020-12-19 20:58:10 DEBUG [t1] "TestVolatile":15: 13
2020-12-19 20:58:10 DEBUG [t1] "TestVolatile":15: 13
2020-12-19 20:58:10 DEBUG [t1] "TestVolatile":15: 13
2020-12-19 20:58:10 DEBUG [t1] "TestVolatile":15: 13
2020-12-19 20:58:10 DEBUG [t1] "TestVolatile":15: 13
2020-12-19 20:58:10 DEBUG [t1] "TestVolatile":15: 13
2020-12-19 20:58:10 DEBUG [t1] "TestVolatile":15: 13
2020-12-19 20:58:10 DEBUG [t1] "TestVolatile":15: 13
2020-12-19 20:58:10 DEBUG [t1] "TestVolatile":15: 13
2020-12-19 20:58:10 DEBUG [t1] "TestVolatile":15: 13
2020-12-19 20:58:10 DEBUG [t1] "TestVolatile":15: 13
2020-12-19 20:58:10 DEBUG [t1] "TestVolatile":15: 13
2020-12-19 20:58:10 DEBUG [t1] "TestVolatile":15: 13
2020-12-19 20:58:10 DEBUG [t1] "TestVolatile":15: 13
2020-12-19 20:58:10 DEBUG [t1] "TestVolatile":15: 13
2020-12-19 20:58:10 DEBUG [t1] "TestVolatile":15: 13
2020-12-19 20:58:10 DEBUG [t1] "TestVolatile":15: 13
2020-12-19 20:58:10 DEBUG [t1] "TestVolatile":15: 13
2020-12-19 20:58:10 DEBUG [t1] "TestVolatile":15: 13
2020-12-19 20:58:10 DEBUG [t1] "TestVolatile":15: 13
2020-12-19 20:58:10 DEBUG [t1] "TestVolatile":15: 13
2020-12-19 20:58:10 DEBUG [t1] "TestVolatile":15: 13
2020-12-19 20:58:10 DEBUG [t1] "TestVolatile":15: 13
2020-12-19 20:58:10 DEBUG [t1] "TestVolatile":15: 13
2020-12-19 20:58:10 DEBUG [t1] "TestVolatile":15: 13
2020-12-19 20:58:10 DEBUG [t1] "TestVolatile":15: 13
2020-12-19 20:58:10 DEBUG [t1] "TestVolatile":15: 13
2020-12-19 20:58:10 DEBUG [t1] "TestVolatile":15: 13
2020-12-19 20:58:10 DEBUG [t1] "TestVolatile":15: 13
2020-12-19 20:58:10 DEBUG [t1] "TestVolatile":15: 13
2020-12-19 20:58:10 DEBUG [t1] "TestVolatile":15: 13
2020-12-19 20:58:10 DEBUG [t1] "TestVolatile":15: 13
2020-12-19 20:58:10 DEBUG [t1] "TestVolatile":15: 13
2020-12-19 20:58:10 DEBUG [t1] "TestVolatile":15: 13
2020-12-19 20:58:10 DEBUG [t1] "TestVolatile":15: 13
2020-12-19 20:58:10 DEBUG [t1] "TestVolatile":15: 13
2020-12-19 20:58:10 DEBUG [t1] "TestVolatile":15: 13
2020-12-19 20:58:10 DEBUG [t1] "TestVolatile":15: 13
2020-12-19 20:58:10 DEBUG [t1] "TestVolatile":15: 13
2020-12-19 20:58:10 DEBUG [t1] "TestVolatile":15: 13
2020-12-19 20:58:10 DEBUG [t1] "TestVolatile":15: 13
2020-12-19 20:58:10 DEBUG [t1] "TestVolatile":15: 13
2020-12-19 20:58:10 DEBUG [t1] "TestVolatile":15: 13
2020-12-19 20:58:10 DEBUG [t1] "TestVolatile":15: 13
2020-12-19 20:58:10 DEBUG [t1] "TestVolatile":15: 13
2020-12-19 20:58:10 DEBUG [t1] "TestVolatile":15: 13
2020-12-19 20:58:10 DEBUG [t1] "TestVolatile":15: 13
2020-12-19 20:58:10 DEBUG [t1] "TestVolatile":15: 13
2020-12-19 20:58:10 DEBUG [t1] "TestVolatile":15: 13
2020-12-19 20:58:10 DEBUG [t1] "TestVolatile":15: 13
2020-12-19 20:58:10 DEBUG [t1] "TestVolatile":15: 13
2020-12-19 20:58:10 DEBUG [t1] "TestVolatile":15: 13
2020-12-19 20:58:10 DEBUG [t1] "TestVolatile":15: 13
2020-12-19 20:58:10 DEBUG [t1] "TestVolatile":15: 13
2020-12-19 20:58:10 DEBUG [t1] "TestVolatile":15: 13
2020-12-19 20:58:10 DEBUG [t1] "TestVolatile":15: 13
2020-12-19 20:58:10 DEBUG [t1] "TestVolatile":15: 13
2020-12-19 20:58:10 DEBUG [t1] "TestVolatile":15: 13
2020-12-19 20:58:10 DEBUG [t1] "TestVolatile":15: 13
2020-12-19 20:58:10 DEBUG [t1] "TestVolatile":15: 13
2020-12-19 20:58:10 DEBUG [t1] "TestVolatile":15: 13
2020-12-19 20:58:10 DEBUG [t1] "TestVolatile":15: 13
2020-12-19 20:58:10 DEBUG [t1] "TestVolatile":15: 13
2020-12-19 20:58:10 DEBUG [t1] "TestVolatile":15: 13
2020-12-19 20:58:10 DEBUG [t1] "TestVolatile":15: 13
2020-12-19 20:58:10 DEBUG [t1] "TestVolatile":15: 13
2020-12-19 20:58:10 DEBUG [t1] "TestVolatile":15: 13
2020-12-19 20:58:10 DEBUG [t1] "TestVolatile":15: 13
2020-12-19 20:58:10 DEBUG [t1] "TestVolatile":15: 13
2020-12-19 20:58:10 DEBUG [t1] "TestVolatile":15: 13
2020-12-19 20:58:10 DEBUG [t1] "TestVolatile":15: 13
2020-12-19 20:58:10 DEBUG [t1] "TestVolatile":15: 13
2020-12-19 20:58:10 DEBUG [t1] "TestVolatile":15: 13
2020-12-19 20:58:10 DEBUG [t1] "TestVolatile":15: 13
2020-12-19 20:58:10 DEBUG [t1] "TestVolatile":15: 13
2020-12-19 20:58:10 DEBUG [t1] "TestVolatile":15: 13
2020-12-19 20:58:10 DEBUG [t1] "TestVolatile":15: 13
2020-12-19 20:58:10 DEBUG [t1] "TestVolatile":15: 13
2020-12-19 20:58:10 DEBUG [t1] "TestVolatile":15: 13
2020-12-19 20:58:10 DEBUG [t1] "TestVolatile":15: 13
2020-12-19 20:58:10 DEBUG [t1] "TestVolatile":15: 13
2020-12-19 20:58:10 DEBUG [t1] "TestVolatile":15: 13
2020-12-19 20:58:10 DEBUG [t1] "TestVolatile":15: 13
2020-12-19 20:58:10 DEBUG [t1] "TestVolatile":15: 13
2020-12-19 20:58:10 DEBUG [t1] "TestVolatile":15: 13
2020-12-19 20:58:10 DEBUG [t1] "TestVolatile":15: 13
2020-12-19 20:58:10 DEBUG [t1] "TestVolatile":15: 13
2020-12-19 20:58:10 DEBUG [t1] "TestVolatile":15: 13
2020-12-19 20:58:10 DEBUG [t1] "TestVolatile":15: 13
2020-12-19 20:58:10 DEBUG [t1] "TestVolatile":15: 13
2020-12-19 20:58:10 DEBUG [t1] "TestVolatile":15: 13
2020-12-19 20:58:10 DEBUG [t1] "TestVolatile":15: 13
2020-12-19 20:58:10 DEBUG [t1] "TestVolatile":15: 13
2020-12-19 20:58:10 DEBUG [t1] "TestVolatile":15: 13
2020-12-19 20:58:10 DEBUG [t1] "TestVolatile":15: 13
2020-12-19 20:58:10 DEBUG [t1] "TestVolatile":15: 13
2020-12-19 20:58:10 DEBUG [t1] "TestVolatile":15: 13
2020-12-19 20:58:10 DEBUG [t1] "TestVolatile":15: 13
2020-12-19 20:58:10 DEBUG [t1] "TestVolatile":15: 13
2020-12-19 20:58:10 DEBUG [t1] "TestVolatile":15: 13
2020-12-19 20:58:10 DEBUG [t1] "TestVolatile":15: 13
2020-12-19 20:58:10 DEBUG [t1] "TestVolatile":15: 13
2020-12-19 20:58:10 DEBUG [t1] "TestVolatile":15: 13
2020-12-19 20:58:10 DEBUG [t1] "TestVolatile":15: 13
2020-12-19 20:58:10 DEBUG [t1] "TestVolatile":15: 13
2020-12-19 20:58:10 DEBUG [t1] "TestVolatile":15: 13
2020-12-19 20:58:10 DEBUG [t1] "TestVolatile":15: 13
2020-12-19 20:58:10 DEBUG [t1] "TestVolatile":15: 13
2020-12-19 20:58:10 DEBUG [t1] "TestVolatile":15: 13
2020-12-19 20:58:10 DEBUG [t1] "TestVolatile":15: 13
2020-12-19 20:58:10 DEBUG [t1] "TestVolatile":15: 13
2020-12-19 20:58:10 DEBUG [t1] "TestVolatile":15: 13
2020-12-19 20:58:10 DEBUG [t1] "TestVolatile":15: 13
2020-12-19 20:58:10 DEBUG [t1] "TestVolatile":15: 13
2020-12-19 20:58:10 DEBUG [t1] "TestVolatile":15: 13
2020-12-19 20:58:10 DEBUG [t1] "TestVolatile":15: 13
2020-12-19 20:58:10 DEBUG [t1] "TestVolatile":15: 13
2020-12-19 20:58:10 DEBUG [t1] "TestVolatile":15: 13
2020-12-19 20:58:10 DEBUG [t1] "TestVolatile":15: 13
2020-12-19 20:58:10 DEBUG [t1] "TestVolatile":15: 13
2020-12-19 20:58:10 DEBUG [t1] "TestVolatile":15: 13
2020-12-19 20:58:10 DEBUG [t1] "TestVolatile":15: 13
2020-12-19 20:58:10 DEBUG [t1] "TestVolatile":15: 13
2020-12-19 20:58:10 DEBUG [t1] "TestVolatile":15: 13
2020-12-19 20:58:10 DEBUG [t1] "TestVolatile":15: 13
2020-12-19 20:58:10 DEBUG [t1] "TestVolatile":15: 13
2020-12-19 20:58:10 DEBUG [t1] "TestVolatile":15: 13
2020-12-19 20:58:10 DEBUG [t1] "TestVolatile":15: 13
2020-12-19 20:58:10 DEBUG [t1] "TestVolatile":15: 13
2020-12-19 20:58:10 DEBUG [t1] "TestVolatile":15: 13
2020-12-19 20:58:10 DEBUG [t1] "TestVolatile":15: 13
2020-12-19 20:58:10 DEBUG [t1] "TestVolatile":15: 13
2020-12-19 20:58:10 DEBUG [t1] "TestVolatile":15: 13
2020-12-19 20:58:10 DEBUG [t1] "TestVolatile":15: 13
2020-12-19 20:58:10 DEBUG [t1] "TestVolatile":15: 13
2020-12-19 20:58:10 DEBUG [t1] "TestVolatile":15: 13
2020-12-19 20:58:10 DEBUG [t1] "TestVolatile":15: 13
2020-12-19 20:58:10 DEBUG [t1] "TestVolatile":15: 13
2020-12-19 20:58:10 DEBUG [t1] "TestVolatile":15: 13
2020-12-19 20:58:10 DEBUG [t1] "TestVolatile":15: 13
2020-12-19 20:58:10 DEBUG [t1] "TestVolatile":15: 13
2020-12-19 20:58:10 DEBUG [t1] "TestVolatile":15: 13
2020-12-19 20:58:10 DEBUG [t1] "TestVolatile":15: 13
2020-12-19 20:58:10 DEBUG [t1] "TestVolatile":15: 13
2020-12-19 20:58:10 DEBUG [t1] "TestVolatile":15: 13
2020-12-19 20:58:10 DEBUG [t1] "TestVolatile":15: 13
2020-12-19 20:58:10 DEBUG [t1] "TestVolatile":15: 13
2020-12-19 20:58:10 DEBUG [t1] "TestVolatile":15: 13
2020-12-19 20:58:10 DEBUG [t1] "TestVolatile":15: 13
2020-12-19 20:58:10 DEBUG [t1] "TestVolatile":15: 13
2020-12-19 20:58:10 DEBUG [t1] "TestVolatile":15: 13
2020-12-19 20:58:10 DEBUG [t1] "TestVolatile":15: 13
2020-12-19 20:58:10 DEBUG [t1] "TestVolatile":15: 13
2020-12-19 20:58:10 DEBUG [t1] "TestVolatile":15: 13
2020-12-19 20:58:10 DEBUG [t1] "TestVolatile":15: 13
2020-12-19 20:58:10 DEBUG [t1] "TestVolatile":15: 13
2020-12-19 20:58:10 DEBUG [t1] "TestVolatile":15: 13
2020-12-19 20:58:10 DEBUG [t1] "TestVolatile":15: 13
2020-12-19 20:58:10 DEBUG [t1] "TestVolatile":15: 13
2020-12-19 20:58:10 DEBUG [t1] "TestVolatile":15: 13
2020-12-19 20:58:10 DEBUG [t1] "TestVolatile":15: 13
2020-12-19 20:58:10 DEBUG [t1] "TestVolatile":15: 13
2020-12-19 20:58:10 DEBUG [t1] "TestVolatile":15: 13
2020-12-19 20:58:10 DEBUG [t1] "TestVolatile":15: 13
2020-12-19 20:58:10 DEBUG [t1] "TestVolatile":15: 13
2020-12-19 20:58:10 DEBUG [t1] "TestVolatile":15: 13
2020-12-19 20:58:10 DEBUG [t1] "TestVolatile":15: 13
2020-12-19 20:58:10 DEBUG [t1] "TestVolatile":15: 13
2020-12-19 20:58:10 DEBUG [t1] "TestVolatile":15: 13
2020-12-19 20:58:10 DEBUG [t1] "TestVolatile":15: 13
2020-12-19 20:58:10 DEBUG [t1] "TestVolatile":15: 13
2020-12-19 20:58:10 DEBUG [t1] "TestVolatile":15: 13
2020-12-19 20:58:10 DEBUG [t1] "TestVolatile":15: 13
2020-12-19 20:58:10 DEBUG [t1] "TestVolatile":15: 13
2020-12-19 20:58:10 DEBUG [t1] "TestVolatile":15: 13
2020-12-19 20:58:10 DEBUG [t1] "TestVolatile":15: 13
2020-12-19 20:58:10 DEBUG [t1] "TestVolatile":15: 13
2020-12-19 20:58:10 DEBUG [t1] "TestVolatile":15: 13
2020-12-19 20:58:10 DEBUG [t1] "TestVolatile":15: 13
2020-12-19 20:58:10 DEBUG [t1] "TestVolatile":15: 13
2020-12-19 20:58:10 DEBUG [t1] "TestVolatile":15: 13
2020-12-19 20:58:10 DEBUG [t1] "TestVolatile":15: 13
2020-12-19 20:58:10 DEBUG [t1] "TestVolatile":15: 13
2020-12-19 20:58:10 DEBUG [t1] "TestVolatile":15: 13
2020-12-19 20:58:10 DEBUG [t1] "TestVolatile":15: 13
2020-12-19 20:58:10 DEBUG [t1] "TestVolatile":15: 13
2020-12-19 20:58:10 DEBUG [t1] "TestVolatile":15: 13
2020-12-19 20:58:10 DEBUG [t1] "TestVolatile":15: 13
2020-12-19 20:58:10 DEBUG [t1] "TestVolatile":15: 13
2020-12-19 20:58:10 DEBUG [t1] "TestVolatile":15: 13
2020-12-19 20:58:10 DEBUG [t1] "TestVolatile":15: 13
2020-12-19 20:58:10 DEBUG [t1] "TestVolatile":15: 13
2020-12-19 20:58:10 DEBUG [t1] "TestVolatile":15: 13
2020-12-19 20:58:10 DEBUG [t1] "TestVolatile":15: 13
2020-12-19 20:58:10 DEBUG [t1] "TestVolatile":15: 13
2020-12-19 20:58:10 DEBUG [t1] "TestVolatile":15: 13
2020-12-19 20:58:10 DEBUG [t1] "TestVolatile":15: 13
2020-12-19 20:58:10 DEBUG [t1] "TestVolatile":15: 13
2020-12-19 20:58:10 DEBUG [t1] "TestVolatile":15: 13
2020-12-19 20:58:10 DEBUG [t1] "TestVolatile":15: 13
2020-12-19 20:58:10 DEBUG [t1] "TestVolatile":15: 13
2020-12-19 20:58:10 DEBUG [t1] "TestVolatile":15: 13
2020-12-19 20:58:10 DEBUG [t1] "TestVolatile":15: 13
2020-12-19 20:58:10 DEBUG [t1] "TestVolatile":15: 13
2020-12-19 20:58:10 DEBUG [t1] "TestVolatile":15: 13
2020-12-19 20:58:10 DEBUG [t1] "TestVolatile":15: 13
2020-12-19 20:58:10 DEBUG [t1] "TestVolatile":15: 13
2020-12-19 20:58:10 DEBUG [t1] "TestVolatile":15: 13
2020-12-19 20:58:10 DEBUG [t1] "TestVolatile":15: 13
2020-12-19 20:58:10 DEBUG [t1] "TestVolatile":15: 13
2020-12-19 20:58:10 DEBUG [t1] "TestVolatile":15: 13
2020-12-19 20:58:10 DEBUG [t1] "TestVolatile":15: 13
2020-12-19 20:58:10 DEBUG [t1] "TestVolatile":15: 13
2020-12-19 20:58:10 DEBUG [t1] "TestVolatile":15: 13
2020-12-19 20:58:10 DEBUG [t1] "TestVolatile":15: 13
2020-12-19 20:58:10 DEBUG [t1] "TestVolatile":15: 13
2020-12-19 20:58:10 DEBUG [t1] "TestVolatile":15: 13
2020-12-19 20:58:10 DEBUG [t1] "TestVolatile":15: 13
2020-12-19 20:58:10 DEBUG [t1] "TestVolatile":15: 13
2020-12-19 20:58:10 DEBUG [t1] "TestVolatile":15: 13
2020-12-19 20:58:10 DEBUG [t1] "TestVolatile":15: 13
2020-12-19 20:58:10 DEBUG [t1] "TestVolatile":15: 13
2020-12-19 20:58:10 DEBUG [t1] "TestVolatile":15: 13
2020-12-19 20:58:10 DEBUG [t1] "TestVolatile":15: 13
2020-12-19 20:58:10 DEBUG [t1] "TestVolatile":15: 13
2020-12-19 20:58:10 DEBUG [t1] "TestVolatile":15: 13
2020-12-19 20:58:10 DEBUG [t1] "TestVolatile":15: 13
2020-12-19 20:58:10 DEBUG [t1] "TestVolatile":15: 13
2020-12-19 20:58:10 DEBUG [t1] "TestVolatile":15: 13
2020-12-19 20:58:10 DEBUG [t1] "TestVolatile":15: 13
2020-12-19 20:58:10 DEBUG [t1] "TestVolatile":15: 13
2020-12-19 20:58:10 DEBUG [t1] "TestVolatile":15: 13
2020-12-19 20:58:10 DEBUG [t1] "TestVolatile":15: 13
2020-12-19 20:58:10 DEBUG [t1] "TestVolatile":15: 13
2020-12-19 20:58:10 DEBUG [t1] "TestVolatile":15: 13
2020-12-19 20:58:10 DEBUG [t1] "TestVolatile":15: 13
2020-12-19 20:58:10 DEBUG [t1] "TestVolatile":15: 13
2020-12-19 20:58:10 DEBUG [t1] "TestVolatile":15: 13
2020-12-19 20:58:10 DEBUG [t1] "TestVolatile":15: 13
2020-12-19 20:58:10 DEBUG [t1] "TestVolatile":15: 13
2020-12-19 20:58:10 DEBUG [t1] "TestVolatile":15: 13
2020-12-19 20:58:10 DEBUG [t1] "TestVolatile":15: 13
2020-12-19 20:58:10 DEBUG [t1] "TestVolatile":15: 13
2020-12-19 20:58:10 DEBUG [t1] "TestVolatile":15: 13
2020-12-19 20:58:10 DEBUG [t1] "TestVolatile":15: 13
2020-12-19 20:58:10 DEBUG [t1] "TestVolatile":15: 13
2020-12-19 20:58:10 DEBUG [t1] "TestVolatile":15: 13
2020-12-19 20:58:10 DEBUG [t1] "TestVolatile":15: 13
2020-12-19 20:58:10 DEBUG [t1] "TestVolatile":15: 13
2020-12-19 20:58:10 DEBUG [t1] "TestVolatile":15: 13
2020-12-19 20:58:10 DEBUG [t1] "TestVolatile":15: 13
2020-12-19 20:58:10 DEBUG [t1] "TestVolatile":15: 13
2020-12-19 20:58:10 DEBUG [t1] "TestVolatile":15: 13
2020-12-19 20:58:10 DEBUG [t1] "TestVolatile":15: 13
2020-12-19 20:58:10 DEBUG [t1] "TestVolatile":15: 13
2020-12-19 20:58:10 DEBUG [t1] "TestVolatile":15: 13
2020-12-19 20:58:10 DEBUG [t1] "TestVolatile":15: 13
2020-12-19 20:58:10 DEBUG [t1] "TestVolatile":15: 13
2020-12-19 20:58:10 DEBUG [t1] "TestVolatile":15: 13
2020-12-19 20:58:10 DEBUG [t1] "TestVolatile":15: 13
2020-12-19 20:58:10 DEBUG [t1] "TestVolatile":15: 13
2020-12-19 20:58:10 DEBUG [t1] "TestVolatile":15: 13
2020-12-19 20:58:10 DEBUG [t1] "TestVolatile":15: 13
2020-12-19 20:58:10 DEBUG [t1] "TestVolatile":15: 13
2020-12-19 20:58:10 DEBUG [t1] "TestVolatile":15: 13
2020-12-19 20:58:10 DEBUG [t1] "TestVolatile":15: 13
2020-12-19 20:58:10 DEBUG [t1] "TestVolatile":15: 13
2020-12-19 20:58:10 DEBUG [t1] "TestVolatile":15: 13
2020-12-19 20:58:10 DEBUG [t1] "TestVolatile":15: 13
2020-12-19 20:58:10 DEBUG [t1] "TestVolatile":15: 13
2020-12-19 20:58:10 DEBUG [t1] "TestVolatile":15: 13
2020-12-19 20:58:10 DEBUG [t1] "TestVolatile":15: 13
2020-12-19 20:58:10 DEBUG [t1] "TestVolatile":15: 13
2020-12-19 20:58:10 DEBUG [t1] "TestVolatile":15: 13
2020-12-19 20:58:10 DEBUG [t1] "TestVolatile":15: 13
2020-12-19 20:58:10 DEBUG [t1] "TestVolatile":15: 13
2020-12-19 20:58:10 DEBUG [t1] "TestVolatile":15: 13
2020-12-19 20:58:10 DEBUG [t1] "TestVolatile":15: 13
2020-12-19 20:58:10 DEBUG [t1] "TestVolatile":15: 13
2020-12-19 20:58:10 DEBUG [t1] "TestVolatile":15: 13
2020-12-19 20:58:10 DEBUG [t1] "TestVolatile":15: 13
2020-12-19 20:58:10 DEBUG [t1] "TestVolatile":15: 13
2020-12-19 20:58:10 DEBUG [t1] "TestVolatile":15: 13
2020-12-19 20:58:10 DEBUG [t1] "TestVolatile":15: 13
2020-12-19 20:58:10 DEBUG [t1] "TestVolatile":15: 13
2020-12-19 20:58:10 DEBUG [t1] "TestVolatile":15: 13
2020-12-19 20:58:10 DEBUG [t1] "TestVolatile":15: 13
2020-12-19 20:58:10 DEBUG [t1] "TestVolatile":15: 13
2020-12-19 20:58:10 DEBUG [t1] "TestVolatile":15: 13
2020-12-19 20:58:10 DEBUG [t1] "TestVolatile":15: 13
2020-12-19 20:58:10 DEBUG [t1] "TestVolatile":15: 13
2020-12-19 20:58:10 DEBUG [t1] "TestVolatile":15: 13
2020-12-19 20:58:10 DEBUG [t1] "TestVolatile":15: 13
2020-12-19 20:58:10 DEBUG [t1] "TestVolatile":15: 13
2020-12-19 20:58:10 DEBUG [t1] "TestVolatile":15: 13
2020-12-19 20:58:10 DEBUG [t1] "TestVolatile":15: 13
2020-12-19 20:58:10 DEBUG [t1] "TestVolatile":15: 13
2020-12-19 20:58:10 DEBUG [t1] "TestVolatile":15: 13
2020-12-19 20:58:10 DEBUG [t1] "TestVolatile":15: 13
2020-12-19 20:58:10 DEBUG [t1] "TestVolatile":15: 13
2020-12-19 20:58:10 DEBUG [t1] "TestVolatile":15: 13
2020-12-19 20:58:10 DEBUG [t1] "TestVolatile":15: 13
2020-12-19 20:58:10 DEBUG [t1] "TestVolatile":15: 13
2020-12-19 20:58:10 DEBUG [t1] "TestVolatile":15: 13
2020-12-19 20:58:10 DEBUG [t1] "TestVolatile":15: 13
2020-12-19 20:58:10 DEBUG [t1] "TestVolatile":15: 13
2020-12-19 20:58:10 DEBUG [t1] "TestVolatile":15: 13
2020-12-19 20:58:10 DEBUG [t1] "TestVolatile":15: 13
2020-12-19 20:58:10 DEBUG [t1] "TestVolatile":15: 13
2020-12-19 20:58:10 DEBUG [t1] "TestVolatile":15: 13
2020-12-19 20:58:10 DEBUG [t1] "TestVolatile":15: 13
2020-12-19 20:58:10 DEBUG [t1] "TestVolatile":15: 13
2020-12-19 20:58:10 DEBUG [t1] "TestVolatile":15: 13
2020-12-19 20:58:10 DEBUG [t1] "TestVolatile":15: 13
2020-12-19 20:58:10 DEBUG [t1] "TestVolatile":15: 13
2020-12-19 20:58:10 DEBUG [t1] "TestVolatile":15: 13
2020-12-19 20:58:10 DEBUG [t1] "TestVolatile":15: 13
2020-12-19 20:58:10 DEBUG [t1] "TestVolatile":15: 13
2020-12-19 20:58:10 DEBUG [t1] "TestVolatile":15: 13
2020-12-19 20:58:10 DEBUG [t1] "TestVolatile":15: 13
2020-12-19 20:58:10 DEBUG [t1] "TestVolatile":15: 13
2020-12-19 20:58:10 DEBUG [t1] "TestVolatile":15: 13
2020-12-19 20:58:10 DEBUG [t1] "TestVolatile":15: 13
2020-12-19 20:58:10 DEBUG [t1] "TestVolatile":15: 13
2020-12-19 20:58:10 DEBUG [t1] "TestVolatile":15: 13
2020-12-19 20:58:10 DEBUG [t1] "TestVolatile":15: 13
2020-12-19 20:58:10 DEBUG [t1] "TestVolatile":15: 13
2020-12-19 20:58:10 DEBUG [t1] "TestVolatile":15: 13
2020-12-19 20:58:10 DEBUG [t1] "TestVolatile":15: 13
2020-12-19 20:58:10 DEBUG [t1] "TestVolatile":15: 13
2020-12-19 20:58:10 DEBUG [t1] "TestVolatile":15: 13
2020-12-19 20:58:10 DEBUG [t1] "TestVolatile":15: 13
2020-12-19 20:58:10 DEBUG [t1] "TestVolatile":15: 13
2020-12-19 20:58:10 DEBUG [t1] "TestVolatile":15: 13
2020-12-19 20:58:10 DEBUG [t1] "TestVolatile":15: 13
2020-12-19 20:58:10 DEBUG [t1] "TestVolatile":15: 13
2020-12-19 20:58:10 DEBUG [t1] "TestVolatile":15: 13
2020-12-19 20:58:10 DEBUG [t1] "TestVolatile":15: 13
2020-12-19 20:58:10 DEBUG [t1] "TestVolatile":15: 13
2020-12-19 20:58:10 DEBUG [t1] "TestVolatile":15: 13
2020-12-19 20:58:10 DEBUG [t1] "TestVolatile":15: 13
2020-12-19 20:58:10 DEBUG [t1] "TestVolatile":15: 13
2020-12-19 20:58:10 DEBUG [t1] "TestVolatile":15: 13
2020-12-19 20:58:10 DEBUG [t1] "TestVolatile":15: 13
2020-12-19 20:58:10 DEBUG [t1] "TestVolatile":15: 13
2020-12-19 20:58:10 DEBUG [t1] "TestVolatile":15: 13
2020-12-19 20:58:10 DEBUG [t1] "TestVolatile":15: 13
2020-12-19 20:58:10 DEBUG [t1] "TestVolatile":15: 13
2020-12-19 20:58:10 DEBUG [t1] "TestVolatile":15: 13
2020-12-19 20:58:10 DEBUG [t1] "TestVolatile":15: 13
2020-12-19 20:58:10 DEBUG [t1] "TestVolatile":15: 13
2020-12-19 20:58:10 DEBUG [t1] "TestVolatile":15: 13
2020-12-19 20:58:10 DEBUG [t1] "TestVolatile":15: 13
2020-12-19 20:58:10 DEBUG [t1] "TestVolatile":15: 13
2020-12-19 20:58:10 DEBUG [t1] "TestVolatile":15: 13
2020-12-19 20:58:10 DEBUG [t1] "TestVolatile":15: 13
2020-12-19 20:58:10 DEBUG [t1] "TestVolatile":15: 13
2020-12-19 20:58:10 DEBUG [t1] "TestVolatile":15: 13
2020-12-19 20:58:10 DEBUG [t1] "TestVolatile":15: 13
2020-12-19 20:58:10 DEBUG [t1] "TestVolatile":15: 13
2020-12-19 20:58:10 DEBUG [t1] "TestVolatile":15: 13
2020-12-19 20:58:10 DEBUG [t1] "TestVolatile":15: 13
2020-12-19 20:58:10 DEBUG [t1] "TestVolatile":15: 13
2020-12-19 20:58:10 DEBUG [t1] "TestVolatile":15: 13
2020-12-19 20:58:10 DEBUG [t1] "TestVolatile":15: 13
2020-12-19 20:58:10 DEBUG [t1] "TestVolatile":15: 13
2020-12-19 20:58:10 DEBUG [t1] "TestVolatile":15: 13
2020-12-19 20:58:10 DEBUG [t1] "TestVolatile":15: 13
2020-12-19 20:58:10 DEBUG [t1] "TestVolatile":15: 13
2020-12-19 20:58:10 DEBUG [t1] "TestVolatile":15: 13
2020-12-19 20:58:10 DEBUG [t1] "TestVolatile":15: 13
2020-12-19 20:58:10 DEBUG [t1] "TestVolatile":15: 13
2020-12-19 20:58:10 DEBUG [t1] "TestVolatile":15: 13
2020-12-19 20:58:10 DEBUG [t1] "TestVolatile":15: 13
2020-12-19 20:58:10 DEBUG [t1] "TestVolatile":15: 13
2020-12-19 20:58:10 DEBUG [t1] "TestVolatile":15: 13
2020-12-19 20:58:10 DEBUG [t1] "TestVolatile":15: 13
2020-12-19 20:58:10 DEBUG [t1] "TestVolatile":15: 13
2020-12-19 20:58:10 DEBUG [t1] "TestVolatile":15: 13
2020-12-19 20:58:10 DEBUG [t1] "TestVolatile":15: 13
2020-12-19 20:58:10 DEBUG [t1] "TestVolatile":15: 13
2020-12-19 20:58:10 DEBUG [t1] "TestVolatile":15: 13
2020-12-19 20:58:10 DEBUG [t1] "TestVolatile":15: 13
2020-12-19 20:58:10 DEBUG [t1] "TestVolatile":15: 13
2020-12-19 20:58:10 DEBUG [t1] "TestVolatile":15: 13
2020-12-19 20:58:10 DEBUG [t1] "TestVolatile":15: 13
2020-12-19 20:58:10 DEBUG [t1] "TestVolatile":15: 13
2020-12-19 20:58:10 DEBUG [t1] "TestVolatile":15: 13
2020-12-19 20:58:10 DEBUG [t1] "TestVolatile":15: 13
2020-12-19 20:58:10 DEBUG [t1] "TestVolatile":15: 13
2020-12-19 20:58:10 DEBUG [t1] "TestVolatile":15: 13
2020-12-19 20:58:10 DEBUG [t1] "TestVolatile":15: 13
2020-12-19 20:58:10 DEBUG [t1] "TestVolatile":15: 13
2020-12-19 20:58:10 DEBUG [t1] "TestVolatile":15: 13
2020-12-19 20:58:10 DEBUG [t1] "TestVolatile":15: 13
2020-12-19 20:58:10 DEBUG [t1] "TestVolatile":15: 13
2020-12-19 20:58:10 DEBUG [t1] "TestVolatile":15: 13
2020-12-19 20:58:10 DEBUG [t1] "TestVolatile":15: 13
2020-12-19 20:58:10 DEBUG [t1] "TestVolatile":15: 13
2020-12-19 20:58:10 DEBUG [t1] "TestVolatile":15: 13
2020-12-19 20:58:10 DEBUG [t1] "TestVolatile":15: 13
2020-12-19 20:58:10 DEBUG [t1] "TestVolatile":15: 13
2020-12-19 20:58:10 DEBUG [t1] "TestVolatile":15: 13
2020-12-19 20:58:10 DEBUG [t1] "TestVolatile":15: 13
2020-12-19 20:58:10 DEBUG [t1] "TestVolatile":15: 13
2020-12-19 20:58:10 DEBUG [t1] "TestVolatile":15: 13
2020-12-19 20:58:10 DEBUG [t1] "TestVolatile":15: 13
2020-12-19 20:58:10 DEBUG [t1] "TestVolatile":15: 13
2020-12-19 20:58:10 DEBUG [t1] "TestVolatile":15: 13
2020-12-19 20:58:10 DEBUG [t1] "TestVolatile":15: 13
2020-12-19 20:58:10 DEBUG [t1] "TestVolatile":15: 13
2020-12-19 20:58:10 DEBUG [t1] "TestVolatile":15: 13
2020-12-19 20:58:10 DEBUG [t1] "TestVolatile":15: 13
2020-12-19 20:58:10 DEBUG [t1] "TestVolatile":15: 13
2020-12-19 20:58:10 DEBUG [t1] "TestVolatile":15: 13
2020-12-19 20:58:10 DEBUG [t1] "TestVolatile":15: 13
2020-12-19 20:58:10 DEBUG [t1] "TestVolatile":15: 13
2020-12-19 20:58:10 DEBUG [t1] "TestVolatile":15: 13
2020-12-19 20:58:10 DEBUG [t1] "TestVolatile":15: 13
2020-12-19 20:58:10 DEBUG [t1] "TestVolatile":15: 13
2020-12-19 20:58:10 DEBUG [t1] "TestVolatile":15: 13
2020-12-19 20:58:10 DEBUG [t1] "TestVolatile":15: 13
2020-12-19 20:58:10 DEBUG [t1] "TestVolatile":15: 13
2020-12-19 20:58:10 DEBUG [t1] "TestVolatile":15: 13
2020-12-19 20:58:10 DEBUG [t1] "TestVolatile":15: 13
2020-12-19 20:58:10 DEBUG [t1] "TestVolatile":15: 13
2020-12-19 20:58:10 DEBUG [t1] "TestVolatile":15: 13
2020-12-19 20:58:10 DEBUG [t1] "TestVolatile":15: 13
2020-12-19 20:58:10 DEBUG [t1] "TestVolatile":15: 13
2020-12-19 20:58:10 DEBUG [t1] "TestVolatile":15: 13
2020-12-19 20:58:10 DEBUG [t1] "TestVolatile":15: 13
2020-12-19 20:58:10 DEBUG [t1] "TestVolatile":15: 13
2020-12-19 20:58:10 DEBUG [t1] "TestVolatile":15: 13
2020-12-19 20:58:10 DEBUG [t1] "TestVolatile":15: 13
2020-12-19 20:58:10 DEBUG [t1] "TestVolatile":15: 13
2020-12-19 20:58:10 DEBUG [t1] "TestVolatile":15: 13
2020-12-19 20:58:10 DEBUG [t1] "TestVolatile":15: 13
2020-12-19 20:58:10 DEBUG [t1] "TestVolatile":15: 13
2020-12-19 20:58:10 DEBUG [t1] "TestVolatile":15: 13
2020-12-19 20:58:10 DEBUG [t1] "TestVolatile":15: 13
2020-12-19 20:58:10 DEBUG [t1] "TestVolatile":15: 13
2020-12-19 20:58:10 DEBUG [t1] "TestVolatile":15: 13
2020-12-19 20:58:10 DEBUG [t1] "TestVolatile":15: 13
2020-12-19 20:58:10 DEBUG [t1] "TestVolatile":15: 13
2020-12-19 20:58:10 DEBUG [t1] "TestVolatile":15: 13
2020-12-19 20:58:10 DEBUG [t1] "TestVolatile":15: 13
2020-12-19 20:58:10 DEBUG [t1] "TestVolatile":15: 13
2020-12-19 20:58:10 DEBUG [t1] "TestVolatile":15: 13
2020-12-19 20:58:10 DEBUG [t1] "TestVolatile":15: 13
2020-12-19 20:58:10 DEBUG [t1] "TestVolatile":15: 13
2020-12-19 20:58:10 DEBUG [t1] "TestVolatile":15: 13
2020-12-19 20:58:10 DEBUG [t1] "TestVolatile":15: 13
2020-12-19 20:58:10 DEBUG [t1] "TestVolatile":15: 13
2020-12-19 20:58:10 DEBUG [t1] "TestVolatile":15: 13
2020-12-19 20:58:10 DEBUG [t1] "TestVolatile":15: 13
2020-12-19 20:58:10 DEBUG [t1] "TestVolatile":15: 13
2020-12-19 20:58:10 DEBUG [t1] "TestVolatile":15: 13
2020-12-19 20:58:10 DEBUG [t1] "TestVolatile":15: 13
2020-12-19 20:58:10 DEBUG [t1] "TestVolatile":15: 13
2020-12-19 20:58:10 DEBUG [t1] "TestVolatile":15: 13
2020-12-19 20:58:10 DEBUG [t1] "TestVolatile":15: 13
2020-12-19 20:58:10 DEBUG [t1] "TestVolatile":15: 13
2020-12-19 20:58:10 DEBUG [t1] "TestVolatile":15: 13
2020-12-19 20:58:10 DEBUG [t1] "TestVolatile":15: 13
2020-12-19 20:58:10 DEBUG [t1] "TestVolatile":15: 13
2020-12-19 20:58:10 DEBUG [t1] "TestVolatile":15: 13
2020-12-19 20:58:10 DEBUG [t1] "TestVolatile":15: 13
2020-12-19 20:58:10 DEBUG [t1] "TestVolatile":15: 13
2020-12-19 20:58:10 DEBUG [t1] "TestVolatile":15: 13
2020-12-19 20:58:10 DEBUG [t1] "TestVolatile":15: 13
2020-12-19 20:58:10 DEBUG [t1] "TestVolatile":15: 13
2020-12-19 20:58:10 DEBUG [t1] "TestVolatile":15: 13
2020-12-19 20:58:10 DEBUG [t1] "TestVolatile":15: 13
2020-12-19 20:58:10 DEBUG [t1] "TestVolatile":15: 13
2020-12-19 20:58:10 DEBUG [t1] "TestVolatile":15: 13
2020-12-19 20:58:10 DEBUG [t1] "TestVolatile":15: 13
2020-12-19 20:58:10 DEBUG [t1] "TestVolatile":15: 13
2020-12-19 20:58:10 DEBUG [t1] "TestVolatile":15: 13
2020-12-19 20:58:10 DEBUG [t1] "TestVolatile":15: 13
2020-12-19 20:58:10 DEBUG [t1] "TestVolatile":15: 13
2020-12-19 20:58:10 DEBUG [t1] "TestVolatile":15: 13
2020-12-19 20:58:10 DEBUG [t1] "TestVolatile":15: 13
2020-12-19 20:58:10 DEBUG [t1] "TestVolatile":15: 13
2020-12-19 20:58:10 DEBUG [t1] "TestVolatile":15: 13
2020-12-19 20:58:10 DEBUG [t1] "TestVolatile":15: 13
2020-12-19 20:58:10 DEBUG [t1] "TestVolatile":15: 13
2020-12-19 20:58:10 DEBUG [t1] "TestVolatile":15: 13
2020-12-19 20:58:10 DEBUG [t1] "TestVolatile":15: 13
2020-12-19 20:58:10 DEBUG [t1] "TestVolatile":15: 13
2020-12-19 20:58:10 DEBUG [t1] "TestVolatile":15: 13
2020-12-19 20:58:10 DEBUG [t1] "TestVolatile":15: 13
2020-12-19 20:58:10 DEBUG [t1] "TestVolatile":15: 13
2020-12-19 20:58:10 DEBUG [t1] "TestVolatile":15: 13
2020-12-19 20:58:10 DEBUG [t1] "TestVolatile":15: 13
2020-12-19 20:58:10 DEBUG [t1] "TestVolatile":15: 13
2020-12-19 20:58:10 DEBUG [t1] "TestVolatile":15: 13
2020-12-19 20:58:10 DEBUG [t1] "TestVolatile":15: 13
2020-12-19 20:58:10 DEBUG [t1] "TestVolatile":15: 13
2020-12-19 20:58:10 DEBUG [t1] "TestVolatile":15: 13
2020-12-19 20:58:10 DEBUG [t1] "TestVolatile":15: 13
2020-12-19 20:58:10 DEBUG [t1] "TestVolatile":15: 13
2020-12-19 20:58:10 DEBUG [t1] "TestVolatile":15: 13
2020-12-19 20:58:10 DEBUG [t1] "TestVolatile":15: 13
2020-12-19 20:58:10 DEBUG [t1] "TestVolatile":15: 13
2020-12-19 20:58:10 DEBUG [t1] "TestVolatile":15: 13
2020-12-19 20:58:10 DEBUG [t1] "TestVolatile":15: 13
2020-12-19 20:58:10 DEBUG [t1] "TestVolatile":15: 13
2020-12-19 20:58:10 DEBUG [t1] "TestVolatile":15: 13
2020-12-19 20:58:10 DEBUG [t1] "TestVolatile":15: 13
2020-12-19 20:58:10 DEBUG [t1] "TestVolatile":15: 13
2020-12-19 20:58:10 DEBUG [t1] "TestVolatile":15: 13
2020-12-19 20:58:10 DEBUG [t1] "TestVolatile":15: 13
2020-12-19 20:58:10 DEBUG [t1] "TestVolatile":15: 13
2020-12-19 20:58:10 DEBUG [t1] "TestVolatile":15: 13
2020-12-19 20:58:10 DEBUG [t1] "TestVolatile":15: 13
2020-12-19 20:58:10 DEBUG [t1] "TestVolatile":15: 13
2020-12-19 20:58:10 DEBUG [t1] "TestVolatile":15: 13
2020-12-19 20:58:10 DEBUG [t1] "TestVolatile":15: 13
2020-12-19 20:58:10 DEBUG [t1] "TestVolatile":15: 13
2020-12-19 20:58:10 DEBUG [t1] "TestVolatile":15: 13
2020-12-19 20:58:10 DEBUG [t1] "TestVolatile":15: 13
2020-12-19 20:58:10 DEBUG [t1] "TestVolatile":15: 13
2020-12-19 20:58:10 DEBUG [t1] "TestVolatile":15: 13
2020-12-19 20:58:10 DEBUG [t1] "TestVolatile":15: 13
2020-12-19 20:58:10 DEBUG [t1] "TestVolatile":15: 13
2020-12-19 20:58:10 DEBUG [t1] "TestVolatile":15: 13
2020-12-19 20:58:10 DEBUG [t1] "TestVolatile":15: 13
2020-12-19 20:58:10 DEBUG [t1] "TestVolatile":15: 13
2020-12-19 20:58:10 DEBUG [t1] "TestVolatile":15: 13
2020-12-19 20:58:10 DEBUG [t1] "TestVolatile":15: 13
2020-12-19 20:58:10 DEBUG [t1] "TestVolatile":15: 13
2020-12-19 20:58:10 DEBUG [t1] "TestVolatile":15: 13
2020-12-19 20:58:10 DEBUG [t1] "TestVolatile":15: 13
2020-12-19 20:58:10 DEBUG [t1] "TestVolatile":15: 13
2020-12-19 20:58:10 DEBUG [t1] "TestVolatile":15: 13
2020-12-19 20:58:10 DEBUG [t1] "TestVolatile":15: 13
2020-12-19 20:58:10 DEBUG [t1] "TestVolatile":15: 13
2020-12-19 20:58:10 DEBUG [t1] "TestVolatile":15: 13
2020-12-19 20:58:10 DEBUG [t1] "TestVolatile":15: 13
2020-12-19 20:58:10 DEBUG [t1] "TestVolatile":15: 13
2020-12-19 20:58:10 DEBUG [t1] "TestVolatile":15: 13
2020-12-19 20:58:10 DEBUG [t1] "TestVolatile":15: 13
2020-12-19 20:58:10 DEBUG [t1] "TestVolatile":15: 13
2020-12-19 20:58:10 DEBUG [t1] "TestVolatile":15: 13
2020-12-19 20:58:10 DEBUG [t1] "TestVolatile":15: 13
2020-12-19 20:58:10 DEBUG [t1] "TestVolatile":15: 13
2020-12-19 20:58:10 DEBUG [t1] "TestVolatile":15: 13
2020-12-19 20:58:10 DEBUG [t1] "TestVolatile":15: 13
2020-12-19 20:58:10 DEBUG [t1] "TestVolatile":15: 13
2020-12-19 20:58:10 DEBUG [t1] "TestVolatile":15: 13
2020-12-19 20:58:10 DEBUG [t1] "TestVolatile":15: 13
2020-12-19 20:58:10 DEBUG [t1] "TestVolatile":15: 13
2020-12-19 20:58:10 DEBUG [t1] "TestVolatile":15: 13
2020-12-19 20:58:10 DEBUG [t1] "TestVolatile":15: 13
2020-12-19 20:58:10 DEBUG [t1] "TestVolatile":15: 13
2020-12-19 20:58:10 DEBUG [t1] "TestVolatile":15: 13
2020-12-19 20:58:10 DEBUG [t1] "TestVolatile":15: 13
2020-12-19 20:58:10 DEBUG [t1] "TestVolatile":15: 13
2020-12-19 20:58:10 DEBUG [t1] "TestVolatile":15: 13
2020-12-19 20:58:10 DEBUG [t1] "TestVolatile":15: 13
2020-12-19 20:58:10 DEBUG [t1] "TestVolatile":15: 13
2020-12-19 20:58:10 DEBUG [t1] "TestVolatile":15: 13
2020-12-19 20:58:10 DEBUG [t1] "TestVolatile":15: 13
2020-12-19 20:58:10 DEBUG [t1] "TestVolatile":15: 13
2020-12-19 20:58:10 DEBUG [t1] "TestVolatile":15: 13
2020-12-19 20:58:10 DEBUG [t1] "TestVolatile":15: 13
2020-12-19 20:58:10 DEBUG [t1] "TestVolatile":15: 13
2020-12-19 20:58:10 DEBUG [t1] "TestVolatile":15: 13
2020-12-19 20:58:10 DEBUG [t1] "TestVolatile":15: 13
2020-12-19 20:58:10 DEBUG [t1] "TestVolatile":15: 13
2020-12-19 20:58:10 DEBUG [t1] "TestVolatile":15: 13
2020-12-19 20:58:10 DEBUG [t1] "TestVolatile":15: 13
2020-12-19 20:58:10 DEBUG [t1] "TestVolatile":15: 13
2020-12-19 20:58:10 DEBUG [t1] "TestVolatile":15: 13
2020-12-19 20:58:10 DEBUG [t1] "TestVolatile":15: 13
2020-12-19 20:58:10 DEBUG [t1] "TestVolatile":15: 13
2020-12-19 20:58:10 DEBUG [t1] "TestVolatile":15: 13
2020-12-19 20:58:10 DEBUG [t1] "TestVolatile":15: 13
2020-12-19 20:58:10 DEBUG [t1] "TestVolatile":15: 13
2020-12-19 20:58:10 DEBUG [t1] "TestVolatile":15: 13
2020-12-19 20:58:10 DEBUG [t1] "TestVolatile":15: 13
2020-12-19 20:58:10 DEBUG [t1] "TestVolatile":15: 13
2020-12-19 20:58:10 DEBUG [t1] "TestVolatile":15: 13
2020-12-19 20:58:10 DEBUG [t1] "TestVolatile":15: 13
2020-12-19 20:58:10 DEBUG [t1] "TestVolatile":15: 13
2020-12-19 20:58:10 DEBUG [t1] "TestVolatile":15: 13
2020-12-19 20:58:10 DEBUG [t1] "TestVolatile":15: 13
2020-12-19 20:58:10 DEBUG [t1] "TestVolatile":15: 13
2020-12-19 20:58:10 DEBUG [t1] "TestVolatile":15: 13
2020-12-19 20:58:10 DEBUG [t1] "TestVolatile":15: 13
2020-12-19 20:58:10 DEBUG [t1] "TestVolatile":15: 13
2020-12-19 20:58:10 DEBUG [t1] "TestVolatile":15: 13
2020-12-19 20:58:10 DEBUG [t1] "TestVolatile":15: 13
2020-12-19 20:58:10 DEBUG [t1] "TestVolatile":15: 13
2020-12-19 20:58:10 DEBUG [t1] "TestVolatile":15: 13
2020-12-19 20:58:10 DEBUG [t1] "TestVolatile":15: 13
2020-12-19 20:58:10 DEBUG [t1] "TestVolatile":15: 13
2020-12-19 20:58:10 DEBUG [t1] "TestVolatile":15: 13
2020-12-19 20:58:10 DEBUG [t1] "TestVolatile":15: 13
2020-12-19 20:58:10 DEBUG [t1] "TestVolatile":15: 13
2020-12-19 20:58:10 DEBUG [t1] "TestVolatile":15: 13
2020-12-19 20:58:10 DEBUG [t1] "TestVolatile":15: 13
2020-12-19 20:58:10 DEBUG [t1] "TestVolatile":15: 13
2020-12-19 20:58:10 DEBUG [t1] "TestVolatile":15: 13
2020-12-19 20:58:10 DEBUG [t1] "TestVolatile":15: 13
2020-12-19 20:58:10 DEBUG [t1] "TestVolatile":15: 13
2020-12-19 20:58:10 DEBUG [t1] "TestVolatile":15: 13
2020-12-19 20:58:10 DEBUG [t1] "TestVolatile":15: 13
2020-12-19 20:58:10 DEBUG [t1] "TestVolatile":15: 13
2020-12-19 20:58:10 DEBUG [t1] "TestVolatile":15: 13
2020-12-19 20:58:10 DEBUG [t1] "TestVolatile":15: 13
2020-12-19 20:58:10 DEBUG [t1] "TestVolatile":15: 13
2020-12-19 20:58:10 DEBUG [t1] "TestVolatile":15: 13
2020-12-19 20:58:10 DEBUG [t1] "TestVolatile":15: 13
2020-12-19 20:58:10 DEBUG [t1] "TestVolatile":15: 13
2020-12-19 20:58:10 DEBUG [t1] "TestVolatile":15: 13
2020-12-19 20:58:10 DEBUG [t1] "TestVolatile":15: 13
2020-12-19 20:58:10 DEBUG [t1] "TestVolatile":15: 13
2020-12-19 20:58:10 DEBUG [t1] "TestVolatile":15: 13
2020-12-19 20:58:10 DEBUG [t1] "TestVolatile":15: 13
2020-12-19 20:58:10 DEBUG [t1] "TestVolatile":15: 13
2020-12-19 20:58:10 DEBUG [t1] "TestVolatile":15: 13
2020-12-19 20:58:10 DEBUG [t1] "TestVolatile":15: 13
2020-12-19 20:58:10 DEBUG [t1] "TestVolatile":15: 13
2020-12-19 20:58:10 DEBUG [t1] "TestVolatile":15: 13
2020-12-19 20:58:10 DEBUG [t1] "TestVolatile":15: 13
2020-12-19 20:58:10 DEBUG [t1] "TestVolatile":15: 13
2020-12-19 20:58:10 DEBUG [t1] "TestVolatile":15: 13
2020-12-19 20:58:10 DEBUG [t1] "TestVolatile":15: 13
2020-12-19 20:58:10 DEBUG [t1] "TestVolatile":15: 13
2020-12-19 20:58:10 DEBUG [t1] "TestVolatile":15: 13
2020-12-19 20:58:10 DEBUG [t1] "TestVolatile":15: 13
2020-12-19 20:58:10 DEBUG [t1] "TestVolatile":15: 13
2020-12-19 20:58:10 DEBUG [t1] "TestVolatile":15: 13
2020-12-19 20:58:10 DEBUG [t1] "TestVolatile":15: 13
2020-12-19 20:58:10 DEBUG [t1] "TestVolatile":15: 13
2020-12-19 20:58:10 DEBUG [t1] "TestVolatile":15: 13
2020-12-19 20:58:10 DEBUG [t1] "TestVolatile":15: 13
2020-12-19 20:58:10 DEBUG [t1] "TestVolatile":15: 13
2020-12-19 20:58:10 DEBUG [t1] "TestVolatile":15: 13
2020-12-19 20:58:10 DEBUG [t1] "TestVolatile":15: 13
2020-12-19 20:58:10 DEBUG [t1] "TestVolatile":15: 13
2020-12-19 20:58:10 DEBUG [t1] "TestVolatile":15: 13
2020-12-19 20:58:10 DEBUG [t1] "TestVolatile":15: 13
2020-12-19 20:58:10 DEBUG [t1] "TestVolatile":15: 13
2020-12-19 20:58:10 DEBUG [t1] "TestVolatile":15: 13
2020-12-19 20:58:10 DEBUG [t1] "TestVolatile":15: 13
2020-12-19 20:58:10 DEBUG [t1] "TestVolatile":15: 13
2020-12-19 20:58:10 DEBUG [t1] "TestVolatile":15: 13
2020-12-19 20:58:10 DEBUG [t1] "TestVolatile":15: 13
2020-12-19 20:58:10 DEBUG [t1] "TestVolatile":15: 13
2020-12-19 20:58:10 DEBUG [t1] "TestVolatile":15: 13
2020-12-19 20:58:10 DEBUG [t1] "TestVolatile":15: 13
2020-12-19 20:58:10 DEBUG [t1] "TestVolatile":15: 13
2020-12-19 20:58:10 DEBUG [t1] "TestVolatile":15: 13
2020-12-19 20:58:10 DEBUG [t1] "TestVolatile":15: 13
2020-12-19 20:58:10 DEBUG [t1] "TestVolatile":15: 13
2020-12-19 20:58:10 DEBUG [t1] "TestVolatile":15: 13
2020-12-19 20:58:10 DEBUG [t1] "TestVolatile":15: 13
2020-12-19 20:58:10 DEBUG [t1] "TestVolatile":15: 13
2020-12-19 20:58:10 DEBUG [t1] "TestVolatile":15: 13
2020-12-19 20:58:10 DEBUG [t1] "TestVolatile":15: 13
2020-12-19 20:58:10 DEBUG [t1] "TestVolatile":15: 13
2020-12-19 20:58:10 DEBUG [t1] "TestVolatile":15: 13
2020-12-19 20:58:10 DEBUG [t1] "TestVolatile":15: 13
2020-12-19 20:58:10 DEBUG [t1] "TestVolatile":15: 13
2020-12-19 20:58:10 DEBUG [t1] "TestVolatile":15: 13
2020-12-19 20:58:10 DEBUG [t1] "TestVolatile":15: 13
2020-12-19 20:58:10 DEBUG [t1] "TestVolatile":15: 13
2020-12-19 20:58:10 DEBUG [t1] "TestVolatile":15: 13
2020-12-19 20:58:10 DEBUG [t1] "TestVolatile":15: 13
2020-12-19 20:58:10 DEBUG [t1] "TestVolatile":15: 13
2020-12-19 20:58:10 DEBUG [t1] "TestVolatile":15: 13
2020-12-19 20:58:10 DEBUG [t1] "TestVolatile":15: 13
2020-12-19 20:58:10 DEBUG [t1] "TestVolatile":15: 13
2020-12-19 20:58:10 DEBUG [t1] "TestVolatile":15: 13
2020-12-19 20:58:10 DEBUG [t1] "TestVolatile":15: 13
2020-12-19 20:58:10 DEBUG [t1] "TestVolatile":15: 13
2020-12-19 20:58:10 DEBUG [t1] "TestVolatile":15: 13
2020-12-19 20:58:10 DEBUG [t1] "TestVolatile":15: 13
2020-12-19 20:58:10 DEBUG [t1] "TestVolatile":15: 13
2020-12-19 20:58:10 DEBUG [t1] "TestVolatile":15: 13
2020-12-19 20:58:10 DEBUG [t1] "TestVolatile":15: 13
2020-12-19 20:58:10 DEBUG [t1] "TestVolatile":15: 13
2020-12-19 20:58:10 DEBUG [t1] "TestVolatile":15: 13
2020-12-19 20:58:10 DEBUG [t1] "TestVolatile":15: 13
2020-12-19 20:58:10 DEBUG [t1] "TestVolatile":15: 13
2020-12-19 20:58:10 DEBUG [t1] "TestVolatile":15: 13
2020-12-19 20:58:10 DEBUG [t1] "TestVolatile":15: 13
2020-12-19 20:58:10 DEBUG [t1] "TestVolatile":15: 13
2020-12-19 20:58:10 DEBUG [t1] "TestVolatile":15: 13
2020-12-19 20:58:10 DEBUG [t1] "TestVolatile":15: 13
2020-12-19 20:58:10 DEBUG [t1] "TestVolatile":15: 13
2020-12-19 20:58:10 DEBUG [t1] "TestVolatile":15: 13
2020-12-19 20:58:10 DEBUG [t1] "TestVolatile":15: 13
2020-12-19 20:58:10 DEBUG [t1] "TestVolatile":15: 13
2020-12-19 20:58:10 DEBUG [t1] "TestVolatile":15: 13
2020-12-19 20:58:10 DEBUG [t1] "TestVolatile":15: 13
2020-12-19 20:58:10 DEBUG [t1] "TestVolatile":15: 13
2020-12-19 20:58:10 DEBUG [t1] "TestVolatile":15: 13
2020-12-19 20:58:10 DEBUG [t1] "TestVolatile":15: 13
2020-12-19 20:58:10 DEBUG [t1] "TestVolatile":15: 13
2020-12-19 20:58:10 DEBUG [t1] "TestVolatile":15: 13
2020-12-19 20:58:10 DEBUG [t1] "TestVolatile":15: 13
2020-12-19 20:58:10 DEBUG [t1] "TestVolatile":15: 13
2020-12-19 20:58:10 DEBUG [t1] "TestVolatile":15: 13
2020-12-19 20:58:10 DEBUG [t1] "TestVolatile":15: 13
2020-12-19 20:58:10 DEBUG [t1] "TestVolatile":15: 13
2020-12-19 20:58:10 DEBUG [t1] "TestVolatile":15: 13
2020-12-19 20:58:10 DEBUG [t1] "TestVolatile":15: 13
2020-12-19 20:58:10 DEBUG [t1] "TestVolatile":15: 13
2020-12-19 20:58:10 DEBUG [t1] "TestVolatile":15: 13
2020-12-19 20:58:10 DEBUG [t1] "TestVolatile":15: 13
2020-12-19 20:58:10 DEBUG [t1] "TestVolatile":15: 13
2020-12-19 20:58:10 DEBUG [t1] "TestVolatile":15: 13
2020-12-19 20:58:10 DEBUG [t1] "TestVolatile":15: 13
2020-12-19 20:58:10 DEBUG [t1] "TestVolatile":15: 13
2020-12-19 20:58:10 DEBUG [t1] "TestVolatile":15: 13
2020-12-19 20:58:10 DEBUG [t1] "TestVolatile":15: 13
2020-12-19 20:58:10 DEBUG [t1] "TestVolatile":15: 13
2020-12-19 20:58:10 DEBUG [t1] "TestVolatile":15: 13
2020-12-19 20:58:10 DEBUG [t1] "TestVolatile":15: 13
2020-12-19 20:58:10 DEBUG [t1] "TestVolatile":15: 13
2020-12-19 20:58:10 DEBUG [t1] "TestVolatile":15: 13
2020-12-19 20:58:10 DEBUG [t1] "TestVolatile":15: 13
2020-12-19 20:58:10 DEBUG [t1] "TestVolatile":15: 13
2020-12-19 20:58:10 DEBUG [t1] "TestVolatile":15: 13
2020-12-19 20:58:10 DEBUG [t1] "TestVolatile":15: 13
2020-12-19 20:58:10 DEBUG [t1] "TestVolatile":15: 13
2020-12-19 20:58:10 DEBUG [t1] "TestVolatile":15: 13
2020-12-19 20:58:10 DEBUG [t1] "TestVolatile":15: 13
2020-12-19 20:58:10 DEBUG [t1] "TestVolatile":15: 13
2020-12-19 20:58:10 DEBUG [t1] "TestVolatile":15: 13
2020-12-19 20:58:10 DEBUG [t1] "TestVolatile":15: 13
2020-12-19 20:58:10 DEBUG [t1] "TestVolatile":15: 13
2020-12-19 20:58:10 DEBUG [t1] "TestVolatile":15: 13
2020-12-19 20:58:10 DEBUG [t1] "TestVolatile":15: 13
2020-12-19 20:58:10 DEBUG [t1] "TestVolatile":15: 13
2020-12-19 20:58:10 DEBUG [t1] "TestVolatile":15: 13
2020-12-19 20:58:10 DEBUG [t1] "TestVolatile":15: 13
2020-12-19 20:58:10 DEBUG [t1] "TestVolatile":15: 13
2020-12-19 20:58:10 DEBUG [t1] "TestVolatile":15: 13
2020-12-19 20:58:10 DEBUG [t1] "TestVolatile":15: 13
2020-12-19 20:58:10 DEBUG [t1] "TestVolatile":15: 13
2020-12-19 20:58:10 DEBUG [t1] "TestVolatile":15: 13
2020-12-19 20:58:10 DEBUG [t1] "TestVolatile":15: 13
2020-12-19 20:58:10 DEBUG [t1] "TestVolatile":15: 13
2020-12-19 20:58:10 DEBUG [t1] "TestVolatile":15: 13
2020-12-19 20:58:10 DEBUG [t1] "TestVolatile":15: 13
2020-12-19 20:58:10 DEBUG [t1] "TestVolatile":15: 13
2020-12-19 20:58:10 DEBUG [t1] "TestVolatile":15: 13
2020-12-19 20:58:10 DEBUG [t1] "TestVolatile":15: 13
2020-12-19 20:58:10 DEBUG [t1] "TestVolatile":15: 13
2020-12-19 20:58:10 DEBUG [t1] "TestVolatile":15: 13
2020-12-19 20:58:10 DEBUG [t1] "TestVolatile":15: 13
2020-12-19 20:58:10 DEBUG [t1] "TestVolatile":15: 13
2020-12-19 20:58:10 DEBUG [t1] "TestVolatile":15: 13
2020-12-19 20:58:10 DEBUG [t1] "TestVolatile":15: 13
2020-12-19 20:58:10 DEBUG [t1] "TestVolatile":15: 13
2020-12-19 20:58:10 DEBUG [t1] "TestVolatile":15: 13
2020-12-19 20:58:10 DEBUG [t1] "TestVolatile":15: 13
2020-12-19 20:58:10 DEBUG [t1] "TestVolatile":15: 13
2020-12-19 20:58:10 DEBUG [t1] "TestVolatile":15: 13
2020-12-19 20:58:10 DEBUG [t1] "TestVolatile":15: 13
2020-12-19 20:58:10 DEBUG [t1] "TestVolatile":15: 13
2020-12-19 20:58:10 DEBUG [t1] "TestVolatile":15: 13
2020-12-19 20:58:10 DEBUG [t1] "TestVolatile":15: 13
2020-12-19 20:58:10 DEBUG [t1] "TestVolatile":15: 13
2020-12-19 20:58:10 DEBUG [t1] "TestVolatile":15: 13
2020-12-19 20:58:10 DEBUG [t1] "TestVolatile":15: 13
2020-12-19 20:58:10 DEBUG [t1] "TestVolatile":15: 13
2020-12-19 20:58:10 DEBUG [t1] "TestVolatile":15: 13
2020-12-19 20:58:10 DEBUG [t1] "TestVolatile":15: 13
2020-12-19 20:58:10 DEBUG [t1] "TestVolatile":15: 13
2020-12-19 20:58:10 DEBUG [t1] "TestVolatile":15: 13
2020-12-19 20:58:10 DEBUG [t1] "TestVolatile":15: 13
2020-12-19 20:58:10 DEBUG [t1] "TestVolatile":15: 13
2020-12-19 20:58:10 DEBUG [t1] "TestVolatile":15: 13
2020-12-19 20:58:10 DEBUG [t1] "TestVolatile":15: 13
2020-12-19 20:58:10 DEBUG [t1] "TestVolatile":15: 13
2020-12-19 20:58:10 DEBUG [t1] "TestVolatile":15: 13
2020-12-19 20:58:10 DEBUG [t1] "TestVolatile":15: 13
2020-12-19 20:58:10 DEBUG [t1] "TestVolatile":15: 13
2020-12-19 20:58:10 DEBUG [t1] "TestVolatile":15: 13
2020-12-19 20:58:10 DEBUG [t1] "TestVolatile":15: 13
2020-12-19 20:58:10 DEBUG [t1] "TestVolatile":15: 13
2020-12-19 20:58:10 DEBUG [t1] "TestVolatile":15: 13
2020-12-19 20:58:10 DEBUG [t1] "TestVolatile":15: 13
2020-12-19 20:58:10 DEBUG [t1] "TestVolatile":15: 13
2020-12-19 20:58:10 DEBUG [t1] "TestVolatile":15: 13
2020-12-19 20:58:10 DEBUG [t1] "TestVolatile":15: 13
2020-12-19 20:58:10 DEBUG [t1] "TestVolatile":15: 13
2020-12-19 20:58:10 DEBUG [t1] "TestVolatile":15: 13
2020-12-19 20:58:10 DEBUG [t1] "TestVolatile":15: 13
2020-12-19 20:58:10 DEBUG [t1] "TestVolatile":15: 13
2020-12-19 20:58:10 DEBUG [t1] "TestVolatile":15: 13
2020-12-19 20:58:10 DEBUG [t1] "TestVolatile":15: 13
2020-12-19 20:58:10 DEBUG [t1] "TestVolatile":15: 13
2020-12-19 20:58:10 DEBUG [t1] "TestVolatile":15: 13
2020-12-19 20:58:10 DEBUG [t1] "TestVolatile":15: 13
2020-12-19 20:58:10 DEBUG [t1] "TestVolatile":15: 13
2020-12-19 20:58:10 DEBUG [t1] "TestVolatile":15: 13
2020-12-19 20:58:10 DEBUG [t1] "TestVolatile":15: 13
2020-12-19 20:58:10 DEBUG [t1] "TestVolatile":15: 13
2020-12-19 20:58:10 DEBUG [t1] "TestVolatile":15: 13
2020-12-19 20:58:10 DEBUG [t1] "TestVolatile":15: 13
2020-12-19 20:58:10 DEBUG [t1] "TestVolatile":15: 13
2020-12-19 20:58:10 DEBUG [t1] "TestVolatile":15: 13
2020-12-19 20:58:10 DEBUG [t1] "TestVolatile":15: 13
2020-12-19 20:58:10 DEBUG [t1] "TestVolatile":15: 13
2020-12-19 20:58:10 DEBUG [t1] "TestVolatile":15: 13
2020-12-19 20:58:10 DEBUG [t1] "TestVolatile":15: 13
2020-12-19 20:58:10 DEBUG [t1] "TestVolatile":15: 13
2020-12-19 20:58:10 DEBUG [t1] "TestVolatile":15: 13
2020-12-19 20:58:10 DEBUG [t1] "TestVolatile":15: 13
2020-12-19 20:58:10 DEBUG [t1] "TestVolatile":15: 13
2020-12-19 20:58:10 DEBUG [t1] "TestVolatile":15: 13
2020-12-19 20:58:10 DEBUG [t1] "TestVolatile":15: 13
2020-12-19 20:58:10 DEBUG [t1] "TestVolatile":15: 13
2020-12-19 20:58:10 DEBUG [t1] "TestVolatile":15: 13
2020-12-19 20:58:10 DEBUG [t1] "TestVolatile":15: 13
2020-12-19 20:58:10 DEBUG [t1] "TestVolatile":15: 13
2020-12-19 20:58:10 DEBUG [t1] "TestVolatile":15: 13
2020-12-19 20:58:10 DEBUG [t1] "TestVolatile":15: 13
2020-12-19 20:58:10 DEBUG [t1] "TestVolatile":15: 13
2020-12-19 20:58:10 DEBUG [t1] "TestVolatile":15: 13
2020-12-19 20:58:10 DEBUG [t1] "TestVolatile":15: 13
2020-12-19 20:58:10 DEBUG [t1] "TestVolatile":15: 13
2020-12-19 20:58:10 DEBUG [t1] "TestVolatile":15: 13
2020-12-19 20:58:10 DEBUG [t1] "TestVolatile":15: 13
2020-12-19 20:58:10 DEBUG [t1] "TestVolatile":15: 13
2020-12-19 20:58:10 DEBUG [t1] "TestVolatile":15: 13
2020-12-19 20:58:10 DEBUG [t1] "TestVolatile":15: 13
2020-12-19 20:58:10 DEBUG [t1] "TestVolatile":15: 13
2020-12-19 20:58:10 DEBUG [t1] "TestVolatile":15: 13
2020-12-19 20:58:10 DEBUG [t1] "TestVolatile":15: 13
2020-12-19 20:58:10 DEBUG [t1] "TestVolatile":15: 13
2020-12-19 20:58:10 DEBUG [t1] "TestVolatile":15: 13
2020-12-19 20:58:10 DEBUG [t1] "TestVolatile":15: 13
2020-12-19 20:58:10 DEBUG [t1] "TestVolatile":15: 13
2020-12-19 20:58:10 DEBUG [t1] "TestVolatile":15: 13
2020-12-19 20:58:10 DEBUG [t1] "TestVolatile":15: 13
2020-12-19 20:58:10 DEBUG [t1] "TestVolatile":15: 13
2020-12-19 20:58:10 DEBUG [t1] "TestVolatile":15: 13
2020-12-19 20:58:10 DEBUG [t1] "TestVolatile":15: 13
2020-12-19 20:58:10 DEBUG [t1] "TestVolatile":15: 13
2020-12-19 20:58:10 DEBUG [t1] "TestVolatile":15: 13
2020-12-19 20:58:10 DEBUG [t1] "TestVolatile":15: 13
2020-12-19 20:58:10 DEBUG [t1] "TestVolatile":15: 13
2020-12-19 20:58:10 DEBUG [t1] "TestVolatile":15: 13
2020-12-19 20:58:10 DEBUG [t1] "TestVolatile":15: 13
2020-12-19 20:58:10 DEBUG [t1] "TestVolatile":15: 13
2020-12-19 20:58:10 DEBUG [t1] "TestVolatile":15: 13
2020-12-19 20:58:10 DEBUG [t1] "TestVolatile":15: 13
2020-12-19 20:58:10 DEBUG [t1] "TestVolatile":15: 13
2020-12-19 20:58:10 DEBUG [t1] "TestVolatile":15: 13
2020-12-19 20:58:10 DEBUG [t1] "TestVolatile":15: 13
2020-12-19 20:58:10 DEBUG [t1] "TestVolatile":15: 13
2020-12-19 20:58:10 DEBUG [t1] "TestVolatile":15: 13
2020-12-19 20:58:10 DEBUG [t1] "TestVolatile":15: 13
2020-12-19 20:58:10 DEBUG [t1] "TestVolatile":15: 13
2020-12-19 20:58:10 DEBUG [t1] "TestVolatile":15: 13
2020-12-19 20:58:10 DEBUG [t1] "TestVolatile":15: 13
2020-12-19 20:58:10 DEBUG [t1] "TestVolatile":15: 13
2020-12-19 20:58:10 DEBUG [t1] "TestVolatile":15: 13
2020-12-19 20:58:10 DEBUG [t1] "TestVolatile":15: 13
2020-12-19 20:58:10 DEBUG [t1] "TestVolatile":15: 13
2020-12-19 20:58:10 DEBUG [t1] "TestVolatile":15: 13
2020-12-19 20:58:10 DEBUG [t1] "TestVolatile":15: 13
2020-12-19 20:58:10 DEBUG [t1] "TestVolatile":15: 13
2020-12-19 20:58:10 DEBUG [t1] "TestVolatile":15: 13
2020-12-19 20:58:10 DEBUG [t1] "TestVolatile":15: 13
2020-12-19 20:58:10 DEBUG [t1] "TestVolatile":15: 13
2020-12-19 20:58:10 DEBUG [t1] "TestVolatile":15: 13
2020-12-19 20:58:10 DEBUG [t1] "TestVolatile":15: 13
2020-12-19 20:58:10 DEBUG [t1] "TestVolatile":15: 13
2020-12-19 20:58:10 DEBUG [t1] "TestVolatile":15: 13
2020-12-19 20:58:10 DEBUG [t1] "TestVolatile":15: 13
2020-12-19 20:58:10 DEBUG [t1] "TestVolatile":15: 13
2020-12-19 20:58:10 DEBUG [t1] "TestVolatile":15: 13
2020-12-19 20:58:10 DEBUG [t1] "TestVolatile":15: 13
2020-12-19 20:58:10 DEBUG [t1] "TestVolatile":15: 13
2020-12-19 20:58:10 DEBUG [t1] "TestVolatile":15: 13
2020-12-19 20:58:10 DEBUG [t1] "TestVolatile":15: 13
2020-12-19 20:58:10 DEBUG [t1] "TestVolatile":15: 13
2020-12-19 20:58:10 DEBUG [t1] "TestVolatile":15: 13
2020-12-19 20:58:10 DEBUG [t1] "TestVolatile":15: 13
2020-12-19 20:58:10 DEBUG [t1] "TestVolatile":15: 13
2020-12-19 20:58:10 DEBUG [t1] "TestVolatile":15: 13
2020-12-19 20:58:10 DEBUG [t1] "TestVolatile":15: 13
2020-12-19 20:58:10 DEBUG [t1] "TestVolatile":15: 13
2020-12-19 20:58:10 DEBUG [t1] "TestVolatile":15: 13
2020-12-19 20:58:10 DEBUG [t1] "TestVolatile":15: 13
2020-12-19 20:58:10 DEBUG [t1] "TestVolatile":15: 13
2020-12-19 20:58:10 DEBUG [t1] "TestVolatile":15: 13
2020-12-19 20:58:10 DEBUG [t1] "TestVolatile":15: 13
2020-12-19 20:58:10 DEBUG [t1] "TestVolatile":15: 13
2020-12-19 20:58:10 DEBUG [t1] "TestVolatile":15: 13
2020-12-19 20:58:10 DEBUG [t1] "TestVolatile":15: 13
2020-12-19 20:58:10 DEBUG [t1] "TestVolatile":15: 13
2020-12-19 20:58:10 DEBUG [t1] "TestVolatile":15: 13
2020-12-19 20:58:10 DEBUG [t1] "TestVolatile":15: 13
2020-12-19 20:58:10 DEBUG [t1] "TestVolatile":15: 13
2020-12-19 20:58:10 DEBUG [t1] "TestVolatile":15: 13
2020-12-19 20:58:10 DEBUG [t1] "TestVolatile":15: 13
2020-12-19 20:58:10 DEBUG [t1] "TestVolatile":15: 13
2020-12-19 20:58:10 DEBUG [t1] "TestVolatile":15: 13
2020-12-19 20:58:10 DEBUG [t1] "TestVolatile":15: 13
2020-12-19 20:58:10 DEBUG [t1] "TestVolatile":15: 13
2020-12-19 20:58:10 DEBUG [t1] "TestVolatile":15: 13
2020-12-19 20:58:10 DEBUG [t1] "TestVolatile":15: 13
2020-12-19 20:58:10 DEBUG [t1] "TestVolatile":15: 13
2020-12-19 20:58:10 DEBUG [t1] "TestVolatile":15: 13
2020-12-19 20:58:10 DEBUG [t1] "TestVolatile":15: 13
2020-12-19 20:58:10 DEBUG [t1] "TestVolatile":15: 13
2020-12-19 20:58:10 DEBUG [t1] "TestVolatile":15: 13
2020-12-19 20:58:10 DEBUG [t1] "TestVolatile":15: 13
2020-12-19 20:58:10 DEBUG [t1] "TestVolatile":15: 13
2020-12-19 20:58:10 DEBUG [t1] "TestVolatile":15: 13
2020-12-19 20:58:10 DEBUG [t1] "TestVolatile":15: 13
2020-12-19 20:58:10 DEBUG [t1] "TestVolatile":15: 13
2020-12-19 20:58:10 DEBUG [t1] "TestVolatile":15: 13
2020-12-19 20:58:10 DEBUG [t1] "TestVolatile":15: 13
2020-12-19 20:58:10 DEBUG [t1] "TestVolatile":15: 13
2020-12-19 20:58:10 DEBUG [t1] "TestVolatile":15: 13
2020-12-19 20:58:10 DEBUG [t1] "TestVolatile":15: 13
2020-12-19 20:58:10 DEBUG [t1] "TestVolatile":15: 13
2020-12-19 20:58:10 DEBUG [t1] "TestVolatile":15: 13
2020-12-19 20:58:10 DEBUG [t1] "TestVolatile":15: 13
2020-12-19 20:58:10 DEBUG [t1] "TestVolatile":15: 13
2020-12-19 20:58:10 DEBUG [t1] "TestVolatile":15: 13
2020-12-19 20:58:10 DEBUG [t1] "TestVolatile":15: 13
2020-12-19 20:58:10 DEBUG [t1] "TestVolatile":15: 13
2020-12-19 20:58:10 DEBUG [t1] "TestVolatile":15: 13
2020-12-19 20:58:10 DEBUG [t1] "TestVolatile":15: 13
2020-12-19 20:58:10 DEBUG [t1] "TestVolatile":15: 13
2020-12-19 20:58:10 DEBUG [t1] "TestVolatile":15: 13
2020-12-19 20:58:10 DEBUG [t1] "TestVolatile":15: 13
2020-12-19 20:58:10 DEBUG [t1] "TestVolatile":15: 13
2020-12-19 20:58:10 DEBUG [t1] "TestVolatile":15: 13
2020-12-19 20:58:10 DEBUG [t1] "TestVolatile":15: 13
2020-12-19 20:58:10 DEBUG [t1] "TestVolatile":15: 13
2020-12-19 20:58:10 DEBUG [t1] "TestVolatile":15: 13
2020-12-19 20:58:10 DEBUG [t1] "TestVolatile":15: 13
2020-12-19 20:58:10 DEBUG [t1] "TestVolatile":15: 13
2020-12-19 20:58:10 DEBUG [t1] "TestVolatile":15: 13
2020-12-19 20:58:10 DEBUG [t1] "TestVolatile":15: 13
2020-12-19 20:58:10 DEBUG [t1] "TestVolatile":15: 13
2020-12-19 20:58:10 DEBUG [t1] "TestVolatile":15: 13
2020-12-19 20:58:10 DEBUG [t1] "TestVolatile":15: 13
2020-12-19 20:58:10 DEBUG [t1] "TestVolatile":15: 13
2020-12-19 20:58:10 DEBUG [t1] "TestVolatile":15: 13
2020-12-19 20:58:10 DEBUG [t1] "TestVolatile":15: 13
2020-12-19 20:58:10 DEBUG [t1] "TestVolatile":15: 13
2020-12-19 20:58:10 DEBUG [t1] "TestVolatile":15: 13
2020-12-19 20:58:10 DEBUG [t1] "TestVolatile":15: 13
2020-12-19 20:58:10 DEBUG [t1] "TestVolatile":15: 13
2020-12-19 20:58:10 DEBUG [t1] "TestVolatile":15: 13
2020-12-19 20:58:10 DEBUG [t1] "TestVolatile":15: 13
2020-12-19 20:58:10 DEBUG [t1] "TestVolatile":15: 13
2020-12-19 20:58:10 DEBUG [t1] "TestVolatile":15: 13
2020-12-19 20:58:10 DEBUG [t1] "TestVolatile":15: 13
2020-12-19 20:58:10 DEBUG [t1] "TestVolatile":15: 13
2020-12-19 20:58:10 DEBUG [t1] "TestVolatile":15: 13
2020-12-19 20:58:10 DEBUG [t1] "TestVolatile":15: 13
2020-12-19 20:58:10 DEBUG [t1] "TestVolatile":15: 13
2020-12-19 20:58:10 DEBUG [t1] "TestVolatile":15: 13
2020-12-19 20:58:10 DEBUG [t1] "TestVolatile":15: 13
2020-12-19 20:58:10 DEBUG [t1] "TestVolatile":15: 13
2020-12-19 20:58:10 DEBUG [t1] "TestVolatile":15: 13
2020-12-19 20:58:10 DEBUG [t1] "TestVolatile":15: 13
2020-12-19 20:58:10 DEBUG [t1] "TestVolatile":15: 13
2020-12-19 20:58:10 DEBUG [t1] "TestVolatile":15: 13
2020-12-19 20:58:10 DEBUG [t1] "TestVolatile":15: 13
2020-12-19 20:58:10 DEBUG [t1] "TestVolatile":15: 13
2020-12-19 20:58:10 DEBUG [t1] "TestVolatile":15: 13
2020-12-19 20:58:10 DEBUG [t1] "TestVolatile":15: 13
2020-12-19 20:58:10 DEBUG [t1] "TestVolatile":15: 13
2020-12-19 20:58:10 DEBUG [t1] "TestVolatile":15: 13
2020-12-19 20:58:10 DEBUG [t1] "TestVolatile":15: 13
2020-12-19 20:58:10 DEBUG [t1] "TestVolatile":15: 13
2020-12-19 20:58:10 DEBUG [t1] "TestVolatile":15: 13
2020-12-19 20:58:10 DEBUG [t1] "TestVolatile":15: 13
2020-12-19 20:58:10 DEBUG [t1] "TestVolatile":15: 13
2020-12-19 20:58:10 DEBUG [t1] "TestVolatile":15: 13
2020-12-19 20:58:10 DEBUG [t1] "TestVolatile":15: 13
2020-12-19 20:58:10 DEBUG [t1] "TestVolatile":15: 13
2020-12-19 20:58:10 DEBUG [t1] "TestVolatile":15: 13
2020-12-19 20:58:10 DEBUG [t1] "TestVolatile":15: 13
2020-12-19 20:58:10 DEBUG [t1] "TestVolatile":15: 13
2020-12-19 20:58:10 DEBUG [t1] "TestVolatile":15: 13
2020-12-19 20:58:10 DEBUG [t1] "TestVolatile":15: 13
2020-12-19 20:58:10 DEBUG [t1] "TestVolatile":15: 13
2020-12-19 20:58:10 DEBUG [t1] "TestVolatile":15: 13
2020-12-19 20:58:10 DEBUG [t1] "TestVolatile":15: 13
2020-12-19 20:58:10 DEBUG [t1] "TestVolatile":15: 13
2020-12-19 20:58:10 DEBUG [t1] "TestVolatile":15: 13
2020-12-19 20:58:10 DEBUG [t1] "TestVolatile":15: 13
2020-12-19 20:58:10 DEBUG [t1] "TestVolatile":15: 13
2020-12-19 20:58:10 DEBUG [t1] "TestVolatile":15: 13
2020-12-19 20:58:10 DEBUG [t1] "TestVolatile":15: 13
2020-12-19 20:58:10 DEBUG [t1] "TestVolatile":15: 13
2020-12-19 20:58:10 DEBUG [t1] "TestVolatile":15: 13
2020-12-19 20:58:10 DEBUG [t1] "TestVolatile":15: 13
2020-12-19 20:58:10 DEBUG [t1] "TestVolatile":15: 13
2020-12-19 20:58:10 DEBUG [t1] "TestVolatile":15: 13
2020-12-19 20:58:10 DEBUG [t1] "TestVolatile":15: 13
2020-12-19 20:58:10 DEBUG [t1] "TestVolatile":15: 13
2020-12-19 20:58:10 DEBUG [t1] "TestVolatile":15: 13
2020-12-19 20:58:10 DEBUG [t1] "TestVolatile":15: 13
2020-12-19 20:58:10 DEBUG [t1] "TestVolatile":15: 13
2020-12-19 20:58:10 DEBUG [t1] "TestVolatile":15: 13
2020-12-19 20:58:10 DEBUG [t1] "TestVolatile":15: 13
2020-12-19 20:58:10 DEBUG [t1] "TestVolatile":15: 13
2020-12-19 20:58:10 DEBUG [t1] "TestVolatile":15: 13
2020-12-19 20:58:10 DEBUG [t1] "TestVolatile":15: 13
2020-12-19 20:58:10 DEBUG [t1] "TestVolatile":15: 13
2020-12-19 20:58:10 DEBUG [t1] "TestVolatile":15: 13
2020-12-19 20:58:10 DEBUG [t1] "TestVolatile":15: 13
2020-12-19 20:58:10 DEBUG [t1] "TestVolatile":15: 13
2020-12-19 20:58:10 DEBUG [t1] "TestVolatile":15: 13
2020-12-19 20:58:10 DEBUG [t1] "TestVolatile":15: 13
2020-12-19 20:58:10 DEBUG [t1] "TestVolatile":15: 13
2020-12-19 20:58:10 DEBUG [t1] "TestVolatile":15: 13
2020-12-19 20:58:10 DEBUG [t1] "TestVolatile":15: 13
2020-12-19 20:58:10 DEBUG [t1] "TestVolatile":15: 13
2020-12-19 20:58:10 DEBUG [t1] "TestVolatile":15: 13
2020-12-19 20:58:10 DEBUG [t1] "TestVolatile":15: 13
2020-12-19 20:58:10 DEBUG [t1] "TestVolatile":15: 13
2020-12-19 20:58:10 DEBUG [t1] "TestVolatile":15: 13
2020-12-19 20:58:10 DEBUG [t1] "TestVolatile":15: 13
2020-12-19 20:58:10 DEBUG [t1] "TestVolatile":15: 13
2020-12-19 20:58:10 DEBUG [t1] "TestVolatile":15: 13
2020-12-19 20:58:10 DEBUG [t1] "TestVolatile":15: 13
2020-12-19 20:58:10 DEBUG [t1] "TestVolatile":15: 13
2020-12-19 20:58:10 DEBUG [t1] "TestVolatile":15: 13
2020-12-19 20:58:10 DEBUG [t1] "TestVolatile":15: 13
2020-12-19 20:58:10 DEBUG [t1] "TestVolatile":15: 13
2020-12-19 20:58:10 DEBUG [t1] "TestVolatile":15: 13
2020-12-19 20:58:10 DEBUG [t1] "TestVolatile":15: 13
2020-12-19 20:58:10 DEBUG [t1] "TestVolatile":15: 13
2020-12-19 20:58:10 DEBUG [t1] "TestVolatile":15: 13
2020-12-19 20:58:10 DEBUG [t1] "TestVolatile":15: 13
2020-12-19 20:58:10 DEBUG [t1] "TestVolatile":15: 13
2020-12-19 20:58:10 DEBUG [t1] "TestVolatile":15: 13
2020-12-19 20:58:10 DEBUG [t1] "TestVolatile":15: 13
2020-12-19 20:58:10 DEBUG [t1] "TestVolatile":15: 13
2020-12-19 20:58:10 DEBUG [t1] "TestVolatile":15: 13
2020-12-19 20:58:10 DEBUG [t1] "TestVolatile":15: 13
2020-12-19 20:58:10 DEBUG [t1] "TestVolatile":15: 13
2020-12-19 20:58:10 DEBUG [t1] "TestVolatile":15: 13
2020-12-19 20:58:10 DEBUG [t1] "TestVolatile":15: 13
2020-12-19 20:58:10 DEBUG [t1] "TestVolatile":15: 13
2020-12-19 20:58:10 DEBUG [t1] "TestVolatile":15: 13
2020-12-19 20:58:10 DEBUG [t1] "TestVolatile":15: 13
2020-12-19 20:58:10 DEBUG [t1] "TestVolatile":15: 13
2020-12-19 20:58:10 DEBUG [t1] "TestVolatile":15: 13
2020-12-19 20:58:10 DEBUG [t1] "TestVolatile":15: 13
2020-12-19 20:58:10 DEBUG [t1] "TestVolatile":15: 13
2020-12-19 20:58:10 DEBUG [t1] "TestVolatile":15: 13
2020-12-19 20:58:10 DEBUG [t1] "TestVolatile":15: 13
2020-12-19 20:58:10 DEBUG [t1] "TestVolatile":15: 13
2020-12-19 20:58:10 DEBUG [t1] "TestVolatile":15: 13
2020-12-19 20:58:10 DEBUG [t1] "TestVolatile":15: 13
2020-12-19 20:58:10 DEBUG [t1] "TestVolatile":15: 13
2020-12-19 20:58:10 DEBUG [t1] "TestVolatile":15: 13
2020-12-19 20:58:10 DEBUG [t1] "TestVolatile":15: 13
2020-12-19 20:58:10 DEBUG [t1] "TestVolatile":15: 13
2020-12-19 20:58:10 DEBUG [t1] "TestVolatile":15: 13
2020-12-19 20:58:10 DEBUG [t1] "TestVolatile":15: 13
2020-12-19 20:58:10 DEBUG [t1] "TestVolatile":15: 13
2020-12-19 20:58:10 DEBUG [t1] "TestVolatile":15: 13
2020-12-19 20:58:10 DEBUG [t1] "TestVolatile":15: 13
2020-12-19 20:58:10 DEBUG [t1] "TestVolatile":15: 13
2020-12-19 20:58:10 DEBUG [t1] "TestVolatile":15: 13
2020-12-19 20:58:10 DEBUG [t1] "TestVolatile":15: 13
2020-12-19 20:58:10 DEBUG [t1] "TestVolatile":15: 13
2020-12-19 20:58:10 DEBUG [t1] "TestVolatile":15: 13
2020-12-19 20:58:10 DEBUG [t1] "TestVolatile":15: 13
2020-12-19 20:58:10 DEBUG [t1] "TestVolatile":15: 13
2020-12-19 20:58:10 DEBUG [t1] "TestVolatile":15: 13
2020-12-19 20:58:10 DEBUG [t1] "TestVolatile":15: 13
2020-12-19 20:58:10 DEBUG [t1] "TestVolatile":15: 13
2020-12-19 20:58:10 DEBUG [t1] "TestVolatile":15: 13
2020-12-19 20:58:10 DEBUG [t1] "TestVolatile":15: 13
2020-12-19 20:58:10 DEBUG [t1] "TestVolatile":15: 13
2020-12-19 20:58:10 DEBUG [t1] "TestVolatile":15: 13
2020-12-19 20:58:10 DEBUG [t1] "TestVolatile":15: 13
2020-12-19 20:58:10 DEBUG [t1] "TestVolatile":15: 13
2020-12-19 20:58:10 DEBUG [t1] "TestVolatile":15: 13
2020-12-19 20:58:10 DEBUG [t1] "TestVolatile":15: 13
2020-12-19 20:58:10 DEBUG [t1] "TestVolatile":15: 13
2020-12-19 20:58:10 DEBUG [t1] "TestVolatile":15: 13
2020-12-19 20:58:10 DEBUG [t1] "TestVolatile":15: 13
2020-12-19 20:58:10 DEBUG [t1] "TestVolatile":15: 13
2020-12-19 20:58:10 DEBUG [t1] "TestVolatile":15: 13
2020-12-19 20:58:10 DEBUG [t1] "TestVolatile":15: 13
2020-12-19 20:58:10 DEBUG [t1] "TestVolatile":15: 13
2020-12-19 20:58:10 DEBUG [t1] "TestVolatile":15: 13
2020-12-19 20:58:10 DEBUG [t1] "TestVolatile":15: 13
2020-12-19 20:58:10 DEBUG [t1] "TestVolatile":15: 13
2020-12-19 20:58:10 DEBUG [t1] "TestVolatile":15: 13
2020-12-19 20:58:10 DEBUG [t1] "TestVolatile":15: 13
2020-12-19 20:58:10 DEBUG [t1] "TestVolatile":15: 13
2020-12-19 20:58:10 DEBUG [t1] "TestVolatile":15: 13
2020-12-19 20:58:10 DEBUG [t1] "TestVolatile":15: 13
2020-12-19 20:58:10 DEBUG [t1] "TestVolatile":15: 13
2020-12-19 20:58:10 DEBUG [t1] "TestVolatile":15: 13
2020-12-19 20:58:10 DEBUG [t1] "TestVolatile":15: 13
2020-12-19 20:58:10 DEBUG [t1] "TestVolatile":15: 13
2020-12-19 20:58:10 DEBUG [t1] "TestVolatile":15: 13
2020-12-19 20:58:10 DEBUG [t1] "TestVolatile":15: 13
2020-12-19 20:58:10 DEBUG [t1] "TestVolatile":15: 13
2020-12-19 20:58:10 DEBUG [t1] "TestVolatile":15: 13
2020-12-19 20:58:10 DEBUG [t1] "TestVolatile":15: 13
2020-12-19 20:58:10 DEBUG [t1] "TestVolatile":15: 13
2020-12-19 20:58:10 DEBUG [t1] "TestVolatile":15: 13
2020-12-19 20:58:10 DEBUG [t1] "TestVolatile":15: 13
2020-12-19 20:58:10 DEBUG [t1] "TestVolatile":15: 13
2020-12-19 20:58:10 DEBUG [t1] "TestVolatile":15: 13
2020-12-19 20:58:10 DEBUG [t1] "TestVolatile":15: 13
2020-12-19 20:58:10 DEBUG [t1] "TestVolatile":15: 13
2020-12-19 20:58:10 DEBUG [t1] "TestVolatile":15: 13
2020-12-19 20:58:10 DEBUG [t1] "TestVolatile":15: 13
2020-12-19 20:58:10 DEBUG [t1] "TestVolatile":15: 13
2020-12-19 20:58:10 DEBUG [t1] "TestVolatile":15: 13
2020-12-19 20:58:10 DEBUG [t1] "TestVolatile":15: 13
2020-12-19 20:58:10 DEBUG [t1] "TestVolatile":15: 13
2020-12-19 20:58:10 DEBUG [t1] "TestVolatile":15: 13
2020-12-19 20:58:10 DEBUG [t1] "TestVolatile":15: 13
2020-12-19 20:58:10 DEBUG [t1] "TestVolatile":15: 13
2020-12-19 20:58:10 DEBUG [t1] "TestVolatile":15: 13
2020-12-19 20:58:10 DEBUG [t1] "TestVolatile":15: 13
2020-12-19 20:58:10 DEBUG [t1] "TestVolatile":15: 13
2020-12-19 20:58:10 DEBUG [t1] "TestVolatile":15: 13
2020-12-19 20:58:10 DEBUG [t1] "TestVolatile":15: 13
2020-12-19 20:58:10 DEBUG [t1] "TestVolatile":15: 13
2020-12-19 20:58:10 DEBUG [t1] "TestVolatile":15: 13
2020-12-19 20:58:10 DEBUG [t1] "TestVolatile":15: 13
2020-12-19 20:58:10 DEBUG [t1] "TestVolatile":15: 13
2020-12-19 20:58:10 DEBUG [t1] "TestVolatile":15: 13
2020-12-19 20:58:10 DEBUG [t1] "TestVolatile":15: 13
2020-12-19 20:58:10 DEBUG [t1] "TestVolatile":15: 13
2020-12-19 20:58:10 DEBUG [t1] "TestVolatile":15: 13
2020-12-19 20:58:10 DEBUG [t1] "TestVolatile":15: 13
2020-12-19 20:58:10 DEBUG [t1] "TestVolatile":15: 13
2020-12-19 20:58:10 DEBUG [t1] "TestVolatile":15: 13
2020-12-19 20:58:10 DEBUG [t1] "TestVolatile":15: 13
2020-12-19 20:58:10 DEBUG [t1] "TestVolatile":15: 13
2020-12-19 20:58:10 DEBUG [t1] "TestVolatile":15: 13
2020-12-19 20:58:10 DEBUG [t1] "TestVolatile":15: 13
2020-12-19 20:58:10 DEBUG [t1] "TestVolatile":15: 13
2020-12-19 20:58:10 DEBUG [t1] "TestVolatile":15: 13
2020-12-19 20:58:10 DEBUG [t1] "TestVolatile":15: 13
2020-12-19 20:58:10 DEBUG [t1] "TestVolatile":15: 13
2020-12-19 20:58:10 DEBUG [t1] "TestVolatile":15: 13
2020-12-19 20:58:10 DEBUG [t1] "TestVolatile":15: 13
2020-12-19 20:58:10 DEBUG [t1] "TestVolatile":15: 13
2020-12-19 20:58:10 DEBUG [t1] "TestVolatile":15: 13
2020-12-19 20:58:10 DEBUG [t1] "TestVolatile":15: 13
2020-12-19 20:58:10 DEBUG [t1] "TestVolatile":15: 13
2020-12-19 20:58:10 DEBUG [t1] "TestVolatile":15: 13
2020-12-19 20:58:10 DEBUG [t1] "TestVolatile":15: 13
2020-12-19 20:58:10 DEBUG [t1] "TestVolatile":15: 13
2020-12-19 20:58:10 DEBUG [t1] "TestVolatile":15: 13
2020-12-19 20:58:10 DEBUG [t1] "TestVolatile":15: 13
2020-12-19 20:58:10 DEBUG [t1] "TestVolatile":15: 13
2020-12-19 20:58:10 DEBUG [t1] "TestVolatile":15: 13
2020-12-19 20:58:10 DEBUG [t1] "TestVolatile":15: 13
2020-12-19 20:58:10 DEBUG [t1] "TestVolatile":15: 13
2020-12-19 20:58:10 DEBUG [t1] "TestVolatile":15: 13
2020-12-19 20:58:10 DEBUG [t1] "TestVolatile":15: 13
2020-12-19 20:58:10 DEBUG [t1] "TestVolatile":15: 13
2020-12-19 20:58:10 DEBUG [t1] "TestVolatile":15: 13
2020-12-19 20:58:10 DEBUG [t1] "TestVolatile":15: 13
2020-12-19 20:58:10 DEBUG [t1] "TestVolatile":15: 13
2020-12-19 20:58:10 DEBUG [t1] "TestVolatile":15: 13
2020-12-19 20:58:10 DEBUG [t1] "TestVolatile":15: 13
2020-12-19 20:58:10 DEBUG [t1] "TestVolatile":15: 13
2020-12-19 20:58:10 DEBUG [t1] "TestVolatile":15: 13
2020-12-19 20:58:10 DEBUG [t1] "TestVolatile":15: 13
2020-12-19 20:58:10 DEBUG [t1] "TestVolatile":15: 13
2020-12-19 20:58:10 DEBUG [t1] "TestVolatile":15: 13
2020-12-19 20:58:10 DEBUG [t1] "TestVolatile":15: 13
2020-12-19 20:58:10 DEBUG [t1] "TestVolatile":15: 13
2020-12-19 20:58:10 DEBUG [t1] "TestVolatile":15: 13
2020-12-19 20:58:10 DEBUG [t1] "TestVolatile":15: 13
2020-12-19 20:58:10 DEBUG [t1] "TestVolatile":15: 13
2020-12-19 20:58:10 DEBUG [t1] "TestVolatile":15: 13
2020-12-19 20:58:10 DEBUG [t1] "TestVolatile":15: 13
2020-12-19 20:58:10 DEBUG [t1] "TestVolatile":15: 13
2020-12-19 20:58:10 DEBUG [t1] "TestVolatile":15: 13
2020-12-19 20:58:10 DEBUG [t1] "TestVolatile":15: 13
2020-12-19 20:58:10 DEBUG [t1] "TestVolatile":15: 13
2020-12-19 20:58:10 DEBUG [t1] "TestVolatile":15: 13
2020-12-19 20:58:10 DEBUG [t1] "TestVolatile":15: 13
2020-12-19 20:58:10 DEBUG [t1] "TestVolatile":15: 13
2020-12-19 20:58:10 DEBUG [t1] "TestVolatile":15: 13
2020-12-19 20:58:10 DEBUG [t1] "TestVolatile":15: 13
2020-12-19 20:58:10 DEBUG [t1] "TestVolatile":15: 13
2020-12-19 20:58:10 DEBUG [t1] "TestVolatile":15: 13
2020-12-19 20:58:10 DEBUG [t1] "TestVolatile":15: 13
2020-12-19 20:58:10 DEBUG [t1] "TestVolatile":15: 13
2020-12-19 20:58:10 DEBUG [t1] "TestVolatile":15: 13
2020-12-19 20:58:10 DEBUG [t1] "TestVolatile":15: 13
2020-12-19 20:58:10 DEBUG [t1] "TestVolatile":15: 13
2020-12-19 20:58:10 DEBUG [t1] "TestVolatile":15: 13
2020-12-19 20:58:10 DEBUG [t1] "TestVolatile":15: 13
2020-12-19 20:58:10 DEBUG [t1] "TestVolatile":15: 13
2020-12-19 20:58:10 DEBUG [t1] "TestVolatile":15: 13
2020-12-19 20:58:10 DEBUG [t1] "TestVolatile":15: 13
2020-12-19 20:58:10 DEBUG [t1] "TestVolatile":15: 13
2020-12-19 20:58:10 DEBUG [t1] "TestVolatile":15: 13
2020-12-19 20:58:10 DEBUG [t1] "TestVolatile":15: 13
2020-12-19 20:58:10 DEBUG [t1] "TestVolatile":15: 13
2020-12-19 20:58:10 DEBUG [t1] "TestVolatile":15: 13
2020-12-19 20:58:10 DEBUG [t1] "TestVolatile":15: 13
2020-12-19 20:58:10 DEBUG [t1] "TestVolatile":15: 13
2020-12-19 20:58:10 DEBUG [t1] "TestVolatile":15: 13
2020-12-19 20:58:10 DEBUG [t1] "TestVolatile":15: 13
2020-12-19 20:58:10 DEBUG [t1] "TestVolatile":15: 13
2020-12-19 20:58:10 DEBUG [t1] "TestVolatile":15: 13
2020-12-19 20:58:10 DEBUG [t1] "TestVolatile":15: 13
2020-12-19 20:58:10 DEBUG [t1] "TestVolatile":15: 13
2020-12-19 20:58:10 DEBUG [t1] "TestVolatile":15: 13
2020-12-19 20:58:10 DEBUG [t1] "TestVolatile":15: 13
2020-12-19 20:58:10 DEBUG [t1] "TestVolatile":15: 13
2020-12-19 20:58:10 DEBUG [t1] "TestVolatile":15: 13
2020-12-19 20:58:10 DEBUG [t1] "TestVolatile":15: 13
2020-12-19 20:58:10 DEBUG [t1] "TestVolatile":15: 13
2020-12-19 20:58:10 DEBUG [t1] "TestVolatile":15: 13
2020-12-19 20:58:10 DEBUG [t1] "TestVolatile":15: 13
2020-12-19 20:58:10 DEBUG [t1] "TestVolatile":15: 13
2020-12-19 20:58:10 DEBUG [t1] "TestVolatile":15: 13
2020-12-19 20:58:10 DEBUG [t1] "TestVolatile":15: 13
2020-12-19 20:58:10 DEBUG [t1] "TestVolatile":15: 13
2020-12-19 20:58:10 DEBUG [t1] "TestVolatile":15: 13
2020-12-19 20:58:10 DEBUG [t1] "TestVolatile":15: 13
2020-12-19 20:58:10 DEBUG [t1] "TestVolatile":15: 13
2020-12-19 20:58:10 DEBUG [t1] "TestVolatile":15: 13
2020-12-19 20:58:10 DEBUG [t1] "TestVolatile":15: 13
2020-12-19 20:58:10 DEBUG [t1] "TestVolatile":15: 13
2020-12-19 20:58:10 DEBUG [t1] "TestVolatile":15: 13
2020-12-19 20:58:10 DEBUG [t1] "TestVolatile":15: 13
2020-12-19 20:58:10 DEBUG [t1] "TestVolatile":15: 13
2020-12-19 20:58:10 DEBUG [t1] "TestVolatile":15: 13
2020-12-19 20:58:10 DEBUG [t1] "TestVolatile":15: 13
2020-12-19 20:58:10 DEBUG [t1] "TestVolatile":15: 13
2020-12-19 20:58:10 DEBUG [t1] "TestVolatile":15: 13
2020-12-19 20:58:10 DEBUG [t1] "TestVolatile":15: 13
2020-12-19 20:58:10 DEBUG [t1] "TestVolatile":15: 13
2020-12-19 20:58:10 DEBUG [t1] "TestVolatile":15: 13
2020-12-19 20:58:10 DEBUG [t1] "TestVolatile":15: 13
2020-12-19 20:58:10 DEBUG [t1] "TestVolatile":15: 13
2020-12-19 20:58:10 DEBUG [t1] "TestVolatile":15: 13
2020-12-19 20:58:10 DEBUG [t1] "TestVolatile":15: 13
2020-12-19 20:58:10 DEBUG [t1] "TestVolatile":15: 13
2020-12-19 20:58:10 DEBUG [t1] "TestVolatile":15: 13
2020-12-19 20:58:10 DEBUG [t1] "TestVolatile":15: 13
2020-12-19 20:58:10 DEBUG [t1] "TestVolatile":15: 13
2020-12-19 20:58:10 DEBUG [t1] "TestVolatile":15: 13
2020-12-19 20:58:10 DEBUG [t1] "TestVolatile":15: 13
2020-12-19 20:58:10 DEBUG [t1] "TestVolatile":15: 13
2020-12-19 20:58:10 DEBUG [t1] "TestVolatile":15: 13
2020-12-19 20:58:10 DEBUG [t1] "TestVolatile":15: 13
2020-12-19 20:58:10 DEBUG [t1] "TestVolatile":15: 13
2020-12-19 20:58:10 DEBUG [t1] "TestVolatile":15: 13
2020-12-19 20:58:10 DEBUG [t1] "TestVolatile":15: 13
2020-12-19 20:58:10 DEBUG [t1] "TestVolatile":15: 13
2020-12-19 20:58:10 DEBUG [t1] "TestVolatile":15: 13
2020-12-19 20:58:10 DEBUG [t1] "TestVolatile":15: 13
2020-12-19 20:58:10 DEBUG [t1] "TestVolatile":15: 13
2020-12-19 20:58:10 DEBUG [t1] "TestVolatile":15: 13
2020-12-19 20:58:10 DEBUG [t1] "TestVolatile":15: 13
2020-12-19 20:58:10 DEBUG [t1] "TestVolatile":15: 13
2020-12-19 20:58:10 DEBUG [t1] "TestVolatile":15: 13
2020-12-19 20:58:10 DEBUG [t1] "TestVolatile":15: 13
2020-12-19 20:58:10 DEBUG [t1] "TestVolatile":15: 13
2020-12-19 20:58:10 DEBUG [t1] "TestVolatile":15: 13
2020-12-19 20:58:10 DEBUG [t1] "TestVolatile":15: 13
2020-12-19 20:58:10 DEBUG [t1] "TestVolatile":15: 13
2020-12-19 20:58:10 DEBUG [t1] "TestVolatile":15: 13
2020-12-19 20:58:10 DEBUG [t1] "TestVolatile":15: 13
2020-12-19 20:58:10 DEBUG [t1] "TestVolatile":15: 13
2020-12-19 20:58:10 DEBUG [t1] "TestVolatile":15: 13
2020-12-19 20:58:10 DEBUG [t1] "TestVolatile":15: 13
2020-12-19 20:58:10 DEBUG [t1] "TestVolatile":15: 13
2020-12-19 20:58:10 DEBUG [t1] "TestVolatile":15: 13
2020-12-19 20:58:10 DEBUG [t1] "TestVolatile":15: 13
2020-12-19 20:58:10 DEBUG [t1] "TestVolatile":15: 13
2020-12-19 20:58:10 DEBUG [t1] "TestVolatile":15: 13
2020-12-19 20:58:10 DEBUG [t1] "TestVolatile":15: 13
2020-12-19 20:58:10 DEBUG [t1] "TestVolatile":15: 13
2020-12-19 20:58:10 DEBUG [t1] "TestVolatile":15: 13
2020-12-19 20:58:10 DEBUG [t1] "TestVolatile":15: 13
2020-12-19 20:58:10 DEBUG [t1] "TestVolatile":15: 13
2020-12-19 20:58:10 DEBUG [t1] "TestVolatile":15: 13
2020-12-19 20:58:10 DEBUG [t1] "TestVolatile":15: 13
2020-12-19 20:58:10 DEBUG [t1] "TestVolatile":15: 13
2020-12-19 20:58:10 DEBUG [t1] "TestVolatile":15: 13
2020-12-19 20:58:10 DEBUG [t1] "TestVolatile":15: 13
2020-12-19 20:58:10 DEBUG [t1] "TestVolatile":15: 13
2020-12-19 20:58:10 DEBUG [t1] "TestVolatile":15: 13
2020-12-19 20:58:10 DEBUG [t1] "TestVolatile":15: 13
2020-12-19 20:58:10 DEBUG [t1] "TestVolatile":15: 13
2020-12-19 20:58:10 DEBUG [t1] "TestVolatile":15: 13
2020-12-19 20:58:10 DEBUG [t1] "TestVolatile":15: 13
2020-12-19 20:58:10 DEBUG [t1] "TestVolatile":15: 13
2020-12-19 20:58:10 DEBUG [t1] "TestVolatile":15: 13
2020-12-19 20:58:10 DEBUG [t1] "TestVolatile":15: 13
2020-12-19 20:58:10 DEBUG [t1] "TestVolatile":15: 13
2020-12-19 20:58:10 DEBUG [t1] "TestVolatile":15: 13
2020-12-19 20:58:10 DEBUG [t1] "TestVolatile":15: 13
2020-12-19 20:58:10 DEBUG [t1] "TestVolatile":15: 13
2020-12-19 20:58:10 DEBUG [t1] "TestVolatile":15: 13
2020-12-19 20:58:10 DEBUG [t1] "TestVolatile":15: 13
2020-12-19 20:58:10 DEBUG [t1] "TestVolatile":15: 13
2020-12-19 20:58:10 DEBUG [t1] "TestVolatile":15: 13
2020-12-19 20:58:10 DEBUG [t1] "TestVolatile":15: 13
2020-12-19 20:58:10 DEBUG [t1] "TestVolatile":15: 13
2020-12-19 20:58:10 DEBUG [t1] "TestVolatile":15: 13
2020-12-19 20:58:10 DEBUG [t1] "TestVolatile":15: 13
2020-12-19 20:58:10 DEBUG [t1] "TestVolatile":15: 13
2020-12-19 20:58:10 DEBUG [t1] "TestVolatile":15: 13
2020-12-19 20:58:10 DEBUG [t1] "TestVolatile":15: 13
2020-12-19 20:58:10 DEBUG [t1] "TestVolatile":15: 13
2020-12-19 20:58:10 DEBUG [t1] "TestVolatile":15: 13
2020-12-19 20:58:10 DEBUG [t1] "TestVolatile":15: 13
2020-12-19 20:58:10 DEBUG [t1] "TestVolatile":15: 13
2020-12-19 20:58:10 DEBUG [t1] "TestVolatile":15: 13
2020-12-19 20:58:10 DEBUG [t1] "TestVolatile":15: 13
2020-12-19 20:58:10 DEBUG [t1] "TestVolatile":15: 13
2020-12-19 20:58:10 DEBUG [t1] "TestVolatile":15: 13
2020-12-19 20:58:10 DEBUG [t1] "TestVolatile":15: 13
2020-12-19 20:58:10 DEBUG [t1] "TestVolatile":15: 13
2020-12-19 20:58:10 DEBUG [t1] "TestVolatile":15: 13
2020-12-19 20:58:10 DEBUG [t1] "TestVolatile":15: 13
2020-12-19 20:58:10 DEBUG [t1] "TestVolatile":15: 13
2020-12-19 20:58:10 DEBUG [t1] "TestVolatile":15: 13
2020-12-19 20:58:10 DEBUG [t1] "TestVolatile":15: 13
2020-12-19 20:58:10 DEBUG [t1] "TestVolatile":15: 13
2020-12-19 20:58:10 DEBUG [t1] "TestVolatile":15: 13
2020-12-19 20:58:10 DEBUG [t1] "TestVolatile":15: 13
2020-12-19 20:58:10 DEBUG [t1] "TestVolatile":15: 13
2020-12-19 20:58:10 DEBUG [t1] "TestVolatile":15: 13
2020-12-19 20:58:10 DEBUG [t1] "TestVolatile":15: 13
2020-12-19 20:58:10 DEBUG [t1] "TestVolatile":15: 13
2020-12-19 20:58:10 DEBUG [t1] "TestVolatile":15: 13
2020-12-19 20:58:10 DEBUG [t1] "TestVolatile":15: 13
2020-12-19 20:58:10 DEBUG [t1] "TestVolatile":15: 13
2020-12-19 20:58:10 DEBUG [t1] "TestVolatile":15: 13
2020-12-19 20:58:10 DEBUG [t1] "TestVolatile":15: 13
2020-12-19 20:58:10 DEBUG [t1] "TestVolatile":15: 13
2020-12-19 20:58:10 DEBUG [t1] "TestVolatile":15: 13
2020-12-19 20:58:10 DEBUG [t1] "TestVolatile":15: 13
2020-12-19 20:58:10 DEBUG [t1] "TestVolatile":15: 13
2020-12-19 20:58:10 DEBUG [t1] "TestVolatile":15: 13
2020-12-19 20:58:10 DEBUG [t1] "TestVolatile":15: 13
2020-12-19 20:58:10 DEBUG [t1] "TestVolatile":15: 13
2020-12-19 20:58:10 DEBUG [t1] "TestVolatile":15: 13
2020-12-19 20:58:10 DEBUG [t1] "TestVolatile":15: 13
2020-12-19 20:58:10 DEBUG [t1] "TestVolatile":15: 13
2020-12-19 20:58:10 DEBUG [t1] "TestVolatile":15: 13
2020-12-19 20:58:10 DEBUG [t1] "TestVolatile":15: 13
2020-12-19 20:58:10 DEBUG [t1] "TestVolatile":15: 13
2020-12-19 20:58:10 DEBUG [t1] "TestVolatile":15: 13
2020-12-19 20:58:10 DEBUG [t1] "TestVolatile":15: 13
2020-12-19 20:58:10 DEBUG [t1] "TestVolatile":15: 13
2020-12-19 20:58:10 DEBUG [t1] "TestVolatile":15: 13
2020-12-19 20:58:10 DEBUG [t1] "TestVolatile":15: 13
2020-12-19 20:58:10 DEBUG [t1] "TestVolatile":15: 13
2020-12-19 20:58:10 DEBUG [t1] "TestVolatile":15: 13
2020-12-19 20:58:10 DEBUG [t1] "TestVolatile":15: 13
2020-12-19 20:58:10 DEBUG [t1] "TestVolatile":15: 13
2020-12-19 20:58:10 DEBUG [t1] "TestVolatile":15: 13
2020-12-19 20:58:10 DEBUG [t1] "TestVolatile":15: 13
2020-12-19 20:58:10 DEBUG [t1] "TestVolatile":15: 13
2020-12-19 20:58:10 DEBUG [t1] "TestVolatile":15: 13
2020-12-19 20:58:10 DEBUG [t1] "TestVolatile":15: 13
2020-12-19 20:58:10 DEBUG [t1] "TestVolatile":15: 13
2020-12-19 20:58:10 DEBUG [t1] "TestVolatile":15: 13
2020-12-19 20:58:10 DEBUG [t1] "TestVolatile":15: 13
2020-12-19 20:58:10 DEBUG [t1] "TestVolatile":15: 13
2020-12-19 20:58:10 DEBUG [t1] "TestVolatile":15: 13
2020-12-19 20:58:10 DEBUG [t1] "TestVolatile":15: 13
2020-12-19 20:58:10 DEBUG [t1] "TestVolatile":15: 13
2020-12-19 20:58:10 DEBUG [t1] "TestVolatile":15: 13
2020-12-19 20:58:10 DEBUG [t1] "TestVolatile":15: 13
2020-12-19 20:58:10 DEBUG [t1] "TestVolatile":15: 13
2020-12-19 20:58:10 DEBUG [t1] "TestVolatile":15: 13
2020-12-19 20:58:10 DEBUG [t1] "TestVolatile":15: 13
2020-12-19 20:58:10 DEBUG [t1] "TestVolatile":15: 13
2020-12-19 20:58:10 DEBUG [t1] "TestVolatile":15: 13
2020-12-19 20:58:10 DEBUG [t1] "TestVolatile":15: 13
2020-12-19 20:58:10 DEBUG [t1] "TestVolatile":15: 13
2020-12-19 20:58:10 DEBUG [t1] "TestVolatile":15: 13
2020-12-19 20:58:10 DEBUG [t1] "TestVolatile":15: 13
2020-12-19 20:58:10 DEBUG [t1] "TestVolatile":15: 13
2020-12-19 20:58:10 DEBUG [t1] "TestVolatile":15: 13
2020-12-19 20:58:10 DEBUG [t1] "TestVolatile":15: 13
2020-12-19 20:58:10 DEBUG [t1] "TestVolatile":15: 13
2020-12-19 20:58:10 DEBUG [t1] "TestVolatile":15: 13
2020-12-19 20:58:10 DEBUG [t1] "TestVolatile":15: 13
2020-12-19 20:58:10 DEBUG [t1] "TestVolatile":15: 13
2020-12-19 20:58:10 DEBUG [t1] "TestVolatile":15: 13
2020-12-19 20:58:10 DEBUG [t1] "TestVolatile":15: 13
2020-12-19 20:58:10 DEBUG [t1] "TestVolatile":15: 13
2020-12-19 20:58:10 DEBUG [t1] "TestVolatile":15: 13
2020-12-19 20:58:10 DEBUG [t1] "TestVolatile":15: 13
2020-12-19 20:58:10 DEBUG [t1] "TestVolatile":15: 13
2020-12-19 20:58:10 DEBUG [t1] "TestVolatile":15: 13
2020-12-19 20:58:10 DEBUG [t1] "TestVolatile":15: 13
2020-12-19 20:58:10 DEBUG [t1] "TestVolatile":15: 13
2020-12-19 20:58:10 DEBUG [t1] "TestVolatile":15: 13
2020-12-19 20:58:10 DEBUG [t1] "TestVolatile":15: 13
2020-12-19 20:58:10 DEBUG [t1] "TestVolatile":15: 13
2020-12-19 20:58:10 DEBUG [t1] "TestVolatile":15: 13
2020-12-19 20:58:10 DEBUG [t1] "TestVolatile":15: 13
2020-12-19 20:58:10 DEBUG [t1] "TestVolatile":15: 13
2020-12-19 20:58:10 DEBUG [t1] "TestVolatile":15: 13
2020-12-19 20:58:10 DEBUG [t1] "TestVolatile":15: 13
2020-12-19 20:58:10 DEBUG [t1] "TestVolatile":15: 13
2020-12-19 20:58:10 DEBUG [t1] "TestVolatile":15: 13
2020-12-19 20:58:10 DEBUG [t1] "TestVolatile":15: 13
2020-12-19 20:58:10 DEBUG [t1] "TestVolatile":15: 13
2020-12-19 20:58:10 DEBUG [t1] "TestVolatile":15: 13
2020-12-19 20:58:10 DEBUG [t1] "TestVolatile":15: 13
2020-12-19 20:58:10 DEBUG [t1] "TestVolatile":15: 13
2020-12-19 20:58:10 DEBUG [t1] "TestVolatile":15: 13
2020-12-19 20:58:10 DEBUG [t1] "TestVolatile":15: 13
2020-12-19 20:58:10 DEBUG [t1] "TestVolatile":15: 13
2020-12-19 20:58:10 DEBUG [t1] "TestVolatile":15: 13
2020-12-19 20:58:10 DEBUG [t1] "TestVolatile":15: 13
2020-12-19 20:58:10 DEBUG [t1] "TestVolatile":15: 13
2020-12-19 20:58:10 DEBUG [t1] "TestVolatile":15: 13
2020-12-19 20:58:10 DEBUG [t1] "TestVolatile":15: 13
2020-12-19 20:58:10 DEBUG [t1] "TestVolatile":15: 13
2020-12-19 20:58:10 DEBUG [t1] "TestVolatile":15: 13
2020-12-19 20:58:10 DEBUG [t1] "TestVolatile":15: 13
2020-12-19 20:58:10 DEBUG [t1] "TestVolatile":15: 13
2020-12-19 20:58:10 DEBUG [t1] "TestVolatile":15: 13
2020-12-19 20:58:10 DEBUG [t1] "TestVolatile":15: 13
2020-12-19 20:58:10 DEBUG [t1] "TestVolatile":15: 13
2020-12-19 20:58:10 DEBUG [t1] "TestVolatile":15: 13
2020-12-19 20:58:10 DEBUG [t1] "TestVolatile":15: 13
2020-12-19 20:58:10 DEBUG [t1] "TestVolatile":15: 13
2020-12-19 20:58:10 DEBUG [t1] "TestVolatile":15: 13
2020-12-19 20:58:10 DEBUG [t1] "TestVolatile":15: 13
2020-12-19 20:58:10 DEBUG [t1] "TestVolatile":15: 13
2020-12-19 20:58:10 DEBUG [t1] "TestVolatile":15: 13
2020-12-19 20:58:10 DEBUG [t1] "TestVolatile":15: 13
2020-12-19 20:58:10 DEBUG [t1] "TestVolatile":15: 13
2020-12-19 20:58:10 DEBUG [t1] "TestVolatile":15: 13
2020-12-19 20:58:10 DEBUG [t1] "TestVolatile":15: 13
2020-12-19 20:58:10 DEBUG [t1] "TestVolatile":15: 13
2020-12-19 20:58:10 DEBUG [t1] "TestVolatile":15: 13
2020-12-19 20:58:10 DEBUG [t1] "TestVolatile":15: 13
2020-12-19 20:58:10 DEBUG [t1] "TestVolatile":15: 13
2020-12-19 20:58:10 DEBUG [t1] "TestVolatile":15: 13
2020-12-19 20:58:10 DEBUG [t1] "TestVolatile":15: 13
2020-12-19 20:58:10 DEBUG [t1] "TestVolatile":15: 13
2020-12-19 20:58:10 DEBUG [t1] "TestVolatile":15: 13
2020-12-19 20:58:10 DEBUG [t1] "TestVolatile":15: 13
2020-12-19 20:58:10 DEBUG [t1] "TestVolatile":15: 13
2020-12-19 20:58:10 DEBUG [t1] "TestVolatile":15: 13
2020-12-19 20:58:10 DEBUG [t1] "TestVolatile":15: 13
2020-12-19 20:58:10 DEBUG [t1] "TestVolatile":15: 13
2020-12-19 20:58:10 DEBUG [t1] "TestVolatile":15: 13
2020-12-19 20:58:10 DEBUG [t1] "TestVolatile":15: 13
2020-12-19 20:58:10 DEBUG [t1] "TestVolatile":15: 13
2020-12-19 20:58:10 DEBUG [t1] "TestVolatile":15: 13
2020-12-19 20:58:10 DEBUG [t1] "TestVolatile":15: 13
2020-12-19 20:58:10 DEBUG [t1] "TestVolatile":15: 13
2020-12-19 20:58:10 DEBUG [t1] "TestVolatile":15: 13
2020-12-19 20:58:10 DEBUG [t1] "TestVolatile":15: 13
2020-12-19 20:58:10 DEBUG [t1] "TestVolatile":15: 13
2020-12-19 20:58:10 DEBUG [t1] "TestVolatile":15: 13
2020-12-19 20:58:10 DEBUG [t1] "TestVolatile":15: 13
2020-12-19 20:58:10 DEBUG [t1] "TestVolatile":15: 13
2020-12-19 20:58:10 DEBUG [t1] "TestVolatile":15: 13
2020-12-19 20:58:10 DEBUG [t1] "TestVolatile":15: 13
2020-12-19 20:58:10 DEBUG [t1] "TestVolatile":15: 13
2020-12-19 20:58:10 DEBUG [t1] "TestVolatile":15: 13
2020-12-19 20:58:10 DEBUG [t1] "TestVolatile":15: 13
2020-12-19 20:58:10 DEBUG [t1] "TestVolatile":15: 13
2020-12-19 20:58:10 DEBUG [t1] "TestVolatile":15: 13
2020-12-19 20:58:10 DEBUG [t1] "TestVolatile":15: 13
2020-12-19 20:58:10 DEBUG [t1] "TestVolatile":15: 13
2020-12-19 20:58:10 DEBUG [t1] "TestVolatile":15: 13
2020-12-19 20:58:10 DEBUG [t1] "TestVolatile":15: 13
2020-12-19 20:58:10 DEBUG [t1] "TestVolatile":15: 13
2020-12-19 20:58:10 DEBUG [t1] "TestVolatile":15: 13
2020-12-19 20:58:10 DEBUG [t1] "TestVolatile":15: 13
2020-12-19 20:58:10 DEBUG [t1] "TestVolatile":15: 13
2020-12-19 20:58:10 DEBUG [t1] "TestVolatile":15: 13
2020-12-19 20:58:10 DEBUG [t1] "TestVolatile":15: 13
2020-12-19 20:58:10 DEBUG [t1] "TestVolatile":15: 13
2020-12-19 20:58:10 DEBUG [t1] "TestVolatile":15: 13
2020-12-19 20:58:10 DEBUG [t1] "TestVolatile":15: 13
2020-12-19 20:58:10 DEBUG [t1] "TestVolatile":15: 13
2020-12-19 20:58:10 DEBUG [t1] "TestVolatile":15: 13
2020-12-19 20:58:10 DEBUG [t1] "TestVolatile":15: 13
2020-12-19 20:58:10 DEBUG [t1] "TestVolatile":15: 13
2020-12-19 20:58:10 DEBUG [t1] "TestVolatile":15: 13
2020-12-19 20:58:10 DEBUG [t1] "TestVolatile":15: 13
2020-12-19 20:58:10 DEBUG [t1] "TestVolatile":15: 13
2020-12-19 20:58:10 DEBUG [t1] "TestVolatile":15: 13
2020-12-19 20:58:10 DEBUG [t1] "TestVolatile":15: 13
2020-12-19 20:58:10 DEBUG [t1] "TestVolatile":15: 13
2020-12-19 20:58:10 DEBUG [t1] "TestVolatile":15: 13
2020-12-19 20:58:10 DEBUG [t1] "TestVolatile":15: 13
2020-12-19 20:58:10 DEBUG [t1] "TestVolatile":15: 13
2020-12-19 20:58:10 DEBUG [t1] "TestVolatile":15: 13
2020-12-19 20:58:10 DEBUG [t1] "TestVolatile":15: 13
2020-12-19 20:58:10 DEBUG [t1] "TestVolatile":15: 13
2020-12-19 20:58:10 DEBUG [t1] "TestVolatile":15: 13
2020-12-19 20:58:10 DEBUG [t1] "TestVolatile":15: 13
2020-12-19 20:58:10 DEBUG [t1] "TestVolatile":15: 13
2020-12-19 20:58:10 DEBUG [t1] "TestVolatile":15: 13
2020-12-19 20:58:10 DEBUG [t1] "TestVolatile":15: 13
2020-12-19 20:58:10 DEBUG [t1] "TestVolatile":15: 13
2020-12-19 20:58:10 DEBUG [t1] "TestVolatile":15: 13
2020-12-19 20:58:10 DEBUG [t1] "TestVolatile":15: 13
2020-12-19 20:58:10 DEBUG [t1] "TestVolatile":15: 13
2020-12-19 20:58:10 DEBUG [t1] "TestVolatile":15: 13
2020-12-19 20:58:10 DEBUG [t1] "TestVolatile":15: 13
2020-12-19 20:58:10 DEBUG [t1] "TestVolatile":15: 13
2020-12-19 20:58:10 DEBUG [t1] "TestVolatile":15: 13
2020-12-19 20:58:10 DEBUG [t1] "TestVolatile":15: 13
2020-12-19 20:58:10 DEBUG [t1] "TestVolatile":15: 13
2020-12-19 20:58:10 DEBUG [t1] "TestVolatile":15: 13
2020-12-19 20:58:10 DEBUG [t1] "TestVolatile":15: 13
2020-12-19 20:58:10 DEBUG [t1] "TestVolatile":15: 13
2020-12-19 20:58:10 DEBUG [t1] "TestVolatile":15: 13
2020-12-19 20:58:10 DEBUG [t1] "TestVolatile":15: 13
2020-12-19 20:58:10 DEBUG [t1] "TestVolatile":15: 13
2020-12-19 20:58:10 DEBUG [t1] "TestVolatile":15: 13
2020-12-19 20:58:10 DEBUG [t1] "TestVolatile":15: 13
2020-12-19 20:58:10 DEBUG [t1] "TestVolatile":15: 13
2020-12-19 20:58:10 DEBUG [t1] "TestVolatile":15: 13
2020-12-19 20:58:10 DEBUG [t1] "TestVolatile":15: 13
2020-12-19 20:58:10 DEBUG [t1] "TestVolatile":15: 13
2020-12-19 20:58:10 DEBUG [t1] "TestVolatile":15: 13
2020-12-19 20:58:10 DEBUG [t1] "TestVolatile":15: 13
2020-12-19 20:58:10 DEBUG [t1] "TestVolatile":15: 13
2020-12-19 20:58:10 DEBUG [t1] "TestVolatile":15: 13
2020-12-19 20:58:10 DEBUG [t1] "TestVolatile":15: 13
2020-12-19 20:58:10 DEBUG [t1] "TestVolatile":15: 13
2020-12-19 20:58:10 DEBUG [t1] "TestVolatile":15: 13
2020-12-19 20:58:10 DEBUG [t1] "TestVolatile":15: 13
2020-12-19 20:58:10 DEBUG [t1] "TestVolatile":15: 13
2020-12-19 20:58:10 DEBUG [t1] "TestVolatile":15: 13
2020-12-19 20:58:10 DEBUG [t1] "TestVolatile":15: 13
2020-12-19 20:58:10 DEBUG [t1] "TestVolatile":15: 13
2020-12-19 20:58:10 DEBUG [t1] "TestVolatile":15: 13
2020-12-19 20:58:10 DEBUG [t1] "TestVolatile":15: 13
2020-12-19 20:58:10 DEBUG [t1] "TestVolatile":15: 13
2020-12-19 20:58:10 DEBUG [t1] "TestVolatile":15: 13
2020-12-19 20:58:10 DEBUG [t1] "TestVolatile":15: 13
2020-12-19 20:58:10 DEBUG [t1] "TestVolatile":15: 13
2020-12-19 20:58:10 DEBUG [t1] "TestVolatile":15: 13
2020-12-19 20:58:10 DEBUG [t1] "TestVolatile":15: 13
2020-12-19 20:58:10 DEBUG [t1] "TestVolatile":15: 13
2020-12-19 20:58:10 DEBUG [t1] "TestVolatile":15: 13
2020-12-19 20:58:10 DEBUG [t1] "TestVolatile":15: 13
2020-12-19 20:58:10 DEBUG [t1] "TestVolatile":15: 13
2020-12-19 20:58:10 DEBUG [t1] "TestVolatile":15: 13
2020-12-19 20:58:10 DEBUG [t1] "TestVolatile":15: 13
2020-12-19 20:58:10 DEBUG [t1] "TestVolatile":15: 13
2020-12-19 20:58:10 DEBUG [t1] "TestVolatile":15: 13
2020-12-19 20:58:10 DEBUG [t1] "TestVolatile":15: 13
2020-12-19 20:58:10 DEBUG [t1] "TestVolatile":15: 13
2020-12-19 20:58:10 DEBUG [t1] "TestVolatile":15: 13
2020-12-19 20:58:10 DEBUG [t1] "TestVolatile":15: 13
2020-12-19 20:58:10 DEBUG [t1] "TestVolatile":15: 13
2020-12-19 20:58:10 DEBUG [t1] "TestVolatile":15: 13
2020-12-19 20:58:10 DEBUG [t1] "TestVolatile":15: 13
2020-12-19 20:58:10 DEBUG [t1] "TestVolatile":15: 13
2020-12-19 20:58:10 DEBUG [t1] "TestVolatile":15: 13
2020-12-19 20:58:10 DEBUG [t1] "TestVolatile":15: 13
2020-12-19 20:58:10 DEBUG [t1] "TestVolatile":15: 13
2020-12-19 20:58:10 DEBUG [t1] "TestVolatile":15: 13
2020-12-19 20:58:10 DEBUG [t1] "TestVolatile":15: 13
2020-12-19 20:58:10 DEBUG [t1] "TestVolatile":15: 13
2020-12-19 20:58:10 DEBUG [t1] "TestVolatile":15: 13
2020-12-19 20:58:10 DEBUG [t1] "TestVolatile":15: 13
2020-12-19 20:58:10 DEBUG [t1] "TestVolatile":15: 13
2020-12-19 20:58:10 DEBUG [t1] "TestVolatile":15: 13
2020-12-19 20:58:10 DEBUG [t1] "TestVolatile":15: 13
2020-12-19 20:58:10 DEBUG [t1] "TestVolatile":15: 13
2020-12-19 20:58:10 DEBUG [t1] "TestVolatile":15: 13
2020-12-19 20:58:10 DEBUG [t1] "TestVolatile":15: 13
2020-12-19 20:58:10 DEBUG [t1] "TestVolatile":15: 13
2020-12-19 20:58:10 DEBUG [t1] "TestVolatile":15: 13
2020-12-19 20:58:10 DEBUG [t1] "TestVolatile":15: 13
2020-12-19 20:58:10 DEBUG [t1] "TestVolatile":15: 13
2020-12-19 20:58:10 DEBUG [t1] "TestVolatile":15: 13
2020-12-19 20:58:10 DEBUG [t1] "TestVolatile":15: 13
2020-12-19 20:58:10 DEBUG [t1] "TestVolatile":15: 13
2020-12-19 20:58:10 DEBUG [t1] "TestVolatile":15: 13
2020-12-19 20:58:10 DEBUG [t1] "TestVolatile":15: 13
2020-12-19 20:58:10 DEBUG [t1] "TestVolatile":15: 13
2020-12-19 20:58:10 DEBUG [t1] "TestVolatile":15: 13
2020-12-19 20:58:10 DEBUG [t1] "TestVolatile":15: 13
2020-12-19 20:58:10 DEBUG [t1] "TestVolatile":15: 13
2020-12-19 20:58:10 DEBUG [t1] "TestVolatile":15: 13
2020-12-19 20:58:10 DEBUG [t1] "TestVolatile":15: 13
2020-12-19 20:58:10 DEBUG [t1] "TestVolatile":15: 13
2020-12-19 20:58:10 DEBUG [t1] "TestVolatile":15: 13
2020-12-19 20:58:10 DEBUG [t1] "TestVolatile":15: 13
2020-12-19 20:58:10 DEBUG [t1] "TestVolatile":15: 13
2020-12-19 20:58:10 DEBUG [t1] "TestVolatile":15: 13
2020-12-19 20:58:10 DEBUG [t1] "TestVolatile":15: 13
2020-12-19 20:58:10 DEBUG [t1] "TestVolatile":15: 13
2020-12-19 20:58:10 DEBUG [t1] "TestVolatile":15: 13
2020-12-19 20:58:10 DEBUG [t1] "TestVolatile":15: 13
2020-12-19 20:58:10 DEBUG [t1] "TestVolatile":15: 13
2020-12-19 20:58:10 DEBUG [t1] "TestVolatile":15: 13
2020-12-19 20:58:10 DEBUG [t1] "TestVolatile":15: 13
2020-12-19 20:58:10 DEBUG [t1] "TestVolatile":15: 13
2020-12-19 20:58:10 DEBUG [t1] "TestVolatile":15: 13
2020-12-19 20:58:10 DEBUG [t1] "TestVolatile":15: 13
2020-12-19 20:58:10 DEBUG [t1] "TestVolatile":15: 13
2020-12-19 20:58:10 DEBUG [t1] "TestVolatile":15: 13
2020-12-19 20:58:10 DEBUG [t1] "TestVolatile":15: 13
2020-12-19 20:58:10 DEBUG [t1] "TestVolatile":15: 13
2020-12-19 20:58:10 DEBUG [t1] "TestVolatile":15: 13
2020-12-19 20:58:10 DEBUG [t1] "TestVolatile":15: 13
2020-12-19 20:58:10 DEBUG [t1] "TestVolatile":15: 13
2020-12-19 20:58:10 DEBUG [t1] "TestVolatile":15: 13
2020-12-19 20:58:10 DEBUG [t1] "TestVolatile":15: 13
2020-12-19 20:58:10 DEBUG [t1] "TestVolatile":15: 13
2020-12-19 20:58:10 DEBUG [t1] "TestVolatile":15: 13
2020-12-19 20:58:10 DEBUG [t1] "TestVolatile":15: 13
2020-12-19 20:58:10 DEBUG [t1] "TestVolatile":15: 13
2020-12-19 20:58:10 DEBUG [t1] "TestVolatile":15: 13
2020-12-19 20:58:10 DEBUG [t1] "TestVolatile":15: 13
2020-12-19 20:58:10 DEBUG [t1] "TestVolatile":15: 13
2020-12-19 20:58:10 DEBUG [t1] "TestVolatile":15: 13
2020-12-19 20:58:10 DEBUG [t1] "TestVolatile":15: 13
2020-12-19 20:58:10 DEBUG [t1] "TestVolatile":15: 13
2020-12-19 20:58:10 DEBUG [t1] "TestVolatile":15: 13
2020-12-19 20:58:10 DEBUG [t1] "TestVolatile":15: 13
2020-12-19 20:58:10 DEBUG [t1] "TestVolatile":15: 13
2020-12-19 20:58:10 DEBUG [t1] "TestVolatile":15: 13
2020-12-19 20:58:10 DEBUG [t1] "TestVolatile":15: 13
2020-12-19 20:58:10 DEBUG [t1] "TestVolatile":15: 13
2020-12-19 20:58:10 DEBUG [t1] "TestVolatile":15: 13
2020-12-19 20:58:10 DEBUG [t1] "TestVolatile":15: 13
2020-12-19 20:58:10 DEBUG [t1] "TestVolatile":15: 13
2020-12-19 20:58:10 DEBUG [t1] "TestVolatile":15: 13
2020-12-19 20:58:10 DEBUG [t1] "TestVolatile":15: 13
2020-12-19 20:58:10 DEBUG [t1] "TestVolatile":15: 13
2020-12-19 20:58:10 DEBUG [t1] "TestVolatile":15: 13
2020-12-19 20:58:10 DEBUG [t1] "TestVolatile":15: 13
2020-12-19 20:58:10 DEBUG [t1] "TestVolatile":15: 13
2020-12-19 20:58:10 DEBUG [t1] "TestVolatile":15: 13
2020-12-19 20:58:10 DEBUG [t1] "TestVolatile":15: 13
2020-12-19 20:58:10 DEBUG [t1] "TestVolatile":15: 13
2020-12-19 20:58:10 DEBUG [t1] "TestVolatile":15: 13
2020-12-19 20:58:10 DEBUG [t1] "TestVolatile":15: 13
2020-12-19 20:58:10 DEBUG [t1] "TestVolatile":15: 13
2020-12-19 20:58:10 DEBUG [t1] "TestVolatile":15: 13
2020-12-19 20:58:10 DEBUG [t1] "TestVolatile":15: 13
2020-12-19 20:58:10 DEBUG [t1] "TestVolatile":15: 13
2020-12-19 20:58:10 DEBUG [t1] "TestVolatile":15: 13
2020-12-19 20:58:10 DEBUG [t1] "TestVolatile":15: 13
2020-12-19 20:58:10 DEBUG [t1] "TestVolatile":15: 13
2020-12-19 20:58:10 DEBUG [t1] "TestVolatile":15: 13
2020-12-19 20:58:10 DEBUG [t1] "TestVolatile":15: 13
2020-12-19 20:58:10 DEBUG [t1] "TestVolatile":15: 13
2020-12-19 20:58:10 DEBUG [t1] "TestVolatile":15: 13
2020-12-19 20:58:10 DEBUG [t1] "TestVolatile":15: 13
2020-12-19 20:58:10 DEBUG [t1] "TestVolatile":15: 13
2020-12-19 20:58:10 DEBUG [t1] "TestVolatile":15: 13
2020-12-19 20:58:10 DEBUG [t1] "TestVolatile":15: 13
2020-12-19 20:58:10 DEBUG [t1] "TestVolatile":15: 13
2020-12-19 20:58:10 DEBUG [t1] "TestVolatile":15: 13
2020-12-19 20:58:10 DEBUG [t1] "TestVolatile":15: 13
2020-12-19 20:58:10 DEBUG [t1] "TestVolatile":15: 13
2020-12-19 20:58:10 DEBUG [t1] "TestVolatile":15: 13
2020-12-19 20:58:10 DEBUG [t1] "TestVolatile":15: 13
2020-12-19 20:58:10 DEBUG [t1] "TestVolatile":15: 13
2020-12-19 20:58:10 DEBUG [t1] "TestVolatile":15: 13
2020-12-19 20:58:10 DEBUG [t1] "TestVolatile":15: 13
2020-12-19 20:58:10 DEBUG [t1] "TestVolatile":15: 13
2020-12-19 20:58:10 DEBUG [t1] "TestVolatile":15: 13
2020-12-19 20:58:10 DEBUG [t1] "TestVolatile":15: 13
2020-12-19 20:58:10 DEBUG [t1] "TestVolatile":15: 13
2020-12-19 20:58:10 DEBUG [t1] "TestVolatile":15: 13
2020-12-19 20:58:10 DEBUG [t1] "TestVolatile":15: 13
2020-12-19 20:58:10 DEBUG [t1] "TestVolatile":15: 13
2020-12-19 20:58:10 DEBUG [t1] "TestVolatile":15: 13
2020-12-19 20:58:10 DEBUG [t1] "TestVolatile":15: 13
2020-12-19 20:58:10 DEBUG [t1] "TestVolatile":15: 13
2020-12-19 20:58:10 DEBUG [t1] "TestVolatile":15: 13
2020-12-19 20:58:10 DEBUG [t1] "TestVolatile":15: 13
2020-12-19 20:58:10 DEBUG [t1] "TestVolatile":15: 13
2020-12-19 20:58:10 DEBUG [t1] "TestVolatile":15: 13
2020-12-19 20:58:10 DEBUG [t1] "TestVolatile":15: 13
2020-12-19 20:58:10 DEBUG [t1] "TestVolatile":15: 13
2020-12-19 20:58:10 DEBUG [t1] "TestVolatile":15: 13
2020-12-19 20:58:10 DEBUG [t1] "TestVolatile":15: 13
2020-12-19 20:58:10 DEBUG [t1] "TestVolatile":15: 13
2020-12-19 20:58:10 DEBUG [t1] "TestVolatile":15: 13
2020-12-19 20:58:10 DEBUG [t1] "TestVolatile":15: 13
2020-12-19 20:58:10 DEBUG [t1] "TestVolatile":15: 13
2020-12-19 20:58:10 DEBUG [t1] "TestVolatile":15: 13
2020-12-19 20:58:10 DEBUG [t1] "TestVolatile":15: 13
2020-12-19 20:58:10 DEBUG [t1] "TestVolatile":15: 13
2020-12-19 20:58:10 DEBUG [t1] "TestVolatile":15: 13
2020-12-19 20:58:10 DEBUG [t1] "TestVolatile":15: 13
2020-12-19 20:58:10 DEBUG [t1] "TestVolatile":15: 13
2020-12-19 20:58:10 DEBUG [t1] "TestVolatile":15: 13
2020-12-19 20:58:10 DEBUG [t1] "TestVolatile":15: 13
2020-12-19 20:58:10 DEBUG [t1] "TestVolatile":15: 13
2020-12-19 20:58:10 DEBUG [t1] "TestVolatile":15: 13
2020-12-19 20:58:10 DEBUG [t1] "TestVolatile":15: 13
2020-12-19 20:58:10 DEBUG [t1] "TestVolatile":15: 13
2020-12-19 20:58:10 DEBUG [t1] "TestVolatile":15: 13
2020-12-19 20:58:10 DEBUG [t1] "TestVolatile":15: 13
2020-12-19 20:58:10 DEBUG [t1] "TestVolatile":15: 13
2020-12-19 20:58:10 DEBUG [t1] "TestVolatile":15: 13
2020-12-19 20:58:10 DEBUG [t1] "TestVolatile":15: 13
2020-12-19 20:58:10 DEBUG [t1] "TestVolatile":15: 13
2020-12-19 20:58:10 DEBUG [t1] "TestVolatile":15: 13
2020-12-19 20:58:10 DEBUG [t1] "TestVolatile":15: 13
2020-12-19 20:58:10 DEBUG [t1] "TestVolatile":15: 13
2020-12-19 20:58:10 DEBUG [t1] "TestVolatile":15: 13
2020-12-19 20:58:10 DEBUG [t1] "TestVolatile":15: 13
2020-12-19 20:58:10 DEBUG [t1] "TestVolatile":15: 13
2020-12-19 20:58:10 DEBUG [t1] "TestVolatile":15: 13
2020-12-19 20:58:10 DEBUG [t1] "TestVolatile":15: 13
2020-12-19 20:58:10 DEBUG [t1] "TestVolatile":15: 13
2020-12-19 20:58:10 DEBUG [t1] "TestVolatile":15: 13
2020-12-19 20:58:10 DEBUG [t1] "TestVolatile":15: 13
2020-12-19 20:58:10 DEBUG [t1] "TestVolatile":15: 13
2020-12-19 20:58:10 DEBUG [t1] "TestVolatile":15: 13
2020-12-19 20:58:10 DEBUG [t1] "TestVolatile":15: 13
2020-12-19 20:58:10 DEBUG [t1] "TestVolatile":15: 13
2020-12-19 20:58:10 DEBUG [t1] "TestVolatile":15: 13
2020-12-19 20:58:10 DEBUG [t1] "TestVolatile":15: 13
2020-12-19 20:58:10 DEBUG [t1] "TestVolatile":15: 13
2020-12-19 20:58:10 DEBUG [t1] "TestVolatile":15: 13
2020-12-19 20:58:10 DEBUG [t1] "TestVolatile":15: 13
2020-12-19 20:58:10 DEBUG [t1] "TestVolatile":15: 13
2020-12-19 20:58:10 DEBUG [t1] "TestVolatile":15: 13
2020-12-19 20:58:10 DEBUG [t1] "TestVolatile":15: 13
2020-12-19 20:58:10 DEBUG [t1] "TestVolatile":15: 13
2020-12-19 20:58:10 DEBUG [t1] "TestVolatile":15: 13
2020-12-19 20:58:10 DEBUG [t1] "TestVolatile":15: 13
2020-12-19 20:58:10 DEBUG [t1] "TestVolatile":15: 13
2020-12-19 20:58:10 DEBUG [t1] "TestVolatile":15: 13
2020-12-19 20:58:10 DEBUG [t1] "TestVolatile":15: 13
2020-12-19 20:58:10 DEBUG [t1] "TestVolatile":15: 13
2020-12-19 20:58:10 DEBUG [t1] "TestVolatile":15: 13
2020-12-19 20:58:10 DEBUG [t1] "TestVolatile":15: 13
2020-12-19 20:58:10 DEBUG [t1] "TestVolatile":15: 13
2020-12-19 20:58:10 DEBUG [t1] "TestVolatile":15: 13
2020-12-19 20:58:10 DEBUG [t1] "TestVolatile":15: 13
2020-12-19 20:58:10 DEBUG [t1] "TestVolatile":15: 13
2020-12-19 20:58:10 DEBUG [t1] "TestVolatile":15: 13
2020-12-19 20:58:10 DEBUG [t1] "TestVolatile":15: 13
2020-12-19 20:58:10 DEBUG [t1] "TestVolatile":15: 13
2020-12-19 20:58:10 DEBUG [t1] "TestVolatile":15: 13
2020-12-19 20:58:10 DEBUG [t1] "TestVolatile":15: 13
2020-12-19 20:58:10 DEBUG [t1] "TestVolatile":15: 13
2020-12-19 20:58:10 DEBUG [t1] "TestVolatile":15: 13
2020-12-19 20:58:10 DEBUG [t1] "TestVolatile":15: 13
2020-12-19 20:58:10 DEBUG [t1] "TestVolatile":15: 13
2020-12-19 20:58:10 DEBUG [t1] "TestVolatile":15: 13
2020-12-19 20:58:10 DEBUG [t1] "TestVolatile":15: 13
2020-12-19 20:58:10 DEBUG [t1] "TestVolatile":15: 13
2020-12-19 20:58:10 DEBUG [t1] "TestVolatile":15: 13
2020-12-19 20:58:10 DEBUG [t1] "TestVolatile":15: 13
2020-12-19 20:58:10 DEBUG [t1] "TestVolatile":15: 13
2020-12-19 20:58:10 DEBUG [t1] "TestVolatile":15: 13
2020-12-19 20:58:10 DEBUG [t1] "TestVolatile":15: 13
2020-12-19 20:58:10 DEBUG [t1] "TestVolatile":15: 13
2020-12-19 20:58:10 DEBUG [t1] "TestVolatile":15: 13
2020-12-19 20:58:10 DEBUG [t1] "TestVolatile":15: 13
2020-12-19 20:58:10 DEBUG [t1] "TestVolatile":15: 13
2020-12-19 20:58:10 DEBUG [t1] "TestVolatile":15: 13
2020-12-19 20:58:10 DEBUG [t1] "TestVolatile":15: 13
2020-12-19 20:58:10 DEBUG [t1] "TestVolatile":15: 13
2020-12-19 20:58:10 DEBUG [t1] "TestVolatile":15: 13
2020-12-19 20:58:10 DEBUG [t1] "TestVolatile":15: 13
2020-12-19 20:58:10 DEBUG [t1] "TestVolatile":15: 13
2020-12-19 20:58:10 DEBUG [t1] "TestVolatile":15: 13
2020-12-19 20:58:10 DEBUG [t1] "TestVolatile":15: 13
2020-12-19 20:58:10 DEBUG [t1] "TestVolatile":15: 13
2020-12-19 20:58:10 DEBUG [t1] "TestVolatile":15: 13
2020-12-19 20:58:10 DEBUG [t1] "TestVolatile":15: 13
2020-12-19 20:58:10 DEBUG [t1] "TestVolatile":15: 13
2020-12-19 20:58:10 DEBUG [t1] "TestVolatile":15: 13
2020-12-19 20:58:10 DEBUG [t1] "TestVolatile":15: 13
2020-12-19 20:58:10 DEBUG [t1] "TestVolatile":15: 13
2020-12-19 20:58:10 DEBUG [t1] "TestVolatile":15: 13
2020-12-19 20:58:10 DEBUG [t1] "TestVolatile":15: 13
2020-12-19 20:58:10 DEBUG [t1] "TestVolatile":15: 13
2020-12-19 20:58:10 DEBUG [t1] "TestVolatile":15: 13
2020-12-19 20:58:10 DEBUG [t1] "TestVolatile":15: 13
2020-12-19 20:58:10 DEBUG [t1] "TestVolatile":15: 13
2020-12-19 20:58:10 DEBUG [t1] "TestVolatile":15: 13
2020-12-19 20:58:10 DEBUG [t1] "TestVolatile":15: 13
2020-12-19 20:58:10 DEBUG [t1] "TestVolatile":15: 13
2020-12-19 20:58:10 DEBUG [t1] "TestVolatile":15: 13
2020-12-19 20:58:10 DEBUG [t1] "TestVolatile":15: 13
2020-12-19 20:58:10 DEBUG [t1] "TestVolatile":15: 13
2020-12-19 20:58:10 DEBUG [t1] "TestVolatile":15: 13
2020-12-19 20:58:10 DEBUG [t1] "TestVolatile":15: 13
2020-12-19 20:58:10 DEBUG [t1] "TestVolatile":15: 13
2020-12-19 20:58:10 DEBUG [t1] "TestVolatile":15: 13
2020-12-19 20:58:10 DEBUG [t1] "TestVolatile":15: 13
2020-12-19 20:58:10 DEBUG [t1] "TestVolatile":15: 13
2020-12-19 20:58:10 DEBUG [t1] "TestVolatile":15: 13
2020-12-19 20:58:10 DEBUG [t1] "TestVolatile":15: 13
2020-12-19 20:58:10 DEBUG [t1] "TestVolatile":15: 13
2020-12-19 20:58:10 DEBUG [t1] "TestVolatile":15: 13
2020-12-19 20:58:10 DEBUG [t1] "TestVolatile":15: 13
2020-12-19 20:58:10 DEBUG [t1] "TestVolatile":15: 13
2020-12-19 20:58:10 DEBUG [t1] "TestVolatile":15: 13
2020-12-19 20:58:10 DEBUG [t1] "TestVolatile":15: 13
2020-12-19 20:58:10 DEBUG [t1] "TestVolatile":15: 13
2020-12-19 20:58:10 DEBUG [t1] "TestVolatile":15: 13
2020-12-19 20:58:10 DEBUG [t1] "TestVolatile":15: 13
2020-12-19 20:58:10 DEBUG [t1] "TestVolatile":15: 13
2020-12-19 20:58:10 DEBUG [t1] "TestVolatile":15: 13
2020-12-19 20:58:10 DEBUG [t1] "TestVolatile":15: 13
2020-12-19 20:58:10 DEBUG [t1] "TestVolatile":15: 13
2020-12-19 20:58:10 DEBUG [t1] "TestVolatile":15: 13
2020-12-19 20:58:10 DEBUG [t1] "TestVolatile":15: 13
2020-12-19 20:58:10 DEBUG [t1] "TestVolatile":15: 13
2020-12-19 20:58:10 DEBUG [t1] "TestVolatile":15: 13
2020-12-19 20:58:10 DEBUG [t1] "TestVolatile":15: 13
2020-12-19 20:58:10 DEBUG [t1] "TestVolatile":15: 13
2020-12-19 20:58:10 DEBUG [t1] "TestVolatile":15: 13
2020-12-19 20:58:10 DEBUG [t1] "TestVolatile":15: 13
2020-12-19 20:58:10 DEBUG [t1] "TestVolatile":15: 13
2020-12-19 20:58:10 DEBUG [t1] "TestVolatile":15: 13
2020-12-19 20:58:10 DEBUG [t1] "TestVolatile":15: 13
2020-12-19 20:58:10 DEBUG [t1] "TestVolatile":15: 13
2020-12-19 20:58:10 DEBUG [t1] "TestVolatile":15: 13
2020-12-19 20:58:10 DEBUG [t1] "TestVolatile":15: 13
2020-12-19 20:58:10 DEBUG [t1] "TestVolatile":15: 13
2020-12-19 20:58:10 DEBUG [t1] "TestVolatile":15: 13
2020-12-19 20:58:10 DEBUG [t1] "TestVolatile":15: 13
2020-12-19 20:58:10 DEBUG [t1] "TestVolatile":15: 13
2020-12-19 20:58:10 DEBUG [t1] "TestVolatile":15: 13
2020-12-19 20:58:10 DEBUG [t1] "TestVolatile":15: 13
2020-12-19 20:58:10 DEBUG [t1] "TestVolatile":15: 13
2020-12-19 20:58:10 DEBUG [t1] "TestVolatile":15: 13
2020-12-19 20:58:10 DEBUG [t1] "TestVolatile":15: 13
2020-12-19 20:58:10 DEBUG [t1] "TestVolatile":15: 13
2020-12-19 20:58:10 DEBUG [t1] "TestVolatile":15: 13
2020-12-19 20:58:10 DEBUG [t1] "TestVolatile":15: 13
2020-12-19 20:58:10 DEBUG [t1] "TestVolatile":15: 13
2020-12-19 20:58:10 DEBUG [t1] "TestVolatile":15: 13
2020-12-19 20:58:10 DEBUG [t1] "TestVolatile":15: 13
2020-12-19 20:58:10 DEBUG [t1] "TestVolatile":15: 13
2020-12-19 20:58:10 DEBUG [t1] "TestVolatile":15: 13
2020-12-19 20:58:10 DEBUG [t1] "TestVolatile":15: 13
2020-12-19 20:58:10 DEBUG [t1] "TestVolatile":15: 13
2020-12-19 20:58:10 DEBUG [t1] "TestVolatile":15: 13
2020-12-19 20:58:10 DEBUG [t1] "TestVolatile":15: 13
2020-12-19 20:58:10 DEBUG [t1] "TestVolatile":15: 13
2020-12-19 20:58:10 DEBUG [t1] "TestVolatile":15: 13
2020-12-19 20:58:10 DEBUG [t1] "TestVolatile":15: 13
2020-12-19 20:58:10 DEBUG [t1] "TestVolatile":15: 13
2020-12-19 20:58:10 DEBUG [t1] "TestVolatile":15: 13
2020-12-19 20:58:10 DEBUG [t1] "TestVolatile":15: 13
2020-12-19 20:58:10 DEBUG [t1] "TestVolatile":15: 13
2020-12-19 20:58:10 DEBUG [t1] "TestVolatile":15: 13
2020-12-19 20:58:10 DEBUG [t1] "TestVolatile":15: 13
2020-12-19 20:58:10 DEBUG [t1] "TestVolatile":15: 13
2020-12-19 20:58:10 DEBUG [t1] "TestVolatile":15: 13
2020-12-19 20:58:10 DEBUG [t1] "TestVolatile":15: 13
2020-12-19 20:58:10 DEBUG [t1] "TestVolatile":15: 13
2020-12-19 20:58:10 DEBUG [t1] "TestVolatile":15: 13
2020-12-19 20:58:10 DEBUG [t1] "TestVolatile":15: 13
2020-12-19 20:58:10 DEBUG [t1] "TestVolatile":15: 13
2020-12-19 20:58:10 DEBUG [t1] "TestVolatile":15: 13
2020-12-19 20:58:10 DEBUG [t1] "TestVolatile":15: 13
2020-12-19 20:58:10 DEBUG [t1] "TestVolatile":15: 13
2020-12-19 20:58:10 DEBUG [t1] "TestVolatile":15: 13
2020-12-19 20:58:10 DEBUG [t1] "TestVolatile":15: 13
2020-12-19 20:58:10 DEBUG [t1] "TestVolatile":15: 13
2020-12-19 20:58:10 DEBUG [t1] "TestVolatile":15: 13
2020-12-19 20:58:10 DEBUG [t1] "TestVolatile":15: 13
2020-12-19 20:58:10 DEBUG [t1] "TestVolatile":15: 13
2020-12-19 20:58:10 DEBUG [t1] "TestVolatile":15: 13
2020-12-19 20:58:10 DEBUG [t1] "TestVolatile":15: 13
2020-12-19 20:58:10 DEBUG [t1] "TestVolatile":15: 13
2020-12-19 20:58:10 DEBUG [t1] "TestVolatile":15: 13
2020-12-19 20:58:10 DEBUG [t1] "TestVolatile":15: 13
2020-12-19 20:58:10 DEBUG [t1] "TestVolatile":15: 13
2020-12-19 20:58:10 DEBUG [t1] "TestVolatile":15: 13
2020-12-19 20:58:10 DEBUG [t1] "TestVolatile":15: 13
2020-12-19 20:58:10 DEBUG [t1] "TestVolatile":15: 13
2020-12-19 20:58:10 DEBUG [t1] "TestVolatile":15: 13
2020-12-19 20:58:10 DEBUG [t1] "TestVolatile":15: 13
2020-12-19 20:58:10 DEBUG [t1] "TestVolatile":15: 13
2020-12-19 20:58:10 DEBUG [t1] "TestVolatile":15: 13
2020-12-19 20:58:10 DEBUG [t1] "TestVolatile":15: 13
2020-12-19 20:58:10 DEBUG [t1] "TestVolatile":15: 13
2020-12-19 20:58:10 DEBUG [t1] "TestVolatile":15: 13
2020-12-19 20:58:10 DEBUG [t1] "TestVolatile":15: 13
2020-12-19 20:58:10 DEBUG [t1] "TestVolatile":15: 13
2020-12-19 20:58:10 DEBUG [t1] "TestVolatile":15: 13
2020-12-19 20:58:10 DEBUG [t1] "TestVolatile":15: 13
2020-12-19 20:58:10 DEBUG [t1] "TestVolatile":15: 13
2020-12-19 20:58:10 DEBUG [t1] "TestVolatile":15: 13
2020-12-19 20:58:10 DEBUG [t1] "TestVolatile":15: 13
2020-12-19 20:58:10 DEBUG [t1] "TestVolatile":15: 13
2020-12-19 20:58:10 DEBUG [t1] "TestVolatile":15: 13
2020-12-19 20:58:10 DEBUG [t1] "TestVolatile":15: 13
2020-12-19 20:58:10 DEBUG [t1] "TestVolatile":15: 13
2020-12-19 20:58:10 DEBUG [t1] "TestVolatile":15: 13
2020-12-19 20:58:10 DEBUG [t1] "TestVolatile":15: 13
2020-12-19 20:58:10 DEBUG [t1] "TestVolatile":15: 13
2020-12-19 20:58:10 DEBUG [t1] "TestVolatile":15: 13
2020-12-19 20:58:10 DEBUG [t1] "TestVolatile":15: 13
2020-12-19 20:58:10 DEBUG [t1] "TestVolatile":15: 13
2020-12-19 20:58:10 DEBUG [t1] "TestVolatile":15: 13
2020-12-19 20:58:10 DEBUG [t1] "TestVolatile":15: 13
2020-12-19 20:58:10 DEBUG [t1] "TestVolatile":15: 13
2020-12-19 20:58:10 DEBUG [t1] "TestVolatile":15: 13
2020-12-19 20:58:10 DEBUG [t1] "TestVolatile":15: 13
2020-12-19 20:58:10 DEBUG [t1] "TestVolatile":15: 13
2020-12-19 20:58:10 DEBUG [t1] "TestVolatile":15: 13
2020-12-19 20:58:10 DEBUG [t1] "TestVolatile":15: 13
2020-12-19 20:58:10 DEBUG [t1] "TestVolatile":15: 13
2020-12-19 20:58:10 DEBUG [t1] "TestVolatile":15: 13
2020-12-19 20:58:10 DEBUG [t1] "TestVolatile":15: 13
2020-12-19 20:58:10 DEBUG [t1] "TestVolatile":15: 13
2020-12-19 20:58:10 DEBUG [t1] "TestVolatile":15: 13
2020-12-19 20:58:10 DEBUG [t1] "TestVolatile":15: 13
2020-12-19 20:58:10 DEBUG [t1] "TestVolatile":15: 13
2020-12-19 20:58:10 DEBUG [t1] "TestVolatile":15: 13
2020-12-19 20:58:10 DEBUG [t1] "TestVolatile":15: 13
2020-12-19 20:58:10 DEBUG [t1] "TestVolatile":15: 13
2020-12-19 20:58:10 DEBUG [t1] "TestVolatile":15: 13
2020-12-19 20:58:10 DEBUG [t1] "TestVolatile":15: 13
2020-12-19 20:58:10 DEBUG [t1] "TestVolatile":15: 13
2020-12-19 20:58:10 DEBUG [t1] "TestVolatile":15: 13
2020-12-19 20:58:10 DEBUG [t1] "TestVolatile":15: 13
2020-12-19 20:58:10 DEBUG [t1] "TestVolatile":15: 13
2020-12-19 20:58:10 DEBUG [t1] "TestVolatile":15: 13
2020-12-19 20:58:10 DEBUG [t1] "TestVolatile":15: 13
2020-12-19 20:58:10 DEBUG [t1] "TestVolatile":15: 13
2020-12-19 20:58:10 DEBUG [t1] "TestVolatile":15: 13
2020-12-19 20:58:10 DEBUG [t1] "TestVolatile":15: 13
2020-12-19 20:58:10 DEBUG [t1] "TestVolatile":15: 13
2020-12-19 20:58:10 DEBUG [t1] "TestVolatile":15: 13
2020-12-19 20:58:10 DEBUG [t1] "TestVolatile":15: 13
2020-12-19 20:58:10 DEBUG [t1] "TestVolatile":15: 13
2020-12-19 20:58:10 DEBUG [t1] "TestVolatile":15: 13
2020-12-19 20:58:10 DEBUG [t1] "TestVolatile":15: 13
2020-12-19 20:58:10 DEBUG [t1] "TestVolatile":15: 13
2020-12-19 20:58:10 DEBUG [t1] "TestVolatile":15: 13
2020-12-19 20:58:10 DEBUG [t1] "TestVolatile":15: 13
2020-12-19 20:58:10 DEBUG [t1] "TestVolatile":15: 13
2020-12-19 20:58:10 DEBUG [t1] "TestVolatile":15: 13
2020-12-19 20:58:10 DEBUG [t1] "TestVolatile":15: 13
2020-12-19 20:58:10 DEBUG [t1] "TestVolatile":15: 13
2020-12-19 20:58:10 DEBUG [t1] "TestVolatile":15: 13
2020-12-19 20:58:10 DEBUG [t1] "TestVolatile":15: 13
2020-12-19 20:58:10 DEBUG [t1] "TestVolatile":15: 13
2020-12-19 20:58:10 DEBUG [t1] "TestVolatile":15: 13
2020-12-19 20:58:10 DEBUG [t1] "TestVolatile":15: 13
2020-12-19 20:58:10 DEBUG [t1] "TestVolatile":15: 13
2020-12-19 20:58:10 DEBUG [t1] "TestVolatile":15: 13
2020-12-19 20:58:10 DEBUG [t1] "TestVolatile":15: 13
2020-12-19 20:58:10 DEBUG [t1] "TestVolatile":15: 13
2020-12-19 20:58:10 DEBUG [t1] "TestVolatile":15: 13
2020-12-19 20:58:10 DEBUG [t1] "TestVolatile":15: 13
2020-12-19 20:58:10 DEBUG [t1] "TestVolatile":15: 13
2020-12-19 20:58:10 DEBUG [t1] "TestVolatile":15: 13
2020-12-19 20:58:10 DEBUG [t1] "TestVolatile":15: 13
2020-12-19 20:58:10 DEBUG [t1] "TestVolatile":15: 13
2020-12-19 20:58:10 DEBUG [t1] "TestVolatile":15: 13
2020-12-19 20:58:10 DEBUG [t1] "TestVolatile":15: 13
2020-12-19 20:58:10 DEBUG [t1] "TestVolatile":15: 13
2020-12-19 20:58:10 DEBUG [t1] "TestVolatile":15: 13
2020-12-19 20:58:10 DEBUG [t1] "TestVolatile":15: 13
2020-12-19 20:58:10 DEBUG [t1] "TestVolatile":15: 13
2020-12-19 20:58:10 DEBUG [t1] "TestVolatile":15: 13
2020-12-19 20:58:10 DEBUG [t1] "TestVolatile":15: 13
2020-12-19 20:58:10 DEBUG [t1] "TestVolatile":15: 13
2020-12-19 20:58:10 DEBUG [t1] "TestVolatile":15: 13
2020-12-19 20:58:10 DEBUG [t1] "TestVolatile":15: 13
2020-12-19 20:58:10 DEBUG [t1] "TestVolatile":15: 13
2020-12-19 20:58:10 DEBUG [t1] "TestVolatile":15: 13
2020-12-19 20:58:10 DEBUG [t1] "TestVolatile":15: 13
2020-12-19 20:58:10 DEBUG [t1] "TestVolatile":15: 13
2020-12-19 20:58:10 DEBUG [t1] "TestVolatile":15: 13
2020-12-19 20:58:10 DEBUG [t1] "TestVolatile":15: 13
2020-12-19 20:58:10 DEBUG [t1] "TestVolatile":15: 13
2020-12-19 20:58:10 DEBUG [t1] "TestVolatile":15: 13
2020-12-19 20:58:10 DEBUG [t1] "TestVolatile":15: 13
2020-12-19 20:58:10 DEBUG [t1] "TestVolatile":15: 13
2020-12-19 20:58:10 DEBUG [t1] "TestVolatile":15: 13
2020-12-19 20:58:10 DEBUG [t1] "TestVolatile":15: 13
2020-12-19 20:58:10 DEBUG [t1] "TestVolatile":15: 13
2020-12-19 20:58:10 DEBUG [t1] "TestVolatile":15: 13
2020-12-19 20:58:10 DEBUG [t1] "TestVolatile":15: 13
2020-12-19 20:58:10 DEBUG [t1] "TestVolatile":15: 13
2020-12-19 20:58:10 DEBUG [t1] "TestVolatile":15: 13
2020-12-19 20:58:10 DEBUG [t1] "TestVolatile":15: 13
2020-12-19 20:58:10 DEBUG [t1] "TestVolatile":15: 13
2020-12-19 20:58:10 DEBUG [t1] "TestVolatile":15: 13
2020-12-19 20:58:10 DEBUG [t1] "TestVolatile":15: 13
2020-12-19 20:58:10 DEBUG [t1] "TestVolatile":15: 13
2020-12-19 20:58:10 DEBUG [t1] "TestVolatile":15: 13
2020-12-19 20:58:10 DEBUG [t1] "TestVolatile":15: 13
2020-12-19 20:58:10 DEBUG [t1] "TestVolatile":15: 13
2020-12-19 20:58:10 DEBUG [t1] "TestVolatile":15: 13
2020-12-19 20:58:10 DEBUG [t1] "TestVolatile":15: 13
2020-12-19 20:58:10 DEBUG [t1] "TestVolatile":15: 13
2020-12-19 20:58:10 DEBUG [t1] "TestVolatile":15: 13
2020-12-19 20:58:10 DEBUG [t1] "TestVolatile":15: 13
2020-12-19 20:58:10 DEBUG [t1] "TestVolatile":15: 13
2020-12-19 20:58:10 DEBUG [t1] "TestVolatile":15: 13
2020-12-19 20:58:10 DEBUG [t1] "TestVolatile":15: 13
2020-12-19 20:58:10 DEBUG [t1] "TestVolatile":15: 13
2020-12-19 20:58:10 DEBUG [t1] "TestVolatile":15: 13
2020-12-19 20:58:10 DEBUG [t1] "TestVolatile":15: 13
2020-12-19 20:58:10 DEBUG [t1] "TestVolatile":15: 13
2020-12-19 20:58:10 DEBUG [t1] "TestVolatile":15: 13
2020-12-19 20:58:10 DEBUG [t1] "TestVolatile":15: 13
2020-12-19 20:58:10 DEBUG [t1] "TestVolatile":15: 13
2020-12-19 20:58:10 DEBUG [t1] "TestVolatile":15: 13
2020-12-19 20:58:10 DEBUG [t1] "TestVolatile":15: 13
2020-12-19 20:58:10 DEBUG [t1] "TestVolatile":15: 13
2020-12-19 20:58:10 DEBUG [t1] "TestVolatile":15: 13
2020-12-19 20:58:10 DEBUG [t1] "TestVolatile":15: 13
2020-12-19 20:58:10 DEBUG [t1] "TestVolatile":15: 13
2020-12-19 20:58:10 DEBUG [t1] "TestVolatile":15: 13
2020-12-19 20:58:10 DEBUG [t1] "TestVolatile":15: 13
2020-12-19 20:58:10 DEBUG [t1] "TestVolatile":15: 13
2020-12-19 20:58:10 DEBUG [t1] "TestVolatile":15: 13
2020-12-19 20:58:10 DEBUG [t1] "TestVolatile":15: 13
2020-12-19 20:58:10 DEBUG [t1] "TestVolatile":15: 13
2020-12-19 20:58:10 DEBUG [t1] "TestVolatile":15: 13
2020-12-19 20:58:10 DEBUG [t1] "TestVolatile":15: 13
2020-12-19 20:58:10 DEBUG [t1] "TestVolatile":15: 13
2020-12-19 20:58:10 DEBUG [t1] "TestVolatile":15: 13
2020-12-19 20:58:10 DEBUG [t1] "TestVolatile":15: 13
2020-12-19 20:58:10 DEBUG [t1] "TestVolatile":15: 13
2020-12-19 20:58:10 DEBUG [t1] "TestVolatile":15: 13
2020-12-19 20:58:10 DEBUG [t1] "TestVolatile":15: 13
2020-12-19 20:58:10 DEBUG [t1] "TestVolatile":15: 13
2020-12-19 20:58:10 DEBUG [t1] "TestVolatile":15: 13
2020-12-19 20:58:10 DEBUG [t1] "TestVolatile":15: 13
2020-12-19 20:58:10 DEBUG [t1] "TestVolatile":15: 13
2020-12-19 20:58:10 DEBUG [t1] "TestVolatile":15: 13
2020-12-19 20:58:10 DEBUG [t1] "TestVolatile":15: 13
2020-12-19 20:58:10 DEBUG [t1] "TestVolatile":15: 13
2020-12-19 20:58:10 DEBUG [t1] "TestVolatile":15: 13
2020-12-19 20:58:10 DEBUG [t1] "TestVolatile":15: 13
2020-12-19 20:58:10 DEBUG [t1] "TestVolatile":15: 13
2020-12-19 20:58:10 DEBUG [t1] "TestVolatile":15: 13
2020-12-19 20:58:10 DEBUG [t1] "TestVolatile":15: 13
2020-12-19 20:58:10 DEBUG [t1] "TestVolatile":15: 13
2020-12-19 20:58:10 DEBUG [t1] "TestVolatile":15: 13
2020-12-19 20:58:10 DEBUG [t1] "TestVolatile":15: 13
2020-12-19 20:58:10 DEBUG [t1] "TestVolatile":15: 13
2020-12-19 20:58:10 DEBUG [t1] "TestVolatile":15: 13
2020-12-19 20:58:10 DEBUG [t1] "TestVolatile":15: 13
2020-12-19 20:58:10 DEBUG [t1] "TestVolatile":15: 13
2020-12-19 20:58:10 DEBUG [t1] "TestVolatile":15: 13
2020-12-19 20:58:10 DEBUG [t1] "TestVolatile":15: 13
2020-12-19 20:58:10 DEBUG [t1] "TestVolatile":15: 13
2020-12-19 20:58:10 DEBUG [t1] "TestVolatile":15: 13
2020-12-19 20:58:10 DEBUG [t1] "TestVolatile":15: 13
2020-12-19 20:58:10 DEBUG [t1] "TestVolatile":15: 13
2020-12-19 20:58:10 DEBUG [t1] "TestVolatile":15: 13
2020-12-19 20:58:10 DEBUG [t1] "TestVolatile":15: 13
2020-12-19 20:58:10 DEBUG [t1] "TestVolatile":15: 13
2020-12-19 20:58:10 DEBUG [t1] "TestVolatile":15: 13
2020-12-19 20:58:10 DEBUG [t1] "TestVolatile":15: 13
2020-12-19 20:58:10 DEBUG [t1] "TestVolatile":15: 13
2020-12-19 20:58:10 DEBUG [t1] "TestVolatile":15: 13
2020-12-19 20:58:10 DEBUG [t1] "TestVolatile":15: 13
2020-12-19 20:58:10 DEBUG [t1] "TestVolatile":15: 13
2020-12-19 20:58:10 DEBUG [t1] "TestVolatile":15: 13
2020-12-19 20:58:10 DEBUG [t1] "TestVolatile":15: 13
2020-12-19 20:58:10 DEBUG [t1] "TestVolatile":15: 13
2020-12-19 20:58:10 DEBUG [t1] "TestVolatile":15: 13
2020-12-19 20:58:10 DEBUG [t1] "TestVolatile":15: 13
2020-12-19 20:58:10 DEBUG [t1] "TestVolatile":15: 13
2020-12-19 20:58:10 DEBUG [t1] "TestVolatile":15: 13
2020-12-19 20:58:10 DEBUG [t1] "TestVolatile":15: 13
2020-12-19 20:58:10 DEBUG [t1] "TestVolatile":15: 13
2020-12-19 20:58:10 DEBUG [t1] "TestVolatile":15: 13
2020-12-19 20:58:10 DEBUG [t1] "TestVolatile":15: 13
2020-12-19 20:58:10 DEBUG [t1] "TestVolatile":15: 13
2020-12-19 20:58:10 DEBUG [t1] "TestVolatile":15: 13
2020-12-19 20:58:10 DEBUG [t1] "TestVolatile":15: 13
2020-12-19 20:58:10 DEBUG [t1] "TestVolatile":15: 13
2020-12-19 20:58:10 DEBUG [t1] "TestVolatile":15: 13
2020-12-19 20:58:10 DEBUG [t1] "TestVolatile":15: 13
2020-12-19 20:58:10 DEBUG [t1] "TestVolatile":15: 13
2020-12-19 20:58:10 DEBUG [t1] "TestVolatile":15: 13
2020-12-19 20:58:10 DEBUG [t1] "TestVolatile":15: 13
2020-12-19 20:58:10 DEBUG [t1] "TestVolatile":15: 13
2020-12-19 20:58:10 DEBUG [t1] "TestVolatile":15: 13
2020-12-19 20:58:10 DEBUG [t1] "TestVolatile":15: 13
2020-12-19 20:58:10 DEBUG [t1] "TestVolatile":15: 13
2020-12-19 20:58:10 DEBUG [t1] "TestVolatile":15: 13
2020-12-19 20:58:10 DEBUG [t1] "TestVolatile":15: 13
2020-12-19 20:58:10 DEBUG [t1] "TestVolatile":15: 13
2020-12-19 20:58:10 DEBUG [t1] "TestVolatile":15: 13
2020-12-19 20:58:10 DEBUG [t1] "TestVolatile":15: 13
2020-12-19 20:58:10 DEBUG [t1] "TestVolatile":15: 13
2020-12-19 20:58:10 DEBUG [t1] "TestVolatile":15: 13
2020-12-19 20:58:10 DEBUG [t1] "TestVolatile":15: 13
2020-12-19 20:58:10 DEBUG [t1] "TestVolatile":15: 13
2020-12-19 20:58:10 DEBUG [t1] "TestVolatile":15: 13
2020-12-19 20:58:10 DEBUG [t1] "TestVolatile":15: 13
2020-12-19 20:58:10 DEBUG [t1] "TestVolatile":15: 13
2020-12-19 20:58:10 DEBUG [t1] "TestVolatile":15: 13
2020-12-19 20:58:10 DEBUG [t1] "TestVolatile":15: 13
2020-12-19 20:58:10 DEBUG [t1] "TestVolatile":15: 13
2020-12-19 20:58:10 DEBUG [t1] "TestVolatile":15: 13
2020-12-19 20:58:10 DEBUG [t1] "TestVolatile":15: 13
2020-12-19 20:58:10 DEBUG [t1] "TestVolatile":15: 13
2020-12-19 20:58:10 DEBUG [t1] "TestVolatile":15: 13
2020-12-19 20:58:10 DEBUG [t1] "TestVolatile":15: 13
2020-12-19 20:58:10 DEBUG [t1] "TestVolatile":15: 13
2020-12-19 20:58:10 DEBUG [t1] "TestVolatile":15: 13
2020-12-19 20:58:10 DEBUG [t1] "TestVolatile":15: 13
2020-12-19 20:58:10 DEBUG [t1] "TestVolatile":15: 13
2020-12-19 20:58:10 DEBUG [t1] "TestVolatile":15: 13
2020-12-19 20:58:10 DEBUG [t1] "TestVolatile":15: 13
2020-12-19 20:58:10 DEBUG [t1] "TestVolatile":15: 13
2020-12-19 20:58:10 DEBUG [t1] "TestVolatile":15: 13
2020-12-19 20:58:10 DEBUG [t1] "TestVolatile":15: 13
2020-12-19 20:58:10 DEBUG [t1] "TestVolatile":15: 13
2020-12-19 20:58:10 DEBUG [t1] "TestVolatile":15: 13
2020-12-19 20:58:10 DEBUG [t1] "TestVolatile":15: 13
2020-12-19 20:58:10 DEBUG [t1] "TestVolatile":15: 13
2020-12-19 20:58:10 DEBUG [t1] "TestVolatile":15: 13
2020-12-19 20:58:10 DEBUG [t1] "TestVolatile":15: 13
2020-12-19 20:58:10 DEBUG [t1] "TestVolatile":15: 13
2020-12-19 20:58:10 DEBUG [t1] "TestVolatile":15: 13
2020-12-19 20:58:10 DEBUG [t1] "TestVolatile":15: 13
2020-12-19 20:58:10 DEBUG [t1] "TestVolatile":15: 13
2020-12-19 20:58:10 DEBUG [t1] "TestVolatile":15: 13
2020-12-19 20:58:10 DEBUG [t1] "TestVolatile":15: 13
2020-12-19 20:58:10 DEBUG [t1] "TestVolatile":15: 13
2020-12-19 20:58:10 DEBUG [t1] "TestVolatile":15: 13
2020-12-19 20:58:10 DEBUG [t1] "TestVolatile":15: 13
2020-12-19 20:58:10 DEBUG [t1] "TestVolatile":15: 13
2020-12-19 20:58:10 DEBUG [t1] "TestVolatile":15: 13
2020-12-19 20:58:10 DEBUG [t1] "TestVolatile":15: 13
2020-12-19 20:58:10 DEBUG [t1] "TestVolatile":15: 13
2020-12-19 20:58:10 DEBUG [t1] "TestVolatile":15: 13
2020-12-19 20:58:10 DEBUG [t1] "TestVolatile":15: 13
2020-12-19 20:58:10 DEBUG [t1] "TestVolatile":15: 13
2020-12-19 20:58:10 DEBUG [t1] "TestVolatile":15: 13
2020-12-19 20:58:10 DEBUG [t1] "TestVolatile":15: 13
2020-12-19 20:58:10 DEBUG [t1] "TestVolatile":15: 13
2020-12-19 20:58:10 DEBUG [t1] "TestVolatile":15: 13
2020-12-19 20:58:10 DEBUG [t1] "TestVolatile":15: 13
2020-12-19 20:58:10 DEBUG [t1] "TestVolatile":15: 13
2020-12-19 20:58:10 DEBUG [t1] "TestVolatile":15: 13
2020-12-19 20:58:10 DEBUG [t1] "TestVolatile":15: 13
2020-12-19 20:58:10 DEBUG [t1] "TestVolatile":15: 13
2020-12-19 20:58:10 DEBUG [t1] "TestVolatile":15: 13
2020-12-19 20:58:10 DEBUG [t1] "TestVolatile":15: 13
2020-12-19 20:58:10 DEBUG [t1] "TestVolatile":15: 13
2020-12-19 20:58:10 DEBUG [t1] "TestVolatile":15: 13
2020-12-19 20:58:10 DEBUG [t1] "TestVolatile":15: 13
2020-12-19 20:58:10 DEBUG [t1] "TestVolatile":15: 13
2020-12-19 20:58:10 DEBUG [t1] "TestVolatile":15: 13
2020-12-19 20:58:10 DEBUG [t1] "TestVolatile":15: 13
2020-12-19 20:58:10 DEBUG [t1] "TestVolatile":15: 13
2020-12-19 20:58:10 DEBUG [t1] "TestVolatile":15: 13
2020-12-19 20:58:10 DEBUG [t1] "TestVolatile":15: 13
2020-12-19 20:58:10 DEBUG [t1] "TestVolatile":15: 13
2020-12-19 20:58:10 DEBUG [t1] "TestVolatile":15: 13
2020-12-19 20:58:10 DEBUG [t1] "TestVolatile":15: 13
2020-12-19 20:58:10 DEBUG [t1] "TestVolatile":15: 13
2020-12-19 20:58:10 DEBUG [t1] "TestVolatile":15: 13
2020-12-19 20:58:10 DEBUG [t1] "TestVolatile":15: 13
2020-12-19 20:58:10 DEBUG [t1] "TestVolatile":15: 13
2020-12-19 20:58:10 DEBUG [t1] "TestVolatile":15: 13
2020-12-19 20:58:10 DEBUG [t1] "TestVolatile":15: 13
2020-12-19 20:58:10 DEBUG [t1] "TestVolatile":15: 13
2020-12-19 20:58:10 DEBUG [t1] "TestVolatile":15: 13
2020-12-19 20:58:10 DEBUG [t1] "TestVolatile":15: 13
2020-12-19 20:58:10 DEBUG [t1] "TestVolatile":15: 13
2020-12-19 20:58:10 DEBUG [t1] "TestVolatile":15: 13
2020-12-19 20:58:10 DEBUG [t1] "TestVolatile":15: 13
2020-12-19 20:58:10 DEBUG [t1] "TestVolatile":15: 13
2020-12-19 20:58:10 DEBUG [t1] "TestVolatile":15: 13
2020-12-19 20:58:10 DEBUG [t1] "TestVolatile":15: 13
2020-12-19 20:58:10 DEBUG [t1] "TestVolatile":15: 13
2020-12-19 20:58:10 DEBUG [t1] "TestVolatile":15: 13
2020-12-19 20:58:10 DEBUG [t1] "TestVolatile":15: 13
2020-12-19 20:58:10 DEBUG [t1] "TestVolatile":15: 13
2020-12-19 20:58:10 DEBUG [t1] "TestVolatile":15: 13
2020-12-19 20:58:10 DEBUG [t1] "TestVolatile":15: 13
2020-12-19 20:58:10 DEBUG [t1] "TestVolatile":15: 13
2020-12-19 20:58:10 DEBUG [t1] "TestVolatile":15: 13
2020-12-19 20:58:10 DEBUG [t1] "TestVolatile":15: 13
2020-12-19 20:58:10 DEBUG [t1] "TestVolatile":15: 13
2020-12-19 20:58:10 DEBUG [t1] "TestVolatile":15: 13
2020-12-19 20:58:10 DEBUG [t1] "TestVolatile":15: 13
2020-12-19 20:58:10 DEBUG [t1] "TestVolatile":15: 13
2020-12-19 20:58:10 DEBUG [t1] "TestVolatile":15: 13
2020-12-19 20:58:10 DEBUG [t1] "TestVolatile":15: 13
2020-12-19 20:58:10 DEBUG [t1] "TestVolatile":15: 13
2020-12-19 20:58:10 DEBUG [t1] "TestVolatile":15: 13
2020-12-19 20:58:10 DEBUG [t1] "TestVolatile":15: 13
2020-12-19 20:58:10 DEBUG [t1] "TestVolatile":15: 13
2020-12-19 20:58:10 DEBUG [t1] "TestVolatile":15: 13
2020-12-19 20:58:10 DEBUG [t1] "TestVolatile":15: 13
2020-12-19 20:58:10 DEBUG [t1] "TestVolatile":15: 13
2020-12-19 20:58:10 DEBUG [t1] "TestVolatile":15: 13
2020-12-19 20:58:10 DEBUG [t1] "TestVolatile":15: 13
2020-12-19 20:58:10 DEBUG [t1] "TestVolatile":15: 13
2020-12-19 20:58:10 DEBUG [t1] "TestVolatile":15: 13
2020-12-19 20:58:10 DEBUG [t1] "TestVolatile":15: 13
2020-12-19 20:58:10 DEBUG [t1] "TestVolatile":15: 13
2020-12-19 20:58:10 DEBUG [t1] "TestVolatile":15: 13
2020-12-19 20:58:10 DEBUG [t1] "TestVolatile":15: 13
2020-12-19 20:58:10 DEBUG [t1] "TestVolatile":15: 13
2020-12-19 20:58:10 DEBUG [t1] "TestVolatile":15: 13
2020-12-19 20:58:10 DEBUG [t1] "TestVolatile":15: 13
2020-12-19 20:58:10 DEBUG [t1] "TestVolatile":15: 13
2020-12-19 20:58:10 DEBUG [t1] "TestVolatile":15: 13
2020-12-19 20:58:10 DEBUG [t1] "TestVolatile":15: 13
2020-12-19 20:58:10 DEBUG [t1] "TestVolatile":15: 13
2020-12-19 20:58:10 DEBUG [t1] "TestVolatile":15: 13
2020-12-19 20:58:10 DEBUG [t1] "TestVolatile":15: 13
2020-12-19 20:58:10 DEBUG [t1] "TestVolatile":15: 13
2020-12-19 20:58:10 DEBUG [t1] "TestVolatile":15: 13
2020-12-19 20:58:10 DEBUG [t1] "TestVolatile":15: 13
2020-12-19 20:58:10 DEBUG [t1] "TestVolatile":15: 13
2020-12-19 20:58:10 DEBUG [t1] "TestVolatile":15: 13
2020-12-19 20:58:10 DEBUG [t1] "TestVolatile":15: 13
2020-12-19 20:58:10 DEBUG [t1] "TestVolatile":15: 13
2020-12-19 20:58:10 DEBUG [t1] "TestVolatile":15: 13
2020-12-19 20:58:10 DEBUG [t1] "TestVolatile":15: 13
2020-12-19 20:58:10 DEBUG [t1] "TestVolatile":15: 13
2020-12-19 20:58:10 DEBUG [t1] "TestVolatile":15: 13
2020-12-19 20:58:10 DEBUG [t1] "TestVolatile":15: 13
2020-12-19 20:58:10 DEBUG [t1] "TestVolatile":15: 13
2020-12-19 20:58:10 DEBUG [t1] "TestVolatile":15: 13
2020-12-19 20:58:10 DEBUG [t1] "TestVolatile":15: 13
2020-12-19 20:58:10 DEBUG [t1] "TestVolatile":15: 13
2020-12-19 20:58:10 DEBUG [t1] "TestVolatile":15: 13
2020-12-19 20:58:10 DEBUG [t1] "TestVolatile":15: 13
2020-12-19 20:58:10 DEBUG [t1] "TestVolatile":15: 13
2020-12-19 20:58:10 DEBUG [t1] "TestVolatile":15: 13
2020-12-19 20:58:10 DEBUG [t1] "TestVolatile":15: 13
2020-12-19 20:58:10 DEBUG [t1] "TestVolatile":15: 13
2020-12-19 20:58:10 DEBUG [t1] "TestVolatile":15: 13
2020-12-19 20:58:10 DEBUG [t1] "TestVolatile":15: 13
2020-12-19 20:58:10 DEBUG [t1] "TestVolatile":15: 13
2020-12-19 20:58:10 DEBUG [t1] "TestVolatile":15: 13
2020-12-19 20:58:10 DEBUG [t1] "TestVolatile":15: 13
2020-12-19 20:58:10 DEBUG [t1] "TestVolatile":15: 13
2020-12-19 20:58:10 DEBUG [t1] "TestVolatile":15: 13
2020-12-19 20:58:10 DEBUG [t1] "TestVolatile":15: 13
2020-12-19 20:58:10 DEBUG [t1] "TestVolatile":15: 13
2020-12-19 20:58:10 DEBUG [t1] "TestVolatile":15: 13
2020-12-19 20:58:10 DEBUG [t1] "TestVolatile":15: 13
2020-12-19 20:58:10 DEBUG [t1] "TestVolatile":15: 13
2020-12-19 20:58:10 DEBUG [t1] "TestVolatile":15: 13
2020-12-19 20:58:10 DEBUG [t1] "TestVolatile":15: 13
2020-12-19 20:58:10 DEBUG [t1] "TestVolatile":15: 13
2020-12-19 20:58:10 DEBUG [t1] "TestVolatile":15: 13
2020-12-19 20:58:10 DEBUG [t1] "TestVolatile":15: 13
2020-12-19 20:58:10 DEBUG [t1] "TestVolatile":15: 13
2020-12-19 20:58:10 DEBUG [t1] "TestVolatile":15: 13
2020-12-19 20:58:10 DEBUG [t1] "TestVolatile":15: 13
2020-12-19 20:58:10 DEBUG [t1] "TestVolatile":15: 13
2020-12-19 20:58:10 DEBUG [t1] "TestVolatile":15: 13
2020-12-19 20:58:10 DEBUG [t1] "TestVolatile":15: 13
2020-12-19 20:58:10 DEBUG [t1] "TestVolatile":15: 13
2020-12-19 20:58:10 DEBUG [t1] "TestVolatile":15: 13
2020-12-19 20:58:10 DEBUG [t1] "TestVolatile":15: 13
2020-12-19 20:58:10 DEBUG [t1] "TestVolatile":15: 13
2020-12-19 20:58:10 DEBUG [t1] "TestVolatile":15: 13
2020-12-19 20:58:10 DEBUG [t1] "TestVolatile":15: 13
2020-12-19 20:58:10 DEBUG [t1] "TestVolatile":15: 13
2020-12-19 20:58:10 DEBUG [t1] "TestVolatile":15: 13
2020-12-19 20:58:10 DEBUG [t1] "TestVolatile":15: 13
2020-12-19 20:58:10 DEBUG [t1] "TestVolatile":15: 13
2020-12-19 20:58:10 DEBUG [t1] "TestVolatile":15: 13
2020-12-19 20:58:10 DEBUG [t1] "TestVolatile":15: 13
2020-12-19 20:58:10 DEBUG [t1] "TestVolatile":15: 13
2020-12-19 20:58:10 DEBUG [t1] "TestVolatile":15: 13
2020-12-19 20:58:10 DEBUG [t1] "TestVolatile":15: 13
2020-12-19 20:58:10 DEBUG [t1] "TestVolatile":15: 13
2020-12-19 20:58:10 DEBUG [t1] "TestVolatile":15: 13
2020-12-19 20:58:10 DEBUG [t1] "TestVolatile":15: 13
2020-12-19 20:58:10 DEBUG [t1] "TestVolatile":15: 13
2020-12-19 20:58:10 DEBUG [t1] "TestVolatile":15: 13
2020-12-19 20:58:10 DEBUG [t1] "TestVolatile":15: 13
2020-12-19 20:58:10 DEBUG [t1] "TestVolatile":15: 13
2020-12-19 20:58:10 DEBUG [t1] "TestVolatile":15: 13
2020-12-19 20:58:10 DEBUG [t1] "TestVolatile":15: 13
2020-12-19 20:58:10 DEBUG [t1] "TestVolatile":15: 13
2020-12-19 20:58:10 DEBUG [t1] "TestVolatile":15: 13
2020-12-19 20:58:10 DEBUG [t1] "TestVolatile":15: 13
2020-12-19 20:58:10 DEBUG [t1] "TestVolatile":15: 13
2020-12-19 20:58:10 DEBUG [t1] "TestVolatile":15: 13
2020-12-19 20:58:10 DEBUG [t1] "TestVolatile":15: 13
2020-12-19 20:58:10 DEBUG [t1] "TestVolatile":15: 13
2020-12-19 20:58:10 DEBUG [t1] "TestVolatile":15: 13
2020-12-19 20:58:10 DEBUG [t1] "TestVolatile":15: 13
2020-12-19 20:58:10 DEBUG [t1] "TestVolatile":15: 13
2020-12-19 20:58:10 DEBUG [t1] "TestVolatile":15: 13
2020-12-19 20:58:10 DEBUG [t1] "TestVolatile":15: 13
2020-12-19 20:58:10 DEBUG [t1] "TestVolatile":15: 13
2020-12-19 20:58:10 DEBUG [t1] "TestVolatile":15: 13
2020-12-19 20:58:10 DEBUG [t1] "TestVolatile":15: 13
2020-12-19 20:58:10 DEBUG [t1] "TestVolatile":15: 13
2020-12-19 20:58:10 DEBUG [t1] "TestVolatile":15: 13
2020-12-19 20:58:10 DEBUG [t1] "TestVolatile":15: 13
2020-12-19 20:58:10 DEBUG [t1] "TestVolatile":15: 13
2020-12-19 20:58:10 DEBUG [t1] "TestVolatile":15: 13
2020-12-19 20:58:10 DEBUG [t1] "TestVolatile":15: 13
2020-12-19 20:58:10 DEBUG [t1] "TestVolatile":15: 13
2020-12-19 20:58:10 DEBUG [t1] "TestVolatile":15: 13
2020-12-19 20:58:10 DEBUG [t1] "TestVolatile":15: 13
2020-12-19 20:58:10 DEBUG [t1] "TestVolatile":15: 13
2020-12-19 20:58:10 DEBUG [t1] "TestVolatile":15: 13
2020-12-19 20:58:10 DEBUG [t1] "TestVolatile":15: 13
2020-12-19 20:58:10 DEBUG [t1] "TestVolatile":15: 13
2020-12-19 20:58:10 DEBUG [t1] "TestVolatile":15: 13
2020-12-19 20:58:10 DEBUG [t1] "TestVolatile":15: 13
2020-12-19 20:58:10 DEBUG [t1] "TestVolatile":15: 13
2020-12-19 20:58:10 DEBUG [t1] "TestVolatile":15: 13
2020-12-19 20:58:10 DEBUG [t1] "TestVolatile":15: 13
2020-12-19 20:58:10 DEBUG [t1] "TestVolatile":15: 13
2020-12-19 20:58:10 DEBUG [t1] "TestVolatile":15: 13
2020-12-19 20:58:10 DEBUG [t1] "TestVolatile":15: 13
2020-12-19 20:58:10 DEBUG [t1] "TestVolatile":15: 13
2020-12-19 20:58:10 DEBUG [t1] "TestVolatile":15: 13
2020-12-19 20:58:10 DEBUG [t1] "TestVolatile":15: 13
2020-12-19 20:58:10 DEBUG [t1] "TestVolatile":15: 13
2020-12-19 20:58:10 DEBUG [t1] "TestVolatile":15: 13
2020-12-19 20:58:10 DEBUG [t1] "TestVolatile":15: 13
2020-12-19 20:58:10 DEBUG [t1] "TestVolatile":15: 13
2020-12-19 20:58:10 DEBUG [t1] "TestVolatile":15: 13
2020-12-19 20:58:10 DEBUG [t1] "TestVolatile":15: 13
2020-12-19 20:58:10 DEBUG [t1] "TestVolatile":15: 13
2020-12-19 20:58:10 DEBUG [t1] "TestVolatile":15: 13
2020-12-19 20:58:10 DEBUG [t1] "TestVolatile":15: 13
2020-12-19 20:58:10 DEBUG [t1] "TestVolatile":15: 13
2020-12-19 20:58:10 DEBUG [t1] "TestVolatile":15: 13
2020-12-19 20:58:10 DEBUG [t1] "TestVolatile":15: 13
2020-12-19 20:58:10 DEBUG [t1] "TestVolatile":15: 13
2020-12-19 20:58:10 DEBUG [t1] "TestVolatile":15: 13
2020-12-19 20:58:10 DEBUG [t1] "TestVolatile":15: 13
2020-12-19 20:58:10 DEBUG [t1] "TestVolatile":15: 13
2020-12-19 20:58:10 DEBUG [t1] "TestVolatile":15: 13
2020-12-19 20:58:10 DEBUG [t1] "TestVolatile":15: 13
2020-12-19 20:58:10 DEBUG [t1] "TestVolatile":15: 13
2020-12-19 20:58:10 DEBUG [t1] "TestVolatile":15: 13
2020-12-19 20:58:10 DEBUG [t1] "TestVolatile":15: 13
2020-12-19 20:58:10 DEBUG [t1] "TestVolatile":15: 13
2020-12-19 20:58:10 DEBUG [t1] "TestVolatile":15: 13
2020-12-19 20:58:10 DEBUG [t1] "TestVolatile":15: 13
2020-12-19 20:58:10 DEBUG [t1] "TestVolatile":15: 13
2020-12-19 20:58:10 DEBUG [t1] "TestVolatile":15: 13
2020-12-19 20:58:10 DEBUG [t1] "TestVolatile":15: 13
2020-12-19 20:58:10 DEBUG [t1] "TestVolatile":15: 13
2020-12-19 20:58:10 DEBUG [t1] "TestVolatile":15: 13
2020-12-19 20:58:10 DEBUG [t1] "TestVolatile":15: 13
2020-12-19 20:58:10 DEBUG [t1] "TestVolatile":15: 13
2020-12-19 20:58:10 DEBUG [t1] "TestVolatile":15: 13
2020-12-19 20:58:10 DEBUG [t1] "TestVolatile":15: 13
2020-12-19 20:58:10 DEBUG [t1] "TestVolatile":15: 13
2020-12-19 20:58:10 DEBUG [t1] "TestVolatile":15: 13
2020-12-19 20:58:10 DEBUG [t1] "TestVolatile":15: 13
2020-12-19 20:58:10 DEBUG [t1] "TestVolatile":15: 13
2020-12-19 20:58:10 DEBUG [t1] "TestVolatile":15: 13
2020-12-19 20:58:10 DEBUG [t1] "TestVolatile":15: 13
2020-12-19 20:58:10 DEBUG [t1] "TestVolatile":15: 13
2020-12-19 20:58:10 DEBUG [t1] "TestVolatile":15: 13
2020-12-19 20:58:10 DEBUG [t1] "TestVolatile":15: 13
2020-12-19 20:58:10 DEBUG [t1] "TestVolatile":15: 13
2020-12-19 20:58:10 DEBUG [t1] "TestVolatile":15: 13
2020-12-19 20:58:10 DEBUG [t1] "TestVolatile":15: 13
2020-12-19 20:58:10 DEBUG [t1] "TestVolatile":15: 13
2020-12-19 20:58:10 DEBUG [t1] "TestVolatile":15: 13
2020-12-19 20:58:10 DEBUG [t1] "TestVolatile":15: 13
2020-12-19 20:58:10 DEBUG [t1] "TestVolatile":15: 13
2020-12-19 20:58:10 DEBUG [t1] "TestVolatile":15: 13
2020-12-19 20:58:10 DEBUG [t1] "TestVolatile":15: 13
2020-12-19 20:58:10 DEBUG [t1] "TestVolatile":15: 13
2020-12-19 20:58:10 DEBUG [t1] "TestVolatile":15: 13
2020-12-19 20:58:10 DEBUG [t1] "TestVolatile":15: 13
2020-12-19 20:58:10 DEBUG [t1] "TestVolatile":15: 13
2020-12-19 20:58:10 DEBUG [t1] "TestVolatile":15: 13
2020-12-19 20:58:10 DEBUG [t1] "TestVolatile":15: 13
2020-12-19 20:58:10 DEBUG [t1] "TestVolatile":15: 13
2020-12-19 20:58:10 DEBUG [t1] "TestVolatile":15: 13
2020-12-19 20:58:10 DEBUG [t1] "TestVolatile":15: 13
2020-12-19 20:58:10 DEBUG [t1] "TestVolatile":15: 13
2020-12-19 20:58:10 DEBUG [t1] "TestVolatile":15: 13
2020-12-19 20:58:10 DEBUG [t1] "TestVolatile":15: 13
2020-12-19 20:58:10 DEBUG [t1] "TestVolatile":15: 13
2020-12-19 20:58:10 DEBUG [t1] "TestVolatile":15: 13
2020-12-19 20:58:10 DEBUG [t1] "TestVolatile":15: 13
2020-12-19 20:58:10 DEBUG [t1] "TestVolatile":15: 13
2020-12-19 20:58:10 DEBUG [t1] "TestVolatile":15: 13
2020-12-19 20:58:10 DEBUG [t1] "TestVolatile":15: 13
2020-12-19 20:58:10 DEBUG [t1] "TestVolatile":15: 13
2020-12-19 20:58:10 DEBUG [t1] "TestVolatile":15: 13
2020-12-19 20:58:10 DEBUG [t1] "TestVolatile":15: 13
2020-12-19 20:58:10 DEBUG [t1] "TestVolatile":15: 13
2020-12-19 20:58:10 DEBUG [t1] "TestVolatile":15: 13
2020-12-19 20:58:10 DEBUG [t1] "TestVolatile":15: 13
2020-12-19 20:58:10 DEBUG [t1] "TestVolatile":15: 13
2020-12-19 20:58:10 DEBUG [t1] "TestVolatile":15: 13
2020-12-19 20:58:10 DEBUG [t1] "TestVolatile":15: 13
2020-12-19 20:58:10 DEBUG [t1] "TestVolatile":15: 13
2020-12-19 20:58:10 DEBUG [t1] "TestVolatile":15: 13
2020-12-19 20:58:10 DEBUG [t1] "TestVolatile":15: 13
2020-12-19 20:58:10 DEBUG [t1] "TestVolatile":15: 13
2020-12-19 20:58:10 DEBUG [t1] "TestVolatile":15: 13
2020-12-19 20:58:10 DEBUG [t1] "TestVolatile":15: 13
2020-12-19 20:58:10 DEBUG [t1] "TestVolatile":15: 13
2020-12-19 20:58:10 DEBUG [t1] "TestVolatile":15: 13
2020-12-19 20:58:10 DEBUG [t1] "TestVolatile":15: 13
2020-12-19 20:58:10 DEBUG [t1] "TestVolatile":15: 13
2020-12-19 20:58:10 DEBUG [t1] "TestVolatile":15: 13
2020-12-19 20:58:10 DEBUG [t1] "TestVolatile":15: 13
2020-12-19 20:58:10 DEBUG [t1] "TestVolatile":15: 13
2020-12-19 20:58:10 DEBUG [t1] "TestVolatile":15: 13
2020-12-19 20:58:10 DEBUG [t1] "TestVolatile":15: 13
2020-12-19 20:58:10 DEBUG [t1] "TestVolatile":15: 13
2020-12-19 20:58:10 DEBUG [t1] "TestVolatile":15: 13
2020-12-19 20:58:10 DEBUG [t1] "TestVolatile":15: 13
2020-12-19 20:58:10 DEBUG [t1] "TestVolatile":15: 13
2020-12-19 20:58:10 DEBUG [t1] "TestVolatile":15: 13
2020-12-19 20:58:10 DEBUG [t1] "TestVolatile":15: 13
2020-12-19 20:58:10 DEBUG [t1] "TestVolatile":15: 13
2020-12-19 20:58:10 DEBUG [t1] "TestVolatile":15: 13
2020-12-19 20:58:10 DEBUG [t1] "TestVolatile":15: 13
2020-12-19 20:58:10 DEBUG [t1] "TestVolatile":15: 13
2020-12-19 20:58:10 DEBUG [t1] "TestVolatile":15: 13
2020-12-19 20:58:10 DEBUG [t1] "TestVolatile":15: 13
2020-12-19 20:58:10 DEBUG [t1] "TestVolatile":15: 13
2020-12-19 20:58:10 DEBUG [t1] "TestVolatile":15: 13
2020-12-19 20:58:10 DEBUG [t1] "TestVolatile":15: 13
2020-12-19 20:58:10 DEBUG [t1] "TestVolatile":15: 13
2020-12-19 20:58:10 DEBUG [t1] "TestVolatile":15: 13
2020-12-19 20:58:10 DEBUG [t1] "TestVolatile":15: 13
2020-12-19 20:58:10 DEBUG [t1] "TestVolatile":15: 13
2020-12-19 20:58:10 DEBUG [t1] "TestVolatile":15: 13
2020-12-19 20:58:10 DEBUG [t1] "TestVolatile":15: 13
2020-12-19 20:58:10 DEBUG [t1] "TestVolatile":15: 13
2020-12-19 20:58:10 DEBUG [t1] "TestVolatile":15: 13
2020-12-19 20:58:10 DEBUG [t1] "TestVolatile":15: 13
2020-12-19 20:58:10 DEBUG [t1] "TestVolatile":15: 13
2020-12-19 20:58:10 DEBUG [t1] "TestVolatile":15: 13
2020-12-19 20:58:10 DEBUG [t1] "TestVolatile":15: 13
2020-12-19 20:58:10 DEBUG [t1] "TestVolatile":15: 13
2020-12-19 20:58:10 DEBUG [t1] "TestVolatile":15: 13
2020-12-19 20:58:10 DEBUG [t1] "TestVolatile":15: 13
2020-12-19 20:58:10 DEBUG [t1] "TestVolatile":15: 13
2020-12-19 20:58:10 DEBUG [t1] "TestVolatile":15: 13
2020-12-19 20:58:10 DEBUG [t1] "TestVolatile":15: 13
2020-12-19 20:58:10 DEBUG [t1] "TestVolatile":15: 13
2020-12-19 20:58:10 DEBUG [t1] "TestVolatile":15: 13
2020-12-19 20:58:10 DEBUG [t1] "TestVolatile":15: 13
2020-12-19 20:58:10 DEBUG [t1] "TestVolatile":15: 13
2020-12-19 20:58:10 DEBUG [t1] "TestVolatile":15: 13
2020-12-19 20:58:10 DEBUG [t1] "TestVolatile":15: 13
2020-12-19 20:58:10 DEBUG [t1] "TestVolatile":15: 13
2020-12-19 20:58:10 DEBUG [t1] "TestVolatile":15: 13
2020-12-19 20:58:10 DEBUG [t1] "TestVolatile":15: 13
2020-12-19 20:58:10 DEBUG [t1] "TestVolatile":15: 13
2020-12-19 20:58:10 DEBUG [t1] "TestVolatile":15: 13
2020-12-19 20:58:10 DEBUG [t1] "TestVolatile":15: 13
2020-12-19 20:58:10 DEBUG [t1] "TestVolatile":15: 13
2020-12-19 20:58:10 DEBUG [t1] "TestVolatile":15: 13
2020-12-19 20:58:10 DEBUG [t1] "TestVolatile":15: 13
2020-12-19 20:58:10 DEBUG [t1] "TestVolatile":15: 13
2020-12-19 20:58:10 DEBUG [t1] "TestVolatile":15: 13
2020-12-19 20:58:10 DEBUG [t1] "TestVolatile":15: 13
2020-12-19 20:58:10 DEBUG [t1] "TestVolatile":15: 13
2020-12-19 20:58:10 DEBUG [t1] "TestVolatile":15: 13
2020-12-19 20:58:10 DEBUG [t1] "TestVolatile":15: 13
2020-12-19 20:58:10 DEBUG [t1] "TestVolatile":15: 13
2020-12-19 20:58:10 DEBUG [t1] "TestVolatile":15: 13
2020-12-19 20:58:10 DEBUG [t1] "TestVolatile":15: 13
2020-12-19 20:58:10 DEBUG [t1] "TestVolatile":15: 13
2020-12-19 20:58:10 DEBUG [t1] "TestVolatile":15: 13
2020-12-19 20:58:10 DEBUG [t1] "TestVolatile":15: 13
2020-12-19 20:58:10 DEBUG [t1] "TestVolatile":15: 13
2020-12-19 20:58:10 DEBUG [t1] "TestVolatile":15: 13
2020-12-19 20:58:10 DEBUG [t1] "TestVolatile":15: 13
2020-12-19 20:58:10 DEBUG [t1] "TestVolatile":15: 13
2020-12-19 20:58:10 DEBUG [t1] "TestVolatile":15: 13
2020-12-19 20:58:10 DEBUG [t1] "TestVolatile":15: 13
2020-12-19 20:58:10 DEBUG [t1] "TestVolatile":15: 13
2020-12-19 20:58:10 DEBUG [t1] "TestVolatile":15: 13
2020-12-19 20:58:10 DEBUG [t1] "TestVolatile":15: 13
2020-12-19 20:58:10 DEBUG [t1] "TestVolatile":15: 13
2020-12-19 20:58:10 DEBUG [t1] "TestVolatile":15: 13
2020-12-19 20:58:10 DEBUG [t1] "TestVolatile":15: 13
2020-12-19 20:58:10 DEBUG [t1] "TestVolatile":15: 13
2020-12-19 20:58:10 DEBUG [t1] "TestVolatile":15: 13
2020-12-19 20:58:10 DEBUG [t1] "TestVolatile":15: 13
2020-12-19 20:58:10 DEBUG [t1] "TestVolatile":15: 13
2020-12-19 20:58:10 DEBUG [t1] "TestVolatile":15: 13
2020-12-19 20:58:10 DEBUG [t1] "TestVolatile":15: 13
2020-12-19 20:58:10 DEBUG [t1] "TestVolatile":15: 13
2020-12-19 20:58:10 DEBUG [t1] "TestVolatile":15: 13
2020-12-19 20:58:10 DEBUG [t1] "TestVolatile":15: 13
2020-12-19 20:58:10 DEBUG [t1] "TestVolatile":15: 13
2020-12-19 20:58:10 DEBUG [t1] "TestVolatile":15: 13
2020-12-19 20:58:10 DEBUG [t1] "TestVolatile":15: 13
2020-12-19 20:58:10 DEBUG [t1] "TestVolatile":15: 13
2020-12-19 20:58:10 DEBUG [t1] "TestVolatile":15: 13
2020-12-19 20:58:10 DEBUG [t1] "TestVolatile":15: 13
2020-12-19 20:58:10 DEBUG [t1] "TestVolatile":15: 13
2020-12-19 20:58:10 DEBUG [t1] "TestVolatile":15: 13
2020-12-19 20:58:10 DEBUG [t1] "TestVolatile":15: 13
2020-12-19 20:58:10 DEBUG [t1] "TestVolatile":15: 13
2020-12-19 20:58:10 DEBUG [t1] "TestVolatile":15: 13
2020-12-19 20:58:10 DEBUG [t1] "TestVolatile":15: 13
2020-12-19 20:58:10 DEBUG [t1] "TestVolatile":15: 13
2020-12-19 20:58:10 DEBUG [t1] "TestVolatile":15: 13
2020-12-19 20:58:10 DEBUG [t1] "TestVolatile":15: 13
2020-12-19 20:58:10 DEBUG [t1] "TestVolatile":15: 13
2020-12-19 20:58:10 DEBUG [t1] "TestVolatile":15: 13
2020-12-19 20:58:10 DEBUG [t1] "TestVolatile":15: 13
2020-12-19 20:58:10 DEBUG [t1] "TestVolatile":15: 13
2020-12-19 20:58:10 DEBUG [t1] "TestVolatile":15: 13
2020-12-19 20:58:10 DEBUG [t1] "TestVolatile":15: 13
2020-12-19 20:58:10 DEBUG [t1] "TestVolatile":15: 13
2020-12-19 20:58:10 DEBUG [t1] "TestVolatile":15: 13
2020-12-19 20:58:10 DEBUG [t1] "TestVolatile":15: 13
2020-12-19 20:58:10 DEBUG [t1] "TestVolatile":15: 13
2020-12-19 20:58:10 DEBUG [t1] "TestVolatile":15: 13
2020-12-19 20:58:10 DEBUG [t1] "TestVolatile":15: 13
2020-12-19 20:58:10 DEBUG [t1] "TestVolatile":15: 13
2020-12-19 20:58:10 DEBUG [t1] "TestVolatile":15: 13
2020-12-19 20:58:10 DEBUG [t1] "TestVolatile":15: 13
2020-12-19 20:58:10 DEBUG [t1] "TestVolatile":15: 13
2020-12-19 20:58:10 DEBUG [t1] "TestVolatile":15: 13
2020-12-19 20:58:10 DEBUG [t1] "TestVolatile":15: 13
2020-12-19 20:58:10 DEBUG [t1] "TestVolatile":15: 13
2020-12-19 20:58:10 DEBUG [t1] "TestVolatile":15: 13
2020-12-19 20:58:10 DEBUG [t1] "TestVolatile":15: 13
2020-12-19 20:58:10 DEBUG [t1] "TestVolatile":15: 13
2020-12-19 20:58:10 DEBUG [t1] "TestVolatile":15: 13
2020-12-19 20:58:10 DEBUG [t1] "TestVolatile":15: 13
2020-12-19 20:58:10 DEBUG [t1] "TestVolatile":15: 13
2020-12-19 20:58:10 DEBUG [t1] "TestVolatile":15: 13
2020-12-19 20:58:10 DEBUG [t1] "TestVolatile":15: 13
2020-12-19 20:58:10 DEBUG [t1] "TestVolatile":15: 13
2020-12-19 20:58:10 DEBUG [t1] "TestVolatile":15: 13
2020-12-19 20:58:10 DEBUG [t1] "TestVolatile":15: 13
2020-12-19 20:58:10 DEBUG [t1] "TestVolatile":15: 13
2020-12-19 20:58:10 DEBUG [t1] "TestVolatile":15: 13
2020-12-19 20:58:10 DEBUG [t1] "TestVolatile":15: 13
2020-12-19 20:58:10 DEBUG [t1] "TestVolatile":15: 13
2020-12-19 20:58:10 DEBUG [t1] "TestVolatile":15: 13
2020-12-19 20:58:10 DEBUG [t1] "TestVolatile":15: 13
2020-12-19 20:58:10 DEBUG [t1] "TestVolatile":15: 13
2020-12-19 20:58:10 DEBUG [t1] "TestVolatile":15: 13
2020-12-19 20:58:10 DEBUG [t1] "TestVolatile":15: 13
2020-12-19 20:58:10 DEBUG [t1] "TestVolatile":15: 13
2020-12-19 20:58:10 DEBUG [t1] "TestVolatile":15: 13
2020-12-19 20:58:10 DEBUG [t1] "TestVolatile":15: 13
2020-12-19 20:58:10 DEBUG [t1] "TestVolatile":15: 13
2020-12-19 20:58:10 DEBUG [t1] "TestVolatile":15: 13
2020-12-19 20:58:10 DEBUG [t1] "TestVolatile":15: 13
2020-12-19 20:58:10 DEBUG [t1] "TestVolatile":15: 13
2020-12-19 20:58:10 DEBUG [t1] "TestVolatile":15: 13
2020-12-19 20:58:10 DEBUG [t1] "TestVolatile":15: 13
2020-12-19 20:58:10 DEBUG [t1] "TestVolatile":15: 13
2020-12-19 20:58:10 DEBUG [t1] "TestVolatile":15: 13
2020-12-19 20:58:10 DEBUG [t1] "TestVolatile":15: 13
2020-12-19 20:58:10 DEBUG [t1] "TestVolatile":15: 13
2020-12-19 20:58:10 DEBUG [t1] "TestVolatile":15: 13
2020-12-19 20:58:10 DEBUG [t1] "TestVolatile":15: 13
2020-12-19 20:58:10 DEBUG [t1] "TestVolatile":15: 13
2020-12-19 20:58:10 DEBUG [t1] "TestVolatile":15: 13
2020-12-19 20:58:10 DEBUG [t1] "TestVolatile":15: 13
2020-12-19 20:58:10 DEBUG [t1] "TestVolatile":15: 13
2020-12-19 20:58:10 DEBUG [t1] "TestVolatile":15: 13
2020-12-19 20:58:10 DEBUG [t1] "TestVolatile":15: 13
2020-12-19 20:58:10 DEBUG [t1] "TestVolatile":15: 13
2020-12-19 20:58:10 DEBUG [t1] "TestVolatile":15: 13
2020-12-19 20:58:10 DEBUG [t1] "TestVolatile":15: 13
2020-12-19 20:58:10 DEBUG [t1] "TestVolatile":15: 13
2020-12-19 20:58:10 DEBUG [t1] "TestVolatile":15: 13
2020-12-19 20:58:10 DEBUG [t1] "TestVolatile":15: 13
2020-12-19 20:58:10 DEBUG [t1] "TestVolatile":15: 13
2020-12-19 20:58:10 DEBUG [t1] "TestVolatile":15: 13
2020-12-19 20:58:10 DEBUG [t1] "TestVolatile":15: 13
2020-12-19 20:58:10 DEBUG [t1] "TestVolatile":15: 13
2020-12-19 20:58:10 DEBUG [t1] "TestVolatile":15: 13
2020-12-19 20:58:10 DEBUG [t1] "TestVolatile":15: 13
2020-12-19 20:58:10 DEBUG [t1] "TestVolatile":15: 13
2020-12-19 20:58:10 DEBUG [t1] "TestVolatile":15: 13
2020-12-19 20:58:10 DEBUG [t1] "TestVolatile":15: 13
2020-12-19 20:58:10 DEBUG [t1] "TestVolatile":15: 13
2020-12-19 20:58:10 DEBUG [t1] "TestVolatile":15: 13
2020-12-19 20:58:10 DEBUG [t1] "TestVolatile":15: 13
2020-12-19 20:58:10 DEBUG [t1] "TestVolatile":15: 13
2020-12-19 20:58:10 DEBUG [t1] "TestVolatile":15: 13
2020-12-19 20:58:10 DEBUG [t1] "TestVolatile":15: 13
2020-12-19 20:58:10 DEBUG [t1] "TestVolatile":15: 13
2020-12-19 20:58:10 DEBUG [t1] "TestVolatile":15: 13
2020-12-19 20:58:10 DEBUG [t1] "TestVolatile":15: 13
2020-12-19 20:58:10 DEBUG [t1] "TestVolatile":15: 13
2020-12-19 20:58:10 DEBUG [t1] "TestVolatile":15: 13
2020-12-19 20:58:10 DEBUG [t1] "TestVolatile":15: 13
2020-12-19 20:58:10 DEBUG [t1] "TestVolatile":15: 13
2020-12-19 20:58:10 DEBUG [t1] "TestVolatile":15: 13
2020-12-19 20:58:10 DEBUG [t1] "TestVolatile":15: 13
2020-12-19 20:58:10 DEBUG [t1] "TestVolatile":15: 13
2020-12-19 20:58:10 DEBUG [t1] "TestVolatile":15: 13
2020-12-19 20:58:10 DEBUG [t1] "TestVolatile":15: 13
2020-12-19 20:58:10 DEBUG [t1] "TestVolatile":15: 13
2020-12-19 20:58:10 DEBUG [t1] "TestVolatile":15: 13
2020-12-19 20:58:10 DEBUG [t1] "TestVolatile":15: 13
2020-12-19 20:58:10 DEBUG [t1] "TestVolatile":15: 13
2020-12-19 20:58:10 DEBUG [t1] "TestVolatile":15: 13
2020-12-19 20:58:10 DEBUG [t1] "TestVolatile":15: 13
2020-12-19 20:58:10 DEBUG [t1] "TestVolatile":15: 13
2020-12-19 20:58:10 DEBUG [t1] "TestVolatile":15: 13
2020-12-19 20:58:10 DEBUG [t1] "TestVolatile":15: 13
2020-12-19 20:58:10 DEBUG [t1] "TestVolatile":15: 13
2020-12-19 20:58:10 DEBUG [t1] "TestVolatile":15: 13
2020-12-19 20:58:10 DEBUG [t1] "TestVolatile":15: 13
2020-12-19 20:58:10 DEBUG [t1] "TestVolatile":15: 13
2020-12-19 20:58:10 DEBUG [t1] "TestVolatile":15: 13
2020-12-19 20:58:10 DEBUG [t1] "TestVolatile":15: 13
2020-12-19 20:58:10 DEBUG [t1] "TestVolatile":15: 13
2020-12-19 20:58:10 DEBUG [t1] "TestVolatile":15: 13
2020-12-19 20:58:10 DEBUG [t1] "TestVolatile":15: 13
2020-12-19 20:58:10 DEBUG [t1] "TestVolatile":15: 13
2020-12-19 20:58:10 DEBUG [t1] "TestVolatile":15: 13
2020-12-19 20:58:10 DEBUG [t1] "TestVolatile":15: 13
2020-12-19 20:58:10 DEBUG [t1] "TestVolatile":15: 13
2020-12-19 20:58:10 DEBUG [t1] "TestVolatile":15: 13
2020-12-19 20:58:10 DEBUG [t1] "TestVolatile":15: 13
2020-12-19 20:58:10 DEBUG [t1] "TestVolatile":15: 13
2020-12-19 20:58:10 DEBUG [t1] "TestVolatile":15: 13
2020-12-19 20:58:10 DEBUG [t1] "TestVolatile":15: 13
2020-12-19 20:58:10 DEBUG [t1] "TestVolatile":15: 13
2020-12-19 20:58:10 DEBUG [t1] "TestVolatile":15: 13
2020-12-19 20:58:10 DEBUG [t1] "TestVolatile":15: 13
2020-12-19 20:58:10 DEBUG [t1] "TestVolatile":15: 13
2020-12-19 20:58:10 DEBUG [t1] "TestVolatile":15: 13
2020-12-19 20:58:10 DEBUG [t1] "TestVolatile":15: 13
2020-12-19 20:58:10 DEBUG [t1] "TestVolatile":15: 13
2020-12-19 20:58:10 DEBUG [t1] "TestVolatile":15: 13
2020-12-19 20:58:10 DEBUG [t1] "TestVolatile":15: 13
2020-12-19 20:58:10 DEBUG [t1] "TestVolatile":15: 13
2020-12-19 20:58:10 DEBUG [t1] "TestVolatile":15: 13
2020-12-19 20:58:10 DEBUG [t1] "TestVolatile":15: 13
2020-12-19 20:58:10 DEBUG [t1] "TestVolatile":15: 13
2020-12-19 20:58:10 DEBUG [t1] "TestVolatile":15: 13
2020-12-19 20:58:10 DEBUG [t1] "TestVolatile":15: 13
2020-12-19 20:58:10 DEBUG [t1] "TestVolatile":15: 13
2020-12-19 20:58:10 DEBUG [t1] "TestVolatile":15: 13
2020-12-19 20:58:10 DEBUG [t1] "TestVolatile":15: 13
2020-12-19 20:58:10 DEBUG [t1] "TestVolatile":15: 13
2020-12-19 20:58:10 DEBUG [t1] "TestVolatile":15: 13
2020-12-19 20:58:10 DEBUG [t1] "TestVolatile":15: 13
2020-12-19 20:58:10 DEBUG [t1] "TestVolatile":15: 13
2020-12-19 20:58:10 DEBUG [t1] "TestVolatile":15: 13
2020-12-19 20:58:10 DEBUG [t1] "TestVolatile":15: 13
2020-12-19 20:58:10 DEBUG [t1] "TestVolatile":15: 13
2020-12-19 20:58:10 DEBUG [t1] "TestVolatile":15: 13
2020-12-19 20:58:10 DEBUG [t1] "TestVolatile":15: 13
2020-12-19 20:58:10 DEBUG [t1] "TestVolatile":15: 13
2020-12-19 20:58:10 DEBUG [t1] "TestVolatile":15: 13
2020-12-19 20:58:10 DEBUG [t1] "TestVolatile":15: 13
2020-12-19 20:58:10 DEBUG [t1] "TestVolatile":15: 13
2020-12-19 20:58:10 DEBUG [t1] "TestVolatile":15: 13
2020-12-19 20:58:10 DEBUG [t1] "TestVolatile":15: 13
2020-12-19 20:58:10 DEBUG [t1] "TestVolatile":15: 13
2020-12-19 20:58:10 DEBUG [t1] "TestVolatile":15: 13
2020-12-19 20:58:10 DEBUG [t1] "TestVolatile":15: 13
2020-12-19 20:58:10 DEBUG [t1] "TestVolatile":15: 13
2020-12-19 20:58:10 DEBUG [t1] "TestVolatile":15: 13
2020-12-19 20:58:10 DEBUG [t1] "TestVolatile":15: 13
2020-12-19 20:58:10 DEBUG [t1] "TestVolatile":15: 13
2020-12-19 20:58:10 DEBUG [t1] "TestVolatile":15: 13
2020-12-19 20:58:10 DEBUG [t1] "TestVolatile":15: 13
2020-12-19 20:58:10 DEBUG [t1] "TestVolatile":15: 13
2020-12-19 20:58:10 DEBUG [t1] "TestVolatile":15: 13
2020-12-19 20:58:10 DEBUG [t1] "TestVolatile":15: 13
2020-12-19 20:58:10 DEBUG [t1] "TestVolatile":15: 13
2020-12-19 20:58:10 DEBUG [t1] "TestVolatile":15: 13
2020-12-19 20:58:10 DEBUG [t1] "TestVolatile":15: 13
2020-12-19 20:58:10 DEBUG [t1] "TestVolatile":15: 13
2020-12-19 20:58:10 DEBUG [t1] "TestVolatile":15: 13
2020-12-19 20:58:10 DEBUG [t1] "TestVolatile":15: 13
2020-12-19 20:58:10 DEBUG [t1] "TestVolatile":15: 13
2020-12-19 20:58:10 DEBUG [t1] "TestVolatile":15: 13
2020-12-19 20:58:10 DEBUG [t1] "TestVolatile":15: 13
2020-12-19 20:58:10 DEBUG [t1] "TestVolatile":15: 13
2020-12-19 20:58:10 DEBUG [t1] "TestVolatile":15: 13
2020-12-19 20:58:10 DEBUG [t1] "TestVolatile":15: 13
2020-12-19 20:58:10 DEBUG [t1] "TestVolatile":15: 13
2020-12-19 20:58:10 DEBUG [t1] "TestVolatile":15: 13
2020-12-19 20:58:10 DEBUG [t1] "TestVolatile":15: 13
2020-12-19 20:58:10 DEBUG [t1] "TestVolatile":15: 13
2020-12-19 20:58:10 DEBUG [t1] "TestVolatile":15: 13
2020-12-19 20:58:10 DEBUG [t1] "TestVolatile":15: 13
2020-12-19 20:58:10 DEBUG [t1] "TestVolatile":15: 13
2020-12-19 20:58:10 DEBUG [t1] "TestVolatile":15: 13
2020-12-19 20:58:10 DEBUG [t1] "TestVolatile":15: 13
2020-12-19 20:58:10 DEBUG [t1] "TestVolatile":15: 13
2020-12-19 20:58:10 DEBUG [t1] "TestVolatile":15: 13
2020-12-19 20:58:10 DEBUG [t1] "TestVolatile":15: 13
2020-12-19 20:58:10 DEBUG [t1] "TestVolatile":15: 13
2020-12-19 20:58:10 DEBUG [t1] "TestVolatile":15: 13
2020-12-19 20:58:10 DEBUG [t1] "TestVolatile":15: 13
2020-12-19 20:58:10 DEBUG [t1] "TestVolatile":15: 13
2020-12-19 20:58:10 DEBUG [t1] "TestVolatile":15: 13
2020-12-19 20:58:10 DEBUG [t1] "TestVolatile":15: 13
2020-12-19 20:58:10 DEBUG [t1] "TestVolatile":15: 13
2020-12-19 20:58:10 DEBUG [t1] "TestVolatile":15: 13
2020-12-19 20:58:10 DEBUG [t1] "TestVolatile":15: 13
2020-12-19 20:58:10 DEBUG [t1] "TestVolatile":15: 13
2020-12-19 20:58:10 DEBUG [t1] "TestVolatile":15: 13
2020-12-19 20:58:10 DEBUG [t1] "TestVolatile":15: 13
2020-12-19 20:58:10 DEBUG [t1] "TestVolatile":15: 13
2020-12-19 20:58:10 DEBUG [t1] "TestVolatile":15: 13
2020-12-19 20:58:10 DEBUG [t1] "TestVolatile":15: 13
2020-12-19 20:58:10 DEBUG [t1] "TestVolatile":15: 13
2020-12-19 20:58:10 DEBUG [t1] "TestVolatile":15: 13
2020-12-19 20:58:10 DEBUG [t1] "TestVolatile":15: 13
2020-12-19 20:58:10 DEBUG [t1] "TestVolatile":15: 13
2020-12-19 20:58:10 DEBUG [t1] "TestVolatile":15: 13
2020-12-19 20:58:10 DEBUG [t1] "TestVolatile":15: 13
2020-12-19 20:58:10 DEBUG [t1] "TestVolatile":15: 13
2020-12-19 20:58:10 DEBUG [t1] "TestVolatile":15: 13
2020-12-19 20:58:10 DEBUG [t1] "TestVolatile":15: 13
2020-12-19 20:58:10 DEBUG [t1] "TestVolatile":15: 13
2020-12-19 20:58:10 DEBUG [t1] "TestVolatile":15: 13
2020-12-19 20:58:10 DEBUG [t1] "TestVolatile":15: 13
2020-12-19 20:58:10 DEBUG [t1] "TestVolatile":15: 13
2020-12-19 20:58:10 DEBUG [t1] "TestVolatile":15: 13
2020-12-19 20:58:10 DEBUG [t1] "TestVolatile":15: 13
2020-12-19 20:58:10 DEBUG [t1] "TestVolatile":15: 13
2020-12-19 20:58:10 DEBUG [t1] "TestVolatile":15: 13
2020-12-19 20:58:10 DEBUG [t1] "TestVolatile":15: 13
2020-12-19 20:58:10 DEBUG [t1] "TestVolatile":15: 13
2020-12-19 20:58:10 DEBUG [t1] "TestVolatile":15: 13
2020-12-19 20:58:10 DEBUG [t1] "TestVolatile":15: 13
2020-12-19 20:58:10 DEBUG [t1] "TestVolatile":15: 13
2020-12-19 20:58:10 DEBUG [t1] "TestVolatile":15: 13
2020-12-19 20:58:10 DEBUG [t1] "TestVolatile":15: 13
2020-12-19 20:58:10 DEBUG [t1] "TestVolatile":15: 13
2020-12-19 20:58:10 DEBUG [t1] "TestVolatile":15: 13
2020-12-19 20:58:10 DEBUG [t1] "TestVolatile":15: 13
2020-12-19 20:58:10 DEBUG [t1] "TestVolatile":15: 13
2020-12-19 20:58:10 DEBUG [t1] "TestVolatile":15: 13
2020-12-19 20:58:10 DEBUG [t1] "TestVolatile":15: 13
2020-12-19 20:58:10 DEBUG [t1] "TestVolatile":15: 13
2020-12-19 20:58:10 DEBUG [t1] "TestVolatile":15: 13
2020-12-19 20:58:10 DEBUG [t1] "TestVolatile":15: 13
2020-12-19 20:58:10 DEBUG [t1] "TestVolatile":15: 13
2020-12-19 20:58:10 DEBUG [t1] "TestVolatile":15: 13
2020-12-19 20:58:10 DEBUG [t1] "TestVolatile":15: 13
2020-12-19 20:58:10 DEBUG [t1] "TestVolatile":15: 13
2020-12-19 20:58:10 DEBUG [t1] "TestVolatile":15: 13
2020-12-19 20:58:10 DEBUG [t1] "TestVolatile":15: 13
2020-12-19 20:58:10 DEBUG [t1] "TestVolatile":15: 13
2020-12-19 20:58:10 DEBUG [t1] "TestVolatile":15: 13
2020-12-19 20:58:10 DEBUG [t1] "TestVolatile":15: 13
2020-12-19 20:58:10 DEBUG [t1] "TestVolatile":15: 13
2020-12-19 20:58:10 DEBUG [t1] "TestVolatile":15: 13
2020-12-19 20:58:10 DEBUG [t1] "TestVolatile":15: 13
2020-12-19 20:58:10 DEBUG [t1] "TestVolatile":15: 13
2020-12-19 20:58:10 DEBUG [t1] "TestVolatile":15: 13
2020-12-19 20:58:10 DEBUG [t1] "TestVolatile":15: 13
2020-12-19 20:58:10 DEBUG [t1] "TestVolatile":15: 13
2020-12-19 20:58:10 DEBUG [t1] "TestVolatile":15: 13
2020-12-19 20:58:10 DEBUG [t1] "TestVolatile":15: 13
2020-12-19 20:58:10 DEBUG [t1] "TestVolatile":15: 13
2020-12-19 20:58:10 DEBUG [t1] "TestVolatile":15: 13
2020-12-19 20:58:10 DEBUG [t1] "TestVolatile":15: 13
2020-12-19 20:58:10 DEBUG [t1] "TestVolatile":15: 13
2020-12-19 20:58:10 DEBUG [t1] "TestVolatile":15: 13
2020-12-19 20:58:10 DEBUG [t1] "TestVolatile":15: 13
2020-12-19 20:58:10 DEBUG [t1] "TestVolatile":15: 13
2020-12-19 20:58:10 DEBUG [t1] "TestVolatile":15: 13
2020-12-19 20:58:10 DEBUG [t1] "TestVolatile":15: 13
2020-12-19 20:58:10 DEBUG [t1] "TestVolatile":15: 13
2020-12-19 20:58:10 DEBUG [t1] "TestVolatile":15: 13
2020-12-19 20:58:10 DEBUG [t1] "TestVolatile":15: 13
2020-12-19 20:58:10 DEBUG [t1] "TestVolatile":15: 13
2020-12-19 20:58:10 DEBUG [t1] "TestVolatile":15: 13
2020-12-19 20:58:10 DEBUG [t1] "TestVolatile":15: 13
2020-12-19 20:58:10 DEBUG [t1] "TestVolatile":15: 13
2020-12-19 20:58:10 DEBUG [t1] "TestVolatile":15: 13
2020-12-19 20:58:10 DEBUG [t1] "TestVolatile":15: 13
2020-12-19 20:58:10 DEBUG [t1] "TestVolatile":15: 13
2020-12-19 20:58:10 DEBUG [t1] "TestVolatile":15: 13
2020-12-19 20:58:10 DEBUG [t1] "TestVolatile":15: 13
2020-12-19 20:58:10 DEBUG [t1] "TestVolatile":15: 13
2020-12-19 20:58:10 DEBUG [t1] "TestVolatile":15: 13
2020-12-19 20:58:10 DEBUG [t1] "TestVolatile":15: 13
2020-12-19 20:58:10 DEBUG [t1] "TestVolatile":15: 13
2020-12-19 20:58:10 DEBUG [t1] "TestVolatile":15: 13
2020-12-19 20:58:10 DEBUG [t1] "TestVolatile":15: 13
2020-12-19 20:58:10 DEBUG [t1] "TestVolatile":15: 13
2020-12-19 20:58:10 DEBUG [t1] "TestVolatile":15: 13
2020-12-19 20:58:10 DEBUG [t1] "TestVolatile":15: 13
2020-12-19 20:58:10 DEBUG [t1] "TestVolatile":15: 13
2020-12-19 20:58:10 DEBUG [t1] "TestVolatile":15: 13
2020-12-19 20:58:10 DEBUG [t1] "TestVolatile":15: 13
2020-12-19 20:58:10 DEBUG [t1] "TestVolatile":15: 13
2020-12-19 20:58:10 DEBUG [t1] "TestVolatile":15: 13
2020-12-19 20:58:10 DEBUG [t1] "TestVolatile":15: 13
2020-12-19 20:58:10 DEBUG [t1] "TestVolatile":15: 13
2020-12-19 20:58:10 DEBUG [t1] "TestVolatile":15: 13
2020-12-19 20:58:10 DEBUG [t1] "TestVolatile":15: 13
2020-12-19 20:58:10 DEBUG [t1] "TestVolatile":15: 13
2020-12-19 20:58:10 DEBUG [t1] "TestVolatile":15: 13
2020-12-19 20:58:10 DEBUG [t1] "TestVolatile":15: 13
2020-12-19 20:58:10 DEBUG [t1] "TestVolatile":15: 13
2020-12-19 20:58:10 DEBUG [t1] "TestVolatile":15: 13
2020-12-19 20:58:10 DEBUG [t1] "TestVolatile":15: 13
2020-12-19 20:58:10 DEBUG [t1] "TestVolatile":15: 13
2020-12-19 20:58:10 DEBUG [t1] "TestVolatile":15: 13
2020-12-19 20:58:10 DEBUG [t1] "TestVolatile":15: 13
2020-12-19 20:58:10 DEBUG [t1] "TestVolatile":15: 13
2020-12-19 20:58:10 DEBUG [t1] "TestVolatile":15: 13
2020-12-19 20:58:10 DEBUG [t1] "TestVolatile":15: 13
2020-12-19 20:58:10 DEBUG [t1] "TestVolatile":15: 13
2020-12-19 20:58:10 DEBUG [t1] "TestVolatile":15: 13
2020-12-19 20:58:10 DEBUG [t1] "TestVolatile":15: 13
2020-12-19 20:58:10 DEBUG [t1] "TestVolatile":15: 13
2020-12-19 20:58:10 DEBUG [t1] "TestVolatile":15: 13
2020-12-19 20:58:10 DEBUG [t1] "TestVolatile":15: 13
2020-12-19 20:58:10 DEBUG [t1] "TestVolatile":15: 13
2020-12-19 20:58:10 DEBUG [t1] "TestVolatile":15: 13
2020-12-19 20:58:10 DEBUG [t1] "TestVolatile":15: 13
2020-12-19 20:58:10 DEBUG [t1] "TestVolatile":15: 13
2020-12-19 20:58:10 DEBUG [t1] "TestVolatile":15: 13
2020-12-19 20:58:10 DEBUG [t1] "TestVolatile":15: 13
2020-12-19 20:58:10 DEBUG [t1] "TestVolatile":15: 13
2020-12-19 20:58:10 DEBUG [t1] "TestVolatile":15: 13
2020-12-19 20:58:10 DEBUG [t1] "TestVolatile":15: 13
2020-12-19 20:58:10 DEBUG [t1] "TestVolatile":15: 13
2020-12-19 20:58:10 DEBUG [t1] "TestVolatile":15: 13
2020-12-19 20:58:10 DEBUG [t1] "TestVolatile":15: 13
2020-12-19 20:58:10 DEBUG [t1] "TestVolatile":15: 13
2020-12-19 20:58:10 DEBUG [t1] "TestVolatile":15: 13
2020-12-19 20:58:10 DEBUG [t1] "TestVolatile":15: 13
2020-12-19 20:58:10 DEBUG [t1] "TestVolatile":15: 13
2020-12-19 20:58:10 DEBUG [t1] "TestVolatile":15: 13
2020-12-19 20:58:10 DEBUG [t1] "TestVolatile":15: 13
2020-12-19 20:58:10 DEBUG [t1] "TestVolatile":15: 13
2020-12-19 20:58:10 DEBUG [t1] "TestVolatile":15: 13
2020-12-19 20:58:10 DEBUG [t1] "TestVolatile":15: 13
2020-12-19 20:58:10 DEBUG [t1] "TestVolatile":15: 13
2020-12-19 20:58:10 DEBUG [t1] "TestVolatile":15: 13
2020-12-19 20:58:10 DEBUG [t1] "TestVolatile":15: 13
2020-12-19 20:58:10 DEBUG [t1] "TestVolatile":15: 13
2020-12-19 20:58:10 DEBUG [t1] "TestVolatile":15: 13
2020-12-19 20:58:10 DEBUG [t1] "TestVolatile":15: 13
2020-12-19 20:58:10 DEBUG [t1] "TestVolatile":15: 13
2020-12-19 20:58:10 DEBUG [t1] "TestVolatile":15: 13
2020-12-19 20:58:10 DEBUG [t1] "TestVolatile":15: 13
2020-12-19 20:58:10 DEBUG [t1] "TestVolatile":15: 13
2020-12-19 20:58:10 DEBUG [t1] "TestVolatile":15: 13
2020-12-19 20:58:10 DEBUG [t1] "TestVolatile":15: 13
2020-12-19 20:58:10 DEBUG [t1] "TestVolatile":15: 13
2020-12-19 20:58:10 DEBUG [t1] "TestVolatile":15: 13
2020-12-19 20:58:10 DEBUG [t1] "TestVolatile":15: 13
2020-12-19 20:58:10 DEBUG [t1] "TestVolatile":15: 13
2020-12-19 20:58:10 DEBUG [t1] "TestVolatile":15: 13
2020-12-19 20:58:10 DEBUG [t1] "TestVolatile":15: 13
2020-12-19 20:58:10 DEBUG [t1] "TestVolatile":15: 13
2020-12-19 20:58:10 DEBUG [t1] "TestVolatile":15: 13
2020-12-19 20:58:10 DEBUG [t1] "TestVolatile":15: 13
2020-12-19 20:58:10 DEBUG [t1] "TestVolatile":15: 13
2020-12-19 20:58:10 DEBUG [t1] "TestVolatile":15: 13
2020-12-19 20:58:10 DEBUG [t1] "TestVolatile":15: 13
2020-12-19 20:58:10 DEBUG [t1] "TestVolatile":15: 13
2020-12-19 20:58:10 DEBUG [t1] "TestVolatile":15: 13
2020-12-19 20:58:10 DEBUG [t1] "TestVolatile":15: 13
2020-12-19 20:58:10 DEBUG [t1] "TestVolatile":15: 13
2020-12-19 20:58:10 DEBUG [t1] "TestVolatile":15: 13
2020-12-19 20:58:10 DEBUG [t1] "TestVolatile":15: 13
2020-12-19 20:58:10 DEBUG [t1] "TestVolatile":15: 13
2020-12-19 20:58:10 DEBUG [t1] "TestVolatile":15: 13
2020-12-19 20:58:10 DEBUG [t1] "TestVolatile":15: 13
2020-12-19 20:58:10 DEBUG [t1] "TestVolatile":15: 13
2020-12-19 20:58:10 DEBUG [t1] "TestVolatile":15: 13
2020-12-19 20:58:10 DEBUG [t1] "TestVolatile":15: 13
2020-12-19 20:58:10 DEBUG [t1] "TestVolatile":15: 13
2020-12-19 20:58:10 DEBUG [t1] "TestVolatile":15: 13
2020-12-19 20:58:10 DEBUG [t1] "TestVolatile":15: 13
2020-12-19 20:58:10 DEBUG [t1] "TestVolatile":15: 13
2020-12-19 20:58:10 DEBUG [t1] "TestVolatile":15: 13
2020-12-19 20:58:10 DEBUG [t1] "TestVolatile":15: 13
2020-12-19 20:58:10 DEBUG [t1] "TestVolatile":15: 13
2020-12-19 20:58:10 DEBUG [t1] "TestVolatile":15: 13
2020-12-19 20:58:10 DEBUG [t1] "TestVolatile":15: 13
2020-12-19 20:58:10 DEBUG [t1] "TestVolatile":15: 13
2020-12-19 20:58:10 DEBUG [t1] "TestVolatile":15: 13
2020-12-19 20:58:10 DEBUG [t1] "TestVolatile":15: 13
2020-12-19 20:58:10 DEBUG [t1] "TestVolatile":15: 13
2020-12-19 20:58:10 DEBUG [t1] "TestVolatile":15: 13
2020-12-19 20:58:10 DEBUG [t1] "TestVolatile":15: 13
2020-12-19 20:58:10 DEBUG [t1] "TestVolatile":15: 13
2020-12-19 20:58:10 DEBUG [t1] "TestVolatile":15: 13
2020-12-19 20:58:10 DEBUG [t1] "TestVolatile":15: 13
2020-12-19 20:58:10 DEBUG [t1] "TestVolatile":15: 13
2020-12-19 20:58:10 DEBUG [t1] "TestVolatile":15: 13
2020-12-19 20:58:10 DEBUG [t1] "TestVolatile":15: 13
2020-12-19 20:58:10 DEBUG [t1] "TestVolatile":15: 13
2020-12-19 20:58:10 DEBUG [t1] "TestVolatile":15: 13
2020-12-19 20:58:10 DEBUG [t1] "TestVolatile":15: 13
2020-12-19 20:58:10 DEBUG [t1] "TestVolatile":15: 13
2020-12-19 20:58:10 DEBUG [t1] "TestVolatile":15: 13
2020-12-19 20:58:10 DEBUG [t1] "TestVolatile":15: 13
2020-12-19 20:58:10 DEBUG [t1] "TestVolatile":15: 13
2020-12-19 20:58:10 DEBUG [t1] "TestVolatile":15: 13
2020-12-19 20:58:10 DEBUG [t1] "TestVolatile":15: 13
2020-12-19 20:58:10 DEBUG [t1] "TestVolatile":15: 13
2020-12-19 20:58:10 DEBUG [t1] "TestVolatile":15: 13
2020-12-19 20:58:10 DEBUG [t1] "TestVolatile":15: 13
2020-12-19 20:58:10 DEBUG [t1] "TestVolatile":15: 13
2020-12-19 20:58:10 DEBUG [t1] "TestVolatile":15: 13
2020-12-19 20:58:10 DEBUG [t1] "TestVolatile":15: 13
2020-12-19 20:58:10 DEBUG [t1] "TestVolatile":15: 13
2020-12-19 20:58:10 DEBUG [t1] "TestVolatile":15: 13
2020-12-19 20:58:10 DEBUG [t1] "TestVolatile":15: 13
2020-12-19 20:58:10 DEBUG [t1] "TestVolatile":15: 13
2020-12-19 20:58:10 DEBUG [t1] "TestVolatile":15: 13
2020-12-19 20:58:10 DEBUG [t1] "TestVolatile":15: 13
2020-12-19 20:58:10 DEBUG [t1] "TestVolatile":15: 13
2020-12-19 20:58:10 DEBUG [t1] "TestVolatile":15: 13
2020-12-19 20:58:10 DEBUG [t1] "TestVolatile":15: 13
2020-12-19 20:58:10 DEBUG [t1] "TestVolatile":15: 13
2020-12-19 20:58:10 DEBUG [t1] "TestVolatile":15: 13
2020-12-19 20:58:10 DEBUG [t1] "TestVolatile":15: 13
2020-12-19 20:58:10 DEBUG [t1] "TestVolatile":15: 13
2020-12-19 20:58:10 DEBUG [t1] "TestVolatile":15: 13
2020-12-19 20:58:10 DEBUG [t1] "TestVolatile":15: 13
2020-12-19 20:58:10 DEBUG [t1] "TestVolatile":15: 13
2020-12-19 20:58:10 DEBUG [t1] "TestVolatile":15: 13
2020-12-19 20:58:10 DEBUG [t1] "TestVolatile":15: 13
2020-12-19 20:58:10 DEBUG [t1] "TestVolatile":15: 13
2020-12-19 20:58:10 DEBUG [t1] "TestVolatile":15: 13
2020-12-19 20:58:10 DEBUG [t1] "TestVolatile":15: 13
2020-12-19 20:58:10 DEBUG [t1] "TestVolatile":15: 13
2020-12-19 20:58:10 DEBUG [t1] "TestVolatile":15: 13
2020-12-19 20:58:10 DEBUG [t1] "TestVolatile":15: 13
2020-12-19 20:58:10 DEBUG [t1] "TestVolatile":15: 13
2020-12-19 20:58:10 DEBUG [t1] "TestVolatile":15: 13
2020-12-19 20:58:10 DEBUG [t1] "TestVolatile":15: 13
2020-12-19 20:58:10 DEBUG [t1] "TestVolatile":15: 13
2020-12-19 20:58:10 DEBUG [t1] "TestVolatile":15: 13
2020-12-19 20:58:10 DEBUG [t1] "TestVolatile":15: 13
2020-12-19 20:58:10 DEBUG [t1] "TestVolatile":15: 13
2020-12-19 20:58:10 DEBUG [t1] "TestVolatile":15: 13
2020-12-19 20:58:10 DEBUG [t1] "TestVolatile":15: 13
2020-12-19 20:58:10 DEBUG [t1] "TestVolatile":15: 13
2020-12-19 20:58:10 DEBUG [t1] "TestVolatile":15: 13
2020-12-19 20:58:10 DEBUG [t1] "TestVolatile":15: 13
2020-12-19 20:58:10 DEBUG [t1] "TestVolatile":15: 13
2020-12-19 20:58:10 DEBUG [t1] "TestVolatile":15: 13
2020-12-19 20:58:10 DEBUG [t1] "TestVolatile":15: 13
2020-12-19 20:58:10 DEBUG [t1] "TestVolatile":15: 13
2020-12-19 20:58:10 DEBUG [t1] "TestVolatile":15: 13
2020-12-19 20:58:10 DEBUG [t1] "TestVolatile":15: 13
2020-12-19 20:58:10 DEBUG [t1] "TestVolatile":15: 13
2020-12-19 20:58:10 DEBUG [t1] "TestVolatile":15: 13
2020-12-19 20:58:10 DEBUG [t1] "TestVolatile":15: 13
2020-12-19 20:58:10 DEBUG [t1] "TestVolatile":15: 13
2020-12-19 20:58:10 DEBUG [t1] "TestVolatile":15: 13
2020-12-19 20:58:10 DEBUG [t1] "TestVolatile":15: 13
2020-12-19 20:58:10 DEBUG [t1] "TestVolatile":15: 13
2020-12-19 20:58:10 DEBUG [t1] "TestVolatile":15: 13
2020-12-19 20:58:10 DEBUG [t1] "TestVolatile":15: 13
2020-12-19 20:58:10 DEBUG [t1] "TestVolatile":15: 13
2020-12-19 20:58:10 DEBUG [t1] "TestVolatile":15: 13
2020-12-19 20:58:10 DEBUG [t1] "TestVolatile":15: 13
2020-12-19 20:58:10 DEBUG [t1] "TestVolatile":15: 13
2020-12-19 20:58:10 DEBUG [t1] "TestVolatile":15: 13
2020-12-19 20:58:10 DEBUG [t1] "TestVolatile":15: 13
2020-12-19 20:58:10 DEBUG [t1] "TestVolatile":15: 13
2020-12-19 20:58:10 DEBUG [t1] "TestVolatile":15: 13
2020-12-19 20:58:10 DEBUG [t1] "TestVolatile":15: 13
2020-12-19 20:58:10 DEBUG [t1] "TestVolatile":15: 13
2020-12-19 20:58:10 DEBUG [t1] "TestVolatile":15: 13
2020-12-19 20:58:10 DEBUG [t1] "TestVolatile":15: 13
2020-12-19 20:58:10 DEBUG [t1] "TestVolatile":15: 13
2020-12-19 20:58:10 DEBUG [t1] "TestVolatile":15: 13
2020-12-19 20:58:10 DEBUG [t1] "TestVolatile":15: 13
2020-12-19 20:58:10 DEBUG [t1] "TestVolatile":15: 13
2020-12-19 20:58:10 DEBUG [t1] "TestVolatile":15: 13
2020-12-19 20:58:10 DEBUG [t1] "TestVolatile":15: 13
2020-12-19 20:58:10 DEBUG [t1] "TestVolatile":15: 13
2020-12-19 20:58:10 DEBUG [t1] "TestVolatile":15: 13
2020-12-19 20:58:10 DEBUG [t1] "TestVolatile":15: 13
2020-12-19 20:58:10 DEBUG [t1] "TestVolatile":15: 13
2020-12-19 20:58:10 DEBUG [t1] "TestVolatile":15: 13
2020-12-19 20:58:10 DEBUG [t1] "TestVolatile":15: 13
2020-12-19 20:58:10 DEBUG [t1] "TestVolatile":15: 13
2020-12-19 20:58:10 DEBUG [t1] "TestVolatile":15: 13
2020-12-19 20:58:10 DEBUG [t1] "TestVolatile":15: 13
2020-12-19 20:58:10 DEBUG [t1] "TestVolatile":15: 13
2020-12-19 20:58:10 DEBUG [t1] "TestVolatile":15: 13
2020-12-19 20:58:10 DEBUG [t1] "TestVolatile":15: 13
2020-12-19 20:58:10 DEBUG [t1] "TestVolatile":15: 13
2020-12-19 20:58:10 DEBUG [t1] "TestVolatile":15: 13
2020-12-19 20:58:10 DEBUG [t1] "TestVolatile":15: 13
2020-12-19 20:58:10 DEBUG [t1] "TestVolatile":15: 13
2020-12-19 20:58:10 DEBUG [t1] "TestVolatile":15: 13
2020-12-19 20:58:10 DEBUG [t1] "TestVolatile":15: 13
2020-12-19 20:58:10 DEBUG [t1] "TestVolatile":15: 13
2020-12-19 20:58:10 DEBUG [t1] "TestVolatile":15: 13
2020-12-19 20:58:10 DEBUG [t1] "TestVolatile":15: 13
2020-12-19 20:58:10 DEBUG [t1] "TestVolatile":15: 13
2020-12-19 20:58:10 DEBUG [t1] "TestVolatile":15: 13
2020-12-19 20:58:10 DEBUG [t1] "TestVolatile":15: 13
2020-12-19 20:58:10 DEBUG [t1] "TestVolatile":15: 13
2020-12-19 20:58:10 DEBUG [t1] "TestVolatile":15: 13
2020-12-19 20:58:10 DEBUG [t1] "TestVolatile":15: 13
2020-12-19 20:58:10 DEBUG [t1] "TestVolatile":15: 13
2020-12-19 20:58:10 DEBUG [t1] "TestVolatile":15: 13
2020-12-19 20:58:10 DEBUG [t1] "TestVolatile":15: 13
2020-12-19 20:58:10 DEBUG [t1] "TestVolatile":15: 13
2020-12-19 20:58:10 DEBUG [t1] "TestVolatile":15: 13
2020-12-19 20:58:10 DEBUG [t1] "TestVolatile":15: 13
2020-12-19 20:58:10 DEBUG [t1] "TestVolatile":15: 13
2020-12-19 20:58:10 DEBUG [t1] "TestVolatile":15: 13
2020-12-19 20:58:10 DEBUG [t1] "TestVolatile":15: 13
2020-12-19 20:58:10 DEBUG [t1] "TestVolatile":15: 13
2020-12-19 20:58:10 DEBUG [t1] "TestVolatile":15: 13
2020-12-19 20:58:10 DEBUG [t1] "TestVolatile":15: 13
2020-12-19 20:58:10 DEBUG [t1] "TestVolatile":15: 13
2020-12-19 20:58:10 DEBUG [t1] "TestVolatile":15: 13
2020-12-19 20:58:10 DEBUG [t1] "TestVolatile":15: 13
2020-12-19 20:58:10 DEBUG [t1] "TestVolatile":15: 13
2020-12-19 20:58:10 DEBUG [t1] "TestVolatile":15: 13
2020-12-19 20:58:10 DEBUG [t1] "TestVolatile":15: 13
2020-12-19 20:58:10 DEBUG [t1] "TestVolatile":15: 13
2020-12-19 20:58:10 DEBUG [t1] "TestVolatile":15: 13
2020-12-19 20:58:10 DEBUG [t1] "TestVolatile":15: 13
2020-12-19 20:58:10 DEBUG [t1] "TestVolatile":15: 13
2020-12-19 20:58:10 DEBUG [t1] "TestVolatile":15: 13
2020-12-19 20:58:10 DEBUG [t1] "TestVolatile":15: 13
2020-12-19 20:58:10 DEBUG [t1] "TestVolatile":15: 13
2020-12-19 20:58:10 DEBUG [t1] "TestVolatile":15: 13
2020-12-19 20:58:10 DEBUG [t1] "TestVolatile":15: 13
2020-12-19 20:58:10 DEBUG [t1] "TestVolatile":15: 13
2020-12-19 20:58:10 DEBUG [t1] "TestVolatile":15: 13
2020-12-19 20:58:10 DEBUG [t1] "TestVolatile":15: 13
2020-12-19 20:58:10 DEBUG [t1] "TestVolatile":15: 13
2020-12-19 20:58:10 DEBUG [t1] "TestVolatile":15: 13
2020-12-19 20:58:10 DEBUG [t1] "TestVolatile":15: 13
2020-12-19 20:58:10 DEBUG [t1] "TestVolatile":15: 13
2020-12-19 20:58:10 DEBUG [t1] "TestVolatile":15: 13
2020-12-19 20:58:10 DEBUG [t1] "TestVolatile":15: 13
2020-12-19 20:58:10 DEBUG [t1] "TestVolatile":15: 13
2020-12-19 20:58:10 DEBUG [t1] "TestVolatile":15: 13
2020-12-19 20:58:10 DEBUG [t1] "TestVolatile":15: 13
2020-12-19 20:58:10 DEBUG [t1] "TestVolatile":15: 13
2020-12-19 20:58:10 DEBUG [t1] "TestVolatile":15: 13
2020-12-19 20:58:10 DEBUG [t1] "TestVolatile":15: 13
2020-12-19 20:58:10 DEBUG [t1] "TestVolatile":15: 13
2020-12-19 20:58:10 DEBUG [t1] "TestVolatile":15: 13
2020-12-19 20:58:10 DEBUG [t1] "TestVolatile":15: 13
2020-12-19 20:58:10 DEBUG [t1] "TestVolatile":15: 13
2020-12-19 20:58:10 DEBUG [t1] "TestVolatile":15: 13
2020-12-19 20:58:10 DEBUG [t1] "TestVolatile":15: 13
2020-12-19 20:58:10 DEBUG [t1] "TestVolatile":15: 13
2020-12-19 20:58:10 DEBUG [t1] "TestVolatile":15: 13
2020-12-19 20:58:10 DEBUG [t1] "TestVolatile":15: 13
2020-12-19 20:58:10 DEBUG [t1] "TestVolatile":15: 13
2020-12-19 20:58:10 DEBUG [t1] "TestVolatile":15: 13
2020-12-19 20:58:10 DEBUG [t1] "TestVolatile":15: 13
2020-12-19 20:58:10 DEBUG [t1] "TestVolatile":15: 13
2020-12-19 20:58:10 DEBUG [t1] "TestVolatile":15: 13
2020-12-19 20:58:10 DEBUG [t1] "TestVolatile":15: 13
2020-12-19 20:58:10 DEBUG [t1] "TestVolatile":15: 13
2020-12-19 20:58:10 DEBUG [t1] "TestVolatile":15: 13
2020-12-19 20:58:10 DEBUG [t1] "TestVolatile":15: 13
2020-12-19 20:58:10 DEBUG [t1] "TestVolatile":15: 13
2020-12-19 20:58:10 DEBUG [t1] "TestVolatile":15: 13
2020-12-19 20:58:10 DEBUG [t1] "TestVolatile":15: 13
2020-12-19 20:58:10 DEBUG [t1] "TestVolatile":15: 13
2020-12-19 20:58:10 DEBUG [t1] "TestVolatile":15: 13
2020-12-19 20:58:10 DEBUG [t1] "TestVolatile":15: 13
2020-12-19 20:58:10 DEBUG [t1] "TestVolatile":15: 13
2020-12-19 20:58:10 DEBUG [t1] "TestVolatile":15: 13
2020-12-19 20:58:10 DEBUG [t1] "TestVolatile":15: 13
2020-12-19 20:58:10 DEBUG [t1] "TestVolatile":15: 13
2020-12-19 20:58:10 DEBUG [t1] "TestVolatile":15: 13
2020-12-19 20:58:10 DEBUG [t1] "TestVolatile":15: 13
2020-12-19 20:58:10 DEBUG [t1] "TestVolatile":15: 13
2020-12-19 20:58:10 DEBUG [t1] "TestVolatile":15: 13
2020-12-19 20:58:10 DEBUG [t1] "TestVolatile":15: 13
2020-12-19 20:58:10 DEBUG [t1] "TestVolatile":15: 13
2020-12-19 20:58:10 DEBUG [t1] "TestVolatile":15: 13
2020-12-19 20:58:10 DEBUG [t1] "TestVolatile":15: 13
2020-12-19 20:58:10 DEBUG [t1] "TestVolatile":15: 13
2020-12-19 20:58:10 DEBUG [t1] "TestVolatile":15: 13
2020-12-19 20:58:10 DEBUG [t1] "TestVolatile":15: 13
2020-12-19 20:58:10 DEBUG [t1] "TestVolatile":15: 13
2020-12-19 20:58:10 DEBUG [t1] "TestVolatile":15: 13
2020-12-19 20:58:10 DEBUG [t1] "TestVolatile":15: 13
2020-12-19 20:58:10 DEBUG [t1] "TestVolatile":15: 13
2020-12-19 20:58:10 DEBUG [t1] "TestVolatile":15: 13
2020-12-19 20:58:10 DEBUG [t1] "TestVolatile":15: 13
2020-12-19 20:58:10 DEBUG [t1] "TestVolatile":15: 13
2020-12-19 20:58:10 DEBUG [t1] "TestVolatile":15: 13
2020-12-19 20:58:10 DEBUG [t1] "TestVolatile":15: 13
2020-12-19 20:58:10 DEBUG [t1] "TestVolatile":15: 13
2020-12-19 20:58:10 DEBUG [t1] "TestVolatile":15: 13
2020-12-19 20:58:10 DEBUG [t1] "TestVolatile":15: 13
2020-12-19 20:58:10 DEBUG [t1] "TestVolatile":15: 13
2020-12-19 20:58:10 DEBUG [t1] "TestVolatile":15: 13
2020-12-19 20:58:10 DEBUG [t1] "TestVolatile":15: 13
2020-12-19 20:58:10 DEBUG [t1] "TestVolatile":15: 13
2020-12-19 20:58:10 DEBUG [t1] "TestVolatile":15: 13
2020-12-19 20:58:10 DEBUG [t1] "TestVolatile":15: 13
2020-12-19 20:58:10 DEBUG [t1] "TestVolatile":15: 13
2020-12-19 20:58:10 DEBUG [t1] "TestVolatile":15: 13
2020-12-19 20:58:10 DEBUG [t1] "TestVolatile":15: 13
2020-12-19 20:58:10 DEBUG [t1] "TestVolatile":15: 13
2020-12-19 20:58:10 DEBUG [t1] "TestVolatile":15: 13
2020-12-19 20:58:10 DEBUG [t1] "TestVolatile":15: 13
2020-12-19 20:58:10 DEBUG [t1] "TestVolatile":15: 13
2020-12-19 20:58:10 DEBUG [t1] "TestVolatile":15: 13
2020-12-19 20:58:10 DEBUG [t1] "TestVolatile":15: 13
2020-12-19 20:58:10 DEBUG [t1] "TestVolatile":15: 13
2020-12-19 20:58:10 DEBUG [t1] "TestVolatile":15: 13
2020-12-19 20:58:10 DEBUG [t1] "TestVolatile":15: 13
2020-12-19 20:58:10 DEBUG [t1] "TestVolatile":15: 13
2020-12-19 20:58:10 DEBUG [t1] "TestVolatile":15: 13
2020-12-19 20:58:10 DEBUG [t1] "TestVolatile":15: 13
2020-12-19 20:58:10 DEBUG [t1] "TestVolatile":15: 13
2020-12-19 20:58:10 DEBUG [t1] "TestVolatile":15: 13
2020-12-19 20:58:10 DEBUG [t1] "TestVolatile":15: 13
2020-12-19 20:58:10 DEBUG [t1] "TestVolatile":15: 13
2020-12-19 20:58:10 DEBUG [t1] "TestVolatile":15: 13
2020-12-19 20:58:10 DEBUG [t1] "TestVolatile":15: 13
2020-12-19 20:58:10 DEBUG [t1] "TestVolatile":15: 13
2020-12-19 20:58:10 DEBUG [t1] "TestVolatile":15: 13
2020-12-19 20:58:10 DEBUG [t1] "TestVolatile":15: 13
2020-12-19 20:58:10 DEBUG [t1] "TestVolatile":15: 13
2020-12-19 20:58:10 DEBUG [t1] "TestVolatile":15: 13
2020-12-19 20:58:10 DEBUG [t1] "TestVolatile":15: 13
2020-12-19 20:58:10 DEBUG [t1] "TestVolatile":15: 13
2020-12-19 20:58:10 DEBUG [t1] "TestVolatile":15: 13
2020-12-19 20:58:10 DEBUG [t1] "TestVolatile":15: 13
2020-12-19 20:58:10 DEBUG [t1] "TestVolatile":15: 13
2020-12-19 20:58:10 DEBUG [t1] "TestVolatile":15: 13
2020-12-19 20:58:10 DEBUG [t1] "TestVolatile":15: 13
2020-12-19 20:58:10 DEBUG [t1] "TestVolatile":15: 13
2020-12-19 20:58:10 DEBUG [t1] "TestVolatile":15: 13
2020-12-19 20:58:10 DEBUG [t1] "TestVolatile":15: 13
2020-12-19 20:58:10 DEBUG [t1] "TestVolatile":15: 13
2020-12-19 20:58:10 DEBUG [t1] "TestVolatile":15: 13
2020-12-19 20:58:10 DEBUG [t1] "TestVolatile":15: 13
2020-12-19 20:58:10 DEBUG [t1] "TestVolatile":15: 13
2020-12-19 20:58:10 DEBUG [t1] "TestVolatile":15: 13
2020-12-19 20:58:10 DEBUG [t1] "TestVolatile":15: 13
2020-12-19 20:58:10 DEBUG [t1] "TestVolatile":15: 13
2020-12-19 20:58:10 DEBUG [t1] "TestVolatile":15: 13
2020-12-19 20:58:10 DEBUG [t1] "TestVolatile":15: 13
2020-12-19 20:58:10 DEBUG [t1] "TestVolatile":15: 13
2020-12-19 20:58:10 DEBUG [t1] "TestVolatile":15: 13
2020-12-19 20:58:10 DEBUG [t1] "TestVolatile":15: 13
2020-12-19 20:58:10 DEBUG [t1] "TestVolatile":15: 13
2020-12-19 20:58:10 DEBUG [t1] "TestVolatile":15: 13
2020-12-19 20:58:10 DEBUG [t1] "TestVolatile":15: 13
2020-12-19 20:58:10 DEBUG [t1] "TestVolatile":15: 13
2020-12-19 20:58:10 DEBUG [t1] "TestVolatile":15: 13
2020-12-19 20:58:10 DEBUG [t1] "TestVolatile":15: 13
2020-12-19 20:58:10 DEBUG [t1] "TestVolatile":15: 13
2020-12-19 20:58:10 DEBUG [t1] "TestVolatile":15: 13
2020-12-19 20:58:10 DEBUG [t1] "TestVolatile":15: 13
2020-12-19 20:58:10 DEBUG [t1] "TestVolatile":15: 13
2020-12-19 20:58:10 DEBUG [t1] "TestVolatile":15: 13
2020-12-19 20:58:10 DEBUG [t1] "TestVolatile":15: 13
2020-12-19 20:58:10 DEBUG [t1] "TestVolatile":15: 13
2020-12-19 20:58:10 DEBUG [t1] "TestVolatile":15: 13
2020-12-19 20:58:10 DEBUG [t1] "TestVolatile":15: 13
2020-12-19 20:58:10 DEBUG [t1] "TestVolatile":15: 13
2020-12-19 20:58:10 DEBUG [t1] "TestVolatile":15: 13
2020-12-19 20:58:10 DEBUG [t1] "TestVolatile":15: 13
2020-12-19 20:58:10 DEBUG [t1] "TestVolatile":15: 13
2020-12-19 20:58:10 DEBUG [t1] "TestVolatile":15: 13
2020-12-19 20:58:10 DEBUG [t1] "TestVolatile":15: 13
2020-12-19 20:58:10 DEBUG [t1] "TestVolatile":15: 13
2020-12-19 20:58:10 DEBUG [t1] "TestVolatile":15: 13
2020-12-19 20:58:10 DEBUG [t1] "TestVolatile":15: 13
2020-12-19 20:58:10 DEBUG [t1] "TestVolatile":15: 13
2020-12-19 20:58:10 DEBUG [t1] "TestVolatile":15: 13
2020-12-19 20:58:10 DEBUG [t1] "TestVolatile":15: 13
2020-12-19 20:58:10 DEBUG [t1] "TestVolatile":15: 13
2020-12-19 20:58:10 DEBUG [t1] "TestVolatile":15: 13
2020-12-19 20:58:10 DEBUG [t1] "TestVolatile":15: 13
2020-12-19 20:58:10 DEBUG [t1] "TestVolatile":15: 13
2020-12-19 20:58:10 DEBUG [t1] "TestVolatile":15: 13
2020-12-19 20:58:10 DEBUG [t1] "TestVolatile":15: 13
2020-12-19 20:58:10 DEBUG [t1] "TestVolatile":15: 13
2020-12-19 20:58:10 DEBUG [t1] "TestVolatile":15: 13
2020-12-19 20:58:10 DEBUG [t1] "TestVolatile":15: 13
2020-12-19 20:58:10 DEBUG [t1] "TestVolatile":15: 13
2020-12-19 20:58:10 DEBUG [t1] "TestVolatile":15: 13
2020-12-19 20:58:10 DEBUG [t1] "TestVolatile":15: 13
2020-12-19 20:58:10 DEBUG [t1] "TestVolatile":15: 13
2020-12-19 20:58:10 DEBUG [t1] "TestVolatile":15: 13
2020-12-19 20:58:10 DEBUG [t1] "TestVolatile":15: 13
2020-12-19 20:58:10 DEBUG [t1] "TestVolatile":15: 13
2020-12-19 20:58:10 DEBUG [t1] "TestVolatile":15: 13
2020-12-19 20:58:10 DEBUG [t1] "TestVolatile":15: 13
2020-12-19 20:58:10 DEBUG [t1] "TestVolatile":15: 13
2020-12-19 20:58:10 DEBUG [t1] "TestVolatile":15: 13
2020-12-19 20:58:10 DEBUG [t1] "TestVolatile":15: 13
2020-12-19 20:58:10 DEBUG [t1] "TestVolatile":15: 13
2020-12-19 20:58:10 DEBUG [t1] "TestVolatile":15: 13
2020-12-19 20:58:10 DEBUG [t1] "TestVolatile":15: 13
2020-12-19 20:58:10 DEBUG [t1] "TestVolatile":15: 13
2020-12-19 20:58:10 DEBUG [t1] "TestVolatile":15: 13
2020-12-19 20:58:10 DEBUG [t1] "TestVolatile":15: 13
2020-12-19 20:58:10 DEBUG [t1] "TestVolatile":15: 13
2020-12-19 20:58:10 DEBUG [t1] "TestVolatile":15: 13
2020-12-19 20:58:10 DEBUG [t1] "TestVolatile":15: 13
2020-12-19 20:58:10 DEBUG [t1] "TestVolatile":15: 13
2020-12-19 20:58:10 DEBUG [t1] "TestVolatile":15: 13
2020-12-19 20:58:10 DEBUG [t1] "TestVolatile":15: 13
2020-12-19 20:58:10 DEBUG [t1] "TestVolatile":15: 13
2020-12-19 20:58:10 DEBUG [t1] "TestVolatile":15: 13
2020-12-19 20:58:10 DEBUG [t1] "TestVolatile":15: 13
2020-12-19 20:58:10 DEBUG [t1] "TestVolatile":15: 13
2020-12-19 20:58:10 DEBUG [t1] "TestVolatile":15: 13
2020-12-19 20:58:10 DEBUG [t1] "TestVolatile":15: 13
2020-12-19 20:58:10 DEBUG [t1] "TestVolatile":15: 13
2020-12-19 20:58:10 DEBUG [t1] "TestVolatile":15: 13
2020-12-19 20:58:10 DEBUG [t1] "TestVolatile":15: 13
2020-12-19 20:58:10 DEBUG [t1] "TestVolatile":15: 13
2020-12-19 20:58:10 DEBUG [t1] "TestVolatile":15: 13
2020-12-19 20:58:10 DEBUG [t1] "TestVolatile":15: 13
2020-12-19 20:58:10 DEBUG [t1] "TestVolatile":15: 13
2020-12-19 20:58:10 DEBUG [t1] "TestVolatile":15: 13
2020-12-19 20:58:10 DEBUG [t1] "TestVolatile":15: 13
2020-12-19 20:58:10 DEBUG [t1] "TestVolatile":15: 13
2020-12-19 20:58:10 DEBUG [t1] "TestVolatile":15: 13
2020-12-19 20:58:10 DEBUG [t1] "TestVolatile":15: 13
2020-12-19 20:58:10 DEBUG [t1] "TestVolatile":15: 13
2020-12-19 20:58:10 DEBUG [t1] "TestVolatile":15: 13
2020-12-19 20:58:10 DEBUG [t1] "TestVolatile":15: 13
2020-12-19 20:58:10 DEBUG [t1] "TestVolatile":15: 13
2020-12-19 20:58:10 DEBUG [t1] "TestVolatile":15: 13
2020-12-19 20:58:10 DEBUG [t1] "TestVolatile":15: 13
2020-12-19 20:58:10 DEBUG [t1] "TestVolatile":15: 13
2020-12-19 20:58:10 DEBUG [t1] "TestVolatile":15: 13
2020-12-19 20:58:10 DEBUG [t1] "TestVolatile":15: 13
2020-12-19 20:58:10 DEBUG [t1] "TestVolatile":15: 13
2020-12-19 20:58:10 DEBUG [t1] "TestVolatile":15: 13
2020-12-19 20:58:10 DEBUG [t1] "TestVolatile":15: 13
2020-12-19 20:58:10 DEBUG [t1] "TestVolatile":15: 13
2020-12-19 20:58:10 DEBUG [t1] "TestVolatile":15: 13
2020-12-19 20:58:10 DEBUG [t1] "TestVolatile":15: 13
2020-12-19 20:58:10 DEBUG [t1] "TestVolatile":15: 13
2020-12-19 20:58:10 DEBUG [t1] "TestVolatile":15: 13
2020-12-19 20:58:10 DEBUG [t1] "TestVolatile":15: 13
2020-12-19 20:58:10 DEBUG [t1] "TestVolatile":15: 13
2020-12-19 20:58:10 DEBUG [t1] "TestVolatile":15: 13
2020-12-19 20:58:10 DEBUG [t1] "TestVolatile":15: 13
2020-12-19 20:58:10 DEBUG [t1] "TestVolatile":15: 13
2020-12-19 20:58:10 DEBUG [t1] "TestVolatile":15: 13
2020-12-19 20:58:10 DEBUG [t1] "TestVolatile":15: 13
2020-12-19 20:58:10 DEBUG [t1] "TestVolatile":15: 13
2020-12-19 20:58:10 DEBUG [t1] "TestVolatile":15: 13
2020-12-19 20:58:10 DEBUG [t1] "TestVolatile":15: 13
2020-12-19 20:58:10 DEBUG [t1] "TestVolatile":15: 13
2020-12-19 20:58:10 DEBUG [t1] "TestVolatile":15: 13
2020-12-19 20:58:10 DEBUG [t1] "TestVolatile":15: 13
2020-12-19 20:58:10 DEBUG [t1] "TestVolatile":15: 13
2020-12-19 20:58:10 DEBUG [t1] "TestVolatile":15: 13
2020-12-19 20:58:10 DEBUG [t1] "TestVolatile":15: 13
2020-12-19 20:58:10 DEBUG [t1] "TestVolatile":15: 13
2020-12-19 20:58:10 DEBUG [t1] "TestVolatile":15: 13
2020-12-19 20:58:10 DEBUG [t1] "TestVolatile":15: 13
2020-12-19 20:58:10 DEBUG [t1] "TestVolatile":15: 13
2020-12-19 20:58:10 DEBUG [t1] "TestVolatile":15: 13
2020-12-19 20:58:10 DEBUG [t1] "TestVolatile":15: 13
2020-12-19 20:58:10 DEBUG [t1] "TestVolatile":15: 13
2020-12-19 20:58:10 DEBUG [t1] "TestVolatile":15: 13
2020-12-19 20:58:10 DEBUG [t1] "TestVolatile":15: 13
2020-12-19 20:58:10 DEBUG [t1] "TestVolatile":15: 13
2020-12-19 20:58:10 DEBUG [t1] "TestVolatile":15: 13
2020-12-19 20:58:10 DEBUG [t1] "TestVolatile":15: 13
2020-12-19 20:58:10 DEBUG [t1] "TestVolatile":15: 13
2020-12-19 20:58:10 DEBUG [t1] "TestVolatile":15: 13
2020-12-19 20:58:10 DEBUG [t1] "TestVolatile":15: 13
2020-12-19 20:58:10 DEBUG [t1] "TestVolatile":15: 13
2020-12-19 20:58:10 DEBUG [t1] "TestVolatile":15: 13
2020-12-19 20:58:10 DEBUG [t1] "TestVolatile":15: 13
2020-12-19 20:58:10 DEBUG [t1] "TestVolatile":15: 13
2020-12-19 20:58:10 DEBUG [t1] "TestVolatile":15: 13
2020-12-19 20:58:10 DEBUG [t1] "TestVolatile":15: 13
2020-12-19 20:58:10 DEBUG [t1] "TestVolatile":15: 13
2020-12-19 20:58:10 DEBUG [t1] "TestVolatile":15: 13
2020-12-19 20:58:10 DEBUG [t1] "TestVolatile":15: 13
2020-12-19 20:58:10 DEBUG [t1] "TestVolatile":15: 13
2020-12-19 20:58:10 DEBUG [t1] "TestVolatile":15: 13
2020-12-19 20:58:10 DEBUG [t1] "TestVolatile":15: 13
2020-12-19 20:58:10 DEBUG [t1] "TestVolatile":15: 13
2020-12-19 20:58:10 DEBUG [t1] "TestVolatile":15: 13
2020-12-19 20:58:10 DEBUG [t1] "TestVolatile":15: 13
2020-12-19 20:58:10 DEBUG [t1] "TestVolatile":15: 13
2020-12-19 20:58:10 DEBUG [t1] "TestVolatile":15: 13
2020-12-19 20:58:10 DEBUG [t1] "TestVolatile":15: 13
2020-12-19 20:58:10 DEBUG [t1] "TestVolatile":15: 13
2020-12-19 20:58:10 DEBUG [t1] "TestVolatile":15: 13
2020-12-19 20:58:10 DEBUG [t1] "TestVolatile":15: 13
2020-12-19 20:58:10 DEBUG [t1] "TestVolatile":15: 13
2020-12-19 20:58:10 DEBUG [t1] "TestVolatile":15: 13
2020-12-19 20:58:10 DEBUG [t1] "TestVolatile":15: 13
2020-12-19 20:58:10 DEBUG [t1] "TestVolatile":15: 13
2020-12-19 20:58:10 DEBUG [t1] "TestVolatile":15: 13
2020-12-19 20:58:10 DEBUG [t1] "TestVolatile":15: 13
2020-12-19 20:58:10 DEBUG [t1] "TestVolatile":15: 13
2020-12-19 20:58:10 DEBUG [t1] "TestVolatile":15: 13
2020-12-19 20:58:10 DEBUG [t1] "TestVolatile":15: 13
2020-12-19 20:58:10 DEBUG [t1] "TestVolatile":15: 13
2020-12-19 20:58:10 DEBUG [t1] "TestVolatile":15: 13
2020-12-19 20:58:10 DEBUG [t1] "TestVolatile":15: 13
2020-12-19 20:58:10 DEBUG [t1] "TestVolatile":15: 13
2020-12-19 20:58:10 DEBUG [t1] "TestVolatile":15: 13
2020-12-19 20:58:10 DEBUG [t1] "TestVolatile":15: 13
2020-12-19 20:58:10 DEBUG [t1] "TestVolatile":15: 13
2020-12-19 20:58:10 DEBUG [t1] "TestVolatile":15: 13
2020-12-19 20:58:10 DEBUG [t1] "TestVolatile":15: 13
2020-12-19 20:58:10 DEBUG [t1] "TestVolatile":15: 13
2020-12-19 20:58:10 DEBUG [t1] "TestVolatile":15: 13
2020-12-19 20:58:10 DEBUG [t1] "TestVolatile":15: 13
2020-12-19 20:58:10 DEBUG [t1] "TestVolatile":15: 13
2020-12-19 20:58:10 DEBUG [t1] "TestVolatile":15: 13
2020-12-19 20:58:10 DEBUG [t1] "TestVolatile":15: 13
2020-12-19 20:58:10 DEBUG [t1] "TestVolatile":15: 13
2020-12-19 20:58:10 DEBUG [t1] "TestVolatile":15: 13
2020-12-19 20:58:10 DEBUG [t1] "TestVolatile":15: 13
2020-12-19 20:58:10 DEBUG [t1] "TestVolatile":15: 13
2020-12-19 20:58:10 DEBUG [t1] "TestVolatile":15: 13
2020-12-19 20:58:10 DEBUG [t1] "TestVolatile":15: 13
2020-12-19 20:58:10 DEBUG [t1] "TestVolatile":15: 13
2020-12-19 20:58:10 DEBUG [t1] "TestVolatile":15: 13
2020-12-19 20:58:10 DEBUG [t1] "TestVolatile":15: 13
2020-12-19 20:58:10 DEBUG [t1] "TestVolatile":15: 13
2020-12-19 20:58:10 DEBUG [t1] "TestVolatile":15: 13
2020-12-19 20:58:10 DEBUG [t1] "TestVolatile":15: 13
2020-12-19 20:58:10 DEBUG [t1] "TestVolatile":15: 13
2020-12-19 20:58:10 DEBUG [t1] "TestVolatile":15: 13
2020-12-19 20:58:10 DEBUG [t1] "TestVolatile":15: 13
2020-12-19 20:58:10 DEBUG [t1] "TestVolatile":15: 13
2020-12-19 20:58:10 DEBUG [t1] "TestVolatile":15: 13
2020-12-19 20:58:10 DEBUG [t1] "TestVolatile":15: 13
2020-12-19 20:58:10 DEBUG [t1] "TestVolatile":15: 13
2020-12-19 20:58:10 DEBUG [t1] "TestVolatile":15: 13
2020-12-19 20:58:10 DEBUG [t1] "TestVolatile":15: 13
2020-12-19 20:58:10 DEBUG [t1] "TestVolatile":15: 13
2020-12-19 20:58:10 DEBUG [t1] "TestVolatile":15: 13
2020-12-19 20:58:10 DEBUG [t1] "TestVolatile":15: 13
2020-12-19 20:58:10 DEBUG [t1] "TestVolatile":15: 13
2020-12-19 20:58:10 DEBUG [t1] "TestVolatile":15: 13
2020-12-19 20:58:10 DEBUG [t1] "TestVolatile":15: 13
2020-12-19 20:58:10 DEBUG [t1] "TestVolatile":15: 13
2020-12-19 20:58:10 DEBUG [t1] "TestVolatile":15: 13
2020-12-19 20:58:10 DEBUG [t1] "TestVolatile":15: 13
2020-12-19 20:58:10 DEBUG [t1] "TestVolatile":15: 13
2020-12-19 20:58:10 DEBUG [t1] "TestVolatile":15: 13
2020-12-19 20:58:10 DEBUG [t1] "TestVolatile":15: 13
2020-12-19 20:58:10 DEBUG [t1] "TestVolatile":15: 13
2020-12-19 20:58:10 DEBUG [t1] "TestVolatile":15: 13
2020-12-19 20:58:10 DEBUG [t1] "TestVolatile":15: 13
2020-12-19 20:58:10 DEBUG [t1] "TestVolatile":15: 13
2020-12-19 20:58:10 DEBUG [t1] "TestVolatile":15: 13
2020-12-19 20:58:10 DEBUG [t1] "TestVolatile":15: 13
2020-12-19 20:58:10 DEBUG [t1] "TestVolatile":15: 13
2020-12-19 20:58:10 DEBUG [t1] "TestVolatile":15: 13
2020-12-19 20:58:10 DEBUG [t1] "TestVolatile":15: 13
2020-12-19 20:58:10 DEBUG [t1] "TestVolatile":15: 13
2020-12-19 20:58:10 DEBUG [t1] "TestVolatile":15: 13
2020-12-19 20:58:10 DEBUG [t1] "TestVolatile":15: 13
2020-12-19 20:58:10 DEBUG [t1] "TestVolatile":15: 13
2020-12-19 20:58:10 DEBUG [t1] "TestVolatile":15: 13
2020-12-19 20:58:10 DEBUG [t1] "TestVolatile":15: 13
2020-12-19 20:58:10 DEBUG [t1] "TestVolatile":15: 13
2020-12-19 20:58:10 DEBUG [t1] "TestVolatile":15: 13
2020-12-19 20:58:10 DEBUG [t1] "TestVolatile":15: 13
2020-12-19 20:58:10 DEBUG [t1] "TestVolatile":15: 13
2020-12-19 20:58:10 DEBUG [t1] "TestVolatile":15: 13
2020-12-19 20:58:10 DEBUG [t1] "TestVolatile":15: 13
2020-12-19 20:58:10 DEBUG [t1] "TestVolatile":15: 13
2020-12-19 20:58:10 DEBUG [t1] "TestVolatile":15: 13
2020-12-19 20:58:10 DEBUG [t1] "TestVolatile":15: 13
2020-12-19 20:58:10 DEBUG [t1] "TestVolatile":15: 13
2020-12-19 20:58:10 DEBUG [t1] "TestVolatile":15: 13
2020-12-19 20:58:10 DEBUG [t1] "TestVolatile":15: 13
2020-12-19 20:58:10 DEBUG [t1] "TestVolatile":15: 13
2020-12-19 20:58:10 DEBUG [t1] "TestVolatile":15: 13
2020-12-19 20:58:10 DEBUG [t1] "TestVolatile":15: 13
2020-12-19 20:58:10 DEBUG [t1] "TestVolatile":15: 13
2020-12-19 20:58:10 DEBUG [t1] "TestVolatile":15: 13
2020-12-19 20:58:10 DEBUG [t1] "TestVolatile":15: 13
2020-12-19 20:58:10 DEBUG [t1] "TestVolatile":15: 13
2020-12-19 20:58:10 DEBUG [t1] "TestVolatile":15: 13
2020-12-19 20:58:10 DEBUG [t1] "TestVolatile":15: 13
2020-12-19 20:58:10 DEBUG [t1] "TestVolatile":15: 13
2020-12-19 20:58:10 DEBUG [t1] "TestVolatile":15: 13
2020-12-19 20:58:10 DEBUG [t1] "TestVolatile":15: 13
2020-12-19 20:58:10 DEBUG [t1] "TestVolatile":15: 13
2020-12-19 20:58:10 DEBUG [t1] "TestVolatile":15: 13
2020-12-19 20:58:10 DEBUG [t1] "TestVolatile":15: 13
2020-12-19 20:58:10 DEBUG [t1] "TestVolatile":15: 13
2020-12-19 20:58:10 DEBUG [t1] "TestVolatile":15: 13
2020-12-19 20:58:10 DEBUG [t1] "TestVolatile":15: 13
2020-12-19 20:58:10 DEBUG [t1] "TestVolatile":15: 13
2020-12-19 20:58:10 DEBUG [t1] "TestVolatile":15: 13
2020-12-19 20:58:10 DEBUG [t1] "TestVolatile":15: 13
2020-12-19 20:58:10 DEBUG [t1] "TestVolatile":15: 13
2020-12-19 20:58:10 DEBUG [t1] "TestVolatile":15: 13
2020-12-19 20:58:10 DEBUG [t1] "TestVolatile":15: 13
2020-12-19 20:58:10 DEBUG [t1] "TestVolatile":15: 13
2020-12-19 20:58:10 DEBUG [t1] "TestVolatile":15: 13
2020-12-19 20:58:10 DEBUG [t1] "TestVolatile":15: 13
2020-12-19 20:58:10 DEBUG [t1] "TestVolatile":15: 13
2020-12-19 20:58:10 DEBUG [t1] "TestVolatile":15: 13
2020-12-19 20:58:10 DEBUG [t1] "TestVolatile":15: 13
2020-12-19 20:58:10 DEBUG [t1] "TestVolatile":15: 13
2020-12-19 20:58:10 DEBUG [t1] "TestVolatile":15: 13
2020-12-19 20:58:10 DEBUG [t1] "TestVolatile":15: 13
2020-12-19 20:58:10 DEBUG [t1] "TestVolatile":15: 13
2020-12-19 20:58:10 DEBUG [t1] "TestVolatile":15: 13
2020-12-19 20:58:10 DEBUG [t1] "TestVolatile":15: 13
2020-12-19 20:58:10 DEBUG [t1] "TestVolatile":15: 13
2020-12-19 20:58:10 DEBUG [t1] "TestVolatile":15: 13
2020-12-19 20:58:10 DEBUG [t1] "TestVolatile":15: 13
2020-12-19 20:58:10 DEBUG [t1] "TestVolatile":15: 13
2020-12-19 20:58:10 DEBUG [t1] "TestVolatile":15: 13
2020-12-19 20:58:10 DEBUG [t1] "TestVolatile":15: 13
2020-12-19 20:58:10 DEBUG [t1] "TestVolatile":15: 13
2020-12-19 20:58:10 DEBUG [t1] "TestVolatile":15: 13
2020-12-19 20:58:10 DEBUG [t1] "TestVolatile":15: 13
2020-12-19 20:58:10 DEBUG [t1] "TestVolatile":15: 13
2020-12-19 20:58:10 DEBUG [t1] "TestVolatile":15: 13
2020-12-19 20:58:10 DEBUG [t1] "TestVolatile":15: 13
2020-12-19 20:58:10 DEBUG [t1] "TestVolatile":15: 13
2020-12-19 20:58:10 DEBUG [t1] "TestVolatile":15: 13
2020-12-19 20:58:10 DEBUG [t1] "TestVolatile":15: 13
2020-12-19 20:58:10 DEBUG [t1] "TestVolatile":15: 13
2020-12-19 20:58:10 DEBUG [t1] "TestVolatile":15: 13
2020-12-19 20:58:10 DEBUG [t1] "TestVolatile":15: 13
2020-12-19 20:58:10 DEBUG [t1] "TestVolatile":15: 13
2020-12-19 20:58:10 DEBUG [t1] "TestVolatile":15: 13
2020-12-19 20:58:10 DEBUG [t1] "TestVolatile":15: 13
2020-12-19 20:58:10 DEBUG [t1] "TestVolatile":15: 13
2020-12-19 20:58:10 DEBUG [t1] "TestVolatile":15: 13
2020-12-19 20:58:10 DEBUG [t1] "TestVolatile":15: 13
2020-12-19 20:58:10 DEBUG [t1] "TestVolatile":15: 13
2020-12-19 20:58:10 DEBUG [t1] "TestVolatile":15: 13
2020-12-19 20:58:10 DEBUG [t1] "TestVolatile":15: 13
2020-12-19 20:58:10 DEBUG [t1] "TestVolatile":15: 13
2020-12-19 20:58:10 DEBUG [t1] "TestVolatile":15: 13
2020-12-19 20:58:10 DEBUG [t1] "TestVolatile":15: 13
2020-12-19 20:58:10 DEBUG [t1] "TestVolatile":15: 13
2020-12-19 20:58:10 DEBUG [t1] "TestVolatile":15: 13
2020-12-19 20:58:10 DEBUG [t1] "TestVolatile":15: 13
2020-12-19 20:58:10 DEBUG [t1] "TestVolatile":15: 13
2020-12-19 20:58:10 DEBUG [t1] "TestVolatile":15: 13
2020-12-19 20:58:10 DEBUG [t1] "TestVolatile":15: 13
2020-12-19 20:58:10 DEBUG [t1] "TestVolatile":15: 13
2020-12-19 20:58:10 DEBUG [t1] "TestVolatile":15: 13
2020-12-19 20:58:10 DEBUG [t1] "TestVolatile":15: 13
2020-12-19 20:58:10 DEBUG [t1] "TestVolatile":15: 13
2020-12-19 20:58:10 DEBUG [t1] "TestVolatile":15: 13
2020-12-19 20:58:10 DEBUG [t1] "TestVolatile":15: 13
2020-12-19 20:58:10 DEBUG [t1] "TestVolatile":15: 13
2020-12-19 20:58:10 DEBUG [t1] "TestVolatile":15: 13
2020-12-19 20:58:10 DEBUG [t1] "TestVolatile":15: 13
2020-12-19 20:58:10 DEBUG [t1] "TestVolatile":15: 13
2020-12-19 20:58:10 DEBUG [t1] "TestVolatile":15: 13
2020-12-19 20:58:10 DEBUG [t1] "TestVolatile":15: 13
2020-12-19 20:58:10 DEBUG [t1] "TestVolatile":15: 13
2020-12-19 20:58:10 DEBUG [t1] "TestVolatile":15: 13
2020-12-19 20:58:10 DEBUG [t1] "TestVolatile":15: 13
2020-12-19 20:58:10 DEBUG [t1] "TestVolatile":15: 13
2020-12-19 20:58:10 DEBUG [t1] "TestVolatile":15: 13
2020-12-19 20:58:10 DEBUG [t1] "TestVolatile":15: 13
2020-12-19 20:58:10 DEBUG [t1] "TestVolatile":15: 13
2020-12-19 20:58:10 DEBUG [t1] "TestVolatile":15: 13
2020-12-19 20:58:10 DEBUG [t1] "TestVolatile":15: 13
2020-12-19 20:58:10 DEBUG [t1] "TestVolatile":15: 13
2020-12-19 20:58:10 DEBUG [t1] "TestVolatile":15: 13
2020-12-19 20:58:10 DEBUG [t1] "TestVolatile":15: 13
2020-12-19 20:58:10 DEBUG [t1] "TestVolatile":15: 13
2020-12-19 20:58:10 DEBUG [t1] "TestVolatile":15: 13
2020-12-19 20:58:10 DEBUG [t1] "TestVolatile":15: 13
2020-12-19 20:58:10 DEBUG [t1] "TestVolatile":15: 13
2020-12-19 20:58:10 DEBUG [t1] "TestVolatile":15: 13
2020-12-19 20:58:10 DEBUG [t1] "TestVolatile":15: 13
2020-12-19 20:58:10 DEBUG [t1] "TestVolatile":15: 13
2020-12-19 20:58:10 DEBUG [t1] "TestVolatile":15: 13
2020-12-19 20:58:10 DEBUG [t1] "TestVolatile":15: 13
2020-12-19 20:58:10 DEBUG [t1] "TestVolatile":15: 13
2020-12-19 20:58:10 DEBUG [t1] "TestVolatile":15: 13
2020-12-19 20:58:10 DEBUG [t1] "TestVolatile":15: 13
2020-12-19 20:58:10 DEBUG [t1] "TestVolatile":15: 13
2020-12-19 20:58:10 DEBUG [t1] "TestVolatile":15: 13
2020-12-19 20:58:10 DEBUG [t1] "TestVolatile":15: 13
2020-12-19 20:58:10 DEBUG [t1] "TestVolatile":15: 13
2020-12-19 20:58:10 DEBUG [t1] "TestVolatile":15: 13
2020-12-19 20:58:10 DEBUG [t1] "TestVolatile":15: 13
2020-12-19 20:58:10 DEBUG [t1] "TestVolatile":15: 13
2020-12-19 20:58:10 DEBUG [t1] "TestVolatile":15: 13
2020-12-19 20:58:10 DEBUG [t1] "TestVolatile":15: 13
2020-12-19 20:58:10 DEBUG [t1] "TestVolatile":15: 13
2020-12-19 20:58:10 DEBUG [t1] "TestVolatile":15: 13
2020-12-19 20:58:10 DEBUG [t1] "TestVolatile":15: 13
2020-12-19 20:58:10 DEBUG [t1] "TestVolatile":15: 13
2020-12-19 20:58:10 DEBUG [t1] "TestVolatile":15: 13
2020-12-19 20:58:10 DEBUG [t1] "TestVolatile":15: 13
2020-12-19 20:58:10 DEBUG [t1] "TestVolatile":15: 13
2020-12-19 20:58:10 DEBUG [t1] "TestVolatile":15: 13
2020-12-19 20:58:10 DEBUG [t1] "TestVolatile":15: 13
2020-12-19 20:58:10 DEBUG [t1] "TestVolatile":15: 13
2020-12-19 20:58:10 DEBUG [t1] "TestVolatile":15: 13
2020-12-19 20:58:10 DEBUG [t1] "TestVolatile":15: 13
2020-12-19 20:58:10 DEBUG [t1] "TestVolatile":15: 13
2020-12-19 20:58:10 DEBUG [t1] "TestVolatile":15: 13
2020-12-19 20:58:10 DEBUG [t1] "TestVolatile":15: 13
2020-12-19 20:58:10 DEBUG [t1] "TestVolatile":15: 13
2020-12-19 20:58:10 DEBUG [t1] "TestVolatile":15: 13
2020-12-19 20:58:10 DEBUG [t1] "TestVolatile":15: 13
2020-12-19 20:58:10 DEBUG [t1] "TestVolatile":15: 13
2020-12-19 20:58:10 DEBUG [t1] "TestVolatile":15: 13
2020-12-19 20:58:10 DEBUG [t1] "TestVolatile":15: 13
2020-12-19 20:58:10 DEBUG [t1] "TestVolatile":15: 13
2020-12-19 20:58:10 DEBUG [t1] "TestVolatile":15: 13
2020-12-19 20:58:10 DEBUG [t1] "TestVolatile":15: 13
2020-12-19 20:58:10 DEBUG [t1] "TestVolatile":15: 13
2020-12-19 20:58:10 DEBUG [t1] "TestVolatile":15: 13
2020-12-19 20:58:10 DEBUG [t1] "TestVolatile":15: 13
2020-12-19 20:58:10 DEBUG [t1] "TestVolatile":15: 13
2020-12-19 20:58:10 DEBUG [t1] "TestVolatile":15: 13
2020-12-19 20:58:10 DEBUG [t1] "TestVolatile":15: 13
2020-12-19 20:58:10 DEBUG [t1] "TestVolatile":15: 13
2020-12-19 20:58:10 DEBUG [t1] "TestVolatile":15: 13
2020-12-19 20:58:10 DEBUG [t1] "TestVolatile":15: 13
2020-12-19 20:58:10 DEBUG [t1] "TestVolatile":15: 13
2020-12-19 20:58:10 DEBUG [t1] "TestVolatile":15: 13
2020-12-19 20:58:10 DEBUG [t1] "TestVolatile":15: 13
2020-12-19 20:58:10 DEBUG [t1] "TestVolatile":15: 13
2020-12-19 20:58:10 DEBUG [t1] "TestVolatile":15: 13
2020-12-19 20:58:10 DEBUG [t1] "TestVolatile":15: 13
2020-12-19 20:58:10 DEBUG [t1] "TestVolatile":15: 13
2020-12-19 20:58:10 DEBUG [t1] "TestVolatile":15: 13
2020-12-19 20:58:10 DEBUG [t1] "TestVolatile":15: 13
2020-12-19 20:58:10 DEBUG [t1] "TestVolatile":15: 13
2020-12-19 20:58:10 DEBUG [t1] "TestVolatile":15: 13
2020-12-19 20:58:10 DEBUG [t1] "TestVolatile":15: 13
2020-12-19 20:58:10 DEBUG [t1] "TestVolatile":15: 13
2020-12-19 20:58:10 DEBUG [t1] "TestVolatile":15: 13
2020-12-19 20:58:10 DEBUG [t1] "TestVolatile":15: 13
2020-12-19 20:58:10 DEBUG [t1] "TestVolatile":15: 13
2020-12-19 20:58:10 DEBUG [t1] "TestVolatile":15: 13
2020-12-19 20:58:10 DEBUG [t1] "TestVolatile":15: 13
2020-12-19 20:58:10 DEBUG [t1] "TestVolatile":15: 13
2020-12-19 20:58:10 DEBUG [t1] "TestVolatile":15: 13
2020-12-19 20:58:10 DEBUG [t1] "TestVolatile":15: 13
2020-12-19 20:58:10 DEBUG [t1] "TestVolatile":15: 13
2020-12-19 20:58:10 DEBUG [t1] "TestVolatile":15: 13
2020-12-19 20:58:10 DEBUG [t1] "TestVolatile":15: 13
2020-12-19 20:58:10 DEBUG [t1] "TestVolatile":15: 13
2020-12-19 20:58:10 DEBUG [t1] "TestVolatile":15: 13
2020-12-19 20:58:10 DEBUG [t1] "TestVolatile":15: 13
2020-12-19 20:58:10 DEBUG [t1] "TestVolatile":15: 13
2020-12-19 20:58:10 DEBUG [t1] "TestVolatile":15: 13
2020-12-19 20:58:10 DEBUG [t1] "TestVolatile":15: 13
2020-12-19 20:58:10 DEBUG [t1] "TestVolatile":15: 13
2020-12-19 20:58:10 DEBUG [t1] "TestVolatile":15: 13
2020-12-19 20:58:10 DEBUG [t1] "TestVolatile":15: 13
2020-12-19 20:58:10 DEBUG [t1] "TestVolatile":15: 13
2020-12-19 20:58:10 DEBUG [t1] "TestVolatile":15: 13
2020-12-19 20:58:10 DEBUG [t1] "TestVolatile":15: 13
2020-12-19 20:58:10 DEBUG [t1] "TestVolatile":15: 13
2020-12-19 20:58:10 DEBUG [t1] "TestVolatile":15: 13
2020-12-19 20:58:10 DEBUG [t1] "TestVolatile":15: 13
2020-12-19 20:58:10 DEBUG [t1] "TestVolatile":15: 13
2020-12-19 20:58:10 DEBUG [t1] "TestVolatile":15: 13
2020-12-19 20:58:10 DEBUG [t1] "TestVolatile":15: 13
2020-12-19 20:58:10 DEBUG [t1] "TestVolatile":15: 13
2020-12-19 20:58:10 DEBUG [t1] "TestVolatile":15: 13
2020-12-19 20:58:10 DEBUG [t1] "TestVolatile":15: 13
2020-12-19 20:58:10 DEBUG [t1] "TestVolatile":15: 13
2020-12-19 20:58:10 DEBUG [t1] "TestVolatile":15: 13
2020-12-19 20:58:10 DEBUG [t1] "TestVolatile":15: 13
2020-12-19 20:58:10 DEBUG [t1] "TestVolatile":15: 13
2020-12-19 20:58:10 DEBUG [t1] "TestVolatile":15: 13
2020-12-19 20:58:10 DEBUG [t1] "TestVolatile":15: 13
2020-12-19 20:58:10 DEBUG [t1] "TestVolatile":15: 13
2020-12-19 20:58:10 DEBUG [t1] "TestVolatile":15: 13
2020-12-19 20:58:10 DEBUG [t1] "TestVolatile":15: 13
2020-12-19 20:58:10 DEBUG [t1] "TestVolatile":15: 13
2020-12-19 20:58:10 DEBUG [t1] "TestVolatile":15: 13
2020-12-19 20:58:10 DEBUG [t1] "TestVolatile":15: 13
2020-12-19 20:58:10 DEBUG [t1] "TestVolatile":15: 13
2020-12-19 20:58:10 DEBUG [t1] "TestVolatile":15: 13
2020-12-19 20:58:10 DEBUG [t1] "TestVolatile":15: 13
2020-12-19 20:58:10 DEBUG [t1] "TestVolatile":15: 13
2020-12-19 20:58:10 DEBUG [t1] "TestVolatile":15: 13
2020-12-19 20:58:10 DEBUG [t1] "TestVolatile":15: 13
2020-12-19 20:58:10 DEBUG [t1] "TestVolatile":15: 13
2020-12-19 20:58:10 DEBUG [t1] "TestVolatile":15: 13
2020-12-19 20:58:10 DEBUG [t1] "TestVolatile":15: 13
2020-12-19 20:58:10 DEBUG [t1] "TestVolatile":15: 13
2020-12-19 20:58:10 DEBUG [t1] "TestVolatile":15: 13
2020-12-19 20:58:10 DEBUG [t1] "TestVolatile":15: 13
2020-12-19 20:58:10 DEBUG [t1] "TestVolatile":15: 13
2020-12-19 20:58:10 DEBUG [t1] "TestVolatile":15: 13
2020-12-19 20:58:10 DEBUG [t1] "TestVolatile":15: 13
2020-12-19 20:58:10 DEBUG [t1] "TestVolatile":15: 13
2020-12-19 20:58:10 DEBUG [t1] "TestVolatile":15: 13
2020-12-19 20:58:10 DEBUG [t1] "TestVolatile":15: 13
2020-12-19 20:58:10 DEBUG [t1] "TestVolatile":15: 13
2020-12-19 20:58:10 DEBUG [t1] "TestVolatile":15: 13
2020-12-19 20:58:10 DEBUG [t1] "TestVolatile":15: 13
2020-12-19 20:58:10 DEBUG [t1] "TestVolatile":15: 13
2020-12-19 20:58:10 DEBUG [t1] "TestVolatile":15: 13
2020-12-19 20:58:10 DEBUG [t1] "TestVolatile":15: 13
2020-12-19 20:58:10 DEBUG [t1] "TestVolatile":15: 13
2020-12-19 20:58:10 DEBUG [t1] "TestVolatile":15: 13
2020-12-19 20:58:10 DEBUG [t1] "TestVolatile":15: 13
2020-12-19 20:58:10 DEBUG [t1] "TestVolatile":15: 13
2020-12-19 20:58:10 DEBUG [t1] "TestVolatile":15: 13
2020-12-19 20:58:10 DEBUG [t1] "TestVolatile":15: 13
2020-12-19 20:58:10 DEBUG [t1] "TestVolatile":15: 13
2020-12-19 20:58:10 DEBUG [t1] "TestVolatile":15: 13
2020-12-19 20:58:10 DEBUG [t1] "TestVolatile":15: 13
2020-12-19 20:58:10 DEBUG [t1] "TestVolatile":15: 13
2020-12-19 20:58:10 DEBUG [t1] "TestVolatile":15: 13
2020-12-19 20:58:10 DEBUG [t1] "TestVolatile":15: 13
2020-12-19 20:58:10 DEBUG [t1] "TestVolatile":15: 13
2020-12-19 20:58:10 DEBUG [t1] "TestVolatile":15: 13
2020-12-19 20:58:10 DEBUG [t1] "TestVolatile":15: 13
2020-12-19 20:58:10 DEBUG [t1] "TestVolatile":15: 13
2020-12-19 20:58:10 DEBUG [t1] "TestVolatile":15: 13
2020-12-19 20:58:10 DEBUG [t1] "TestVolatile":15: 13
2020-12-19 20:58:10 DEBUG [t1] "TestVolatile":15: 13
2020-12-19 20:58:10 DEBUG [t1] "TestVolatile":15: 13
2020-12-19 20:58:10 DEBUG [t1] "TestVolatile":15: 13
2020-12-19 20:58:10 DEBUG [t1] "TestVolatile":15: 13
2020-12-19 20:58:10 DEBUG [t1] "TestVolatile":15: 13
2020-12-19 20:58:10 DEBUG [t1] "TestVolatile":15: 13
2020-12-19 20:58:10 DEBUG [t1] "TestVolatile":15: 13
2020-12-19 20:58:10 DEBUG [t1] "TestVolatile":15: 13
2020-12-19 20:58:10 DEBUG [t1] "TestVolatile":15: 13
2020-12-19 20:58:10 DEBUG [t1] "TestVolatile":15: 13
2020-12-19 20:58:10 DEBUG [t1] "TestVolatile":15: 13
2020-12-19 20:58:10 DEBUG [t1] "TestVolatile":15: 13
2020-12-19 20:58:10 DEBUG [t1] "TestVolatile":15: 13
2020-12-19 20:58:10 DEBUG [t1] "TestVolatile":15: 13
2020-12-19 20:58:10 DEBUG [t1] "TestVolatile":15: 13
2020-12-19 20:58:10 DEBUG [t1] "TestVolatile":15: 13
2020-12-19 20:58:10 DEBUG [t1] "TestVolatile":15: 13
2020-12-19 20:58:10 DEBUG [t1] "TestVolatile":15: 13
2020-12-19 20:58:10 DEBUG [t1] "TestVolatile":15: 13
2020-12-19 20:58:10 DEBUG [t1] "TestVolatile":15: 13
2020-12-19 20:58:10 DEBUG [t1] "TestVolatile":15: 13
2020-12-19 20:58:10 DEBUG [t1] "TestVolatile":15: 13
2020-12-19 20:58:10 DEBUG [t1] "TestVolatile":15: 13
2020-12-19 20:58:10 DEBUG [t1] "TestVolatile":15: 13
2020-12-19 20:58:10 DEBUG [t1] "TestVolatile":15: 13
2020-12-19 20:58:10 DEBUG [t1] "TestVolatile":15: 13
2020-12-19 20:58:10 DEBUG [t1] "TestVolatile":15: 13
2020-12-19 20:58:10 DEBUG [t1] "TestVolatile":15: 13
2020-12-19 20:58:10 DEBUG [t1] "TestVolatile":15: 13
2020-12-19 20:58:10 DEBUG [t1] "TestVolatile":15: 13
2020-12-19 20:58:10 DEBUG [t1] "TestVolatile":15: 13
2020-12-19 20:58:10 DEBUG [t1] "TestVolatile":15: 13
2020-12-19 20:58:10 DEBUG [t1] "TestVolatile":15: 13
2020-12-19 20:58:10 DEBUG [t1] "TestVolatile":15: 13
2020-12-19 20:58:10 DEBUG [t1] "TestVolatile":15: 13
2020-12-19 20:58:10 DEBUG [t1] "TestVolatile":15: 13
2020-12-19 20:58:10 DEBUG [t1] "TestVolatile":15: 13
2020-12-19 20:58:10 DEBUG [t1] "TestVolatile":15: 13
2020-12-19 20:58:10 DEBUG [t1] "TestVolatile":15: 13
2020-12-19 20:58:10 DEBUG [t1] "TestVolatile":15: 13
2020-12-19 20:58:10 DEBUG [t1] "TestVolatile":15: 13
2020-12-19 20:58:10 DEBUG [t1] "TestVolatile":15: 13
2020-12-19 20:58:10 DEBUG [t1] "TestVolatile":15: 13
2020-12-19 20:58:10 DEBUG [t1] "TestVolatile":15: 13
2020-12-19 20:58:10 DEBUG [t1] "TestVolatile":15: 13
2020-12-19 20:58:10 DEBUG [t1] "TestVolatile":15: 13
2020-12-19 20:58:10 DEBUG [t1] "TestVolatile":15: 13
2020-12-19 20:58:10 DEBUG [t1] "TestVolatile":15: 13
2020-12-19 20:58:10 DEBUG [t1] "TestVolatile":15: 13
2020-12-19 20:58:10 DEBUG [t1] "TestVolatile":15: 13
2020-12-19 20:58:10 DEBUG [t1] "TestVolatile":15: 13
2020-12-19 20:58:10 DEBUG [t1] "TestVolatile":15: 13
2020-12-19 20:58:10 DEBUG [t1] "TestVolatile":15: 13
2020-12-19 20:58:10 DEBUG [t1] "TestVolatile":15: 13
2020-12-19 20:58:10 DEBUG [t1] "TestVolatile":15: 13
2020-12-19 20:58:10 DEBUG [t1] "TestVolatile":15: 13
2020-12-19 20:58:10 DEBUG [t1] "TestVolatile":15: 13
2020-12-19 20:58:10 DEBUG [t1] "TestVolatile":15: 13
2020-12-19 20:58:10 DEBUG [t1] "TestVolatile":15: 13
2020-12-19 20:58:10 DEBUG [t1] "TestVolatile":15: 13
2020-12-19 20:58:10 DEBUG [t1] "TestVolatile":15: 13
2020-12-19 20:58:10 DEBUG [t1] "TestVolatile":15: 13
2020-12-19 20:58:10 DEBUG [t1] "TestVolatile":15: 13
2020-12-19 20:58:10 DEBUG [t1] "TestVolatile":15: 13
2020-12-19 20:58:10 DEBUG [t1] "TestVolatile":15: 13
2020-12-19 20:58:10 DEBUG [t1] "TestVolatile":15: 13
2020-12-19 20:58:10 DEBUG [t1] "TestVolatile":15: 13
2020-12-19 20:58:10 DEBUG [t1] "TestVolatile":15: 13
2020-12-19 20:58:10 DEBUG [t1] "TestVolatile":15: 13
2020-12-19 20:58:10 DEBUG [t1] "TestVolatile":15: 13
2020-12-19 20:58:10 DEBUG [t1] "TestVolatile":15: 13
2020-12-19 20:58:10 DEBUG [t1] "TestVolatile":15: 13
2020-12-19 20:58:10 DEBUG [t1] "TestVolatile":15: 13
2020-12-19 20:58:10 DEBUG [t1] "TestVolatile":15: 13
2020-12-19 20:58:10 DEBUG [t1] "TestVolatile":15: 13
2020-12-19 20:58:10 DEBUG [t1] "TestVolatile":15: 13
2020-12-19 20:58:10 DEBUG [t1] "TestVolatile":15: 13
2020-12-19 20:58:10 DEBUG [t1] "TestVolatile":15: 13
2020-12-19 20:58:10 DEBUG [t1] "TestVolatile":15: 13
2020-12-19 20:58:10 DEBUG [t1] "TestVolatile":15: 13
2020-12-19 20:58:10 DEBUG [t1] "TestVolatile":15: 13
2020-12-19 20:58:10 DEBUG [t1] "TestVolatile":15: 13
2020-12-19 20:58:10 DEBUG [t1] "TestVolatile":15: 13
2020-12-19 20:58:10 DEBUG [t1] "TestVolatile":15: 13
2020-12-19 20:58:10 DEBUG [t1] "TestVolatile":15: 13
2020-12-19 20:58:10 DEBUG [t1] "TestVolatile":15: 13
2020-12-19 20:58:10 DEBUG [t1] "TestVolatile":15: 13
2020-12-19 20:58:10 DEBUG [t1] "TestVolatile":15: 13
2020-12-19 20:58:10 DEBUG [t1] "TestVolatile":15: 13
2020-12-19 20:58:10 DEBUG [t1] "TestVolatile":15: 13
2020-12-19 20:58:10 DEBUG [t1] "TestVolatile":15: 13
2020-12-19 20:58:10 DEBUG [t1] "TestVolatile":15: 13
2020-12-19 20:58:10 DEBUG [t1] "TestVolatile":15: 13
2020-12-19 20:58:10 DEBUG [t1] "TestVolatile":15: 13
2020-12-19 20:58:10 DEBUG [t1] "TestVolatile":15: 13
2020-12-19 20:58:10 DEBUG [t1] "TestVolatile":15: 13
2020-12-19 20:58:10 DEBUG [t1] "TestVolatile":15: 13
2020-12-19 20:58:10 DEBUG [t1] "TestVolatile":15: 13
2020-12-19 20:58:10 DEBUG [t1] "TestVolatile":15: 13
2020-12-19 20:58:10 DEBUG [t1] "TestVolatile":15: 13
2020-12-19 20:58:10 DEBUG [t1] "TestVolatile":15: 13
2020-12-19 20:58:10 DEBUG [t1] "TestVolatile":15: 13
2020-12-19 20:58:10 DEBUG [t1] "TestVolatile":15: 13
2020-12-19 20:58:10 DEBUG [t1] "TestVolatile":15: 13
2020-12-19 20:58:10 DEBUG [t1] "TestVolatile":15: 13
2020-12-19 20:58:10 DEBUG [t1] "TestVolatile":15: 13
2020-12-19 20:58:10 DEBUG [t1] "TestVolatile":15: 13
2020-12-19 20:58:10 DEBUG [t1] "TestVolatile":15: 13
2020-12-19 20:58:10 DEBUG [t1] "TestVolatile":15: 13
2020-12-19 20:58:10 DEBUG [t1] "TestVolatile":15: 13
2020-12-19 20:58:10 DEBUG [t1] "TestVolatile":15: 13
2020-12-19 20:58:10 DEBUG [t1] "TestVolatile":15: 13
2020-12-19 20:58:10 DEBUG [t1] "TestVolatile":15: 13
2020-12-19 20:58:10 DEBUG [t1] "TestVolatile":15: 13
2020-12-19 20:58:10 DEBUG [t1] "TestVolatile":15: 13
2020-12-19 20:58:10 DEBUG [t1] "TestVolatile":15: 13
2020-12-19 20:58:10 DEBUG [t1] "TestVolatile":15: 13
2020-12-19 20:58:10 DEBUG [t1] "TestVolatile":15: 13
2020-12-19 20:58:10 DEBUG [t1] "TestVolatile":15: 13
2020-12-19 20:58:10 DEBUG [t1] "TestVolatile":15: 13
2020-12-19 20:58:10 DEBUG [t1] "TestVolatile":15: 13
2020-12-19 20:58:10 DEBUG [t1] "TestVolatile":15: 13
2020-12-19 20:58:10 DEBUG [t1] "TestVolatile":15: 13
2020-12-19 20:58:10 DEBUG [t1] "TestVolatile":15: 13
2020-12-19 20:58:10 DEBUG [t1] "TestVolatile":15: 13
2020-12-19 20:58:10 DEBUG [t1] "TestVolatile":15: 13
2020-12-19 20:58:10 DEBUG [t1] "TestVolatile":15: 13
2020-12-19 20:58:10 DEBUG [t1] "TestVolatile":15: 13
2020-12-19 20:58:10 DEBUG [t1] "TestVolatile":15: 13
2020-12-19 20:58:10 DEBUG [t1] "TestVolatile":15: 13
2020-12-19 20:58:10 DEBUG [t1] "TestVolatile":15: 13
2020-12-19 20:58:10 DEBUG [t1] "TestVolatile":15: 13
2020-12-19 20:58:10 DEBUG [t1] "TestVolatile":15: 13
2020-12-19 20:58:10 DEBUG [t1] "TestVolatile":15: 13
2020-12-19 20:58:10 DEBUG [t1] "TestVolatile":15: 13
2020-12-19 20:58:10 DEBUG [t1] "TestVolatile":15: 13
2020-12-19 20:58:10 DEBUG [t1] "TestVolatile":15: 13
2020-12-19 20:58:10 DEBUG [t1] "TestVolatile":15: 13
2020-12-19 20:58:10 DEBUG [t1] "TestVolatile":15: 13
2020-12-19 20:58:10 DEBUG [t1] "TestVolatile":15: 13
2020-12-19 20:58:10 DEBUG [t1] "TestVolatile":15: 13
2020-12-19 20:58:10 DEBUG [t1] "TestVolatile":15: 13
2020-12-19 20:58:10 DEBUG [t1] "TestVolatile":15: 13
2020-12-19 20:58:10 DEBUG [t1] "TestVolatile":15: 13
2020-12-19 20:58:10 DEBUG [t1] "TestVolatile":15: 13
2020-12-19 20:58:10 DEBUG [t1] "TestVolatile":15: 13
2020-12-19 20:58:10 DEBUG [t1] "TestVolatile":15: 13
2020-12-19 20:58:10 DEBUG [t1] "TestVolatile":15: 13
2020-12-19 20:58:10 DEBUG [t1] "TestVolatile":15: 13
2020-12-19 20:58:10 DEBUG [t1] "TestVolatile":15: 13
2020-12-19 20:58:10 DEBUG [t1] "TestVolatile":15: 13
2020-12-19 20:58:10 DEBUG [t1] "TestVolatile":15: 13
2020-12-19 20:58:10 DEBUG [t1] "TestVolatile":15: 13
2020-12-19 20:58:10 DEBUG [t1] "TestVolatile":15: 13
2020-12-19 20:58:10 DEBUG [t1] "TestVolatile":15: 13
2020-12-19 20:58:10 DEBUG [t1] "TestVolatile":15: 13
2020-12-19 20:58:10 DEBUG [t1] "TestVolatile":15: 13
2020-12-19 20:58:10 DEBUG [t1] "TestVolatile":15: 13
2020-12-19 20:58:10 DEBUG [t1] "TestVolatile":15: 13
2020-12-19 20:58:10 DEBUG [t1] "TestVolatile":15: 13
2020-12-19 20:58:10 DEBUG [t1] "TestVolatile":15: 13
2020-12-19 20:58:10 DEBUG [t1] "TestVolatile":15: 13
2020-12-19 20:58:10 DEBUG [t1] "TestVolatile":15: 13
2020-12-19 20:58:10 DEBUG [t1] "TestVolatile":15: 13
2020-12-19 20:58:10 DEBUG [t1] "TestVolatile":15: 13
2020-12-19 20:58:10 DEBUG [t1] "TestVolatile":15: 13
2020-12-19 20:58:10 DEBUG [t1] "TestVolatile":15: 13
2020-12-19 20:58:10 DEBUG [t1] "TestVolatile":15: 13
2020-12-19 20:58:10 DEBUG [t1] "TestVolatile":15: 13
2020-12-19 20:58:10 DEBUG [t1] "TestVolatile":15: 13
2020-12-19 20:58:10 DEBUG [t1] "TestVolatile":15: 13
2020-12-19 20:58:10 DEBUG [t1] "TestVolatile":15: 13
2020-12-19 20:58:10 DEBUG [t1] "TestVolatile":15: 13
2020-12-19 20:58:10 DEBUG [t1] "TestVolatile":15: 13
2020-12-19 20:58:10 DEBUG [t1] "TestVolatile":15: 13
2020-12-19 20:58:10 DEBUG [t1] "TestVolatile":15: 13
2020-12-19 20:58:10 DEBUG [t1] "TestVolatile":15: 13
2020-12-19 20:58:10 DEBUG [t1] "TestVolatile":15: 13
2020-12-19 20:58:10 DEBUG [t1] "TestVolatile":15: 13
2020-12-19 20:58:10 DEBUG [t1] "TestVolatile":15: 13
2020-12-19 20:58:10 DEBUG [t1] "TestVolatile":15: 13
2020-12-19 20:58:10 DEBUG [t1] "TestVolatile":15: 13
2020-12-19 20:58:10 DEBUG [t1] "TestVolatile":15: 13
2020-12-19 20:58:10 DEBUG [t1] "TestVolatile":15: 13
2020-12-19 20:58:10 DEBUG [t1] "TestVolatile":15: 13
2020-12-19 20:58:10 DEBUG [t1] "TestVolatile":15: 13
2020-12-19 20:58:10 DEBUG [t1] "TestVolatile":15: 13
2020-12-19 20:58:10 DEBUG [t1] "TestVolatile":15: 13
2020-12-19 20:58:10 DEBUG [t1] "TestVolatile":15: 13
2020-12-19 20:58:10 DEBUG [t1] "TestVolatile":15: 13
2020-12-19 20:58:10 DEBUG [t1] "TestVolatile":15: 13
2020-12-19 20:58:10 DEBUG [t1] "TestVolatile":15: 13
2020-12-19 20:58:10 DEBUG [t1] "TestVolatile":15: 13
2020-12-19 20:58:10 DEBUG [t1] "TestVolatile":15: 13
2020-12-19 20:58:10 DEBUG [t1] "TestVolatile":15: 13
2020-12-19 20:58:10 DEBUG [t1] "TestVolatile":15: 13
2020-12-19 20:58:10 DEBUG [t1] "TestVolatile":15: 13
2020-12-19 20:58:10 DEBUG [t1] "TestVolatile":15: 13
2020-12-19 20:58:10 DEBUG [t1] "TestVolatile":15: 13
2020-12-19 20:58:10 DEBUG [t1] "TestVolatile":15: 13
2020-12-19 20:58:10 DEBUG [t1] "TestVolatile":15: 13
2020-12-19 20:58:10 DEBUG [t1] "TestVolatile":15: 13
2020-12-19 20:58:10 DEBUG [t1] "TestVolatile":15: 13
2020-12-19 20:58:10 DEBUG [t1] "TestVolatile":15: 13
2020-12-19 20:58:10 DEBUG [t1] "TestVolatile":15: 13
2020-12-19 20:58:10 DEBUG [t1] "TestVolatile":15: 13
2020-12-19 20:58:10 DEBUG [t1] "TestVolatile":15: 13
2020-12-19 20:58:10 DEBUG [t1] "TestVolatile":15: 13
2020-12-19 20:58:10 DEBUG [t1] "TestVolatile":15: 13
2020-12-19 20:58:10 DEBUG [t1] "TestVolatile":15: 13
2020-12-19 20:58:10 DEBUG [t1] "TestVolatile":15: 13
2020-12-19 20:58:10 DEBUG [t1] "TestVolatile":15: 13
2020-12-19 20:58:10 DEBUG [t1] "TestVolatile":15: 13
2020-12-19 20:58:10 DEBUG [t1] "TestVolatile":15: 13
2020-12-19 20:58:10 DEBUG [t1] "TestVolatile":15: 13
2020-12-19 20:58:10 DEBUG [t1] "TestVolatile":15: 13
2020-12-19 20:58:10 DEBUG [t1] "TestVolatile":15: 13
2020-12-19 20:58:10 DEBUG [t1] "TestVolatile":15: 13
2020-12-19 20:58:10 DEBUG [t1] "TestVolatile":15: 13
2020-12-19 20:58:10 DEBUG [t1] "TestVolatile":15: 13
2020-12-19 20:58:10 DEBUG [t1] "TestVolatile":15: 13
2020-12-19 20:58:10 DEBUG [t1] "TestVolatile":15: 13
2020-12-19 20:58:10 DEBUG [t1] "TestVolatile":15: 13
2020-12-19 20:58:10 DEBUG [t1] "TestVolatile":15: 13
2020-12-19 20:58:10 DEBUG [t1] "TestVolatile":15: 13
2020-12-19 20:58:10 DEBUG [t1] "TestVolatile":15: 13
2020-12-19 20:58:10 DEBUG [t1] "TestVolatile":15: 13
2020-12-19 20:58:10 DEBUG [t1] "TestVolatile":15: 13
2020-12-19 20:58:10 DEBUG [t1] "TestVolatile":15: 13
2020-12-19 20:58:10 DEBUG [t1] "TestVolatile":15: 13
2020-12-19 20:58:10 DEBUG [t1] "TestVolatile":15: 13
2020-12-19 20:58:10 DEBUG [t1] "TestVolatile":15: 13
2020-12-19 20:58:10 DEBUG [t1] "TestVolatile":15: 13
2020-12-19 20:58:10 DEBUG [t1] "TestVolatile":15: 13
2020-12-19 20:58:10 DEBUG [t1] "TestVolatile":15: 13
2020-12-19 20:58:10 DEBUG [t1] "TestVolatile":15: 13
2020-12-19 20:58:10 DEBUG [t1] "TestVolatile":15: 13
2020-12-19 20:58:10 DEBUG [t1] "TestVolatile":15: 13
2020-12-19 20:58:10 DEBUG [t1] "TestVolatile":15: 13
2020-12-19 20:58:10 DEBUG [t1] "TestVolatile":15: 13
2020-12-19 20:58:10 DEBUG [t1] "TestVolatile":15: 13
2020-12-19 20:58:10 DEBUG [t1] "TestVolatile":15: 13
2020-12-19 20:58:10 DEBUG [t1] "TestVolatile":15: 13
2020-12-19 20:58:10 DEBUG [t1] "TestVolatile":15: 13
2020-12-19 20:58:10 DEBUG [t1] "TestVolatile":15: 13
2020-12-19 20:58:10 DEBUG [t1] "TestVolatile":15: 13
2020-12-19 20:58:10 DEBUG [t1] "TestVolatile":15: 13
2020-12-19 20:58:10 DEBUG [t1] "TestVolatile":15: 13
2020-12-19 20:58:10 DEBUG [t1] "TestVolatile":15: 13
2020-12-19 20:58:10 DEBUG [t1] "TestVolatile":15: 13
2020-12-19 20:58:10 DEBUG [t1] "TestVolatile":15: 13
2020-12-19 20:58:10 DEBUG [t1] "TestVolatile":15: 13
2020-12-19 20:58:10 DEBUG [t1] "TestVolatile":15: 13
2020-12-19 20:58:10 DEBUG [t1] "TestVolatile":15: 13
2020-12-19 20:58:10 DEBUG [t1] "TestVolatile":15: 13
2020-12-19 20:58:10 DEBUG [t1] "TestVolatile":15: 13
2020-12-19 20:58:10 DEBUG [t1] "TestVolatile":15: 13
2020-12-19 20:58:10 DEBUG [t1] "TestVolatile":15: 13
2020-12-19 20:58:10 DEBUG [t1] "TestVolatile":15: 13
2020-12-19 20:58:10 DEBUG [t1] "TestVolatile":15: 13
2020-12-19 20:58:10 DEBUG [t1] "TestVolatile":15: 13
2020-12-19 20:58:10 DEBUG [t1] "TestVolatile":15: 13
2020-12-19 20:58:10 DEBUG [t1] "TestVolatile":15: 13
2020-12-19 20:58:10 DEBUG [t1] "TestVolatile":15: 13
2020-12-19 20:58:10 DEBUG [t1] "TestVolatile":15: 13
2020-12-19 20:58:10 DEBUG [t1] "TestVolatile":15: 13
2020-12-19 20:58:10 DEBUG [t1] "TestVolatile":15: 13
2020-12-19 20:58:10 DEBUG [t1] "TestVolatile":15: 13
2020-12-19 20:58:10 DEBUG [t1] "TestVolatile":15: 13
2020-12-19 20:58:10 DEBUG [t1] "TestVolatile":15: 13
2020-12-19 20:58:10 DEBUG [t1] "TestVolatile":15: 13
2020-12-19 20:58:10 DEBUG [t1] "TestVolatile":15: 13
2020-12-19 20:58:10 DEBUG [t1] "TestVolatile":15: 13
2020-12-19 20:58:10 DEBUG [t1] "TestVolatile":15: 13
2020-12-19 20:58:10 DEBUG [t1] "TestVolatile":15: 13
2020-12-19 20:58:10 DEBUG [t1] "TestVolatile":15: 13
2020-12-19 20:58:10 DEBUG [t1] "TestVolatile":15: 13
2020-12-19 20:58:10 DEBUG [t1] "TestVolatile":15: 13
2020-12-19 20:58:10 DEBUG [t1] "TestVolatile":15: 13
2020-12-19 20:58:10 DEBUG [t1] "TestVolatile":15: 13
2020-12-19 20:58:10 DEBUG [t1] "TestVolatile":15: 13
2020-12-19 20:58:10 DEBUG [t1] "TestVolatile":15: 13
2020-12-19 20:58:10 DEBUG [t1] "TestVolatile":15: 13
2020-12-19 20:58:10 DEBUG [t1] "TestVolatile":15: 13
2020-12-19 20:58:10 DEBUG [t1] "TestVolatile":15: 13
2020-12-19 20:58:10 DEBUG [t1] "TestVolatile":15: 13
2020-12-19 20:58:10 DEBUG [t1] "TestVolatile":15: 13
2020-12-19 20:58:10 DEBUG [t1] "TestVolatile":15: 13
2020-12-19 20:58:10 DEBUG [t1] "TestVolatile":15: 13
2020-12-19 20:58:10 DEBUG [t1] "TestVolatile":15: 13
2020-12-19 20:58:10 DEBUG [t1] "TestVolatile":15: 13
2020-12-19 20:58:10 DEBUG [t1] "TestVolatile":15: 13
2020-12-19 20:58:10 DEBUG [t1] "TestVolatile":15: 13
2020-12-19 20:58:10 DEBUG [t1] "TestVolatile":15: 13
2020-12-19 20:58:10 DEBUG [t1] "TestVolatile":15: 13
2020-12-19 20:58:10 DEBUG [t1] "TestVolatile":15: 13
2020-12-19 20:58:10 DEBUG [t1] "TestVolatile":15: 13
2020-12-19 20:58:10 DEBUG [t1] "TestVolatile":15: 13
2020-12-19 20:58:10 DEBUG [t1] "TestVolatile":15: 13
2020-12-19 20:58:10 DEBUG [t1] "TestVolatile":15: 13
2020-12-19 20:58:10 DEBUG [t1] "TestVolatile":15: 13
2020-12-19 20:58:10 DEBUG [t1] "TestVolatile":15: 13
2020-12-19 20:58:10 DEBUG [t1] "TestVolatile":15: 13
2020-12-19 20:58:10 DEBUG [t1] "TestVolatile":15: 13
2020-12-19 20:58:10 DEBUG [t1] "TestVolatile":15: 13
2020-12-19 20:58:10 DEBUG [t1] "TestVolatile":15: 13
2020-12-19 20:58:10 DEBUG [t1] "TestVolatile":15: 13
2020-12-19 20:58:10 DEBUG [t1] "TestVolatile":15: 13
2020-12-19 20:58:10 DEBUG [t1] "TestVolatile":15: 13
2020-12-19 20:58:10 DEBUG [t1] "TestVolatile":15: 13
2020-12-19 20:58:10 DEBUG [t1] "TestVolatile":15: 13
2020-12-19 20:58:10 DEBUG [t1] "TestVolatile":15: 13
2020-12-19 20:58:10 DEBUG [t1] "TestVolatile":15: 13
2020-12-19 20:58:10 DEBUG [t1] "TestVolatile":15: 13
2020-12-19 20:58:10 DEBUG [t1] "TestVolatile":15: 13
2020-12-19 20:58:10 DEBUG [t1] "TestVolatile":15: 13
2020-12-19 20:58:10 DEBUG [t1] "TestVolatile":15: 13
2020-12-19 20:58:10 DEBUG [t1] "TestVolatile":15: 13
2020-12-19 20:58:10 DEBUG [t1] "TestVolatile":15: 13
2020-12-19 20:58:10 DEBUG [t1] "TestVolatile":15: 13
2020-12-19 20:58:10 DEBUG [t1] "TestVolatile":15: 13
2020-12-19 20:58:10 DEBUG [t1] "TestVolatile":15: 13
2020-12-19 20:58:10 DEBUG [t1] "TestVolatile":15: 13
2020-12-19 20:58:10 DEBUG [t1] "TestVolatile":15: 13
2020-12-19 20:58:10 DEBUG [t1] "TestVolatile":15: 13
2020-12-19 20:58:10 DEBUG [t1] "TestVolatile":15: 13
2020-12-19 20:58:10 DEBUG [t1] "TestVolatile":15: 13
2020-12-19 20:58:10 DEBUG [t1] "TestVolatile":15: 13
2020-12-19 20:58:10 DEBUG [t1] "TestVolatile":15: 13
2020-12-19 20:58:10 DEBUG [t1] "TestVolatile":15: 13
2020-12-19 20:58:10 DEBUG [t1] "TestVolatile":15: 13
2020-12-19 20:58:10 DEBUG [t1] "TestVolatile":15: 13
2020-12-19 20:58:10 DEBUG [t1] "TestVolatile":15: 13
2020-12-19 20:58:10 DEBUG [t1] "TestVolatile":15: 13
2020-12-19 20:58:10 DEBUG [t1] "TestVolatile":15: 13
2020-12-19 20:58:10 DEBUG [t1] "TestVolatile":15: 13
2020-12-19 20:58:10 DEBUG [t1] "TestVolatile":15: 13
2020-12-19 20:58:10 DEBUG [t1] "TestVolatile":15: 13
2020-12-19 20:58:10 DEBUG [t1] "TestVolatile":15: 13
2020-12-19 20:58:10 DEBUG [t1] "TestVolatile":15: 13
2020-12-19 20:58:10 DEBUG [t1] "TestVolatile":15: 13
2020-12-19 20:58:10 DEBUG [t1] "TestVolatile":15: 13
2020-12-19 20:58:10 DEBUG [t1] "TestVolatile":15: 13
2020-12-19 20:58:10 DEBUG [t1] "TestVolatile":15: 13
2020-12-19 20:58:10 DEBUG [t1] "TestVolatile":15: 13
2020-12-19 20:58:10 DEBUG [t1] "TestVolatile":15: 13
2020-12-19 20:58:10 DEBUG [t1] "TestVolatile":15: 13
2020-12-19 20:58:10 DEBUG [t1] "TestVolatile":15: 13
2020-12-19 20:58:10 DEBUG [t1] "TestVolatile":15: 13
2020-12-19 20:58:10 DEBUG [t1] "TestVolatile":15: 13
2020-12-19 20:58:10 DEBUG [t1] "TestVolatile":15: 13
2020-12-19 20:58:10 DEBUG [t1] "TestVolatile":15: 13
2020-12-19 20:58:10 DEBUG [t1] "TestVolatile":15: 13
2020-12-19 20:58:10 DEBUG [t1] "TestVolatile":15: 13
2020-12-19 20:58:10 DEBUG [t1] "TestVolatile":15: 13
2020-12-19 20:58:10 DEBUG [t1] "TestVolatile":15: 13
2020-12-19 20:58:10 DEBUG [t1] "TestVolatile":15: 13
2020-12-19 20:58:10 DEBUG [t1] "TestVolatile":15: 13
2020-12-19 20:58:10 DEBUG [t1] "TestVolatile":15: 13
2020-12-19 20:58:10 DEBUG [t1] "TestVolatile":15: 13
2020-12-19 20:58:10 DEBUG [t1] "TestVolatile":15: 13
2020-12-19 20:58:10 DEBUG [t1] "TestVolatile":15: 13
2020-12-19 20:58:10 DEBUG [t1] "TestVolatile":15: 13
2020-12-19 20:58:10 DEBUG [t1] "TestVolatile":15: 13
2020-12-19 20:58:10 DEBUG [t1] "TestVolatile":15: 13
2020-12-19 20:58:10 DEBUG [t1] "TestVolatile":15: 13
2020-12-19 20:58:10 DEBUG [t1] "TestVolatile":15: 13
2020-12-19 20:58:10 DEBUG [t1] "TestVolatile":15: 13
2020-12-19 20:58:10 DEBUG [t1] "TestVolatile":15: 13
2020-12-19 20:58:10 DEBUG [t1] "TestVolatile":15: 13
2020-12-19 20:58:10 DEBUG [t1] "TestVolatile":15: 13
2020-12-19 20:58:10 DEBUG [t1] "TestVolatile":15: 13
2020-12-19 20:58:10 DEBUG [t1] "TestVolatile":15: 13
2020-12-19 20:58:10 DEBUG [t1] "TestVolatile":15: 13
2020-12-19 20:58:10 DEBUG [t1] "TestVolatile":15: 13
2020-12-19 20:58:10 DEBUG [t1] "TestVolatile":15: 13
2020-12-19 20:58:10 DEBUG [t1] "TestVolatile":15: 13
2020-12-19 20:58:10 DEBUG [t1] "TestVolatile":15: 13
2020-12-19 20:58:10 DEBUG [t1] "TestVolatile":15: 13
2020-12-19 20:58:10 DEBUG [t1] "TestVolatile":15: 13
2020-12-19 20:58:10 DEBUG [t1] "TestVolatile":15: 13
2020-12-19 20:58:10 DEBUG [t1] "TestVolatile":15: 13
2020-12-19 20:58:10 DEBUG [t1] "TestVolatile":15: 13
2020-12-19 20:58:10 DEBUG [t1] "TestVolatile":15: 13
2020-12-19 20:58:10 DEBUG [t1] "TestVolatile":15: 13
2020-12-19 20:58:10 DEBUG [t1] "TestVolatile":15: 13
2020-12-19 20:58:10 DEBUG [t1] "TestVolatile":15: 13
2020-12-19 20:58:10 DEBUG [t1] "TestVolatile":15: 13
2020-12-19 20:58:10 DEBUG [t1] "TestVolatile":15: 13
2020-12-19 20:58:10 DEBUG [t1] "TestVolatile":15: 13
2020-12-19 20:58:10 DEBUG [t1] "TestVolatile":15: 13
2020-12-19 20:58:10 DEBUG [t1] "TestVolatile":15: 13
2020-12-19 20:58:10 DEBUG [t1] "TestVolatile":15: 13
2020-12-19 20:58:10 DEBUG [t1] "TestVolatile":15: 13
2020-12-19 20:58:10 DEBUG [t1] "TestVolatile":15: 13
2020-12-19 20:58:10 DEBUG [t1] "TestVolatile":15: 13
2020-12-19 20:58:10 DEBUG [t1] "TestVolatile":15: 13
2020-12-19 20:58:10 DEBUG [t1] "TestVolatile":15: 13
2020-12-19 20:58:10 DEBUG [t1] "TestVolatile":15: 13
2020-12-19 20:58:10 DEBUG [t1] "TestVolatile":15: 13
2020-12-19 20:58:10 DEBUG [t1] "TestVolatile":15: 13
2020-12-19 20:58:10 DEBUG [t1] "TestVolatile":15: 13
2020-12-19 20:58:10 DEBUG [t1] "TestVolatile":15: 13
2020-12-19 20:58:10 DEBUG [t1] "TestVolatile":15: 13
2020-12-19 20:58:10 DEBUG [t1] "TestVolatile":15: 13
2020-12-19 20:58:10 DEBUG [t1] "TestVolatile":15: 13
2020-12-19 20:58:10 DEBUG [t1] "TestVolatile":15: 13
2020-12-19 20:58:10 DEBUG [t1] "TestVolatile":15: 13
2020-12-19 20:58:10 DEBUG [t1] "TestVolatile":15: 13
2020-12-19 20:58:10 DEBUG [t1] "TestVolatile":15: 13
2020-12-19 20:58:10 DEBUG [t1] "TestVolatile":15: 13
2020-12-19 20:58:10 DEBUG [t1] "TestVolatile":15: 13
2020-12-19 20:58:10 DEBUG [t1] "TestVolatile":15: 13
2020-12-19 20:58:10 DEBUG [t1] "TestVolatile":15: 13
2020-12-19 20:58:10 DEBUG [t1] "TestVolatile":15: 13
2020-12-19 20:58:10 DEBUG [t1] "TestVolatile":15: 13
2020-12-19 20:58:10 DEBUG [t1] "TestVolatile":15: 13
2020-12-19 20:58:10 DEBUG [t1] "TestVolatile":15: 13
2020-12-19 20:58:10 DEBUG [t1] "TestVolatile":15: 13
2020-12-19 20:58:10 DEBUG [t1] "TestVolatile":15: 13
2020-12-19 20:58:10 DEBUG [t1] "TestVolatile":15: 13
2020-12-19 20:58:10 DEBUG [t1] "TestVolatile":15: 13
2020-12-19 20:58:10 DEBUG [t1] "TestVolatile":15: 13
2020-12-19 20:58:10 DEBUG [t1] "TestVolatile":15: 13
2020-12-19 20:58:10 DEBUG [t1] "TestVolatile":15: 13
2020-12-19 20:58:10 DEBUG [t1] "TestVolatile":15: 13
2020-12-19 20:58:10 DEBUG [t1] "TestVolatile":15: 13
2020-12-19 20:58:10 DEBUG [t1] "TestVolatile":15: 13
2020-12-19 20:58:10 DEBUG [t1] "TestVolatile":15: 13
2020-12-19 20:58:10 DEBUG [t1] "TestVolatile":15: 13
2020-12-19 20:58:10 DEBUG [t1] "TestVolatile":15: 13
2020-12-19 20:58:10 DEBUG [t1] "TestVolatile":15: 13
2020-12-19 20:58:10 DEBUG [t1] "TestVolatile":15: 13
2020-12-19 20:58:10 DEBUG [t1] "TestVolatile":15: 13
2020-12-19 20:58:10 DEBUG [t1] "TestVolatile":15: 13
2020-12-19 20:58:10 DEBUG [t1] "TestVolatile":15: 13
2020-12-19 20:58:10 DEBUG [t1] "TestVolatile":15: 13
2020-12-19 20:58:10 DEBUG [t1] "TestVolatile":15: 13
2020-12-19 20:58:10 DEBUG [t1] "TestVolatile":15: 13
2020-12-19 20:58:10 DEBUG [t1] "TestVolatile":15: 13
2020-12-19 20:58:10 DEBUG [t1] "TestVolatile":15: 13
2020-12-19 20:58:10 DEBUG [t1] "TestVolatile":15: 13
2020-12-19 20:58:10 DEBUG [t1] "TestVolatile":15: 13
2020-12-19 20:58:10 DEBUG [t1] "TestVolatile":15: 13
2020-12-19 20:58:10 DEBUG [t1] "TestVolatile":15: 13
2020-12-19 20:58:10 DEBUG [t1] "TestVolatile":15: 13
2020-12-19 20:58:10 DEBUG [t1] "TestVolatile":15: 13
2020-12-19 20:58:10 DEBUG [t1] "TestVolatile":15: 13
2020-12-19 20:58:10 DEBUG [t1] "TestVolatile":15: 13
2020-12-19 20:58:10 DEBUG [t1] "TestVolatile":15: 13
2020-12-19 20:58:10 DEBUG [t1] "TestVolatile":15: 13
2020-12-19 20:58:10 DEBUG [t1] "TestVolatile":15: 13
2020-12-19 20:58:10 DEBUG [t1] "TestVolatile":15: 13
2020-12-19 20:58:10 DEBUG [t1] "TestVolatile":15: 13
2020-12-19 20:58:10 DEBUG [t1] "TestVolatile":15: 13
2020-12-19 20:58:10 DEBUG [t1] "TestVolatile":15: 13
2020-12-19 20:58:10 DEBUG [t1] "TestVolatile":15: 13
2020-12-19 20:58:10 DEBUG [t1] "TestVolatile":15: 13
2020-12-19 20:58:10 DEBUG [t1] "TestVolatile":15: 13
2020-12-19 20:58:10 DEBUG [t1] "TestVolatile":15: 13
2020-12-19 20:58:10 DEBUG [t1] "TestVolatile":15: 13
2020-12-19 20:58:10 DEBUG [t1] "TestVolatile":15: 13
2020-12-19 20:58:10 DEBUG [t1] "TestVolatile":15: 13
2020-12-19 20:58:10 DEBUG [t1] "TestVolatile":15: 13
2020-12-19 20:58:10 DEBUG [t1] "TestVolatile":15: 13
2020-12-19 20:58:10 DEBUG [t1] "TestVolatile":15: 13
2020-12-19 20:58:10 DEBUG [t1] "TestVolatile":15: 13
2020-12-19 20:58:10 DEBUG [t1] "TestVolatile":15: 13
2020-12-19 20:58:10 DEBUG [t1] "TestVolatile":15: 13
2020-12-19 20:58:10 DEBUG [t1] "TestVolatile":15: 13
2020-12-19 20:58:10 DEBUG [t1] "TestVolatile":15: 13
2020-12-19 20:58:10 DEBUG [t1] "TestVolatile":15: 13
2020-12-19 20:58:10 DEBUG [t1] "TestVolatile":15: 13
2020-12-19 20:58:10 DEBUG [t1] "TestVolatile":15: 13
2020-12-19 20:58:10 DEBUG [t1] "TestVolatile":15: 13
2020-12-19 20:58:10 DEBUG [t1] "TestVolatile":15: 13
2020-12-19 20:58:10 DEBUG [t1] "TestVolatile":15: 13
2020-12-19 20:58:10 DEBUG [t1] "TestVolatile":15: 13
2020-12-19 20:58:10 DEBUG [t1] "TestVolatile":15: 13
2020-12-19 20:58:10 DEBUG [t1] "TestVolatile":15: 13
2020-12-19 20:58:10 DEBUG [t1] "TestVolatile":15: 13
2020-12-19 20:58:10 DEBUG [t1] "TestVolatile":15: 13
2020-12-19 20:58:10 DEBUG [t1] "TestVolatile":15: 13
2020-12-19 20:58:10 DEBUG [t1] "TestVolatile":15: 13
2020-12-19 20:58:10 DEBUG [t1] "TestVolatile":15: 13
2020-12-19 20:58:10 DEBUG [t1] "TestVolatile":15: 13
2020-12-19 20:58:10 DEBUG [t1] "TestVolatile":15: 13
2020-12-19 20:58:10 DEBUG [t1] "TestVolatile":15: 13
2020-12-19 20:58:10 DEBUG [t1] "TestVolatile":15: 13
2020-12-19 20:58:10 DEBUG [t1] "TestVolatile":15: 13
2020-12-19 20:58:10 DEBUG [t1] "TestVolatile":15: 13
2020-12-19 20:58:10 DEBUG [t1] "TestVolatile":15: 13
2020-12-19 20:58:10 DEBUG [t1] "TestVolatile":15: 13
2020-12-19 20:58:10 DEBUG [t1] "TestVolatile":15: 13
2020-12-19 20:58:10 DEBUG [t1] "TestVolatile":15: 13
2020-12-19 20:58:10 DEBUG [t1] "TestVolatile":15: 13
2020-12-19 20:58:10 DEBUG [t1] "TestVolatile":15: 13
2020-12-19 20:58:10 DEBUG [t1] "TestVolatile":15: 13
2020-12-19 20:58:10 DEBUG [t1] "TestVolatile":15: 13
2020-12-19 20:58:10 DEBUG [t1] "TestVolatile":15: 13
2020-12-19 20:58:10 DEBUG [t1] "TestVolatile":15: 13
2020-12-19 20:58:10 DEBUG [t1] "TestVolatile":15: 13
2020-12-19 20:58:10 DEBUG [t1] "TestVolatile":15: 13
2020-12-19 20:58:10 DEBUG [t1] "TestVolatile":15: 13
2020-12-19 20:58:10 DEBUG [t1] "TestVolatile":15: 13
2020-12-19 20:58:10 DEBUG [t1] "TestVolatile":15: 13
2020-12-19 20:58:10 DEBUG [t1] "TestVolatile":15: 13
2020-12-19 20:58:10 DEBUG [t1] "TestVolatile":15: 13
2020-12-19 20:58:10 DEBUG [t1] "TestVolatile":15: 13
2020-12-19 20:58:10 DEBUG [t1] "TestVolatile":15: 13
2020-12-19 20:58:10 DEBUG [t1] "TestVolatile":15: 13
2020-12-19 20:58:10 DEBUG [t1] "TestVolatile":15: 13
2020-12-19 20:58:10 DEBUG [t1] "TestVolatile":15: 13
2020-12-19 20:58:10 DEBUG [t1] "TestVolatile":15: 13
2020-12-19 20:58:10 DEBUG [t1] "TestVolatile":15: 13
2020-12-19 20:58:10 DEBUG [t1] "TestVolatile":15: 13
2020-12-19 20:58:10 DEBUG [t1] "TestVolatile":15: 13
2020-12-19 20:58:10 DEBUG [t1] "TestVolatile":15: 13
2020-12-19 20:58:10 DEBUG [t1] "TestVolatile":15: 13
2020-12-19 20:58:10 DEBUG [t1] "TestVolatile":15: 13
2020-12-19 20:58:10 DEBUG [t1] "TestVolatile":15: 13
2020-12-19 20:58:10 DEBUG [t1] "TestVolatile":15: 13
2020-12-19 20:58:10 DEBUG [t1] "TestVolatile":15: 13
2020-12-19 20:58:10 DEBUG [t1] "TestVolatile":15: 13
2020-12-19 20:58:10 DEBUG [t1] "TestVolatile":15: 13
2020-12-19 20:58:10 DEBUG [t1] "TestVolatile":15: 13
2020-12-19 20:58:10 DEBUG [t1] "TestVolatile":15: 13
2020-12-19 20:58:10 DEBUG [t1] "TestVolatile":15: 13
2020-12-19 20:58:10 DEBUG [t1] "TestVolatile":15: 13
2020-12-19 20:58:10 DEBUG [t1] "TestVolatile":15: 13
2020-12-19 20:58:10 DEBUG [t1] "TestVolatile":15: 13
2020-12-19 20:58:10 DEBUG [t1] "TestVolatile":15: 13
2020-12-19 20:58:10 DEBUG [t1] "TestVolatile":15: 13
2020-12-19 20:58:10 DEBUG [t1] "TestVolatile":15: 13
2020-12-19 20:58:10 DEBUG [t1] "TestVolatile":15: 13
2020-12-19 20:58:10 DEBUG [t1] "TestVolatile":15: 13
2020-12-19 20:58:10 DEBUG [t1] "TestVolatile":15: 13
2020-12-19 20:58:10 DEBUG [t1] "TestVolatile":15: 13
2020-12-19 20:58:10 DEBUG [t1] "TestVolatile":15: 13
2020-12-19 20:58:10 DEBUG [t1] "TestVolatile":15: 13
2020-12-19 20:58:10 DEBUG [t1] "TestVolatile":15: 13
2020-12-19 20:58:10 DEBUG [t1] "TestVolatile":15: 13
2020-12-19 20:58:10 DEBUG [t1] "TestVolatile":15: 13
2020-12-19 20:58:10 DEBUG [t1] "TestVolatile":15: 13
2020-12-19 20:58:10 DEBUG [t1] "TestVolatile":15: 13
2020-12-19 20:58:10 DEBUG [t1] "TestVolatile":15: 13
2020-12-19 20:58:10 DEBUG [t1] "TestVolatile":15: 13
2020-12-19 20:58:10 DEBUG [t1] "TestVolatile":15: 13
2020-12-19 20:58:10 DEBUG [t1] "TestVolatile":15: 13
2020-12-19 20:58:10 DEBUG [t1] "TestVolatile":15: 13
2020-12-19 20:58:10 DEBUG [t1] "TestVolatile":15: 13
2020-12-19 20:58:10 DEBUG [t1] "TestVolatile":15: 13
2020-12-19 20:58:10 DEBUG [t1] "TestVolatile":15: 13
2020-12-19 20:58:10 DEBUG [t1] "TestVolatile":15: 13
2020-12-19 20:58:10 DEBUG [t1] "TestVolatile":15: 13
2020-12-19 20:58:10 DEBUG [t1] "TestVolatile":15: 13
2020-12-19 20:58:10 DEBUG [t1] "TestVolatile":15: 13
2020-12-19 20:58:10 DEBUG [t1] "TestVolatile":15: 13
2020-12-19 20:58:10 DEBUG [t1] "TestVolatile":15: 13
2020-12-19 20:58:10 DEBUG [t1] "TestVolatile":15: 13
2020-12-19 20:58:10 DEBUG [t1] "TestVolatile":15: 13
2020-12-19 20:58:10 DEBUG [t1] "TestVolatile":15: 13
2020-12-19 20:58:10 DEBUG [t1] "TestVolatile":15: 13
2020-12-19 20:58:10 DEBUG [t1] "TestVolatile":15: 13
2020-12-19 20:58:10 DEBUG [t1] "TestVolatile":15: 13
2020-12-19 20:58:10 DEBUG [t1] "TestVolatile":15: 13
2020-12-19 20:58:10 DEBUG [t1] "TestVolatile":15: 13
2020-12-19 20:58:10 DEBUG [t1] "TestVolatile":15: 13
2020-12-19 20:58:10 DEBUG [t1] "TestVolatile":15: 13
2020-12-19 20:58:10 DEBUG [t1] "TestVolatile":15: 13
2020-12-19 20:58:10 DEBUG [t1] "TestVolatile":15: 13
2020-12-19 20:58:10 DEBUG [t1] "TestVolatile":15: 13
2020-12-19 20:58:10 DEBUG [t1] "TestVolatile":15: 13
2020-12-19 20:58:10 DEBUG [t1] "TestVolatile":15: 13
2020-12-19 20:58:10 DEBUG [t1] "TestVolatile":15: 13
2020-12-19 20:58:10 DEBUG [t1] "TestVolatile":15: 13
2020-12-19 20:58:10 DEBUG [t1] "TestVolatile":15: 13
2020-12-19 20:58:10 DEBUG [t1] "TestVolatile":15: 13
2020-12-19 20:58:10 DEBUG [t1] "TestVolatile":15: 13
2020-12-19 20:58:10 DEBUG [t1] "TestVolatile":15: 13
2020-12-19 20:58:10 DEBUG [t1] "TestVolatile":15: 13
2020-12-19 20:58:10 DEBUG [t1] "TestVolatile":15: 13
2020-12-19 20:58:10 DEBUG [t1] "TestVolatile":15: 13
2020-12-19 20:58:10 DEBUG [t1] "TestVolatile":15: 13
2020-12-19 20:58:10 DEBUG [t1] "TestVolatile":15: 13
2020-12-19 20:58:10 DEBUG [t1] "TestVolatile":15: 13
2020-12-19 20:58:10 DEBUG [t1] "TestVolatile":15: 13
2020-12-19 20:58:10 DEBUG [t1] "TestVolatile":15: 13
2020-12-19 20:58:10 DEBUG [t1] "TestVolatile":15: 13
2020-12-19 20:58:10 DEBUG [t1] "TestVolatile":15: 13
2020-12-19 20:58:10 DEBUG [t1] "TestVolatile":15: 13
2020-12-19 20:58:10 DEBUG [t1] "TestVolatile":15: 13
2020-12-19 20:58:10 DEBUG [t1] "TestVolatile":15: 13
2020-12-19 20:58:10 DEBUG [t1] "TestVolatile":15: 13
2020-12-19 20:58:10 DEBUG [t1] "TestVolatile":15: 13
2020-12-19 20:58:10 DEBUG [t1] "TestVolatile":15: 13
2020-12-19 20:58:10 DEBUG [t1] "TestVolatile":15: 13
2020-12-19 20:58:10 DEBUG [t1] "TestVolatile":15: 13
2020-12-19 20:58:10 DEBUG [t1] "TestVolatile":15: 13
2020-12-19 20:58:10 DEBUG [t1] "TestVolatile":15: 13
2020-12-19 20:58:10 DEBUG [t1] "TestVolatile":15: 13
2020-12-19 20:58:10 DEBUG [t1] "TestVolatile":15: 13
2020-12-19 20:58:10 DEBUG [t1] "TestVolatile":15: 13
2020-12-19 20:58:10 DEBUG [t1] "TestVolatile":15: 13
2020-12-19 20:58:10 DEBUG [t1] "TestVolatile":15: 13
2020-12-19 20:58:10 DEBUG [t1] "TestVolatile":15: 13
2020-12-19 20:58:10 DEBUG [t1] "TestVolatile":15: 13
2020-12-19 20:58:10 DEBUG [t1] "TestVolatile":15: 13
2020-12-19 20:58:10 DEBUG [t1] "TestVolatile":15: 13
2020-12-19 20:58:10 DEBUG [t1] "TestVolatile":15: 13
2020-12-19 20:58:10 DEBUG [t1] "TestVolatile":15: 13
2020-12-19 20:58:10 DEBUG [t1] "TestVolatile":15: 13
2020-12-19 20:58:10 DEBUG [t1] "TestVolatile":15: 13
2020-12-19 20:58:10 DEBUG [t1] "TestVolatile":15: 13
2020-12-19 20:58:10 DEBUG [t1] "TestVolatile":15: 13
2020-12-19 20:58:10 DEBUG [t1] "TestVolatile":15: 13
2020-12-19 20:58:10 DEBUG [t1] "TestVolatile":15: 13
2020-12-19 20:58:10 DEBUG [t1] "TestVolatile":15: 13
2020-12-19 20:58:10 DEBUG [t1] "TestVolatile":15: 13
2020-12-19 20:58:10 DEBUG [t1] "TestVolatile":15: 13
2020-12-19 20:58:10 DEBUG [t1] "TestVolatile":15: 13
2020-12-19 20:58:10 DEBUG [t1] "TestVolatile":15: 13
2020-12-19 20:58:10 DEBUG [t1] "TestVolatile":15: 13
2020-12-19 20:58:10 DEBUG [t1] "TestVolatile":15: 13
2020-12-19 20:58:10 DEBUG [t1] "TestVolatile":15: 13
2020-12-19 20:58:10 DEBUG [t1] "TestVolatile":15: 13
2020-12-19 20:58:10 DEBUG [t1] "TestVolatile":15: 13
2020-12-19 20:58:10 DEBUG [t1] "TestVolatile":15: 13
2020-12-19 20:58:10 DEBUG [t1] "TestVolatile":15: 13
2020-12-19 20:58:10 DEBUG [t1] "TestVolatile":15: 13
2020-12-19 20:58:10 DEBUG [t1] "TestVolatile":15: 13
2020-12-19 20:58:10 DEBUG [t1] "TestVolatile":15: 13
2020-12-19 20:58:10 DEBUG [t1] "TestVolatile":15: 13
2020-12-19 20:58:10 DEBUG [t1] "TestVolatile":15: 13
2020-12-19 20:58:10 DEBUG [t1] "TestVolatile":15: 13
2020-12-19 20:58:10 DEBUG [t1] "TestVolatile":15: 13
2020-12-19 20:58:10 DEBUG [t1] "TestVolatile":15: 13
2020-12-19 20:58:10 DEBUG [t1] "TestVolatile":15: 13
2020-12-19 20:58:10 DEBUG [t1] "TestVolatile":15: 13
2020-12-19 20:58:10 DEBUG [t1] "TestVolatile":15: 13
2020-12-19 20:58:10 DEBUG [t1] "TestVolatile":15: 13
2020-12-19 20:58:10 DEBUG [t1] "TestVolatile":15: 13
2020-12-19 20:58:10 DEBUG [t1] "TestVolatile":15: 13
2020-12-19 20:58:10 DEBUG [t1] "TestVolatile":15: 13
2020-12-19 20:58:10 DEBUG [t1] "TestVolatile":15: 13
2020-12-19 20:58:10 DEBUG [t1] "TestVolatile":15: 13
2020-12-19 20:58:10 DEBUG [t1] "TestVolatile":15: 13
2020-12-19 20:58:10 DEBUG [t1] "TestVolatile":15: 13
2020-12-19 20:58:10 DEBUG [t1] "TestVolatile":15: 13
2020-12-19 20:58:10 DEBUG [t1] "TestVolatile":15: 13
2020-12-19 20:58:10 DEBUG [t1] "TestVolatile":15: 13
2020-12-19 20:58:10 DEBUG [t1] "TestVolatile":15: 13
2020-12-19 20:58:10 DEBUG [t1] "TestVolatile":15: 13
2020-12-19 20:58:10 DEBUG [t1] "TestVolatile":15: 13
2020-12-19 20:58:10 DEBUG [t1] "TestVolatile":15: 13
2020-12-19 20:58:10 DEBUG [t1] "TestVolatile":15: 13
2020-12-19 20:58:10 DEBUG [t1] "TestVolatile":15: 13
2020-12-19 20:58:10 DEBUG [t1] "TestVolatile":15: 13
2020-12-19 20:58:10 DEBUG [t1] "TestVolatile":15: 13
2020-12-19 20:58:10 DEBUG [t1] "TestVolatile":15: 13
2020-12-19 20:58:10 DEBUG [t1] "TestVolatile":15: 13
2020-12-19 20:58:10 DEBUG [t1] "TestVolatile":15: 13
2020-12-19 20:58:10 DEBUG [t1] "TestVolatile":15: 13
2020-12-19 20:58:10 DEBUG [t1] "TestVolatile":15: 13
2020-12-19 20:58:10 DEBUG [t1] "TestVolatile":15: 13
2020-12-19 20:58:10 DEBUG [t1] "TestVolatile":15: 13
2020-12-19 20:58:10 DEBUG [t1] "TestVolatile":15: 13
2020-12-19 20:58:10 DEBUG [t1] "TestVolatile":15: 13
2020-12-19 20:58:10 DEBUG [t1] "TestVolatile":15: 13
2020-12-19 20:58:10 DEBUG [t1] "TestVolatile":15: 13
2020-12-19 20:58:10 DEBUG [t1] "TestVolatile":15: 13
2020-12-19 20:58:10 DEBUG [t1] "TestVolatile":15: 13
2020-12-19 20:58:10 DEBUG [t1] "TestVolatile":15: 13
2020-12-19 20:58:10 DEBUG [t1] "TestVolatile":15: 13
2020-12-19 20:58:10 DEBUG [t1] "TestVolatile":15: 13
2020-12-19 20:58:10 DEBUG [t1] "TestVolatile":15: 13
2020-12-19 20:58:10 DEBUG [t1] "TestVolatile":15: 13
2020-12-19 20:58:10 DEBUG [t1] "TestVolatile":15: 13
2020-12-19 20:58:10 DEBUG [t1] "TestVolatile":15: 13
2020-12-19 20:58:10 DEBUG [t1] "TestVolatile":15: 13
2020-12-19 20:58:10 DEBUG [t1] "TestVolatile":15: 13
2020-12-19 20:58:10 DEBUG [t1] "TestVolatile":15: 13
2020-12-19 20:58:10 DEBUG [t1] "TestVolatile":15: 13
2020-12-19 20:58:10 DEBUG [t1] "TestVolatile":15: 13
2020-12-19 20:58:10 DEBUG [t1] "TestVolatile":15: 13
2020-12-19 20:58:10 DEBUG [t1] "TestVolatile":15: 13
2020-12-19 20:58:10 DEBUG [t1] "TestVolatile":15: 13
2020-12-19 20:58:10 DEBUG [t1] "TestVolatile":15: 13
2020-12-19 20:58:10 DEBUG [t1] "TestVolatile":15: 13
2020-12-19 20:58:10 DEBUG [t1] "TestVolatile":15: 13
2020-12-19 20:58:10 DEBUG [t1] "TestVolatile":15: 13
2020-12-19 20:58:10 DEBUG [t1] "TestVolatile":15: 13
2020-12-19 20:58:10 DEBUG [t1] "TestVolatile":15: 13
2020-12-19 20:58:10 DEBUG [t1] "TestVolatile":15: 13
2020-12-19 20:58:10 DEBUG [t1] "TestVolatile":15: 13
2020-12-19 20:58:10 DEBUG [t1] "TestVolatile":15: 13
2020-12-19 20:58:10 DEBUG [t1] "TestVolatile":15: 13
2020-12-19 20:58:10 DEBUG [t1] "TestVolatile":15: 13
2020-12-19 20:58:10 DEBUG [t1] "TestVolatile":15: 13
2020-12-19 20:58:10 DEBUG [t1] "TestVolatile":15: 13
2020-12-19 20:58:10 DEBUG [t1] "TestVolatile":15: 13
2020-12-19 20:58:10 DEBUG [t1] "TestVolatile":15: 13
2020-12-19 20:58:10 DEBUG [t1] "TestVolatile":15: 13
2020-12-19 20:58:10 DEBUG [t1] "TestVolatile":15: 13
2020-12-19 20:58:10 DEBUG [t1] "TestVolatile":15: 13
2020-12-19 20:58:10 DEBUG [t1] "TestVolatile":15: 13
2020-12-19 20:58:10 DEBUG [t1] "TestVolatile":15: 13
2020-12-19 20:58:10 DEBUG [t1] "TestVolatile":15: 13
2020-12-19 20:58:10 DEBUG [t1] "TestVolatile":15: 13
2020-12-19 20:58:10 DEBUG [t1] "TestVolatile":15: 13
2020-12-19 20:58:10 DEBUG [t1] "TestVolatile":15: 13
2020-12-19 20:58:10 DEBUG [t1] "TestVolatile":15: 13
2020-12-19 20:58:10 DEBUG [t1] "TestVolatile":15: 13
2020-12-19 20:58:10 DEBUG [t1] "TestVolatile":15: 13
2020-12-19 20:58:10 DEBUG [t1] "TestVolatile":15: 13
2020-12-19 20:58:10 DEBUG [t1] "TestVolatile":15: 13
2020-12-19 20:58:10 DEBUG [t1] "TestVolatile":15: 13
2020-12-19 20:58:10 DEBUG [t1] "TestVolatile":15: 13
2020-12-19 20:58:10 DEBUG [t1] "TestVolatile":15: 13
2020-12-19 20:58:10 DEBUG [t1] "TestVolatile":15: 13
2020-12-19 20:58:10 DEBUG [t1] "TestVolatile":15: 13
2020-12-19 20:58:10 DEBUG [t1] "TestVolatile":15: 13
2020-12-19 20:58:10 DEBUG [t1] "TestVolatile":15: 13
2020-12-19 20:58:10 DEBUG [t1] "TestVolatile":15: 13
2020-12-19 20:58:10 DEBUG [t1] "TestVolatile":15: 13
2020-12-19 20:58:10 DEBUG [t1] "TestVolatile":15: 13
2020-12-19 20:58:10 DEBUG [t1] "TestVolatile":15: 13
2020-12-19 20:58:10 DEBUG [t1] "TestVolatile":15: 13
2020-12-19 20:58:10 DEBUG [t1] "TestVolatile":15: 13
2020-12-19 20:58:10 DEBUG [t1] "TestVolatile":15: 13
2020-12-19 20:58:10 DEBUG [t1] "TestVolatile":15: 13
2020-12-19 20:58:10 DEBUG [t1] "TestVolatile":15: 13
2020-12-19 20:58:10 DEBUG [t1] "TestVolatile":15: 13
2020-12-19 20:58:10 DEBUG [t1] "TestVolatile":15: 13
2020-12-19 20:58:10 DEBUG [t1] "TestVolatile":15: 13
2020-12-19 20:58:10 DEBUG [t1] "TestVolatile":15: 13
2020-12-19 20:58:10 DEBUG [t1] "TestVolatile":15: 13
2020-12-19 20:58:10 DEBUG [t1] "TestVolatile":15: 13
2020-12-19 20:58:10 DEBUG [t1] "TestVolatile":15: 13
2020-12-19 20:58:10 DEBUG [t1] "TestVolatile":15: 13
2020-12-19 20:58:10 DEBUG [t1] "TestVolatile":15: 13
2020-12-19 20:58:10 DEBUG [t1] "TestVolatile":15: 13
2020-12-19 20:58:10 DEBUG [t1] "TestVolatile":15: 13
2020-12-19 20:58:10 DEBUG [t1] "TestVolatile":15: 13
2020-12-19 20:58:10 DEBUG [t1] "TestVolatile":15: 13
2020-12-19 20:58:10 DEBUG [t1] "TestVolatile":15: 13
2020-12-19 20:58:10 DEBUG [t1] "TestVolatile":15: 13
2020-12-19 20:58:10 DEBUG [t1] "TestVolatile":15: 13
2020-12-19 20:58:10 DEBUG [t1] "TestVolatile":15: 13
2020-12-19 20:58:10 DEBUG [t1] "TestVolatile":15: 13
2020-12-19 20:58:10 DEBUG [t1] "TestVolatile":15: 13
2020-12-19 20:58:10 DEBUG [t1] "TestVolatile":15: 13
2020-12-19 20:58:10 DEBUG [t1] "TestVolatile":15: 13
2020-12-19 20:58:10 DEBUG [t1] "TestVolatile":15: 13
2020-12-19 20:58:10 DEBUG [t1] "TestVolatile":15: 13
2020-12-19 20:58:10 DEBUG [t1] "TestVolatile":15: 13
2020-12-19 20:58:10 DEBUG [t1] "TestVolatile":15: 13
2020-12-19 20:58:10 DEBUG [t1] "TestVolatile":15: 13
2020-12-19 20:58:10 DEBUG [t1] "TestVolatile":15: 13
2020-12-19 20:58:10 DEBUG [t1] "TestVolatile":15: 13
2020-12-19 20:58:10 DEBUG [t1] "TestVolatile":15: 13
2020-12-19 20:58:10 DEBUG [t1] "TestVolatile":15: 13
2020-12-19 20:58:10 DEBUG [t1] "TestVolatile":15: 13
2020-12-19 20:58:10 DEBUG [t1] "TestVolatile":15: 13
2020-12-19 20:58:10 DEBUG [t1] "TestVolatile":15: 13
2020-12-19 20:58:10 DEBUG [t1] "TestVolatile":15: 13
2020-12-19 20:58:10 DEBUG [t1] "TestVolatile":15: 13
2020-12-19 20:58:10 DEBUG [t1] "TestVolatile":15: 13
2020-12-19 20:58:10 DEBUG [t1] "TestVolatile":15: 13
2020-12-19 20:58:10 DEBUG [t1] "TestVolatile":15: 13
2020-12-19 20:58:10 DEBUG [t1] "TestVolatile":15: 13
2020-12-19 20:58:10 DEBUG [t1] "TestVolatile":15: 13
2020-12-19 20:58:10 DEBUG [t1] "TestVolatile":15: 13
2020-12-19 20:58:10 DEBUG [t1] "TestVolatile":15: 13
2020-12-19 20:58:10 DEBUG [t1] "TestVolatile":15: 13
2020-12-19 20:58:10 DEBUG [t1] "TestVolatile":15: 13
2020-12-19 20:58:10 DEBUG [t1] "TestVolatile":15: 13
2020-12-19 20:58:10 DEBUG [t1] "TestVolatile":15: 13
2020-12-19 20:58:10 DEBUG [t1] "TestVolatile":15: 13
2020-12-19 20:58:10 DEBUG [t1] "TestVolatile":15: 13
2020-12-19 20:58:10 DEBUG [t1] "TestVolatile":15: 13
2020-12-19 20:58:10 DEBUG [t1] "TestVolatile":15: 13
2020-12-19 20:58:10 DEBUG [t1] "TestVolatile":15: 13
2020-12-19 20:58:10 DEBUG [t1] "TestVolatile":15: 13
2020-12-19 20:58:10 DEBUG [t1] "TestVolatile":15: 13
2020-12-19 20:58:10 DEBUG [t1] "TestVolatile":15: 13
2020-12-19 20:58:10 DEBUG [t1] "TestVolatile":15: 13
2020-12-19 20:58:10 DEBUG [t1] "TestVolatile":15: 13
2020-12-19 20:58:10 DEBUG [t1] "TestVolatile":15: 13
2020-12-19 20:58:10 DEBUG [t1] "TestVolatile":15: 13
2020-12-19 20:58:10 DEBUG [t1] "TestVolatile":15: 13
2020-12-19 20:58:10 DEBUG [t1] "TestVolatile":15: 13
2020-12-19 20:58:10 DEBUG [t1] "TestVolatile":15: 13
2020-12-19 20:58:10 DEBUG [t1] "TestVolatile":15: 13
2020-12-19 20:58:10 DEBUG [t1] "TestVolatile":15: 13
2020-12-19 20:58:10 DEBUG [t1] "TestVolatile":15: 13
2020-12-19 20:58:10 DEBUG [t1] "TestVolatile":15: 13
2020-12-19 20:58:10 DEBUG [t1] "TestVolatile":15: 13
2020-12-19 20:58:10 DEBUG [t1] "TestVolatile":15: 13
2020-12-19 20:58:10 DEBUG [t1] "TestVolatile":15: 13
2020-12-19 20:58:10 DEBUG [t1] "TestVolatile":15: 13
2020-12-19 20:58:10 DEBUG [t1] "TestVolatile":15: 13
2020-12-19 20:58:10 DEBUG [t1] "TestVolatile":15: 13
2020-12-19 20:58:10 DEBUG [t1] "TestVolatile":15: 13
2020-12-19 20:58:10 DEBUG [t1] "TestVolatile":15: 13
2020-12-19 20:58:10 DEBUG [t1] "TestVolatile":15: 13
2020-12-19 20:58:10 DEBUG [t1] "TestVolatile":15: 13
2020-12-19 20:58:10 DEBUG [t1] "TestVolatile":15: 13
2020-12-19 20:58:10 DEBUG [t1] "TestVolatile":15: 13
2020-12-19 20:58:10 DEBUG [t1] "TestVolatile":15: 13
2020-12-19 20:58:10 DEBUG [t1] "TestVolatile":15: 13
2020-12-19 20:58:10 DEBUG [t1] "TestVolatile":15: 13
2020-12-19 20:58:10 DEBUG [t1] "TestVolatile":15: 13
2020-12-19 20:58:10 DEBUG [t1] "TestVolatile":15: 13
2020-12-19 20:58:10 DEBUG [t1] "TestVolatile":15: 13
2020-12-19 20:58:10 DEBUG [t1] "TestVolatile":15: 13
2020-12-19 20:58:10 DEBUG [t1] "TestVolatile":15: 13
2020-12-19 20:58:10 DEBUG [t1] "TestVolatile":15: 13
2020-12-19 20:58:10 DEBUG [t1] "TestVolatile":15: 13
2020-12-19 20:58:10 DEBUG [t1] "TestVolatile":15: 13
2020-12-19 20:58:10 DEBUG [t1] "TestVolatile":15: 13
2020-12-19 20:58:10 DEBUG [t1] "TestVolatile":15: 13
2020-12-19 20:58:10 DEBUG [t1] "TestVolatile":15: 13
2020-12-19 20:58:10 DEBUG [t1] "TestVolatile":15: 13
2020-12-19 20:58:10 DEBUG [t1] "TestVolatile":15: 13
2020-12-19 20:58:10 DEBUG [t1] "TestVolatile":15: 13
2020-12-19 20:58:10 DEBUG [t1] "TestVolatile":15: 13
2020-12-19 20:58:10 DEBUG [t1] "TestVolatile":15: 13
2020-12-19 20:58:10 DEBUG [t1] "TestVolatile":15: 13
2020-12-19 20:58:10 DEBUG [t1] "TestVolatile":15: 13
2020-12-19 20:58:10 DEBUG [t1] "TestVolatile":15: 13
2020-12-19 20:58:10 DEBUG [t1] "TestVolatile":15: 13
2020-12-19 20:58:10 DEBUG [t1] "TestVolatile":15: 13
2020-12-19 20:58:10 DEBUG [t1] "TestVolatile":15: 13
2020-12-19 20:58:10 DEBUG [t1] "TestVolatile":15: 13
2020-12-19 20:58:10 DEBUG [t1] "TestVolatile":15: 13
2020-12-19 20:58:10 DEBUG [t1] "TestVolatile":15: 13
2020-12-19 20:58:10 DEBUG [t1] "TestVolatile":15: 13
2020-12-19 20:58:10 DEBUG [t1] "TestVolatile":15: 13
2020-12-19 20:58:10 DEBUG [t1] "TestVolatile":15: 13
2020-12-19 20:58:10 DEBUG [t1] "TestVolatile":15: 13
2020-12-19 20:58:10 DEBUG [t1] "TestVolatile":15: 13
2020-12-19 20:58:10 DEBUG [t1] "TestVolatile":15: 13
2020-12-19 20:58:10 DEBUG [t1] "TestVolatile":15: 13
2020-12-19 20:58:10 DEBUG [t1] "TestVolatile":15: 13
2020-12-19 20:58:10 DEBUG [t1] "TestVolatile":15: 13
2020-12-19 20:58:10 DEBUG [t1] "TestVolatile":15: 13
2020-12-19 20:58:10 DEBUG [t1] "TestVolatile":15: 13
2020-12-19 20:58:10 DEBUG [t1] "TestVolatile":15: 13
2020-12-19 20:58:10 DEBUG [t1] "TestVolatile":15: 13
2020-12-19 20:58:10 DEBUG [t1] "TestVolatile":15: 13
2020-12-19 20:58:10 DEBUG [t1] "TestVolatile":15: 13
2020-12-19 20:58:10 DEBUG [t1] "TestVolatile":15: 13
2020-12-19 20:58:10 DEBUG [t1] "TestVolatile":15: 13
2020-12-19 20:58:10 DEBUG [t1] "TestVolatile":15: 13
2020-12-19 20:58:10 DEBUG [t1] "TestVolatile":15: 13
2020-12-19 20:58:10 DEBUG [t1] "TestVolatile":15: 13
2020-12-19 20:58:10 DEBUG [t1] "TestVolatile":15: 13
2020-12-19 20:58:10 DEBUG [t1] "TestVolatile":15: 13
2020-12-19 20:58:10 DEBUG [t1] "TestVolatile":15: 13
2020-12-19 20:58:10 DEBUG [t1] "TestVolatile":15: 13
2020-12-19 20:58:10 DEBUG [t1] "TestVolatile":15: 13
2020-12-19 20:58:10 DEBUG [t1] "TestVolatile":15: 13
2020-12-19 20:58:10 DEBUG [t1] "TestVolatile":15: 13
2020-12-19 20:58:10 DEBUG [t1] "TestVolatile":15: 13
2020-12-19 20:58:10 DEBUG [t1] "TestVolatile":15: 13
2020-12-19 20:58:10 DEBUG [t1] "TestVolatile":15: 13
2020-12-19 20:58:10 DEBUG [t1] "TestVolatile":15: 13
2020-12-19 20:58:10 DEBUG [t1] "TestVolatile":15: 13
2020-12-19 20:58:10 DEBUG [t1] "TestVolatile":15: 13
2020-12-19 20:58:10 DEBUG [t1] "TestVolatile":15: 13
2020-12-19 20:58:10 DEBUG [t1] "TestVolatile":15: 13
2020-12-19 20:58:10 DEBUG [t1] "TestVolatile":15: 13
2020-12-19 20:58:10 DEBUG [t1] "TestVolatile":15: 13
2020-12-19 20:58:10 DEBUG [t1] "TestVolatile":15: 13
2020-12-19 20:58:10 DEBUG [t1] "TestVolatile":15: 13
2020-12-19 20:58:10 DEBUG [t1] "TestVolatile":15: 13
2020-12-19 20:58:10 DEBUG [t1] "TestVolatile":15: 13
2020-12-19 20:58:10 DEBUG [t1] "TestVolatile":15: 13
2020-12-19 20:58:10 DEBUG [t1] "TestVolatile":15: 13
2020-12-19 20:58:10 DEBUG [t1] "TestVolatile":15: 13
2020-12-19 20:58:10 DEBUG [t1] "TestVolatile":15: 13
2020-12-19 20:58:10 DEBUG [t1] "TestVolatile":15: 13
2020-12-19 20:58:10 DEBUG [t1] "TestVolatile":15: 13
2020-12-19 20:58:10 DEBUG [t1] "TestVolatile":15: 13
2020-12-19 20:58:10 DEBUG [t1] "TestVolatile":15: 13
2020-12-19 20:58:10 DEBUG [t1] "TestVolatile":15: 13
2020-12-19 20:58:10 DEBUG [t1] "TestVolatile":15: 13
2020-12-19 20:58:10 DEBUG [t1] "TestVolatile":15: 13
2020-12-19 20:58:10 DEBUG [t1] "TestVolatile":15: 13
2020-12-19 20:58:10 DEBUG [t1] "TestVolatile":15: 13
2020-12-19 20:58:10 DEBUG [t1] "TestVolatile":15: 13
2020-12-19 20:58:10 DEBUG [t1] "TestVolatile":15: 13
2020-12-19 20:58:10 DEBUG [t1] "TestVolatile":15: 13
2020-12-19 20:58:10 DEBUG [t1] "TestVolatile":15: 13
2020-12-19 20:58:10 DEBUG [t1] "TestVolatile":15: 13
2020-12-19 20:58:10 DEBUG [t1] "TestVolatile":15: 13
2020-12-19 20:58:10 DEBUG [t1] "TestVolatile":15: 13
2020-12-19 20:58:10 DEBUG [t1] "TestVolatile":15: 13
2020-12-19 20:58:10 DEBUG [t1] "TestVolatile":15: 13
2020-12-19 20:58:10 DEBUG [t1] "TestVolatile":15: 13
2020-12-19 20:58:10 DEBUG [t1] "TestVolatile":15: 13
2020-12-19 20:58:10 DEBUG [t1] "TestVolatile":15: 13
2020-12-19 20:58:10 DEBUG [t1] "TestVolatile":15: 13
2020-12-19 20:58:10 DEBUG [t1] "TestVolatile":15: 13
2020-12-19 20:58:10 DEBUG [t1] "TestVolatile":15: 13
2020-12-19 20:58:10 DEBUG [t1] "TestVolatile":15: 13
2020-12-19 20:58:10 DEBUG [t1] "TestVolatile":15: 13
2020-12-19 20:58:10 DEBUG [t1] "TestVolatile":15: 13
2020-12-19 20:58:10 DEBUG [t1] "TestVolatile":15: 13
2020-12-19 20:58:10 DEBUG [t1] "TestVolatile":15: 13
2020-12-19 20:58:10 DEBUG [t1] "TestVolatile":15: 13
2020-12-19 20:58:10 DEBUG [t1] "TestVolatile":15: 13
2020-12-19 20:58:10 DEBUG [t1] "TestVolatile":15: 13
2020-12-19 20:58:10 DEBUG [t1] "TestVolatile":15: 13
2020-12-19 20:58:10 DEBUG [t1] "TestVolatile":15: 13
2020-12-19 20:58:10 DEBUG [t1] "TestVolatile":15: 13
2020-12-19 20:58:10 DEBUG [t1] "TestVolatile":15: 13
2020-12-19 20:58:10 DEBUG [t1] "TestVolatile":15: 13
2020-12-19 20:58:10 DEBUG [t1] "TestVolatile":15: 13
2020-12-19 20:58:10 DEBUG [t1] "TestVolatile":15: 13
2020-12-19 20:58:10 DEBUG [t1] "TestVolatile":15: 13
2020-12-19 20:58:10 DEBUG [t1] "TestVolatile":15: 13
2020-12-19 20:58:10 DEBUG [t1] "TestVolatile":15: 13
2020-12-19 20:58:10 DEBUG [t1] "TestVolatile":15: 13
2020-12-19 20:58:10 DEBUG [t1] "TestVolatile":15: 13
2020-12-19 20:58:10 DEBUG [t1] "TestVolatile":15: 13
2020-12-19 20:58:10 DEBUG [t1] "TestVolatile":15: 13
2020-12-19 20:58:10 DEBUG [t1] "TestVolatile":15: 13
2020-12-19 20:58:10 DEBUG [t1] "TestVolatile":15: 13
2020-12-19 20:58:10 DEBUG [t1] "TestVolatile":15: 13
2020-12-19 20:58:10 DEBUG [t1] "TestVolatile":15: 13
2020-12-19 20:58:10 DEBUG [t1] "TestVolatile":15: 13
2020-12-19 20:58:10 DEBUG [t1] "TestVolatile":15: 13
2020-12-19 20:58:10 DEBUG [t1] "TestVolatile":15: 13
2020-12-19 20:58:10 DEBUG [t1] "TestVolatile":15: 13
2020-12-19 20:58:10 DEBUG [t1] "TestVolatile":15: 13
2020-12-19 20:58:10 DEBUG [t1] "TestVolatile":15: 13
2020-12-19 20:58:10 DEBUG [t1] "TestVolatile":15: 13
2020-12-19 20:58:10 DEBUG [t1] "TestVolatile":15: 13
2020-12-19 20:58:10 DEBUG [t1] "TestVolatile":15: 13
2020-12-19 20:58:10 DEBUG [t1] "TestVolatile":15: 13
2020-12-19 20:58:10 DEBUG [t1] "TestVolatile":15: 13
2020-12-19 20:58:10 DEBUG [t1] "TestVolatile":15: 13
2020-12-19 20:58:10 DEBUG [t1] "TestVolatile":15: 13
2020-12-19 20:58:10 DEBUG [t1] "TestVolatile":15: 13
2020-12-19 20:58:10 DEBUG [t1] "TestVolatile":15: 13
2020-12-19 20:58:10 DEBUG [t1] "TestVolatile":15: 13
2020-12-19 20:58:10 DEBUG [t1] "TestVolatile":15: 13
2020-12-19 20:58:10 DEBUG [t1] "TestVolatile":15: 13
2020-12-19 20:58:10 DEBUG [t1] "TestVolatile":15: 13
2020-12-19 20:58:10 DEBUG [t1] "TestVolatile":15: 13
2020-12-19 20:58:10 DEBUG [t1] "TestVolatile":15: 13
2020-12-19 20:58:10 DEBUG [t1] "TestVolatile":15: 13
2020-12-19 20:58:10 DEBUG [t1] "TestVolatile":15: 13
2020-12-19 20:58:10 DEBUG [t1] "TestVolatile":15: 13
2020-12-19 20:58:10 DEBUG [t1] "TestVolatile":15: 13
2020-12-19 20:58:10 DEBUG [t1] "TestVolatile":15: 13
2020-12-19 20:58:10 DEBUG [t1] "TestVolatile":15: 13
2020-12-19 20:58:10 DEBUG [t1] "TestVolatile":15: 13
2020-12-19 20:58:10 DEBUG [t1] "TestVolatile":15: 13
2020-12-19 20:58:10 DEBUG [t1] "TestVolatile":15: 13
2020-12-19 20:58:10 DEBUG [t1] "TestVolatile":15: 13
2020-12-19 20:58:10 DEBUG [t1] "TestVolatile":15: 13
2020-12-19 20:58:10 DEBUG [t1] "TestVolatile":15: 13
2020-12-19 20:58:10 DEBUG [t1] "TestVolatile":15: 13
2020-12-19 20:58:10 DEBUG [t1] "TestVolatile":15: 13
2020-12-19 20:58:10 DEBUG [t1] "TestVolatile":15: 13
2020-12-19 20:58:10 DEBUG [t1] "TestVolatile":15: 13
2020-12-19 20:58:10 DEBUG [t1] "TestVolatile":15: 13
2020-12-19 20:58:10 DEBUG [t1] "TestVolatile":15: 13
2020-12-19 20:58:10 DEBUG [t1] "TestVolatile":15: 13
2020-12-19 20:58:10 DEBUG [t1] "TestVolatile":15: 13
2020-12-19 20:58:10 DEBUG [t1] "TestVolatile":15: 13
2020-12-19 20:58:10 DEBUG [t1] "TestVolatile":15: 13
2020-12-19 20:58:10 DEBUG [t1] "TestVolatile":15: 13
2020-12-19 20:58:10 DEBUG [t1] "TestVolatile":15: 13
2020-12-19 20:58:10 DEBUG [t1] "TestVolatile":15: 13
2020-12-19 20:58:10 DEBUG [t1] "TestVolatile":15: 13
2020-12-19 20:58:10 DEBUG [t1] "TestVolatile":15: 13
2020-12-19 20:58:10 DEBUG [t1] "TestVolatile":15: 13
2020-12-19 20:58:10 DEBUG [t1] "TestVolatile":15: 13
2020-12-19 20:58:10 DEBUG [t1] "TestVolatile":15: 13
2020-12-19 20:58:10 DEBUG [t1] "TestVolatile":15: 13
2020-12-19 20:58:10 DEBUG [t1] "TestVolatile":15: 13
2020-12-19 20:58:10 DEBUG [t1] "TestVolatile":15: 13
2020-12-19 20:58:10 DEBUG [t1] "TestVolatile":15: 13
2020-12-19 20:58:10 DEBUG [t1] "TestVolatile":15: 13
2020-12-19 20:58:10 DEBUG [t1] "TestVolatile":15: 13
2020-12-19 20:58:10 DEBUG [t1] "TestVolatile":15: 13
2020-12-19 20:58:10 DEBUG [t1] "TestVolatile":15: 13
2020-12-19 20:58:10 DEBUG [t1] "TestVolatile":15: 13
2020-12-19 20:58:10 DEBUG [t1] "TestVolatile":15: 13
2020-12-19 20:58:10 DEBUG [t1] "TestVolatile":15: 13
2020-12-19 20:58:10 DEBUG [t1] "TestVolatile":15: 13
2020-12-19 20:58:10 DEBUG [t1] "TestVolatile":15: 13
2020-12-19 20:58:10 DEBUG [t1] "TestVolatile":15: 13
2020-12-19 20:58:10 DEBUG [t1] "TestVolatile":15: 13
2020-12-19 20:58:10 DEBUG [t1] "TestVolatile":15: 13
2020-12-19 20:58:10 DEBUG [t1] "TestVolatile":15: 13
2020-12-19 20:58:10 DEBUG [t1] "TestVolatile":15: 13
2020-12-19 20:58:10 DEBUG [t1] "TestVolatile":15: 13
2020-12-19 20:58:10 DEBUG [t1] "TestVolatile":15: 13
2020-12-19 20:58:10 DEBUG [t1] "TestVolatile":15: 13
2020-12-19 20:58:10 DEBUG [t1] "TestVolatile":15: 13
2020-12-19 20:58:10 DEBUG [t1] "TestVolatile":15: 13
2020-12-19 20:58:10 DEBUG [t1] "TestVolatile":15: 13
2020-12-19 20:58:10 DEBUG [t1] "TestVolatile":15: 13
2020-12-19 20:58:10 DEBUG [t1] "TestVolatile":15: 13
2020-12-19 20:58:10 DEBUG [t1] "TestVolatile":15: 13
2020-12-19 20:58:10 DEBUG [t1] "TestVolatile":15: 13
2020-12-19 20:58:10 DEBUG [t1] "TestVolatile":15: 13
2020-12-19 20:58:10 DEBUG [t1] "TestVolatile":15: 13
2020-12-19 20:58:10 DEBUG [t1] "TestVolatile":15: 13
2020-12-19 20:58:10 DEBUG [t1] "TestVolatile":15: 13
2020-12-19 20:58:10 DEBUG [t1] "TestVolatile":15: 13
2020-12-19 20:58:10 DEBUG [t1] "TestVolatile":15: 13
2020-12-19 20:58:10 DEBUG [t1] "TestVolatile":15: 13
2020-12-19 20:58:10 DEBUG [t1] "TestVolatile":15: 13
2020-12-19 20:58:10 DEBUG [t1] "TestVolatile":15: 13
2020-12-19 20:58:10 DEBUG [t1] "TestVolatile":15: 13
2020-12-19 20:58:10 DEBUG [t1] "TestVolatile":15: 13
2020-12-19 20:58:10 DEBUG [t1] "TestVolatile":15: 13
2020-12-19 20:58:10 DEBUG [t1] "TestVolatile":15: 13
2020-12-19 20:58:10 DEBUG [t1] "TestVolatile":15: 13
2020-12-19 20:58:10 DEBUG [t1] "TestVolatile":15: 13
2020-12-19 20:58:10 DEBUG [t1] "TestVolatile":15: 13
2020-12-19 20:58:10 DEBUG [t1] "TestVolatile":15: 13
2020-12-19 20:58:10 DEBUG [t1] "TestVolatile":15: 13
2020-12-19 20:58:10 DEBUG [t1] "TestVolatile":15: 13
2020-12-19 20:58:10 DEBUG [t1] "TestVolatile":15: 13
2020-12-19 20:58:10 DEBUG [t1] "TestVolatile":15: 13
2020-12-19 20:58:10 DEBUG [t1] "TestVolatile":15: 13
2020-12-19 20:58:10 DEBUG [t1] "TestVolatile":15: 13
2020-12-19 20:58:10 DEBUG [t1] "TestVolatile":15: 13
2020-12-19 20:58:10 DEBUG [t1] "TestVolatile":15: 13
2020-12-19 20:58:10 DEBUG [t1] "TestVolatile":15: 13
2020-12-19 20:58:10 DEBUG [t1] "TestVolatile":15: 13
2020-12-19 20:58:10 DEBUG [t1] "TestVolatile":15: 13
2020-12-19 20:58:10 DEBUG [t1] "TestVolatile":15: 13
2020-12-19 20:58:10 DEBUG [t1] "TestVolatile":15: 13
2020-12-19 20:58:10 DEBUG [t1] "TestVolatile":15: 13
2020-12-19 20:58:10 DEBUG [t1] "TestVolatile":15: 13
2020-12-19 20:58:10 DEBUG [t1] "TestVolatile":15: 13
2020-12-19 20:58:10 DEBUG [t1] "TestVolatile":15: 13
2020-12-19 20:58:10 DEBUG [t1] "TestVolatile":15: 13
2020-12-19 20:58:10 DEBUG [t1] "TestVolatile":15: 13
2020-12-19 20:58:10 DEBUG [t1] "TestVolatile":15: 13
2020-12-19 20:58:10 DEBUG [t1] "TestVolatile":15: 13
2020-12-19 20:58:10 DEBUG [t1] "TestVolatile":15: 13
2020-12-19 20:58:10 DEBUG [t1] "TestVolatile":15: 13
2020-12-19 20:58:10 DEBUG [t1] "TestVolatile":15: 13
2020-12-19 20:58:10 DEBUG [t1] "TestVolatile":15: 13
2020-12-19 20:58:10 DEBUG [t1] "TestVolatile":15: 13
2020-12-19 20:58:10 DEBUG [t1] "TestVolatile":15: 13
2020-12-19 20:58:10 DEBUG [t1] "TestVolatile":15: 13
2020-12-19 20:58:10 DEBUG [t1] "TestVolatile":15: 13
2020-12-19 20:58:10 DEBUG [t1] "TestVolatile":15: 13
2020-12-19 20:58:10 DEBUG [t1] "TestVolatile":15: 13
2020-12-19 20:58:10 DEBUG [t1] "TestVolatile":15: 13
2020-12-19 20:58:10 DEBUG [t1] "TestVolatile":15: 13
2020-12-19 20:58:10 DEBUG [t1] "TestVolatile":15: 13
2020-12-19 20:58:10 DEBUG [t1] "TestVolatile":15: 13
2020-12-19 20:58:10 DEBUG [t1] "TestVolatile":15: 13
2020-12-19 20:58:10 DEBUG [t1] "TestVolatile":15: 13
2020-12-19 20:58:10 DEBUG [t1] "TestVolatile":15: 13
2020-12-19 20:58:10 DEBUG [t1] "TestVolatile":15: 13
2020-12-19 20:58:10 DEBUG [t1] "TestVolatile":15: 13
2020-12-19 20:58:10 DEBUG [t1] "TestVolatile":15: 13
2020-12-19 20:58:10 DEBUG [t1] "TestVolatile":15: 13
2020-12-19 20:58:10 DEBUG [t1] "TestVolatile":15: 13
2020-12-19 20:58:10 DEBUG [t1] "TestVolatile":15: 13
2020-12-19 20:58:10 DEBUG [t1] "TestVolatile":15: 13
2020-12-19 20:58:10 DEBUG [t1] "TestVolatile":15: 13
2020-12-19 20:58:10 DEBUG [t1] "TestVolatile":15: 13
2020-12-19 20:58:10 DEBUG [t1] "TestVolatile":15: 13
2020-12-19 20:58:10 DEBUG [t1] "TestVolatile":15: 13
2020-12-19 20:58:10 DEBUG [t1] "TestVolatile":15: 13
2020-12-19 20:58:10 DEBUG [t1] "TestVolatile":15: 13
2020-12-19 20:58:10 DEBUG [t1] "TestVolatile":15: 13
2020-12-19 20:58:10 DEBUG [t1] "TestVolatile":15: 13
2020-12-19 20:58:10 DEBUG [t1] "TestVolatile":15: 13
2020-12-19 20:58:10 DEBUG [t1] "TestVolatile":15: 13
2020-12-19 20:58:10 DEBUG [t1] "TestVolatile":15: 13
2020-12-19 20:58:10 DEBUG [t1] "TestVolatile":15: 13
2020-12-19 20:58:10 DEBUG [t1] "TestVolatile":15: 13
2020-12-19 20:58:10 DEBUG [t1] "TestVolatile":15: 13
2020-12-19 20:58:10 DEBUG [t1] "TestVolatile":15: 13
2020-12-19 20:58:10 DEBUG [t1] "TestVolatile":15: 13
2020-12-19 20:58:10 DEBUG [t1] "TestVolatile":15: 13
2020-12-19 20:58:10 DEBUG [t1] "TestVolatile":15: 13
2020-12-19 20:58:10 DEBUG [t1] "TestVolatile":15: 13
2020-12-19 20:58:10 DEBUG [t1] "TestVolatile":15: 13
2020-12-19 20:58:10 DEBUG [t1] "TestVolatile":15: 13
2020-12-19 20:58:10 DEBUG [t1] "TestVolatile":15: 13
2020-12-19 20:58:10 DEBUG [t1] "TestVolatile":15: 13
2020-12-19 20:58:10 DEBUG [t1] "TestVolatile":15: 13
2020-12-19 20:58:10 DEBUG [t1] "TestVolatile":15: 13
2020-12-19 20:58:10 DEBUG [t1] "TestVolatile":15: 13
2020-12-19 20:58:10 DEBUG [t1] "TestVolatile":15: 13
2020-12-19 20:58:10 DEBUG [t1] "TestVolatile":15: 13
2020-12-19 20:58:10 DEBUG [t1] "TestVolatile":15: 13
2020-12-19 20:58:10 DEBUG [t1] "TestVolatile":15: 13
2020-12-19 20:58:10 DEBUG [t1] "TestVolatile":15: 13
2020-12-19 20:58:10 DEBUG [t1] "TestVolatile":15: 13
2020-12-19 20:58:10 DEBUG [t1] "TestVolatile":15: 13
2020-12-19 20:58:10 DEBUG [t1] "TestVolatile":15: 13
2020-12-19 20:58:10 DEBUG [t1] "TestVolatile":15: 13
2020-12-19 20:58:10 DEBUG [t1] "TestVolatile":15: 13
2020-12-19 20:58:10 DEBUG [t1] "TestVolatile":15: 13
2020-12-19 20:58:10 DEBUG [t1] "TestVolatile":15: 13
2020-12-19 20:58:10 DEBUG [t1] "TestVolatile":15: 13
2020-12-19 20:58:10 DEBUG [t1] "TestVolatile":15: 13
2020-12-19 20:58:10 DEBUG [t1] "TestVolatile":15: 13
2020-12-19 20:58:10 DEBUG [t1] "TestVolatile":15: 13
2020-12-19 20:58:10 DEBUG [t1] "TestVolatile":15: 13
2020-12-19 20:58:10 DEBUG [t1] "TestVolatile":15: 13
2020-12-19 20:58:10 DEBUG [t1] "TestVolatile":15: 13
2020-12-19 20:58:10 DEBUG [t1] "TestVolatile":15: 13
2020-12-19 20:58:10 DEBUG [t1] "TestVolatile":15: 13
2020-12-19 20:58:10 DEBUG [t1] "TestVolatile":15: 13
2020-12-19 20:58:10 DEBUG [t1] "TestVolatile":15: 13
2020-12-19 20:58:10 DEBUG [t1] "TestVolatile":15: 13
2020-12-19 20:58:10 DEBUG [t1] "TestVolatile":15: 13
2020-12-19 20:58:10 DEBUG [t1] "TestVolatile":15: 13
2020-12-19 20:58:10 DEBUG [t1] "TestVolatile":15: 13
2020-12-19 20:58:10 DEBUG [t1] "TestVolatile":15: 13
2020-12-19 20:58:10 DEBUG [t1] "TestVolatile":15: 13
2020-12-19 20:58:10 DEBUG [t1] "TestVolatile":15: 13
2020-12-19 20:58:10 DEBUG [t1] "TestVolatile":15: 13
2020-12-19 20:58:10 DEBUG [t1] "TestVolatile":15: 13
2020-12-19 20:58:10 DEBUG [t1] "TestVolatile":15: 13
2020-12-19 20:58:10 DEBUG [t1] "TestVolatile":15: 13
2020-12-19 20:58:10 DEBUG [t1] "TestVolatile":15: 13
2020-12-19 20:58:10 DEBUG [t1] "TestVolatile":15: 13
2020-12-19 20:58:10 DEBUG [t1] "TestVolatile":15: 13
2020-12-19 20:58:10 DEBUG [t1] "TestVolatile":15: 13
2020-12-19 20:58:10 DEBUG [t1] "TestVolatile":15: 13
2020-12-19 20:58:10 DEBUG [t1] "TestVolatile":15: 13
2020-12-19 20:58:10 DEBUG [t1] "TestVolatile":15: 13
2020-12-19 20:58:10 DEBUG [t1] "TestVolatile":15: 13
2020-12-19 20:58:10 DEBUG [t1] "TestVolatile":15: 13
2020-12-19 20:58:10 DEBUG [t1] "TestVolatile":15: 13
2020-12-19 20:58:10 DEBUG [t1] "TestVolatile":15: 13
2020-12-19 20:58:10 DEBUG [t1] "TestVolatile":15: 13
2020-12-19 20:58:10 DEBUG [t1] "TestVolatile":15: 13
2020-12-19 20:58:10 DEBUG [t1] "TestVolatile":15: 13
2020-12-19 20:58:10 DEBUG [t1] "TestVolatile":15: 13
2020-12-19 20:58:10 DEBUG [t1] "TestVolatile":15: 13
2020-12-19 20:58:10 DEBUG [t1] "TestVolatile":15: 13
2020-12-19 20:58:10 DEBUG [t1] "TestVolatile":15: 13
2020-12-19 20:58:10 DEBUG [t1] "TestVolatile":15: 13
2020-12-19 20:58:10 DEBUG [t1] "TestVolatile":15: 13
2020-12-19 20:58:10 DEBUG [t1] "TestVolatile":15: 13
2020-12-19 20:58:10 DEBUG [t1] "TestVolatile":15: 13
2020-12-19 20:58:10 DEBUG [t1] "TestVolatile":15: 13
2020-12-19 20:58:10 DEBUG [t1] "TestVolatile":15: 13
2020-12-19 20:58:10 DEBUG [t1] "TestVolatile":15: 13
2020-12-19 20:58:10 DEBUG [t1] "TestVolatile":15: 13
2020-12-19 20:58:10 DEBUG [t1] "TestVolatile":15: 13
2020-12-19 20:58:10 DEBUG [t1] "TestVolatile":15: 13
2020-12-19 20:58:10 DEBUG [t1] "TestVolatile":15: 13
2020-12-19 20:58:10 DEBUG [t1] "TestVolatile":15: 13
2020-12-19 20:58:10 DEBUG [t1] "TestVolatile":15: 13
2020-12-19 20:58:10 DEBUG [t1] "TestVolatile":15: 13
2020-12-19 20:58:10 DEBUG [t1] "TestVolatile":15: 13
2020-12-19 20:58:10 DEBUG [t1] "TestVolatile":15: 13
2020-12-19 20:58:10 DEBUG [t1] "TestVolatile":15: 13
2020-12-19 20:58:10 DEBUG [t1] "TestVolatile":15: 13
2020-12-19 20:58:10 DEBUG [t1] "TestVolatile":15: 13
2020-12-19 20:58:10 DEBUG [t1] "TestVolatile":15: 13
2020-12-19 20:58:10 DEBUG [t1] "TestVolatile":15: 13
2020-12-19 20:58:10 DEBUG [t1] "TestVolatile":15: 13
2020-12-19 20:58:10 DEBUG [t1] "TestVolatile":15: 13
2020-12-19 20:58:10 DEBUG [t1] "TestVolatile":15: 13
2020-12-19 20:58:10 DEBUG [t1] "TestVolatile":15: 13
2020-12-19 20:58:10 DEBUG [t1] "TestVolatile":15: 13
2020-12-19 20:58:10 DEBUG [t1] "TestVolatile":15: 13
2020-12-19 20:58:10 DEBUG [t1] "TestVolatile":15: 13
2020-12-19 20:58:10 DEBUG [t1] "TestVolatile":15: 13
2020-12-19 20:58:10 DEBUG [t1] "TestVolatile":15: 13
2020-12-19 20:58:10 DEBUG [t1] "TestVolatile":15: 13
2020-12-19 20:58:10 DEBUG [t1] "TestVolatile":15: 13
2020-12-19 20:58:10 DEBUG [t1] "TestVolatile":15: 13
2020-12-19 20:58:10 DEBUG [t1] "TestVolatile":15: 13
2020-12-19 20:58:10 DEBUG [t1] "TestVolatile":15: 13
2020-12-19 20:58:10 DEBUG [t1] "TestVolatile":15: 13
2020-12-19 20:58:10 DEBUG [t1] "TestVolatile":15: 13
2020-12-19 20:58:10 DEBUG [t1] "TestVolatile":15: 13
2020-12-19 20:58:10 DEBUG [t1] "TestVolatile":15: 13
2020-12-19 20:58:10 DEBUG [t1] "TestVolatile":15: 13
2020-12-19 20:58:10 DEBUG [t1] "TestVolatile":15: 13
2020-12-19 20:58:10 DEBUG [t1] "TestVolatile":15: 13
2020-12-19 20:58:10 DEBUG [t1] "TestVolatile":15: 13
2020-12-19 20:58:10 DEBUG [t1] "TestVolatile":15: 13
2020-12-19 20:58:10 DEBUG [t1] "TestVolatile":15: 13
2020-12-19 20:58:10 DEBUG [t1] "TestVolatile":15: 13
2020-12-19 20:58:10 DEBUG [t1] "TestVolatile":15: 13
2020-12-19 20:58:10 DEBUG [t1] "TestVolatile":15: 13
2020-12-19 20:58:10 DEBUG [t1] "TestVolatile":15: 13
2020-12-19 20:58:10 DEBUG [t1] "TestVolatile":15: 13
2020-12-19 20:58:10 DEBUG [t1] "TestVolatile":15: 13
2020-12-19 20:58:10 DEBUG [t1] "TestVolatile":15: 13
2020-12-19 20:58:10 DEBUG [t1] "TestVolatile":15: 13
2020-12-19 20:58:10 DEBUG [t1] "TestVolatile":15: 13
2020-12-19 20:58:10 DEBUG [t1] "TestVolatile":15: 13
2020-12-19 20:58:10 DEBUG [t1] "TestVolatile":15: 13
2020-12-19 20:58:10 DEBUG [t1] "TestVolatile":15: 13
2020-12-19 20:58:10 DEBUG [t1] "TestVolatile":15: 13
2020-12-19 20:58:10 DEBUG [t1] "TestVolatile":15: 13
2020-12-19 20:58:10 DEBUG [t1] "TestVolatile":15: 13
2020-12-19 20:58:10 DEBUG [t1] "TestVolatile":15: 13
2020-12-19 20:58:10 DEBUG [t1] "TestVolatile":15: 13
2020-12-19 20:58:10 DEBUG [t1] "TestVolatile":15: 13
2020-12-19 20:58:10 DEBUG [t1] "TestVolatile":15: 13
2020-12-19 20:58:10 DEBUG [t1] "TestVolatile":15: 13
2020-12-19 20:58:10 DEBUG [t1] "TestVolatile":15: 13
2020-12-19 20:58:10 DEBUG [t1] "TestVolatile":15: 13
2020-12-19 20:58:10 DEBUG [t1] "TestVolatile":15: 13
2020-12-19 20:58:10 DEBUG [t1] "TestVolatile":15: 13
2020-12-19 20:58:10 DEBUG [t1] "TestVolatile":15: 13
2020-12-19 20:58:10 DEBUG [t1] "TestVolatile":15: 13
2020-12-19 20:58:10 DEBUG [t1] "TestVolatile":15: 13
2020-12-19 20:58:10 DEBUG [t1] "TestVolatile":15: 13
2020-12-19 20:58:10 DEBUG [t1] "TestVolatile":15: 13
2020-12-19 20:58:10 DEBUG [t1] "TestVolatile":15: 13
2020-12-19 20:58:10 DEBUG [t1] "TestVolatile":15: 13
2020-12-19 20:58:10 DEBUG [t1] "TestVolatile":15: 13
2020-12-19 20:58:10 DEBUG [t1] "TestVolatile":15: 13
2020-12-19 20:58:10 DEBUG [t1] "TestVolatile":15: 13
2020-12-19 20:58:10 DEBUG [t1] "TestVolatile":15: 13
2020-12-19 20:58:10 DEBUG [t1] "TestVolatile":15: 13
2020-12-19 20:58:10 DEBUG [t1] "TestVolatile":15: 13
2020-12-19 20:58:10 DEBUG [t1] "TestVolatile":15: 13
2020-12-19 20:58:10 DEBUG [t1] "TestVolatile":15: 13
2020-12-19 20:58:10 DEBUG [t1] "TestVolatile":15: 13
2020-12-19 20:58:10 DEBUG [t1] "TestVolatile":15: 13
2020-12-19 20:58:10 DEBUG [t1] "TestVolatile":15: 13
2020-12-19 20:58:10 DEBUG [t1] "TestVolatile":15: 13
2020-12-19 20:58:10 DEBUG [t1] "TestVolatile":15: 13
2020-12-19 20:58:10 DEBUG [t1] "TestVolatile":15: 13
2020-12-19 20:58:10 DEBUG [t1] "TestVolatile":15: 13
2020-12-19 20:58:10 DEBUG [t1] "TestVolatile":15: 13
2020-12-19 20:58:10 DEBUG [t1] "TestVolatile":15: 13
2020-12-19 20:58:10 DEBUG [t1] "TestVolatile":15: 13
2020-12-19 20:58:10 DEBUG [t1] "TestVolatile":15: 13
2020-12-19 20:58:10 DEBUG [t1] "TestVolatile":15: 13
2020-12-19 20:58:10 DEBUG [t1] "TestVolatile":15: 13
2020-12-19 20:58:10 DEBUG [t1] "TestVolatile":15: 13
2020-12-19 20:58:10 DEBUG [t1] "TestVolatile":15: 13
2020-12-19 20:58:10 DEBUG [t1] "TestVolatile":15: 13
2020-12-19 20:58:10 DEBUG [t1] "TestVolatile":15: 13
2020-12-19 20:58:10 DEBUG [t1] "TestVolatile":15: 13
2020-12-19 20:58:10 DEBUG [t1] "TestVolatile":15: 13
2020-12-19 20:58:10 DEBUG [t1] "TestVolatile":15: 13
2020-12-19 20:58:10 DEBUG [t1] "TestVolatile":15: 13
2020-12-19 20:58:10 DEBUG [t1] "TestVolatile":15: 13
2020-12-19 20:58:10 DEBUG [t1] "TestVolatile":15: 13
2020-12-19 20:58:10 DEBUG [t1] "TestVolatile":15: 13
2020-12-19 20:58:10 DEBUG [t1] "TestVolatile":15: 13
2020-12-19 20:58:10 DEBUG [t1] "TestVolatile":15: 13
2020-12-19 20:58:10 DEBUG [t1] "TestVolatile":15: 13
2020-12-19 20:58:10 DEBUG [t1] "TestVolatile":15: 13
2020-12-19 20:58:10 DEBUG [t1] "TestVolatile":15: 13
2020-12-19 20:58:10 DEBUG [t1] "TestVolatile":15: 13
2020-12-19 20:58:10 DEBUG [t1] "TestVolatile":15: 13
2020-12-19 20:58:10 DEBUG [t1] "TestVolatile":15: 13
2020-12-19 20:58:10 DEBUG [t1] "TestVolatile":15: 13
2020-12-19 20:58:10 DEBUG [t1] "TestVolatile":15: 13
2020-12-19 20:58:10 DEBUG [t1] "TestVolatile":15: 13
2020-12-19 20:58:10 DEBUG [t1] "TestVolatile":15: 13
2020-12-19 20:58:10 DEBUG [t1] "TestVolatile":15: 13
2020-12-19 20:58:10 DEBUG [t1] "TestVolatile":15: 13
2020-12-19 20:58:10 DEBUG [t1] "TestVolatile":15: 13
2020-12-19 20:58:10 DEBUG [t1] "TestVolatile":15: 13
2020-12-19 20:58:10 DEBUG [t1] "TestVolatile":15: 13
2020-12-19 20:58:10 DEBUG [t1] "TestVolatile":15: 13
2020-12-19 20:58:10 DEBUG [t1] "TestVolatile":15: 13
2020-12-19 20:58:10 DEBUG [t1] "TestVolatile":15: 13
2020-12-19 20:58:10 DEBUG [t1] "TestVolatile":15: 13
2020-12-19 20:58:10 DEBUG [t1] "TestVolatile":15: 13
2020-12-19 20:58:10 DEBUG [t1] "TestVolatile":15: 13
2020-12-19 20:58:10 DEBUG [t1] "TestVolatile":15: 13
2020-12-19 20:58:10 DEBUG [t1] "TestVolatile":15: 13
2020-12-19 20:58:10 DEBUG [t1] "TestVolatile":15: 13
2020-12-19 20:58:10 DEBUG [t1] "TestVolatile":15: 13
2020-12-19 20:58:10 DEBUG [t1] "TestVolatile":15: 13
2020-12-19 20:58:10 DEBUG [t1] "TestVolatile":15: 13
2020-12-19 20:58:10 DEBUG [t1] "TestVolatile":15: 13
2020-12-19 20:58:10 DEBUG [t1] "TestVolatile":15: 13
2020-12-19 20:58:10 DEBUG [t1] "TestVolatile":15: 13
2020-12-19 20:58:10 DEBUG [t1] "TestVolatile":15: 13
2020-12-19 20:58:10 DEBUG [t1] "TestVolatile":15: 13
2020-12-19 20:58:10 DEBUG [t1] "TestVolatile":15: 13
2020-12-19 20:58:10 DEBUG [t1] "TestVolatile":15: 13
2020-12-19 20:58:10 DEBUG [t1] "TestVolatile":15: 13
2020-12-19 20:58:10 DEBUG [t1] "TestVolatile":15: 13
2020-12-19 20:58:10 DEBUG [t1] "TestVolatile":15: 13
2020-12-19 20:58:10 DEBUG [t1] "TestVolatile":15: 13
2020-12-19 20:58:10 DEBUG [t1] "TestVolatile":15: 13
2020-12-19 20:58:10 DEBUG [t1] "TestVolatile":15: 13
2020-12-19 20:58:10 DEBUG [t1] "TestVolatile":15: 13
2020-12-19 20:58:10 DEBUG [t1] "TestVolatile":15: 13
2020-12-19 20:58:10 DEBUG [t1] "TestVolatile":15: 13
2020-12-19 20:58:10 DEBUG [t1] "TestVolatile":15: 13
2020-12-19 20:58:10 DEBUG [t1] "TestVolatile":15: 13
2020-12-19 20:58:10 DEBUG [t1] "TestVolatile":15: 13
2020-12-19 20:58:10 DEBUG [t1] "TestVolatile":15: 13
2020-12-19 20:58:10 DEBUG [t1] "TestVolatile":15: 13
2020-12-19 20:58:10 DEBUG [t1] "TestVolatile":15: 13
2020-12-19 20:58:10 DEBUG [t1] "TestVolatile":15: 13
2020-12-19 20:58:10 DEBUG [t1] "TestVolatile":15: 13
2020-12-19 20:58:10 DEBUG [t1] "TestVolatile":15: 13
2020-12-19 20:58:10 DEBUG [t1] "TestVolatile":15: 13
2020-12-19 20:58:10 DEBUG [t1] "TestVolatile":15: 13
2020-12-19 20:58:10 DEBUG [t1] "TestVolatile":15: 13
2020-12-19 20:58:10 DEBUG [t1] "TestVolatile":15: 13
2020-12-19 20:58:10 DEBUG [t1] "TestVolatile":15: 13
2020-12-19 20:58:10 DEBUG [t1] "TestVolatile":15: 13
2020-12-19 20:58:10 DEBUG [t1] "TestVolatile":15: 13
2020-12-19 20:58:10 DEBUG [t1] "TestVolatile":15: 13
2020-12-19 20:58:10 DEBUG [t1] "TestVolatile":15: 13
2020-12-19 20:58:10 DEBUG [t1] "TestVolatile":15: 13
2020-12-19 20:58:10 DEBUG [t1] "TestVolatile":15: 13
2020-12-19 20:58:10 DEBUG [t1] "TestVolatile":15: 13
2020-12-19 20:58:10 DEBUG [t1] "TestVolatile":15: 13
2020-12-19 20:58:10 DEBUG [t1] "TestVolatile":15: 13
2020-12-19 20:58:10 DEBUG [t1] "TestVolatile":15: 13
2020-12-19 20:58:10 DEBUG [t1] "TestVolatile":15: 13
2020-12-19 20:58:10 DEBUG [t1] "TestVolatile":15: 13
2020-12-19 20:58:10 DEBUG [t1] "TestVolatile":15: 13
2020-12-19 20:58:10 DEBUG [t1] "TestVolatile":15: 13
2020-12-19 20:58:10 DEBUG [t1] "TestVolatile":15: 13
2020-12-19 20:58:10 DEBUG [t1] "TestVolatile":15: 13
2020-12-19 20:58:10 DEBUG [t1] "TestVolatile":15: 13
2020-12-19 20:58:10 DEBUG [t1] "TestVolatile":15: 13
2020-12-19 20:58:10 DEBUG [t1] "TestVolatile":15: 13
2020-12-19 20:58:10 DEBUG [t1] "TestVolatile":15: 13
2020-12-19 20:58:10 DEBUG [t1] "TestVolatile":15: 13
2020-12-19 20:58:10 DEBUG [t1] "TestVolatile":15: 13
2020-12-19 20:58:10 DEBUG [t1] "TestVolatile":15: 13
2020-12-19 20:58:10 DEBUG [t1] "TestVolatile":15: 13
2020-12-19 20:58:10 DEBUG [t1] "TestVolatile":15: 13
2020-12-19 20:58:10 DEBUG [t1] "TestVolatile":15: 13
2020-12-19 20:58:10 DEBUG [t1] "TestVolatile":15: 13
2020-12-19 20:58:10 DEBUG [t1] "TestVolatile":15: 13
2020-12-19 20:58:10 DEBUG [t1] "TestVolatile":15: 13
2020-12-19 20:58:10 DEBUG [t1] "TestVolatile":15: 13
2020-12-19 20:58:10 DEBUG [t1] "TestVolatile":15: 13
2020-12-19 20:58:10 DEBUG [t1] "TestVolatile":15: 13
2020-12-19 20:58:10 DEBUG [t1] "TestVolatile":15: 13
2020-12-19 20:58:10 DEBUG [t1] "TestVolatile":15: 13
2020-12-19 20:58:10 DEBUG [t1] "TestVolatile":15: 13
2020-12-19 20:58:10 DEBUG [t1] "TestVolatile":15: 13
2020-12-19 20:58:10 DEBUG [t1] "TestVolatile":15: 13
2020-12-19 20:58:10 DEBUG [t1] "TestVolatile":15: 13
2020-12-19 20:58:10 DEBUG [t1] "TestVolatile":15: 13
2020-12-19 20:58:10 DEBUG [t1] "TestVolatile":15: 13
2020-12-19 20:58:10 DEBUG [t1] "TestVolatile":15: 13
2020-12-19 20:58:10 DEBUG [t1] "TestVolatile":15: 13
2020-12-19 20:58:10 DEBUG [t1] "TestVolatile":15: 13
2020-12-19 20:58:10 DEBUG [t1] "TestVolatile":15: 13
2020-12-19 20:58:10 DEBUG [t1] "TestVolatile":15: 13
2020-12-19 20:58:10 DEBUG [t1] "TestVolatile":15: 13
2020-12-19 20:58:10 DEBUG [t1] "TestVolatile":15: 13
2020-12-19 20:58:10 DEBUG [t1] "TestVolatile":15: 13
2020-12-19 20:58:10 DEBUG [t1] "TestVolatile":15: 13
2020-12-19 20:58:10 DEBUG [t1] "TestVolatile":15: 13
2020-12-19 20:58:10 DEBUG [t1] "TestVolatile":15: 13
2020-12-19 20:58:10 DEBUG [t1] "TestVolatile":15: 13
2020-12-19 20:58:10 DEBUG [t1] "TestVolatile":15: 13
2020-12-19 20:58:10 DEBUG [t1] "TestVolatile":15: 13
2020-12-19 20:58:10 DEBUG [t1] "TestVolatile":15: 13
2020-12-19 20:58:10 DEBUG [t1] "TestVolatile":15: 13
2020-12-19 20:58:10 DEBUG [t1] "TestVolatile":15: 13
2020-12-19 20:58:10 DEBUG [t1] "TestVolatile":15: 13
2020-12-19 20:58:10 DEBUG [t1] "TestVolatile":15: 13
2020-12-19 20:58:10 DEBUG [t1] "TestVolatile":15: 13
2020-12-19 20:58:10 DEBUG [t1] "TestVolatile":15: 13
2020-12-19 20:58:10 DEBUG [t1] "TestVolatile":15: 13
2020-12-19 20:58:10 DEBUG [t1] "TestVolatile":15: 13
2020-12-19 20:58:10 DEBUG [t1] "TestVolatile":15: 13
2020-12-19 20:58:10 DEBUG [t1] "TestVolatile":15: 13
2020-12-19 20:58:10 DEBUG [t1] "TestVolatile":15: 13
2020-12-19 20:58:10 DEBUG [t1] "TestVolatile":15: 13
2020-12-19 20:58:10 DEBUG [t1] "TestVolatile":15: 13
2020-12-19 20:58:10 DEBUG [t1] "TestVolatile":15: 13
2020-12-19 20:58:10 DEBUG [t1] "TestVolatile":15: 13
2020-12-19 20:58:10 DEBUG [t1] "TestVolatile":15: 13
2020-12-19 20:58:10 DEBUG [t1] "TestVolatile":15: 13
2020-12-19 20:58:10 DEBUG [t1] "TestVolatile":15: 13
2020-12-19 20:58:10 DEBUG [t1] "TestVolatile":15: 13
2020-12-19 20:58:10 DEBUG [t1] "TestVolatile":15: 13
2020-12-19 20:58:10 DEBUG [t1] "TestVolatile":15: 13
2020-12-19 20:58:10 DEBUG [t1] "TestVolatile":15: 13
2020-12-19 20:58:10 DEBUG [t1] "TestVolatile":15: 13
2020-12-19 20:58:10 DEBUG [t1] "TestVolatile":15: 13
2020-12-19 20:58:10 DEBUG [t1] "TestVolatile":15: 13
2020-12-19 20:58:10 DEBUG [t1] "TestVolatile":15: 13
2020-12-19 20:58:10 DEBUG [t1] "TestVolatile":15: 13
2020-12-19 20:58:10 DEBUG [t1] "TestVolatile":15: 13
2020-12-19 20:58:10 DEBUG [t1] "TestVolatile":15: 13
2020-12-19 20:58:10 DEBUG [t1] "TestVolatile":15: 13
2020-12-19 20:58:10 DEBUG [t1] "TestVolatile":15: 13
2020-12-19 20:58:10 DEBUG [t1] "TestVolatile":15: 13
2020-12-19 20:58:10 DEBUG [t1] "TestVolatile":15: 13
2020-12-19 20:58:10 DEBUG [t1] "TestVolatile":15: 13
2020-12-19 20:58:10 DEBUG [t1] "TestVolatile":15: 13
2020-12-19 20:58:10 DEBUG [t1] "TestVolatile":15: 13
2020-12-19 20:58:10 DEBUG [t1] "TestVolatile":15: 13
2020-12-19 20:58:10 DEBUG [t1] "TestVolatile":15: 13
2020-12-19 20:58:10 DEBUG [t1] "TestVolatile":15: 13
2020-12-19 20:58:10 DEBUG [t1] "TestVolatile":15: 13
2020-12-19 20:58:10 DEBUG [t1] "TestVolatile":15: 13
2020-12-19 20:58:10 DEBUG [t1] "TestVolatile":15: 13
2020-12-19 20:58:10 DEBUG [t1] "TestVolatile":15: 13
2020-12-19 20:58:10 DEBUG [t1] "TestVolatile":15: 13
2020-12-19 20:58:10 DEBUG [t1] "TestVolatile":15: 13
2020-12-19 20:58:10 DEBUG [t1] "TestVolatile":15: 13
2020-12-19 20:58:10 DEBUG [t1] "TestVolatile":15: 13
2020-12-19 20:58:10 DEBUG [t1] "TestVolatile":15: 13
2020-12-19 20:58:10 DEBUG [t1] "TestVolatile":15: 13
2020-12-19 20:58:10 DEBUG [t1] "TestVolatile":15: 13
2020-12-19 20:58:10 DEBUG [t1] "TestVolatile":15: 13
2020-12-19 20:58:10 DEBUG [t1] "TestVolatile":15: 13
2020-12-19 20:58:10 DEBUG [t1] "TestVolatile":15: 13
2020-12-19 20:58:10 DEBUG [t1] "TestVolatile":15: 13
2020-12-19 20:58:10 DEBUG [t1] "TestVolatile":15: 13
2020-12-19 20:58:10 DEBUG [t1] "TestVolatile":15: 13
2020-12-19 20:58:10 DEBUG [t1] "TestVolatile":15: 13
2020-12-19 20:58:10 DEBUG [t1] "TestVolatile":15: 13
2020-12-19 20:58:10 DEBUG [t1] "TestVolatile":15: 13
2020-12-19 20:58:10 DEBUG [t1] "TestVolatile":15: 13
2020-12-19 20:58:10 DEBUG [t1] "TestVolatile":15: 13
2020-12-19 20:58:10 DEBUG [t1] "TestVolatile":15: 13
2020-12-19 20:58:10 DEBUG [t1] "TestVolatile":15: 13
2020-12-19 20:58:10 DEBUG [t1] "TestVolatile":15: 13
2020-12-19 20:58:10 DEBUG [t1] "TestVolatile":15: 13
2020-12-19 20:58:10 DEBUG [t1] "TestVolatile":15: 13
2020-12-19 20:58:10 DEBUG [t1] "TestVolatile":15: 13
2020-12-19 20:58:10 DEBUG [t1] "TestVolatile":15: 13
2020-12-19 20:58:10 DEBUG [t1] "TestVolatile":15: 13
2020-12-19 20:58:10 DEBUG [t1] "TestVolatile":15: 13
2020-12-19 20:58:10 DEBUG [t1] "TestVolatile":15: 13
2020-12-19 20:58:10 DEBUG [t1] "TestVolatile":15: 13
2020-12-19 20:58:10 DEBUG [t1] "TestVolatile":15: 13
2020-12-19 20:58:10 DEBUG [t1] "TestVolatile":15: 13
2020-12-19 20:58:10 DEBUG [t1] "TestVolatile":15: 13
2020-12-19 20:58:10 DEBUG [t1] "TestVolatile":15: 13
2020-12-19 20:58:10 DEBUG [t1] "TestVolatile":15: 13
2020-12-19 20:58:10 DEBUG [t1] "TestVolatile":15: 13
2020-12-19 20:58:10 DEBUG [t1] "TestVolatile":15: 13
2020-12-19 20:58:10 DEBUG [t1] "TestVolatile":15: 13
2020-12-19 20:58:10 DEBUG [t1] "TestVolatile":15: 13
2020-12-19 20:58:10 DEBUG [t1] "TestVolatile":15: 13
2020-12-19 20:58:10 DEBUG [t1] "TestVolatile":15: 13
2020-12-19 20:58:10 DEBUG [t1] "TestVolatile":15: 13
2020-12-19 20:58:10 DEBUG [t1] "TestVolatile":15: 13
2020-12-19 20:58:10 DEBUG [t1] "TestVolatile":15: 13
2020-12-19 20:58:10 DEBUG [t1] "TestVolatile":15: 13
2020-12-19 20:58:10 DEBUG [t1] "TestVolatile":15: 13
2020-12-19 20:58:10 DEBUG [t1] "TestVolatile":15: 13
2020-12-19 20:58:10 DEBUG [t1] "TestVolatile":15: 13
2020-12-19 20:58:10 DEBUG [t1] "TestVolatile":15: 13
2020-12-19 20:58:10 DEBUG [t1] "TestVolatile":15: 13
2020-12-19 20:58:10 DEBUG [t1] "TestVolatile":15: 13
2020-12-19 20:58:10 DEBUG [t1] "TestVolatile":15: 13
2020-12-19 20:58:10 DEBUG [t1] "TestVolatile":15: 13
2020-12-19 20:58:10 DEBUG [t1] "TestVolatile":15: 13
2020-12-19 20:58:10 DEBUG [t1] "TestVolatile":15: 13
2020-12-19 20:58:10 DEBUG [t1] "TestVolatile":15: 13
2020-12-19 20:58:10 DEBUG [t1] "TestVolatile":15: 13
2020-12-19 20:58:10 DEBUG [t1] "TestVolatile":15: 13
2020-12-19 20:58:10 DEBUG [t1] "TestVolatile":15: 13
2020-12-19 20:58:10 DEBUG [t1] "TestVolatile":15: 13
2020-12-19 20:58:10 DEBUG [t1] "TestVolatile":15: 13
2020-12-19 20:58:10 DEBUG [t1] "TestVolatile":15: 13
2020-12-19 20:58:10 DEBUG [t1] "TestVolatile":15: 13
2020-12-19 20:58:10 DEBUG [t1] "TestVolatile":15: 13
2020-12-19 20:58:10 DEBUG [t1] "TestVolatile":15: 13
2020-12-19 20:58:10 DEBUG [t1] "TestVolatile":15: 13
2020-12-19 20:58:10 DEBUG [t1] "TestVolatile":15: 13
2020-12-19 20:58:10 DEBUG [t1] "TestVolatile":15: 13
2020-12-19 20:58:10 DEBUG [t1] "TestVolatile":15: 13
2020-12-19 20:58:10 DEBUG [t1] "TestVolatile":15: 13
2020-12-19 20:58:10 DEBUG [t1] "TestVolatile":15: 13
2020-12-19 20:58:10 DEBUG [t1] "TestVolatile":15: 13
2020-12-19 20:58:10 DEBUG [t1] "TestVolatile":15: 13
2020-12-19 20:58:10 DEBUG [t1] "TestVolatile":15: 13
2020-12-19 20:58:10 DEBUG [t1] "TestVolatile":15: 13
2020-12-19 20:58:10 DEBUG [t1] "TestVolatile":15: 13
2020-12-19 20:58:10 DEBUG [t1] "TestVolatile":15: 13
2020-12-19 20:58:10 DEBUG [t1] "TestVolatile":15: 13
2020-12-19 20:58:10 DEBUG [t1] "TestVolatile":15: 13
2020-12-19 20:58:10 DEBUG [t1] "TestVolatile":15: 13
2020-12-19 20:58:10 DEBUG [t1] "TestVolatile":15: 13
2020-12-19 20:58:10 DEBUG [t1] "TestVolatile":15: 13
2020-12-19 20:58:10 DEBUG [t1] "TestVolatile":15: 13
2020-12-19 20:58:10 DEBUG [t1] "TestVolatile":15: 13
2020-12-19 20:58:10 DEBUG [t1] "TestVolatile":15: 13
2020-12-19 20:58:10 DEBUG [t1] "TestVolatile":15: 13
2020-12-19 20:58:10 DEBUG [t1] "TestVolatile":15: 13
2020-12-19 20:58:10 DEBUG [t1] "TestVolatile":15: 13
2020-12-19 20:58:10 DEBUG [t1] "TestVolatile":15: 13
2020-12-19 20:58:10 DEBUG [t1] "TestVolatile":15: 13
2020-12-19 20:58:10 DEBUG [t1] "TestVolatile":15: 13
2020-12-19 20:58:10 DEBUG [t1] "TestVolatile":15: 13
2020-12-19 20:58:10 DEBUG [t1] "TestVolatile":15: 13
2020-12-19 20:58:10 DEBUG [t1] "TestVolatile":15: 13
2020-12-19 20:58:10 DEBUG [t1] "TestVolatile":15: 13
2020-12-19 20:58:10 DEBUG [t1] "TestVolatile":15: 13
2020-12-19 20:58:10 DEBUG [t1] "TestVolatile":15: 13
2020-12-19 20:58:10 DEBUG [t1] "TestVolatile":15: 13
2020-12-19 20:58:10 DEBUG [t1] "TestVolatile":15: 13
2020-12-19 20:58:10 DEBUG [t1] "TestVolatile":15: 13
2020-12-19 20:58:10 DEBUG [t1] "TestVolatile":15: 13
2020-12-19 20:58:10 DEBUG [t1] "TestVolatile":15: 13
2020-12-19 20:58:10 DEBUG [t1] "TestVolatile":15: 13
2020-12-19 20:58:10 DEBUG [t1] "TestVolatile":15: 13
2020-12-19 20:58:10 DEBUG [t1] "TestVolatile":15: 13
2020-12-19 20:58:10 DEBUG [t1] "TestVolatile":15: 13
2020-12-19 20:58:10 DEBUG [t1] "TestVolatile":15: 13
2020-12-19 20:58:10 DEBUG [t1] "TestVolatile":15: 13
2020-12-19 20:58:10 DEBUG [t1] "TestVolatile":15: 13
2020-12-19 20:58:10 DEBUG [t1] "TestVolatile":15: 13
2020-12-19 20:58:10 DEBUG [t1] "TestVolatile":15: 13
2020-12-19 20:58:10 DEBUG [t1] "TestVolatile":15: 13
2020-12-19 20:58:10 DEBUG [t1] "TestVolatile":15: 13
2020-12-19 20:58:10 DEBUG [t1] "TestVolatile":15: 13
2020-12-19 20:58:10 DEBUG [t1] "TestVolatile":15: 13
2020-12-19 20:58:10 DEBUG [t1] "TestVolatile":15: 13
2020-12-19 20:58:10 DEBUG [t1] "TestVolatile":15: 13
2020-12-19 20:58:10 DEBUG [t1] "TestVolatile":15: 13
2020-12-19 20:58:10 DEBUG [t1] "TestVolatile":15: 13
2020-12-19 20:58:10 DEBUG [t1] "TestVolatile":15: 13
2020-12-19 20:58:10 DEBUG [t1] "TestVolatile":15: 13
2020-12-19 20:58:10 DEBUG [t1] "TestVolatile":15: 13
2020-12-19 20:58:10 DEBUG [t1] "TestVolatile":15: 13
2020-12-19 20:58:10 DEBUG [t1] "TestVolatile":15: 13
2020-12-19 20:58:10 DEBUG [t1] "TestVolatile":15: 13
2020-12-19 20:58:10 DEBUG [t1] "TestVolatile":15: 13
2020-12-19 20:58:10 DEBUG [t1] "TestVolatile":15: 13
2020-12-19 20:58:10 DEBUG [t1] "TestVolatile":15: 13
2020-12-19 20:58:10 DEBUG [t1] "TestVolatile":15: 13
2020-12-19 20:58:10 DEBUG [t1] "TestVolatile":15: 13
2020-12-19 20:58:10 DEBUG [t1] "TestVolatile":15: 13
2020-12-19 20:58:10 DEBUG [t1] "TestVolatile":15: 13
2020-12-19 20:58:10 DEBUG [t1] "TestVolatile":15: 13
2020-12-19 20:58:10 DEBUG [t1] "TestVolatile":15: 13
2020-12-19 20:58:10 DEBUG [t1] "TestVolatile":15: 13
2020-12-19 20:58:10 DEBUG [t1] "TestVolatile":15: 13
2020-12-19 20:58:10 DEBUG [t1] "TestVolatile":15: 13
2020-12-19 20:58:10 DEBUG [t1] "TestVolatile":15: 13
2020-12-19 20:58:10 DEBUG [t1] "TestVolatile":15: 13
2020-12-19 20:58:10 DEBUG [t1] "TestVolatile":15: 13
2020-12-19 20:58:10 DEBUG [t1] "TestVolatile":15: 13
2020-12-19 20:58:10 DEBUG [t1] "TestVolatile":15: 13
2020-12-19 20:58:10 DEBUG [t1] "TestVolatile":15: 13
2020-12-19 20:58:10 DEBUG [t1] "TestVolatile":15: 13
2020-12-19 20:58:10 DEBUG [t1] "TestVolatile":15: 13
2020-12-19 20:58:10 DEBUG [t1] "TestVolatile":15: 13
2020-12-19 20:58:10 DEBUG [t1] "TestVolatile":15: 13
2020-12-19 20:58:10 DEBUG [t1] "TestVolatile":15: 13
2020-12-19 20:58:10 DEBUG [t1] "TestVolatile":15: 13
2020-12-19 20:58:10 DEBUG [t1] "TestVolatile":15: 13
2020-12-19 20:58:10 DEBUG [t1] "TestVolatile":15: 13
2020-12-19 20:58:10 DEBUG [t1] "TestVolatile":15: 13
2020-12-19 20:58:10 DEBUG [t1] "TestVolatile":15: 13
2020-12-19 20:58:10 DEBUG [t1] "TestVolatile":15: 13
2020-12-19 20:58:10 DEBUG [t1] "TestVolatile":15: 13
2020-12-19 20:58:10 DEBUG [t1] "TestVolatile":15: 13
2020-12-19 20:58:10 DEBUG [t1] "TestVolatile":15: 13
2020-12-19 20:58:10 DEBUG [t1] "TestVolatile":15: 13
2020-12-19 20:58:10 DEBUG [t1] "TestVolatile":15: 13
2020-12-19 20:58:10 DEBUG [t1] "TestVolatile":15: 13
2020-12-19 20:58:10 DEBUG [t1] "TestVolatile":15: 13
2020-12-19 20:58:10 DEBUG [t1] "TestVolatile":15: 13
2020-12-19 20:58:10 DEBUG [t1] "TestVolatile":15: 13
2020-12-19 20:58:10 DEBUG [t1] "TestVolatile":15: 13
2020-12-19 20:58:10 DEBUG [t1] "TestVolatile":15: 13
2020-12-19 20:58:10 DEBUG [t1] "TestVolatile":15: 13
2020-12-19 20:58:10 DEBUG [t1] "TestVolatile":15: 13
2020-12-19 20:58:10 DEBUG [t1] "TestVolatile":15: 13
2020-12-19 20:58:10 DEBUG [t1] "TestVolatile":15: 13
2020-12-19 20:58:10 DEBUG [t1] "TestVolatile":15: 13
2020-12-19 20:58:10 DEBUG [t1] "TestVolatile":15: 13
2020-12-19 20:58:10 DEBUG [t1] "TestVolatile":15: 13
2020-12-19 20:58:10 DEBUG [t1] "TestVolatile":15: 13
2020-12-19 20:58:10 DEBUG [t1] "TestVolatile":15: 13
2020-12-19 20:58:10 DEBUG [t1] "TestVolatile":15: 13
2020-12-19 20:58:10 DEBUG [t1] "TestVolatile":15: 13
2020-12-19 20:58:10 DEBUG [t1] "TestVolatile":15: 13
2020-12-19 20:58:10 DEBUG [t1] "TestVolatile":15: 13
2020-12-19 20:58:10 DEBUG [t1] "TestVolatile":15: 13
2020-12-19 20:58:10 DEBUG [t1] "TestVolatile":15: 13
2020-12-19 20:58:10 DEBUG [t1] "TestVolatile":15: 13
2020-12-19 20:58:10 DEBUG [t1] "TestVolatile":15: 13
2020-12-19 20:58:10 DEBUG [t1] "TestVolatile":15: 13
2020-12-19 20:58:10 DEBUG [t1] "TestVolatile":15: 13
2020-12-19 20:58:10 DEBUG [t1] "TestVolatile":15: 13
2020-12-19 20:58:10 DEBUG [t1] "TestVolatile":15: 13
2020-12-19 20:58:10 DEBUG [t1] "TestVolatile":15: 13
2020-12-19 20:58:10 DEBUG [t1] "TestVolatile":15: 13
2020-12-19 20:58:10 DEBUG [t1] "TestVolatile":15: 13
2020-12-19 20:58:10 DEBUG [t1] "TestVolatile":15: 13
2020-12-19 20:58:10 DEBUG [t1] "TestVolatile":15: 13
2020-12-19 20:58:10 DEBUG [t1] "TestVolatile":15: 13
2020-12-19 20:58:10 DEBUG [t1] "TestVolatile":15: 13
2020-12-19 20:58:10 DEBUG [t1] "TestVolatile":15: 13
2020-12-19 20:58:10 DEBUG [t1] "TestVolatile":15: 13
2020-12-19 20:58:10 DEBUG [t1] "TestVolatile":15: 13
2020-12-19 20:58:10 DEBUG [t1] "TestVolatile":15: 13
2020-12-19 20:58:10 DEBUG [t1] "TestVolatile":15: 13
2020-12-19 20:58:10 DEBUG [t1] "TestVolatile":15: 13
2020-12-19 20:58:10 DEBUG [t1] "TestVolatile":15: 13
2020-12-19 20:58:10 DEBUG [t1] "TestVolatile":15: 13
2020-12-19 20:58:10 DEBUG [t1] "TestVolatile":15: 13
2020-12-19 20:58:10 DEBUG [t1] "TestVolatile":15: 13
2020-12-19 20:58:10 DEBUG [t1] "TestVolatile":15: 13
2020-12-19 20:58:10 DEBUG [t1] "TestVolatile":15: 13
2020-12-19 20:58:10 DEBUG [t1] "TestVolatile":15: 13
2020-12-19 20:58:10 DEBUG [t1] "TestVolatile":15: 13
2020-12-19 20:58:10 DEBUG [t1] "TestVolatile":15: 13
2020-12-19 20:58:10 DEBUG [t1] "TestVolatile":15: 13
2020-12-19 20:58:10 DEBUG [t1] "TestVolatile":15: 13
2020-12-19 20:58:10 DEBUG [t1] "TestVolatile":15: 13
2020-12-19 20:58:10 DEBUG [t1] "TestVolatile":15: 13
2020-12-19 20:58:10 DEBUG [t1] "TestVolatile":15: 13
2020-12-19 20:58:10 DEBUG [t1] "TestVolatile":15: 13
2020-12-19 20:58:10 DEBUG [t1] "TestVolatile":15: 13
2020-12-19 20:58:10 DEBUG [t1] "TestVolatile":15: 13
2020-12-19 20:58:10 DEBUG [t1] "TestVolatile":15: 13
2020-12-19 20:58:10 DEBUG [t1] "TestVolatile":15: 13
2020-12-19 20:58:10 DEBUG [t1] "TestVolatile":15: 13
2020-12-19 20:58:10 DEBUG [t1] "TestVolatile":15: 13
2020-12-19 20:58:10 DEBUG [t1] "TestVolatile":15: 13
2020-12-19 20:58:10 DEBUG [t1] "TestVolatile":15: 13
2020-12-19 20:58:10 DEBUG [t1] "TestVolatile":15: 13
2020-12-19 20:58:10 DEBUG [t1] "TestVolatile":15: 13
2020-12-19 20:58:10 DEBUG [t1] "TestVolatile":15: 13
2020-12-19 20:58:10 DEBUG [t1] "TestVolatile":15: 13
2020-12-19 20:58:10 DEBUG [t1] "TestVolatile":15: 13
2020-12-19 20:58:10 DEBUG [t1] "TestVolatile":15: 13
2020-12-19 20:58:10 DEBUG [t1] "TestVolatile":15: 13
2020-12-19 20:58:10 DEBUG [t1] "TestVolatile":15: 13
2020-12-19 20:58:10 DEBUG [t1] "TestVolatile":15: 13
2020-12-19 20:58:10 DEBUG [t1] "TestVolatile":15: 13
2020-12-19 20:58:10 DEBUG [t1] "TestVolatile":15: 13
2020-12-19 20:58:10 DEBUG [t1] "TestVolatile":15: 13
2020-12-19 20:58:10 DEBUG [t1] "TestVolatile":15: 13
2020-12-19 20:58:10 DEBUG [t1] "TestVolatile":15: 13
2020-12-19 20:58:10 DEBUG [t1] "TestVolatile":15: 13
2020-12-19 20:58:10 DEBUG [t1] "TestVolatile":15: 13
2020-12-19 20:58:10 DEBUG [t1] "TestVolatile":15: 13
2020-12-19 20:58:10 DEBUG [t1] "TestVolatile":15: 13
2020-12-19 20:58:10 DEBUG [t1] "TestVolatile":15: 13
2020-12-19 20:58:10 DEBUG [t1] "TestVolatile":15: 13
2020-12-19 20:58:10 DEBUG [t1] "TestVolatile":15: 13
2020-12-19 20:58:10 DEBUG [t1] "TestVolatile":15: 13
2020-12-19 20:58:10 DEBUG [t1] "TestVolatile":15: 13
2020-12-19 20:58:10 DEBUG [t1] "TestVolatile":15: 13
2020-12-19 20:58:10 DEBUG [t1] "TestVolatile":15: 13
2020-12-19 20:58:10 DEBUG [t1] "TestVolatile":15: 13
2020-12-19 20:58:10 DEBUG [t1] "TestVolatile":15: 13
2020-12-19 20:58:10 DEBUG [t1] "TestVolatile":15: 13
2020-12-19 20:58:10 DEBUG [t1] "TestVolatile":15: 13
2020-12-19 20:58:10 DEBUG [t1] "TestVolatile":15: 13
2020-12-19 20:58:10 DEBUG [t1] "TestVolatile":15: 13
2020-12-19 20:58:10 DEBUG [t1] "TestVolatile":15: 13
2020-12-19 20:58:10 DEBUG [t1] "TestVolatile":15: 13
2020-12-19 20:58:10 DEBUG [t1] "TestVolatile":15: 13
2020-12-19 20:58:10 DEBUG [t1] "TestVolatile":15: 13
2020-12-19 20:58:10 DEBUG [t1] "TestVolatile":15: 13
2020-12-19 20:58:10 DEBUG [t1] "TestVolatile":15: 13
2020-12-19 20:58:10 DEBUG [t1] "TestVolatile":15: 13
2020-12-19 20:58:10 DEBUG [t1] "TestVolatile":15: 13
2020-12-19 20:58:10 DEBUG [t1] "TestVolatile":15: 13
2020-12-19 20:58:10 DEBUG [t1] "TestVolatile":15: 13
2020-12-19 20:58:10 DEBUG [t1] "TestVolatile":15: 13
2020-12-19 20:58:10 DEBUG [t1] "TestVolatile":15: 13
2020-12-19 20:58:10 DEBUG [t1] "TestVolatile":15: 13
2020-12-19 20:58:10 DEBUG [t1] "TestVolatile":15: 13
2020-12-19 20:58:10 DEBUG [t1] "TestVolatile":15: 13
2020-12-19 20:58:10 DEBUG [t1] "TestVolatile":15: 13
2020-12-19 20:58:10 DEBUG [t1] "TestVolatile":15: 13
2020-12-19 20:58:10 DEBUG [t1] "TestVolatile":15: 13
2020-12-19 20:58:10 DEBUG [t1] "TestVolatile":15: 13
2020-12-19 20:58:10 DEBUG [t1] "TestVolatile":15: 13
2020-12-19 20:58:10 DEBUG [t1] "TestVolatile":15: 13
2020-12-19 20:58:10 DEBUG [t1] "TestVolatile":15: 13
2020-12-19 20:58:10 DEBUG [t1] "TestVolatile":15: 13
2020-12-19 20:58:10 DEBUG [t1] "TestVolatile":15: 13
2020-12-19 20:58:10 DEBUG [t1] "TestVolatile":15: 13
2020-12-19 20:58:10 DEBUG [t1] "TestVolatile":15: 13
2020-12-19 20:58:10 DEBUG [t1] "TestVolatile":15: 13
2020-12-19 20:58:10 DEBUG [t1] "TestVolatile":15: 13
2020-12-19 20:58:10 DEBUG [t1] "TestVolatile":15: 13
2020-12-19 20:58:10 DEBUG [t1] "TestVolatile":15: 13
2020-12-19 20:58:10 DEBUG [t1] "TestVolatile":15: 13
2020-12-19 20:58:10 DEBUG [t1] "TestVolatile":15: 13
2020-12-19 20:58:10 DEBUG [t1] "TestVolatile":15: 13
2020-12-19 20:58:10 DEBUG [t1] "TestVolatile":15: 13
2020-12-19 20:58:10 DEBUG [t1] "TestVolatile":15: 13
2020-12-19 20:58:10 DEBUG [t1] "TestVolatile":15: 13
2020-12-19 20:58:10 DEBUG [t1] "TestVolatile":15: 13
2020-12-19 20:58:10 DEBUG [t1] "TestVolatile":15: 13
2020-12-19 20:58:10 DEBUG [t1] "TestVolatile":15: 13
2020-12-19 20:58:10 DEBUG [t1] "TestVolatile":15: 13
2020-12-19 20:58:10 DEBUG [t1] "TestVolatile":15: 13
2020-12-19 20:58:10 DEBUG [t1] "TestVolatile":15: 13
2020-12-19 20:58:10 DEBUG [t1] "TestVolatile":15: 13
2020-12-19 20:58:10 DEBUG [t1] "TestVolatile":15: 13
2020-12-19 20:58:10 DEBUG [t1] "TestVolatile":15: 13
2020-12-19 20:58:10 DEBUG [t1] "TestVolatile":15: 13
2020-12-19 20:58:10 DEBUG [t1] "TestVolatile":15: 13
2020-12-19 20:58:10 DEBUG [t1] "TestVolatile":15: 13
2020-12-19 20:58:10 DEBUG [t1] "TestVolatile":15: 13
2020-12-19 20:58:10 DEBUG [t1] "TestVolatile":15: 13
2020-12-19 20:58:10 DEBUG [t1] "TestVolatile":15: 13
2020-12-19 20:58:10 DEBUG [t1] "TestVolatile":15: 13
2020-12-19 20:58:10 DEBUG [t1] "TestVolatile":15: 13
2020-12-19 20:58:10 DEBUG [t1] "TestVolatile":15: 13
2020-12-19 20:58:10 DEBUG [t1] "TestVolatile":15: 13
2020-12-19 20:58:10 DEBUG [t1] "TestVolatile":15: 13
2020-12-19 20:58:10 DEBUG [t1] "TestVolatile":15: 13
2020-12-19 20:58:10 DEBUG [t1] "TestVolatile":15: 13
2020-12-19 20:58:10 DEBUG [t1] "TestVolatile":15: 13
2020-12-19 20:58:10 DEBUG [t1] "TestVolatile":15: 13
2020-12-19 20:58:10 DEBUG [t1] "TestVolatile":15: 13
2020-12-19 20:58:10 DEBUG [t1] "TestVolatile":15: 13
2020-12-19 20:58:10 DEBUG [t1] "TestVolatile":15: 13
2020-12-19 20:58:10 DEBUG [t1] "TestVolatile":15: 13
2020-12-19 20:58:10 DEBUG [t1] "TestVolatile":15: 13
2020-12-19 20:58:10 DEBUG [t1] "TestVolatile":15: 13
2020-12-19 20:58:10 DEBUG [t1] "TestVolatile":15: 13
2020-12-19 20:58:10 DEBUG [t1] "TestVolatile":15: 13
2020-12-19 20:58:10 DEBUG [t1] "TestVolatile":15: 13
2020-12-19 20:58:10 DEBUG [t1] "TestVolatile":15: 13
2020-12-19 20:58:10 DEBUG [t1] "TestVolatile":15: 13
2020-12-19 20:58:10 DEBUG [t1] "TestVolatile":15: 13
2020-12-19 20:58:10 DEBUG [t1] "TestVolatile":15: 13
2020-12-19 20:58:10 DEBUG [t1] "TestVolatile":15: 13
2020-12-19 20:58:10 DEBUG [t1] "TestVolatile":15: 13
2020-12-19 20:58:10 DEBUG [t1] "TestVolatile":15: 13
2020-12-19 20:58:10 DEBUG [t1] "TestVolatile":15: 13
2020-12-19 20:58:10 DEBUG [t1] "TestVolatile":15: 13
2020-12-19 20:58:10 DEBUG [t1] "TestVolatile":15: 13
2020-12-19 20:58:10 DEBUG [t1] "TestVolatile":15: 13
2020-12-19 20:58:10 DEBUG [t1] "TestVolatile":15: 13
2020-12-19 20:58:10 DEBUG [t1] "TestVolatile":15: 13
2020-12-19 20:58:10 DEBUG [t1] "TestVolatile":15: 13
2020-12-19 20:58:10 DEBUG [t1] "TestVolatile":15: 13
2020-12-19 20:58:10 DEBUG [t1] "TestVolatile":15: 13
2020-12-19 20:58:10 DEBUG [t1] "TestVolatile":15: 13
2020-12-19 20:58:10 DEBUG [t1] "TestVolatile":15: 13
2020-12-19 20:58:10 DEBUG [t1] "TestVolatile":15: 13
2020-12-19 20:58:10 DEBUG [t1] "TestVolatile":15: 13
2020-12-19 20:58:10 DEBUG [t1] "TestVolatile":15: 13
2020-12-19 20:58:10 DEBUG [t1] "TestVolatile":15: 13
2020-12-19 20:58:10 DEBUG [t1] "TestVolatile":15: 13
2020-12-19 20:58:10 DEBUG [t1] "TestVolatile":15: 13
2020-12-19 20:58:10 DEBUG [t1] "TestVolatile":15: 13
2020-12-19 20:58:10 DEBUG [t1] "TestVolatile":15: 13
2020-12-19 20:58:10 DEBUG [t1] "TestVolatile":15: 13
2020-12-19 20:58:10 DEBUG [t1] "TestVolatile":15: 13
2020-12-19 20:58:10 DEBUG [t1] "TestVolatile":15: 13
2020-12-19 20:58:10 DEBUG [t1] "TestVolatile":15: 13
2020-12-19 20:58:10 DEBUG [t1] "TestVolatile":15: 13
2020-12-19 20:58:10 DEBUG [t1] "TestVolatile":15: 13
2020-12-19 20:58:10 DEBUG [t1] "TestVolatile":15: 13
2020-12-19 20:58:10 DEBUG [t1] "TestVolatile":15: 13
2020-12-19 20:58:10 DEBUG [t1] "TestVolatile":15: 13
2020-12-19 20:58:10 DEBUG [t1] "TestVolatile":15: 13
2020-12-19 20:58:10 DEBUG [t1] "TestVolatile":15: 13
2020-12-19 20:58:10 DEBUG [t1] "TestVolatile":15: 13
2020-12-19 20:58:10 DEBUG [t1] "TestVolatile":15: 13
2020-12-19 20:58:10 DEBUG [t1] "TestVolatile":15: 13
2020-12-19 20:58:10 DEBUG [t1] "TestVolatile":15: 13
2020-12-19 20:58:10 DEBUG [t1] "TestVolatile":15: 13
2020-12-19 20:58:10 DEBUG [t1] "TestVolatile":15: 13
2020-12-19 20:58:10 DEBUG [t1] "TestVolatile":15: 13
2020-12-19 20:58:10 DEBUG [t1] "TestVolatile":15: 13
2020-12-19 20:58:10 DEBUG [t1] "TestVolatile":15: 13
2020-12-19 20:58:10 DEBUG [t1] "TestVolatile":15: 13
2020-12-19 20:58:10 DEBUG [t1] "TestVolatile":15: 13
2020-12-19 20:58:10 DEBUG [t1] "TestVolatile":15: 13
2020-12-19 20:58:10 DEBUG [t1] "TestVolatile":15: 13
2020-12-19 20:58:10 DEBUG [t1] "TestVolatile":15: 13
2020-12-19 20:58:10 DEBUG [t1] "TestVolatile":15: 13
2020-12-19 20:58:10 DEBUG [t1] "TestVolatile":15: 13
2020-12-19 20:58:10 DEBUG [t1] "TestVolatile":15: 13
2020-12-19 20:58:10 DEBUG [t1] "TestVolatile":15: 13
2020-12-19 20:58:10 DEBUG [t1] "TestVolatile":15: 13
2020-12-19 20:58:10 DEBUG [t1] "TestVolatile":15: 13
2020-12-19 20:58:10 DEBUG [t1] "TestVolatile":15: 13
2020-12-19 20:58:10 DEBUG [t1] "TestVolatile":15: 13
2020-12-19 20:58:10 DEBUG [t1] "TestVolatile":15: 13
2020-12-19 20:58:10 DEBUG [t1] "TestVolatile":15: 13
2020-12-19 20:58:10 DEBUG [t1] "TestVolatile":15: 13
2020-12-19 20:58:10 DEBUG [t1] "TestVolatile":15: 13
2020-12-19 20:58:10 DEBUG [t1] "TestVolatile":15: 13
2020-12-19 20:58:10 DEBUG [t1] "TestVolatile":15: 13
2020-12-19 20:58:10 DEBUG [t1] "TestVolatile":15: 13
2020-12-19 20:58:10 DEBUG [t1] "TestVolatile":15: 13
2020-12-19 20:58:10 DEBUG [t1] "TestVolatile":15: 13
2020-12-19 20:58:10 DEBUG [t1] "TestVolatile":15: 13
2020-12-19 20:58:10 DEBUG [t1] "TestVolatile":15: 13
2020-12-19 20:58:10 DEBUG [t1] "TestVolatile":15: 13
2020-12-19 20:58:10 DEBUG [t1] "TestVolatile":15: 13
2020-12-19 20:58:10 DEBUG [t1] "TestVolatile":15: 13
2020-12-19 20:58:10 DEBUG [t1] "TestVolatile":15: 13
2020-12-19 20:58:10 DEBUG [t1] "TestVolatile":15: 13
2020-12-19 20:58:10 DEBUG [t1] "TestVolatile":15: 13
2020-12-19 20:58:10 DEBUG [t1] "TestVolatile":15: 13
2020-12-19 20:58:10 DEBUG [t1] "TestVolatile":15: 13
2020-12-19 20:58:10 DEBUG [t1] "TestVolatile":15: 13
2020-12-19 20:58:10 DEBUG [t1] "TestVolatile":15: 13
2020-12-19 20:58:10 DEBUG [t1] "TestVolatile":15: 13
2020-12-19 20:58:10 DEBUG [t1] "TestVolatile":15: 13
2020-12-19 20:58:10 DEBUG [t1] "TestVolatile":15: 13
2020-12-19 20:58:10 DEBUG [t1] "TestVolatile":15: 13
2020-12-19 20:58:10 DEBUG [t1] "TestVolatile":15: 13
2020-12-19 20:58:10 DEBUG [t1] "TestVolatile":15: 13
2020-12-19 20:58:10 DEBUG [t1] "TestVolatile":15: 13
2020-12-19 20:58:10 DEBUG [t1] "TestVolatile":15: 13
2020-12-19 20:58:10 DEBUG [t1] "TestVolatile":15: 13
2020-12-19 20:58:10 DEBUG [t1] "TestVolatile":15: 13
2020-12-19 20:58:10 DEBUG [t1] "TestVolatile":15: 13
2020-12-19 20:58:10 DEBUG [t1] "TestVolatile":15: 13
2020-12-19 20:58:10 DEBUG [t1] "TestVolatile":15: 13
2020-12-19 20:58:10 DEBUG [t1] "TestVolatile":15: 13
2020-12-19 20:58:10 DEBUG [t1] "TestVolatile":15: 13
2020-12-19 20:58:10 DEBUG [t1] "TestVolatile":15: 13
2020-12-19 20:58:10 DEBUG [t1] "TestVolatile":15: 13
2020-12-19 20:58:10 DEBUG [t1] "TestVolatile":15: 13
2020-12-19 20:58:10 DEBUG [t1] "TestVolatile":15: 13
2020-12-19 20:58:10 DEBUG [t1] "TestVolatile":15: 13
2020-12-19 20:58:10 DEBUG [t1] "TestVolatile":15: 13
2020-12-19 20:58:10 DEBUG [t1] "TestVolatile":15: 13
2020-12-19 20:58:10 DEBUG [t1] "TestVolatile":15: 13
2020-12-19 20:58:10 DEBUG [t1] "TestVolatile":15: 13
2020-12-19 20:58:10 DEBUG [t1] "TestVolatile":15: 13
2020-12-19 20:58:10 DEBUG [t1] "TestVolatile":15: 13
2020-12-19 20:58:10 DEBUG [t1] "TestVolatile":15: 13
2020-12-19 20:58:10 DEBUG [t1] "TestVolatile":15: 13
2020-12-19 20:58:10 DEBUG [t1] "TestVolatile":15: 13
2020-12-19 20:58:10 DEBUG [t1] "TestVolatile":15: 13
2020-12-19 20:58:10 DEBUG [t1] "TestVolatile":15: 13
2020-12-19 20:58:10 DEBUG [t1] "TestVolatile":15: 13
2020-12-19 20:58:10 DEBUG [t1] "TestVolatile":15: 13
2020-12-19 20:58:10 DEBUG [t1] "TestVolatile":15: 13
2020-12-19 20:58:10 DEBUG [t1] "TestVolatile":15: 13
2020-12-19 20:58:10 DEBUG [t1] "TestVolatile":15: 13
2020-12-19 20:58:10 DEBUG [t1] "TestVolatile":15: 13
2020-12-19 20:58:10 DEBUG [t1] "TestVolatile":15: 13
2020-12-19 20:58:10 DEBUG [t1] "TestVolatile":15: 13
2020-12-19 20:58:10 DEBUG [t1] "TestVolatile":15: 13
2020-12-19 20:58:10 DEBUG [t1] "TestVolatile":15: 13
2020-12-19 20:58:10 DEBUG [t1] "TestVolatile":15: 13
2020-12-19 20:58:10 DEBUG [t1] "TestVolatile":15: 13
2020-12-19 20:58:10 DEBUG [t1] "TestVolatile":15: 13
2020-12-19 20:58:10 DEBUG [t1] "TestVolatile":15: 13
2020-12-19 20:58:10 DEBUG [t1] "TestVolatile":15: 13
2020-12-19 20:58:10 DEBUG [t1] "TestVolatile":15: 13
2020-12-19 20:58:10 DEBUG [t1] "TestVolatile":15: 13
2020-12-19 20:58:10 DEBUG [t1] "TestVolatile":15: 13
2020-12-19 20:58:10 DEBUG [t1] "TestVolatile":15: 13
2020-12-19 20:58:10 DEBUG [t1] "TestVolatile":15: 13
2020-12-19 20:58:10 DEBUG [t1] "TestVolatile":15: 13
2020-12-19 20:58:10 DEBUG [t1] "TestVolatile":15: 13
2020-12-19 20:58:10 DEBUG [t1] "TestVolatile":15: 13
2020-12-19 20:58:10 DEBUG [t1] "TestVolatile":15: 13
2020-12-19 20:58:10 DEBUG [t1] "TestVolatile":15: 13
2020-12-19 20:58:10 DEBUG [t1] "TestVolatile":15: 13
2020-12-19 20:58:10 DEBUG [t1] "TestVolatile":15: 13
2020-12-19 20:58:10 DEBUG [t1] "TestVolatile":15: 13
2020-12-19 20:58:10 DEBUG [t1] "TestVolatile":15: 13
2020-12-19 20:58:10 DEBUG [t1] "TestVolatile":15: 13
2020-12-19 20:58:10 DEBUG [t1] "TestVolatile":15: 13
2020-12-19 20:58:10 DEBUG [t1] "TestVolatile":15: 13
2020-12-19 20:58:10 DEBUG [t1] "TestVolatile":15: 13
2020-12-19 20:58:10 DEBUG [t1] "TestVolatile":15: 13
2020-12-19 20:58:10 DEBUG [t1] "TestVolatile":15: 13
2020-12-19 20:58:10 DEBUG [t1] "TestVolatile":15: 13
2020-12-19 20:58:10 DEBUG [t1] "TestVolatile":15: 13
2020-12-19 20:58:10 DEBUG [t1] "TestVolatile":15: 13
2020-12-19 20:58:10 DEBUG [t1] "TestVolatile":15: 13
2020-12-19 20:58:10 DEBUG [t1] "TestVolatile":15: 13
2020-12-19 20:58:10 DEBUG [t1] "TestVolatile":15: 13
2020-12-19 20:58:10 DEBUG [t1] "TestVolatile":15: 13
2020-12-19 20:58:10 DEBUG [t1] "TestVolatile":15: 13
2020-12-19 20:58:10 DEBUG [t1] "TestVolatile":15: 13
2020-12-19 20:58:10 DEBUG [t1] "TestVolatile":15: 13
2020-12-19 20:58:10 DEBUG [t1] "TestVolatile":15: 13
2020-12-19 20:58:10 DEBUG [t1] "TestVolatile":15: 13
2020-12-19 20:58:10 DEBUG [t1] "TestVolatile":15: 13
2020-12-19 20:58:10 DEBUG [t1] "TestVolatile":15: 13
2020-12-19 20:58:10 DEBUG [t1] "TestVolatile":15: 13
2020-12-19 20:58:10 DEBUG [t1] "TestVolatile":15: 13
2020-12-19 20:58:10 DEBUG [t1] "TestVolatile":15: 13
2020-12-19 20:58:10 DEBUG [t1] "TestVolatile":15: 13
2020-12-19 20:58:10 DEBUG [t1] "TestVolatile":15: 13
2020-12-19 20:58:10 DEBUG [t1] "TestVolatile":15: 13
2020-12-19 20:58:10 DEBUG [t1] "TestVolatile":15: 13
2020-12-19 20:58:10 DEBUG [t1] "TestVolatile":15: 13
2020-12-19 20:58:10 DEBUG [t1] "TestVolatile":15: 13
2020-12-19 20:58:10 DEBUG [t1] "TestVolatile":15: 13
2020-12-19 20:58:10 DEBUG [t1] "TestVolatile":15: 13
2020-12-19 20:58:10 DEBUG [t1] "TestVolatile":15: 13
2020-12-19 20:58:10 DEBUG [t1] "TestVolatile":15: 13
2020-12-19 20:58:10 DEBUG [t1] "TestVolatile":15: 13
2020-12-19 20:58:10 DEBUG [t1] "TestVolatile":15: 13
2020-12-19 20:58:10 DEBUG [t1] "TestVolatile":15: 13
2020-12-19 20:58:10 DEBUG [t1] "TestVolatile":15: 13
2020-12-19 20:58:10 DEBUG [t1] "TestVolatile":15: 13
2020-12-19 20:58:10 DEBUG [t1] "TestVolatile":15: 13
2020-12-19 20:58:10 DEBUG [t1] "TestVolatile":15: 13
2020-12-19 20:58:10 DEBUG [t1] "TestVolatile":15: 13
2020-12-19 20:58:10 DEBUG [t1] "TestVolatile":15: 13
2020-12-19 20:58:10 DEBUG [t1] "TestVolatile":15: 13
2020-12-19 20:58:10 DEBUG [t1] "TestVolatile":15: 13
2020-12-19 20:58:10 DEBUG [t1] "TestVolatile":15: 13
2020-12-19 20:58:10 DEBUG [t1] "TestVolatile":15: 13
2020-12-19 20:58:10 DEBUG [t1] "TestVolatile":15: 13
2020-12-19 20:58:10 DEBUG [t1] "TestVolatile":15: 13
2020-12-19 20:58:10 DEBUG [t1] "TestVolatile":15: 13
2020-12-19 20:58:10 DEBUG [t1] "TestVolatile":15: 13
2020-12-19 20:58:10 DEBUG [t1] "TestVolatile":15: 13
2020-12-19 20:58:10 DEBUG [t1] "TestVolatile":15: 13
2020-12-19 20:58:10 DEBUG [t1] "TestVolatile":15: 13
2020-12-19 20:58:10 DEBUG [t1] "TestVolatile":15: 13
2020-12-19 20:58:10 DEBUG [t1] "TestVolatile":15: 13
2020-12-19 20:58:10 DEBUG [t1] "TestVolatile":15: 13
2020-12-19 20:58:10 DEBUG [t1] "TestVolatile":15: 13
2020-12-19 20:58:10 DEBUG [t1] "TestVolatile":15: 13
2020-12-19 20:58:10 DEBUG [t1] "TestVolatile":15: 13
2020-12-19 20:58:10 DEBUG [t1] "TestVolatile":15: 13
2020-12-19 20:58:10 DEBUG [t1] "TestVolatile":15: 13
2020-12-19 20:58:10 DEBUG [t1] "TestVolatile":15: 13
2020-12-19 20:58:10 DEBUG [t1] "TestVolatile":15: 13
2020-12-19 20:58:10 DEBUG [t1] "TestVolatile":15: 13
2020-12-19 20:58:10 DEBUG [t1] "TestVolatile":15: 13
2020-12-19 20:58:10 DEBUG [t1] "TestVolatile":15: 13
2020-12-19 20:58:10 DEBUG [t1] "TestVolatile":15: 13
2020-12-19 20:58:10 DEBUG [t1] "TestVolatile":15: 13
2020-12-19 20:58:10 DEBUG [t1] "TestVolatile":15: 13
2020-12-19 20:58:10 DEBUG [t1] "TestVolatile":15: 13
2020-12-19 20:58:10 DEBUG [t1] "TestVolatile":15: 13
2020-12-19 20:58:10 DEBUG [t1] "TestVolatile":15: 13
2020-12-19 20:58:10 DEBUG [t1] "TestVolatile":15: 13
2020-12-19 20:58:10 DEBUG [t1] "TestVolatile":15: 13
2020-12-19 20:58:10 DEBUG [t1] "TestVolatile":15: 13
2020-12-19 20:58:10 DEBUG [t1] "TestVolatile":15: 13
2020-12-19 20:58:10 DEBUG [t1] "TestVolatile":15: 13
2020-12-19 20:58:10 DEBUG [t1] "TestVolatile":15: 13
2020-12-19 20:58:10 DEBUG [t1] "TestVolatile":15: 13
2020-12-19 20:58:10 DEBUG [t1] "TestVolatile":15: 13
2020-12-19 20:58:10 DEBUG [t1] "TestVolatile":15: 13
2020-12-19 20:58:10 DEBUG [t1] "TestVolatile":15: 13
2020-12-19 20:58:10 DEBUG [t1] "TestVolatile":15: 13
2020-12-19 20:58:10 DEBUG [t1] "TestVolatile":15: 13
2020-12-19 20:58:10 DEBUG [t1] "TestVolatile":15: 13
2020-12-19 20:58:10 DEBUG [t1] "TestVolatile":15: 13
2020-12-19 20:58:10 DEBUG [t1] "TestVolatile":15: 13
2020-12-19 20:58:10 DEBUG [t1] "TestVolatile":15: 13
2020-12-19 20:58:10 DEBUG [t1] "TestVolatile":15: 13
2020-12-19 20:58:10 DEBUG [t1] "TestVolatile":15: 13
2020-12-19 20:58:10 DEBUG [t1] "TestVolatile":15: 13
2020-12-19 20:58:10 DEBUG [t1] "TestVolatile":15: 13
2020-12-19 20:58:10 DEBUG [t1] "TestVolatile":15: 13
2020-12-19 20:58:10 DEBUG [t1] "TestVolatile":15: 13
2020-12-19 20:58:10 DEBUG [t1] "TestVolatile":15: 13
2020-12-19 20:58:10 DEBUG [t1] "TestVolatile":15: 13
2020-12-19 20:58:10 DEBUG [t1] "TestVolatile":15: 13
2020-12-19 20:58:10 DEBUG [t1] "TestVolatile":15: 13
2020-12-19 20:58:10 DEBUG [t1] "TestVolatile":15: 13
2020-12-19 20:58:10 DEBUG [t1] "TestVolatile":15: 13
2020-12-19 20:58:10 DEBUG [t1] "TestVolatile":15: 13
2020-12-19 20:58:10 DEBUG [t1] "TestVolatile":15: 13
2020-12-19 20:58:10 DEBUG [t1] "TestVolatile":15: 13
2020-12-19 20:58:10 DEBUG [t1] "TestVolatile":15: 13
2020-12-19 20:58:10 DEBUG [t1] "TestVolatile":15: 13
2020-12-19 20:58:10 DEBUG [t1] "TestVolatile":15: 13
2020-12-19 20:58:10 DEBUG [t1] "TestVolatile":15: 13
2020-12-19 20:58:10 DEBUG [t1] "TestVolatile":15: 13
2020-12-19 20:58:10 DEBUG [t1] "TestVolatile":15: 13
2020-12-19 20:58:10 DEBUG [t1] "TestVolatile":15: 13
2020-12-19 20:58:10 DEBUG [t1] "TestVolatile":15: 13
2020-12-19 20:58:10 DEBUG [t1] "TestVolatile":15: 13
2020-12-19 20:58:10 DEBUG [t1] "TestVolatile":15: 13
2020-12-19 20:58:10 DEBUG [t1] "TestVolatile":15: 13
2020-12-19 20:58:10 DEBUG [t1] "TestVolatile":15: 13
2020-12-19 20:58:10 DEBUG [t1] "TestVolatile":15: 13
2020-12-19 20:58:10 DEBUG [t1] "TestVolatile":15: 13
2020-12-19 20:58:10 DEBUG [t1] "TestVolatile":15: 13
2020-12-19 20:58:10 DEBUG [t1] "TestVolatile":15: 13
2020-12-19 20:58:10 DEBUG [t1] "TestVolatile":15: 13
2020-12-19 20:58:10 DEBUG [t1] "TestVolatile":15: 13
2020-12-19 20:58:10 DEBUG [t1] "TestVolatile":15: 13
2020-12-19 20:58:10 DEBUG [t1] "TestVolatile":15: 13
2020-12-19 20:58:10 DEBUG [t1] "TestVolatile":15: 13
2020-12-19 20:58:10 DEBUG [t1] "TestVolatile":15: 13
2020-12-19 20:58:10 DEBUG [t1] "TestVolatile":15: 13
2020-12-19 20:58:10 DEBUG [t1] "TestVolatile":15: 13
2020-12-19 20:58:10 DEBUG [t1] "TestVolatile":15: 13
2020-12-19 20:58:10 DEBUG [t1] "TestVolatile":15: 13
2020-12-19 20:58:10 DEBUG [t1] "TestVolatile":15: 13
2020-12-19 20:58:10 DEBUG [t1] "TestVolatile":15: 13
2020-12-19 20:58:10 DEBUG [t1] "TestVolatile":15: 13
2020-12-19 20:58:10 DEBUG [t1] "TestVolatile":15: 13
2020-12-19 20:58:10 DEBUG [t1] "TestVolatile":15: 13
2020-12-19 20:58:10 DEBUG [t1] "TestVolatile":15: 13
2020-12-19 20:58:10 DEBUG [t1] "TestVolatile":15: 13
2020-12-19 20:58:10 DEBUG [t1] "TestVolatile":15: 13
2020-12-19 20:58:10 DEBUG [t1] "TestVolatile":15: 13
2020-12-19 20:58:10 DEBUG [t1] "TestVolatile":15: 13
2020-12-19 20:58:10 DEBUG [t1] "TestVolatile":15: 13
2020-12-19 20:58:10 DEBUG [t1] "TestVolatile":15: 13
2020-12-19 20:58:10 DEBUG [t1] "TestVolatile":15: 13
2020-12-19 20:58:10 DEBUG [t1] "TestVolatile":15: 13
2020-12-19 20:58:10 DEBUG [t1] "TestVolatile":15: 13
2020-12-19 20:58:10 DEBUG [t1] "TestVolatile":15: 13
2020-12-19 20:58:10 DEBUG [t1] "TestVolatile":15: 13
2020-12-19 20:58:10 DEBUG [t1] "TestVolatile":15: 13
2020-12-19 20:58:10 DEBUG [t1] "TestVolatile":15: 13
2020-12-19 20:58:10 DEBUG [t1] "TestVolatile":15: 13
2020-12-19 20:58:10 DEBUG [t1] "TestVolatile":15: 13
2020-12-19 20:58:10 DEBUG [t1] "TestVolatile":15: 13
2020-12-19 20:58:10 DEBUG [t1] "TestVolatile":15: 13
2020-12-19 20:58:10 DEBUG [t1] "TestVolatile":15: 13
2020-12-19 20:58:10 DEBUG [t1] "TestVolatile":15: 13
2020-12-19 20:58:10 DEBUG [t1] "TestVolatile":15: 13
2020-12-19 20:58:10 DEBUG [t1] "TestVolatile":15: 13
2020-12-19 20:58:10 DEBUG [t1] "TestVolatile":15: 13
2020-12-19 20:58:10 DEBUG [t1] "TestVolatile":15: 13
2020-12-19 20:58:10 DEBUG [t1] "TestVolatile":15: 13
2020-12-19 20:58:10 DEBUG [t1] "TestVolatile":15: 13
2020-12-19 20:58:10 DEBUG [t1] "TestVolatile":15: 13
2020-12-19 20:58:10 DEBUG [t1] "TestVolatile":15: 13
2020-12-19 20:58:10 DEBUG [t1] "TestVolatile":15: 13
2020-12-19 20:58:10 DEBUG [t1] "TestVolatile":15: 13
2020-12-19 20:58:10 DEBUG [t1] "TestVolatile":15: 13
2020-12-19 20:58:10 DEBUG [t1] "TestVolatile":15: 13
2020-12-19 20:58:10 DEBUG [t1] "TestVolatile":15: 13
2020-12-19 20:58:10 DEBUG [t1] "TestVolatile":15: 13
2020-12-19 20:58:10 DEBUG [t1] "TestVolatile":15: 13
2020-12-19 20:58:10 DEBUG [t1] "TestVolatile":15: 13
2020-12-19 20:58:10 DEBUG [t1] "TestVolatile":15: 13
2020-12-19 20:58:10 DEBUG [t1] "TestVolatile":15: 13
2020-12-19 20:58:10 DEBUG [t1] "TestVolatile":15: 13
2020-12-19 20:58:10 DEBUG [t1] "TestVolatile":15: 13
2020-12-19 20:58:10 DEBUG [t1] "TestVolatile":15: 13
2020-12-19 20:58:10 DEBUG [t1] "TestVolatile":15: 13
2020-12-19 20:58:10 DEBUG [t1] "TestVolatile":15: 13
2020-12-19 20:58:10 DEBUG [t1] "TestVolatile":15: 13
2020-12-19 20:58:10 DEBUG [t1] "TestVolatile":15: 13
2020-12-19 20:58:10 DEBUG [t1] "TestVolatile":15: 13
2020-12-19 20:58:10 DEBUG [t1] "TestVolatile":15: 13
2020-12-19 20:58:10 DEBUG [t1] "TestVolatile":15: 13
2020-12-19 20:58:10 DEBUG [t1] "TestVolatile":15: 13
2020-12-19 20:58:10 DEBUG [t1] "TestVolatile":15: 13
2020-12-19 20:58:10 DEBUG [t1] "TestVolatile":15: 13
2020-12-19 20:58:10 DEBUG [t1] "TestVolatile":15: 13
2020-12-19 20:58:10 DEBUG [t1] "TestVolatile":15: 13
2020-12-19 20:58:10 DEBUG [t1] "TestVolatile":15: 13
2020-12-19 20:58:10 DEBUG [t1] "TestVolatile":15: 13
2020-12-19 20:58:10 DEBUG [t1] "TestVolatile":15: 13
2020-12-19 20:58:10 DEBUG [t1] "TestVolatile":15: 13
2020-12-19 20:58:10 DEBUG [t1] "TestVolatile":15: 13
2020-12-19 20:58:10 DEBUG [t1] "TestVolatile":15: 13
2020-12-19 20:58:10 DEBUG [t1] "TestVolatile":15: 13
2020-12-19 20:58:10 DEBUG [t1] "TestVolatile":15: 13
2020-12-19 20:58:10 DEBUG [t1] "TestVolatile":15: 13
2020-12-19 20:58:10 DEBUG [t1] "TestVolatile":15: 13
2020-12-19 20:58:10 DEBUG [t1] "TestVolatile":15: 13
2020-12-19 20:58:10 DEBUG [t1] "TestVolatile":15: 13
2020-12-19 20:58:10 DEBUG [t1] "TestVolatile":15: 13
2020-12-19 20:58:10 DEBUG [t1] "TestVolatile":15: 13
2020-12-19 20:58:10 DEBUG [t1] "TestVolatile":15: 13
2020-12-19 20:58:10 DEBUG [t1] "TestVolatile":15: 13
2020-12-19 20:58:10 DEBUG [t1] "TestVolatile":15: 13
2020-12-19 20:58:10 DEBUG [t1] "TestVolatile":15: 13
2020-12-19 20:58:10 DEBUG [t1] "TestVolatile":15: 13
2020-12-19 20:58:10 DEBUG [t1] "TestVolatile":15: 13
2020-12-19 20:58:10 DEBUG [t1] "TestVolatile":15: 13
2020-12-19 20:58:10 DEBUG [t1] "TestVolatile":15: 13
2020-12-19 20:58:10 DEBUG [t1] "TestVolatile":15: 13
2020-12-19 20:58:10 DEBUG [t1] "TestVolatile":15: 13
2020-12-19 20:58:10 DEBUG [t1] "TestVolatile":15: 13
2020-12-19 20:58:10 DEBUG [t1] "TestVolatile":15: 13
2020-12-19 20:58:10 DEBUG [t1] "TestVolatile":15: 13
2020-12-19 20:58:10 DEBUG [t1] "TestVolatile":15: 13
2020-12-19 20:58:10 DEBUG [t1] "TestVolatile":15: 13
2020-12-19 20:58:10 DEBUG [t1] "TestVolatile":15: 13
2020-12-19 20:58:10 DEBUG [t1] "TestVolatile":15: 13
2020-12-19 20:58:10 DEBUG [t1] "TestVolatile":15: 13
2020-12-19 20:58:10 DEBUG [t1] "TestVolatile":15: 13
2020-12-19 20:58:10 DEBUG [t1] "TestVolatile":15: 13
2020-12-19 20:58:10 DEBUG [t1] "TestVolatile":15: 13
2020-12-19 20:58:10 DEBUG [t1] "TestVolatile":15: 13
2020-12-19 20:58:10 DEBUG [t1] "TestVolatile":15: 13
2020-12-19 20:58:10 DEBUG [t1] "TestVolatile":15: 13
2020-12-19 20:58:10 DEBUG [t1] "TestVolatile":15: 13
2020-12-19 20:58:10 DEBUG [t1] "TestVolatile":15: 13
2020-12-19 20:58:10 DEBUG [t1] "TestVolatile":15: 13
2020-12-19 20:58:10 DEBUG [t1] "TestVolatile":15: 13
2020-12-19 20:58:10 DEBUG [t1] "TestVolatile":15: 13
2020-12-19 20:58:10 DEBUG [t1] "TestVolatile":15: 13
2020-12-19 20:58:10 DEBUG [t1] "TestVolatile":15: 13
2020-12-19 20:58:10 DEBUG [t1] "TestVolatile":15: 13
2020-12-19 20:58:10 DEBUG [t1] "TestVolatile":15: 13
2020-12-19 20:58:10 DEBUG [t1] "TestVolatile":15: 13
2020-12-19 20:58:10 DEBUG [t1] "TestVolatile":15: 13
2020-12-19 20:58:10 DEBUG [t1] "TestVolatile":15: 13
2020-12-19 20:58:10 DEBUG [t1] "TestVolatile":15: 13
2020-12-19 20:58:10 DEBUG [t1] "TestVolatile":15: 13
2020-12-19 20:58:10 DEBUG [t1] "TestVolatile":15: 13
2020-12-19 20:58:10 DEBUG [t1] "TestVolatile":15: 13
2020-12-19 20:58:10 DEBUG [t1] "TestVolatile":15: 13
2020-12-19 20:58:10 DEBUG [t1] "TestVolatile":15: 13
2020-12-19 20:58:10 DEBUG [t1] "TestVolatile":15: 13
2020-12-19 20:58:10 DEBUG [t1] "TestVolatile":15: 13
2020-12-19 20:58:10 DEBUG [t1] "TestVolatile":15: 13
2020-12-19 20:58:10 DEBUG [t1] "TestVolatile":15: 13
2020-12-19 20:58:10 DEBUG [t1] "TestVolatile":15: 13
2020-12-19 20:58:10 DEBUG [t1] "TestVolatile":15: 13
2020-12-19 20:58:10 DEBUG [t1] "TestVolatile":15: 13
2020-12-19 20:58:10 DEBUG [t1] "TestVolatile":15: 13
2020-12-19 20:58:10 DEBUG [t1] "TestVolatile":15: 13
2020-12-19 20:58:10 DEBUG [t1] "TestVolatile":15: 13
2020-12-19 20:58:10 DEBUG [t1] "TestVolatile":15: 13
2020-12-19 20:58:10 DEBUG [t1] "TestVolatile":15: 13
2020-12-19 20:58:10 DEBUG [t1] "TestVolatile":15: 13
2020-12-19 20:58:10 DEBUG [t1] "TestVolatile":15: 13
2020-12-19 20:58:10 DEBUG [t1] "TestVolatile":15: 13
2020-12-19 20:58:10 DEBUG [t1] "TestVolatile":15: 13
2020-12-19 20:58:10 DEBUG [t1] "TestVolatile":15: 13
2020-12-19 20:58:10 DEBUG [t1] "TestVolatile":15: 13
2020-12-19 20:58:10 DEBUG [t1] "TestVolatile":15: 13
2020-12-19 20:58:10 DEBUG [t1] "TestVolatile":15: 13
2020-12-19 20:58:10 DEBUG [t1] "TestVolatile":15: 13
2020-12-19 20:58:10 DEBUG [t1] "TestVolatile":15: 13
2020-12-19 20:58:10 DEBUG [t1] "TestVolatile":15: 13
2020-12-19 20:58:10 DEBUG [t1] "TestVolatile":15: 13
2020-12-19 20:58:10 DEBUG [t1] "TestVolatile":15: 13
2020-12-19 20:58:10 DEBUG [t1] "TestVolatile":15: 13
2020-12-19 20:58:10 DEBUG [t1] "TestVolatile":15: 13
2020-12-19 20:58:10 DEBUG [t1] "TestVolatile":15: 13
2020-12-19 20:58:10 DEBUG [t1] "TestVolatile":15: 13
2020-12-19 20:58:10 DEBUG [t1] "TestVolatile":15: 13
2020-12-19 20:58:10 DEBUG [t1] "TestVolatile":15: 13
2020-12-19 20:58:10 DEBUG [t1] "TestVolatile":15: 13
2020-12-19 20:58:10 DEBUG [t1] "TestVolatile":15: 13
2020-12-19 20:58:10 DEBUG [t1] "TestVolatile":15: 13
2020-12-19 20:58:10 DEBUG [t1] "TestVolatile":15: 13
2020-12-19 20:58:10 DEBUG [t1] "TestVolatile":15: 13
2020-12-19 20:58:10 DEBUG [t1] "TestVolatile":15: 13
2020-12-19 20:58:10 DEBUG [t1] "TestVolatile":15: 13
2020-12-19 20:58:10 DEBUG [t1] "TestVolatile":15: 13
2020-12-19 20:58:10 DEBUG [t1] "TestVolatile":15: 13
2020-12-19 20:58:10 DEBUG [t1] "TestVolatile":15: 13
2020-12-19 20:58:10 DEBUG [t1] "TestVolatile":15: 13
2020-12-19 20:58:10 DEBUG [t1] "TestVolatile":15: 13
2020-12-19 20:58:10 DEBUG [t1] "TestVolatile":15: 13
2020-12-19 20:58:10 DEBUG [t1] "TestVolatile":15: 13
2020-12-19 20:58:10 DEBUG [t1] "TestVolatile":15: 13
2020-12-19 20:58:10 DEBUG [t1] "TestVolatile":15: 13
2020-12-19 20:58:10 DEBUG [t1] "TestVolatile":15: 13
2020-12-19 20:58:10 DEBUG [t1] "TestVolatile":15: 13
2020-12-19 20:58:10 DEBUG [t1] "TestVolatile":15: 13
2020-12-19 20:58:10 DEBUG [t1] "TestVolatile":15: 13
2020-12-19 20:58:10 DEBUG [t1] "TestVolatile":15: 13
2020-12-19 20:58:10 DEBUG [t1] "TestVolatile":15: 13
2020-12-19 20:58:10 DEBUG [t1] "TestVolatile":15: 13
2020-12-19 20:58:10 DEBUG [t1] "TestVolatile":15: 13
2020-12-19 20:58:10 DEBUG [t1] "TestVolatile":15: 13
2020-12-19 20:58:10 DEBUG [t1] "TestVolatile":15: 13
2020-12-19 20:58:10 DEBUG [t1] "TestVolatile":15: 13
2020-12-19 20:58:10 DEBUG [t1] "TestVolatile":15: 13
2020-12-19 20:58:10 DEBUG [t1] "TestVolatile":15: 13
2020-12-19 20:58:10 DEBUG [t1] "TestVolatile":15: 13
2020-12-19 20:58:10 DEBUG [t1] "TestVolatile":15: 13
2020-12-19 20:58:10 DEBUG [t1] "TestVolatile":15: 13
2020-12-19 20:58:10 DEBUG [t1] "TestVolatile":15: 13
2020-12-19 20:58:10 DEBUG [t1] "TestVolatile":15: 13
2020-12-19 20:58:10 DEBUG [t1] "TestVolatile":15: 13
2020-12-19 20:58:10 DEBUG [t1] "TestVolatile":15: 13
2020-12-19 20:58:10 DEBUG [t1] "TestVolatile":15: 13
2020-12-19 20:58:10 DEBUG [t1] "TestVolatile":15: 13
2020-12-19 20:58:10 DEBUG [t1] "TestVolatile":15: 13
2020-12-19 20:58:10 DEBUG [t1] "TestVolatile":15: 13
2020-12-19 20:58:10 DEBUG [t1] "TestVolatile":15: 13
2020-12-19 20:58:10 DEBUG [t1] "TestVolatile":15: 13
2020-12-19 20:58:10 DEBUG [t1] "TestVolatile":15: 13
2020-12-19 20:58:10 DEBUG [t1] "TestVolatile":15: 13
2020-12-19 20:58:10 DEBUG [t1] "TestVolatile":15: 13
2020-12-19 20:58:10 DEBUG [t1] "TestVolatile":15: 13
2020-12-19 20:58:10 DEBUG [t1] "TestVolatile":15: 13
2020-12-19 20:58:10 DEBUG [t1] "TestVolatile":15: 13
2020-12-19 20:58:10 DEBUG [t1] "TestVolatile":15: 13
2020-12-19 20:58:10 DEBUG [t1] "TestVolatile":15: 13
2020-12-19 20:58:10 DEBUG [t1] "TestVolatile":15: 13
2020-12-19 20:58:10 DEBUG [t1] "TestVolatile":15: 13
2020-12-19 20:58:10 DEBUG [t1] "TestVolatile":15: 13
2020-12-19 20:58:10 DEBUG [t1] "TestVolatile":15: 13
2020-12-19 20:58:10 DEBUG [t1] "TestVolatile":15: 13
2020-12-19 20:58:10 DEBUG [t1] "TestVolatile":15: 13
2020-12-19 20:58:10 DEBUG [t1] "TestVolatile":15: 13
2020-12-19 20:58:10 DEBUG [t1] "TestVolatile":15: 13
2020-12-19 20:58:10 DEBUG [t1] "TestVolatile":15: 13
2020-12-19 20:58:10 DEBUG [t1] "TestVolatile":15: 13
2020-12-19 20:58:10 DEBUG [t1] "TestVolatile":15: 13
2020-12-19 20:58:10 DEBUG [t1] "TestVolatile":15: 13
2020-12-19 20:58:10 DEBUG [t1] "TestVolatile":15: 13
2020-12-19 20:58:10 DEBUG [t1] "TestVolatile":15: 13
2020-12-19 20:58:10 DEBUG [t1] "TestVolatile":15: 13
2020-12-19 20:58:10 DEBUG [t1] "TestVolatile":15: 13
2020-12-19 20:58:10 DEBUG [t1] "TestVolatile":15: 13
2020-12-19 20:58:10 DEBUG [t1] "TestVolatile":15: 13
2020-12-19 20:58:10 DEBUG [t1] "TestVolatile":15: 13
2020-12-19 20:58:10 DEBUG [t1] "TestVolatile":15: 13
2020-12-19 20:58:10 DEBUG [t1] "TestVolatile":15: 13
2020-12-19 20:58:10 DEBUG [t1] "TestVolatile":15: 13
2020-12-19 20:58:10 DEBUG [t1] "TestVolatile":15: 13
2020-12-19 20:58:10 DEBUG [t1] "TestVolatile":15: 13
2020-12-19 20:58:10 DEBUG [t1] "TestVolatile":15: 13
2020-12-19 20:58:10 DEBUG [t1] "TestVolatile":15: 13
2020-12-19 20:58:10 DEBUG [t1] "TestVolatile":15: 13
2020-12-19 20:58:10 DEBUG [t1] "TestVolatile":15: 13
2020-12-19 20:58:10 DEBUG [t1] "TestVolatile":15: 13
2020-12-19 20:58:10 DEBUG [t1] "TestVolatile":15: 13
2020-12-19 20:58:10 DEBUG [t1] "TestVolatile":15: 13
2020-12-19 20:58:10 DEBUG [t1] "TestVolatile":15: 13
2020-12-19 20:58:10 DEBUG [t1] "TestVolatile":15: 13
2020-12-19 20:58:10 DEBUG [t1] "TestVolatile":15: 13
2020-12-19 20:58:10 DEBUG [t1] "TestVolatile":15: 13
2020-12-19 20:58:10 DEBUG [t1] "TestVolatile":15: 13
2020-12-19 20:58:10 DEBUG [t1] "TestVolatile":15: 13
2020-12-19 20:58:10 DEBUG [t1] "TestVolatile":15: 13
2020-12-19 20:58:10 DEBUG [t1] "TestVolatile":15: 13
2020-12-19 20:58:10 DEBUG [t1] "TestVolatile":15: 13
2020-12-19 20:58:10 DEBUG [t1] "TestVolatile":15: 13
2020-12-19 20:58:10 DEBUG [t1] "TestVolatile":15: 13
2020-12-19 20:58:10 DEBUG [t1] "TestVolatile":15: 13
2020-12-19 20:58:10 DEBUG [t1] "TestVolatile":15: 13
2020-12-19 20:58:10 DEBUG [t1] "TestVolatile":15: 13
2020-12-19 20:58:10 DEBUG [t1] "TestVolatile":15: 13
2020-12-19 20:58:10 DEBUG [t1] "TestVolatile":15: 13
2020-12-19 20:58:10 DEBUG [t1] "TestVolatile":15: 13
2020-12-19 20:58:10 DEBUG [t1] "TestVolatile":15: 13
2020-12-19 20:58:10 DEBUG [t1] "TestVolatile":15: 13
2020-12-19 20:58:10 DEBUG [t1] "TestVolatile":15: 13
2020-12-19 20:58:10 DEBUG [t1] "TestVolatile":15: 13
2020-12-19 20:58:10 DEBUG [t1] "TestVolatile":15: 13
2020-12-19 20:58:10 DEBUG [t1] "TestVolatile":15: 13
2020-12-19 20:58:10 DEBUG [t1] "TestVolatile":15: 13
2020-12-19 20:58:10 DEBUG [t1] "TestVolatile":15: 13
2020-12-19 20:58:10 DEBUG [t1] "TestVolatile":15: 13
2020-12-19 20:58:10 DEBUG [t1] "TestVolatile":15: 13
2020-12-19 20:58:10 DEBUG [t1] "TestVolatile":15: 13
2020-12-19 20:58:10 DEBUG [t1] "TestVolatile":15: 13
2020-12-19 20:58:10 DEBUG [t1] "TestVolatile":15: 13
2020-12-19 20:58:10 DEBUG [t1] "TestVolatile":15: 13
2020-12-19 20:58:10 DEBUG [t1] "TestVolatile":15: 13
2020-12-19 20:58:10 DEBUG [t1] "TestVolatile":15: 13
2020-12-19 20:58:10 DEBUG [t1] "TestVolatile":15: 13
2020-12-19 20:58:10 DEBUG [t1] "TestVolatile":15: 13
2020-12-19 20:58:10 DEBUG [t1] "TestVolatile":15: 13
2020-12-19 20:58:10 DEBUG [t1] "TestVolatile":15: 13
2020-12-19 20:58:10 DEBUG [t1] "TestVolatile":15: 13
2020-12-19 20:58:10 DEBUG [t1] "TestVolatile":15: 13
2020-12-19 20:58:10 DEBUG [t1] "TestVolatile":15: 13
2020-12-19 20:58:10 DEBUG [t1] "TestVolatile":15: 13
2020-12-19 20:58:10 DEBUG [t1] "TestVolatile":15: 13
2020-12-19 20:58:10 DEBUG [t1] "TestVolatile":15: 13
2020-12-19 20:58:10 DEBUG [t1] "TestVolatile":15: 13
2020-12-19 20:58:10 DEBUG [t1] "TestVolatile":15: 13
2020-12-19 20:58:10 DEBUG [t1] "TestVolatile":15: 13
2020-12-19 20:58:10 DEBUG [t1] "TestVolatile":15: 13
2020-12-19 20:58:10 DEBUG [t1] "TestVolatile":15: 13
2020-12-19 20:58:10 DEBUG [t1] "TestVolatile":15: 13
2020-12-19 20:58:10 DEBUG [t1] "TestVolatile":15: 13
2020-12-19 20:58:10 DEBUG [t1] "TestVolatile":15: 13
2020-12-19 20:58:10 DEBUG [t1] "TestVolatile":15: 13
2020-12-19 20:58:10 DEBUG [t1] "TestVolatile":15: 13
2020-12-19 20:58:10 DEBUG [t1] "TestVolatile":15: 13
2020-12-19 20:58:10 DEBUG [t1] "TestVolatile":15: 13
2020-12-19 20:58:10 DEBUG [t1] "TestVolatile":15: 13
2020-12-19 20:58:10 DEBUG [t1] "TestVolatile":15: 13
2020-12-19 20:58:10 DEBUG [t1] "TestVolatile":15: 13
2020-12-19 20:58:10 DEBUG [t1] "TestVolatile":15: 13
2020-12-19 20:58:10 DEBUG [t1] "TestVolatile":15: 13
2020-12-19 20:58:10 DEBUG [t1] "TestVolatile":15: 13
2020-12-19 20:58:10 DEBUG [t1] "TestVolatile":15: 13
2020-12-19 20:58:10 DEBUG [t1] "TestVolatile":15: 13
2020-12-19 20:58:10 DEBUG [t1] "TestVolatile":15: 13
2020-12-19 20:58:10 DEBUG [t1] "TestVolatile":15: 13
2020-12-19 20:58:10 DEBUG [t1] "TestVolatile":15: 13
2020-12-19 20:58:10 DEBUG [t1] "TestVolatile":15: 13
2020-12-19 20:58:10 DEBUG [t1] "TestVolatile":15: 13
2020-12-19 20:58:10 DEBUG [t1] "TestVolatile":15: 13
2020-12-19 20:58:10 DEBUG [t1] "TestVolatile":15: 13
2020-12-19 20:58:10 DEBUG [t1] "TestVolatile":15: 13
2020-12-19 20:58:10 DEBUG [t1] "TestVolatile":15: 13
2020-12-19 20:58:10 DEBUG [t1] "TestVolatile":15: 13
2020-12-19 20:58:10 DEBUG [t1] "TestVolatile":15: 13
2020-12-19 20:58:10 DEBUG [t1] "TestVolatile":15: 13
2020-12-19 20:58:10 DEBUG [t1] "TestVolatile":15: 13
2020-12-19 20:58:10 DEBUG [t1] "TestVolatile":15: 13
2020-12-19 20:58:10 DEBUG [t1] "TestVolatile":15: 13
2020-12-19 20:58:10 DEBUG [t1] "TestVolatile":15: 13
2020-12-19 20:58:10 DEBUG [t1] "TestVolatile":15: 13
2020-12-19 20:58:10 DEBUG [t1] "TestVolatile":15: 13
2020-12-19 20:58:10 DEBUG [t1] "TestVolatile":15: 13
2020-12-19 20:58:10 DEBUG [t1] "TestVolatile":15: 13
2020-12-19 20:58:10 DEBUG [t1] "TestVolatile":15: 13
2020-12-19 20:58:10 DEBUG [t1] "TestVolatile":15: 13
2020-12-19 20:58:10 DEBUG [t1] "TestVolatile":15: 13
2020-12-19 20:58:10 DEBUG [t1] "TestVolatile":15: 13
2020-12-19 20:58:10 DEBUG [t1] "TestVolatile":15: 13
2020-12-19 20:58:10 DEBUG [t1] "TestVolatile":15: 13
2020-12-19 20:58:10 DEBUG [t1] "TestVolatile":15: 13
2020-12-19 20:58:10 DEBUG [t1] "TestVolatile":15: 13
2020-12-19 20:58:10 DEBUG [t1] "TestVolatile":15: 13
2020-12-19 20:58:10 DEBUG [t1] "TestVolatile":15: 13
2020-12-19 20:58:10 DEBUG [t1] "TestVolatile":15: 13
2020-12-19 20:58:10 DEBUG [t1] "TestVolatile":15: 13
2020-12-19 20:58:10 DEBUG [t1] "TestVolatile":15: 13
2020-12-19 20:58:10 DEBUG [t1] "TestVolatile":15: 13
2020-12-19 20:58:10 DEBUG [t1] "TestVolatile":15: 13
2020-12-19 20:58:10 DEBUG [t1] "TestVolatile":15: 13
2020-12-19 20:58:10 DEBUG [t1] "TestVolatile":15: 13
2020-12-19 20:58:10 DEBUG [t1] "TestVolatile":15: 13
2020-12-19 20:58:10 DEBUG [t1] "TestVolatile":15: 13
2020-12-19 20:58:10 DEBUG [t1] "TestVolatile":15: 13
2020-12-19 20:58:10 DEBUG [t1] "TestVolatile":15: 13
2020-12-19 20:58:10 DEBUG [t1] "TestVolatile":15: 13
2020-12-19 20:58:10 DEBUG [t1] "TestVolatile":15: 13
2020-12-19 20:58:10 DEBUG [t1] "TestVolatile":15: 13
2020-12-19 20:58:10 DEBUG [t1] "TestVolatile":15: 13
2020-12-19 20:58:10 DEBUG [t1] "TestVolatile":15: 13
2020-12-19 20:58:10 DEBUG [t1] "TestVolatile":15: 13
2020-12-19 20:58:10 DEBUG [t1] "TestVolatile":15: 13
2020-12-19 20:58:10 DEBUG [t1] "TestVolatile":15: 13
2020-12-19 20:58:10 DEBUG [t1] "TestVolatile":15: 13
2020-12-19 20:58:10 DEBUG [t1] "TestVolatile":15: 13
2020-12-19 20:58:10 DEBUG [t1] "TestVolatile":15: 13
2020-12-19 20:58:10 DEBUG [t1] "TestVolatile":15: 13
2020-12-19 20:58:10 DEBUG [t1] "TestVolatile":15: 13
2020-12-19 20:58:10 DEBUG [t1] "TestVolatile":15: 13
2020-12-19 20:58:10 DEBUG [t1] "TestVolatile":15: 13
2020-12-19 20:58:10 DEBUG [t1] "TestVolatile":15: 13
2020-12-19 20:58:10 DEBUG [t1] "TestVolatile":15: 13
2020-12-19 20:58:10 DEBUG [t1] "TestVolatile":15: 13
2020-12-19 20:58:10 DEBUG [t1] "TestVolatile":15: 13
2020-12-19 20:58:10 DEBUG [t1] "TestVolatile":15: 13
2020-12-19 20:58:10 DEBUG [t1] "TestVolatile":15: 13
2020-12-19 20:58:10 DEBUG [t1] "TestVolatile":15: 13
2020-12-19 20:58:10 DEBUG [t1] "TestVolatile":15: 13
2020-12-19 20:58:10 DEBUG [t1] "TestVolatile":15: 13
2020-12-19 20:58:10 DEBUG [t1] "TestVolatile":15: 13
2020-12-19 20:58:10 DEBUG [t1] "TestVolatile":15: 13
2020-12-19 20:58:10 DEBUG [t1] "TestVolatile":15: 13
2020-12-19 20:58:10 DEBUG [t1] "TestVolatile":15: 13
2020-12-19 20:58:10 DEBUG [t1] "TestVolatile":15: 13
2020-12-19 20:58:10 DEBUG [t1] "TestVolatile":15: 13
2020-12-19 20:58:10 DEBUG [t1] "TestVolatile":15: 13
2020-12-19 20:58:10 DEBUG [t1] "TestVolatile":15: 13
2020-12-19 20:58:10 DEBUG [t1] "TestVolatile":15: 13
2020-12-19 20:58:10 DEBUG [t1] "TestVolatile":15: 13
2020-12-19 20:58:10 DEBUG [t1] "TestVolatile":15: 13
2020-12-19 20:58:10 DEBUG [t1] "TestVolatile":15: 13
2020-12-19 20:58:10 DEBUG [t1] "TestVolatile":15: 13
2020-12-19 20:58:10 DEBUG [t1] "TestVolatile":15: 13
2020-12-19 20:58:10 DEBUG [t1] "TestVolatile":15: 13
2020-12-19 20:58:10 DEBUG [t1] "TestVolatile":15: 13
2020-12-19 20:58:10 DEBUG [t1] "TestVolatile":15: 13
2020-12-19 20:58:10 DEBUG [t1] "TestVolatile":15: 13
2020-12-19 20:58:10 DEBUG [t1] "TestVolatile":15: 13
2020-12-19 20:58:10 DEBUG [t1] "TestVolatile":15: 13
2020-12-19 20:58:10 DEBUG [t1] "TestVolatile":15: 13
2020-12-19 20:58:10 DEBUG [t1] "TestVolatile":15: 13
2020-12-19 20:58:10 DEBUG [t1] "TestVolatile":15: 13
2020-12-19 20:58:10 DEBUG [t1] "TestVolatile":15: 13
2020-12-19 20:58:10 DEBUG [t1] "TestVolatile":15: 13
2020-12-19 20:58:10 DEBUG [t1] "TestVolatile":15: 13
2020-12-19 20:58:10 DEBUG [t1] "TestVolatile":15: 13
2020-12-19 20:58:10 DEBUG [t1] "TestVolatile":15: 13
2020-12-19 20:58:10 DEBUG [t1] "TestVolatile":15: 13
2020-12-19 20:58:10 DEBUG [t1] "TestVolatile":15: 13
2020-12-19 20:58:10 DEBUG [t1] "TestVolatile":15: 13
2020-12-19 20:58:10 DEBUG [t1] "TestVolatile":15: 13
2020-12-19 20:58:10 DEBUG [t1] "TestVolatile":15: 13
2020-12-19 20:58:10 DEBUG [t1] "TestVolatile":15: 13
2020-12-19 20:58:10 DEBUG [t1] "TestVolatile":15: 13
2020-12-19 20:58:10 DEBUG [t1] "TestVolatile":15: 13
2020-12-19 20:58:10 DEBUG [t1] "TestVolatile":15: 13
2020-12-19 20:58:10 DEBUG [t1] "TestVolatile":15: 13
2020-12-19 20:58:10 DEBUG [t1] "TestVolatile":15: 13
2020-12-19 20:58:10 DEBUG [t1] "TestVolatile":15: 13
2020-12-19 20:58:10 DEBUG [t1] "TestVolatile":15: 13
2020-12-19 20:58:10 DEBUG [t1] "TestVolatile":15: 13
2020-12-19 20:58:10 DEBUG [t1] "TestVolatile":15: 13
2020-12-19 20:58:10 DEBUG [t1] "TestVolatile":15: 13
2020-12-19 20:58:10 DEBUG [t1] "TestVolatile":15: 13
2020-12-19 20:58:10 DEBUG [t1] "TestVolatile":15: 13
2020-12-19 20:58:10 DEBUG [t1] "TestVolatile":15: 13
2020-12-19 20:58:10 DEBUG [t1] "TestVolatile":15: 13
2020-12-19 20:58:10 DEBUG [t1] "TestVolatile":15: 13
2020-12-19 20:58:10 DEBUG [t1] "TestVolatile":15: 13
2020-12-19 20:58:10 DEBUG [t1] "TestVolatile":15: 13
2020-12-19 20:58:10 DEBUG [t1] "TestVolatile":15: 13
2020-12-19 20:58:10 DEBUG [t1] "TestVolatile":15: 13
2020-12-19 20:58:10 DEBUG [t1] "TestVolatile":15: 13
2020-12-19 20:58:10 DEBUG [t1] "TestVolatile":15: 13
2020-12-19 20:58:10 DEBUG [t1] "TestVolatile":15: 13
2020-12-19 20:58:10 DEBUG [t1] "TestVolatile":15: 13
2020-12-19 20:58:10 DEBUG [t1] "TestVolatile":15: 13
2020-12-19 20:58:10 DEBUG [t1] "TestVolatile":15: 13
2020-12-19 20:58:10 DEBUG [t1] "TestVolatile":15: 13
2020-12-19 20:58:10 DEBUG [t1] "TestVolatile":15: 13
2020-12-19 20:58:10 DEBUG [t1] "TestVolatile":15: 13
2020-12-19 20:58:10 DEBUG [t1] "TestVolatile":15: 13
2020-12-19 20:58:10 DEBUG [t1] "TestVolatile":15: 13
2020-12-19 20:58:10 DEBUG [t1] "TestVolatile":15: 13
2020-12-19 20:58:10 DEBUG [t1] "TestVolatile":15: 13
2020-12-19 20:58:10 DEBUG [t1] "TestVolatile":15: 13
2020-12-19 20:58:10 DEBUG [t1] "TestVolatile":15: 13
2020-12-19 20:58:10 DEBUG [t1] "TestVolatile":15: 13
2020-12-19 20:58:10 DEBUG [t1] "TestVolatile":15: 13
2020-12-19 20:58:10 DEBUG [t1] "TestVolatile":15: 13
2020-12-19 20:58:10 DEBUG [t1] "TestVolatile":15: 13
2020-12-19 20:58:10 DEBUG [t1] "TestVolatile":15: 13
2020-12-19 20:58:10 DEBUG [t1] "TestVolatile":15: 13
2020-12-19 20:58:10 DEBUG [t1] "TestVolatile":15: 13
2020-12-19 20:58:10 DEBUG [t1] "TestVolatile":15: 13
2020-12-19 20:58:10 DEBUG [t1] "TestVolatile":15: 13
2020-12-19 20:58:10 DEBUG [t1] "TestVolatile":15: 13
2020-12-19 20:58:10 DEBUG [t1] "TestVolatile":15: 13
2020-12-19 20:58:10 DEBUG [t1] "TestVolatile":15: 13
2020-12-19 20:58:10 DEBUG [t1] "TestVolatile":15: 13
2020-12-19 20:58:10 DEBUG [t1] "TestVolatile":15: 13
2020-12-19 20:58:10 DEBUG [t1] "TestVolatile":15: 13
2020-12-19 20:58:10 DEBUG [t1] "TestVolatile":15: 13
2020-12-19 20:58:10 DEBUG [t1] "TestVolatile":15: 13
2020-12-19 20:58:10 DEBUG [t1] "TestVolatile":15: 13
2020-12-19 20:58:10 DEBUG [t1] "TestVolatile":15: 13
2020-12-19 20:58:10 DEBUG [t1] "TestVolatile":15: 13
2020-12-19 20:58:10 DEBUG [t1] "TestVolatile":15: 13
2020-12-19 20:58:10 DEBUG [t1] "TestVolatile":15: 13
2020-12-19 20:58:10 DEBUG [t1] "TestVolatile":15: 13
2020-12-19 20:58:10 DEBUG [t1] "TestVolatile":15: 13
2020-12-19 20:58:10 DEBUG [t1] "TestVolatile":15: 13
2020-12-19 20:58:10 DEBUG [t1] "TestVolatile":15: 13
2020-12-19 20:58:10 DEBUG [t1] "TestVolatile":15: 13
2020-12-19 20:58:10 DEBUG [t1] "TestVolatile":15: 13
2020-12-19 20:58:10 DEBUG [t1] "TestVolatile":15: 13
2020-12-19 20:58:10 DEBUG [t1] "TestVolatile":15: 13
2020-12-19 20:58:10 DEBUG [t1] "TestVolatile":15: 13
2020-12-19 20:58:10 DEBUG [t1] "TestVolatile":15: 13
2020-12-19 20:58:10 DEBUG [t1] "TestVolatile":15: 13
2020-12-19 20:58:10 DEBUG [t1] "TestVolatile":15: 13
2020-12-19 20:58:10 DEBUG [t1] "TestVolatile":15: 13
2020-12-19 20:58:10 DEBUG [t1] "TestVolatile":15: 13
2020-12-19 20:58:10 DEBUG [t1] "TestVolatile":15: 13
2020-12-19 20:58:10 DEBUG [t1] "TestVolatile":15: 13
2020-12-19 20:58:10 DEBUG [t1] "TestVolatile":15: 13
2020-12-19 20:58:10 DEBUG [t1] "TestVolatile":15: 13
2020-12-19 20:58:10 DEBUG [t1] "TestVolatile":15: 13
2020-12-19 20:58:10 DEBUG [t1] "TestVolatile":15: 13
2020-12-19 20:58:10 DEBUG [t1] "TestVolatile":15: 13
2020-12-19 20:58:10 DEBUG [t1] "TestVolatile":15: 13
2020-12-19 20:58:10 DEBUG [t1] "TestVolatile":15: 13
2020-12-19 20:58:10 DEBUG [t1] "TestVolatile":15: 13
2020-12-19 20:58:10 DEBUG [t1] "TestVolatile":15: 13
2020-12-19 20:58:10 DEBUG [t1] "TestVolatile":15: 13
2020-12-19 20:58:10 DEBUG [t1] "TestVolatile":15: 13
2020-12-19 20:58:10 DEBUG [t1] "TestVolatile":15: 13
2020-12-19 20:58:10 DEBUG [t1] "TestVolatile":15: 13
2020-12-19 20:58:10 DEBUG [t1] "TestVolatile":15: 13
2020-12-19 20:58:10 DEBUG [t1] "TestVolatile":15: 13
2020-12-19 20:58:10 DEBUG [t1] "TestVolatile":15: 13
2020-12-19 20:58:10 DEBUG [t1] "TestVolatile":15: 13
2020-12-19 20:58:10 DEBUG [t1] "TestVolatile":15: 13
2020-12-19 20:58:10 DEBUG [t1] "TestVolatile":15: 13
2020-12-19 20:58:10 DEBUG [t1] "TestVolatile":15: 13
2020-12-19 20:58:10 DEBUG [t1] "TestVolatile":15: 13
2020-12-19 20:58:10 DEBUG [t1] "TestVolatile":15: 13
2020-12-19 20:58:10 DEBUG [t1] "TestVolatile":15: 13
2020-12-19 20:58:10 DEBUG [t1] "TestVolatile":15: 13
2020-12-19 20:58:10 DEBUG [t1] "TestVolatile":15: 13
2020-12-19 20:58:10 DEBUG [t1] "TestVolatile":15: 13
2020-12-19 20:58:10 DEBUG [t1] "TestVolatile":15: 13
2020-12-19 20:58:10 DEBUG [t1] "TestVolatile":15: 13
2020-12-19 20:58:10 DEBUG [t1] "TestVolatile":15: 13
2020-12-19 20:58:10 DEBUG [t1] "TestVolatile":15: 13
2020-12-19 20:58:10 DEBUG [t1] "TestVolatile":15: 13
2020-12-19 20:58:10 DEBUG [t1] "TestVolatile":15: 13
2020-12-19 20:58:10 DEBUG [t1] "TestVolatile":15: 13
2020-12-19 20:58:10 DEBUG [t1] "TestVolatile":15: 13
2020-12-19 20:58:10 DEBUG [t1] "TestVolatile":15: 13
2020-12-19 20:58:10 DEBUG [t1] "TestVolatile":15: 13
2020-12-19 20:58:10 DEBUG [t1] "TestVolatile":15: 13
2020-12-19 20:58:10 DEBUG [t1] "TestVolatile":15: 13
2020-12-19 20:58:10 DEBUG [t1] "TestVolatile":15: 13
2020-12-19 20:58:10 DEBUG [t1] "TestVolatile":15: 13
2020-12-19 20:58:10 DEBUG [t1] "TestVolatile":15: 13
2020-12-19 20:58:10 DEBUG [t1] "TestVolatile":15: 13
2020-12-19 20:58:10 DEBUG [t1] "TestVolatile":15: 13
2020-12-19 20:58:10 DEBUG [t1] "TestVolatile":15: 13
2020-12-19 20:58:10 DEBUG [t1] "TestVolatile":15: 13
2020-12-19 20:58:10 DEBUG [t1] "TestVolatile":15: 13
2020-12-19 20:58:10 DEBUG [t1] "TestVolatile":15: 13
2020-12-19 20:58:10 DEBUG [t1] "TestVolatile":15: 13
2020-12-19 20:58:10 DEBUG [t1] "TestVolatile":15: 13
2020-12-19 20:58:10 DEBUG [t1] "TestVolatile":15: 13
2020-12-19 20:58:10 DEBUG [t1] "TestVolatile":15: 13
2020-12-19 20:58:10 DEBUG [t1] "TestVolatile":15: 13
2020-12-19 20:58:10 DEBUG [t1] "TestVolatile":15: 13
2020-12-19 20:58:10 DEBUG [t1] "TestVolatile":15: 13
2020-12-19 20:58:10 DEBUG [t1] "TestVolatile":15: 13
2020-12-19 20:58:10 DEBUG [t1] "TestVolatile":15: 13
2020-12-19 20:58:10 DEBUG [t1] "TestVolatile":15: 13
2020-12-19 20:58:10 DEBUG [t1] "TestVolatile":15: 13
2020-12-19 20:58:10 DEBUG [t1] "TestVolatile":15: 13
2020-12-19 20:58:10 DEBUG [t1] "TestVolatile":15: 13
2020-12-19 20:58:10 DEBUG [t1] "TestVolatile":15: 13
2020-12-19 20:58:10 DEBUG [t1] "TestVolatile":15: 13
2020-12-19 20:58:10 DEBUG [t1] "TestVolatile":15: 13
2020-12-19 20:58:10 DEBUG [t1] "TestVolatile":15: 13
2020-12-19 20:58:10 DEBUG [t1] "TestVolatile":15: 13
2020-12-19 20:58:10 DEBUG [t1] "TestVolatile":15: 13
2020-12-19 20:58:10 DEBUG [t1] "TestVolatile":15: 13
2020-12-19 20:58:10 DEBUG [t1] "TestVolatile":15: 13
2020-12-19 20:58:10 DEBUG [t1] "TestVolatile":15: 13
2020-12-19 20:58:10 DEBUG [t1] "TestVolatile":15: 13
2020-12-19 20:58:10 DEBUG [t1] "TestVolatile":15: 13
2020-12-19 20:58:10 DEBUG [t1] "TestVolatile":15: 13
2020-12-19 20:58:10 DEBUG [t1] "TestVolatile":15: 13
2020-12-19 20:58:10 DEBUG [t1] "TestVolatile":15: 13
2020-12-19 20:58:10 DEBUG [t1] "TestVolatile":15: 13
2020-12-19 20:58:10 DEBUG [t1] "TestVolatile":15: 13
2020-12-19 20:58:10 DEBUG [t1] "TestVolatile":15: 13
2020-12-19 20:58:10 DEBUG [t1] "TestVolatile":15: 13
2020-12-19 20:58:10 DEBUG [t1] "TestVolatile":15: 13
2020-12-19 20:58:10 DEBUG [t1] "TestVolatile":15: 13
2020-12-19 20:58:10 DEBUG [t1] "TestVolatile":15: 13
2020-12-19 20:58:10 DEBUG [t1] "TestVolatile":15: 13
2020-12-19 20:58:10 DEBUG [t1] "TestVolatile":15: 13
2020-12-19 20:58:10 DEBUG [t1] "TestVolatile":15: 13
2020-12-19 20:58:10 DEBUG [t1] "TestVolatile":15: 13
2020-12-19 20:58:10 DEBUG [t1] "TestVolatile":15: 13
2020-12-19 20:58:10 DEBUG [t1] "TestVolatile":15: 13
2020-12-19 20:58:10 DEBUG [t1] "TestVolatile":15: 13
2020-12-19 20:58:10 DEBUG [t1] "TestVolatile":15: 13
2020-12-19 20:58:10 DEBUG [t1] "TestVolatile":15: 13
2020-12-19 20:58:10 DEBUG [t1] "TestVolatile":15: 13
2020-12-19 20:58:10 DEBUG [t1] "TestVolatile":15: 13
2020-12-19 20:58:10 DEBUG [t1] "TestVolatile":15: 13
2020-12-19 20:58:10 DEBUG [t1] "TestVolatile":15: 13
2020-12-19 20:58:10 DEBUG [t1] "TestVolatile":15: 13
2020-12-19 20:58:10 DEBUG [t1] "TestVolatile":15: 13
2020-12-19 20:58:10 DEBUG [t1] "TestVolatile":15: 13
2020-12-19 20:58:10 DEBUG [t1] "TestVolatile":15: 13
2020-12-19 20:58:10 DEBUG [t1] "TestVolatile":15: 13
2020-12-19 20:58:10 DEBUG [t1] "TestVolatile":15: 13
2020-12-19 20:58:10 DEBUG [t1] "TestVolatile":15: 13
2020-12-19 20:58:10 DEBUG [t1] "TestVolatile":15: 13
2020-12-19 20:58:10 DEBUG [t1] "TestVolatile":15: 13
2020-12-19 20:58:10 DEBUG [t1] "TestVolatile":15: 13
2020-12-19 20:58:10 DEBUG [t1] "TestVolatile":15: 13
2020-12-19 20:58:10 DEBUG [t1] "TestVolatile":15: 13
2020-12-19 20:58:10 DEBUG [t1] "TestVolatile":15: 13
2020-12-19 20:58:10 DEBUG [t1] "TestVolatile":15: 13
2020-12-19 20:58:10 DEBUG [t1] "TestVolatile":15: 13
2020-12-19 20:58:10 DEBUG [t1] "TestVolatile":15: 13
2020-12-19 20:58:10 DEBUG [t1] "TestVolatile":15: 13
2020-12-19 20:58:10 DEBUG [t1] "TestVolatile":15: 13
2020-12-19 20:58:10 DEBUG [t1] "TestVolatile":15: 13
2020-12-19 20:58:10 DEBUG [t1] "TestVolatile":15: 13
2020-12-19 20:58:10 DEBUG [t1] "TestVolatile":15: 13
2020-12-19 20:58:10 DEBUG [t1] "TestVolatile":15: 13
2020-12-19 20:58:10 DEBUG [t1] "TestVolatile":15: 13
2020-12-19 20:58:10 DEBUG [t1] "TestVolatile":15: 13
2020-12-19 20:58:10 DEBUG [t1] "TestVolatile":15: 13
2020-12-19 20:58:10 DEBUG [t1] "TestVolatile":15: 13
2020-12-19 20:58:10 DEBUG [t1] "TestVolatile":15: 13
2020-12-19 20:58:10 DEBUG [t1] "TestVolatile":15: 13
2020-12-19 20:58:10 DEBUG [t1] "TestVolatile":15: 13
2020-12-19 20:58:10 DEBUG [t1] "TestVolatile":15: 13
2020-12-19 20:58:10 DEBUG [t1] "TestVolatile":15: 13
2020-12-19 20:58:10 DEBUG [t1] "TestVolatile":15: 13
2020-12-19 20:58:10 DEBUG [t1] "TestVolatile":15: 13
2020-12-19 20:58:10 DEBUG [t1] "TestVolatile":15: 13
2020-12-19 20:58:10 DEBUG [t1] "TestVolatile":15: 13
2020-12-19 20:58:10 DEBUG [t1] "TestVolatile":15: 13
2020-12-19 20:58:10 DEBUG [t1] "TestVolatile":15: 13
2020-12-19 20:58:10 DEBUG [t1] "TestVolatile":15: 13
2020-12-19 20:58:10 DEBUG [t1] "TestVolatile":15: 13
2020-12-19 20:58:10 DEBUG [t1] "TestVolatile":15: 13
2020-12-19 20:58:10 DEBUG [t1] "TestVolatile":15: 13
2020-12-19 20:58:10 DEBUG [t1] "TestVolatile":15: 13
2020-12-19 20:58:10 DEBUG [t1] "TestVolatile":15: 13
2020-12-19 20:58:10 DEBUG [t1] "TestVolatile":15: 13
2020-12-19 20:58:10 DEBUG [t1] "TestVolatile":15: 13
2020-12-19 20:58:10 DEBUG [t1] "TestVolatile":15: 13
2020-12-19 20:58:10 DEBUG [t1] "TestVolatile":15: 13
2020-12-19 20:58:10 DEBUG [t1] "TestVolatile":15: 13
2020-12-19 20:58:10 DEBUG [t1] "TestVolatile":15: 13
2020-12-19 20:58:10 DEBUG [t1] "TestVolatile":15: 13
2020-12-19 20:58:10 DEBUG [t1] "TestVolatile":15: 13
2020-12-19 20:58:10 DEBUG [t1] "TestVolatile":15: 13
2020-12-19 20:58:10 DEBUG [t1] "TestVolatile":15: 13
2020-12-19 20:58:10 DEBUG [t1] "TestVolatile":15: 13
2020-12-19 20:58:10 DEBUG [t1] "TestVolatile":15: 13
2020-12-19 20:58:10 DEBUG [t1] "TestVolatile":15: 13
2020-12-19 20:58:10 DEBUG [t1] "TestVolatile":15: 13
2020-12-19 20:58:10 DEBUG [t1] "TestVolatile":15: 13
2020-12-19 20:58:10 DEBUG [t1] "TestVolatile":15: 13
2020-12-19 20:58:10 DEBUG [t1] "TestVolatile":15: 13
2020-12-19 20:58:10 DEBUG [t1] "TestVolatile":15: 13
2020-12-19 20:58:10 DEBUG [t1] "TestVolatile":15: 13
2020-12-19 20:58:10 DEBUG [t1] "TestVolatile":15: 13
2020-12-19 20:58:10 DEBUG [t1] "TestVolatile":15: 13
2020-12-19 20:58:10 DEBUG [t1] "TestVolatile":15: 13
2020-12-19 20:58:10 DEBUG [t1] "TestVolatile":15: 13
2020-12-19 20:58:10 DEBUG [t1] "TestVolatile":15: 13
2020-12-19 20:58:10 DEBUG [t1] "TestVolatile":15: 13
2020-12-19 20:58:10 DEBUG [t1] "TestVolatile":15: 13
2020-12-19 20:58:10 DEBUG [t1] "TestVolatile":15: 13
2020-12-19 20:58:10 DEBUG [t1] "TestVolatile":15: 13
2020-12-19 20:58:10 DEBUG [t1] "TestVolatile":15: 13
2020-12-19 20:58:10 DEBUG [t1] "TestVolatile":15: 13
2020-12-19 20:58:10 DEBUG [t1] "TestVolatile":15: 13
2020-12-19 20:58:10 DEBUG [t1] "TestVolatile":15: 13
2020-12-19 20:58:10 DEBUG [t1] "TestVolatile":15: 13
2020-12-19 20:58:10 DEBUG [t1] "TestVolatile":15: 13
2020-12-19 20:58:10 DEBUG [t1] "TestVolatile":15: 13
2020-12-19 20:58:10 DEBUG [t1] "TestVolatile":15: 13
2020-12-19 20:58:10 DEBUG [t1] "TestVolatile":15: 13
2020-12-19 20:58:10 DEBUG [t1] "TestVolatile":15: 13
2020-12-19 20:58:10 DEBUG [t1] "TestVolatile":15: 13
2020-12-19 20:58:10 DEBUG [t1] "TestVolatile":15: 13
2020-12-19 20:58:10 DEBUG [t1] "TestVolatile":15: 13
2020-12-19 20:58:10 DEBUG [t1] "TestVolatile":15: 13
2020-12-19 20:58:10 DEBUG [t1] "TestVolatile":15: 13
2020-12-19 20:58:10 DEBUG [t1] "TestVolatile":15: 13
2020-12-19 20:58:10 DEBUG [t1] "TestVolatile":15: 13
2020-12-19 20:58:10 DEBUG [t1] "TestVolatile":15: 13
2020-12-19 20:58:10 DEBUG [t1] "TestVolatile":15: 13
2020-12-19 20:58:10 DEBUG [t1] "TestVolatile":15: 13
2020-12-19 20:58:10 DEBUG [t1] "TestVolatile":15: 13
2020-12-19 20:58:10 DEBUG [t1] "TestVolatile":15: 13
2020-12-19 20:58:10 DEBUG [t1] "TestVolatile":15: 13
2020-12-19 20:58:10 DEBUG [t1] "TestVolatile":15: 13
2020-12-19 20:58:10 DEBUG [t1] "TestVolatile":15: 13
2020-12-19 20:58:10 DEBUG [t1] "TestVolatile":15: 13
2020-12-19 20:58:10 DEBUG [t1] "TestVolatile":15: 13
2020-12-19 20:58:10 DEBUG [t1] "TestVolatile":15: 13
2020-12-19 20:58:10 DEBUG [t1] "TestVolatile":15: 13
2020-12-19 20:58:10 DEBUG [t1] "TestVolatile":15: 13
2020-12-19 20:58:10 DEBUG [t1] "TestVolatile":15: 13
2020-12-19 20:58:10 DEBUG [t1] "TestVolatile":15: 13
2020-12-19 20:58:10 DEBUG [t1] "TestVolatile":15: 13
2020-12-19 20:58:10 DEBUG [t1] "TestVolatile":15: 13
2020-12-19 20:58:10 DEBUG [t1] "TestVolatile":15: 13
2020-12-19 20:58:10 DEBUG [t1] "TestVolatile":15: 13
2020-12-19 20:58:10 DEBUG [t1] "TestVolatile":15: 13
2020-12-19 20:58:10 DEBUG [t1] "TestVolatile":15: 13
2020-12-19 20:58:10 DEBUG [t1] "TestVolatile":15: 13
2020-12-19 20:58:10 DEBUG [t1] "TestVolatile":15: 13
2020-12-19 20:58:10 DEBUG [t1] "TestVolatile":15: 13
2020-12-19 20:58:10 DEBUG [t1] "TestVolatile":15: 13
2020-12-19 20:58:10 DEBUG [t1] "TestVolatile":15: 13
2020-12-19 20:58:10 DEBUG [t1] "TestVolatile":15: 13
2020-12-19 20:58:10 DEBUG [t1] "TestVolatile":15: 13
2020-12-19 20:58:10 DEBUG [t1] "TestVolatile":15: 13
2020-12-19 20:58:10 DEBUG [t1] "TestVolatile":15: 13
2020-12-19 20:58:10 DEBUG [t1] "TestVolatile":15: 13
2020-12-19 20:58:10 DEBUG [t1] "TestVolatile":15: 13
2020-12-19 20:58:10 DEBUG [t1] "TestVolatile":15: 13
2020-12-19 20:58:10 DEBUG [t1] "TestVolatile":15: 13
2020-12-19 20:58:10 DEBUG [t1] "TestVolatile":15: 13
2020-12-19 20:58:10 DEBUG [t1] "TestVolatile":15: 13
2020-12-19 20:58:10 DEBUG [t1] "TestVolatile":15: 13
2020-12-19 20:58:10 DEBUG [t1] "TestVolatile":15: 13
2020-12-19 20:58:10 DEBUG [t1] "TestVolatile":15: 13
2020-12-19 20:58:10 DEBUG [t1] "TestVolatile":15: 13
2020-12-19 20:58:10 DEBUG [t1] "TestVolatile":15: 13
2020-12-19 20:58:10 DEBUG [t1] "TestVolatile":15: 13
2020-12-19 20:58:10 DEBUG [t1] "TestVolatile":15: 13
2020-12-19 20:58:10 DEBUG [t1] "TestVolatile":15: 13
2020-12-19 20:58:10 DEBUG [t1] "TestVolatile":15: 13
2020-12-19 20:58:10 DEBUG [t1] "TestVolatile":15: 13
2020-12-19 20:58:10 DEBUG [t1] "TestVolatile":15: 13
2020-12-19 20:58:10 DEBUG [t1] "TestVolatile":15: 13
2020-12-19 20:58:10 DEBUG [t1] "TestVolatile":15: 13
2020-12-19 20:58:10 DEBUG [t1] "TestVolatile":15: 13
2020-12-19 20:58:10 DEBUG [t1] "TestVolatile":15: 13
2020-12-19 20:58:10 DEBUG [t1] "TestVolatile":15: 13
2020-12-19 20:58:10 DEBUG [t1] "TestVolatile":15: 13
2020-12-19 20:58:10 DEBUG [t1] "TestVolatile":15: 13
2020-12-19 20:58:10 DEBUG [t1] "TestVolatile":15: 13
2020-12-19 20:58:10 DEBUG [t1] "TestVolatile":15: 13
2020-12-19 20:58:10 DEBUG [t1] "TestVolatile":15: 13
2020-12-19 20:58:10 DEBUG [t1] "TestVolatile":15: 13
2020-12-19 20:58:10 DEBUG [t1] "TestVolatile":15: 13
2020-12-19 20:58:10 DEBUG [t1] "TestVolatile":15: 13
2020-12-19 20:58:10 DEBUG [t1] "TestVolatile":15: 13
2020-12-19 20:58:10 DEBUG [t1] "TestVolatile":15: 13
2020-12-19 20:58:10 DEBUG [t1] "TestVolatile":15: 13
2020-12-19 20:58:10 DEBUG [t1] "TestVolatile":15: 13
2020-12-19 20:58:10 DEBUG [t1] "TestVolatile":15: 13
2020-12-19 20:58:10 DEBUG [t1] "TestVolatile":15: 13
2020-12-19 20:58:10 DEBUG [t1] "TestVolatile":15: 13
2020-12-19 20:58:10 DEBUG [t1] "TestVolatile":15: 13
2020-12-19 20:58:10 DEBUG [t1] "TestVolatile":15: 13
2020-12-19 20:58:10 DEBUG [t1] "TestVolatile":15: 13
2020-12-19 20:58:10 DEBUG [t1] "TestVolatile":15: 13
2020-12-19 20:58:10 DEBUG [t1] "TestVolatile":15: 13
2020-12-19 20:58:10 DEBUG [t1] "TestVolatile":15: 13
2020-12-19 20:58:10 DEBUG [t1] "TestVolatile":15: 13
2020-12-19 20:58:10 DEBUG [t1] "TestVolatile":15: 13
2020-12-19 20:58:10 DEBUG [t1] "TestVolatile":15: 13
2020-12-19 20:58:10 DEBUG [t1] "TestVolatile":15: 13
2020-12-19 20:58:10 DEBUG [t1] "TestVolatile":15: 13
2020-12-19 20:58:10 DEBUG [t1] "TestVolatile":15: 13
2020-12-19 20:58:10 DEBUG [t1] "TestVolatile":15: 13
2020-12-19 20:58:10 DEBUG [t1] "TestVolatile":15: 13
2020-12-19 20:58:10 DEBUG [t1] "TestVolatile":15: 13
2020-12-19 20:58:10 DEBUG [t1] "TestVolatile":15: 13
2020-12-19 20:58:10 DEBUG [t1] "TestVolatile":15: 13
2020-12-19 20:58:10 DEBUG [t1] "TestVolatile":15: 13
2020-12-19 20:58:10 DEBUG [t1] "TestVolatile":15: 13
2020-12-19 20:58:10 DEBUG [t1] "TestVolatile":15: 13
2020-12-19 20:58:10 DEBUG [t1] "TestVolatile":15: 13
2020-12-19 20:58:10 DEBUG [t1] "TestVolatile":15: 13
2020-12-19 20:58:10 DEBUG [t1] "TestVolatile":15: 13
2020-12-19 20:58:10 DEBUG [t1] "TestVolatile":15: 13
2020-12-19 20:58:10 DEBUG [t1] "TestVolatile":15: 13
2020-12-19 20:58:10 DEBUG [t1] "TestVolatile":15: 13
2020-12-19 20:58:10 DEBUG [t1] "TestVolatile":15: 13
2020-12-19 20:58:10 DEBUG [t1] "TestVolatile":15: 13
2020-12-19 20:58:10 DEBUG [t1] "TestVolatile":15: 13
2020-12-19 20:58:10 DEBUG [t1] "TestVolatile":15: 13
2020-12-19 20:58:10 DEBUG [t1] "TestVolatile":15: 13
2020-12-19 20:58:10 DEBUG [t1] "TestVolatile":15: 13
2020-12-19 20:58:10 DEBUG [t1] "TestVolatile":15: 13
2020-12-19 20:58:10 DEBUG [t1] "TestVolatile":15: 13
2020-12-19 20:58:10 DEBUG [t1] "TestVolatile":15: 13
2020-12-19 20:58:10 DEBUG [t1] "TestVolatile":15: 13
2020-12-19 20:58:10 DEBUG [t1] "TestVolatile":15: 13
2020-12-19 20:58:10 DEBUG [t1] "TestVolatile":15: 13
2020-12-19 20:58:10 DEBUG [t1] "TestVolatile":15: 13
2020-12-19 20:58:10 DEBUG [t1] "TestVolatile":15: 13
2020-12-19 20:58:10 DEBUG [t1] "TestVolatile":15: 13
2020-12-19 20:58:10 DEBUG [t1] "TestVolatile":15: 13
2020-12-19 20:58:10 DEBUG [t1] "TestVolatile":15: 13
2020-12-19 20:58:10 DEBUG [t1] "TestVolatile":15: 13
2020-12-19 20:58:10 DEBUG [t1] "TestVolatile":15: 13
2020-12-19 20:58:10 DEBUG [t1] "TestVolatile":15: 13
2020-12-19 20:58:10 DEBUG [t1] "TestVolatile":15: 13
2020-12-19 20:58:10 DEBUG [t1] "TestVolatile":15: 13
2020-12-19 20:58:10 DEBUG [t1] "TestVolatile":15: 13
2020-12-19 20:58:10 DEBUG [t1] "TestVolatile":15: 13
2020-12-19 20:58:10 DEBUG [t1] "TestVolatile":15: 13
2020-12-19 20:58:10 DEBUG [t1] "TestVolatile":15: 13
2020-12-19 20:58:10 DEBUG [t1] "TestVolatile":15: 13
2020-12-19 20:58:10 DEBUG [t1] "TestVolatile":15: 13
2020-12-19 20:58:10 DEBUG [t1] "TestVolatile":15: 13
2020-12-19 20:58:10 DEBUG [t1] "TestVolatile":15: 13
2020-12-19 20:58:10 DEBUG [t1] "TestVolatile":15: 13
2020-12-19 20:58:10 DEBUG [t1] "TestVolatile":15: 13
2020-12-19 20:58:10 DEBUG [t1] "TestVolatile":15: 13
2020-12-19 20:58:10 DEBUG [t1] "TestVolatile":15: 13
2020-12-19 20:58:10 DEBUG [t1] "TestVolatile":15: 13
2020-12-19 20:58:10 DEBUG [t1] "TestVolatile":15: 13
2020-12-19 20:58:10 DEBUG [t1] "TestVolatile":15: 13
2020-12-19 20:58:10 DEBUG [t1] "TestVolatile":15: 13
2020-12-19 20:58:10 DEBUG [t1] "TestVolatile":15: 13
2020-12-19 20:58:10 DEBUG [t1] "TestVolatile":15: 13
2020-12-19 20:58:10 DEBUG [t1] "TestVolatile":15: 13
2020-12-19 20:58:10 DEBUG [t1] "TestVolatile":15: 13
2020-12-19 20:58:10 DEBUG [t1] "TestVolatile":15: 13
2020-12-19 20:58:10 DEBUG [t1] "TestVolatile":15: 13
2020-12-19 20:58:10 DEBUG [t1] "TestVolatile":15: 13
2020-12-19 20:58:10 DEBUG [t1] "TestVolatile":15: 13
2020-12-19 20:58:10 DEBUG [t1] "TestVolatile":15: 13
2020-12-19 20:58:10 DEBUG [t1] "TestVolatile":15: 13
2020-12-19 20:58:10 DEBUG [t1] "TestVolatile":15: 13
2020-12-19 20:58:10 DEBUG [t1] "TestVolatile":15: 13
2020-12-19 20:58:10 DEBUG [t1] "TestVolatile":15: 13
2020-12-19 20:58:10 DEBUG [t1] "TestVolatile":15: 13
2020-12-19 20:58:10 DEBUG [t1] "TestVolatile":15: 13
2020-12-19 20:58:10 DEBUG [t1] "TestVolatile":15: 13
2020-12-19 20:58:10 DEBUG [t1] "TestVolatile":15: 13
2020-12-19 20:58:10 DEBUG [t1] "TestVolatile":15: 13
2020-12-19 20:58:10 DEBUG [t1] "TestVolatile":15: 13
2020-12-19 20:58:10 DEBUG [t1] "TestVolatile":15: 13
2020-12-19 20:58:10 DEBUG [t1] "TestVolatile":15: 13
2020-12-19 20:58:10 DEBUG [t1] "TestVolatile":15: 13
2020-12-19 20:58:10 DEBUG [t1] "TestVolatile":15: 13
2020-12-19 20:58:10 DEBUG [t1] "TestVolatile":15: 13
2020-12-19 20:58:10 DEBUG [t1] "TestVolatile":15: 13
2020-12-19 20:58:10 DEBUG [t1] "TestVolatile":15: 13
2020-12-19 20:58:10 DEBUG [t1] "TestVolatile":15: 13
2020-12-19 20:58:10 DEBUG [t1] "TestVolatile":15: 13
2020-12-19 20:58:10 DEBUG [t1] "TestVolatile":15: 13
2020-12-19 20:58:10 DEBUG [t1] "TestVolatile":15: 13
2020-12-19 20:58:10 DEBUG [t1] "TestVolatile":15: 13
2020-12-19 20:58:10 DEBUG [t1] "TestVolatile":15: 13
2020-12-19 20:58:10 DEBUG [t1] "TestVolatile":15: 13
2020-12-19 20:58:10 DEBUG [t1] "TestVolatile":15: 13
2020-12-19 20:58:10 DEBUG [t1] "TestVolatile":15: 13
2020-12-19 20:58:10 DEBUG [t1] "TestVolatile":15: 13
2020-12-19 20:58:10 DEBUG [t1] "TestVolatile":15: 13
2020-12-19 20:58:10 DEBUG [t1] "TestVolatile":15: 13
2020-12-19 20:58:10 DEBUG [t1] "TestVolatile":15: 13
2020-12-19 20:58:10 DEBUG [t1] "TestVolatile":15: 13
2020-12-19 20:58:10 DEBUG [t1] "TestVolatile":15: 13
2020-12-19 20:58:10 DEBUG [t1] "TestVolatile":15: 13
2020-12-19 20:58:10 DEBUG [t1] "TestVolatile":15: 13
2020-12-19 20:58:10 DEBUG [t1] "TestVolatile":15: 13
2020-12-19 20:58:10 DEBUG [t1] "TestVolatile":15: 13
2020-12-19 20:58:10 DEBUG [t1] "TestVolatile":15: 13
2020-12-19 20:58:10 DEBUG [t1] "TestVolatile":15: 13
2020-12-19 20:58:10 DEBUG [t1] "TestVolatile":15: 13
2020-12-19 20:58:10 DEBUG [t1] "TestVolatile":15: 13
2020-12-19 20:58:10 DEBUG [t1] "TestVolatile":15: 13
2020-12-19 20:58:10 DEBUG [t1] "TestVolatile":15: 13
2020-12-19 20:58:10 DEBUG [t1] "TestVolatile":15: 13
2020-12-19 20:58:10 DEBUG [t1] "TestVolatile":15: 13
2020-12-19 20:58:10 DEBUG [t1] "TestVolatile":15: 13
2020-12-19 20:58:10 DEBUG [t1] "TestVolatile":15: 13
2020-12-19 20:58:10 DEBUG [t1] "TestVolatile":15: 13
2020-12-19 20:58:10 DEBUG [t1] "TestVolatile":15: 13
2020-12-19 20:58:10 DEBUG [t1] "TestVolatile":15: 13
2020-12-19 20:58:10 DEBUG [t1] "TestVolatile":15: 13
2020-12-19 20:58:10 DEBUG [t1] "TestVolatile":15: 13
2020-12-19 20:58:10 DEBUG [t1] "TestVolatile":15: 13
2020-12-19 20:58:10 DEBUG [t1] "TestVolatile":15: 13
2020-12-19 20:58:10 DEBUG [t1] "TestVolatile":15: 13
2020-12-19 20:58:10 DEBUG [t1] "TestVolatile":15: 13
2020-12-19 20:58:10 DEBUG [t1] "TestVolatile":15: 13
2020-12-19 20:58:10 DEBUG [t1] "TestVolatile":15: 13
2020-12-19 20:58:10 DEBUG [t1] "TestVolatile":15: 13
2020-12-19 20:58:10 DEBUG [t1] "TestVolatile":15: 13
2020-12-19 20:58:10 DEBUG [t1] "TestVolatile":15: 13
2020-12-19 20:58:10 DEBUG [t1] "TestVolatile":15: 13
2020-12-19 20:58:10 DEBUG [t1] "TestVolatile":15: 13
2020-12-19 20:58:10 DEBUG [t1] "TestVolatile":15: 13
2020-12-19 20:58:10 DEBUG [t1] "TestVolatile":15: 13
2020-12-19 20:58:10 DEBUG [t1] "TestVolatile":15: 13
2020-12-19 20:58:10 DEBUG [t1] "TestVolatile":15: 13
2020-12-19 20:58:10 DEBUG [t1] "TestVolatile":15: 13
2020-12-19 20:58:10 DEBUG [t1] "TestVolatile":15: 13
2020-12-19 20:58:10 DEBUG [t1] "TestVolatile":15: 13
2020-12-19 20:58:10 DEBUG [t1] "TestVolatile":15: 13
2020-12-19 20:58:10 DEBUG [t1] "TestVolatile":15: 13
2020-12-19 20:58:10 DEBUG [t1] "TestVolatile":15: 13
2020-12-19 20:58:10 DEBUG [t1] "TestVolatile":15: 13
2020-12-19 20:58:10 DEBUG [t1] "TestVolatile":15: 13
2020-12-19 20:58:10 DEBUG [t1] "TestVolatile":15: 13
2020-12-19 20:58:10 DEBUG [t1] "TestVolatile":15: 13
2020-12-19 20:58:10 DEBUG [t1] "TestVolatile":15: 13
2020-12-19 20:58:10 DEBUG [t1] "TestVolatile":15: 13
2020-12-19 20:58:10 DEBUG [t1] "TestVolatile":15: 13
2020-12-19 20:58:10 DEBUG [t1] "TestVolatile":15: 13
2020-12-19 20:58:10 DEBUG [t1] "TestVolatile":15: 13
2020-12-19 20:58:10 DEBUG [t1] "TestVolatile":15: 13
2020-12-19 20:58:10 DEBUG [t1] "TestVolatile":15: 13
2020-12-19 20:58:10 DEBUG [t1] "TestVolatile":15: 13
2020-12-19 20:58:10 DEBUG [t1] "TestVolatile":15: 13
2020-12-19 20:58:10 DEBUG [t1] "TestVolatile":15: 13
2020-12-19 20:58:10 DEBUG [t1] "TestVolatile":15: 13
2020-12-19 20:58:10 DEBUG [t1] "TestVolatile":15: 13
2020-12-19 20:58:10 DEBUG [t1] "TestVolatile":15: 13
2020-12-19 20:58:10 DEBUG [t1] "TestVolatile":15: 13
2020-12-19 20:58:10 DEBUG [t1] "TestVolatile":15: 13
2020-12-19 20:58:10 DEBUG [t1] "TestVolatile":15: 13
2020-12-19 20:58:10 DEBUG [t1] "TestVolatile":15: 13
2020-12-19 20:58:10 DEBUG [t1] "TestVolatile":15: 13
2020-12-19 20:58:10 DEBUG [t1] "TestVolatile":15: 13
2020-12-19 20:58:10 DEBUG [t1] "TestVolatile":15: 13
2020-12-19 20:58:10 DEBUG [t1] "TestVolatile":15: 13
2020-12-19 20:58:10 DEBUG [t1] "TestVolatile":15: 13
2020-12-19 20:58:10 DEBUG [t1] "TestVolatile":15: 13
2020-12-19 20:58:10 DEBUG [t1] "TestVolatile":15: 13
2020-12-19 20:58:10 DEBUG [t1] "TestVolatile":15: 13
2020-12-19 20:58:10 DEBUG [t1] "TestVolatile":15: 13
2020-12-19 20:58:10 DEBUG [t1] "TestVolatile":15: 13
2020-12-19 20:58:10 DEBUG [t1] "TestVolatile":15: 13
2020-12-19 20:58:10 DEBUG [t1] "TestVolatile":15: 13
2020-12-19 20:58:10 DEBUG [t1] "TestVolatile":15: 13
2020-12-19 20:58:10 DEBUG [t1] "TestVolatile":15: 13
2020-12-19 20:58:10 DEBUG [t1] "TestVolatile":15: 13
2020-12-19 20:58:10 DEBUG [t1] "TestVolatile":15: 13
2020-12-19 20:58:10 DEBUG [t1] "TestVolatile":15: 13
2020-12-19 20:58:10 DEBUG [t1] "TestVolatile":15: 13
2020-12-19 20:58:10 DEBUG [t1] "TestVolatile":15: 13
2020-12-19 20:58:10 DEBUG [t1] "TestVolatile":15: 13
2020-12-19 20:58:10 DEBUG [t1] "TestVolatile":15: 13
2020-12-19 20:58:10 DEBUG [t1] "TestVolatile":15: 13
2020-12-19 20:58:10 DEBUG [t1] "TestVolatile":15: 13
2020-12-19 20:58:10 DEBUG [t1] "TestVolatile":15: 13
2020-12-19 20:58:10 DEBUG [t1] "TestVolatile":15: 13
2020-12-19 20:58:10 DEBUG [t1] "TestVolatile":15: 13
2020-12-19 20:58:10 DEBUG [t1] "TestVolatile":15: 13
2020-12-19 20:58:10 DEBUG [t1] "TestVolatile":15: 13
2020-12-19 20:58:10 DEBUG [t1] "TestVolatile":15: 13
2020-12-19 20:58:10 DEBUG [t1] "TestVolatile":15: 13
2020-12-19 20:58:10 DEBUG [t1] "TestVolatile":15: 13
2020-12-19 20:58:10 DEBUG [t1] "TestVolatile":15: 13
2020-12-19 20:58:10 DEBUG [t1] "TestVolatile":15: 13
2020-12-19 20:58:10 DEBUG [t1] "TestVolatile":15: 13
2020-12-19 20:58:10 DEBUG [t1] "TestVolatile":15: 13
2020-12-19 20:58:10 DEBUG [t1] "TestVolatile":15: 13
2020-12-19 20:58:10 DEBUG [t1] "TestVolatile":15: 13
2020-12-19 20:58:10 DEBUG [t1] "TestVolatile":15: 13
2020-12-19 20:58:10 DEBUG [t1] "TestVolatile":15: 13
2020-12-19 20:58:10 DEBUG [t1] "TestVolatile":15: 13
2020-12-19 20:58:10 DEBUG [t1] "TestVolatile":15: 13
2020-12-19 20:58:10 DEBUG [t1] "TestVolatile":15: 13
2020-12-19 20:58:10 DEBUG [t1] "TestVolatile":15: 13
2020-12-19 20:58:10 DEBUG [t1] "TestVolatile":15: 13
2020-12-19 20:58:10 DEBUG [t1] "TestVolatile":15: 13
2020-12-19 20:58:10 DEBUG [t1] "TestVolatile":15: 13
2020-12-19 20:58:10 DEBUG [t1] "TestVolatile":15: 13
2020-12-19 20:58:10 DEBUG [t1] "TestVolatile":15: 13
2020-12-19 20:58:10 DEBUG [t1] "TestVolatile":15: 13
2020-12-19 20:58:10 DEBUG [t1] "TestVolatile":15: 13
2020-12-19 20:58:10 DEBUG [t1] "TestVolatile":15: 13
2020-12-19 20:58:10 DEBUG [t1] "TestVolatile":15: 13
2020-12-19 20:58:10 DEBUG [t1] "TestVolatile":15: 13
2020-12-19 20:58:10 DEBUG [t1] "TestVolatile":15: 13
2020-12-19 20:58:10 DEBUG [t1] "TestVolatile":15: 13
2020-12-19 20:58:10 DEBUG [t1] "TestVolatile":15: 13
2020-12-19 20:58:10 DEBUG [t1] "TestVolatile":15: 13
2020-12-19 20:58:10 DEBUG [t1] "TestVolatile":15: 13
2020-12-19 20:58:10 DEBUG [t1] "TestVolatile":15: 13
2020-12-19 20:58:10 DEBUG [t1] "TestVolatile":15: 13
2020-12-19 20:58:10 DEBUG [t1] "TestVolatile":15: 13
2020-12-19 20:58:10 DEBUG [t1] "TestVolatile":15: 13
2020-12-19 20:58:10 DEBUG [t1] "TestVolatile":15: 13
2020-12-19 20:58:10 DEBUG [t1] "TestVolatile":15: 13
2020-12-19 20:58:10 DEBUG [t1] "TestVolatile":15: 13
2020-12-19 20:58:10 DEBUG [t1] "TestVolatile":15: 13
2020-12-19 20:58:10 DEBUG [t1] "TestVolatile":15: 13
2020-12-19 20:58:10 DEBUG [t1] "TestVolatile":15: 13
2020-12-19 20:58:10 DEBUG [t1] "TestVolatile":15: 13
2020-12-19 20:58:10 DEBUG [t1] "TestVolatile":15: 13
2020-12-19 20:58:10 DEBUG [t1] "TestVolatile":15: 13
2020-12-19 20:58:10 DEBUG [t1] "TestVolatile":15: 13
2020-12-19 20:58:10 DEBUG [t1] "TestVolatile":15: 13
2020-12-19 20:58:10 DEBUG [t1] "TestVolatile":15: 13
2020-12-19 20:58:10 DEBUG [t1] "TestVolatile":15: 13
2020-12-19 20:58:10 DEBUG [t1] "TestVolatile":15: 13
2020-12-19 20:58:10 DEBUG [t1] "TestVolatile":15: 13
2020-12-19 20:58:10 DEBUG [t1] "TestVolatile":15: 13
2020-12-19 20:58:10 DEBUG [t1] "TestVolatile":15: 13
2020-12-19 20:58:10 DEBUG [t1] "TestVolatile":15: 13
2020-12-19 20:58:10 DEBUG [t1] "TestVolatile":15: 13
2020-12-19 20:58:10 DEBUG [t1] "TestVolatile":15: 13
2020-12-19 20:58:10 DEBUG [t1] "TestVolatile":15: 13
2020-12-19 20:58:10 DEBUG [t1] "TestVolatile":15: 13
2020-12-19 20:58:10 DEBUG [t1] "TestVolatile":15: 13
2020-12-19 20:58:10 DEBUG [t1] "TestVolatile":15: 13
2020-12-19 20:58:10 DEBUG [t1] "TestVolatile":15: 13
2020-12-19 20:58:10 DEBUG [t1] "TestVolatile":15: 13
2020-12-19 20:58:10 DEBUG [t1] "TestVolatile":15: 13
2020-12-19 20:58:10 DEBUG [t1] "TestVolatile":15: 13
2020-12-19 20:58:10 DEBUG [t1] "TestVolatile":15: 13
2020-12-19 20:58:10 DEBUG [t1] "TestVolatile":15: 13
2020-12-19 20:58:10 DEBUG [t1] "TestVolatile":15: 13
2020-12-19 20:58:10 DEBUG [t1] "TestVolatile":15: 13
2020-12-19 20:58:10 DEBUG [t1] "TestVolatile":15: 13
2020-12-19 20:58:10 DEBUG [t1] "TestVolatile":15: 13
2020-12-19 20:58:10 DEBUG [t1] "TestVolatile":15: 13
2020-12-19 20:58:10 DEBUG [t1] "TestVolatile":15: 13
2020-12-19 20:58:10 DEBUG [t1] "TestVolatile":15: 13
2020-12-19 20:58:10 DEBUG [t1] "TestVolatile":15: 13
2020-12-19 20:58:10 DEBUG [t1] "TestVolatile":15: 13
2020-12-19 20:58:10 DEBUG [t1] "TestVolatile":15: 13
2020-12-19 20:58:10 DEBUG [t1] "TestVolatile":15: 13
2020-12-19 20:58:10 DEBUG [t1] "TestVolatile":15: 13
2020-12-19 20:58:10 DEBUG [t1] "TestVolatile":15: 13
2020-12-19 20:58:10 DEBUG [t1] "TestVolatile":15: 13
2020-12-19 20:58:10 DEBUG [t1] "TestVolatile":15: 13
2020-12-19 20:58:10 DEBUG [t1] "TestVolatile":15: 13
2020-12-19 20:58:10 DEBUG [t1] "TestVolatile":15: 13
2020-12-19 20:58:10 DEBUG [t1] "TestVolatile":15: 13
2020-12-19 20:58:10 DEBUG [t1] "TestVolatile":15: 13
2020-12-19 20:58:10 DEBUG [t1] "TestVolatile":15: 13
2020-12-19 20:58:10 DEBUG [t1] "TestVolatile":15: 13
2020-12-19 20:58:10 DEBUG [t1] "TestVolatile":15: 13
2020-12-19 20:58:10 DEBUG [t1] "TestVolatile":15: 13
2020-12-19 20:58:10 DEBUG [t1] "TestVolatile":15: 13
2020-12-19 20:58:10 DEBUG [t1] "TestVolatile":15: 13
2020-12-19 20:58:10 DEBUG [t1] "TestVolatile":15: 13
2020-12-19 20:58:10 DEBUG [t1] "TestVolatile":15: 13
2020-12-19 20:58:10 DEBUG [t1] "TestVolatile":15: 13
2020-12-19 20:58:10 DEBUG [t1] "TestVolatile":15: 13
2020-12-19 20:58:10 DEBUG [t1] "TestVolatile":15: 13
2020-12-19 20:58:10 DEBUG [t1] "TestVolatile":15: 13
2020-12-19 20:58:10 DEBUG [t1] "TestVolatile":15: 13
2020-12-19 20:58:10 DEBUG [t1] "TestVolatile":15: 13
2020-12-19 20:58:10 DEBUG [t1] "TestVolatile":15: 13
2020-12-19 20:58:10 DEBUG [t1] "TestVolatile":15: 13
2020-12-19 20:58:10 DEBUG [t1] "TestVolatile":15: 13
2020-12-19 20:58:10 DEBUG [t1] "TestVolatile":15: 13
2020-12-19 20:58:10 DEBUG [t1] "TestVolatile":15: 13
2020-12-19 20:58:10 DEBUG [t1] "TestVolatile":15: 13
2020-12-19 20:58:10 DEBUG [t1] "TestVolatile":15: 13
2020-12-19 20:58:10 DEBUG [t1] "TestVolatile":15: 13
2020-12-19 20:58:10 DEBUG [t1] "TestVolatile":15: 13
2020-12-19 20:58:10 DEBUG [t1] "TestVolatile":15: 13
2020-12-19 20:58:10 DEBUG [t1] "TestVolatile":15: 13
2020-12-19 20:58:10 DEBUG [t1] "TestVolatile":15: 13
2020-12-19 20:58:10 DEBUG [t1] "TestVolatile":15: 13
2020-12-19 20:58:10 DEBUG [t1] "TestVolatile":15: 13
2020-12-19 20:58:10 DEBUG [t1] "TestVolatile":15: 13
2020-12-19 20:58:10 DEBUG [t1] "TestVolatile":15: 13
2020-12-19 20:58:10 DEBUG [t1] "TestVolatile":15: 13
2020-12-19 20:58:10 DEBUG [t1] "TestVolatile":15: 13
2020-12-19 20:58:10 DEBUG [t1] "TestVolatile":15: 13
2020-12-19 20:58:10 DEBUG [t1] "TestVolatile":15: 13
2020-12-19 20:58:10 DEBUG [t1] "TestVolatile":15: 13
2020-12-19 20:58:10 DEBUG [t1] "TestVolatile":15: 13
2020-12-19 20:58:10 DEBUG [t1] "TestVolatile":15: 13
2020-12-19 20:58:10 DEBUG [t1] "TestVolatile":15: 13
2020-12-19 20:58:10 DEBUG [t1] "TestVolatile":15: 13
2020-12-19 20:58:10 DEBUG [t1] "TestVolatile":15: 13
2020-12-19 20:58:10 DEBUG [t1] "TestVolatile":15: 13
2020-12-19 20:58:10 DEBUG [t1] "TestVolatile":15: 13
2020-12-19 20:58:10 DEBUG [t1] "TestVolatile":15: 13
2020-12-19 20:58:10 DEBUG [t1] "TestVolatile":15: 13
2020-12-19 20:58:10 DEBUG [t1] "TestVolatile":15: 13
2020-12-19 20:58:10 DEBUG [t1] "TestVolatile":15: 13
2020-12-19 20:58:10 DEBUG [t1] "TestVolatile":15: 13
2020-12-19 20:58:10 DEBUG [t1] "TestVolatile":15: 13
2020-12-19 20:58:10 DEBUG [t1] "TestVolatile":15: 13
2020-12-19 20:58:10 DEBUG [t1] "TestVolatile":15: 13
2020-12-19 20:58:10 DEBUG [t1] "TestVolatile":15: 13
2020-12-19 20:58:10 DEBUG [t1] "TestVolatile":15: 13
2020-12-19 20:58:10 DEBUG [t1] "TestVolatile":15: 13
2020-12-19 20:58:10 DEBUG [t1] "TestVolatile":15: 13
2020-12-19 20:58:10 DEBUG [t1] "TestVolatile":15: 13
2020-12-19 20:58:10 DEBUG [t1] "TestVolatile":15: 13
2020-12-19 20:58:10 DEBUG [t1] "TestVolatile":15: 13
2020-12-19 20:58:10 DEBUG [t1] "TestVolatile":15: 13
2020-12-19 20:58:10 DEBUG [t1] "TestVolatile":15: 13
2020-12-19 20:58:10 DEBUG [t1] "TestVolatile":15: 13
2020-12-19 20:58:10 DEBUG [t1] "TestVolatile":15: 13
2020-12-19 20:58:10 DEBUG [t1] "TestVolatile":15: 13
2020-12-19 20:58:10 DEBUG [t1] "TestVolatile":15: 13
2020-12-19 20:58:10 DEBUG [t1] "TestVolatile":15: 13
2020-12-19 20:58:10 DEBUG [t1] "TestVolatile":15: 13
2020-12-19 20:58:10 DEBUG [t1] "TestVolatile":15: 13
2020-12-19 20:58:10 DEBUG [t1] "TestVolatile":15: 13
2020-12-19 20:58:10 DEBUG [t1] "TestVolatile":15: 13
2020-12-19 20:58:10 DEBUG [t1] "TestVolatile":15: 13
2020-12-19 20:58:10 DEBUG [t1] "TestVolatile":15: 13
2020-12-19 20:58:10 DEBUG [t1] "TestVolatile":15: 13
2020-12-19 20:58:10 DEBUG [t1] "TestVolatile":15: 13
2020-12-19 20:58:10 DEBUG [t1] "TestVolatile":15: 13
2020-12-19 20:58:10 DEBUG [t1] "TestVolatile":15: 13
2020-12-19 20:58:10 DEBUG [t1] "TestVolatile":15: 13
2020-12-19 20:58:10 DEBUG [t1] "TestVolatile":15: 13
2020-12-19 20:58:10 DEBUG [t1] "TestVolatile":15: 13
2020-12-19 20:58:10 DEBUG [t1] "TestVolatile":15: 13
2020-12-19 20:58:10 DEBUG [t1] "TestVolatile":15: 13
2020-12-19 20:58:10 DEBUG [t1] "TestVolatile":15: 13
2020-12-19 20:58:10 DEBUG [t1] "TestVolatile":15: 13
2020-12-19 20:58:10 DEBUG [t1] "TestVolatile":15: 13
2020-12-19 20:58:10 DEBUG [t1] "TestVolatile":15: 13
2020-12-19 20:58:10 DEBUG [t1] "TestVolatile":15: 13
2020-12-19 20:58:10 DEBUG [t1] "TestVolatile":15: 13
2020-12-19 20:58:10 DEBUG [t1] "TestVolatile":15: 13
2020-12-19 20:58:10 DEBUG [t1] "TestVolatile":15: 13
2020-12-19 20:58:10 DEBUG [t1] "TestVolatile":15: 13
2020-12-19 20:58:10 DEBUG [t1] "TestVolatile":15: 13
2020-12-19 20:58:10 DEBUG [t1] "TestVolatile":15: 13
2020-12-19 20:58:10 DEBUG [t1] "TestVolatile":15: 13
2020-12-19 20:58:10 DEBUG [t1] "TestVolatile":15: 13
2020-12-19 20:58:10 DEBUG [t1] "TestVolatile":15: 13
2020-12-19 20:58:10 DEBUG [t1] "TestVolatile":15: 13
2020-12-19 20:58:10 DEBUG [t1] "TestVolatile":15: 13
2020-12-19 20:58:10 DEBUG [t1] "TestVolatile":15: 13
2020-12-19 20:58:10 DEBUG [t1] "TestVolatile":15: 13
2020-12-19 20:58:10 DEBUG [t1] "TestVolatile":15: 13
2020-12-19 20:58:10 DEBUG [t1] "TestVolatile":15: 13
2020-12-19 20:58:10 DEBUG [t1] "TestVolatile":15: 13
2020-12-19 20:58:10 DEBUG [t1] "TestVolatile":15: 13
2020-12-19 20:58:10 DEBUG [t1] "TestVolatile":15: 13
2020-12-19 20:58:10 DEBUG [t1] "TestVolatile":15: 13
2020-12-19 20:58:10 DEBUG [t1] "TestVolatile":15: 13
2020-12-19 20:58:10 DEBUG [t1] "TestVolatile":15: 13
2020-12-19 20:58:10 DEBUG [t1] "TestVolatile":15: 13
2020-12-19 20:58:10 DEBUG [t1] "TestVolatile":15: 13
2020-12-19 20:58:10 DEBUG [t1] "TestVolatile":15: 13
2020-12-19 20:58:10 DEBUG [t1] "TestVolatile":15: 13
2020-12-19 20:58:10 DEBUG [t1] "TestVolatile":15: 13
2020-12-19 20:58:10 DEBUG [t1] "TestVolatile":15: 13
2020-12-19 20:58:10 DEBUG [t1] "TestVolatile":15: 13
2020-12-19 20:58:10 DEBUG [t1] "TestVolatile":15: 13
2020-12-19 20:58:10 DEBUG [t1] "TestVolatile":15: 13
2020-12-19 20:58:10 DEBUG [t1] "TestVolatile":15: 13
2020-12-19 20:58:10 DEBUG [t1] "TestVolatile":15: 13
2020-12-19 20:58:10 DEBUG [t1] "TestVolatile":15: 13
2020-12-19 20:58:10 DEBUG [t1] "TestVolatile":15: 13
2020-12-19 20:58:10 DEBUG [t1] "TestVolatile":15: 13
2020-12-19 20:58:10 DEBUG [t1] "TestVolatile":15: 13
2020-12-19 20:58:10 DEBUG [t1] "TestVolatile":15: 13
2020-12-19 20:58:10 DEBUG [t1] "TestVolatile":15: 13
2020-12-19 20:58:10 DEBUG [t1] "TestVolatile":15: 13
2020-12-19 20:58:10 DEBUG [t1] "TestVolatile":15: 13
2020-12-19 20:58:10 DEBUG [t1] "TestVolatile":15: 13
2020-12-19 20:58:10 DEBUG [t1] "TestVolatile":15: 13
2020-12-19 20:58:10 DEBUG [t1] "TestVolatile":15: 13
2020-12-19 20:58:10 DEBUG [t1] "TestVolatile":15: 13
2020-12-19 20:58:10 DEBUG [t1] "TestVolatile":15: 13
2020-12-19 20:58:10 DEBUG [t1] "TestVolatile":15: 13
2020-12-19 20:58:10 DEBUG [t1] "TestVolatile":15: 13
2020-12-19 20:58:10 DEBUG [t1] "TestVolatile":15: 13
2020-12-19 20:58:10 DEBUG [t1] "TestVolatile":15: 13
2020-12-19 20:58:10 DEBUG [t1] "TestVolatile":15: 13
2020-12-19 20:58:10 DEBUG [t1] "TestVolatile":15: 13
2020-12-19 20:58:10 DEBUG [t1] "TestVolatile":15: 13
2020-12-19 20:58:10 DEBUG [t1] "TestVolatile":15: 13
2020-12-19 20:58:10 DEBUG [t1] "TestVolatile":15: 13
2020-12-19 20:58:10 DEBUG [t1] "TestVolatile":15: 13
2020-12-19 20:58:10 DEBUG [t1] "TestVolatile":15: 13
2020-12-19 20:58:10 DEBUG [t1] "TestVolatile":15: 13
2020-12-19 20:58:10 DEBUG [t1] "TestVolatile":15: 13
2020-12-19 20:58:10 DEBUG [t1] "TestVolatile":15: 13
2020-12-19 20:58:10 DEBUG [t1] "TestVolatile":15: 13
2020-12-19 20:58:10 DEBUG [t1] "TestVolatile":15: 13
2020-12-19 20:58:10 DEBUG [t1] "TestVolatile":15: 13
2020-12-19 20:58:10 DEBUG [t1] "TestVolatile":15: 13
2020-12-19 20:58:10 DEBUG [t1] "TestVolatile":15: 13
2020-12-19 20:58:10 DEBUG [t1] "TestVolatile":15: 13
2020-12-19 20:58:10 DEBUG [t1] "TestVolatile":15: 13
2020-12-19 20:58:10 DEBUG [t1] "TestVolatile":15: 13
2020-12-19 20:58:10 DEBUG [t1] "TestVolatile":15: 13
2020-12-19 20:58:10 DEBUG [t1] "TestVolatile":15: 13
2020-12-19 20:58:10 DEBUG [t1] "TestVolatile":15: 13
2020-12-19 20:58:10 DEBUG [t1] "TestVolatile":15: 13
2020-12-19 20:58:10 DEBUG [t1] "TestVolatile":15: 13
2020-12-19 20:58:10 DEBUG [t1] "TestVolatile":15: 13
2020-12-19 20:58:10 DEBUG [t1] "TestVolatile":15: 13
2020-12-19 20:58:10 DEBUG [t1] "TestVolatile":15: 13
2020-12-19 20:58:10 DEBUG [t1] "TestVolatile":15: 13
2020-12-19 20:58:10 DEBUG [t1] "TestVolatile":15: 13
2020-12-19 20:58:10 DEBUG [t1] "TestVolatile":15: 13
2020-12-19 20:58:10 DEBUG [t1] "TestVolatile":15: 13
2020-12-19 20:58:10 DEBUG [t1] "TestVolatile":15: 13
2020-12-19 20:58:10 DEBUG [t1] "TestVolatile":15: 13
2020-12-19 20:58:10 DEBUG [t1] "TestVolatile":15: 13
2020-12-19 20:58:10 DEBUG [t1] "TestVolatile":15: 13
2020-12-19 20:58:10 DEBUG [t1] "TestVolatile":15: 13
2020-12-19 20:58:10 DEBUG [t1] "TestVolatile":15: 13
2020-12-19 20:58:10 DEBUG [t1] "TestVolatile":15: 13
2020-12-19 20:58:10 DEBUG [t1] "TestVolatile":15: 13
2020-12-19 20:58:10 DEBUG [t1] "TestVolatile":15: 13
2020-12-19 20:58:10 DEBUG [t1] "TestVolatile":15: 13
2020-12-19 20:58:10 DEBUG [t1] "TestVolatile":15: 13
2020-12-19 20:58:10 DEBUG [t1] "TestVolatile":15: 13
2020-12-19 20:58:10 DEBUG [t1] "TestVolatile":15: 13
2020-12-19 20:58:10 DEBUG [t1] "TestVolatile":15: 13
2020-12-19 20:58:10 DEBUG [t1] "TestVolatile":15: 13
2020-12-19 20:58:10 DEBUG [t1] "TestVolatile":15: 13
2020-12-19 20:58:10 DEBUG [t1] "TestVolatile":15: 13
2020-12-19 20:58:10 DEBUG [t1] "TestVolatile":15: 13
2020-12-19 20:58:10 DEBUG [t1] "TestVolatile":15: 13
2020-12-19 20:58:10 DEBUG [t1] "TestVolatile":15: 13
2020-12-19 20:58:10 DEBUG [t1] "TestVolatile":15: 13
2020-12-19 20:58:10 DEBUG [t1] "TestVolatile":15: 13
2020-12-19 20:58:10 DEBUG [t1] "TestVolatile":15: 13
2020-12-19 20:58:10 DEBUG [t1] "TestVolatile":15: 13
2020-12-19 20:58:10 DEBUG [t1] "TestVolatile":15: 13
2020-12-19 20:58:10 DEBUG [t1] "TestVolatile":15: 13
2020-12-19 20:58:10 DEBUG [t1] "TestVolatile":15: 13
2020-12-19 20:58:10 DEBUG [t1] "TestVolatile":15: 13
2020-12-19 20:58:10 DEBUG [t1] "TestVolatile":15: 13
2020-12-19 20:58:10 DEBUG [t1] "TestVolatile":15: 13
2020-12-19 20:58:10 DEBUG [t1] "TestVolatile":15: 13
2020-12-19 20:58:10 DEBUG [t1] "TestVolatile":15: 13
2020-12-19 20:58:10 DEBUG [t1] "TestVolatile":15: 13
2020-12-19 20:58:10 DEBUG [t1] "TestVolatile":15: 13
2020-12-19 20:58:10 DEBUG [t1] "TestVolatile":15: 13
2020-12-19 20:58:10 DEBUG [t1] "TestVolatile":15: 13
2020-12-19 20:58:10 DEBUG [t1] "TestVolatile":15: 13
2020-12-19 20:58:10 DEBUG [t1] "TestVolatile":15: 13
2020-12-19 20:58:10 DEBUG [t1] "TestVolatile":15: 13
2020-12-19 20:58:10 DEBUG [t1] "TestVolatile":15: 13
2020-12-19 20:58:10 DEBUG [t1] "TestVolatile":15: 13
2020-12-19 20:58:10 DEBUG [t1] "TestVolatile":15: 13
2020-12-19 20:58:10 DEBUG [t1] "TestVolatile":15: 13
2020-12-19 20:58:10 DEBUG [t1] "TestVolatile":15: 13
2020-12-19 20:58:10 DEBUG [t1] "TestVolatile":15: 13
2020-12-19 20:58:10 DEBUG [t1] "TestVolatile":15: 13
2020-12-19 20:58:10 DEBUG [t1] "TestVolatile":15: 13
2020-12-19 20:58:10 DEBUG [t1] "TestVolatile":15: 13
2020-12-19 20:58:10 DEBUG [t1] "TestVolatile":15: 13
2020-12-19 20:58:10 DEBUG [t1] "TestVolatile":15: 13
2020-12-19 20:58:10 DEBUG [t1] "TestVolatile":15: 13
2020-12-19 20:58:10 DEBUG [t1] "TestVolatile":15: 13
2020-12-19 20:58:10 DEBUG [t1] "TestVolatile":15: 13
2020-12-19 20:58:10 DEBUG [t1] "TestVolatile":15: 13
2020-12-19 20:58:10 DEBUG [t1] "TestVolatile":15: 13
2020-12-19 20:58:10 DEBUG [t1] "TestVolatile":15: 13
2020-12-19 20:58:10 DEBUG [t1] "TestVolatile":15: 13
2020-12-19 20:58:10 DEBUG [t1] "TestVolatile":15: 13
2020-12-19 20:58:10 DEBUG [t1] "TestVolatile":15: 13
2020-12-19 20:58:10 DEBUG [t1] "TestVolatile":15: 13
2020-12-19 20:58:10 DEBUG [t1] "TestVolatile":15: 13
2020-12-19 20:58:10 DEBUG [t1] "TestVolatile":15: 13
2020-12-19 20:58:10 DEBUG [t1] "TestVolatile":15: 13
2020-12-19 20:58:10 DEBUG [t1] "TestVolatile":15: 13
2020-12-19 20:58:10 DEBUG [t1] "TestVolatile":15: 13
2020-12-19 20:58:10 DEBUG [t1] "TestVolatile":15: 13
2020-12-19 20:58:10 DEBUG [t1] "TestVolatile":15: 13
2020-12-19 20:58:10 DEBUG [t1] "TestVolatile":15: 13
2020-12-19 20:58:10 DEBUG [t1] "TestVolatile":15: 13
2020-12-19 20:58:10 DEBUG [t1] "TestVolatile":15: 13
2020-12-19 20:58:10 DEBUG [t1] "TestVolatile":15: 13
2020-12-19 20:58:10 DEBUG [t1] "TestVolatile":15: 13
2020-12-19 20:58:10 DEBUG [t1] "TestVolatile":15: 13
2020-12-19 20:58:10 DEBUG [t1] "TestVolatile":15: 13
2020-12-19 20:58:10 DEBUG [t1] "TestVolatile":15: 13
2020-12-19 20:58:10 DEBUG [t1] "TestVolatile":15: 13
2020-12-19 20:58:10 DEBUG [t1] "TestVolatile":15: 13
2020-12-19 20:58:10 DEBUG [t1] "TestVolatile":15: 13
2020-12-19 20:58:10 DEBUG [t1] "TestVolatile":15: 13
2020-12-19 20:58:10 DEBUG [t1] "TestVolatile":15: 13
2020-12-19 20:58:10 DEBUG [t1] "TestVolatile":15: 13
2020-12-19 20:58:10 DEBUG [t1] "TestVolatile":15: 13
2020-12-19 20:58:10 DEBUG [t1] "TestVolatile":15: 13
2020-12-19 20:58:10 DEBUG [t1] "TestVolatile":15: 13
2020-12-19 20:58:10 DEBUG [t1] "TestVolatile":15: 13
2020-12-19 20:58:10 DEBUG [t1] "TestVolatile":15: 13
2020-12-19 20:58:10 DEBUG [t1] "TestVolatile":15: 13
2020-12-19 20:58:10 DEBUG [t1] "TestVolatile":15: 13
2020-12-19 20:58:10 DEBUG [t1] "TestVolatile":15: 13
2020-12-19 20:58:10 DEBUG [t1] "TestVolatile":15: 13
2020-12-19 20:58:10 DEBUG [t1] "TestVolatile":15: 13
2020-12-19 20:58:10 DEBUG [t1] "TestVolatile":15: 13
2020-12-19 20:58:10 DEBUG [t1] "TestVolatile":15: 13
2020-12-19 20:58:10 DEBUG [t1] "TestVolatile":15: 13
2020-12-19 20:58:10 DEBUG [t1] "TestVolatile":15: 13
2020-12-19 20:58:10 DEBUG [t1] "TestVolatile":15: 13
2020-12-19 20:58:10 DEBUG [t1] "TestVolatile":15: 13
2020-12-19 20:58:10 DEBUG [t1] "TestVolatile":15: 13
2020-12-19 20:58:10 DEBUG [t1] "TestVolatile":15: 13
2020-12-19 20:58:10 DEBUG [t1] "TestVolatile":15: 13
2020-12-19 20:58:10 DEBUG [t1] "TestVolatile":15: 13
2020-12-19 20:58:10 DEBUG [t1] "TestVolatile":15: 13
2020-12-19 20:58:10 DEBUG [t1] "TestVolatile":15: 13
2020-12-19 20:58:10 DEBUG [t1] "TestVolatile":15: 13
2020-12-19 20:58:10 DEBUG [t1] "TestVolatile":15: 13
2020-12-19 20:58:10 DEBUG [t1] "TestVolatile":15: 13
2020-12-19 20:58:10 DEBUG [t1] "TestVolatile":15: 13
2020-12-19 20:58:10 DEBUG [t1] "TestVolatile":15: 13
2020-12-19 20:58:10 DEBUG [t1] "TestVolatile":15: 13
2020-12-19 20:58:10 DEBUG [t1] "TestVolatile":15: 13
2020-12-19 20:58:10 DEBUG [t1] "TestVolatile":15: 13
2020-12-19 20:58:10 DEBUG [t1] "TestVolatile":15: 13
2020-12-19 20:58:10 DEBUG [t1] "TestVolatile":15: 13
2020-12-19 20:58:10 DEBUG [t1] "TestVolatile":15: 13
2020-12-19 20:58:10 DEBUG [t1] "TestVolatile":15: 13
2020-12-19 20:58:10 DEBUG [t1] "TestVolatile":15: 13
2020-12-19 20:58:10 DEBUG [t1] "TestVolatile":15: 13
2020-12-19 20:58:10 DEBUG [t1] "TestVolatile":15: 13
2020-12-19 20:58:10 DEBUG [t1] "TestVolatile":15: 13
2020-12-19 20:58:10 DEBUG [t1] "TestVolatile":15: 13
2020-12-19 20:58:10 DEBUG [t1] "TestVolatile":15: 13
2020-12-19 20:58:10 DEBUG [t1] "TestVolatile":15: 13
2020-12-19 20:58:10 DEBUG [t1] "TestVolatile":15: 13
2020-12-19 20:58:10 DEBUG [t1] "TestVolatile":15: 13
2020-12-19 20:58:10 DEBUG [t1] "TestVolatile":15: 13
2020-12-19 20:58:10 DEBUG [t1] "TestVolatile":15: 13
2020-12-19 20:58:10 DEBUG [t1] "TestVolatile":15: 13
2020-12-19 20:58:10 DEBUG [t1] "TestVolatile":15: 13
2020-12-19 20:58:10 DEBUG [t1] "TestVolatile":15: 13
2020-12-19 20:58:10 DEBUG [t1] "TestVolatile":15: 13
2020-12-19 20:58:10 DEBUG [t1] "TestVolatile":15: 13
2020-12-19 20:58:10 DEBUG [t1] "TestVolatile":15: 13
2020-12-19 20:58:10 DEBUG [t1] "TestVolatile":15: 13
2020-12-19 20:58:10 DEBUG [t1] "TestVolatile":15: 13
2020-12-19 20:58:10 DEBUG [t1] "TestVolatile":15: 13
2020-12-19 20:58:10 DEBUG [t1] "TestVolatile":15: 13
2020-12-19 20:58:10 DEBUG [t1] "TestVolatile":15: 13
2020-12-19 20:58:10 DEBUG [t1] "TestVolatile":15: 13
2020-12-19 20:58:10 DEBUG [t1] "TestVolatile":15: 13
2020-12-19 20:58:10 DEBUG [t1] "TestVolatile":15: 13
2020-12-19 20:58:10 DEBUG [t1] "TestVolatile":15: 13
2020-12-19 20:58:10 DEBUG [t1] "TestVolatile":15: 13
2020-12-19 20:58:10 DEBUG [t1] "TestVolatile":15: 13
2020-12-19 20:58:10 DEBUG [t1] "TestVolatile":15: 13
2020-12-19 20:58:10 DEBUG [t1] "TestVolatile":15: 13
2020-12-19 20:58:10 DEBUG [t1] "TestVolatile":15: 13
2020-12-19 20:58:10 DEBUG [t1] "TestVolatile":15: 13
2020-12-19 20:58:10 DEBUG [t1] "TestVolatile":15: 13
2020-12-19 20:58:10 DEBUG [t1] "TestVolatile":15: 13
2020-12-19 20:58:10 DEBUG [t1] "TestVolatile":15: 13
2020-12-19 20:58:10 DEBUG [t1] "TestVolatile":15: 13
2020-12-19 20:58:10 DEBUG [t1] "TestVolatile":15: 13
2020-12-19 20:58:10 DEBUG [t1] "TestVolatile":15: 13
2020-12-19 20:58:10 DEBUG [t1] "TestVolatile":15: 13
2020-12-19 20:58:10 DEBUG [t1] "TestVolatile":15: 13
2020-12-19 20:58:10 DEBUG [t1] "TestVolatile":15: 13
2020-12-19 20:58:10 DEBUG [t1] "TestVolatile":15: 13
2020-12-19 20:58:10 DEBUG [t1] "TestVolatile":15: 13
2020-12-19 20:58:10 DEBUG [t1] "TestVolatile":15: 13
2020-12-19 20:58:10 DEBUG [t1] "TestVolatile":15: 13
2020-12-19 20:58:10 DEBUG [t1] "TestVolatile":15: 13
2020-12-19 20:58:10 DEBUG [t1] "TestVolatile":15: 13
2020-12-19 20:58:10 DEBUG [t1] "TestVolatile":15: 13
2020-12-19 20:58:10 DEBUG [t1] "TestVolatile":15: 13
2020-12-19 20:58:10 DEBUG [t1] "TestVolatile":15: 13
2020-12-19 20:58:10 DEBUG [t1] "TestVolatile":15: 13
2020-12-19 20:58:10 DEBUG [t1] "TestVolatile":15: 13
2020-12-19 20:58:10 DEBUG [t1] "TestVolatile":15: 13
2020-12-19 20:58:10 DEBUG [t1] "TestVolatile":15: 13
2020-12-19 20:58:10 DEBUG [t1] "TestVolatile":15: 13
2020-12-19 20:58:10 DEBUG [t1] "TestVolatile":15: 13
2020-12-19 20:58:10 DEBUG [t1] "TestVolatile":15: 13
2020-12-19 20:58:10 DEBUG [t1] "TestVolatile":15: 13
2020-12-19 20:58:10 DEBUG [t1] "TestVolatile":15: 13
2020-12-19 20:58:10 DEBUG [t1] "TestVolatile":15: 13
2020-12-19 20:58:10 DEBUG [t1] "TestVolatile":15: 13
2020-12-19 20:58:10 DEBUG [t1] "TestVolatile":15: 13
2020-12-19 20:58:10 DEBUG [t1] "TestVolatile":15: 13
2020-12-19 20:58:10 DEBUG [t1] "TestVolatile":15: 13
2020-12-19 20:58:10 DEBUG [t1] "TestVolatile":15: 13
2020-12-19 20:58:10 DEBUG [t1] "TestVolatile":15: 13
2020-12-19 20:58:10 DEBUG [t1] "TestVolatile":15: 13
2020-12-19 20:58:10 DEBUG [t1] "TestVolatile":15: 13
2020-12-19 20:58:10 DEBUG [t1] "TestVolatile":15: 13
2020-12-19 20:58:10 DEBUG [t1] "TestVolatile":15: 13
2020-12-19 20:58:10 DEBUG [t1] "TestVolatile":15: 13
2020-12-19 20:58:10 DEBUG [t1] "TestVolatile":15: 13
2020-12-19 20:58:10 DEBUG [t1] "TestVolatile":15: 13
2020-12-19 20:58:10 DEBUG [t1] "TestVolatile":15: 13
2020-12-19 20:58:10 DEBUG [t1] "TestVolatile":15: 13
2020-12-19 20:58:10 DEBUG [t1] "TestVolatile":15: 13
2020-12-19 20:58:10 DEBUG [t1] "TestVolatile":15: 13
2020-12-19 20:58:10 DEBUG [t1] "TestVolatile":15: 13
2020-12-19 20:58:10 DEBUG [t1] "TestVolatile":15: 13
2020-12-19 20:58:10 DEBUG [t1] "TestVolatile":15: 13
2020-12-19 20:58:10 DEBUG [t1] "TestVolatile":15: 13
2020-12-19 20:58:10 DEBUG [t1] "TestVolatile":15: 13
2020-12-19 20:58:10 DEBUG [t1] "TestVolatile":15: 13
2020-12-19 20:58:10 DEBUG [t1] "TestVolatile":15: 13
2020-12-19 20:58:10 DEBUG [t1] "TestVolatile":15: 13
2020-12-19 20:58:10 DEBUG [t1] "TestVolatile":15: 13
2020-12-19 20:58:10 DEBUG [t1] "TestVolatile":15: 13
2020-12-19 20:58:10 DEBUG [t1] "TestVolatile":15: 13
2020-12-19 20:58:10 DEBUG [t1] "TestVolatile":15: 13
2020-12-19 20:58:10 DEBUG [t1] "TestVolatile":15: 13
2020-12-19 20:58:10 DEBUG [t1] "TestVolatile":15: 13
2020-12-19 20:58:10 DEBUG [t1] "TestVolatile":15: 13
2020-12-19 20:58:10 DEBUG [t1] "TestVolatile":15: 13
2020-12-19 20:58:10 DEBUG [t1] "TestVolatile":15: 13
2020-12-19 20:58:10 DEBUG [t1] "TestVolatile":15: 13
2020-12-19 20:58:10 DEBUG [t1] "TestVolatile":15: 13
2020-12-19 20:58:10 DEBUG [t1] "TestVolatile":15: 13
2020-12-19 20:58:10 DEBUG [t1] "TestVolatile":15: 13
2020-12-19 20:58:10 DEBUG [t1] "TestVolatile":15: 13
2020-12-19 20:58:10 DEBUG [t1] "TestVolatile":15: 13
2020-12-19 20:58:10 DEBUG [t1] "TestVolatile":15: 13
2020-12-19 20:58:10 DEBUG [t1] "TestVolatile":15: 13
2020-12-19 20:58:10 DEBUG [t1] "TestVolatile":15: 13
2020-12-19 20:58:10 DEBUG [t1] "TestVolatile":15: 13
2020-12-19 20:58:10 DEBUG [t1] "TestVolatile":15: 13
2020-12-19 20:58:10 DEBUG [t1] "TestVolatile":15: 13
2020-12-19 20:58:10 DEBUG [t1] "TestVolatile":15: 13
2020-12-19 20:58:10 DEBUG [t1] "TestVolatile":15: 13
2020-12-19 20:58:10 DEBUG [t1] "TestVolatile":15: 13
2020-12-19 20:58:10 DEBUG [t1] "TestVolatile":15: 13
2020-12-19 20:58:10 DEBUG [t1] "TestVolatile":15: 13
2020-12-19 20:58:10 DEBUG [t1] "TestVolatile":15: 13
2020-12-19 20:58:10 DEBUG [t1] "TestVolatile":15: 13
2020-12-19 20:58:10 DEBUG [t1] "TestVolatile":15: 13
2020-12-19 20:58:10 DEBUG [t1] "TestVolatile":15: 13
2020-12-19 20:58:10 DEBUG [t1] "TestVolatile":15: 13
2020-12-19 20:58:10 DEBUG [t1] "TestVolatile":15: 13
2020-12-19 20:58:10 DEBUG [t1] "TestVolatile":15: 13
2020-12-19 20:58:10 DEBUG [t1] "TestVolatile":15: 13
2020-12-19 20:58:10 DEBUG [t1] "TestVolatile":15: 13
2020-12-19 20:58:10 DEBUG [t1] "TestVolatile":15: 13
2020-12-19 20:58:10 DEBUG [t1] "TestVolatile":15: 13
2020-12-19 20:58:10 DEBUG [t1] "TestVolatile":15: 13
2020-12-19 20:58:10 DEBUG [t1] "TestVolatile":15: 13
2020-12-19 20:58:10 DEBUG [t1] "TestVolatile":15: 13
2020-12-19 20:58:10 DEBUG [t1] "TestVolatile":15: 13
2020-12-19 20:58:10 DEBUG [t1] "TestVolatile":15: 13
2020-12-19 20:58:10 DEBUG [t1] "TestVolatile":15: 13
2020-12-19 20:58:10 DEBUG [t1] "TestVolatile":15: 13
2020-12-19 20:58:10 DEBUG [t1] "TestVolatile":15: 13
2020-12-19 20:58:10 DEBUG [t1] "TestVolatile":15: 13
2020-12-19 20:58:10 DEBUG [t1] "TestVolatile":15: 13
2020-12-19 20:58:10 DEBUG [t1] "TestVolatile":15: 13
2020-12-19 20:58:10 DEBUG [t1] "TestVolatile":15: 13
2020-12-19 20:58:10 DEBUG [t1] "TestVolatile":15: 13
2020-12-19 20:58:10 DEBUG [t1] "TestVolatile":15: 13
2020-12-19 20:58:10 DEBUG [t1] "TestVolatile":15: 13
2020-12-19 20:58:10 DEBUG [t1] "TestVolatile":15: 13
2020-12-19 20:58:10 DEBUG [t1] "TestVolatile":15: 13
2020-12-19 20:58:10 DEBUG [t1] "TestVolatile":15: 13
2020-12-19 20:58:10 DEBUG [t1] "TestVolatile":15: 13
2020-12-19 20:58:10 DEBUG [t1] "TestVolatile":15: 13
2020-12-19 20:58:10 DEBUG [t1] "TestVolatile":15: 13
2020-12-19 20:58:10 DEBUG [t1] "TestVolatile":15: 13
2020-12-19 20:58:10 DEBUG [t1] "TestVolatile":15: 13
2020-12-19 20:58:10 DEBUG [t1] "TestVolatile":15: 13
2020-12-19 20:58:10 DEBUG [t1] "TestVolatile":15: 13
2020-12-19 20:58:10 DEBUG [t1] "TestVolatile":15: 13
2020-12-19 20:58:10 DEBUG [t1] "TestVolatile":15: 13
2020-12-19 20:58:10 DEBUG [t1] "TestVolatile":15: 13
2020-12-19 20:58:10 DEBUG [t1] "TestVolatile":15: 13
2020-12-19 20:58:10 DEBUG [t1] "TestVolatile":15: 13
2020-12-19 20:58:10 DEBUG [t1] "TestVolatile":15: 13
2020-12-19 20:58:10 DEBUG [t1] "TestVolatile":15: 13
2020-12-19 20:58:10 DEBUG [t1] "TestVolatile":15: 13
2020-12-19 20:58:10 DEBUG [t1] "TestVolatile":15: 13
2020-12-19 20:58:10 DEBUG [t1] "TestVolatile":15: 13
2020-12-19 20:58:10 DEBUG [t1] "TestVolatile":15: 13
2020-12-19 20:58:10 DEBUG [t1] "TestVolatile":15: 13
2020-12-19 20:58:10 DEBUG [t1] "TestVolatile":15: 13
2020-12-19 20:58:10 DEBUG [t1] "TestVolatile":15: 13
2020-12-19 20:58:10 DEBUG [t1] "TestVolatile":15: 13
2020-12-19 20:58:10 DEBUG [t1] "TestVolatile":15: 13
2020-12-19 20:58:10 DEBUG [t1] "TestVolatile":15: 13
2020-12-19 20:58:10 DEBUG [t1] "TestVolatile":15: 13
2020-12-19 20:58:10 DEBUG [t1] "TestVolatile":15: 13
2020-12-19 20:58:10 DEBUG [t1] "TestVolatile":15: 13
2020-12-19 20:58:10 DEBUG [t1] "TestVolatile":15: 13
2020-12-19 20:58:10 DEBUG [t1] "TestVolatile":15: 13
2020-12-19 20:58:10 DEBUG [t1] "TestVolatile":15: 13
2020-12-19 20:58:10 DEBUG [t1] "TestVolatile":15: 13
2020-12-19 20:58:10 DEBUG [t1] "TestVolatile":15: 13
2020-12-19 20:58:10 DEBUG [t1] "TestVolatile":15: 13
2020-12-19 20:58:10 DEBUG [t1] "TestVolatile":15: 13
2020-12-19 20:58:10 DEBUG [t1] "TestVolatile":15: 13
2020-12-19 20:58:10 DEBUG [t1] "TestVolatile":15: 13
2020-12-19 20:58:10 DEBUG [t1] "TestVolatile":15: 13
2020-12-19 20:58:10 DEBUG [t1] "TestVolatile":15: 13
2020-12-19 20:58:10 DEBUG [t1] "TestVolatile":15: 13
2020-12-19 20:58:10 DEBUG [t1] "TestVolatile":15: 13
2020-12-19 20:58:10 DEBUG [t1] "TestVolatile":15: 13
2020-12-19 20:58:10 DEBUG [t1] "TestVolatile":15: 13
2020-12-19 20:58:10 DEBUG [t1] "TestVolatile":15: 13
2020-12-19 20:58:10 DEBUG [t1] "TestVolatile":15: 13
2020-12-19 20:58:10 DEBUG [t1] "TestVolatile":15: 13
2020-12-19 20:58:10 DEBUG [t1] "TestVolatile":15: 13
2020-12-19 20:58:10 DEBUG [t1] "TestVolatile":15: 13
2020-12-19 20:58:10 DEBUG [t1] "TestVolatile":15: 13
2020-12-19 20:58:10 DEBUG [t1] "TestVolatile":15: 13
2020-12-19 20:58:10 DEBUG [t1] "TestVolatile":15: 13
2020-12-19 20:58:10 DEBUG [t1] "TestVolatile":15: 13
2020-12-19 20:58:10 DEBUG [t1] "TestVolatile":15: 13
2020-12-19 20:58:10 DEBUG [t1] "TestVolatile":15: 13
2020-12-19 20:58:10 DEBUG [t1] "TestVolatile":15: 13
2020-12-19 20:58:10 DEBUG [t1] "TestVolatile":15: 13
2020-12-19 20:58:10 DEBUG [t1] "TestVolatile":15: 13
2020-12-19 20:58:10 DEBUG [t1] "TestVolatile":15: 13
2020-12-19 20:58:10 DEBUG [t1] "TestVolatile":15: 13
2020-12-19 20:58:10 DEBUG [t1] "TestVolatile":15: 13
2020-12-19 20:58:10 DEBUG [t1] "TestVolatile":15: 13
2020-12-19 20:58:10 DEBUG [t1] "TestVolatile":15: 13
2020-12-19 20:58:10 DEBUG [t1] "TestVolatile":15: 13
2020-12-19 20:58:10 DEBUG [t1] "TestVolatile":15: 13
2020-12-19 20:58:10 DEBUG [t1] "TestVolatile":15: 13
2020-12-19 20:58:10 DEBUG [t1] "TestVolatile":15: 13
2020-12-19 20:58:10 DEBUG [t1] "TestVolatile":15: 13
2020-12-19 20:58:10 DEBUG [t1] "TestVolatile":15: 13
2020-12-19 20:58:10 DEBUG [t1] "TestVolatile":15: 13
2020-12-19 20:58:10 DEBUG [t1] "TestVolatile":15: 13
2020-12-19 20:58:10 DEBUG [t1] "TestVolatile":15: 13
2020-12-19 20:58:10 DEBUG [t1] "TestVolatile":15: 13
2020-12-19 20:58:10 DEBUG [t1] "TestVolatile":15: 13
2020-12-19 20:58:10 DEBUG [t1] "TestVolatile":15: 13
2020-12-19 20:58:10 DEBUG [t1] "TestVolatile":15: 13
2020-12-19 20:58:10 DEBUG [t1] "TestVolatile":15: 13
2020-12-19 20:58:10 DEBUG [t1] "TestVolatile":15: 13
2020-12-19 20:58:10 DEBUG [t1] "TestVolatile":15: 13
2020-12-19 20:58:10 DEBUG [t1] "TestVolatile":15: 13
2020-12-19 20:58:10 DEBUG [t1] "TestVolatile":15: 13
2020-12-19 20:58:10 DEBUG [t1] "TestVolatile":15: 13
2020-12-19 20:58:10 DEBUG [t1] "TestVolatile":15: 13
2020-12-19 20:58:10 DEBUG [t1] "TestVolatile":15: 13
2020-12-19 20:58:10 DEBUG [t1] "TestVolatile":15: 13
2020-12-19 20:58:10 DEBUG [t1] "TestVolatile":15: 13
2020-12-19 20:58:10 DEBUG [t1] "TestVolatile":15: 13
2020-12-19 20:58:10 DEBUG [t1] "TestVolatile":15: 13
2020-12-19 20:58:10 DEBUG [t1] "TestVolatile":15: 13
2020-12-19 20:58:10 DEBUG [t1] "TestVolatile":15: 13
2020-12-19 20:58:10 DEBUG [t1] "TestVolatile":15: 13
2020-12-19 20:58:10 DEBUG [t1] "TestVolatile":15: 13
2020-12-19 20:58:10 DEBUG [t1] "TestVolatile":15: 13
2020-12-19 20:58:10 DEBUG [t1] "TestVolatile":15: 13
2020-12-19 20:58:10 DEBUG [t1] "TestVolatile":15: 13
2020-12-19 20:58:10 DEBUG [t1] "TestVolatile":15: 13
2020-12-19 20:58:10 DEBUG [t1] "TestVolatile":15: 13
2020-12-19 20:58:10 DEBUG [t1] "TestVolatile":15: 13
2020-12-19 20:58:10 DEBUG [t1] "TestVolatile":15: 13
2020-12-19 20:58:10 DEBUG [t1] "TestVolatile":15: 13
2020-12-19 20:58:10 DEBUG [t1] "TestVolatile":15: 13
2020-12-19 20:58:10 DEBUG [t1] "TestVolatile":15: 13
2020-12-19 20:58:10 DEBUG [t1] "TestVolatile":15: 13
2020-12-19 20:58:10 DEBUG [t1] "TestVolatile":15: 13
2020-12-19 20:58:10 DEBUG [t1] "TestVolatile":15: 13
2020-12-19 20:58:10 DEBUG [t1] "TestVolatile":15: 13
2020-12-19 20:58:10 DEBUG [t1] "TestVolatile":15: 13
2020-12-19 20:58:10 DEBUG [t1] "TestVolatile":15: 13
2020-12-19 20:58:10 DEBUG [t1] "TestVolatile":15: 13
2020-12-19 20:58:10 DEBUG [t1] "TestVolatile":15: 13
2020-12-19 20:58:10 DEBUG [t1] "TestVolatile":15: 13
2020-12-19 20:58:10 DEBUG [t1] "TestVolatile":15: 13
2020-12-19 20:58:10 DEBUG [t1] "TestVolatile":15: 13
2020-12-19 20:58:10 DEBUG [t1] "TestVolatile":15: 13
2020-12-19 20:58:10 DEBUG [t1] "TestVolatile":15: 13
2020-12-19 20:58:10 DEBUG [t1] "TestVolatile":15: 13
2020-12-19 20:58:10 DEBUG [t1] "TestVolatile":15: 13
2020-12-19 20:58:10 DEBUG [t1] "TestVolatile":15: 13
2020-12-19 20:58:10 DEBUG [t1] "TestVolatile":15: 13
2020-12-19 20:58:10 DEBUG [t1] "TestVolatile":15: 13
2020-12-19 20:58:10 DEBUG [t1] "TestVolatile":15: 13
2020-12-19 20:58:10 DEBUG [t1] "TestVolatile":15: 13
2020-12-19 20:58:10 DEBUG [t1] "TestVolatile":15: 13
2020-12-19 20:58:10 DEBUG [t1] "TestVolatile":15: 13
2020-12-19 20:58:10 DEBUG [t1] "TestVolatile":15: 13
2020-12-19 20:58:10 DEBUG [t1] "TestVolatile":15: 13
2020-12-19 20:58:10 DEBUG [t1] "TestVolatile":15: 13
2020-12-19 20:58:10 DEBUG [t1] "TestVolatile":15: 13
2020-12-19 20:58:10 DEBUG [t1] "TestVolatile":15: 13
2020-12-19 20:58:10 DEBUG [t1] "TestVolatile":15: 13
2020-12-19 20:58:10 DEBUG [t1] "TestVolatile":15: 13
2020-12-19 20:58:10 DEBUG [t1] "TestVolatile":15: 13
2020-12-19 20:58:10 DEBUG [t1] "TestVolatile":15: 13
2020-12-19 20:58:10 DEBUG [t1] "TestVolatile":15: 13
2020-12-19 20:58:10 DEBUG [t1] "TestVolatile":15: 13
2020-12-19 20:58:10 DEBUG [t1] "TestVolatile":15: 13
2020-12-19 20:58:10 DEBUG [t1] "TestVolatile":15: 13
2020-12-19 20:58:10 DEBUG [t1] "TestVolatile":15: 13
2020-12-19 20:58:10 DEBUG [t1] "TestVolatile":15: 13
2020-12-19 20:58:10 DEBUG [t1] "TestVolatile":15: 13
2020-12-19 20:58:10 DEBUG [t1] "TestVolatile":15: 13
2020-12-19 20:58:10 DEBUG [t1] "TestVolatile":15: 13
2020-12-19 20:58:10 DEBUG [t1] "TestVolatile":15: 13
2020-12-19 20:58:10 DEBUG [t1] "TestVolatile":15: 13
2020-12-19 20:58:10 DEBUG [t1] "TestVolatile":15: 13
2020-12-19 20:58:10 DEBUG [t1] "TestVolatile":15: 13
2020-12-19 20:58:10 DEBUG [t1] "TestVolatile":15: 13
2020-12-19 20:58:10 DEBUG [t1] "TestVolatile":15: 13
2020-12-19 20:58:10 DEBUG [t1] "TestVolatile":15: 13
2020-12-19 20:58:10 DEBUG [t1] "TestVolatile":15: 13
2020-12-19 20:58:10 DEBUG [t1] "TestVolatile":15: 13
2020-12-19 20:58:10 DEBUG [t1] "TestVolatile":15: 13
2020-12-19 20:58:10 DEBUG [t1] "TestVolatile":15: 13
2020-12-19 20:58:10 DEBUG [t1] "TestVolatile":15: 13
2020-12-19 20:58:10 DEBUG [t1] "TestVolatile":15: 13
2020-12-19 20:58:10 DEBUG [t1] "TestVolatile":15: 13
2020-12-19 20:58:10 DEBUG [t1] "TestVolatile":15: 13
2020-12-19 20:58:10 DEBUG [t1] "TestVolatile":15: 13
2020-12-19 20:58:10 DEBUG [t1] "TestVolatile":15: 13
2020-12-19 20:58:10 DEBUG [t1] "TestVolatile":15: 13
2020-12-19 20:58:10 DEBUG [t1] "TestVolatile":15: 13
2020-12-19 20:58:10 DEBUG [t1] "TestVolatile":15: 13
2020-12-19 20:58:10 DEBUG [t1] "TestVolatile":15: 13
2020-12-19 20:58:10 DEBUG [t1] "TestVolatile":15: 13
2020-12-19 20:58:10 DEBUG [t1] "TestVolatile":15: 13
2020-12-19 20:58:10 DEBUG [t1] "TestVolatile":15: 13
2020-12-19 20:58:10 DEBUG [t1] "TestVolatile":15: 13
2020-12-19 20:58:10 DEBUG [t1] "TestVolatile":15: 13
2020-12-19 20:58:10 DEBUG [t1] "TestVolatile":15: 13
2020-12-19 20:58:10 DEBUG [t1] "TestVolatile":15: 13
2020-12-19 20:58:10 DEBUG [t1] "TestVolatile":15: 13
2020-12-19 20:58:10 DEBUG [t1] "TestVolatile":15: 13
2020-12-19 20:58:10 DEBUG [t1] "TestVolatile":15: 13
2020-12-19 20:58:10 DEBUG [t1] "TestVolatile":15: 13
2020-12-19 20:58:10 DEBUG [t1] "TestVolatile":15: 13
2020-12-19 20:58:10 DEBUG [t1] "TestVolatile":15: 13
2020-12-19 20:58:10 DEBUG [t1] "TestVolatile":15: 13
2020-12-19 20:58:10 DEBUG [t1] "TestVolatile":15: 13
2020-12-19 20:58:10 DEBUG [t1] "TestVolatile":15: 13
2020-12-19 20:58:10 DEBUG [t1] "TestVolatile":15: 13
2020-12-19 20:58:10 DEBUG [t1] "TestVolatile":15: 13
2020-12-19 20:58:10 DEBUG [t1] "TestVolatile":15: 13
2020-12-19 20:58:10 DEBUG [t1] "TestVolatile":15: 13
2020-12-19 20:58:10 DEBUG [t1] "TestVolatile":15: 13
2020-12-19 20:58:10 DEBUG [t1] "TestVolatile":15: 13
2020-12-19 20:58:10 DEBUG [t1] "TestVolatile":15: 13
2020-12-19 20:58:10 DEBUG [t1] "TestVolatile":15: 13
2020-12-19 20:58:10 DEBUG [t1] "TestVolatile":15: 13
2020-12-19 20:58:10 DEBUG [t1] "TestVolatile":15: 13
2020-12-19 20:58:10 DEBUG [t1] "TestVolatile":15: 13
2020-12-19 20:58:10 DEBUG [t1] "TestVolatile":15: 13
2020-12-19 20:58:10 DEBUG [t1] "TestVolatile":15: 13
2020-12-19 20:58:10 DEBUG [t1] "TestVolatile":15: 13
2020-12-19 20:58:10 DEBUG [t1] "TestVolatile":15: 13
2020-12-19 20:58:10 DEBUG [t1] "TestVolatile":15: 13
2020-12-19 20:58:10 DEBUG [t1] "TestVolatile":15: 13
2020-12-19 20:58:10 DEBUG [t1] "TestVolatile":15: 13
2020-12-19 20:58:10 DEBUG [t1] "TestVolatile":15: 13
2020-12-19 20:58:10 DEBUG [t1] "TestVolatile":15: 13
2020-12-19 20:58:10 DEBUG [t1] "TestVolatile":15: 13
2020-12-19 20:58:10 DEBUG [t1] "TestVolatile":15: 13
2020-12-19 20:58:10 DEBUG [t1] "TestVolatile":15: 13
2020-12-19 20:58:10 DEBUG [t1] "TestVolatile":15: 13
2020-12-19 20:58:10 DEBUG [t1] "TestVolatile":15: 13
2020-12-19 20:58:10 DEBUG [t1] "TestVolatile":15: 13
2020-12-19 20:58:10 DEBUG [t1] "TestVolatile":15: 13
2020-12-19 20:58:10 DEBUG [t1] "TestVolatile":15: 13
2020-12-19 20:58:10 DEBUG [t1] "TestVolatile":15: 13
2020-12-19 20:58:10 DEBUG [t1] "TestVolatile":15: 13
2020-12-19 20:58:10 DEBUG [t1] "TestVolatile":15: 13
2020-12-19 20:58:10 DEBUG [t1] "TestVolatile":15: 13
2020-12-19 20:58:10 DEBUG [t1] "TestVolatile":15: 13
2020-12-19 20:58:10 DEBUG [t1] "TestVolatile":15: 13
2020-12-19 20:58:10 DEBUG [t1] "TestVolatile":15: 13
2020-12-19 20:58:10 DEBUG [t1] "TestVolatile":15: 13
2020-12-19 20:58:10 DEBUG [t1] "TestVolatile":15: 13
2020-12-19 20:58:10 DEBUG [t1] "TestVolatile":15: 13
2020-12-19 20:58:10 DEBUG [t1] "TestVolatile":15: 13
2020-12-19 20:58:10 DEBUG [t1] "TestVolatile":15: 13
2020-12-19 20:58:10 DEBUG [t1] "TestVolatile":15: 13
2020-12-19 20:58:10 DEBUG [t1] "TestVolatile":15: 13
2020-12-19 20:58:10 DEBUG [t1] "TestVolatile":15: 13
2020-12-19 20:58:10 DEBUG [t1] "TestVolatile":15: 13
2020-12-19 20:58:10 DEBUG [t1] "TestVolatile":15: 13
2020-12-19 20:58:10 DEBUG [t1] "TestVolatile":15: 13
2020-12-19 20:58:10 DEBUG [t1] "TestVolatile":15: 13
2020-12-19 20:58:10 DEBUG [t1] "TestVolatile":15: 13
2020-12-19 20:58:10 DEBUG [t1] "TestVolatile":15: 13
2020-12-19 20:58:10 DEBUG [t1] "TestVolatile":15: 13
2020-12-19 20:58:10 DEBUG [t1] "TestVolatile":15: 13
2020-12-19 20:58:10 DEBUG [t1] "TestVolatile":15: 13
2020-12-19 20:58:10 DEBUG [t1] "TestVolatile":15: 13
2020-12-19 20:58:10 DEBUG [t1] "TestVolatile":15: 13
2020-12-19 20:58:10 DEBUG [t1] "TestVolatile":15: 13
2020-12-19 20:58:10 DEBUG [t1] "TestVolatile":15: 13
2020-12-19 20:58:10 DEBUG [t1] "TestVolatile":15: 13
2020-12-19 20:58:10 DEBUG [t1] "TestVolatile":15: 13
2020-12-19 20:58:10 DEBUG [t1] "TestVolatile":15: 13
2020-12-19 20:58:10 DEBUG [t1] "TestVolatile":15: 13
2020-12-19 20:58:10 DEBUG [t1] "TestVolatile":15: 13
2020-12-19 20:58:10 DEBUG [t1] "TestVolatile":15: 13
2020-12-19 20:58:10 DEBUG [t1] "TestVolatile":15: 13
2020-12-19 20:58:10 DEBUG [t1] "TestVolatile":15: 13
2020-12-19 20:58:10 DEBUG [t1] "TestVolatile":15: 13
2020-12-19 20:58:10 DEBUG [t1] "TestVolatile":15: 13
2020-12-19 20:58:10 DEBUG [t1] "TestVolatile":15: 13
2020-12-19 20:58:10 DEBUG [t1] "TestVolatile":15: 13
2020-12-19 20:58:10 DEBUG [t1] "TestVolatile":15: 13
2020-12-19 20:58:10 DEBUG [t1] "TestVolatile":15: 13
2020-12-19 20:58:10 DEBUG [t1] "TestVolatile":15: 13
2020-12-19 20:58:10 DEBUG [t1] "TestVolatile":15: 13
2020-12-19 20:58:10 DEBUG [t1] "TestVolatile":15: 13
2020-12-19 20:58:10 DEBUG [t1] "TestVolatile":15: 13
2020-12-19 20:58:10 DEBUG [t1] "TestVolatile":15: 13
2020-12-19 20:58:10 DEBUG [t1] "TestVolatile":15: 13
2020-12-19 20:58:10 DEBUG [t1] "TestVolatile":15: 13
2020-12-19 20:58:10 DEBUG [t1] "TestVolatile":15: 13
2020-12-19 20:58:10 DEBUG [t1] "TestVolatile":15: 13
2020-12-19 20:58:10 DEBUG [t1] "TestVolatile":15: 13
2020-12-19 20:58:10 DEBUG [t1] "TestVolatile":15: 13
2020-12-19 20:58:10 DEBUG [t1] "TestVolatile":15: 13
2020-12-19 20:58:10 DEBUG [t1] "TestVolatile":15: 13
2020-12-19 20:58:10 DEBUG [t1] "TestVolatile":15: 13
2020-12-19 20:58:10 DEBUG [t1] "TestVolatile":15: 13
2020-12-19 20:58:10 DEBUG [t1] "TestVolatile":15: 13
2020-12-19 20:58:10 DEBUG [t1] "TestVolatile":15: 13
2020-12-19 20:58:10 DEBUG [t1] "TestVolatile":15: 13
2020-12-19 20:58:10 DEBUG [t1] "TestVolatile":15: 13
2020-12-19 20:58:10 DEBUG [t1] "TestVolatile":15: 13
2020-12-19 20:58:10 DEBUG [t1] "TestVolatile":15: 13
2020-12-19 20:58:10 DEBUG [t1] "TestVolatile":15: 13
2020-12-19 20:58:10 DEBUG [t1] "TestVolatile":15: 13
2020-12-19 20:58:10 DEBUG [t1] "TestVolatile":15: 13
2020-12-19 20:58:10 DEBUG [t1] "TestVolatile":15: 13
2020-12-19 20:58:10 DEBUG [t1] "TestVolatile":15: 13
2020-12-19 20:58:10 DEBUG [t1] "TestVolatile":15: 13
2020-12-19 20:58:10 DEBUG [t1] "TestVolatile":15: 13
2020-12-19 20:58:10 DEBUG [t1] "TestVolatile":15: 13
2020-12-19 20:58:10 DEBUG [t1] "TestVolatile":15: 13
2020-12-19 20:58:10 DEBUG [t1] "TestVolatile":15: 13
2020-12-19 20:58:10 DEBUG [t1] "TestVolatile":15: 13
2020-12-19 20:58:10 DEBUG [t1] "TestVolatile":15: 13
2020-12-19 20:58:10 DEBUG [t1] "TestVolatile":15: 13
2020-12-19 20:58:10 DEBUG [t1] "TestVolatile":15: 13
2020-12-19 20:58:10 DEBUG [t1] "TestVolatile":15: 13
2020-12-19 20:58:10 DEBUG [t1] "TestVolatile":15: 13
2020-12-19 20:58:10 DEBUG [t1] "TestVolatile":15: 13
2020-12-19 20:58:10 DEBUG [t1] "TestVolatile":15: 13
2020-12-19 20:58:10 DEBUG [t1] "TestVolatile":15: 13
2020-12-19 20:58:10 DEBUG [t1] "TestVolatile":15: 13
2020-12-19 20:58:10 DEBUG [t1] "TestVolatile":15: 13
2020-12-19 20:58:10 DEBUG [t1] "TestVolatile":15: 13
2020-12-19 20:58:10 DEBUG [t1] "TestVolatile":15: 13
2020-12-19 20:58:10 DEBUG [t1] "TestVolatile":15: 13
2020-12-19 20:58:10 DEBUG [t1] "TestVolatile":15: 13
2020-12-19 20:58:10 DEBUG [t1] "TestVolatile":15: 13
2020-12-19 20:58:10 DEBUG [t1] "TestVolatile":15: 13
2020-12-19 20:58:10 DEBUG [t1] "TestVolatile":15: 13
2020-12-19 20:58:10 DEBUG [t1] "TestVolatile":15: 13
2020-12-19 20:58:10 DEBUG [t1] "TestVolatile":15: 13
2020-12-19 20:58:10 DEBUG [t1] "TestVolatile":15: 13
2020-12-19 20:58:10 DEBUG [t1] "TestVolatile":15: 13
2020-12-19 20:58:10 DEBUG [t1] "TestVolatile":15: 13
2020-12-19 20:58:10 DEBUG [t1] "TestVolatile":15: 13
2020-12-19 20:58:10 DEBUG [t1] "TestVolatile":15: 13
2020-12-19 20:58:10 DEBUG [t1] "TestVolatile":15: 13
2020-12-19 20:58:10 DEBUG [t1] "TestVolatile":15: 13
2020-12-19 20:58:10 DEBUG [t1] "TestVolatile":15: 13
2020-12-19 20:58:10 DEBUG [t1] "TestVolatile":15: 13
2020-12-19 20:58:10 DEBUG [t1] "TestVolatile":15: 13
2020-12-19 20:58:10 DEBUG [t1] "TestVolatile":15: 13
2020-12-19 20:58:10 DEBUG [t1] "TestVolatile":15: 13
2020-12-19 20:58:10 DEBUG [t1] "TestVolatile":15: 13
2020-12-19 20:58:10 DEBUG [t1] "TestVolatile":15: 13
2020-12-19 20:58:10 DEBUG [t1] "TestVolatile":15: 13
2020-12-19 20:58:10 DEBUG [t1] "TestVolatile":15: 13
2020-12-19 20:58:10 DEBUG [t1] "TestVolatile":15: 13
2020-12-19 20:58:10 DEBUG [t1] "TestVolatile":15: 13
2020-12-19 20:58:10 DEBUG [t1] "TestVolatile":15: 13
2020-12-19 20:58:10 DEBUG [t1] "TestVolatile":15: 13
2020-12-19 20:58:10 DEBUG [t1] "TestVolatile":15: 13
2020-12-19 20:58:10 DEBUG [t1] "TestVolatile":15: 13
2020-12-19 20:58:10 DEBUG [t1] "TestVolatile":15: 13
2020-12-19 20:58:10 DEBUG [t1] "TestVolatile":15: 13
2020-12-19 20:58:10 DEBUG [t1] "TestVolatile":15: 13
2020-12-19 20:58:10 DEBUG [t1] "TestVolatile":15: 13
2020-12-19 20:58:10 DEBUG [t1] "TestVolatile":15: 13
2020-12-19 20:58:10 DEBUG [t1] "TestVolatile":15: 13
2020-12-19 20:58:10 DEBUG [t1] "TestVolatile":15: 13
2020-12-19 20:58:10 DEBUG [t1] "TestVolatile":15: 13
2020-12-19 20:58:10 DEBUG [t1] "TestVolatile":15: 13
2020-12-19 20:58:10 DEBUG [t1] "TestVolatile":15: 13
2020-12-19 20:58:10 DEBUG [t1] "TestVolatile":15: 13
2020-12-19 20:58:10 DEBUG [t1] "TestVolatile":15: 13
2020-12-19 20:58:10 DEBUG [t1] "TestVolatile":15: 13
2020-12-19 20:58:10 DEBUG [t1] "TestVolatile":15: 13
2020-12-19 20:58:10 DEBUG [t1] "TestVolatile":15: 13
2020-12-19 20:58:10 DEBUG [t1] "TestVolatile":15: 13
2020-12-19 20:58:10 DEBUG [t1] "TestVolatile":15: 13
2020-12-19 20:58:10 DEBUG [t1] "TestVolatile":15: 13
2020-12-19 20:58:10 DEBUG [t1] "TestVolatile":15: 13
2020-12-19 20:58:10 DEBUG [t1] "TestVolatile":15: 13
2020-12-19 20:58:10 DEBUG [t1] "TestVolatile":15: 13
2020-12-19 20:58:10 DEBUG [t1] "TestVolatile":15: 13
2020-12-19 20:58:10 DEBUG [t1] "TestVolatile":15: 13
2020-12-19 20:58:10 DEBUG [t1] "TestVolatile":15: 13
2020-12-19 20:58:10 DEBUG [t1] "TestVolatile":15: 13
2020-12-19 20:58:10 DEBUG [t1] "TestVolatile":15: 13
2020-12-19 20:58:10 DEBUG [t1] "TestVolatile":15: 13
2020-12-19 20:58:10 DEBUG [t1] "TestVolatile":15: 13
2020-12-19 20:58:10 DEBUG [t1] "TestVolatile":15: 13
2020-12-19 20:58:10 DEBUG [t1] "TestVolatile":15: 13
2020-12-19 20:58:10 DEBUG [t1] "TestVolatile":15: 13
2020-12-19 20:58:10 DEBUG [t1] "TestVolatile":15: 13
2020-12-19 20:58:10 DEBUG [t1] "TestVolatile":15: 13
2020-12-19 20:58:10 DEBUG [t1] "TestVolatile":15: 13
2020-12-19 20:58:10 DEBUG [t1] "TestVolatile":15: 13
2020-12-19 20:58:10 DEBUG [t1] "TestVolatile":15: 13
2020-12-19 20:58:10 DEBUG [t1] "TestVolatile":15: 13
2020-12-19 20:58:10 DEBUG [t1] "TestVolatile":15: 13
2020-12-19 20:58:10 DEBUG [t1] "TestVolatile":15: 13
2020-12-19 20:58:10 DEBUG [t1] "TestVolatile":15: 13
2020-12-19 20:58:10 DEBUG [t1] "TestVolatile":15: 13
2020-12-19 20:58:10 DEBUG [t1] "TestVolatile":15: 13
2020-12-19 20:58:10 DEBUG [t1] "TestVolatile":15: 13
2020-12-19 20:58:10 DEBUG [t1] "TestVolatile":15: 13
2020-12-19 20:58:10 DEBUG [t1] "TestVolatile":15: 13
2020-12-19 20:58:10 DEBUG [t1] "TestVolatile":15: 13
2020-12-19 20:58:10 DEBUG [t1] "TestVolatile":15: 13
2020-12-19 20:58:10 DEBUG [t1] "TestVolatile":15: 13
2020-12-19 20:58:10 DEBUG [t1] "TestVolatile":15: 13
2020-12-19 20:58:10 DEBUG [t1] "TestVolatile":15: 13
2020-12-19 20:58:10 DEBUG [t1] "TestVolatile":15: 13
2020-12-19 20:58:10 DEBUG [t1] "TestVolatile":15: 13
2020-12-19 20:58:10 DEBUG [t1] "TestVolatile":15: 13
2020-12-19 20:58:10 DEBUG [t1] "TestVolatile":15: 13
2020-12-19 20:58:10 DEBUG [t1] "TestVolatile":15: 13
2020-12-19 20:58:10 DEBUG [t1] "TestVolatile":15: 13
2020-12-19 20:58:10 DEBUG [t1] "TestVolatile":15: 13
2020-12-19 20:58:10 DEBUG [t1] "TestVolatile":15: 13
2020-12-19 20:58:10 DEBUG [t1] "TestVolatile":15: 13
2020-12-19 20:58:10 DEBUG [t1] "TestVolatile":15: 13
2020-12-19 20:58:10 DEBUG [t1] "TestVolatile":15: 13
2020-12-19 20:58:10 DEBUG [t1] "TestVolatile":15: 13
2020-12-19 20:58:10 DEBUG [t1] "TestVolatile":15: 13
2020-12-19 20:58:10 DEBUG [t1] "TestVolatile":15: 13
2020-12-19 20:58:10 DEBUG [t1] "TestVolatile":15: 13
2020-12-19 20:58:10 DEBUG [t1] "TestVolatile":15: 13
2020-12-19 20:58:10 DEBUG [t1] "TestVolatile":15: 13
2020-12-19 20:58:10 DEBUG [t1] "TestVolatile":15: 13
2020-12-19 20:58:10 DEBUG [t1] "TestVolatile":15: 13
2020-12-19 20:58:10 DEBUG [t1] "TestVolatile":15: 13
2020-12-19 20:58:10 DEBUG [t1] "TestVolatile":15: 13
2020-12-19 20:58:10 DEBUG [t1] "TestVolatile":15: 13
2020-12-19 20:58:10 DEBUG [t1] "TestVolatile":15: 13
2020-12-19 20:58:10 DEBUG [t1] "TestVolatile":15: 13
2020-12-19 20:58:10 DEBUG [t1] "TestVolatile":15: 13
2020-12-19 20:58:10 DEBUG [t1] "TestVolatile":15: 13
2020-12-19 20:58:10 DEBUG [t1] "TestVolatile":15: 13
2020-12-19 20:58:10 DEBUG [t1] "TestVolatile":15: 13
2020-12-19 20:58:10 DEBUG [t1] "TestVolatile":15: 13
2020-12-19 20:58:10 DEBUG [t1] "TestVolatile":15: 13
2020-12-19 20:58:10 DEBUG [t1] "TestVolatile":15: 13
2020-12-19 20:58:10 DEBUG [t1] "TestVolatile":15: 13
2020-12-19 20:58:10 DEBUG [t1] "TestVolatile":15: 13
2020-12-19 20:58:10 DEBUG [t1] "TestVolatile":15: 13
2020-12-19 20:58:10 DEBUG [t1] "TestVolatile":15: 13
2020-12-19 20:58:10 DEBUG [t1] "TestVolatile":15: 13
2020-12-19 20:58:10 DEBUG [t1] "TestVolatile":15: 13
2020-12-19 20:58:10 DEBUG [t1] "TestVolatile":15: 13
2020-12-19 20:58:10 DEBUG [t1] "TestVolatile":15: 13
2020-12-19 20:58:10 DEBUG [t1] "TestVolatile":15: 13
2020-12-19 20:58:10 DEBUG [t1] "TestVolatile":15: 13
2020-12-19 20:58:10 DEBUG [t1] "TestVolatile":15: 13
2020-12-19 20:58:10 DEBUG [t1] "TestVolatile":15: 13
2020-12-19 20:58:10 DEBUG [t1] "TestVolatile":15: 13
2020-12-19 20:58:10 DEBUG [t1] "TestVolatile":15: 13
2020-12-19 20:58:10 DEBUG [t1] "TestVolatile":15: 13
2020-12-19 20:58:10 DEBUG [t1] "TestVolatile":15: 13
2020-12-19 20:58:10 DEBUG [t1] "TestVolatile":15: 13
2020-12-19 20:58:10 DEBUG [t1] "TestVolatile":15: 13
2020-12-19 20:58:10 DEBUG [t1] "TestVolatile":15: 13
2020-12-19 20:58:10 DEBUG [t1] "TestVolatile":15: 13
2020-12-19 20:58:10 DEBUG [t1] "TestVolatile":15: 13
2020-12-19 20:58:10 DEBUG [t1] "TestVolatile":15: 13
2020-12-19 20:58:10 DEBUG [t1] "TestVolatile":15: 13
2020-12-19 20:58:10 DEBUG [t1] "TestVolatile":15: 13
2020-12-19 20:58:10 DEBUG [t1] "TestVolatile":15: 13
2020-12-19 20:58:10 DEBUG [t1] "TestVolatile":15: 13
2020-12-19 20:58:10 DEBUG [t1] "TestVolatile":15: 13
2020-12-19 20:58:10 DEBUG [t1] "TestVolatile":15: 13
2020-12-19 20:58:10 DEBUG [t1] "TestVolatile":15: 13
2020-12-19 20:58:10 DEBUG [t1] "TestVolatile":15: 13
2020-12-19 20:58:10 DEBUG [t1] "TestVolatile":15: 13
2020-12-19 20:58:10 DEBUG [t1] "TestVolatile":15: 13
2020-12-19 20:58:10 DEBUG [t1] "TestVolatile":15: 13
2020-12-19 20:58:10 DEBUG [t1] "TestVolatile":15: 13
2020-12-19 20:58:10 DEBUG [t1] "TestVolatile":15: 13
2020-12-19 20:58:10 DEBUG [t1] "TestVolatile":15: 13
2020-12-19 20:58:10 DEBUG [t1] "TestVolatile":15: 13
2020-12-19 20:58:10 DEBUG [t1] "TestVolatile":15: 13
2020-12-19 20:58:10 DEBUG [t1] "TestVolatile":15: 13
2020-12-19 20:58:10 DEBUG [t1] "TestVolatile":15: 13
2020-12-19 20:58:10 DEBUG [t1] "TestVolatile":15: 13
2020-12-19 20:58:10 DEBUG [t1] "TestVolatile":15: 13
2020-12-19 20:58:10 DEBUG [t1] "TestVolatile":15: 13
2020-12-19 20:58:10 DEBUG [t1] "TestVolatile":15: 13
2020-12-19 20:58:10 DEBUG [t1] "TestVolatile":15: 13
2020-12-19 20:58:10 DEBUG [t1] "TestVolatile":15: 13
2020-12-19 20:58:10 DEBUG [t1] "TestVolatile":15: 13
2020-12-19 20:58:10 DEBUG [t1] "TestVolatile":15: 13
2020-12-19 20:58:10 DEBUG [t1] "TestVolatile":15: 13
2020-12-19 20:58:10 DEBUG [t1] "TestVolatile":15: 13
2020-12-19 20:58:10 DEBUG [t1] "TestVolatile":15: 13
2020-12-19 20:58:10 DEBUG [t1] "TestVolatile":15: 13
2020-12-19 20:58:10 DEBUG [t1] "TestVolatile":15: 13
2020-12-19 20:58:10 DEBUG [t1] "TestVolatile":15: 13
2020-12-19 20:58:10 DEBUG [t1] "TestVolatile":15: 13
2020-12-19 20:58:10 DEBUG [t1] "TestVolatile":15: 13
2020-12-19 20:58:10 DEBUG [t1] "TestVolatile":15: 13
2020-12-19 20:58:10 DEBUG [t1] "TestVolatile":15: 13
2020-12-19 20:58:10 DEBUG [t1] "TestVolatile":15: 13
2020-12-19 20:58:10 DEBUG [t1] "TestVolatile":15: 13
2020-12-19 20:58:10 DEBUG [t1] "TestVolatile":15: 13
2020-12-19 20:58:10 DEBUG [t1] "TestVolatile":15: 13
2020-12-19 20:58:10 DEBUG [t1] "TestVolatile":15: 13
2020-12-19 20:58:10 DEBUG [t1] "TestVolatile":15: 13
2020-12-19 20:58:10 DEBUG [t1] "TestVolatile":15: 13
2020-12-19 20:58:10 DEBUG [t1] "TestVolatile":15: 13
2020-12-19 20:58:10 DEBUG [t1] "TestVolatile":15: 13
2020-12-19 20:58:10 DEBUG [t1] "TestVolatile":15: 13
2020-12-19 20:58:10 DEBUG [t1] "TestVolatile":15: 13
2020-12-19 20:58:10 DEBUG [t1] "TestVolatile":15: 13
2020-12-19 20:58:10 DEBUG [t1] "TestVolatile":15: 13
2020-12-19 20:58:10 DEBUG [t1] "TestVolatile":15: 13
2020-12-19 20:58:10 DEBUG [t1] "TestVolatile":15: 13
2020-12-19 20:58:10 DEBUG [t1] "TestVolatile":15: 13
2020-12-19 20:58:10 DEBUG [t1] "TestVolatile":15: 13
2020-12-19 20:58:10 DEBUG [t1] "TestVolatile":15: 13
2020-12-19 20:58:10 DEBUG [t1] "TestVolatile":15: 13
2020-12-19 20:58:10 DEBUG [t1] "TestVolatile":15: 13
2020-12-19 20:58:10 DEBUG [t1] "TestVolatile":15: 13
2020-12-19 20:58:10 DEBUG [t1] "TestVolatile":15: 13
2020-12-19 20:58:10 DEBUG [t1] "TestVolatile":15: 13
2020-12-19 20:58:10 DEBUG [t1] "TestVolatile":15: 13
2020-12-19 20:58:10 DEBUG [t1] "TestVolatile":15: 13
2020-12-19 20:58:10 DEBUG [t1] "TestVolatile":15: 13
2020-12-19 20:58:10 DEBUG [t1] "TestVolatile":15: 13
2020-12-19 20:58:10 DEBUG [t1] "TestVolatile":15: 13
2020-12-19 20:58:10 DEBUG [t1] "TestVolatile":15: 13
2020-12-19 20:58:10 DEBUG [t1] "TestVolatile":15: 13
2020-12-19 20:58:10 DEBUG [t1] "TestVolatile":15: 13
2020-12-19 20:58:10 DEBUG [t1] "TestVolatile":15: 13
2020-12-19 20:58:10 DEBUG [t1] "TestVolatile":15: 13
2020-12-19 20:58:10 DEBUG [t1] "TestVolatile":15: 13
2020-12-19 20:58:10 DEBUG [t1] "TestVolatile":15: 13
2020-12-19 20:58:10 DEBUG [t1] "TestVolatile":15: 13
2020-12-19 20:58:10 DEBUG [t1] "TestVolatile":15: 13
2020-12-19 20:58:10 DEBUG [t1] "TestVolatile":15: 13
2020-12-19 20:58:10 DEBUG [t1] "TestVolatile":15: 13
2020-12-19 20:58:10 DEBUG [t1] "TestVolatile":15: 13
2020-12-19 20:58:10 DEBUG [t1] "TestVolatile":15: 13
2020-12-19 20:58:10 DEBUG [t1] "TestVolatile":15: 13
2020-12-19 20:58:10 DEBUG [t1] "TestVolatile":15: 13
2020-12-19 20:58:10 DEBUG [t1] "TestVolatile":15: 13
2020-12-19 20:58:10 DEBUG [t1] "TestVolatile":15: 13
2020-12-19 20:58:10 DEBUG [t1] "TestVolatile":15: 13
2020-12-19 20:58:10 DEBUG [t1] "TestVolatile":15: 13
2020-12-19 20:58:10 DEBUG [t1] "TestVolatile":15: 13
2020-12-19 20:58:10 DEBUG [t1] "TestVolatile":15: 13
2020-12-19 20:58:10 DEBUG [t1] "TestVolatile":15: 13
2020-12-19 20:58:10 DEBUG [t1] "TestVolatile":15: 13
2020-12-19 20:58:10 DEBUG [t1] "TestVolatile":15: 13
2020-12-19 20:58:10 DEBUG [t1] "TestVolatile":15: 13
2020-12-19 20:58:10 DEBUG [t1] "TestVolatile":15: 13
2020-12-19 20:58:10 DEBUG [t1] "TestVolatile":15: 13
2020-12-19 20:58:10 DEBUG [t1] "TestVolatile":15: 13
2020-12-19 20:58:10 DEBUG [t1] "TestVolatile":15: 13
2020-12-19 20:58:10 DEBUG [t1] "TestVolatile":15: 13
2020-12-19 20:58:10 DEBUG [t1] "TestVolatile":15: 13
2020-12-19 20:58:10 DEBUG [t1] "TestVolatile":15: 13
2020-12-19 20:58:10 DEBUG [t1] "TestVolatile":15: 13
2020-12-19 20:58:10 DEBUG [t1] "TestVolatile":15: 13
2020-12-19 20:58:10 DEBUG [t1] "TestVolatile":15: 13
2020-12-19 20:58:10 DEBUG [t1] "TestVolatile":15: 13
2020-12-19 20:58:10 DEBUG [t1] "TestVolatile":15: 13
2020-12-19 20:58:10 DEBUG [t1] "TestVolatile":15: 13
2020-12-19 20:58:10 DEBUG [t1] "TestVolatile":15: 13
2020-12-19 20:58:10 DEBUG [t1] "TestVolatile":15: 13
2020-12-19 20:58:10 DEBUG [t1] "TestVolatile":15: 13
2020-12-19 20:58:10 DEBUG [t1] "TestVolatile":15: 13
2020-12-19 20:58:10 DEBUG [t1] "TestVolatile":15: 13
2020-12-19 20:58:10 DEBUG [t1] "TestVolatile":15: 13
2020-12-19 20:58:10 DEBUG [t1] "TestVolatile":15: 13
2020-12-19 20:58:10 DEBUG [t1] "TestVolatile":15: 13
2020-12-19 20:58:10 DEBUG [t1] "TestVolatile":15: 13
2020-12-19 20:58:10 DEBUG [t1] "TestVolatile":15: 13
2020-12-19 20:58:10 DEBUG [t1] "TestVolatile":15: 13
2020-12-19 20:58:10 DEBUG [t1] "TestVolatile":15: 13
2020-12-19 20:58:10 DEBUG [t1] "TestVolatile":15: 13
2020-12-19 20:58:10 DEBUG [t1] "TestVolatile":15: 13
2020-12-19 20:58:10 DEBUG [t1] "TestVolatile":15: 13
2020-12-19 20:58:10 DEBUG [t1] "TestVolatile":15: 13
2020-12-19 20:58:10 DEBUG [t1] "TestVolatile":15: 13
2020-12-19 20:58:10 DEBUG [t1] "TestVolatile":15: 13
2020-12-19 20:58:10 DEBUG [t1] "TestVolatile":15: 13
2020-12-19 20:58:10 DEBUG [t1] "TestVolatile":15: 13
2020-12-19 20:58:10 DEBUG [t1] "TestVolatile":15: 13
2020-12-19 20:58:10 DEBUG [t1] "TestVolatile":15: 13
2020-12-19 20:58:10 DEBUG [t1] "TestVolatile":15: 13
2020-12-19 20:58:10 DEBUG [t1] "TestVolatile":15: 13
2020-12-19 20:58:10 DEBUG [t1] "TestVolatile":15: 13
2020-12-19 20:58:10 DEBUG [t1] "TestVolatile":15: 13
2020-12-19 20:58:10 DEBUG [t1] "TestVolatile":15: 13
2020-12-19 20:58:10 DEBUG [t1] "TestVolatile":15: 13
2020-12-19 20:58:10 DEBUG [t1] "TestVolatile":15: 13
2020-12-19 20:58:10 DEBUG [t1] "TestVolatile":15: 13
2020-12-19 20:58:10 DEBUG [t1] "TestVolatile":15: 13
2020-12-19 20:58:10 DEBUG [t1] "TestVolatile":15: 13
2020-12-19 20:58:10 DEBUG [t1] "TestVolatile":15: 13
2020-12-19 20:58:10 DEBUG [t1] "TestVolatile":15: 13
2020-12-19 20:58:10 DEBUG [t1] "TestVolatile":15: 13
2020-12-19 20:58:10 DEBUG [t1] "TestVolatile":15: 13
2020-12-19 20:58:10 DEBUG [t1] "TestVolatile":15: 13
2020-12-19 20:58:10 DEBUG [t1] "TestVolatile":15: 13
2020-12-19 20:58:10 DEBUG [t1] "TestVolatile":15: 13
2020-12-19 20:58:10 DEBUG [t1] "TestVolatile":15: 13
2020-12-19 20:58:10 DEBUG [t1] "TestVolatile":15: 13
2020-12-19 20:58:10 DEBUG [t1] "TestVolatile":15: 13
2020-12-19 20:58:10 DEBUG [t1] "TestVolatile":15: 13
2020-12-19 20:58:10 DEBUG [t1] "TestVolatile":15: 13
2020-12-19 20:58:10 DEBUG [t1] "TestVolatile":15: 13
2020-12-19 20:58:10 DEBUG [t1] "TestVolatile":15: 13
2020-12-19 20:58:10 DEBUG [t1] "TestVolatile":15: 13
2020-12-19 20:58:10 DEBUG [t1] "TestVolatile":15: 13
2020-12-19 20:58:10 DEBUG [t1] "TestVolatile":15: 13
2020-12-19 20:58:10 DEBUG [t1] "TestVolatile":15: 13
2020-12-19 20:58:10 DEBUG [t1] "TestVolatile":15: 13
2020-12-19 20:58:10 DEBUG [t1] "TestVolatile":15: 13
2020-12-19 20:58:10 DEBUG [t1] "TestVolatile":15: 13
2020-12-19 20:58:10 DEBUG [t1] "TestVolatile":15: 13
2020-12-19 20:58:10 DEBUG [t1] "TestVolatile":15: 13
2020-12-19 20:58:10 DEBUG [t1] "TestVolatile":15: 13
2020-12-19 20:58:10 DEBUG [t1] "TestVolatile":15: 13
2020-12-19 20:58:10 DEBUG [t1] "TestVolatile":15: 13
2020-12-19 20:58:10 DEBUG [t1] "TestVolatile":15: 13
2020-12-19 20:58:10 DEBUG [t1] "TestVolatile":15: 13
2020-12-19 20:58:10 DEBUG [t1] "TestVolatile":15: 13
2020-12-19 20:58:10 DEBUG [t1] "TestVolatile":15: 13
2020-12-19 20:58:10 DEBUG [t1] "TestVolatile":15: 13
2020-12-19 20:58:10 DEBUG [t1] "TestVolatile":15: 13
2020-12-19 20:58:10 DEBUG [t1] "TestVolatile":15: 13
2020-12-19 20:58:10 DEBUG [t1] "TestVolatile":15: 13
2020-12-19 20:58:10 DEBUG [t1] "TestVolatile":15: 13
2020-12-19 20:58:10 DEBUG [t1] "TestVolatile":15: 13
2020-12-19 20:58:10 DEBUG [t1] "TestVolatile":15: 13
2020-12-19 20:58:10 DEBUG [t1] "TestVolatile":15: 13
2020-12-19 20:58:10 DEBUG [t1] "TestVolatile":15: 13
2020-12-19 20:58:10 DEBUG [t1] "TestVolatile":15: 13
2020-12-19 20:58:10 DEBUG [t1] "TestVolatile":15: 13
2020-12-19 20:58:10 DEBUG [t1] "TestVolatile":15: 13
2020-12-19 20:58:10 DEBUG [t1] "TestVolatile":15: 13
2020-12-19 20:58:10 DEBUG [t1] "TestVolatile":15: 13
2020-12-19 20:58:10 DEBUG [t1] "TestVolatile":15: 13
2020-12-19 20:58:10 DEBUG [t1] "TestVolatile":15: 13
2020-12-19 20:58:10 DEBUG [t1] "TestVolatile":15: 13
2020-12-19 20:58:10 DEBUG [t1] "TestVolatile":15: 13
2020-12-19 20:58:10 DEBUG [t1] "TestVolatile":15: 13
2020-12-19 20:58:10 DEBUG [t1] "TestVolatile":15: 13
2020-12-19 20:58:10 DEBUG [t1] "TestVolatile":15: 13
2020-12-19 20:58:10 DEBUG [t1] "TestVolatile":15: 13
2020-12-19 20:58:10 DEBUG [t1] "TestVolatile":15: 13
2020-12-19 20:58:10 DEBUG [t1] "TestVolatile":15: 13
2020-12-19 20:58:10 DEBUG [t1] "TestVolatile":15: 13
2020-12-19 20:58:10 DEBUG [t1] "TestVolatile":15: 13
2020-12-19 20:58:10 DEBUG [t1] "TestVolatile":15: 13
2020-12-19 20:58:10 DEBUG [t1] "TestVolatile":15: 13
2020-12-19 20:58:10 DEBUG [t1] "TestVolatile":15: 13
2020-12-19 20:58:10 DEBUG [t1] "TestVolatile":15: 13
2020-12-19 20:58:10 DEBUG [t1] "TestVolatile":15: 13
2020-12-19 20:58:10 DEBUG [t1] "TestVolatile":15: 13
2020-12-19 20:58:10 DEBUG [t1] "TestVolatile":15: 13
2020-12-19 20:58:10 DEBUG [t1] "TestVolatile":15: 13
2020-12-19 20:58:10 DEBUG [t1] "TestVolatile":15: 13
2020-12-19 20:58:10 DEBUG [t1] "TestVolatile":15: 13
2020-12-19 20:58:10 DEBUG [t1] "TestVolatile":15: 13
2020-12-19 20:58:10 DEBUG [t1] "TestVolatile":15: 13
2020-12-19 20:58:10 DEBUG [t1] "TestVolatile":15: 13
2020-12-19 20:58:10 DEBUG [t1] "TestVolatile":15: 13
2020-12-19 20:58:10 DEBUG [t1] "TestVolatile":15: 13
2020-12-19 20:58:10 DEBUG [t1] "TestVolatile":15: 13
2020-12-19 20:58:10 DEBUG [t1] "TestVolatile":15: 13
2020-12-19 20:58:10 DEBUG [t1] "TestVolatile":15: 13
2020-12-19 20:58:10 DEBUG [t1] "TestVolatile":15: 13
2020-12-19 20:58:10 DEBUG [t1] "TestVolatile":15: 13
2020-12-19 20:58:10 DEBUG [t1] "TestVolatile":15: 13
2020-12-19 20:58:10 DEBUG [t1] "TestVolatile":15: 13
2020-12-19 20:58:10 DEBUG [t1] "TestVolatile":15: 13
2020-12-19 20:58:10 DEBUG [t1] "TestVolatile":15: 13
2020-12-19 20:58:10 DEBUG [t1] "TestVolatile":15: 13
2020-12-19 20:58:10 DEBUG [t1] "TestVolatile":15: 13
2020-12-19 20:58:10 DEBUG [t1] "TestVolatile":15: 13
2020-12-19 20:58:10 DEBUG [t1] "TestVolatile":15: 13
2020-12-19 20:58:10 DEBUG [t1] "TestVolatile":15: 13
2020-12-19 20:58:10 DEBUG [t1] "TestVolatile":15: 13
2020-12-19 20:58:10 DEBUG [t1] "TestVolatile":15: 13
2020-12-19 20:58:10 DEBUG [t1] "TestVolatile":15: 13
2020-12-19 20:58:10 DEBUG [t1] "TestVolatile":15: 13
2020-12-19 20:58:10 DEBUG [t1] "TestVolatile":15: 13
2020-12-19 20:58:10 DEBUG [t1] "TestVolatile":15: 13
2020-12-19 20:58:10 DEBUG [t1] "TestVolatile":15: 13
2020-12-19 20:58:10 DEBUG [t1] "TestVolatile":15: 13
2020-12-19 20:58:10 DEBUG [t1] "TestVolatile":15: 13
2020-12-19 20:58:10 DEBUG [t1] "TestVolatile":15: 13
2020-12-19 20:58:10 DEBUG [t1] "TestVolatile":15: 13
2020-12-19 20:58:10 DEBUG [t1] "TestVolatile":15: 13
2020-12-19 20:58:10 DEBUG [t1] "TestVolatile":15: 13
2020-12-19 20:58:10 DEBUG [t1] "TestVolatile":15: 13
2020-12-19 20:58:10 DEBUG [t1] "TestVolatile":15: 13
2020-12-19 20:58:10 DEBUG [t1] "TestVolatile":15: 13
2020-12-19 20:58:10 DEBUG [t1] "TestVolatile":15: 13
2020-12-19 20:58:10 DEBUG [t1] "TestVolatile":15: 13
2020-12-19 20:58:10 DEBUG [t1] "TestVolatile":15: 13
2020-12-19 20:58:10 DEBUG [t1] "TestVolatile":15: 13
2020-12-19 20:58:10 DEBUG [t1] "TestVolatile":15: 13
2020-12-19 20:58:10 DEBUG [t1] "TestVolatile":15: 13
2020-12-19 20:58:10 DEBUG [t1] "TestVolatile":15: 13
2020-12-19 20:58:10 DEBUG [t1] "TestVolatile":15: 13
2020-12-19 20:58:10 DEBUG [t1] "TestVolatile":15: 13
2020-12-19 20:58:10 DEBUG [t1] "TestVolatile":15: 13
2020-12-19 20:58:10 DEBUG [t1] "TestVolatile":15: 13
2020-12-19 20:58:10 DEBUG [t1] "TestVolatile":15: 13
2020-12-19 20:58:10 DEBUG [t1] "TestVolatile":15: 13
2020-12-19 20:58:10 DEBUG [t1] "TestVolatile":15: 13
2020-12-19 20:58:10 DEBUG [t1] "TestVolatile":15: 13
2020-12-19 20:58:10 DEBUG [t1] "TestVolatile":15: 13
2020-12-19 20:58:10 DEBUG [t1] "TestVolatile":15: 13
2020-12-19 20:58:10 DEBUG [t1] "TestVolatile":15: 13
2020-12-19 20:58:10 DEBUG [t1] "TestVolatile":15: 13
2020-12-19 20:58:10 DEBUG [t1] "TestVolatile":15: 13
2020-12-19 20:58:10 DEBUG [t1] "TestVolatile":15: 13
2020-12-19 20:58:10 DEBUG [t1] "TestVolatile":15: 13
2020-12-19 20:58:10 DEBUG [t1] "TestVolatile":15: 13
2020-12-19 20:58:10 DEBUG [t1] "TestVolatile":15: 13
2020-12-19 20:58:10 DEBUG [t1] "TestVolatile":15: 13
2020-12-19 20:58:10 DEBUG [t1] "TestVolatile":15: 13
2020-12-19 20:58:10 DEBUG [t1] "TestVolatile":15: 13
2020-12-19 20:58:10 DEBUG [t1] "TestVolatile":15: 13
2020-12-19 20:58:10 DEBUG [t1] "TestVolatile":15: 13
2020-12-19 20:58:10 DEBUG [t1] "TestVolatile":15: 13
2020-12-19 20:58:10 DEBUG [t1] "TestVolatile":15: 13
2020-12-19 20:58:10 DEBUG [t1] "TestVolatile":15: 13
2020-12-19 20:58:10 DEBUG [t1] "TestVolatile":15: 13
2020-12-19 20:58:10 DEBUG [t1] "TestVolatile":15: 13
2020-12-19 20:58:10 DEBUG [t1] "TestVolatile":15: 13
2020-12-19 20:58:10 DEBUG [t1] "TestVolatile":15: 13
2020-12-19 20:58:10 DEBUG [t1] "TestVolatile":15: 13
2020-12-19 20:58:10 DEBUG [t1] "TestVolatile":15: 13
2020-12-19 20:58:10 DEBUG [t1] "TestVolatile":15: 13
2020-12-19 20:58:10 DEBUG [t1] "TestVolatile":15: 13
2020-12-19 20:58:10 DEBUG [t1] "TestVolatile":15: 13
2020-12-19 20:58:10 DEBUG [t1] "TestVolatile":15: 13
2020-12-19 20:58:10 DEBUG [t1] "TestVolatile":15: 13
2020-12-19 20:58:10 DEBUG [t1] "TestVolatile":15: 13
2020-12-19 20:58:10 DEBUG [t1] "TestVolatile":15: 13
2020-12-19 20:58:10 DEBUG [t1] "TestVolatile":15: 13
2020-12-19 20:58:10 DEBUG [t1] "TestVolatile":15: 13
2020-12-19 20:58:10 DEBUG [t1] "TestVolatile":15: 13
2020-12-19 20:58:10 DEBUG [t1] "TestVolatile":15: 13
2020-12-19 20:58:10 DEBUG [t1] "TestVolatile":15: 13
2020-12-19 20:58:10 DEBUG [t1] "TestVolatile":15: 13
2020-12-19 20:58:10 DEBUG [t1] "TestVolatile":15: 13
2020-12-19 20:58:10 DEBUG [t1] "TestVolatile":15: 13
2020-12-19 20:58:10 DEBUG [t1] "TestVolatile":15: 13
2020-12-19 20:58:10 DEBUG [t1] "TestVolatile":15: 13
2020-12-19 20:58:10 DEBUG [t1] "TestVolatile":15: 13
2020-12-19 20:58:10 DEBUG [t1] "TestVolatile":15: 13
2020-12-19 20:58:10 DEBUG [t1] "TestVolatile":15: 13
2020-12-19 20:58:10 DEBUG [t1] "TestVolatile":15: 13
2020-12-19 20:58:10 DEBUG [t1] "TestVolatile":15: 13
2020-12-19 20:58:10 DEBUG [t1] "TestVolatile":15: 13
2020-12-19 20:58:10 DEBUG [t1] "TestVolatile":15: 13
2020-12-19 20:58:10 DEBUG [t1] "TestVolatile":15: 13
2020-12-19 20:58:10 DEBUG [t1] "TestVolatile":15: 13
2020-12-19 20:58:10 DEBUG [t1] "TestVolatile":15: 13
2020-12-19 20:58:10 DEBUG [t1] "TestVolatile":15: 13
2020-12-19 20:58:10 DEBUG [t1] "TestVolatile":15: 13
2020-12-19 20:58:10 DEBUG [t1] "TestVolatile":15: 13
2020-12-19 20:58:10 DEBUG [t1] "TestVolatile":15: 13
2020-12-19 20:58:10 DEBUG [t1] "TestVolatile":15: 13
2020-12-19 20:58:10 DEBUG [t1] "TestVolatile":15: 13
2020-12-19 20:58:10 DEBUG [t1] "TestVolatile":15: 13
2020-12-19 20:58:10 DEBUG [t1] "TestVolatile":15: 13
2020-12-19 20:58:10 DEBUG [t1] "TestVolatile":15: 13
2020-12-19 20:58:10 DEBUG [t1] "TestVolatile":15: 13
2020-12-19 20:58:10 DEBUG [t1] "TestVolatile":15: 13
2020-12-19 20:58:10 DEBUG [t1] "TestVolatile":15: 13
2020-12-19 20:58:10 DEBUG [t1] "TestVolatile":15: 13
2020-12-19 20:58:10 DEBUG [t1] "TestVolatile":15: 13
2020-12-19 20:58:10 DEBUG [t1] "TestVolatile":15: 13
2020-12-19 20:58:10 DEBUG [t1] "TestVolatile":15: 13
2020-12-19 20:58:10 DEBUG [t1] "TestVolatile":15: 13
2020-12-19 20:58:10 DEBUG [t1] "TestVolatile":15: 13
2020-12-19 20:58:10 DEBUG [t1] "TestVolatile":15: 13
2020-12-19 20:58:10 DEBUG [t1] "TestVolatile":15: 13
2020-12-19 20:58:10 DEBUG [t1] "TestVolatile":15: 13
2020-12-19 20:58:10 DEBUG [t1] "TestVolatile":15: 13
2020-12-19 20:58:10 DEBUG [t1] "TestVolatile":15: 13
2020-12-19 20:58:10 DEBUG [t1] "TestVolatile":15: 13
2020-12-19 20:58:10 DEBUG [t1] "TestVolatile":15: 13
2020-12-19 20:58:10 DEBUG [t1] "TestVolatile":15: 13
2020-12-19 20:58:10 DEBUG [t1] "TestVolatile":15: 13
2020-12-19 20:58:10 DEBUG [t1] "TestVolatile":15: 13
2020-12-19 20:58:10 DEBUG [t1] "TestVolatile":15: 13
2020-12-19 20:58:10 DEBUG [t1] "TestVolatile":15: 13
2020-12-19 20:58:10 DEBUG [t1] "TestVolatile":15: 13
2020-12-19 20:58:10 DEBUG [t1] "TestVolatile":15: 13
2020-12-19 20:58:10 DEBUG [t1] "TestVolatile":15: 13
2020-12-19 20:58:10 DEBUG [t1] "TestVolatile":15: 13
2020-12-19 20:58:10 DEBUG [t1] "TestVolatile":15: 13
2020-12-19 20:58:10 DEBUG [t1] "TestVolatile":15: 13
2020-12-19 20:58:10 DEBUG [t1] "TestVolatile":15: 13
2020-12-19 20:58:10 DEBUG [t1] "TestVolatile":15: 13
2020-12-19 20:58:10 DEBUG [t1] "TestVolatile":15: 13
2020-12-19 20:58:10 DEBUG [t1] "TestVolatile":15: 13
2020-12-19 20:58:10 DEBUG [t1] "TestVolatile":15: 13
2020-12-19 20:58:10 DEBUG [t1] "TestVolatile":15: 13
2020-12-19 20:58:10 DEBUG [t1] "TestVolatile":15: 13
2020-12-19 20:58:10 DEBUG [t1] "TestVolatile":15: 13
2020-12-19 20:58:10 DEBUG [t1] "TestVolatile":15: 13
2020-12-19 20:58:10 DEBUG [t1] "TestVolatile":15: 13
2020-12-19 20:58:10 DEBUG [t1] "TestVolatile":15: 13
2020-12-19 20:58:10 DEBUG [t1] "TestVolatile":15: 13
2020-12-19 20:58:10 DEBUG [t1] "TestVolatile":15: 13
2020-12-19 20:58:10 DEBUG [t1] "TestVolatile":15: 13
2020-12-19 20:58:10 DEBUG [t1] "TestVolatile":15: 13
2020-12-19 20:58:10 DEBUG [t1] "TestVolatile":15: 13
2020-12-19 20:58:10 DEBUG [t1] "TestVolatile":15: 13
2020-12-19 20:58:10 DEBUG [t1] "TestVolatile":15: 13
2020-12-19 20:58:10 DEBUG [t1] "TestVolatile":15: 13
2020-12-19 20:58:10 DEBUG [t1] "TestVolatile":15: 13
2020-12-19 20:58:10 DEBUG [t1] "TestVolatile":15: 13
2020-12-19 20:58:10 DEBUG [t1] "TestVolatile":15: 13
2020-12-19 20:58:10 DEBUG [t1] "TestVolatile":15: 13
2020-12-19 20:58:10 DEBUG [t1] "TestVolatile":15: 13
2020-12-19 20:58:10 DEBUG [t1] "TestVolatile":15: 13
2020-12-19 20:58:10 DEBUG [t1] "TestVolatile":15: 13
2020-12-19 20:58:10 DEBUG [t1] "TestVolatile":15: 13
2020-12-19 20:58:10 DEBUG [t1] "TestVolatile":15: 13
2020-12-19 20:58:10 DEBUG [t1] "TestVolatile":15: 13
2020-12-19 20:58:10 DEBUG [t1] "TestVolatile":15: 13
2020-12-19 20:58:10 DEBUG [t1] "TestVolatile":15: 13
2020-12-19 20:58:10 DEBUG [t1] "TestVolatile":15: 13
2020-12-19 20:58:10 DEBUG [t1] "TestVolatile":15: 13
2020-12-19 20:58:10 DEBUG [t1] "TestVolatile":15: 13
2020-12-19 20:58:10 DEBUG [t1] "TestVolatile":15: 13
2020-12-19 20:58:10 DEBUG [t1] "TestVolatile":15: 13
2020-12-19 20:58:10 DEBUG [t1] "TestVolatile":15: 13
2020-12-19 20:58:10 DEBUG [t1] "TestVolatile":15: 13
2020-12-19 20:58:10 DEBUG [t1] "TestVolatile":15: 13
2020-12-19 20:58:10 DEBUG [t1] "TestVolatile":15: 13
2020-12-19 20:58:10 DEBUG [t1] "TestVolatile":15: 13
2020-12-19 20:58:10 DEBUG [t1] "TestVolatile":15: 13
2020-12-19 20:58:10 DEBUG [t1] "TestVolatile":15: 13
2020-12-19 20:58:10 DEBUG [t1] "TestVolatile":15: 13
2020-12-19 20:58:10 DEBUG [t1] "TestVolatile":15: 13
2020-12-19 20:58:10 DEBUG [t1] "TestVolatile":15: 13
2020-12-19 20:58:10 DEBUG [t1] "TestVolatile":15: 13
2020-12-19 20:58:10 DEBUG [t1] "TestVolatile":15: 13
2020-12-19 20:58:10 DEBUG [t1] "TestVolatile":15: 13
2020-12-19 20:58:10 DEBUG [t1] "TestVolatile":15: 13
2020-12-19 20:58:10 DEBUG [t1] "TestVolatile":15: 13
2020-12-19 20:58:10 DEBUG [t1] "TestVolatile":15: 13
2020-12-19 20:58:10 DEBUG [t1] "TestVolatile":15: 13
2020-12-19 20:58:10 DEBUG [t1] "TestVolatile":15: 13
2020-12-19 20:58:10 DEBUG [t1] "TestVolatile":15: 13
2020-12-19 20:58:10 DEBUG [t1] "TestVolatile":15: 13
2020-12-19 20:58:10 DEBUG [t1] "TestVolatile":15: 13
2020-12-19 20:58:10 DEBUG [t1] "TestVolatile":15: 13
2020-12-19 20:58:10 DEBUG [t1] "TestVolatile":15: 13
2020-12-19 20:58:10 DEBUG [t1] "TestVolatile":15: 13
2020-12-19 20:58:10 DEBUG [t1] "TestVolatile":15: 13
2020-12-19 20:58:10 DEBUG [t1] "TestVolatile":15: 13
2020-12-19 20:58:10 DEBUG [t1] "TestVolatile":15: 13
2020-12-19 20:58:10 DEBUG [t1] "TestVolatile":15: 13
2020-12-19 20:58:10 DEBUG [t1] "TestVolatile":15: 13
2020-12-19 20:58:10 DEBUG [t1] "TestVolatile":15: 13
2020-12-19 20:58:10 DEBUG [t1] "TestVolatile":15: 13
2020-12-19 20:58:10 DEBUG [t1] "TestVolatile":15: 13
2020-12-19 20:58:10 DEBUG [t1] "TestVolatile":15: 13
2020-12-19 20:58:10 DEBUG [t1] "TestVolatile":15: 13
2020-12-19 20:58:10 DEBUG [t1] "TestVolatile":15: 13
2020-12-19 20:58:10 DEBUG [t1] "TestVolatile":15: 13
2020-12-19 20:58:10 DEBUG [t1] "TestVolatile":15: 13
2020-12-19 20:58:10 DEBUG [t1] "TestVolatile":15: 13
2020-12-19 20:58:10 DEBUG [t1] "TestVolatile":15: 13
2020-12-19 20:58:10 DEBUG [t1] "TestVolatile":15: 13
2020-12-19 20:58:10 DEBUG [t1] "TestVolatile":15: 13
2020-12-19 20:58:10 DEBUG [t1] "TestVolatile":15: 13
2020-12-19 20:58:10 DEBUG [t1] "TestVolatile":15: 13
2020-12-19 20:58:10 DEBUG [t1] "TestVolatile":15: 13
2020-12-19 20:58:10 DEBUG [t1] "TestVolatile":15: 13
2020-12-19 20:58:10 DEBUG [t1] "TestVolatile":15: 13
2020-12-19 20:58:10 DEBUG [t1] "TestVolatile":15: 13
2020-12-19 20:58:10 DEBUG [t1] "TestVolatile":15: 13
2020-12-19 20:58:10 DEBUG [t1] "TestVolatile":15: 13
2020-12-19 20:58:10 DEBUG [t1] "TestVolatile":15: 13
2020-12-19 20:58:10 DEBUG [t1] "TestVolatile":15: 13
2020-12-19 20:58:10 DEBUG [t1] "TestVolatile":15: 13
2020-12-19 20:58:10 DEBUG [t1] "TestVolatile":15: 13
2020-12-19 20:58:10 DEBUG [t1] "TestVolatile":15: 13
2020-12-19 20:58:10 DEBUG [t1] "TestVolatile":15: 13
2020-12-19 20:58:10 DEBUG [t1] "TestVolatile":15: 13
2020-12-19 20:58:10 DEBUG [t1] "TestVolatile":15: 13
2020-12-19 20:58:10 DEBUG [t1] "TestVolatile":15: 13
2020-12-19 20:58:10 DEBUG [t1] "TestVolatile":15: 13
2020-12-19 20:58:10 DEBUG [t1] "TestVolatile":15: 13
2020-12-19 20:58:10 DEBUG [t1] "TestVolatile":15: 13
2020-12-19 20:58:10 DEBUG [t1] "TestVolatile":15: 13
2020-12-19 20:58:10 DEBUG [t1] "TestVolatile":15: 13
2020-12-19 20:58:10 DEBUG [t1] "TestVolatile":15: 13
2020-12-19 20:58:10 DEBUG [t1] "TestVolatile":15: 13
2020-12-19 20:58:10 DEBUG [t1] "TestVolatile":15: 13
2020-12-19 20:58:10 DEBUG [t1] "TestVolatile":15: 13
2020-12-19 20:58:10 DEBUG [t1] "TestVolatile":15: 13
2020-12-19 20:58:10 DEBUG [t1] "TestVolatile":15: 13
2020-12-19 20:58:10 DEBUG [t1] "TestVolatile":15: 13
2020-12-19 20:58:10 DEBUG [t1] "TestVolatile":15: 13
2020-12-19 20:58:10 DEBUG [t1] "TestVolatile":15: 13
2020-12-19 20:58:10 DEBUG [t1] "TestVolatile":15: 13
2020-12-19 20:58:10 DEBUG [t1] "TestVolatile":15: 13
2020-12-19 20:58:10 DEBUG [t1] "TestVolatile":15: 13
2020-12-19 20:58:10 DEBUG [t1] "TestVolatile":15: 13
2020-12-19 20:58:10 DEBUG [t1] "TestVolatile":15: 13
2020-12-19 20:58:10 DEBUG [t1] "TestVolatile":15: 13
2020-12-19 20:58:10 DEBUG [t1] "TestVolatile":15: 13
2020-12-19 20:58:10 DEBUG [t1] "TestVolatile":15: 13
2020-12-19 20:58:10 DEBUG [t1] "TestVolatile":15: 13
2020-12-19 20:58:10 DEBUG [t1] "TestVolatile":15: 13
2020-12-19 20:58:10 DEBUG [t1] "TestVolatile":15: 13
2020-12-19 20:58:10 DEBUG [t1] "TestVolatile":15: 13
2020-12-19 20:58:10 DEBUG [t1] "TestVolatile":15: 13
2020-12-19 20:58:10 DEBUG [t1] "TestVolatile":15: 13
2020-12-19 20:58:10 DEBUG [t1] "TestVolatile":15: 13
2020-12-19 20:58:10 DEBUG [t1] "TestVolatile":15: 13
2020-12-19 20:58:10 DEBUG [t1] "TestVolatile":15: 13
2020-12-19 20:58:10 DEBUG [t1] "TestVolatile":15: 13
2020-12-19 20:58:10 DEBUG [t1] "TestVolatile":15: 13
2020-12-19 20:58:10 DEBUG [t1] "TestVolatile":15: 13
2020-12-19 20:58:10 DEBUG [t1] "TestVolatile":15: 13
2020-12-19 20:58:10 DEBUG [t1] "TestVolatile":15: 13
2020-12-19 20:58:10 DEBUG [t1] "TestVolatile":15: 13
2020-12-19 20:58:10 DEBUG [t1] "TestVolatile":15: 13
2020-12-19 20:58:10 DEBUG [t1] "TestVolatile":15: 13
2020-12-19 20:58:10 DEBUG [t1] "TestVolatile":15: 13
2020-12-19 20:58:10 DEBUG [t1] "TestVolatile":15: 13
2020-12-19 20:58:10 DEBUG [t1] "TestVolatile":15: 13
2020-12-19 20:58:10 DEBUG [t1] "TestVolatile":15: 13
2020-12-19 20:58:10 DEBUG [t1] "TestVolatile":15: 13
2020-12-19 20:58:10 DEBUG [t1] "TestVolatile":15: 13
2020-12-19 20:58:10 DEBUG [t1] "TestVolatile":15: 13
2020-12-19 20:58:10 DEBUG [t1] "TestVolatile":15: 13
2020-12-19 20:58:10 DEBUG [t1] "TestVolatile":15: 13
2020-12-19 20:58:10 DEBUG [t1] "TestVolatile":15: 13
2020-12-19 20:58:10 DEBUG [t1] "TestVolatile":15: 13
2020-12-19 20:58:10 DEBUG [t1] "TestVolatile":15: 13
2020-12-19 20:58:10 DEBUG [t1] "TestVolatile":15: 13
2020-12-19 20:58:10 DEBUG [t1] "TestVolatile":15: 13
2020-12-19 20:58:10 DEBUG [t1] "TestVolatile":15: 13
2020-12-19 20:58:10 DEBUG [t1] "TestVolatile":15: 13
2020-12-19 20:58:10 DEBUG [t1] "TestVolatile":15: 13
2020-12-19 20:58:10 DEBUG [t1] "TestVolatile":15: 13
2020-12-19 20:58:10 DEBUG [t1] "TestVolatile":15: 13
2020-12-19 20:58:10 DEBUG [t1] "TestVolatile":15: 13
2020-12-19 20:58:10 DEBUG [t1] "TestVolatile":15: 13
2020-12-19 20:58:10 DEBUG [t1] "TestVolatile":15: 13
2020-12-19 20:58:10 DEBUG [t1] "TestVolatile":15: 13
2020-12-19 20:58:10 DEBUG [t1] "TestVolatile":15: 13
2020-12-19 20:58:10 DEBUG [t1] "TestVolatile":15: 13
2020-12-19 20:58:10 DEBUG [t1] "TestVolatile":15: 13
2020-12-19 20:58:10 DEBUG [t1] "TestVolatile":15: 13
2020-12-19 20:58:10 DEBUG [t1] "TestVolatile":15: 13
2020-12-19 20:58:10 DEBUG [t1] "TestVolatile":15: 13
2020-12-19 20:58:10 DEBUG [t1] "TestVolatile":15: 13
2020-12-19 20:58:10 DEBUG [t1] "TestVolatile":15: 13
2020-12-19 20:58:10 DEBUG [t1] "TestVolatile":15: 13
2020-12-19 20:58:10 DEBUG [t1] "TestVolatile":15: 13
2020-12-19 20:58:10 DEBUG [t1] "TestVolatile":15: 13
2020-12-19 20:58:10 DEBUG [t1] "TestVolatile":15: 13
2020-12-19 20:58:10 DEBUG [t1] "TestVolatile":15: 13
2020-12-19 20:58:10 DEBUG [t1] "TestVolatile":15: 13
2020-12-19 20:58:10 DEBUG [t1] "TestVolatile":15: 13
2020-12-19 20:58:10 DEBUG [t1] "TestVolatile":15: 13
2020-12-19 20:58:10 DEBUG [t1] "TestVolatile":15: 13
2020-12-19 20:58:10 DEBUG [t1] "TestVolatile":15: 13
2020-12-19 20:58:10 DEBUG [t1] "TestVolatile":15: 13
2020-12-19 20:58:10 DEBUG [t1] "TestVolatile":15: 13
2020-12-19 20:58:10 DEBUG [t1] "TestVolatile":15: 13
2020-12-19 20:58:10 DEBUG [t1] "TestVolatile":15: 13
2020-12-19 20:58:10 DEBUG [t1] "TestVolatile":15: 13
2020-12-19 20:58:10 DEBUG [t1] "TestVolatile":15: 13
2020-12-19 20:58:10 DEBUG [t1] "TestVolatile":15: 13
2020-12-19 20:58:10 DEBUG [t1] "TestVolatile":15: 13
2020-12-19 20:58:10 DEBUG [t1] "TestVolatile":15: 13
2020-12-19 20:58:10 DEBUG [t1] "TestVolatile":15: 13
2020-12-19 20:58:10 DEBUG [t1] "TestVolatile":15: 13
2020-12-19 20:58:10 DEBUG [t1] "TestVolatile":15: 13
2020-12-19 20:58:10 DEBUG [t1] "TestVolatile":15: 13
2020-12-19 20:58:10 DEBUG [t1] "TestVolatile":15: 13
2020-12-19 20:58:10 DEBUG [t1] "TestVolatile":15: 13
2020-12-19 20:58:10 DEBUG [t1] "TestVolatile":15: 13
2020-12-19 20:58:10 DEBUG [t1] "TestVolatile":15: 13
2020-12-19 20:58:10 DEBUG [t1] "TestVolatile":15: 13
2020-12-19 20:58:10 DEBUG [t1] "TestVolatile":15: 13
2020-12-19 20:58:10 DEBUG [t1] "TestVolatile":15: 13
2020-12-19 20:58:10 DEBUG [t1] "TestVolatile":15: 13
2020-12-19 20:58:10 DEBUG [t1] "TestVolatile":15: 13
2020-12-19 20:58:10 DEBUG [t1] "TestVolatile":15: 13
2020-12-19 20:58:10 DEBUG [t1] "TestVolatile":15: 13
2020-12-19 20:58:10 DEBUG [t1] "TestVolatile":15: 13
2020-12-19 20:58:10 DEBUG [t1] "TestVolatile":15: 13
2020-12-19 20:58:10 DEBUG [t1] "TestVolatile":15: 13
2020-12-19 20:58:10 DEBUG [t1] "TestVolatile":15: 13
2020-12-19 20:58:10 DEBUG [t1] "TestVolatile":15: 13
2020-12-19 20:58:10 DEBUG [t1] "TestVolatile":15: 13
2020-12-19 20:58:10 DEBUG [t1] "TestVolatile":15: 13
2020-12-19 20:58:10 DEBUG [t1] "TestVolatile":15: 13
2020-12-19 20:58:10 DEBUG [t1] "TestVolatile":15: 13
2020-12-19 20:58:10 DEBUG [t1] "TestVolatile":15: 13
2020-12-19 20:58:10 DEBUG [t1] "TestVolatile":15: 13
2020-12-19 20:58:10 DEBUG [t1] "TestVolatile":15: 13
2020-12-19 20:58:10 DEBUG [t1] "TestVolatile":15: 13
2020-12-19 20:58:10 DEBUG [t1] "TestVolatile":15: 13
2020-12-19 20:58:10 DEBUG [t1] "TestVolatile":15: 13
2020-12-19 20:58:10 DEBUG [t1] "TestVolatile":15: 13
2020-12-19 20:58:10 DEBUG [t1] "TestVolatile":15: 13
2020-12-19 20:58:10 DEBUG [t1] "TestVolatile":15: 13
2020-12-19 20:58:10 DEBUG [t1] "TestVolatile":15: 13
2020-12-19 20:58:10 DEBUG [t1] "TestVolatile":15: 13
2020-12-19 20:58:10 DEBUG [t1] "TestVolatile":15: 13
2020-12-19 20:58:10 DEBUG [t1] "TestVolatile":15: 13
2020-12-19 20:58:10 DEBUG [t1] "TestVolatile":15: 13
2020-12-19 20:58:10 DEBUG [t1] "TestVolatile":15: 13
2020-12-19 20:58:10 DEBUG [t1] "TestVolatile":15: 13
2020-12-19 20:58:10 DEBUG [t1] "TestVolatile":15: 13
2020-12-19 20:58:10 DEBUG [t1] "TestVolatile":15: 13
2020-12-19 20:58:10 DEBUG [t1] "TestVolatile":15: 13
2020-12-19 20:58:10 DEBUG [t1] "TestVolatile":15: 13
2020-12-19 20:58:10 DEBUG [t1] "TestVolatile":15: 13
2020-12-19 20:58:10 DEBUG [t1] "TestVolatile":15: 13
2020-12-19 20:58:10 DEBUG [t1] "TestVolatile":15: 13
2020-12-19 20:58:10 DEBUG [t1] "TestVolatile":15: 13
2020-12-19 20:58:10 DEBUG [t1] "TestVolatile":15: 13
2020-12-19 20:58:10 DEBUG [t1] "TestVolatile":15: 13
2020-12-19 20:58:10 DEBUG [t1] "TestVolatile":15: 13
2020-12-19 20:58:10 DEBUG [t1] "TestVolatile":15: 13
2020-12-19 20:58:10 DEBUG [t1] "TestVolatile":15: 13
2020-12-19 20:58:10 DEBUG [t1] "TestVolatile":15: 13
2020-12-19 20:58:10 DEBUG [t1] "TestVolatile":15: 13
2020-12-19 20:58:10 DEBUG [t1] "TestVolatile":15: 13
2020-12-19 20:58:10 DEBUG [t1] "TestVolatile":15: 13
2020-12-19 20:58:10 DEBUG [t1] "TestVolatile":15: 13
2020-12-19 20:58:10 DEBUG [t1] "TestVolatile":15: 13
2020-12-19 20:58:10 DEBUG [t1] "TestVolatile":15: 13
2020-12-19 20:58:10 DEBUG [t1] "TestVolatile":15: 13
2020-12-19 20:58:10 DEBUG [t1] "TestVolatile":15: 13
2020-12-19 20:58:10 DEBUG [t1] "TestVolatile":15: 13
2020-12-19 20:58:10 DEBUG [t1] "TestVolatile":15: 13
2020-12-19 20:58:10 DEBUG [t1] "TestVolatile":15: 13
2020-12-19 20:58:10 DEBUG [t1] "TestVolatile":15: 13
2020-12-19 20:58:10 DEBUG [t1] "TestVolatile":15: 13
2020-12-19 20:58:10 DEBUG [t1] "TestVolatile":15: 13
2020-12-19 20:58:10 DEBUG [t1] "TestVolatile":15: 13
2020-12-19 20:58:10 DEBUG [t1] "TestVolatile":15: 13
2020-12-19 20:58:10 DEBUG [t1] "TestVolatile":15: 13
2020-12-19 20:58:10 DEBUG [t1] "TestVolatile":15: 13
2020-12-19 20:58:10 DEBUG [t1] "TestVolatile":15: 13
2020-12-19 20:58:10 DEBUG [t1] "TestVolatile":15: 13
2020-12-19 20:58:10 DEBUG [t1] "TestVolatile":15: 13
2020-12-19 20:58:10 DEBUG [t1] "TestVolatile":15: 13
2020-12-19 20:58:10 DEBUG [t1] "TestVolatile":15: 13
2020-12-19 20:58:10 DEBUG [t1] "TestVolatile":15: 13
2020-12-19 20:58:10 DEBUG [t1] "TestVolatile":15: 13
2020-12-19 20:58:10 DEBUG [t1] "TestVolatile":15: 13
2020-12-19 20:58:10 DEBUG [t1] "TestVolatile":15: 13
2020-12-19 20:58:10 DEBUG [t1] "TestVolatile":15: 13
2020-12-19 20:58:10 DEBUG [t1] "TestVolatile":15: 13
2020-12-19 20:58:10 DEBUG [t1] "TestVolatile":15: 13
2020-12-19 20:58:10 DEBUG [t1] "TestVolatile":15: 13
2020-12-19 20:58:10 DEBUG [t1] "TestVolatile":15: 13
2020-12-19 20:58:10 DEBUG [t1] "TestVolatile":15: 13
2020-12-19 20:58:10 DEBUG [t1] "TestVolatile":15: 13
2020-12-19 20:58:10 DEBUG [t1] "TestVolatile":15: 13
2020-12-19 20:58:10 DEBUG [t1] "TestVolatile":15: 13
2020-12-19 20:58:10 DEBUG [t1] "TestVolatile":15: 13
2020-12-19 20:58:10 DEBUG [t1] "TestVolatile":15: 13
2020-12-19 20:58:10 DEBUG [t1] "TestVolatile":15: 13
2020-12-19 20:58:10 DEBUG [t1] "TestVolatile":15: 13
2020-12-19 20:58:10 DEBUG [t1] "TestVolatile":15: 13
2020-12-19 20:58:10 DEBUG [t1] "TestVolatile":15: 13
2020-12-19 20:58:10 DEBUG [t1] "TestVolatile":15: 13
2020-12-19 20:58:10 DEBUG [t1] "TestVolatile":15: 13
2020-12-19 20:58:10 DEBUG [t1] "TestVolatile":15: 13
2020-12-19 20:58:10 DEBUG [t1] "TestVolatile":15: 13
2020-12-19 20:58:10 DEBUG [t1] "TestVolatile":15: 13
2020-12-19 20:58:10 DEBUG [t1] "TestVolatile":15: 13
2020-12-19 20:58:10 DEBUG [t1] "TestVolatile":15: 13
2020-12-19 20:58:10 DEBUG [t1] "TestVolatile":15: 13
2020-12-19 20:58:10 DEBUG [t1] "TestVolatile":15: 13
2020-12-19 20:58:10 DEBUG [t1] "TestVolatile":15: 13
2020-12-19 20:58:10 DEBUG [t1] "TestVolatile":15: 13
2020-12-19 20:58:10 DEBUG [t1] "TestVolatile":15: 13
2020-12-19 20:58:10 DEBUG [t1] "TestVolatile":15: 13
2020-12-19 20:58:10 DEBUG [t1] "TestVolatile":15: 13
2020-12-19 20:58:10 DEBUG [t1] "TestVolatile":15: 13
2020-12-19 20:58:10 DEBUG [t1] "TestVolatile":15: 13
2020-12-19 20:58:10 DEBUG [t1] "TestVolatile":15: 13
2020-12-19 20:58:10 DEBUG [t1] "TestVolatile":15: 13
2020-12-19 20:58:10 DEBUG [t1] "TestVolatile":15: 13
2020-12-19 20:58:10 DEBUG [t1] "TestVolatile":15: 13
2020-12-19 20:58:10 DEBUG [t1] "TestVolatile":15: 13
2020-12-19 20:58:10 DEBUG [t1] "TestVolatile":15: 13
2020-12-19 20:58:10 DEBUG [t1] "TestVolatile":15: 13
2020-12-19 20:58:10 DEBUG [t1] "TestVolatile":15: 13
2020-12-19 20:58:10 DEBUG [t1] "TestVolatile":15: 13
2020-12-19 20:58:10 DEBUG [t1] "TestVolatile":15: 13
2020-12-19 20:58:10 DEBUG [t1] "TestVolatile":15: 13
2020-12-19 20:58:10 DEBUG [t1] "TestVolatile":15: 13
2020-12-19 20:58:10 DEBUG [t1] "TestVolatile":15: 13
2020-12-19 20:58:10 DEBUG [t1] "TestVolatile":15: 13
2020-12-19 20:58:10 DEBUG [t1] "TestVolatile":15: 13
2020-12-19 20:58:10 DEBUG [t1] "TestVolatile":15: 13
2020-12-19 20:58:10 DEBUG [t1] "TestVolatile":15: 13
2020-12-19 20:58:10 DEBUG [t1] "TestVolatile":15: 13
2020-12-19 20:58:10 DEBUG [t1] "TestVolatile":15: 13
2020-12-19 20:58:10 DEBUG [t1] "TestVolatile":15: 13
2020-12-19 20:58:10 DEBUG [t1] "TestVolatile":15: 13
2020-12-19 20:58:10 DEBUG [t1] "TestVolatile":15: 13
2020-12-19 20:58:10 DEBUG [t1] "TestVolatile":15: 13
2020-12-19 20:58:10 DEBUG [t1] "TestVolatile":15: 13
2020-12-19 20:58:10 DEBUG [t1] "TestVolatile":15: 13
2020-12-19 20:58:10 DEBUG [t1] "TestVolatile":15: 13
2020-12-19 20:58:10 DEBUG [t1] "TestVolatile":15: 13
2020-12-19 20:58:10 DEBUG [t1] "TestVolatile":15: 13
2020-12-19 20:58:10 DEBUG [t1] "TestVolatile":15: 13
2020-12-19 20:58:10 DEBUG [t1] "TestVolatile":15: 13
2020-12-19 20:58:10 DEBUG [t1] "TestVolatile":15: 13
2020-12-19 20:58:10 DEBUG [t1] "TestVolatile":15: 13
2020-12-19 20:58:10 DEBUG [t1] "TestVolatile":15: 13
2020-12-19 20:58:10 DEBUG [t1] "TestVolatile":15: 13
2020-12-19 20:58:10 DEBUG [t1] "TestVolatile":15: 13
2020-12-19 20:58:10 DEBUG [t1] "TestVolatile":15: 13
2020-12-19 20:58:10 DEBUG [t1] "TestVolatile":15: 13
2020-12-19 20:58:10 DEBUG [t1] "TestVolatile":15: 13
2020-12-19 20:58:10 DEBUG [t1] "TestVolatile":15: 13
2020-12-19 20:58:10 DEBUG [t1] "TestVolatile":15: 13
2020-12-19 20:58:10 DEBUG [t1] "TestVolatile":15: 13
2020-12-19 20:58:10 DEBUG [t1] "TestVolatile":15: 13
2020-12-19 20:58:10 DEBUG [t1] "TestVolatile":15: 13
2020-12-19 20:58:10 DEBUG [t1] "TestVolatile":15: 13
2020-12-19 20:58:10 DEBUG [t1] "TestVolatile":15: 13
2020-12-19 20:58:10 DEBUG [t1] "TestVolatile":15: 13
2020-12-19 20:58:10 DEBUG [t1] "TestVolatile":15: 13
2020-12-19 20:58:10 DEBUG [t1] "TestVolatile":15: 13
2020-12-19 20:58:10 DEBUG [t1] "TestVolatile":15: 13
2020-12-19 20:58:10 DEBUG [t1] "TestVolatile":15: 13
2020-12-19 20:58:10 DEBUG [t1] "TestVolatile":15: 13
2020-12-19 20:58:10 DEBUG [t1] "TestVolatile":15: 13
2020-12-19 20:58:10 DEBUG [t1] "TestVolatile":15: 13
2020-12-19 20:58:10 DEBUG [t1] "TestVolatile":15: 13
2020-12-19 20:58:10 DEBUG [t1] "TestVolatile":15: 13
2020-12-19 20:58:10 DEBUG [t1] "TestVolatile":15: 13
2020-12-19 20:58:10 DEBUG [t1] "TestVolatile":15: 13
2020-12-19 20:58:10 DEBUG [t1] "TestVolatile":15: 13
2020-12-19 20:58:10 DEBUG [t1] "TestVolatile":15: 13
2020-12-19 20:58:10 DEBUG [t1] "TestVolatile":15: 13
2020-12-19 20:58:10 DEBUG [t1] "TestVolatile":15: 13
2020-12-19 20:58:10 DEBUG [t1] "TestVolatile":15: 13
2020-12-19 20:58:10 DEBUG [t1] "TestVolatile":15: 13
2020-12-19 20:58:10 DEBUG [t1] "TestVolatile":15: 13
2020-12-19 20:58:10 DEBUG [t1] "TestVolatile":15: 13
2020-12-19 20:58:10 DEBUG [t1] "TestVolatile":15: 13
2020-12-19 20:58:10 DEBUG [t1] "TestVolatile":15: 13
2020-12-19 20:58:10 DEBUG [t1] "TestVolatile":15: 13
2020-12-19 20:58:10 DEBUG [t1] "TestVolatile":15: 13
2020-12-19 20:58:10 DEBUG [t1] "TestVolatile":15: 13
2020-12-19 20:58:10 DEBUG [t1] "TestVolatile":15: 13
2020-12-19 20:58:10 DEBUG [t1] "TestVolatile":15: 13
2020-12-19 20:58:10 DEBUG [t1] "TestVolatile":15: 13
2020-12-19 20:58:10 DEBUG [t1] "TestVolatile":15: 13
2020-12-19 20:58:10 DEBUG [t1] "TestVolatile":15: 13
2020-12-19 20:58:10 DEBUG [t1] "TestVolatile":15: 13
2020-12-19 20:58:10 DEBUG [t1] "TestVolatile":15: 13
2020-12-19 20:58:10 DEBUG [t1] "TestVolatile":15: 13
2020-12-19 20:58:10 DEBUG [t1] "TestVolatile":15: 13
2020-12-19 20:58:10 DEBUG [t1] "TestVolatile":15: 13
2020-12-19 20:58:10 DEBUG [t1] "TestVolatile":15: 13
2020-12-19 20:58:10 DEBUG [t1] "TestVolatile":15: 13
2020-12-19 20:58:10 DEBUG [t1] "TestVolatile":15: 13
2020-12-19 20:58:10 DEBUG [t1] "TestVolatile":15: 13
2020-12-19 20:58:10 DEBUG [t1] "TestVolatile":15: 13
2020-12-19 20:58:10 DEBUG [t1] "TestVolatile":15: 13
2020-12-19 20:58:10 DEBUG [t1] "TestVolatile":15: 13
2020-12-19 20:58:10 DEBUG [t1] "TestVolatile":15: 13
2020-12-19 20:58:10 DEBUG [t1] "TestVolatile":15: 13
2020-12-19 20:58:10 DEBUG [t1] "TestVolatile":15: 13
2020-12-19 20:58:10 DEBUG [t1] "TestVolatile":15: 13
2020-12-19 20:58:10 DEBUG [t1] "TestVolatile":15: 13
2020-12-19 20:58:10 DEBUG [t1] "TestVolatile":15: 13
2020-12-19 20:58:10 DEBUG [t1] "TestVolatile":15: 13
2020-12-19 20:58:10 DEBUG [t1] "TestVolatile":15: 13
2020-12-19 20:58:10 DEBUG [t1] "TestVolatile":15: 13
2020-12-19 20:58:10 DEBUG [t1] "TestVolatile":15: 13
2020-12-19 20:58:10 DEBUG [t1] "TestVolatile":15: 13
2020-12-19 20:58:10 DEBUG [t1] "TestVolatile":15: 13
2020-12-19 20:58:10 DEBUG [t1] "TestVolatile":15: 13
2020-12-19 20:58:10 DEBUG [t1] "TestVolatile":15: 13
2020-12-19 20:58:10 DEBUG [t1] "TestVolatile":15: 13
2020-12-19 20:58:10 DEBUG [t1] "TestVolatile":15: 13
2020-12-19 20:58:10 DEBUG [t1] "TestVolatile":15: 13
2020-12-19 20:58:10 DEBUG [t1] "TestVolatile":15: 13
2020-12-19 20:58:10 DEBUG [t1] "TestVolatile":15: 13
2020-12-19 20:58:10 DEBUG [t1] "TestVolatile":15: 13
2020-12-19 20:58:10 DEBUG [t1] "TestVolatile":15: 13
2020-12-19 20:58:10 DEBUG [t1] "TestVolatile":15: 13
2020-12-19 20:58:10 DEBUG [t1] "TestVolatile":15: 13
2020-12-19 20:58:10 DEBUG [t1] "TestVolatile":15: 13
2020-12-19 20:58:10 DEBUG [t1] "TestVolatile":15: 13
2020-12-19 20:58:10 DEBUG [t1] "TestVolatile":15: 13
2020-12-19 20:58:10 DEBUG [t1] "TestVolatile":15: 13
2020-12-19 20:58:10 DEBUG [t1] "TestVolatile":15: 13
2020-12-19 20:58:10 DEBUG [t1] "TestVolatile":15: 13
2020-12-19 20:58:10 DEBUG [t1] "TestVolatile":15: 13
2020-12-19 20:58:10 DEBUG [t1] "TestVolatile":15: 13
2020-12-19 20:58:10 DEBUG [t1] "TestVolatile":15: 13
2020-12-19 20:58:10 DEBUG [t1] "TestVolatile":15: 13
2020-12-19 20:58:10 DEBUG [t1] "TestVolatile":15: 13
2020-12-19 20:58:10 DEBUG [t1] "TestVolatile":15: 13
2020-12-19 20:58:10 DEBUG [t1] "TestVolatile":15: 13
2020-12-19 20:58:10 DEBUG [t1] "TestVolatile":15: 13
2020-12-19 20:58:10 DEBUG [t1] "TestVolatile":15: 13
2020-12-19 20:58:10 DEBUG [t1] "TestVolatile":15: 13
2020-12-19 20:58:10 DEBUG [t1] "TestVolatile":15: 13
2020-12-19 20:58:10 DEBUG [t1] "TestVolatile":15: 13
2020-12-19 20:58:10 DEBUG [t1] "TestVolatile":15: 13
2020-12-19 20:58:10 DEBUG [t1] "TestVolatile":15: 13
2020-12-19 20:58:10 DEBUG [t1] "TestVolatile":15: 13
2020-12-19 20:58:10 DEBUG [t1] "TestVolatile":15: 13
2020-12-19 20:58:10 DEBUG [t1] "TestVolatile":15: 13
2020-12-19 20:58:10 DEBUG [t1] "TestVolatile":15: 13
2020-12-19 20:58:10 DEBUG [t1] "TestVolatile":15: 13
2020-12-19 20:58:10 DEBUG [t1] "TestVolatile":15: 13
2020-12-19 20:58:10 DEBUG [t1] "TestVolatile":15: 13
2020-12-19 20:58:10 DEBUG [t1] "TestVolatile":15: 13
2020-12-19 20:58:10 DEBUG [t1] "TestVolatile":15: 13
2020-12-19 20:58:10 DEBUG [t1] "TestVolatile":15: 13
2020-12-19 20:58:10 DEBUG [t1] "TestVolatile":15: 13
2020-12-19 20:58:10 DEBUG [t1] "TestVolatile":15: 13
2020-12-19 20:58:10 DEBUG [t1] "TestVolatile":15: 13
2020-12-19 20:58:10 DEBUG [t1] "TestVolatile":15: 13
2020-12-19 20:58:10 DEBUG [t1] "TestVolatile":15: 13
2020-12-19 20:58:10 DEBUG [t1] "TestVolatile":15: 13
2020-12-19 20:58:10 DEBUG [t1] "TestVolatile":15: 13
2020-12-19 20:58:10 DEBUG [t1] "TestVolatile":15: 13
2020-12-19 20:58:10 DEBUG [t1] "TestVolatile":15: 13
2020-12-19 20:58:10 DEBUG [t1] "TestVolatile":15: 13
2020-12-19 20:58:10 DEBUG [t1] "TestVolatile":15: 13
2020-12-19 20:58:10 DEBUG [t1] "TestVolatile":15: 13
2020-12-19 20:58:10 DEBUG [t1] "TestVolatile":15: 13
2020-12-19 20:58:10 DEBUG [t1] "TestVolatile":15: 13
2020-12-19 20:58:10 DEBUG [t1] "TestVolatile":15: 13
2020-12-19 20:58:10 DEBUG [t1] "TestVolatile":15: 13
2020-12-19 20:58:10 DEBUG [t1] "TestVolatile":15: 13
2020-12-19 20:58:10 DEBUG [t1] "TestVolatile":15: 13
2020-12-19 20:58:10 DEBUG [t1] "TestVolatile":15: 13
2020-12-19 20:58:10 DEBUG [t1] "TestVolatile":15: 13
2020-12-19 20:58:10 DEBUG [t1] "TestVolatile":15: 13
2020-12-19 20:58:10 DEBUG [t1] "TestVolatile":15: 13
2020-12-19 20:58:10 DEBUG [t1] "TestVolatile":15: 13
2020-12-19 20:58:10 DEBUG [t1] "TestVolatile":15: 13
2020-12-19 20:58:10 DEBUG [t1] "TestVolatile":15: 13
2020-12-19 20:58:10 DEBUG [t1] "TestVolatile":15: 13
2020-12-19 20:58:10 DEBUG [t1] "TestVolatile":15: 13
2020-12-19 20:58:10 DEBUG [t1] "TestVolatile":15: 13
2020-12-19 20:58:10 DEBUG [t1] "TestVolatile":15: 13
2020-12-19 20:58:10 DEBUG [t1] "TestVolatile":15: 13
2020-12-19 20:58:10 DEBUG [t1] "TestVolatile":15: 13
2020-12-19 20:58:10 DEBUG [t1] "TestVolatile":15: 13
2020-12-19 20:58:10 DEBUG [t1] "TestVolatile":15: 13
2020-12-19 20:58:10 DEBUG [t1] "TestVolatile":15: 13
2020-12-19 20:58:10 DEBUG [t1] "TestVolatile":15: 13
2020-12-19 20:58:10 DEBUG [t1] "TestVolatile":15: 13
2020-12-19 20:58:10 DEBUG [t1] "TestVolatile":15: 13
2020-12-19 20:58:10 DEBUG [t1] "TestVolatile":15: 13
2020-12-19 20:58:10 DEBUG [t1] "TestVolatile":15: 13
2020-12-19 20:58:10 DEBUG [t1] "TestVolatile":15: 13
2020-12-19 20:58:10 DEBUG [t1] "TestVolatile":15: 13
2020-12-19 20:58:10 DEBUG [t1] "TestVolatile":15: 13
2020-12-19 20:58:10 DEBUG [t1] "TestVolatile":15: 13
2020-12-19 20:58:10 DEBUG [t1] "TestVolatile":15: 13
2020-12-19 20:58:10 DEBUG [t1] "TestVolatile":15: 13
2020-12-19 20:58:10 DEBUG [t1] "TestVolatile":15: 13
2020-12-19 20:58:10 DEBUG [t1] "TestVolatile":15: 13
2020-12-19 20:58:10 DEBUG [t1] "TestVolatile":15: 13
2020-12-19 20:58:10 DEBUG [t1] "TestVolatile":15: 13
2020-12-19 20:58:10 DEBUG [t1] "TestVolatile":15: 13
2020-12-19 20:58:10 DEBUG [t1] "TestVolatile":15: 13
2020-12-19 20:58:10 DEBUG [t1] "TestVolatile":15: 13
2020-12-19 20:58:10 DEBUG [t1] "TestVolatile":15: 13
2020-12-19 20:58:10 DEBUG [t1] "TestVolatile":15: 13
2020-12-19 20:58:10 DEBUG [t1] "TestVolatile":15: 13
2020-12-19 20:58:10 DEBUG [t1] "TestVolatile":15: 13
2020-12-19 20:58:10 DEBUG [t1] "TestVolatile":15: 13
2020-12-19 20:58:10 DEBUG [t1] "TestVolatile":15: 13
2020-12-19 20:58:10 DEBUG [t1] "TestVolatile":15: 13
2020-12-19 20:58:10 DEBUG [t1] "TestVolatile":15: 13
2020-12-19 20:58:10 DEBUG [t1] "TestVolatile":15: 13
2020-12-19 20:58:10 DEBUG [t1] "TestVolatile":15: 13
2020-12-19 20:58:10 DEBUG [t1] "TestVolatile":15: 13
2020-12-19 20:58:10 DEBUG [t1] "TestVolatile":15: 13
2020-12-19 20:58:10 DEBUG [t1] "TestVolatile":15: 13
2020-12-19 20:58:10 DEBUG [t1] "TestVolatile":15: 13
2020-12-19 20:58:10 DEBUG [t1] "TestVolatile":15: 13
2020-12-19 20:58:10 DEBUG [t1] "TestVolatile":15: 13
2020-12-19 20:58:10 DEBUG [t1] "TestVolatile":15: 13
2020-12-19 20:58:10 DEBUG [t1] "TestVolatile":15: 13
2020-12-19 20:58:10 DEBUG [t1] "TestVolatile":15: 13
2020-12-19 20:58:10 DEBUG [t1] "TestVolatile":15: 13
2020-12-19 20:58:10 DEBUG [t1] "TestVolatile":15: 13
2020-12-19 20:58:10 DEBUG [t1] "TestVolatile":15: 13
2020-12-19 20:58:10 DEBUG [t1] "TestVolatile":15: 13
2020-12-19 20:58:10 DEBUG [t1] "TestVolatile":15: 13
2020-12-19 20:58:10 DEBUG [t1] "TestVolatile":15: 13
2020-12-19 20:58:10 DEBUG [t1] "TestVolatile":15: 13
2020-12-19 20:58:10 DEBUG [t1] "TestVolatile":15: 13
2020-12-19 20:58:10 DEBUG [t1] "TestVolatile":15: 13
2020-12-19 20:58:10 DEBUG [t1] "TestVolatile":15: 13
2020-12-19 20:58:10 DEBUG [t1] "TestVolatile":15: 13
2020-12-19 20:58:10 DEBUG [t1] "TestVolatile":15: 13
2020-12-19 20:58:10 DEBUG [t1] "TestVolatile":15: 13
2020-12-19 20:58:10 DEBUG [t1] "TestVolatile":15: 13
2020-12-19 20:58:10 DEBUG [t1] "TestVolatile":15: 13
2020-12-19 20:58:10 DEBUG [t1] "TestVolatile":15: 13
2020-12-19 20:58:10 DEBUG [t1] "TestVolatile":15: 13
2020-12-19 20:58:10 DEBUG [t1] "TestVolatile":15: 13
2020-12-19 20:58:10 DEBUG [t1] "TestVolatile":15: 13
2020-12-19 20:58:10 DEBUG [t1] "TestVolatile":15: 13
2020-12-19 20:58:10 DEBUG [t1] "TestVolatile":15: 13
2020-12-19 20:58:10 DEBUG [t1] "TestVolatile":15: 13
2020-12-19 20:58:10 DEBUG [t1] "TestVolatile":15: 13
2020-12-19 20:58:10 DEBUG [t1] "TestVolatile":15: 13
2020-12-19 20:58:10 DEBUG [t1] "TestVolatile":15: 13
2020-12-19 20:58:10 DEBUG [t1] "TestVolatile":15: 13
2020-12-19 20:58:10 DEBUG [t1] "TestVolatile":15: 13
2020-12-19 20:58:10 DEBUG [t1] "TestVolatile":15: 13
2020-12-19 20:58:10 DEBUG [t1] "TestVolatile":15: 13
2020-12-19 20:58:10 DEBUG [t1] "TestVolatile":15: 13
2020-12-19 20:58:10 DEBUG [t1] "TestVolatile":15: 13
2020-12-19 20:58:10 DEBUG [t1] "TestVolatile":15: 13
2020-12-19 20:58:10 DEBUG [t1] "TestVolatile":15: 13
2020-12-19 20:58:10 DEBUG [t1] "TestVolatile":15: 13
2020-12-19 20:58:10 DEBUG [t1] "TestVolatile":15: 13
2020-12-19 20:58:10 DEBUG [t1] "TestVolatile":15: 13
2020-12-19 20:58:10 DEBUG [t1] "TestVolatile":15: 13
2020-12-19 20:58:10 DEBUG [t1] "TestVolatile":15: 13
2020-12-19 20:58:10 DEBUG [t1] "TestVolatile":15: 13
2020-12-19 20:58:10 DEBUG [t1] "TestVolatile":15: 13
2020-12-19 20:58:10 DEBUG [t1] "TestVolatile":15: 13
2020-12-19 20:58:10 DEBUG [t1] "TestVolatile":15: 13
2020-12-19 20:58:10 DEBUG [t1] "TestVolatile":15: 13
2020-12-19 20:58:10 DEBUG [t1] "TestVolatile":15: 13
2020-12-19 20:58:10 DEBUG [t1] "TestVolatile":15: 13
2020-12-19 20:58:10 DEBUG [t1] "TestVolatile":15: 13
2020-12-19 20:58:10 DEBUG [t1] "TestVolatile":15: 13
2020-12-19 20:58:10 DEBUG [t1] "TestVolatile":15: 13
2020-12-19 20:58:10 DEBUG [t1] "TestVolatile":15: 13
2020-12-19 20:58:10 DEBUG [t1] "TestVolatile":15: 13
2020-12-19 20:58:10 DEBUG [t1] "TestVolatile":15: 13
2020-12-19 20:58:10 DEBUG [t1] "TestVolatile":15: 13
2020-12-19 20:58:10 DEBUG [t1] "TestVolatile":15: 13
2020-12-19 20:58:10 DEBUG [t1] "TestVolatile":15: 13
2020-12-19 20:58:10 DEBUG [t1] "TestVolatile":15: 13
2020-12-19 20:58:10 DEBUG [t1] "TestVolatile":15: 13
2020-12-19 20:58:10 DEBUG [t1] "TestVolatile":15: 13
2020-12-19 20:58:10 DEBUG [t1] "TestVolatile":15: 13
2020-12-19 20:58:10 DEBUG [t1] "TestVolatile":15: 13
2020-12-19 20:58:10 DEBUG [t1] "TestVolatile":15: 13
2020-12-19 20:58:10 DEBUG [t1] "TestVolatile":15: 13
2020-12-19 20:58:10 DEBUG [t1] "TestVolatile":15: 13
2020-12-19 20:58:10 DEBUG [t1] "TestVolatile":15: 13
2020-12-19 20:58:10 DEBUG [t1] "TestVolatile":15: 13
2020-12-19 20:58:10 DEBUG [t1] "TestVolatile":15: 13
2020-12-19 20:58:10 DEBUG [t1] "TestVolatile":15: 13
2020-12-19 20:58:10 DEBUG [t1] "TestVolatile":15: 13
2020-12-19 20:58:10 DEBUG [t1] "TestVolatile":15: 13
2020-12-19 20:58:10 DEBUG [t1] "TestVolatile":15: 13
2020-12-19 20:58:10 DEBUG [t1] "TestVolatile":15: 13
2020-12-19 20:58:10 DEBUG [t1] "TestVolatile":15: 13
2020-12-19 20:58:10 DEBUG [t1] "TestVolatile":15: 13
2020-12-19 20:58:10 DEBUG [t1] "TestVolatile":15: 13
2020-12-19 20:58:10 DEBUG [t1] "TestVolatile":15: 13
2020-12-19 20:58:10 DEBUG [t1] "TestVolatile":15: 13
2020-12-19 20:58:10 DEBUG [t1] "TestVolatile":15: 13
2020-12-19 20:58:10 DEBUG [t1] "TestVolatile":15: 13
2020-12-19 20:58:10 DEBUG [t1] "TestVolatile":15: 13
2020-12-19 20:58:10 DEBUG [t1] "TestVolatile":15: 13
2020-12-19 20:58:10 DEBUG [t1] "TestVolatile":15: 13
2020-12-19 20:58:10 DEBUG [t1] "TestVolatile":15: 13
2020-12-19 20:58:10 DEBUG [t1] "TestVolatile":15: 13
2020-12-19 20:58:10 DEBUG [t1] "TestVolatile":15: 13
2020-12-19 20:58:10 DEBUG [t1] "TestVolatile":15: 13
2020-12-19 20:58:10 DEBUG [t1] "TestVolatile":15: 13
2020-12-19 20:58:10 DEBUG [t1] "TestVolatile":15: 13
2020-12-19 20:58:10 DEBUG [t1] "TestVolatile":15: 13
2020-12-19 20:58:10 DEBUG [t1] "TestVolatile":15: 13
2020-12-19 20:58:10 DEBUG [t1] "TestVolatile":15: 13
2020-12-19 20:58:10 DEBUG [t1] "TestVolatile":15: 13
2020-12-19 20:58:10 DEBUG [t1] "TestVolatile":15: 13
2020-12-19 20:58:10 DEBUG [t1] "TestVolatile":15: 13
2020-12-19 20:58:10 DEBUG [t1] "TestVolatile":15: 13
2020-12-19 20:58:10 DEBUG [t1] "TestVolatile":15: 13
2020-12-19 20:58:10 DEBUG [t1] "TestVolatile":15: 13
2020-12-19 20:58:10 DEBUG [t1] "TestVolatile":15: 13
2020-12-19 20:58:10 DEBUG [t1] "TestVolatile":15: 13
2020-12-19 20:58:10 DEBUG [t1] "TestVolatile":15: 13
2020-12-19 20:58:10 DEBUG [t1] "TestVolatile":15: 13
2020-12-19 20:58:10 DEBUG [t1] "TestVolatile":15: 13
2020-12-19 20:58:10 DEBUG [t1] "TestVolatile":15: 13
2020-12-19 20:58:10 DEBUG [t1] "TestVolatile":15: 13
2020-12-19 20:58:10 DEBUG [t1] "TestVolatile":15: 13
2020-12-19 20:58:10 DEBUG [t1] "TestVolatile":15: 13
2020-12-19 20:58:10 DEBUG [t1] "TestVolatile":15: 13
2020-12-19 20:58:10 DEBUG [t1] "TestVolatile":15: 13
2020-12-19 20:58:10 DEBUG [t1] "TestVolatile":15: 13
2020-12-19 20:58:10 DEBUG [t1] "TestVolatile":15: 13
2020-12-19 20:58:10 DEBUG [t1] "TestVolatile":15: 13
2020-12-19 20:58:10 DEBUG [t1] "TestVolatile":15: 13
2020-12-19 20:58:10 DEBUG [t1] "TestVolatile":15: 13
2020-12-19 20:58:10 DEBUG [t1] "TestVolatile":15: 13
2020-12-19 20:58:10 DEBUG [t1] "TestVolatile":15: 13
2020-12-19 20:58:10 DEBUG [t1] "TestVolatile":15: 13
2020-12-19 20:58:10 DEBUG [t1] "TestVolatile":15: 13
2020-12-19 20:58:10 DEBUG [t1] "TestVolatile":15: 13
2020-12-19 20:58:10 DEBUG [t1] "TestVolatile":15: 13
2020-12-19 20:58:10 DEBUG [t1] "TestVolatile":15: 13
2020-12-19 20:58:10 DEBUG [t1] "TestVolatile":15: 13
2020-12-19 20:58:10 DEBUG [t1] "TestVolatile":15: 13
2020-12-19 20:58:10 DEBUG [t1] "TestVolatile":15: 13
2020-12-19 20:58:10 DEBUG [t1] "TestVolatile":15: 13
2020-12-19 20:58:10 DEBUG [t1] "TestVolatile":15: 13
2020-12-19 20:58:10 DEBUG [t1] "TestVolatile":15: 13
2020-12-19 20:58:10 DEBUG [t1] "TestVolatile":15: 13
2020-12-19 20:58:10 DEBUG [t1] "TestVolatile":15: 13
2020-12-19 20:58:10 DEBUG [t1] "TestVolatile":15: 13
2020-12-19 20:58:10 DEBUG [t1] "TestVolatile":15: 13
2020-12-19 20:58:10 DEBUG [t1] "TestVolatile":15: 13
2020-12-19 20:58:10 DEBUG [t1] "TestVolatile":15: 13
2020-12-19 20:58:10 DEBUG [t1] "TestVolatile":15: 13
2020-12-19 20:58:10 DEBUG [t1] "TestVolatile":15: 13
2020-12-19 20:58:10 DEBUG [t1] "TestVolatile":15: 13
2020-12-19 20:58:10 DEBUG [t1] "TestVolatile":15: 13
2020-12-19 20:58:10 DEBUG [t1] "TestVolatile":15: 13
2020-12-19 20:58:10 DEBUG [t1] "TestVolatile":15: 13
2020-12-19 20:58:10 DEBUG [t1] "TestVolatile":15: 13
2020-12-19 20:58:10 DEBUG [t1] "TestVolatile":15: 13
2020-12-19 20:58:10 DEBUG [t1] "TestVolatile":15: 13
2020-12-19 20:58:10 DEBUG [t1] "TestVolatile":15: 13
2020-12-19 20:58:10 DEBUG [t1] "TestVolatile":15: 13
2020-12-19 20:58:10 DEBUG [t1] "TestVolatile":15: 13
2020-12-19 20:58:10 DEBUG [t1] "TestVolatile":15: 13
2020-12-19 20:58:10 DEBUG [t1] "TestVolatile":15: 13
2020-12-19 20:58:10 DEBUG [t1] "TestVolatile":15: 13
2020-12-19 20:58:10 DEBUG [t1] "TestVolatile":15: 13
2020-12-19 20:58:10 DEBUG [t1] "TestVolatile":15: 13
2020-12-19 20:58:10 DEBUG [t1] "TestVolatile":15: 13
2020-12-19 20:58:10 DEBUG [t1] "TestVolatile":15: 13
2020-12-19 20:58:10 DEBUG [t1] "TestVolatile":15: 13
2020-12-19 20:58:10 DEBUG [t1] "TestVolatile":15: 13
2020-12-19 20:58:10 DEBUG [t1] "TestVolatile":15: 13
2020-12-19 20:58:10 DEBUG [t1] "TestVolatile":15: 13
2020-12-19 20:58:10 DEBUG [t1] "TestVolatile":15: 13
2020-12-19 20:58:10 DEBUG [t1] "TestVolatile":15: 13
2020-12-19 20:58:10 DEBUG [t1] "TestVolatile":15: 13
2020-12-19 20:58:10 DEBUG [t1] "TestVolatile":15: 13
2020-12-19 20:58:10 DEBUG [t1] "TestVolatile":15: 13
2020-12-19 20:58:10 DEBUG [t1] "TestVolatile":15: 13
2020-12-19 20:58:10 DEBUG [t1] "TestVolatile":15: 13
2020-12-19 20:58:10 DEBUG [t1] "TestVolatile":15: 13
2020-12-19 20:58:10 DEBUG [t1] "TestVolatile":15: 13
2020-12-19 20:58:10 DEBUG [t1] "TestVolatile":15: 13
2020-12-19 20:58:10 DEBUG [t1] "TestVolatile":15: 13
2020-12-19 20:58:10 DEBUG [t1] "TestVolatile":15: 13
2020-12-19 20:58:10 DEBUG [t1] "TestVolatile":15: 13
2020-12-19 20:58:10 DEBUG [t1] "TestVolatile":15: 13
2020-12-19 20:58:10 DEBUG [t1] "TestVolatile":15: 13
2020-12-19 20:58:10 DEBUG [t1] "TestVolatile":15: 13
2020-12-19 20:58:10 DEBUG [t1] "TestVolatile":15: 13
2020-12-19 20:58:10 DEBUG [t1] "TestVolatile":15: 13
2020-12-19 20:58:10 DEBUG [t1] "TestVolatile":15: 13
2020-12-19 20:58:10 DEBUG [t1] "TestVolatile":15: 13
2020-12-19 20:58:10 DEBUG [t1] "TestVolatile":15: 13
2020-12-19 20:58:10 DEBUG [t1] "TestVolatile":15: 13
2020-12-19 20:58:10 DEBUG [t1] "TestVolatile":15: 13
2020-12-19 20:58:10 DEBUG [t1] "TestVolatile":15: 13
2020-12-19 20:58:10 DEBUG [t1] "TestVolatile":15: 13
2020-12-19 20:58:10 DEBUG [t1] "TestVolatile":15: 13
2020-12-19 20:58:10 DEBUG [t1] "TestVolatile":15: 13
2020-12-19 20:58:10 DEBUG [t1] "TestVolatile":15: 13
2020-12-19 20:58:10 DEBUG [t1] "TestVolatile":15: 13
2020-12-19 20:58:10 DEBUG [t1] "TestVolatile":15: 13
2020-12-19 20:58:10 DEBUG [t1] "TestVolatile":15: 13
2020-12-19 20:58:10 DEBUG [t1] "TestVolatile":15: 13
2020-12-19 20:58:10 DEBUG [t1] "TestVolatile":15: 13
2020-12-19 20:58:10 DEBUG [t1] "TestVolatile":15: 13
2020-12-19 20:58:10 DEBUG [t1] "TestVolatile":15: 13
2020-12-19 20:58:10 DEBUG [t1] "TestVolatile":15: 13
2020-12-19 20:58:10 DEBUG [t1] "TestVolatile":15: 13
2020-12-19 20:58:10 DEBUG [t1] "TestVolatile":15: 13
2020-12-19 20:58:10 DEBUG [t1] "TestVolatile":15: 13
2020-12-19 20:58:10 DEBUG [t1] "TestVolatile":15: 13
2020-12-19 20:58:10 DEBUG [t1] "TestVolatile":15: 13
2020-12-19 20:58:10 DEBUG [t1] "TestVolatile":15: 13
2020-12-19 20:58:10 DEBUG [t1] "TestVolatile":15: 13
2020-12-19 20:58:10 DEBUG [t1] "TestVolatile":15: 13
2020-12-19 20:58:10 DEBUG [t1] "TestVolatile":15: 13
2020-12-19 20:58:10 DEBUG [t1] "TestVolatile":15: 13
2020-12-19 20:58:10 DEBUG [t1] "TestVolatile":15: 13
2020-12-19 20:58:10 DEBUG [t1] "TestVolatile":15: 13
2020-12-19 20:58:10 DEBUG [t1] "TestVolatile":15: 13
2020-12-19 20:58:10 DEBUG [t1] "TestVolatile":15: 13
2020-12-19 20:58:10 DEBUG [t1] "TestVolatile":15: 13
2020-12-19 20:58:10 DEBUG [t1] "TestVolatile":15: 13
2020-12-19 20:58:10 DEBUG [t1] "TestVolatile":15: 13
2020-12-19 20:58:10 DEBUG [t1] "TestVolatile":15: 13
2020-12-19 20:58:10 DEBUG [t1] "TestVolatile":15: 13
2020-12-19 20:58:10 DEBUG [t1] "TestVolatile":15: 13
2020-12-19 20:58:10 DEBUG [t1] "TestVolatile":15: 13
2020-12-19 20:58:10 DEBUG [t1] "TestVolatile":15: 13
2020-12-19 20:58:10 DEBUG [t1] "TestVolatile":15: 13
2020-12-19 20:58:10 DEBUG [t1] "TestVolatile":15: 13
2020-12-19 20:58:10 DEBUG [t1] "TestVolatile":15: 13
2020-12-19 20:58:10 DEBUG [t1] "TestVolatile":15: 13
2020-12-19 20:58:10 DEBUG [t1] "TestVolatile":15: 13
2020-12-19 20:58:10 DEBUG [t1] "TestVolatile":15: 13
2020-12-19 20:58:10 DEBUG [t1] "TestVolatile":15: 13
2020-12-19 20:58:10 DEBUG [t1] "TestVolatile":15: 13
2020-12-19 20:58:10 DEBUG [t1] "TestVolatile":15: 13
2020-12-19 20:58:10 DEBUG [t1] "TestVolatile":15: 13
2020-12-19 20:58:10 DEBUG [t1] "TestVolatile":15: 13
2020-12-19 20:58:10 DEBUG [t1] "TestVolatile":15: 13
2020-12-19 20:58:10 DEBUG [t1] "TestVolatile":15: 13
2020-12-19 20:58:10 DEBUG [t1] "TestVolatile":15: 13
2020-12-19 20:58:10 DEBUG [t1] "TestVolatile":15: 13
2020-12-19 20:58:10 DEBUG [t1] "TestVolatile":15: 13
2020-12-19 20:58:10 DEBUG [t1] "TestVolatile":15: 13
2020-12-19 20:58:10 DEBUG [t1] "TestVolatile":15: 13
2020-12-19 20:58:10 DEBUG [t1] "TestVolatile":15: 13
2020-12-19 20:58:10 DEBUG [t1] "TestVolatile":15: 13
2020-12-19 20:58:10 DEBUG [t1] "TestVolatile":15: 13
2020-12-19 20:58:10 DEBUG [t1] "TestVolatile":15: 13
2020-12-19 20:58:10 DEBUG [t1] "TestVolatile":15: 13
2020-12-19 20:58:10 DEBUG [t1] "TestVolatile":15: 13
2020-12-19 20:58:10 DEBUG [t1] "TestVolatile":15: 13
2020-12-19 20:58:10 DEBUG [t1] "TestVolatile":15: 13
2020-12-19 20:58:10 DEBUG [t1] "TestVolatile":15: 13
2020-12-19 20:58:10 DEBUG [t1] "TestVolatile":15: 13
2020-12-19 20:58:10 DEBUG [t1] "TestVolatile":15: 13
2020-12-19 20:58:10 DEBUG [t1] "TestVolatile":15: 13
2020-12-19 20:58:10 DEBUG [t1] "TestVolatile":15: 13
2020-12-19 20:58:10 DEBUG [t1] "TestVolatile":15: 13
2020-12-19 20:58:10 DEBUG [t1] "TestVolatile":15: 13
2020-12-19 20:58:10 DEBUG [t1] "TestVolatile":15: 13
2020-12-19 20:58:10 DEBUG [t1] "TestVolatile":15: 13
2020-12-19 20:58:10 DEBUG [t1] "TestVolatile":15: 13
2020-12-19 20:58:10 DEBUG [t1] "TestVolatile":15: 13
2020-12-19 20:58:10 DEBUG [t1] "TestVolatile":15: 13
2020-12-19 20:58:10 DEBUG [t1] "TestVolatile":15: 13
2020-12-19 20:58:10 DEBUG [t1] "TestVolatile":15: 13
2020-12-19 20:58:10 DEBUG [t1] "TestVolatile":15: 13
2020-12-19 20:58:10 DEBUG [t1] "TestVolatile":15: 13
2020-12-19 20:58:10 DEBUG [t1] "TestVolatile":15: 13
2020-12-19 20:58:10 DEBUG [t1] "TestVolatile":15: 13
2020-12-19 20:58:10 DEBUG [t1] "TestVolatile":15: 13
2020-12-19 20:58:10 DEBUG [t1] "TestVolatile":15: 13
2020-12-19 20:58:10 DEBUG [t1] "TestVolatile":15: 13
2020-12-19 20:58:10 DEBUG [t1] "TestVolatile":15: 13
2020-12-19 20:58:10 DEBUG [t1] "TestVolatile":15: 13
2020-12-19 20:58:10 DEBUG [t1] "TestVolatile":15: 13
2020-12-19 20:58:10 DEBUG [t1] "TestVolatile":15: 13
2020-12-19 20:58:10 DEBUG [t1] "TestVolatile":15: 13
2020-12-19 20:58:10 DEBUG [t1] "TestVolatile":15: 13
2020-12-19 20:58:10 DEBUG [t1] "TestVolatile":15: 13
2020-12-19 20:58:10 DEBUG [t1] "TestVolatile":15: 13
2020-12-19 20:58:10 DEBUG [t1] "TestVolatile":15: 13
2020-12-19 20:58:10 DEBUG [t1] "TestVolatile":15: 13
2020-12-19 20:58:10 DEBUG [t1] "TestVolatile":15: 13
2020-12-19 20:58:10 DEBUG [t1] "TestVolatile":15: 13
2020-12-19 20:58:10 DEBUG [t1] "TestVolatile":15: 13
2020-12-19 20:58:10 DEBUG [t1] "TestVolatile":15: 13
2020-12-19 20:58:10 DEBUG [t1] "TestVolatile":15: 13
2020-12-19 20:58:10 DEBUG [t1] "TestVolatile":15: 13
2020-12-19 20:58:10 DEBUG [t1] "TestVolatile":15: 13
2020-12-19 20:58:10 DEBUG [t1] "TestVolatile":15: 13
2020-12-19 20:58:10 DEBUG [t1] "TestVolatile":15: 13
2020-12-19 20:58:10 DEBUG [t1] "TestVolatile":15: 13
2020-12-19 20:58:10 DEBUG [t1] "TestVolatile":15: 13
2020-12-19 20:58:10 DEBUG [t1] "TestVolatile":15: 13
2020-12-19 20:58:10 DEBUG [t1] "TestVolatile":15: 13
2020-12-19 20:58:10 DEBUG [t1] "TestVolatile":15: 13
2020-12-19 20:58:10 DEBUG [t1] "TestVolatile":15: 13
2020-12-19 20:58:10 DEBUG [t1] "TestVolatile":15: 13
2020-12-19 20:58:10 DEBUG [t1] "TestVolatile":15: 13
2020-12-19 20:58:10 DEBUG [t1] "TestVolatile":15: 13
2020-12-19 20:58:10 DEBUG [t1] "TestVolatile":15: 13
2020-12-19 20:58:10 DEBUG [t1] "TestVolatile":15: 13
2020-12-19 20:58:10 DEBUG [t1] "TestVolatile":15: 13
2020-12-19 20:58:10 DEBUG [t1] "TestVolatile":15: 13
2020-12-19 20:58:10 DEBUG [t1] "TestVolatile":15: 13
2020-12-19 20:58:10 DEBUG [t1] "TestVolatile":15: 13
2020-12-19 20:58:10 DEBUG [t1] "TestVolatile":15: 13
2020-12-19 20:58:10 DEBUG [t1] "TestVolatile":15: 13
2020-12-19 20:58:10 DEBUG [t1] "TestVolatile":15: 13
2020-12-19 20:58:10 DEBUG [t1] "TestVolatile":15: 13
2020-12-19 20:58:10 DEBUG [t1] "TestVolatile":15: 13
2020-12-19 20:58:10 DEBUG [t1] "TestVolatile":15: 13
2020-12-19 20:58:10 DEBUG [t1] "TestVolatile":15: 13
2020-12-19 20:58:10 DEBUG [t1] "TestVolatile":15: 13
2020-12-19 20:58:10 DEBUG [t1] "TestVolatile":15: 13
2020-12-19 20:58:10 DEBUG [t1] "TestVolatile":15: 13
2020-12-19 20:58:10 DEBUG [t1] "TestVolatile":15: 13
2020-12-19 20:58:10 DEBUG [t1] "TestVolatile":15: 13
2020-12-19 20:58:10 DEBUG [t1] "TestVolatile":15: 13
2020-12-19 20:58:10 DEBUG [t1] "TestVolatile":15: 13
2020-12-19 20:58:10 DEBUG [t1] "TestVolatile":15: 13
2020-12-19 20:58:10 DEBUG [t1] "TestVolatile":15: 13
2020-12-19 20:58:10 DEBUG [t1] "TestVolatile":15: 13
2020-12-19 20:58:10 DEBUG [t1] "TestVolatile":15: 13
2020-12-19 20:58:10 DEBUG [t1] "TestVolatile":15: 13
2020-12-19 20:58:10 DEBUG [t1] "TestVolatile":15: 13
2020-12-19 20:58:10 DEBUG [t1] "TestVolatile":15: 13
2020-12-19 20:58:10 DEBUG [t1] "TestVolatile":15: 13
2020-12-19 20:58:10 DEBUG [t1] "TestVolatile":15: 13
2020-12-19 20:58:10 DEBUG [t1] "TestVolatile":15: 13
2020-12-19 20:58:10 DEBUG [t1] "TestVolatile":15: 13
2020-12-19 20:58:10 DEBUG [t1] "TestVolatile":15: 13
2020-12-19 20:58:10 DEBUG [t1] "TestVolatile":15: 13
2020-12-19 20:58:10 DEBUG [t1] "TestVolatile":15: 13
2020-12-19 20:58:10 DEBUG [t1] "TestVolatile":15: 13
2020-12-19 20:58:10 DEBUG [t1] "TestVolatile":15: 13
2020-12-19 20:58:10 DEBUG [t1] "TestVolatile":15: 13
2020-12-19 20:58:10 DEBUG [t1] "TestVolatile":15: 13
2020-12-19 20:58:10 DEBUG [t1] "TestVolatile":15: 13
2020-12-19 20:58:10 DEBUG [t1] "TestVolatile":15: 13
2020-12-19 20:58:10 DEBUG [t1] "TestVolatile":15: 13
2020-12-19 20:58:10 DEBUG [t1] "TestVolatile":15: 13
2020-12-19 20:58:10 DEBUG [t1] "TestVolatile":15: 13
2020-12-19 20:58:10 DEBUG [t1] "TestVolatile":15: 13
2020-12-19 20:58:10 DEBUG [t1] "TestVolatile":15: 13
2020-12-19 20:58:10 DEBUG [t1] "TestVolatile":15: 13
2020-12-19 20:58:10 DEBUG [t1] "TestVolatile":15: 13
2020-12-19 20:58:10 DEBUG [t1] "TestVolatile":15: 13
2020-12-19 20:58:10 DEBUG [t1] "TestVolatile":15: 13
2020-12-19 20:58:10 DEBUG [t1] "TestVolatile":15: 13
2020-12-19 20:58:10 DEBUG [t1] "TestVolatile":15: 13
2020-12-19 20:58:10 DEBUG [t1] "TestVolatile":15: 13
2020-12-19 20:58:10 DEBUG [t1] "TestVolatile":15: 13
2020-12-19 20:58:10 DEBUG [t1] "TestVolatile":15: 13
2020-12-19 20:58:10 DEBUG [t1] "TestVolatile":15: 13
2020-12-19 20:58:10 DEBUG [t1] "TestVolatile":15: 13
2020-12-19 20:58:10 DEBUG [t1] "TestVolatile":15: 13
2020-12-19 20:58:10 DEBUG [t1] "TestVolatile":15: 13
2020-12-19 20:58:10 DEBUG [t1] "TestVolatile":15: 13
2020-12-19 20:58:10 DEBUG [t1] "TestVolatile":15: 13
2020-12-19 20:58:10 DEBUG [t1] "TestVolatile":15: 13
2020-12-19 20:58:10 DEBUG [t1] "TestVolatile":15: 13
2020-12-19 20:58:10 DEBUG [t1] "TestVolatile":15: 13
2020-12-19 20:58:10 DEBUG [t1] "TestVolatile":15: 13
2020-12-19 20:58:10 DEBUG [t1] "TestVolatile":15: 13
2020-12-19 20:58:10 DEBUG [t1] "TestVolatile":15: 13
2020-12-19 20:58:10 DEBUG [t1] "TestVolatile":15: 13
2020-12-19 20:58:10 DEBUG [t1] "TestVolatile":15: 13
2020-12-19 20:58:10 DEBUG [t1] "TestVolatile":15: 13
2020-12-19 20:58:10 DEBUG [t1] "TestVolatile":15: 13
2020-12-19 20:58:10 DEBUG [t1] "TestVolatile":15: 13
2020-12-19 20:58:10 DEBUG [t1] "TestVolatile":15: 13
2020-12-19 20:58:10 DEBUG [t1] "TestVolatile":15: 13
2020-12-19 20:58:10 DEBUG [t1] "TestVolatile":15: 13
2020-12-19 20:58:10 DEBUG [t1] "TestVolatile":15: 13
2020-12-19 20:58:10 DEBUG [t1] "TestVolatile":15: 13
2020-12-19 20:58:10 DEBUG [t1] "TestVolatile":15: 13
2020-12-19 20:58:10 DEBUG [t1] "TestVolatile":15: 13
2020-12-19 20:58:10 DEBUG [t1] "TestVolatile":15: 13
2020-12-19 20:58:10 DEBUG [t1] "TestVolatile":15: 13
2020-12-19 20:58:10 DEBUG [t1] "TestVolatile":15: 13
2020-12-19 20:58:10 DEBUG [t1] "TestVolatile":15: 13
2020-12-19 20:58:10 DEBUG [t1] "TestVolatile":15: 13
2020-12-19 20:58:10 DEBUG [t1] "TestVolatile":15: 13
2020-12-19 20:58:10 DEBUG [t1] "TestVolatile":15: 13
2020-12-19 20:58:10 DEBUG [t1] "TestVolatile":15: 13
2020-12-19 20:58:10 DEBUG [t1] "TestVolatile":15: 13
2020-12-19 20:58:10 DEBUG [t1] "TestVolatile":15: 13
2020-12-19 20:58:10 DEBUG [t1] "TestVolatile":15: 13
2020-12-19 20:58:10 DEBUG [t1] "TestVolatile":15: 13
2020-12-19 20:58:10 DEBUG [t1] "TestVolatile":15: 13
2020-12-19 20:58:10 DEBUG [t1] "TestVolatile":15: 13
2020-12-19 20:58:10 DEBUG [t1] "TestVolatile":15: 13
2020-12-19 20:58:10 DEBUG [t1] "TestVolatile":15: 13
2020-12-19 20:58:10 DEBUG [t1] "TestVolatile":15: 13
2020-12-19 20:58:10 DEBUG [t1] "TestVolatile":15: 13
2020-12-19 20:58:10 DEBUG [t1] "TestVolatile":15: 13
2020-12-19 20:58:10 DEBUG [t1] "TestVolatile":15: 13
2020-12-19 20:58:10 DEBUG [t1] "TestVolatile":15: 13
2020-12-19 20:58:10 DEBUG [t1] "TestVolatile":15: 13
2020-12-19 20:58:10 DEBUG [t1] "TestVolatile":15: 13
2020-12-19 20:58:10 DEBUG [t1] "TestVolatile":15: 13
2020-12-19 20:58:10 DEBUG [t1] "TestVolatile":15: 13
2020-12-19 20:58:10 DEBUG [t1] "TestVolatile":15: 13
2020-12-19 20:58:10 DEBUG [t1] "TestVolatile":15: 13
2020-12-19 20:58:10 DEBUG [t1] "TestVolatile":15: 13
2020-12-19 20:58:10 DEBUG [t1] "TestVolatile":15: 13
2020-12-19 20:58:10 DEBUG [t1] "TestVolatile":15: 13
2020-12-19 20:58:10 DEBUG [t1] "TestVolatile":15: 13
2020-12-19 20:58:10 DEBUG [t1] "TestVolatile":15: 13
2020-12-19 20:58:10 DEBUG [t1] "TestVolatile":15: 13
2020-12-19 20:58:10 DEBUG [t1] "TestVolatile":15: 13
2020-12-19 20:58:10 DEBUG [t1] "TestVolatile":15: 13
2020-12-19 20:58:10 DEBUG [t1] "TestVolatile":15: 13
2020-12-19 20:58:10 DEBUG [t1] "TestVolatile":15: 13
2020-12-19 20:58:10 DEBUG [t1] "TestVolatile":15: 13
2020-12-19 20:58:10 DEBUG [t1] "TestVolatile":15: 13
2020-12-19 20:58:10 DEBUG [t1] "TestVolatile":15: 13
2020-12-19 20:58:10 DEBUG [t1] "TestVolatile":15: 13
2020-12-19 20:58:10 DEBUG [t1] "TestVolatile":15: 13
2020-12-19 20:58:10 DEBUG [t1] "TestVolatile":15: 13
2020-12-19 20:58:10 DEBUG [t1] "TestVolatile":15: 13
2020-12-19 20:58:10 DEBUG [t1] "TestVolatile":15: 13
2020-12-19 20:58:10 DEBUG [t1] "TestVolatile":15: 13
2020-12-19 20:58:10 DEBUG [t1] "TestVolatile":15: 13
2020-12-19 20:58:10 DEBUG [t1] "TestVolatile":15: 13
2020-12-19 20:58:10 DEBUG [t1] "TestVolatile":15: 13
2020-12-19 20:58:10 DEBUG [t1] "TestVolatile":15: 13
2020-12-19 20:58:10 DEBUG [t1] "TestVolatile":15: 13
2020-12-19 20:58:10 DEBUG [t1] "TestVolatile":15: 13
2020-12-19 20:58:10 DEBUG [t1] "TestVolatile":15: 13
2020-12-19 20:58:10 DEBUG [t1] "TestVolatile":15: 13
2020-12-19 20:58:10 DEBUG [t1] "TestVolatile":15: 13
2020-12-19 20:58:10 DEBUG [t1] "TestVolatile":15: 13
2020-12-19 20:58:10 DEBUG [t1] "TestVolatile":15: 13
2020-12-19 20:58:10 DEBUG [t1] "TestVolatile":15: 13
2020-12-19 20:58:10 DEBUG [t1] "TestVolatile":15: 13
2020-12-19 20:58:10 DEBUG [t1] "TestVolatile":15: 13
2020-12-19 20:58:10 DEBUG [t1] "TestVolatile":15: 13
2020-12-19 20:58:10 DEBUG [t1] "TestVolatile":15: 13
2020-12-19 20:58:10 DEBUG [t1] "TestVolatile":15: 13
2020-12-19 20:58:10 DEBUG [t1] "TestVolatile":15: 13
2020-12-19 20:58:10 DEBUG [t1] "TestVolatile":15: 13
2020-12-19 20:58:10 DEBUG [t1] "TestVolatile":15: 13
2020-12-19 20:58:10 DEBUG [t1] "TestVolatile":15: 13
2020-12-19 20:58:10 DEBUG [t1] "TestVolatile":15: 13
2020-12-19 20:58:10 DEBUG [t1] "TestVolatile":15: 13
2020-12-19 20:58:10 DEBUG [t1] "TestVolatile":15: 13
2020-12-19 20:58:10 DEBUG [t1] "TestVolatile":15: 13
2020-12-19 20:58:10 DEBUG [t1] "TestVolatile":15: 13
2020-12-19 20:58:10 DEBUG [t1] "TestVolatile":15: 13
2020-12-19 20:58:10 DEBUG [t1] "TestVolatile":15: 13
2020-12-19 20:58:10 DEBUG [t1] "TestVolatile":15: 13
2020-12-19 20:58:10 DEBUG [t1] "TestVolatile":15: 13
2020-12-19 20:58:10 DEBUG [t1] "TestVolatile":15: 13
2020-12-19 20:58:10 DEBUG [t1] "TestVolatile":15: 13
2020-12-19 20:58:10 DEBUG [t1] "TestVolatile":15: 13
2020-12-19 20:58:10 DEBUG [t1] "TestVolatile":15: 13
2020-12-19 20:58:10 DEBUG [t1] "TestVolatile":15: 13
2020-12-19 20:58:10 DEBUG [t1] "TestVolatile":15: 13
2020-12-19 20:58:10 DEBUG [t1] "TestVolatile":15: 13
2020-12-19 20:58:10 DEBUG [t1] "TestVolatile":15: 13
2020-12-19 20:58:10 DEBUG [t1] "TestVolatile":15: 13
2020-12-19 20:58:10 DEBUG [t1] "TestVolatile":15: 13
2020-12-19 20:58:10 DEBUG [t1] "TestVolatile":15: 13
2020-12-19 20:58:10 DEBUG [t1] "TestVolatile":15: 13
2020-12-19 20:58:10 DEBUG [t1] "TestVolatile":15: 13
2020-12-19 20:58:10 DEBUG [t1] "TestVolatile":15: 13
2020-12-19 20:58:10 DEBUG [t1] "TestVolatile":15: 13
2020-12-19 20:58:10 DEBUG [t1] "TestVolatile":15: 13
2020-12-19 20:58:10 DEBUG [t1] "TestVolatile":15: 13
2020-12-19 20:58:10 DEBUG [t1] "TestVolatile":15: 13
2020-12-19 20:58:10 DEBUG [t1] "TestVolatile":15: 13
2020-12-19 20:58:10 DEBUG [t1] "TestVolatile":15: 13
2020-12-19 20:58:10 DEBUG [t1] "TestVolatile":15: 13
2020-12-19 20:58:10 DEBUG [t1] "TestVolatile":15: 13
2020-12-19 20:58:10 DEBUG [t1] "TestVolatile":15: 13
2020-12-19 20:58:10 DEBUG [t1] "TestVolatile":15: 13
2020-12-19 20:58:10 DEBUG [t1] "TestVolatile":15: 13
2020-12-19 20:58:10 DEBUG [t1] "TestVolatile":15: 13
2020-12-19 20:58:10 DEBUG [t1] "TestVolatile":15: 13
2020-12-19 20:58:10 DEBUG [t1] "TestVolatile":15: 13
2020-12-19 20:58:10 DEBUG [t1] "TestVolatile":15: 13
2020-12-19 20:58:10 DEBUG [t1] "TestVolatile":15: 13
2020-12-19 20:58:10 DEBUG [t1] "TestVolatile":15: 13
2020-12-19 20:58:10 DEBUG [t1] "TestVolatile":15: 13
2020-12-19 20:58:10 DEBUG [t1] "TestVolatile":15: 13
2020-12-19 20:58:10 DEBUG [t1] "TestVolatile":15: 13
2020-12-19 20:58:10 DEBUG [t1] "TestVolatile":15: 13
2020-12-19 20:58:10 DEBUG [t1] "TestVolatile":15: 13
2020-12-19 20:58:10 DEBUG [t1] "TestVolatile":15: 13
2020-12-19 20:58:10 DEBUG [t1] "TestVolatile":15: 13
2020-12-19 20:58:10 DEBUG [t1] "TestVolatile":15: 13
2020-12-19 20:58:10 DEBUG [t1] "TestVolatile":15: 13
2020-12-19 20:58:10 DEBUG [t1] "TestVolatile":15: 13
2020-12-19 20:58:10 DEBUG [t1] "TestVolatile":15: 13
2020-12-19 20:58:10 DEBUG [t1] "TestVolatile":15: 13
2020-12-19 20:58:10 DEBUG [t1] "TestVolatile":15: 13
2020-12-19 20:58:10 DEBUG [t1] "TestVolatile":15: 13
2020-12-19 20:58:10 DEBUG [t1] "TestVolatile":15: 13
2020-12-19 20:58:10 DEBUG [t1] "TestVolatile":15: 13
2020-12-19 20:58:10 DEBUG [t1] "TestVolatile":15: 13
2020-12-19 20:58:10 DEBUG [t1] "TestVolatile":15: 13
2020-12-19 20:58:10 DEBUG [t1] "TestVolatile":15: 13
2020-12-19 20:58:10 DEBUG [t1] "TestVolatile":15: 13
2020-12-19 20:58:10 DEBUG [t1] "TestVolatile":15: 13
2020-12-19 20:58:10 DEBUG [t1] "TestVolatile":15: 13
2020-12-19 20:58:10 DEBUG [t1] "TestVolatile":15: 13
2020-12-19 20:58:10 DEBUG [t1] "TestVolatile":15: 13
2020-12-19 20:58:10 DEBUG [t1] "TestVolatile":15: 13
2020-12-19 20:58:10 DEBUG [t1] "TestVolatile":15: 13
2020-12-19 20:58:10 DEBUG [t1] "TestVolatile":15: 13
2020-12-19 20:58:10 DEBUG [t1] "TestVolatile":15: 13
2020-12-19 20:58:10 DEBUG [t1] "TestVolatile":15: 13
2020-12-19 20:58:10 DEBUG [t1] "TestVolatile":15: 13
2020-12-19 20:58:10 DEBUG [t1] "TestVolatile":15: 13
2020-12-19 20:58:10 DEBUG [t1] "TestVolatile":15: 13
2020-12-19 20:58:10 DEBUG [t1] "TestVolatile":15: 13
2020-12-19 20:58:10 DEBUG [t1] "TestVolatile":15: 13
2020-12-19 20:58:10 DEBUG [t1] "TestVolatile":15: 13
2020-12-19 20:58:10 DEBUG [t1] "TestVolatile":15: 13
2020-12-19 20:58:10 DEBUG [t1] "TestVolatile":15: 13
2020-12-19 20:58:10 DEBUG [t1] "TestVolatile":15: 13
2020-12-19 20:58:10 DEBUG [t1] "TestVolatile":15: 13
2020-12-19 20:58:10 DEBUG [t1] "TestVolatile":15: 13
2020-12-19 20:58:10 DEBUG [t1] "TestVolatile":15: 13
2020-12-19 20:58:10 DEBUG [t1] "TestVolatile":15: 13
2020-12-19 20:58:10 DEBUG [t1] "TestVolatile":15: 13
2020-12-19 20:58:10 DEBUG [t1] "TestVolatile":15: 13
2020-12-19 20:58:10 DEBUG [t1] "TestVolatile":15: 13
2020-12-19 20:58:10 DEBUG [t1] "TestVolatile":15: 13
2020-12-19 20:58:10 DEBUG [t1] "TestVolatile":15: 13
2020-12-19 20:58:10 DEBUG [t1] "TestVolatile":15: 13
2020-12-19 20:58:10 DEBUG [t1] "TestVolatile":15: 13
2020-12-19 20:58:10 DEBUG [t1] "TestVolatile":15: 13
2020-12-19 20:58:10 DEBUG [t1] "TestVolatile":15: 13
2020-12-19 20:58:10 DEBUG [t1] "TestVolatile":15: 13
2020-12-19 20:58:10 DEBUG [t1] "TestVolatile":15: 13
2020-12-19 20:58:10 DEBUG [t1] "TestVolatile":15: 13
2020-12-19 20:58:10 DEBUG [t1] "TestVolatile":15: 13
2020-12-19 20:58:10 DEBUG [t1] "TestVolatile":15: 13
2020-12-19 20:58:10 DEBUG [t1] "TestVolatile":15: 13
2020-12-19 20:58:10 DEBUG [t1] "TestVolatile":15: 13
2020-12-19 20:58:10 DEBUG [t1] "TestVolatile":15: 13
2020-12-19 20:58:10 DEBUG [t1] "TestVolatile":15: 13
2020-12-19 20:58:10 DEBUG [t1] "TestVolatile":15: 13
2020-12-19 20:58:10 DEBUG [t1] "TestVolatile":15: 13
2020-12-19 20:58:10 DEBUG [t1] "TestVolatile":15: 13
2020-12-19 20:58:10 DEBUG [t1] "TestVolatile":15: 13
2020-12-19 20:58:10 DEBUG [t1] "TestVolatile":15: 13
2020-12-19 20:58:10 DEBUG [t1] "TestVolatile":15: 13
2020-12-19 20:58:10 DEBUG [t1] "TestVolatile":15: 13
2020-12-19 20:58:10 DEBUG [t1] "TestVolatile":15: 13
2020-12-19 20:58:10 DEBUG [t1] "TestVolatile":15: 13
2020-12-19 20:58:10 DEBUG [t1] "TestVolatile":15: 13
2020-12-19 20:58:10 DEBUG [t1] "TestVolatile":15: 13
2020-12-19 20:58:10 DEBUG [t1] "TestVolatile":15: 13
2020-12-19 20:58:10 DEBUG [t1] "TestVolatile":15: 13
2020-12-19 20:58:10 DEBUG [t1] "TestVolatile":15: 13
2020-12-19 20:58:10 DEBUG [t1] "TestVolatile":15: 13
2020-12-19 20:58:10 DEBUG [t1] "TestVolatile":15: 13
2020-12-19 20:58:10 DEBUG [t1] "TestVolatile":15: 13
2020-12-19 20:58:10 DEBUG [t1] "TestVolatile":15: 13
2020-12-19 20:58:10 DEBUG [t1] "TestVolatile":15: 13
2020-12-19 20:58:10 DEBUG [t1] "TestVolatile":15: 13
2020-12-19 20:58:10 DEBUG [t1] "TestVolatile":15: 13
2020-12-19 20:58:10 DEBUG [t1] "TestVolatile":15: 13
2020-12-19 20:58:10 DEBUG [t1] "TestVolatile":15: 13
2020-12-19 20:58:10 DEBUG [t1] "TestVolatile":15: 13
2020-12-19 20:58:10 DEBUG [t1] "TestVolatile":15: 13
2020-12-19 20:58:10 DEBUG [t1] "TestVolatile":15: 13
2020-12-19 20:58:10 DEBUG [t1] "TestVolatile":15: 13
2020-12-19 20:58:10 DEBUG [t1] "TestVolatile":15: 13
2020-12-19 20:58:10 DEBUG [t1] "TestVolatile":15: 13
2020-12-19 20:58:10 DEBUG [t1] "TestVolatile":15: 13
2020-12-19 20:58:10 DEBUG [t1] "TestVolatile":15: 13
2020-12-19 20:58:10 DEBUG [t1] "TestVolatile":15: 13
2020-12-19 20:58:10 DEBUG [t1] "TestVolatile":15: 13
2020-12-19 20:58:10 DEBUG [t1] "TestVolatile":15: 13
2020-12-19 20:58:10 DEBUG [t1] "TestVolatile":15: 13
2020-12-19 20:58:10 DEBUG [t1] "TestVolatile":15: 13
2020-12-19 20:58:10 DEBUG [t1] "TestVolatile":15: 13
2020-12-19 20:58:10 DEBUG [t1] "TestVolatile":15: 13
2020-12-19 20:58:10 DEBUG [t1] "TestVolatile":15: 13
2020-12-19 20:58:10 DEBUG [t1] "TestVolatile":15: 13
2020-12-19 20:58:10 DEBUG [t1] "TestVolatile":15: 13
2020-12-19 20:58:10 DEBUG [t1] "TestVolatile":15: 13
2020-12-19 20:58:10 DEBUG [t1] "TestVolatile":15: 13
2020-12-19 20:58:10 DEBUG [t1] "TestVolatile":15: 13
2020-12-19 20:58:10 DEBUG [t1] "TestVolatile":15: 13
2020-12-19 20:58:10 DEBUG [t1] "TestVolatile":15: 13
2020-12-19 20:58:10 DEBUG [t1] "TestVolatile":15: 13
2020-12-19 20:58:10 DEBUG [t1] "TestVolatile":15: 13
2020-12-19 20:58:10 DEBUG [t1] "TestVolatile":15: 13
2020-12-19 20:58:10 DEBUG [t1] "TestVolatile":15: 13
2020-12-19 20:58:10 DEBUG [t1] "TestVolatile":15: 13
2020-12-19 20:58:10 DEBUG [t1] "TestVolatile":15: 13
2020-12-19 20:58:10 DEBUG [t1] "TestVolatile":15: 13
2020-12-19 20:58:10 DEBUG [t1] "TestVolatile":15: 13
2020-12-19 20:58:10 DEBUG [t1] "TestVolatile":15: 13
2020-12-19 20:58:10 DEBUG [t1] "TestVolatile":15: 13
2020-12-19 20:58:10 DEBUG [t1] "TestVolatile":15: 13
2020-12-19 20:58:10 DEBUG [t1] "TestVolatile":15: 13
2020-12-19 20:58:10 DEBUG [t1] "TestVolatile":15: 13
2020-12-19 20:58:10 DEBUG [t1] "TestVolatile":15: 13
2020-12-19 20:58:10 DEBUG [t1] "TestVolatile":15: 13
2020-12-19 20:58:10 DEBUG [t1] "TestVolatile":15: 13
2020-12-19 20:58:10 DEBUG [t1] "TestVolatile":15: 13
2020-12-19 20:58:10 DEBUG [t1] "TestVolatile":15: 13
2020-12-19 20:58:10 DEBUG [t1] "TestVolatile":15: 13
2020-12-19 20:58:10 DEBUG [t1] "TestVolatile":15: 13
2020-12-19 20:58:10 DEBUG [t1] "TestVolatile":15: 13
2020-12-19 20:58:10 DEBUG [t1] "TestVolatile":15: 13
2020-12-19 20:58:10 DEBUG [t1] "TestVolatile":15: 13
2020-12-19 20:58:10 DEBUG [t1] "TestVolatile":15: 13
2020-12-19 20:58:10 DEBUG [t1] "TestVolatile":15: 13
2020-12-19 20:58:10 DEBUG [t1] "TestVolatile":15: 13
2020-12-19 20:58:10 DEBUG [t1] "TestVolatile":15: 13
2020-12-19 20:58:10 DEBUG [t1] "TestVolatile":15: 13
2020-12-19 20:58:10 DEBUG [t1] "TestVolatile":15: 13
2020-12-19 20:58:10 DEBUG [t1] "TestVolatile":15: 13
2020-12-19 20:58:10 DEBUG [t1] "TestVolatile":15: 13
2020-12-19 20:58:10 DEBUG [t1] "TestVolatile":15: 13
2020-12-19 20:58:10 DEBUG [t1] "TestVolatile":15: 13
2020-12-19 20:58:10 DEBUG [t1] "TestVolatile":15: 13
2020-12-19 20:58:10 DEBUG [t1] "TestVolatile":15: 13
2020-12-19 20:58:10 DEBUG [t1] "TestVolatile":15: 13
2020-12-19 20:58:10 DEBUG [t1] "TestVolatile":15: 13
2020-12-19 20:58:10 DEBUG [t1] "TestVolatile":15: 13
2020-12-19 20:58:10 DEBUG [t1] "TestVolatile":15: 13
2020-12-19 20:58:10 DEBUG [t1] "TestVolatile":15: 13
2020-12-19 20:58:10 DEBUG [t1] "TestVolatile":15: 13
2020-12-19 20:58:10 DEBUG [t1] "TestVolatile":15: 13
2020-12-19 20:58:10 DEBUG [t1] "TestVolatile":15: 13
2020-12-19 20:58:10 DEBUG [t1] "TestVolatile":15: 13
2020-12-19 20:58:10 DEBUG [t1] "TestVolatile":15: 13
2020-12-19 20:58:10 DEBUG [t1] "TestVolatile":15: 13
2020-12-19 20:58:10 DEBUG [t1] "TestVolatile":15: 13
2020-12-19 20:58:10 DEBUG [t1] "TestVolatile":15: 13
2020-12-19 20:58:10 DEBUG [t1] "TestVolatile":15: 13
2020-12-19 20:58:10 DEBUG [t1] "TestVolatile":15: 13
2020-12-19 20:58:10 DEBUG [t1] "TestVolatile":15: 13
2020-12-19 20:58:10 DEBUG [t1] "TestVolatile":15: 13
2020-12-19 20:58:10 DEBUG [t1] "TestVolatile":15: 13
2020-12-19 20:58:10 DEBUG [t1] "TestVolatile":15: 13
2020-12-19 20:58:10 DEBUG [t1] "TestVolatile":15: 13
2020-12-19 20:58:10 DEBUG [t1] "TestVolatile":15: 13
2020-12-19 20:58:10 DEBUG [t1] "TestVolatile":15: 13
2020-12-19 20:58:10 DEBUG [t1] "TestVolatile":15: 13
2020-12-19 20:58:10 DEBUG [t1] "TestVolatile":15: 13
2020-12-19 20:58:10 DEBUG [t1] "TestVolatile":15: 13
2020-12-19 20:58:10 DEBUG [t1] "TestVolatile":15: 13
2020-12-19 20:58:10 DEBUG [t1] "TestVolatile":15: 13
2020-12-19 20:58:10 DEBUG [t1] "TestVolatile":15: 13
2020-12-19 20:58:10 DEBUG [t1] "TestVolatile":15: 13
2020-12-19 20:58:10 DEBUG [t1] "TestVolatile":15: 13
2020-12-19 20:58:10 DEBUG [t1] "TestVolatile":15: 13
2020-12-19 20:58:10 DEBUG [t1] "TestVolatile":15: 13
2020-12-19 20:58:10 DEBUG [t1] "TestVolatile":15: 13
2020-12-19 20:58:10 DEBUG [t1] "TestVolatile":15: 13
2020-12-19 20:58:10 DEBUG [t1] "TestVolatile":15: 13
2020-12-19 20:58:10 DEBUG [t1] "TestVolatile":15: 13
2020-12-19 20:58:10 DEBUG [t1] "TestVolatile":15: 13
2020-12-19 20:58:10 DEBUG [t1] "TestVolatile":15: 13
2020-12-19 20:58:10 DEBUG [t1] "TestVolatile":15: 13
2020-12-19 20:58:10 DEBUG [t1] "TestVolatile":15: 13
2020-12-19 20:58:10 DEBUG [t1] "TestVolatile":15: 13
2020-12-19 20:58:10 DEBUG [t1] "TestVolatile":15: 13
2020-12-19 20:58:10 DEBUG [t1] "TestVolatile":15: 13
2020-12-19 20:58:10 DEBUG [t1] "TestVolatile":15: 13
2020-12-19 20:58:10 DEBUG [t1] "TestVolatile":15: 13
2020-12-19 20:58:10 DEBUG [t1] "TestVolatile":15: 13
2020-12-19 20:58:10 DEBUG [t1] "TestVolatile":15: 13
2020-12-19 20:58:10 DEBUG [t1] "TestVolatile":15: 13
2020-12-19 20:58:10 DEBUG [t1] "TestVolatile":15: 13
2020-12-19 20:58:10 DEBUG [t1] "TestVolatile":15: 13
2020-12-19 20:58:10 DEBUG [t1] "TestVolatile":15: 13
2020-12-19 20:58:10 DEBUG [t1] "TestVolatile":15: 13
2020-12-19 20:58:10 DEBUG [t1] "TestVolatile":15: 13
2020-12-19 20:58:10 DEBUG [t1] "TestVolatile":15: 13
2020-12-19 20:58:10 DEBUG [t1] "TestVolatile":15: 13
2020-12-19 20:58:10 DEBUG [t1] "TestVolatile":15: 13
2020-12-19 20:58:10 DEBUG [t1] "TestVolatile":15: 13
2020-12-19 20:58:10 DEBUG [t1] "TestVolatile":15: 13
2020-12-19 20:58:10 DEBUG [t1] "TestVolatile":15: 13
2020-12-19 20:58:10 DEBUG [t1] "TestVolatile":15: 13
2020-12-19 20:58:10 DEBUG [t1] "TestVolatile":15: 13
2020-12-19 20:58:10 DEBUG [t1] "TestVolatile":15: 13
2020-12-19 20:58:10 DEBUG [t1] "TestVolatile":15: 13
2020-12-19 20:58:10 DEBUG [t1] "TestVolatile":15: 13
2020-12-19 20:58:10 DEBUG [t1] "TestVolatile":15: 13
2020-12-19 20:58:10 DEBUG [t1] "TestVolatile":15: 13
2020-12-19 20:58:10 DEBUG [t1] "TestVolatile":15: 13
2020-12-19 20:58:10 DEBUG [t1] "TestVolatile":15: 13
2020-12-19 20:58:10 DEBUG [t1] "TestVolatile":15: 13
2020-12-19 20:58:10 DEBUG [t1] "TestVolatile":15: 13
2020-12-19 20:58:10 DEBUG [t1] "TestVolatile":15: 13
2020-12-19 20:58:10 DEBUG [t1] "TestVolatile":15: 13
2020-12-19 20:58:10 DEBUG [t1] "TestVolatile":15: 13
2020-12-19 20:58:10 DEBUG [t1] "TestVolatile":15: 13
2020-12-19 20:58:10 DEBUG [t1] "TestVolatile":15: 13
2020-12-19 20:58:10 DEBUG [t1] "TestVolatile":15: 13
2020-12-19 20:58:10 DEBUG [t1] "TestVolatile":15: 13
2020-12-19 20:58:10 DEBUG [t1] "TestVolatile":15: 13
2020-12-19 20:58:10 DEBUG [t1] "TestVolatile":15: 13
2020-12-19 20:58:10 DEBUG [t1] "TestVolatile":15: 13
2020-12-19 20:58:10 DEBUG [t1] "TestVolatile":15: 13
2020-12-19 20:58:10 DEBUG [t1] "TestVolatile":15: 13
2020-12-19 20:58:10 DEBUG [t1] "TestVolatile":15: 13
2020-12-19 20:58:10 DEBUG [t1] "TestVolatile":15: 13
2020-12-19 20:58:10 DEBUG [t1] "TestVolatile":15: 13
2020-12-19 20:58:10 DEBUG [t1] "TestVolatile":15: 13
2020-12-19 20:58:10 DEBUG [t1] "TestVolatile":15: 13
2020-12-19 20:58:10 DEBUG [t1] "TestVolatile":15: 13
2020-12-19 20:58:10 DEBUG [t1] "TestVolatile":15: 13
2020-12-19 20:58:10 DEBUG [t1] "TestVolatile":15: 13
2020-12-19 20:58:10 DEBUG [t1] "TestVolatile":15: 13
2020-12-19 20:58:10 DEBUG [t1] "TestVolatile":15: 13
2020-12-19 20:58:10 DEBUG [t1] "TestVolatile":15: 13
2020-12-19 20:58:10 DEBUG [t1] "TestVolatile":15: 13
2020-12-19 20:58:10 DEBUG [t1] "TestVolatile":15: 13
2020-12-19 20:58:10 DEBUG [t1] "TestVolatile":15: 13
2020-12-19 20:58:10 DEBUG [t1] "TestVolatile":15: 13
2020-12-19 20:58:10 DEBUG [t1] "TestVolatile":15: 13
2020-12-19 20:58:10 DEBUG [t1] "TestVolatile":15: 13
2020-12-19 20:58:10 DEBUG [t1] "TestVolatile":15: 13
2020-12-19 20:58:10 DEBUG [t1] "TestVolatile":15: 13
2020-12-19 20:58:10 DEBUG [t1] "TestVolatile":15: 13
2020-12-19 20:58:10 DEBUG [t1] "TestVolatile":15: 13
2020-12-19 20:58:10 DEBUG [t1] "TestVolatile":15: 13
2020-12-19 20:58:10 DEBUG [t1] "TestVolatile":15: 13
2020-12-19 20:58:10 DEBUG [t1] "TestVolatile":15: 13
2020-12-19 20:58:10 DEBUG [t1] "TestVolatile":15: 13
2020-12-19 20:58:10 DEBUG [t1] "TestVolatile":15: 13
2020-12-19 20:58:10 DEBUG [t1] "TestVolatile":15: 13
2020-12-19 20:58:10 DEBUG [t1] "TestVolatile":15: 13
2020-12-19 20:58:10 DEBUG [t1] "TestVolatile":15: 13
2020-12-19 20:58:10 DEBUG [t1] "TestVolatile":15: 13
2020-12-19 20:58:10 DEBUG [t1] "TestVolatile":15: 13
2020-12-19 20:58:10 DEBUG [t1] "TestVolatile":15: 13
2020-12-19 20:58:10 DEBUG [t1] "TestVolatile":15: 13
2020-12-19 20:58:10 DEBUG [t1] "TestVolatile":15: 13
2020-12-19 20:58:10 DEBUG [t1] "TestVolatile":15: 13
2020-12-19 20:58:10 DEBUG [t1] "TestVolatile":15: 13
2020-12-19 20:58:10 DEBUG [t1] "TestVolatile":15: 13
2020-12-19 20:58:10 DEBUG [t1] "TestVolatile":15: 13
2020-12-19 20:58:10 DEBUG [t1] "TestVolatile":15: 13
2020-12-19 20:58:10 DEBUG [t1] "TestVolatile":15: 13
2020-12-19 20:58:10 DEBUG [t1] "TestVolatile":15: 13
2020-12-19 20:58:10 DEBUG [t1] "TestVolatile":15: 13
2020-12-19 20:58:10 DEBUG [t1] "TestVolatile":15: 13
2020-12-19 20:58:10 DEBUG [t1] "TestVolatile":15: 13
2020-12-19 20:58:10 DEBUG [t1] "TestVolatile":15: 13
2020-12-19 20:58:10 DEBUG [t1] "TestVolatile":15: 13
2020-12-19 20:58:10 DEBUG [t1] "TestVolatile":15: 13
2020-12-19 20:58:10 DEBUG [t1] "TestVolatile":15: 13
2020-12-19 20:58:10 DEBUG [t1] "TestVolatile":15: 13
2020-12-19 20:58:10 DEBUG [t1] "TestVolatile":15: 13
2020-12-19 20:58:10 DEBUG [t1] "TestVolatile":15: 13
2020-12-19 20:58:10 DEBUG [t1] "TestVolatile":15: 13
2020-12-19 20:58:10 DEBUG [t1] "TestVolatile":15: 13
2020-12-19 20:58:10 DEBUG [t1] "TestVolatile":15: 13
2020-12-19 20:58:10 DEBUG [t1] "TestVolatile":15: 13
2020-12-19 20:58:10 DEBUG [t1] "TestVolatile":15: 13
2020-12-19 20:58:10 DEBUG [t1] "TestVolatile":15: 13
2020-12-19 20:58:10 DEBUG [t1] "TestVolatile":15: 13
2020-12-19 20:58:10 DEBUG [t1] "TestVolatile":15: 13
2020-12-19 20:58:10 DEBUG [t1] "TestVolatile":15: 13
2020-12-19 20:58:10 DEBUG [t1] "TestVolatile":15: 13
2020-12-19 20:58:10 DEBUG [t1] "TestVolatile":15: 13
2020-12-19 20:58:10 DEBUG [t1] "TestVolatile":15: 13
2020-12-19 20:58:10 DEBUG [t1] "TestVolatile":15: 13
2020-12-19 20:58:10 DEBUG [t1] "TestVolatile":15: 13
2020-12-19 20:58:10 DEBUG [t1] "TestVolatile":15: 13
2020-12-19 20:58:10 DEBUG [t1] "TestVolatile":15: 13
2020-12-19 20:58:10 DEBUG [t1] "TestVolatile":15: 13
2020-12-19 20:58:10 DEBUG [t1] "TestVolatile":15: 13
2020-12-19 20:58:10 DEBUG [t1] "TestVolatile":15: 13
2020-12-19 20:58:10 DEBUG [t1] "TestVolatile":15: 13
2020-12-19 20:58:10 DEBUG [t1] "TestVolatile":15: 13
2020-12-19 20:58:10 DEBUG [t1] "TestVolatile":15: 13
2020-12-19 20:58:10 DEBUG [t1] "TestVolatile":15: 13
2020-12-19 20:58:10 DEBUG [t1] "TestVolatile":15: 13
2020-12-19 20:58:10 DEBUG [t1] "TestVolatile":15: 13
2020-12-19 20:58:10 DEBUG [t1] "TestVolatile":15: 13
2020-12-19 20:58:10 DEBUG [t1] "TestVolatile":15: 13
2020-12-19 20:58:10 DEBUG [t1] "TestVolatile":15: 13
2020-12-19 20:58:10 DEBUG [t1] "TestVolatile":15: 13
2020-12-19 20:58:10 DEBUG [t1] "TestVolatile":15: 13
2020-12-19 20:58:10 DEBUG [t1] "TestVolatile":15: 13
2020-12-19 20:58:10 DEBUG [t1] "TestVolatile":15: 13
2020-12-19 20:58:10 DEBUG [t1] "TestVolatile":15: 13
2020-12-19 20:58:10 DEBUG [t1] "TestVolatile":15: 13
2020-12-19 20:58:10 DEBUG [t1] "TestVolatile":15: 13
2020-12-19 20:58:10 DEBUG [t1] "TestVolatile":15: 13
2020-12-19 20:58:10 DEBUG [t1] "TestVolatile":15: 13
2020-12-19 20:58:10 DEBUG [t1] "TestVolatile":15: 13
2020-12-19 20:58:10 DEBUG [t1] "TestVolatile":15: 13
2020-12-19 20:58:10 DEBUG [t1] "TestVolatile":15: 13
2020-12-19 20:58:10 DEBUG [t1] "TestVolatile":15: 13
2020-12-19 20:58:10 DEBUG [t1] "TestVolatile":15: 13
2020-12-19 20:58:10 DEBUG [t1] "TestVolatile":15: 13
2020-12-19 20:58:10 DEBUG [t1] "TestVolatile":15: 13
2020-12-19 20:58:10 DEBUG [t1] "TestVolatile":15: 13
2020-12-19 20:58:10 DEBUG [t1] "TestVolatile":15: 13
2020-12-19 20:58:10 DEBUG [t1] "TestVolatile":15: 13
2020-12-19 20:58:10 DEBUG [t1] "TestVolatile":15: 13
2020-12-19 20:58:10 DEBUG [t1] "TestVolatile":15: 13
2020-12-19 20:58:10 DEBUG [t1] "TestVolatile":15: 13
2020-12-19 20:58:10 DEBUG [t1] "TestVolatile":15: 13
2020-12-19 20:58:10 DEBUG [t1] "TestVolatile":15: 13
2020-12-19 20:58:10 DEBUG [t1] "TestVolatile":15: 13
2020-12-19 20:58:10 DEBUG [t1] "TestVolatile":15: 13
2020-12-19 20:58:10 DEBUG [t1] "TestVolatile":15: 13
2020-12-19 20:58:10 DEBUG [t1] "TestVolatile":15: 13
2020-12-19 20:58:10 DEBUG [t1] "TestVolatile":15: 13
2020-12-19 20:58:10 DEBUG [t1] "TestVolatile":15: 13
2020-12-19 20:58:10 DEBUG [t1] "TestVolatile":15: 13
2020-12-19 20:58:10 DEBUG [t1] "TestVolatile":15: 13
2020-12-19 20:58:10 DEBUG [t1] "TestVolatile":15: 13
2020-12-19 20:58:10 DEBUG [t1] "TestVolatile":15: 13
2020-12-19 20:58:10 DEBUG [t1] "TestVolatile":15: 13
2020-12-19 20:58:10 DEBUG [t1] "TestVolatile":15: 13
2020-12-19 20:58:10 DEBUG [t1] "TestVolatile":15: 13
2020-12-19 20:58:10 DEBUG [t1] "TestVolatile":15: 13
2020-12-19 20:58:10 DEBUG [t1] "TestVolatile":15: 13
2020-12-19 20:58:10 DEBUG [t1] "TestVolatile":15: 13
2020-12-19 20:58:10 DEBUG [t1] "TestVolatile":15: 13
2020-12-19 20:58:10 DEBUG [t1] "TestVolatile":15: 13
2020-12-19 20:58:10 DEBUG [t1] "TestVolatile":15: 13
2020-12-19 20:58:10 DEBUG [t1] "TestVolatile":15: 13
2020-12-19 20:58:10 DEBUG [t1] "TestVolatile":15: 13
2020-12-19 20:58:10 DEBUG [t1] "TestVolatile":15: 13
2020-12-19 20:58:10 DEBUG [t1] "TestVolatile":15: 13
2020-12-19 20:58:10 DEBUG [t1] "TestVolatile":15: 13
2020-12-19 20:58:10 DEBUG [t1] "TestVolatile":15: 13
2020-12-19 20:58:10 DEBUG [t1] "TestVolatile":15: 13
2020-12-19 20:58:10 DEBUG [t1] "TestVolatile":15: 13
2020-12-19 20:58:10 DEBUG [t1] "TestVolatile":15: 13
2020-12-19 20:58:10 DEBUG [t1] "TestVolatile":15: 13
2020-12-19 20:58:10 DEBUG [t1] "TestVolatile":15: 13
2020-12-19 20:58:10 DEBUG [t1] "TestVolatile":15: 13
2020-12-19 20:58:10 DEBUG [t1] "TestVolatile":15: 13
2020-12-19 20:58:10 DEBUG [t1] "TestVolatile":15: 13
2020-12-19 20:58:10 DEBUG [t1] "TestVolatile":15: 13
2020-12-19 20:58:10 DEBUG [t1] "TestVolatile":15: 13
2020-12-19 20:58:10 DEBUG [t1] "TestVolatile":15: 13
2020-12-19 20:58:10 DEBUG [t1] "TestVolatile":15: 13
2020-12-19 20:58:10 DEBUG [t1] "TestVolatile":15: 13
2020-12-19 20:58:10 DEBUG [t1] "TestVolatile":15: 13
2020-12-19 20:58:10 DEBUG [t1] "TestVolatile":15: 13
2020-12-19 20:58:10 DEBUG [t1] "TestVolatile":15: 13
2020-12-19 20:58:10 DEBUG [t1] "TestVolatile":15: 13
2020-12-19 20:58:10 DEBUG [t1] "TestVolatile":15: 13
2020-12-19 20:58:10 DEBUG [t1] "TestVolatile":15: 13
2020-12-19 20:58:10 DEBUG [t1] "TestVolatile":15: 13
2020-12-19 20:58:10 DEBUG [t1] "TestVolatile":15: 13
2020-12-19 20:58:10 DEBUG [t1] "TestVolatile":15: 13
2020-12-19 20:58:10 DEBUG [t1] "TestVolatile":15: 13
2020-12-19 20:58:10 DEBUG [t1] "TestVolatile":15: 13
2020-12-19 20:58:10 DEBUG [t1] "TestVolatile":15: 13
2020-12-19 20:58:10 DEBUG [t1] "TestVolatile":15: 13
2020-12-19 20:58:10 DEBUG [t1] "TestVolatile":15: 13
2020-12-19 20:58:10 DEBUG [t1] "TestVolatile":15: 13
2020-12-19 20:58:10 DEBUG [t1] "TestVolatile":15: 13
2020-12-19 20:58:10 DEBUG [t1] "TestVolatile":15: 13
2020-12-19 20:58:10 DEBUG [t1] "TestVolatile":15: 13
2020-12-19 20:58:10 DEBUG [t1] "TestVolatile":15: 13
2020-12-19 20:58:10 DEBUG [t1] "TestVolatile":15: 13
2020-12-19 20:58:10 DEBUG [t1] "TestVolatile":15: 13
2020-12-19 20:58:10 DEBUG [t1] "TestVolatile":15: 13
2020-12-19 20:58:10 DEBUG [t1] "TestVolatile":15: 13
2020-12-19 20:58:10 DEBUG [t1] "TestVolatile":15: 13
2020-12-19 20:58:10 DEBUG [t1] "TestVolatile":15: 13
2020-12-19 20:58:10 DEBUG [t1] "TestVolatile":15: 13
2020-12-19 20:58:10 DEBUG [t1] "TestVolatile":15: 13
2020-12-19 20:58:10 DEBUG [t1] "TestVolatile":15: 13
2020-12-19 20:58:10 DEBUG [t1] "TestVolatile":15: 13
2020-12-19 20:58:10 DEBUG [t1] "TestVolatile":15: 13
2020-12-19 20:58:10 DEBUG [t1] "TestVolatile":15: 13
2020-12-19 20:58:10 DEBUG [t1] "TestVolatile":15: 13
2020-12-19 20:58:10 DEBUG [t1] "TestVolatile":15: 13
2020-12-19 20:58:10 DEBUG [t1] "TestVolatile":15: 13
2020-12-19 20:58:10 DEBUG [t1] "TestVolatile":15: 13
2020-12-19 20:58:10 DEBUG [t1] "TestVolatile":15: 13
2020-12-19 20:58:10 DEBUG [t1] "TestVolatile":15: 13
2020-12-19 20:58:10 DEBUG [t1] "TestVolatile":15: 13
2020-12-19 20:58:10 DEBUG [t1] "TestVolatile":15: 13
2020-12-19 20:58:10 DEBUG [t1] "TestVolatile":15: 13
2020-12-19 20:58:10 DEBUG [t1] "TestVolatile":15: 13
2020-12-19 20:58:10 DEBUG [t1] "TestVolatile":15: 13
2020-12-19 20:58:10 DEBUG [t1] "TestVolatile":15: 13
2020-12-19 20:58:10 DEBUG [t1] "TestVolatile":15: 13
2020-12-19 20:58:10 DEBUG [t1] "TestVolatile":15: 13
2020-12-19 20:58:10 DEBUG [t1] "TestVolatile":15: 13
2020-12-19 20:58:10 DEBUG [t1] "TestVolatile":15: 13
2020-12-19 20:58:10 DEBUG [t1] "TestVolatile":15: 13
2020-12-19 20:58:10 DEBUG [t1] "TestVolatile":15: 13
2020-12-19 20:58:10 DEBUG [t1] "TestVolatile":15: 13
2020-12-19 20:58:10 DEBUG [t1] "TestVolatile":15: 13
2020-12-19 20:58:10 DEBUG [t1] "TestVolatile":15: 13
2020-12-19 20:58:10 DEBUG [t1] "TestVolatile":15: 13
2020-12-19 20:58:10 DEBUG [t1] "TestVolatile":15: 13
2020-12-19 20:58:10 DEBUG [t1] "TestVolatile":15: 13
2020-12-19 20:58:10 DEBUG [t1] "TestVolatile":15: 13
2020-12-19 20:58:10 DEBUG [t1] "TestVolatile":15: 13
2020-12-19 20:58:10 DEBUG [t1] "TestVolatile":15: 13
2020-12-19 20:58:10 DEBUG [t1] "TestVolatile":15: 13
2020-12-19 20:58:10 DEBUG [t1] "TestVolatile":15: 13
2020-12-19 20:58:10 DEBUG [t1] "TestVolatile":15: 13
2020-12-19 20:58:10 DEBUG [t1] "TestVolatile":15: 13
2020-12-19 20:58:10 DEBUG [t1] "TestVolatile":15: 13
2020-12-19 20:58:10 DEBUG [t1] "TestVolatile":15: 13
2020-12-19 20:58:10 DEBUG [t1] "TestVolatile":15: 13
2020-12-19 20:58:10 DEBUG [t1] "TestVolatile":15: 13
2020-12-19 20:58:10 DEBUG [t1] "TestVolatile":15: 13
2020-12-19 20:58:10 DEBUG [t1] "TestVolatile":15: 13
2020-12-19 20:58:10 DEBUG [t1] "TestVolatile":15: 13
2020-12-19 20:58:10 DEBUG [t1] "TestVolatile":15: 13
2020-12-19 20:58:10 DEBUG [t1] "TestVolatile":15: 13
2020-12-19 20:58:10 DEBUG [t1] "TestVolatile":15: 13
2020-12-19 20:58:10 DEBUG [t1] "TestVolatile":15: 13
2020-12-19 20:58:10 DEBUG [t1] "TestVolatile":15: 13
2020-12-19 20:58:10 DEBUG [t1] "TestVolatile":15: 13
2020-12-19 20:58:10 DEBUG [t1] "TestVolatile":15: 13
2020-12-19 20:58:10 DEBUG [t1] "TestVolatile":15: 13
2020-12-19 20:58:10 DEBUG [t1] "TestVolatile":15: 13
2020-12-19 20:58:10 DEBUG [t1] "TestVolatile":15: 13
2020-12-19 20:58:10 DEBUG [t1] "TestVolatile":15: 13
2020-12-19 20:58:10 DEBUG [t1] "TestVolatile":15: 13
2020-12-19 20:58:10 DEBUG [t1] "TestVolatile":15: 13
2020-12-19 20:58:10 DEBUG [t1] "TestVolatile":15: 13
2020-12-19 20:58:10 DEBUG [t1] "TestVolatile":15: 13
2020-12-19 20:58:10 DEBUG [t1] "TestVolatile":15: 13
2020-12-19 20:58:10 DEBUG [t1] "TestVolatile":15: 13
2020-12-19 20:58:10 DEBUG [t1] "TestVolatile":15: 13
2020-12-19 20:58:10 DEBUG [t1] "TestVolatile":15: 13
2020-12-19 20:58:10 DEBUG [t1] "TestVolatile":15: 13
2020-12-19 20:58:10 DEBUG [t1] "TestVolatile":15: 13
2020-12-19 20:58:10 DEBUG [t1] "TestVolatile":15: 13
2020-12-19 20:58:10 DEBUG [t1] "TestVolatile":15: 13
2020-12-19 20:58:10 DEBUG [t1] "TestVolatile":15: 13
2020-12-19 20:58:10 DEBUG [t1] "TestVolatile":15: 13
2020-12-19 20:58:10 DEBUG [t1] "TestVolatile":15: 13
2020-12-19 20:58:10 DEBUG [t1] "TestVolatile":15: 13
2020-12-19 20:58:10 DEBUG [t1] "TestVolatile":15: 13
2020-12-19 20:58:10 DEBUG [t1] "TestVolatile":15: 13
2020-12-19 20:58:10 DEBUG [t1] "TestVolatile":15: 13
2020-12-19 20:58:10 DEBUG [t1] "TestVolatile":15: 13
2020-12-19 20:58:10 DEBUG [t1] "TestVolatile":15: 13
2020-12-19 20:58:10 DEBUG [t1] "TestVolatile":15: 13
2020-12-19 20:58:10 DEBUG [t1] "TestVolatile":15: 13
2020-12-19 20:58:10 DEBUG [t1] "TestVolatile":15: 13
2020-12-19 20:58:10 DEBUG [t1] "TestVolatile":15: 13
2020-12-19 20:58:10 DEBUG [t1] "TestVolatile":15: 13
2020-12-19 20:58:10 DEBUG [t1] "TestVolatile":15: 13
2020-12-19 20:58:10 DEBUG [t1] "TestVolatile":15: 13
2020-12-19 20:58:10 DEBUG [t1] "TestVolatile":15: 13
2020-12-19 20:58:10 DEBUG [t1] "TestVolatile":15: 13
2020-12-19 20:58:10 DEBUG [t1] "TestVolatile":15: 13
2020-12-19 20:58:10 DEBUG [t1] "TestVolatile":15: 13
2020-12-19 20:58:10 DEBUG [t1] "TestVolatile":15: 13
2020-12-19 20:58:10 DEBUG [t1] "TestVolatile":15: 13
2020-12-19 20:58:10 DEBUG [t1] "TestVolatile":15: 13
2020-12-19 20:58:10 DEBUG [t1] "TestVolatile":15: 13
2020-12-19 20:58:10 DEBUG [t1] "TestVolatile":15: 13
2020-12-19 20:58:10 DEBUG [t1] "TestVolatile":15: 13
2020-12-19 20:58:10 DEBUG [t1] "TestVolatile":15: 13
2020-12-19 20:58:10 DEBUG [t1] "TestVolatile":15: 13
2020-12-19 20:58:10 DEBUG [t1] "TestVolatile":15: 13
2020-12-19 20:58:10 DEBUG [t1] "TestVolatile":15: 13
2020-12-19 20:58:10 DEBUG [t1] "TestVolatile":15: 13
2020-12-19 20:58:10 DEBUG [t1] "TestVolatile":15: 13
2020-12-19 20:58:10 DEBUG [t1] "TestVolatile":15: 13
2020-12-19 20:58:10 DEBUG [t1] "TestVolatile":15: 13
2020-12-19 20:58:10 DEBUG [t1] "TestVolatile":15: 13
2020-12-19 20:58:10 DEBUG [t1] "TestVolatile":15: 13
2020-12-19 20:58:10 DEBUG [t1] "TestVolatile":15: 13
2020-12-19 20:58:10 DEBUG [t1] "TestVolatile":15: 13
2020-12-19 20:58:10 DEBUG [t1] "TestVolatile":15: 13
2020-12-19 20:58:10 DEBUG [t1] "TestVolatile":15: 13
2020-12-19 20:58:10 DEBUG [t1] "TestVolatile":15: 13
2020-12-19 20:58:10 DEBUG [t1] "TestVolatile":15: 13
2020-12-19 20:58:10 DEBUG [t1] "TestVolatile":15: 13
2020-12-19 20:58:10 DEBUG [t1] "TestVolatile":15: 13
2020-12-19 20:58:10 DEBUG [t1] "TestVolatile":15: 13
2020-12-19 20:58:10 DEBUG [t1] "TestVolatile":15: 13
2020-12-19 20:58:10 DEBUG [t1] "TestVolatile":15: 13
2020-12-19 20:58:10 DEBUG [t1] "TestVolatile":15: 13
2020-12-19 20:58:10 DEBUG [t1] "TestVolatile":15: 13
2020-12-19 20:58:10 DEBUG [t1] "TestVolatile":15: 13
2020-12-19 20:58:10 DEBUG [t1] "TestVolatile":15: 13
2020-12-19 20:58:10 DEBUG [t1] "TestVolatile":15: 13
2020-12-19 20:58:10 DEBUG [t1] "TestVolatile":15: 13
2020-12-19 20:58:10 DEBUG [t1] "TestVolatile":15: 13
2020-12-19 20:58:10 DEBUG [t1] "TestVolatile":15: 13
2020-12-19 20:58:10 DEBUG [t1] "TestVolatile":15: 13
2020-12-19 20:58:10 DEBUG [t1] "TestVolatile":15: 13
2020-12-19 20:58:10 DEBUG [t1] "TestVolatile":15: 13
2020-12-19 20:58:10 DEBUG [t1] "TestVolatile":15: 13
2020-12-19 20:58:10 DEBUG [t1] "TestVolatile":15: 13
2020-12-19 20:58:10 DEBUG [t1] "TestVolatile":15: 13
2020-12-19 20:58:10 DEBUG [t1] "TestVolatile":15: 13
2020-12-19 20:58:10 DEBUG [t1] "TestVolatile":15: 13
2020-12-19 20:58:10 DEBUG [t1] "TestVolatile":15: 13
2020-12-19 20:58:10 DEBUG [t1] "TestVolatile":15: 13
2020-12-19 20:58:10 DEBUG [t1] "TestVolatile":15: 13
2020-12-19 20:58:10 DEBUG [t1] "TestVolatile":15: 13
2020-12-19 20:58:10 DEBUG [t1] "TestVolatile":15: 13
2020-12-19 20:58:10 DEBUG [t1] "TestVolatile":15: 13
2020-12-19 20:58:10 DEBUG [t1] "TestVolatile":15: 13
2020-12-19 20:58:10 DEBUG [t1] "TestVolatile":15: 13
2020-12-19 20:58:10 DEBUG [t1] "TestVolatile":15: 13
2020-12-19 20:58:10 DEBUG [t1] "TestVolatile":15: 13
2020-12-19 20:58:10 DEBUG [t1] "TestVolatile":15: 13
2020-12-19 20:58:10 DEBUG [t1] "TestVolatile":15: 13
2020-12-19 20:58:10 DEBUG [t1] "TestVolatile":15: 13
2020-12-19 20:58:10 DEBUG [t1] "TestVolatile":15: 13
2020-12-19 20:58:10 DEBUG [t1] "TestVolatile":15: 13
2020-12-19 20:58:10 DEBUG [t1] "TestVolatile":15: 13
2020-12-19 20:58:10 DEBUG [t1] "TestVolatile":15: 13
2020-12-19 20:58:10 DEBUG [t1] "TestVolatile":15: 13
2020-12-19 20:58:10 DEBUG [t1] "TestVolatile":15: 13
2020-12-19 20:58:10 DEBUG [t1] "TestVolatile":15: 13
2020-12-19 20:58:10 DEBUG [t1] "TestVolatile":15: 13
2020-12-19 20:58:10 DEBUG [t1] "TestVolatile":15: 13
2020-12-19 20:58:10 DEBUG [t1] "TestVolatile":15: 13
2020-12-19 20:58:10 DEBUG [t1] "TestVolatile":15: 13
2020-12-19 20:58:10 DEBUG [t1] "TestVolatile":15: 13
2020-12-19 20:58:10 DEBUG [t1] "TestVolatile":15: 13
2020-12-19 20:58:10 DEBUG [t1] "TestVolatile":15: 13
2020-12-19 20:58:10 DEBUG [t1] "TestVolatile":15: 13
2020-12-19 20:58:10 DEBUG [t1] "TestVolatile":15: 13
2020-12-19 20:58:10 DEBUG [t1] "TestVolatile":15: 13
2020-12-19 20:58:10 DEBUG [t1] "TestVolatile":15: 13
2020-12-19 20:58:10 DEBUG [t1] "TestVolatile":15: 13
2020-12-19 20:58:10 DEBUG [t1] "TestVolatile":15: 13
2020-12-19 20:58:10 DEBUG [t1] "TestVolatile":15: 13
2020-12-19 20:58:10 DEBUG [t1] "TestVolatile":15: 13
2020-12-19 20:58:10 DEBUG [t1] "TestVolatile":15: 13
2020-12-19 20:58:10 DEBUG [t1] "TestVolatile":15: 13
2020-12-19 20:58:10 DEBUG [t1] "TestVolatile":15: 13
2020-12-19 20:58:10 DEBUG [t1] "TestVolatile":15: 13
2020-12-19 20:58:10 DEBUG [t1] "TestVolatile":15: 13
2020-12-19 20:58:10 DEBUG [t1] "TestVolatile":15: 13
2020-12-19 20:58:10 DEBUG [t1] "TestVolatile":15: 13
2020-12-19 20:58:10 DEBUG [t1] "TestVolatile":15: 13
2020-12-19 20:58:10 DEBUG [t1] "TestVolatile":15: 13
2020-12-19 20:58:10 DEBUG [t1] "TestVolatile":15: 13
2020-12-19 20:58:10 DEBUG [t1] "TestVolatile":15: 13
2020-12-19 20:58:10 DEBUG [t1] "TestVolatile":15: 13
2020-12-19 20:58:10 DEBUG [t1] "TestVolatile":15: 13
2020-12-19 20:58:10 DEBUG [t1] "TestVolatile":15: 13
2020-12-19 20:58:10 DEBUG [t1] "TestVolatile":15: 13
2020-12-19 20:58:10 DEBUG [t1] "TestVolatile":15: 13
2020-12-19 20:58:10 DEBUG [t1] "TestVolatile":15: 13
2020-12-19 20:58:10 DEBUG [t1] "TestVolatile":15: 13
2020-12-19 20:58:10 DEBUG [t1] "TestVolatile":15: 13
2020-12-19 20:58:10 DEBUG [t1] "TestVolatile":15: 13
2020-12-19 20:58:10 DEBUG [t1] "TestVolatile":15: 13
2020-12-19 20:58:10 DEBUG [t1] "TestVolatile":15: 13
2020-12-19 20:58:10 DEBUG [t1] "TestVolatile":15: 13
2020-12-19 20:58:10 DEBUG [t1] "TestVolatile":15: 13
2020-12-19 20:58:10 DEBUG [t1] "TestVolatile":15: 13
2020-12-19 20:58:10 DEBUG [t1] "TestVolatile":15: 13
2020-12-19 20:58:10 DEBUG [t1] "TestVolatile":15: 13
2020-12-19 20:58:10 DEBUG [t1] "TestVolatile":15: 13
2020-12-19 20:58:10 DEBUG [t1] "TestVolatile":15: 13
2020-12-19 20:58:10 DEBUG [t1] "TestVolatile":15: 13
2020-12-19 20:58:10 DEBUG [t1] "TestVolatile":15: 13
2020-12-19 20:58:10 DEBUG [t1] "TestVolatile":15: 13
2020-12-19 20:58:10 DEBUG [t1] "TestVolatile":15: 13
2020-12-19 20:58:10 DEBUG [t1] "TestVolatile":15: 13
2020-12-19 20:58:10 DEBUG [t1] "TestVolatile":15: 13
2020-12-19 20:58:10 DEBUG [t1] "TestVolatile":15: 13
2020-12-19 20:58:10 DEBUG [t1] "TestVolatile":15: 13
2020-12-19 20:58:10 DEBUG [t1] "TestVolatile":15: 13
2020-12-19 20:58:10 DEBUG [t1] "TestVolatile":15: 13
2020-12-19 20:58:10 DEBUG [t1] "TestVolatile":15: 13
2020-12-19 20:58:10 DEBUG [t1] "TestVolatile":15: 13
2020-12-19 20:58:10 DEBUG [t1] "TestVolatile":15: 13
2020-12-19 20:58:10 DEBUG [t1] "TestVolatile":15: 13
2020-12-19 20:58:10 DEBUG [t1] "TestVolatile":15: 13
2020-12-19 20:58:10 DEBUG [t1] "TestVolatile":15: 13
2020-12-19 20:58:10 DEBUG [t1] "TestVolatile":15: 13
2020-12-19 20:58:10 DEBUG [t1] "TestVolatile":15: 13
2020-12-19 20:58:10 DEBUG [t1] "TestVolatile":15: 13
2020-12-19 20:58:10 DEBUG [t1] "TestVolatile":15: 13
2020-12-19 20:58:10 DEBUG [t1] "TestVolatile":15: 13
2020-12-19 20:58:10 DEBUG [t1] "TestVolatile":15: 13
2020-12-19 20:58:10 DEBUG [t1] "TestVolatile":15: 13
2020-12-19 20:58:10 DEBUG [t1] "TestVolatile":15: 13
2020-12-19 20:58:10 DEBUG [t1] "TestVolatile":15: 13
2020-12-19 20:58:10 DEBUG [t1] "TestVolatile":15: 13
2020-12-19 20:58:10 DEBUG [t1] "TestVolatile":15: 13
2020-12-19 20:58:10 DEBUG [t1] "TestVolatile":15: 13
2020-12-19 20:58:10 DEBUG [t1] "TestVolatile":15: 13
2020-12-19 20:58:10 DEBUG [t1] "TestVolatile":15: 13
2020-12-19 20:58:10 DEBUG [t1] "TestVolatile":15: 13
2020-12-19 20:58:10 DEBUG [t1] "TestVolatile":15: 13
2020-12-19 20:58:10 DEBUG [t1] "TestVolatile":15: 13
2020-12-19 20:58:10 DEBUG [t1] "TestVolatile":15: 13
2020-12-19 20:58:10 DEBUG [t1] "TestVolatile":15: 13
2020-12-19 20:58:10 DEBUG [t1] "TestVolatile":15: 13
2020-12-19 20:58:10 DEBUG [t1] "TestVolatile":15: 13
2020-12-19 20:58:10 DEBUG [t1] "TestVolatile":15: 13
2020-12-19 20:58:10 DEBUG [t1] "TestVolatile":15: 13
2020-12-19 20:58:10 DEBUG [t1] "TestVolatile":15: 13
2020-12-19 20:58:10 DEBUG [t1] "TestVolatile":15: 13
2020-12-19 20:58:10 DEBUG [t1] "TestVolatile":15: 13
2020-12-19 20:58:10 DEBUG [t1] "TestVolatile":15: 13
2020-12-19 20:58:10 DEBUG [t1] "TestVolatile":15: 13
2020-12-19 20:58:10 DEBUG [t1] "TestVolatile":15: 13
2020-12-19 20:58:10 DEBUG [t1] "TestVolatile":15: 13
2020-12-19 20:58:10 DEBUG [t1] "TestVolatile":15: 13
2020-12-19 20:58:10 DEBUG [t1] "TestVolatile":15: 13
2020-12-19 20:58:10 DEBUG [t1] "TestVolatile":15: 13
2020-12-19 20:58:10 DEBUG [t1] "TestVolatile":15: 13
2020-12-19 20:58:10 DEBUG [t1] "TestVolatile":15: 13
2020-12-19 20:58:10 DEBUG [t1] "TestVolatile":15: 13
2020-12-19 20:58:10 DEBUG [t1] "TestVolatile":15: 13
2020-12-19 20:58:10 DEBUG [t1] "TestVolatile":15: 13
2020-12-19 20:58:10 DEBUG [t1] "TestVolatile":15: 13
2020-12-19 20:58:10 DEBUG [t1] "TestVolatile":15: 13
2020-12-19 20:58:10 DEBUG [t1] "TestVolatile":15: 13
2020-12-19 20:58:10 DEBUG [t1] "TestVolatile":15: 13
2020-12-19 20:58:10 DEBUG [t1] "TestVolatile":15: 13
2020-12-19 20:58:10 DEBUG [t1] "TestVolatile":15: 13
2020-12-19 20:58:10 DEBUG [t1] "TestVolatile":15: 13
2020-12-19 20:58:10 DEBUG [t1] "TestVolatile":15: 13
2020-12-19 20:58:10 DEBUG [t1] "TestVolatile":15: 13
2020-12-19 20:58:10 DEBUG [t1] "TestVolatile":15: 13
2020-12-19 20:58:10 DEBUG [t1] "TestVolatile":15: 13
2020-12-19 20:58:10 DEBUG [t1] "TestVolatile":15: 13
2020-12-19 20:58:10 DEBUG [t1] "TestVolatile":15: 13
2020-12-19 20:58:10 DEBUG [t1] "TestVolatile":15: 13
2020-12-19 20:58:10 DEBUG [t1] "TestVolatile":15: 13
2020-12-19 20:58:10 DEBUG [t1] "TestVolatile":15: 13
2020-12-19 20:58:10 DEBUG [t1] "TestVolatile":15: 13
2020-12-19 20:58:10 DEBUG [t1] "TestVolatile":15: 13
2020-12-19 20:58:10 DEBUG [t1] "TestVolatile":15: 13
2020-12-19 20:58:10 DEBUG [t1] "TestVolatile":15: 13
2020-12-19 20:58:10 DEBUG [t1] "TestVolatile":15: 13
2020-12-19 20:58:10 DEBUG [t1] "TestVolatile":15: 13
2020-12-19 20:58:10 DEBUG [t1] "TestVolatile":15: 13
2020-12-19 20:58:10 DEBUG [t1] "TestVolatile":15: 13
2020-12-19 20:58:10 DEBUG [t1] "TestVolatile":15: 13
2020-12-19 20:58:10 DEBUG [t1] "TestVolatile":15: 13
2020-12-19 20:58:10 DEBUG [t1] "TestVolatile":15: 13
2020-12-19 20:58:10 DEBUG [t1] "TestVolatile":15: 13
2020-12-19 20:58:10 DEBUG [t1] "TestVolatile":15: 13
2020-12-19 20:58:10 DEBUG [t1] "TestVolatile":15: 13
2020-12-19 20:58:10 DEBUG [t1] "TestVolatile":15: 13
2020-12-19 20:58:10 DEBUG [t1] "TestVolatile":15: 13
2020-12-19 20:58:10 DEBUG [t1] "TestVolatile":15: 13
2020-12-19 20:58:10 DEBUG [t1] "TestVolatile":15: 13
2020-12-19 20:58:10 DEBUG [t1] "TestVolatile":15: 13
2020-12-19 20:58:10 DEBUG [t1] "TestVolatile":15: 13
2020-12-19 20:58:10 DEBUG [t1] "TestVolatile":15: 13
2020-12-19 20:58:10 DEBUG [t1] "TestVolatile":15: 13
2020-12-19 20:58:10 DEBUG [t1] "TestVolatile":15: 13
2020-12-19 20:58:10 DEBUG [t1] "TestVolatile":15: 13
2020-12-19 20:58:10 DEBUG [t1] "TestVolatile":15: 13
2020-12-19 20:58:10 DEBUG [t1] "TestVolatile":15: 13
2020-12-19 20:58:10 DEBUG [t1] "TestVolatile":15: 13
2020-12-19 20:58:10 DEBUG [t1] "TestVolatile":15: 13
2020-12-19 20:58:10 DEBUG [t1] "TestVolatile":15: 13
2020-12-19 20:58:10 DEBUG [t1] "TestVolatile":15: 13
2020-12-19 20:58:10 DEBUG [t1] "TestVolatile":15: 13
2020-12-19 20:58:10 DEBUG [t1] "TestVolatile":15: 13
2020-12-19 20:58:10 DEBUG [t1] "TestVolatile":15: 13
2020-12-19 20:58:10 DEBUG [t1] "TestVolatile":15: 13
2020-12-19 20:58:10 DEBUG [t1] "TestVolatile":15: 13
2020-12-19 20:58:10 DEBUG [t1] "TestVolatile":15: 13
2020-12-19 20:58:10 DEBUG [t1] "TestVolatile":15: 13
2020-12-19 20:58:10 DEBUG [t1] "TestVolatile":15: 13
2020-12-19 20:58:10 DEBUG [t1] "TestVolatile":15: 13
2020-12-19 20:58:10 DEBUG [t1] "TestVolatile":15: 13
2020-12-19 20:58:10 DEBUG [t1] "TestVolatile":15: 13
2020-12-19 20:58:10 DEBUG [t1] "TestVolatile":15: 13
2020-12-19 20:58:10 DEBUG [t1] "TestVolatile":15: 13
2020-12-19 20:58:10 DEBUG [t1] "TestVolatile":15: 13
2020-12-19 20:58:10 DEBUG [t1] "TestVolatile":15: 13
2020-12-19 20:58:10 DEBUG [t1] "TestVolatile":15: 13
2020-12-19 20:58:10 DEBUG [t1] "TestVolatile":15: 13
2020-12-19 20:58:10 DEBUG [t1] "TestVolatile":15: 13
2020-12-19 20:58:10 DEBUG [t1] "TestVolatile":15: 13
2020-12-19 20:58:10 DEBUG [t1] "TestVolatile":15: 13
2020-12-19 20:58:10 DEBUG [t1] "TestVolatile":15: 13
2020-12-19 20:58:10 DEBUG [t1] "TestVolatile":15: 13
2020-12-19 20:58:10 DEBUG [t1] "TestVolatile":15: 13
2020-12-19 20:58:10 DEBUG [t1] "TestVolatile":15: 13
2020-12-19 20:58:10 DEBUG [t1] "TestVolatile":15: 13
2020-12-19 20:58:10 DEBUG [t1] "TestVolatile":15: 13
2020-12-19 20:58:10 DEBUG [t1] "TestVolatile":15: 13
2020-12-19 20:58:10 DEBUG [t1] "TestVolatile":15: 13
2020-12-19 20:58:10 DEBUG [t1] "TestVolatile":15: 13
2020-12-19 20:58:10 DEBUG [t1] "TestVolatile":15: 13
2020-12-19 20:58:10 DEBUG [t1] "TestVolatile":15: 13
2020-12-19 20:58:10 DEBUG [t1] "TestVolatile":15: 13
2020-12-19 20:58:10 DEBUG [t1] "TestVolatile":15: 13
2020-12-19 20:58:10 DEBUG [t1] "TestVolatile":15: 13
2020-12-19 20:58:10 DEBUG [t1] "TestVolatile":15: 13
2020-12-19 20:58:10 DEBUG [t1] "TestVolatile":15: 13
2020-12-19 20:58:10 DEBUG [t1] "TestVolatile":15: 13
2020-12-19 20:58:10 DEBUG [t1] "TestVolatile":15: 13
2020-12-19 20:58:10 DEBUG [t1] "TestVolatile":15: 13
2020-12-19 20:58:10 DEBUG [t1] "TestVolatile":15: 13
2020-12-19 20:58:10 DEBUG [t1] "TestVolatile":15: 13
2020-12-19 20:58:10 DEBUG [t1] "TestVolatile":15: 13
2020-12-19 20:58:10 DEBUG [t1] "TestVolatile":15: 13
2020-12-19 20:58:10 DEBUG [t1] "TestVolatile":15: 13
2020-12-19 20:58:10 DEBUG [t1] "TestVolatile":15: 13
2020-12-19 20:58:10 DEBUG [t1] "TestVolatile":15: 13
2020-12-19 20:58:10 DEBUG [t1] "TestVolatile":15: 13
2020-12-19 20:58:10 DEBUG [t1] "TestVolatile":15: 13
2020-12-19 20:58:10 DEBUG [t1] "TestVolatile":15: 13
2020-12-19 20:58:10 DEBUG [t1] "TestVolatile":15: 13
2020-12-19 20:58:10 DEBUG [t1] "TestVolatile":15: 13
2020-12-19 20:58:10 DEBUG [t1] "TestVolatile":15: 13
2020-12-19 20:58:10 DEBUG [t1] "TestVolatile":15: 13
2020-12-19 20:58:10 DEBUG [t1] "TestVolatile":15: 13
2020-12-19 20:58:10 DEBUG [t1] "TestVolatile":15: 13
2020-12-19 20:58:10 DEBUG [t1] "TestVolatile":15: 13
2020-12-19 20:58:10 DEBUG [t1] "TestVolatile":15: 13
2020-12-19 20:58:10 DEBUG [t1] "TestVolatile":15: 13
2020-12-19 20:58:10 DEBUG [t1] "TestVolatile":15: 13
2020-12-19 20:58:10 DEBUG [t1] "TestVolatile":15: 13
2020-12-19 20:58:10 DEBUG [t1] "TestVolatile":15: 13
2020-12-19 20:58:10 DEBUG [t1] "TestVolatile":15: 13
2020-12-19 20:58:10 DEBUG [t1] "TestVolatile":15: 13
2020-12-19 20:58:10 DEBUG [t1] "TestVolatile":15: 13
2020-12-19 20:58:10 DEBUG [t1] "TestVolatile":15: 13
2020-12-19 20:58:10 DEBUG [t1] "TestVolatile":15: 13
2020-12-19 20:58:10 DEBUG [t1] "TestVolatile":15: 13
2020-12-19 20:58:10 DEBUG [t1] "TestVolatile":15: 13
2020-12-19 20:58:10 DEBUG [t1] "TestVolatile":15: 13
2020-12-19 20:58:10 DEBUG [t1] "TestVolatile":15: 13
2020-12-19 20:58:10 DEBUG [t1] "TestVolatile":15: 13
2020-12-19 20:58:10 DEBUG [t1] "TestVolatile":15: 13
2020-12-19 20:58:10 DEBUG [t1] "TestVolatile":15: 13
2020-12-19 20:58:10 DEBUG [t1] "TestVolatile":15: 13
2020-12-19 20:58:10 DEBUG [t1] "TestVolatile":15: 13
2020-12-19 20:58:10 DEBUG [t1] "TestVolatile":15: 13
2020-12-19 20:58:10 DEBUG [t1] "TestVolatile":15: 13
2020-12-19 20:58:10 DEBUG [t1] "TestVolatile":15: 13
2020-12-19 20:58:10 DEBUG [t1] "TestVolatile":15: 13
2020-12-19 20:58:10 DEBUG [t1] "TestVolatile":15: 13
2020-12-19 20:58:10 DEBUG [t1] "TestVolatile":15: 13
2020-12-19 20:58:10 DEBUG [t1] "TestVolatile":15: 13
2020-12-19 20:58:10 DEBUG [t1] "TestVolatile":15: 13
2020-12-19 20:58:10 DEBUG [t1] "TestVolatile":15: 13
2020-12-19 20:58:10 DEBUG [t1] "TestVolatile":15: 13
2020-12-19 20:58:10 DEBUG [t1] "TestVolatile":15: 13
2020-12-19 20:58:10 DEBUG [t1] "TestVolatile":15: 13
2020-12-19 20:58:10 DEBUG [t1] "TestVolatile":15: 13
2020-12-19 20:58:10 DEBUG [t1] "TestVolatile":15: 13
2020-12-19 20:58:10 DEBUG [t1] "TestVolatile":15: 13
2020-12-19 20:58:10 DEBUG [t1] "TestVolatile":15: 13
2020-12-19 20:58:10 DEBUG [t1] "TestVolatile":15: 13
2020-12-19 20:58:10 DEBUG [t1] "TestVolatile":15: 13
2020-12-19 20:58:10 DEBUG [t1] "TestVolatile":15: 13
2020-12-19 20:58:10 DEBUG [t1] "TestVolatile":15: 13
2020-12-19 20:58:10 DEBUG [t1] "TestVolatile":15: 13
2020-12-19 20:58:10 DEBUG [t1] "TestVolatile":15: 13
2020-12-19 20:58:10 DEBUG [t1] "TestVolatile":15: 13
2020-12-19 20:58:10 DEBUG [t1] "TestVolatile":15: 13
2020-12-19 20:58:10 DEBUG [t1] "TestVolatile":15: 13
2020-12-19 20:58:10 DEBUG [t1] "TestVolatile":15: 13
2020-12-19 20:58:10 DEBUG [t1] "TestVolatile":15: 13
2020-12-19 20:58:10 DEBUG [t1] "TestVolatile":15: 13
2020-12-19 20:58:10 DEBUG [t1] "TestVolatile":15: 13
2020-12-19 20:58:10 DEBUG [t1] "TestVolatile":15: 13
2020-12-19 20:58:10 DEBUG [t1] "TestVolatile":15: 13
2020-12-19 20:58:10 DEBUG [t1] "TestVolatile":15: 13
2020-12-19 20:58:10 DEBUG [t1] "TestVolatile":15: 13
2020-12-19 20:58:10 DEBUG [t1] "TestVolatile":15: 13
2020-12-19 20:58:10 DEBUG [t1] "TestVolatile":15: 13
2020-12-19 20:58:10 DEBUG [t1] "TestVolatile":15: 13
2020-12-19 20:58:10 DEBUG [t1] "TestVolatile":15: 13
2020-12-19 20:58:10 DEBUG [t1] "TestVolatile":15: 13
2020-12-19 20:58:10 DEBUG [t1] "TestVolatile":15: 13
2020-12-19 20:58:10 DEBUG [t1] "TestVolatile":15: 13
2020-12-19 20:58:10 DEBUG [t1] "TestVolatile":15: 13
2020-12-19 20:58:10 DEBUG [t1] "TestVolatile":15: 13
2020-12-19 20:58:10 DEBUG [t1] "TestVolatile":15: 13
2020-12-19 20:58:10 DEBUG [t1] "TestVolatile":15: 13
2020-12-19 20:58:10 DEBUG [t1] "TestVolatile":15: 13
2020-12-19 20:58:10 DEBUG [t1] "TestVolatile":15: 13
2020-12-19 20:58:10 DEBUG [t1] "TestVolatile":15: 13
2020-12-19 20:58:10 DEBUG [t1] "TestVolatile":15: 13
2020-12-19 20:58:10 DEBUG [t1] "TestVolatile":15: 13
2020-12-19 20:58:10 DEBUG [t1] "TestVolatile":15: 13
2020-12-19 20:58:10 DEBUG [t1] "TestVolatile":15: 13
2020-12-19 20:58:10 DEBUG [t1] "TestVolatile":15: 13
2020-12-19 20:58:10 DEBUG [t1] "TestVolatile":15: 13
2020-12-19 20:58:10 DEBUG [t1] "TestVolatile":15: 13
2020-12-19 20:58:10 DEBUG [t1] "TestVolatile":15: 13
2020-12-19 20:58:10 DEBUG [t1] "TestVolatile":15: 13
2020-12-19 20:58:10 DEBUG [t1] "TestVolatile":15: 13
2020-12-19 20:58:10 DEBUG [t1] "TestVolatile":15: 13
2020-12-19 20:58:10 DEBUG [t1] "TestVolatile":15: 13
2020-12-19 20:58:10 DEBUG [t1] "TestVolatile":15: 13
2020-12-19 20:58:10 DEBUG [t1] "TestVolatile":15: 13
2020-12-19 20:58:10 DEBUG [t1] "TestVolatile":15: 13
2020-12-19 20:58:10 DEBUG [t1] "TestVolatile":15: 13
2020-12-19 20:58:10 DEBUG [t1] "TestVolatile":15: 13
2020-12-19 20:58:10 DEBUG [t1] "TestVolatile":15: 13
2020-12-19 20:58:10 DEBUG [t1] "TestVolatile":15: 13
2020-12-19 20:58:10 DEBUG [t1] "TestVolatile":15: 13
2020-12-19 20:58:10 DEBUG [t1] "TestVolatile":15: 13
2020-12-19 20:58:10 DEBUG [t1] "TestVolatile":15: 13
2020-12-19 20:58:10 DEBUG [t1] "TestVolatile":15: 13
2020-12-19 20:58:10 DEBUG [t1] "TestVolatile":15: 13
2020-12-19 20:58:10 DEBUG [t1] "TestVolatile":15: 13
2020-12-19 20:58:10 DEBUG [t1] "TestVolatile":15: 13
2020-12-19 20:58:10 DEBUG [t1] "TestVolatile":15: 13
2020-12-19 20:58:10 DEBUG [t1] "TestVolatile":15: 13
2020-12-19 20:58:10 DEBUG [t1] "TestVolatile":15: 13
2020-12-19 20:58:10 DEBUG [t1] "TestVolatile":15: 13
2020-12-19 20:58:10 DEBUG [t1] "TestVolatile":15: 13
2020-12-19 20:58:10 DEBUG [t1] "TestVolatile":15: 13
2020-12-19 20:58:10 DEBUG [t1] "TestVolatile":15: 13
2020-12-19 20:58:10 DEBUG [t1] "TestVolatile":15: 13
2020-12-19 20:58:10 DEBUG [t1] "TestVolatile":15: 13
2020-12-19 20:58:10 DEBUG [t1] "TestVolatile":15: 13
2020-12-19 20:58:10 DEBUG [t1] "TestVolatile":15: 13
2020-12-19 20:58:10 DEBUG [t1] "TestVolatile":15: 13
2020-12-19 20:58:10 DEBUG [t1] "TestVolatile":15: 13
2020-12-19 20:58:10 DEBUG [t1] "TestVolatile":15: 13
2020-12-19 20:58:10 DEBUG [t1] "TestVolatile":15: 13
2020-12-19 20:58:10 DEBUG [t1] "TestVolatile":15: 13
2020-12-19 20:58:10 DEBUG [t1] "TestVolatile":15: 13
2020-12-19 20:58:10 DEBUG [t1] "TestVolatile":15: 13
2020-12-19 20:58:10 DEBUG [t1] "TestVolatile":15: 13
2020-12-19 20:58:10 DEBUG [t1] "TestVolatile":15: 13
2020-12-19 20:58:10 DEBUG [t1] "TestVolatile":15: 13
2020-12-19 20:58:10 DEBUG [t1] "TestVolatile":15: 13
2020-12-19 20:58:10 DEBUG [t1] "TestVolatile":15: 13
2020-12-19 20:58:10 DEBUG [t1] "TestVolatile":15: 13
2020-12-19 20:58:10 DEBUG [t1] "TestVolatile":15: 13
2020-12-19 20:58:10 DEBUG [t1] "TestVolatile":15: 13
2020-12-19 20:58:10 DEBUG [t1] "TestVolatile":15: 13
2020-12-19 20:58:10 DEBUG [t1] "TestVolatile":15: 13
2020-12-19 20:58:10 DEBUG [t1] "TestVolatile":15: 13
2020-12-19 20:58:10 DEBUG [t1] "TestVolatile":15: 13
2020-12-19 20:58:10 DEBUG [t1] "TestVolatile":15: 13
2020-12-19 20:58:10 DEBUG [t1] "TestVolatile":15: 13
2020-12-19 20:58:10 DEBUG [t1] "TestVolatile":15: 13
2020-12-19 20:58:10 DEBUG [t1] "TestVolatile":15: 13
2020-12-19 20:58:10 DEBUG [t1] "TestVolatile":15: 13
2020-12-19 20:58:10 DEBUG [t1] "TestVolatile":15: 13
2020-12-19 20:58:10 DEBUG [t1] "TestVolatile":15: 13
2020-12-19 20:58:10 DEBUG [t1] "TestVolatile":15: 13
2020-12-19 20:58:10 DEBUG [t1] "TestVolatile":15: 13
2020-12-19 20:58:10 DEBUG [t1] "TestVolatile":15: 13
2020-12-19 20:58:10 DEBUG [t1] "TestVolatile":15: 13
2020-12-19 20:58:10 DEBUG [t1] "TestVolatile":15: 13
2020-12-19 20:58:10 DEBUG [t1] "TestVolatile":15: 13
2020-12-19 20:58:10 DEBUG [t1] "TestVolatile":15: 13
2020-12-19 20:58:10 DEBUG [t1] "TestVolatile":15: 13
2020-12-19 20:58:10 DEBUG [t1] "TestVolatile":15: 13
2020-12-19 20:58:10 DEBUG [t1] "TestVolatile":15: 13
2020-12-19 20:58:10 DEBUG [t1] "TestVolatile":15: 13
2020-12-19 20:58:10 DEBUG [t1] "TestVolatile":15: 13
2020-12-19 20:58:10 DEBUG [t1] "TestVolatile":15: 13
2020-12-19 20:58:10 DEBUG [t1] "TestVolatile":15: 13
2020-12-19 20:58:10 DEBUG [t1] "TestVolatile":15: 13
2020-12-19 20:58:10 DEBUG [t1] "TestVolatile":15: 13
2020-12-19 20:58:10 DEBUG [t1] "TestVolatile":15: 13
2020-12-19 20:58:10 DEBUG [t1] "TestVolatile":15: 13
2020-12-19 20:58:10 DEBUG [t1] "TestVolatile":15: 13
2020-12-19 20:58:10 DEBUG [t1] "TestVolatile":15: 13
2020-12-19 20:58:10 DEBUG [t1] "TestVolatile":15: 13
2020-12-19 20:58:10 DEBUG [t1] "TestVolatile":15: 13
2020-12-19 20:58:10 DEBUG [t1] "TestVolatile":15: 13
2020-12-19 20:58:10 DEBUG [t1] "TestVolatile":15: 13
2020-12-19 20:58:10 DEBUG [t1] "TestVolatile":15: 13
2020-12-19 20:58:10 DEBUG [t1] "TestVolatile":15: 13
2020-12-19 20:58:10 DEBUG [t1] "TestVolatile":15: 13
2020-12-19 20:58:10 DEBUG [t1] "TestVolatile":15: 13
2020-12-19 20:58:10 DEBUG [t1] "TestVolatile":15: 13
2020-12-19 20:58:10 DEBUG [t1] "TestVolatile":15: 13
2020-12-19 20:58:10 DEBUG [t1] "TestVolatile":15: 13
2020-12-19 20:58:10 DEBUG [t1] "TestVolatile":15: 13
2020-12-19 20:58:10 DEBUG [t1] "TestVolatile":15: 13
2020-12-19 20:58:10 DEBUG [t1] "TestVolatile":15: 13
2020-12-19 20:58:10 DEBUG [t1] "TestVolatile":15: 13
2020-12-19 20:58:10 DEBUG [t1] "TestVolatile":15: 13
2020-12-19 20:58:10 DEBUG [t1] "TestVolatile":15: 13
2020-12-19 20:58:10 DEBUG [t1] "TestVolatile":15: 13
2020-12-19 20:58:10 DEBUG [t1] "TestVolatile":15: 13
2020-12-19 20:58:10 DEBUG [t1] "TestVolatile":15: 13
2020-12-19 20:58:10 DEBUG [t1] "TestVolatile":15: 13
2020-12-19 20:58:10 DEBUG [t1] "TestVolatile":15: 13
2020-12-19 20:58:10 DEBUG [t1] "TestVolatile":15: 13
2020-12-19 20:58:10 DEBUG [t1] "TestVolatile":15: 13
2020-12-19 20:58:10 DEBUG [t1] "TestVolatile":15: 13
2020-12-19 20:58:10 DEBUG [t1] "TestVolatile":15: 13
2020-12-19 20:58:10 DEBUG [t1] "TestVolatile":15: 13
2020-12-19 20:58:10 DEBUG [t1] "TestVolatile":15: 13
2020-12-19 20:58:10 DEBUG [t1] "TestVolatile":15: 13
2020-12-19 20:58:10 DEBUG [t1] "TestVolatile":15: 13
2020-12-19 20:58:10 DEBUG [t1] "TestVolatile":15: 13
2020-12-19 20:58:10 DEBUG [t1] "TestVolatile":15: 13
2020-12-19 20:58:10 DEBUG [t1] "TestVolatile":15: 13
2020-12-19 20:58:10 DEBUG [t1] "TestVolatile":15: 13
2020-12-19 20:58:10 DEBUG [t1] "TestVolatile":15: 13
2020-12-19 20:58:10 DEBUG [t1] "TestVolatile":15: 13
2020-12-19 20:58:10 DEBUG [t1] "TestVolatile":15: 13
2020-12-19 20:58:10 DEBUG [t1] "TestVolatile":15: 13
2020-12-19 20:58:10 DEBUG [t1] "TestVolatile":15: 13
2020-12-19 20:58:10 DEBUG [t1] "TestVolatile":15: 13
2020-12-19 20:58:10 DEBUG [t1] "TestVolatile":15: 13
2020-12-19 20:58:10 DEBUG [t1] "TestVolatile":15: 13
2020-12-19 20:58:10 DEBUG [t1] "TestVolatile":15: 13
2020-12-19 20:58:10 DEBUG [t1] "TestVolatile":15: 13
2020-12-19 20:58:10 DEBUG [t1] "TestVolatile":15: 13
2020-12-19 20:58:10 DEBUG [t1] "TestVolatile":15: 13
2020-12-19 20:58:10 DEBUG [t1] "TestVolatile":15: 13
2020-12-19 20:58:10 DEBUG [t1] "TestVolatile":15: 13
2020-12-19 20:58:10 DEBUG [t1] "TestVolatile":15: 13
2020-12-19 20:58:10 DEBUG [t1] "TestVolatile":15: 13
2020-12-19 20:58:10 DEBUG [t1] "TestVolatile":15: 13
2020-12-19 20:58:10 DEBUG [t1] "TestVolatile":15: 13
2020-12-19 20:58:10 DEBUG [t1] "TestVolatile":15: 13
2020-12-19 20:58:10 DEBUG [t1] "TestVolatile":15: 13
2020-12-19 20:58:10 DEBUG [t1] "TestVolatile":15: 13
2020-12-19 20:58:10 DEBUG [t1] "TestVolatile":15: 13
2020-12-19 20:58:10 DEBUG [t1] "TestVolatile":15: 13
2020-12-19 20:58:10 DEBUG [t1] "TestVolatile":15: 13
2020-12-19 20:58:10 DEBUG [t1] "TestVolatile":15: 13
2020-12-19 20:58:10 DEBUG [t1] "TestVolatile":15: 13
2020-12-19 20:58:10 DEBUG [t1] "TestVolatile":15: 13
2020-12-19 20:58:10 DEBUG [t1] "TestVolatile":15: 13
2020-12-19 20:58:10 DEBUG [t1] "TestVolatile":15: 13
2020-12-19 20:58:10 DEBUG [t1] "TestVolatile":15: 13
2020-12-19 20:58:10 DEBUG [t1] "TestVolatile":15: 13
2020-12-19 20:58:10 DEBUG [t1] "TestVolatile":15: 13
2020-12-19 20:58:10 DEBUG [t1] "TestVolatile":15: 13
2020-12-19 20:58:10 DEBUG [t1] "TestVolatile":15: 13
2020-12-19 20:58:10 DEBUG [t1] "TestVolatile":15: 13
2020-12-19 20:58:10 DEBUG [t1] "TestVolatile":15: 13
2020-12-19 20:58:10 DEBUG [t1] "TestVolatile":15: 13
2020-12-19 20:58:10 DEBUG [t1] "TestVolatile":15: 13
2020-12-19 20:58:10 DEBUG [t1] "TestVolatile":15: 13
2020-12-19 20:58:10 DEBUG [t1] "TestVolatile":15: 13
2020-12-19 20:58:10 DEBUG [t1] "TestVolatile":15: 13
2020-12-19 20:58:10 DEBUG [t1] "TestVolatile":15: 13
2020-12-19 20:58:10 DEBUG [t1] "TestVolatile":15: 13
2020-12-19 20:58:10 DEBUG [t1] "TestVolatile":15: 13
2020-12-19 20:58:10 DEBUG [t1] "TestVolatile":15: 13
2020-12-19 20:58:10 DEBUG [t1] "TestVolatile":15: 13
2020-12-19 20:58:10 DEBUG [t1] "TestVolatile":15: 13
2020-12-19 20:58:10 DEBUG [t1] "TestVolatile":15: 13
2020-12-19 20:58:10 DEBUG [t1] "TestVolatile":15: 13
2020-12-19 20:58:10 DEBUG [t1] "TestVolatile":15: 13
2020-12-19 20:58:10 DEBUG [t1] "TestVolatile":15: 13
2020-12-19 20:58:10 DEBUG [t1] "TestVolatile":15: 13
2020-12-19 20:58:10 DEBUG [t1] "TestVolatile":15: 13
2020-12-19 20:58:10 DEBUG [t1] "TestVolatile":15: 13
2020-12-19 20:58:10 DEBUG [t1] "TestVolatile":15: 13
2020-12-19 20:58:10 DEBUG [t1] "TestVolatile":15: 13
2020-12-19 20:58:10 DEBUG [t1] "TestVolatile":15: 13
2020-12-19 20:58:10 DEBUG [t1] "TestVolatile":15: 13
2020-12-19 20:58:10 DEBUG [t1] "TestVolatile":15: 13
2020-12-19 20:58:10 DEBUG [t1] "TestVolatile":15: 13
2020-12-19 20:58:10 DEBUG [t1] "TestVolatile":15: 13
2020-12-19 20:58:10 DEBUG [t1] "TestVolatile":15: 13
2020-12-19 20:58:10 DEBUG [t1] "TestVolatile":15: 13
2020-12-19 20:58:10 DEBUG [t1] "TestVolatile":15: 13
2020-12-19 20:58:10 DEBUG [t1] "TestVolatile":15: 13
2020-12-19 20:58:10 DEBUG [t1] "TestVolatile":15: 13
2020-12-19 20:58:10 DEBUG [t1] "TestVolatile":15: 13
2020-12-19 20:58:10 DEBUG [t1] "TestVolatile":15: 13
2020-12-19 20:58:10 DEBUG [t1] "TestVolatile":15: 13
2020-12-19 20:58:10 DEBUG [t1] "TestVolatile":15: 13
2020-12-19 20:58:10 DEBUG [t1] "TestVolatile":15: 13
2020-12-19 20:58:10 DEBUG [t1] "TestVolatile":15: 13
2020-12-19 20:58:10 DEBUG [t1] "TestVolatile":15: 13
2020-12-19 20:58:10 DEBUG [t1] "TestVolatile":15: 13
2020-12-19 20:58:10 DEBUG [t1] "TestVolatile":15: 13
2020-12-19 20:58:10 DEBUG [t1] "TestVolatile":15: 13
2020-12-19 20:58:10 DEBUG [t1] "TestVolatile":15: 13
2020-12-19 20:58:10 DEBUG [t1] "TestVolatile":15: 13
2020-12-19 20:58:10 DEBUG [t1] "TestVolatile":15: 13
2020-12-19 20:58:10 DEBUG [t1] "TestVolatile":15: 13
2020-12-19 20:58:10 DEBUG [t1] "TestVolatile":15: 13
2020-12-19 20:58:10 DEBUG [t1] "TestVolatile":15: 13
2020-12-19 20:58:10 DEBUG [t1] "TestVolatile":15: 13
2020-12-19 20:58:10 DEBUG [t1] "TestVolatile":15: 13
2020-12-19 20:58:10 DEBUG [t1] "TestVolatile":15: 13
2020-12-19 20:58:10 DEBUG [t1] "TestVolatile":15: 13
2020-12-19 20:58:10 DEBUG [t1] "TestVolatile":15: 13
2020-12-19 20:58:10 DEBUG [t1] "TestVolatile":15: 13
2020-12-19 20:58:10 DEBUG [t1] "TestVolatile":15: 13
2020-12-19 20:58:10 DEBUG [t1] "TestVolatile":15: 13
2020-12-19 20:58:10 DEBUG [t1] "TestVolatile":15: 13
2020-12-19 20:58:10 DEBUG [t1] "TestVolatile":15: 13
2020-12-19 20:58:10 DEBUG [t1] "TestVolatile":15: 13
2020-12-19 20:58:10 DEBUG [t1] "TestVolatile":15: 13
2020-12-19 20:58:10 DEBUG [t1] "TestVolatile":15: 13
2020-12-19 20:58:10 DEBUG [t1] "TestVolatile":15: 13
2020-12-19 20:58:10 DEBUG [t1] "TestVolatile":15: 13
2020-12-19 20:58:10 DEBUG [t1] "TestVolatile":15: 13
2020-12-19 20:58:10 DEBUG [t1] "TestVolatile":15: 13
2020-12-19 20:58:10 DEBUG [t1] "TestVolatile":15: 13
2020-12-19 20:58:10 DEBUG [t1] "TestVolatile":15: 13
2020-12-19 20:58:10 DEBUG [t1] "TestVolatile":15: 13
2020-12-19 20:58:10 DEBUG [t1] "TestVolatile":15: 13
2020-12-19 20:58:10 DEBUG [t1] "TestVolatile":15: 13
2020-12-19 20:58:10 DEBUG [t1] "TestVolatile":15: 13
2020-12-19 20:58:10 DEBUG [t1] "TestVolatile":15: 13
2020-12-19 20:58:10 DEBUG [t1] "TestVolatile":15: 13
2020-12-19 20:58:10 DEBUG [t1] "TestVolatile":15: 13
2020-12-19 20:58:10 DEBUG [t1] "TestVolatile":15: 13
2020-12-19 20:58:10 DEBUG [t1] "TestVolatile":15: 13
2020-12-19 20:58:10 DEBUG [t1] "TestVolatile":15: 13
2020-12-19 20:58:10 DEBUG [t1] "TestVolatile":15: 13
2020-12-19 20:58:10 DEBUG [t1] "TestVolatile":15: 13
2020-12-19 20:58:10 DEBUG [t1] "TestVolatile":15: 13
2020-12-19 20:58:10 DEBUG [t1] "TestVolatile":15: 13
2020-12-19 20:58:10 DEBUG [t1] "TestVolatile":15: 13
2020-12-19 20:58:10 DEBUG [t1] "TestVolatile":15: 13
2020-12-19 20:58:10 DEBUG [t1] "TestVolatile":15: 13
2020-12-19 20:58:10 DEBUG [t1] "TestVolatile":15: 13
2020-12-19 20:58:10 DEBUG [t1] "TestVolatile":15: 13
2020-12-19 20:58:10 DEBUG [t1] "TestVolatile":15: 13
2020-12-19 20:58:10 DEBUG [t1] "TestVolatile":15: 13
2020-12-19 20:58:10 DEBUG [t1] "TestVolatile":15: 13
2020-12-19 20:58:10 DEBUG [t1] "TestVolatile":15: 13
2020-12-19 20:58:10 DEBUG [t1] "TestVolatile":15: 13
2020-12-19 20:58:10 DEBUG [t1] "TestVolatile":15: 13
2020-12-19 20:58:10 DEBUG [t1] "TestVolatile":15: 13
2020-12-19 20:58:10 DEBUG [t1] "TestVolatile":15: 13
2020-12-19 20:58:10 DEBUG [t1] "TestVolatile":15: 13
2020-12-19 20:58:10 DEBUG [t1] "TestVolatile":15: 13
2020-12-19 20:58:10 DEBUG [t1] "TestVolatile":15: 13
2020-12-19 20:58:10 DEBUG [t1] "TestVolatile":15: 13
2020-12-19 20:58:10 DEBUG [t1] "TestVolatile":15: 13
2020-12-19 20:58:10 DEBUG [t1] "TestVolatile":15: 13
2020-12-19 20:58:10 DEBUG [t1] "TestVolatile":15: 13
2020-12-19 20:58:10 DEBUG [t1] "TestVolatile":15: 13
2020-12-19 20:58:10 DEBUG [t1] "TestVolatile":15: 13
2020-12-19 20:58:10 DEBUG [t1] "TestVolatile":15: 13
2020-12-19 20:58:10 DEBUG [t1] "TestVolatile":15: 13
2020-12-19 20:58:10 DEBUG [t1] "TestVolatile":15: 13
2020-12-19 20:58:10 DEBUG [t1] "TestVolatile":15: 13
2020-12-19 20:58:10 DEBUG [t1] "TestVolatile":15: 13
2020-12-19 20:58:10 DEBUG [t1] "TestVolatile":15: 13
2020-12-19 20:58:10 DEBUG [t1] "TestVolatile":15: 13
2020-12-19 20:58:10 DEBUG [t1] "TestVolatile":15: 13
2020-12-19 20:58:10 DEBUG [t1] "TestVolatile":15: 13
2020-12-19 20:58:10 DEBUG [t1] "TestVolatile":15: 13
2020-12-19 20:58:10 DEBUG [t1] "TestVolatile":15: 13
2020-12-19 20:58:10 DEBUG [t1] "TestVolatile":15: 13
2020-12-19 20:58:10 DEBUG [t1] "TestVolatile":15: 13
2020-12-19 20:58:10 DEBUG [t1] "TestVolatile":15: 13
2020-12-19 20:58:10 DEBUG [t1] "TestVolatile":15: 13
2020-12-19 20:58:10 DEBUG [t1] "TestVolatile":15: 13
2020-12-19 20:58:10 DEBUG [t1] "TestVolatile":15: 13
2020-12-19 20:58:10 DEBUG [t1] "TestVolatile":15: 13
2020-12-19 20:58:10 DEBUG [t1] "TestVolatile":15: 13
2020-12-19 20:58:10 DEBUG [t1] "TestVolatile":15: 13
2020-12-19 20:58:10 DEBUG [t1] "TestVolatile":15: 13
2020-12-19 20:58:10 DEBUG [t1] "TestVolatile":15: 13
2020-12-19 20:58:10 DEBUG [t1] "TestVolatile":15: 13
2020-12-19 20:58:10 DEBUG [t1] "TestVolatile":15: 13
2020-12-19 20:58:10 DEBUG [t1] "TestVolatile":15: 13
2020-12-19 20:58:10 DEBUG [t1] "TestVolatile":15: 13
2020-12-19 20:58:10 DEBUG [t1] "TestVolatile":15: 13
2020-12-19 20:58:10 DEBUG [t1] "TestVolatile":15: 13
2020-12-19 20:58:10 DEBUG [t1] "TestVolatile":15: 13
2020-12-19 20:58:10 DEBUG [t1] "TestVolatile":15: 13
2020-12-19 20:58:10 DEBUG [t1] "TestVolatile":15: 13
2020-12-19 20:58:10 DEBUG [t1] "TestVolatile":15: 13
2020-12-19 20:58:10 DEBUG [t1] "TestVolatile":15: 13
2020-12-19 20:58:10 DEBUG [t1] "TestVolatile":15: 13
2020-12-19 20:58:10 DEBUG [t1] "TestVolatile":15: 13
2020-12-19 20:58:10 DEBUG [t1] "TestVolatile":15: 13
2020-12-19 20:58:10 DEBUG [t1] "TestVolatile":15: 13
2020-12-19 20:58:10 DEBUG [t1] "TestVolatile":15: 13
2020-12-19 20:58:10 DEBUG [t1] "TestVolatile":15: 13
2020-12-19 20:58:10 DEBUG [t1] "TestVolatile":15: 13
2020-12-19 20:58:10 DEBUG [t1] "TestVolatile":15: 13
2020-12-19 20:58:10 DEBUG [t1] "TestVolatile":15: 13
2020-12-19 20:58:10 DEBUG [t1] "TestVolatile":15: 13
2020-12-19 20:58:10 DEBUG [t1] "TestVolatile":15: 13
2020-12-19 20:58:10 DEBUG [t1] "TestVolatile":15: 13
2020-12-19 20:58:10 DEBUG [t1] "TestVolatile":15: 13
2020-12-19 20:58:10 DEBUG [t1] "TestVolatile":15: 13
2020-12-19 20:58:10 DEBUG [t1] "TestVolatile":15: 13
2020-12-19 20:58:10 DEBUG [t1] "TestVolatile":15: 13
2020-12-19 20:58:10 DEBUG [t1] "TestVolatile":15: 13
2020-12-19 20:58:10 DEBUG [t1] "TestVolatile":15: 13
2020-12-19 20:58:10 DEBUG [t1] "TestVolatile":15: 13
2020-12-19 20:58:10 DEBUG [t1] "TestVolatile":15: 13
2020-12-19 20:58:10 DEBUG [t1] "TestVolatile":15: 13
2020-12-19 20:58:10 DEBUG [t1] "TestVolatile":15: 13
2020-12-19 20:58:10 DEBUG [t1] "TestVolatile":15: 13
2020-12-19 20:58:10 DEBUG [t1] "TestVolatile":15: 13
2020-12-19 20:58:10 DEBUG [t1] "TestVolatile":15: 13
2020-12-19 20:58:10 DEBUG [t1] "TestVolatile":15: 13
2020-12-19 20:58:10 DEBUG [t1] "TestVolatile":15: 13
2020-12-19 20:58:10 DEBUG [t1] "TestVolatile":15: 13
2020-12-19 20:58:10 DEBUG [t1] "TestVolatile":15: 13
2020-12-19 20:58:10 DEBUG [t1] "TestVolatile":15: 13
2020-12-19 20:58:10 DEBUG [t1] "TestVolatile":15: 13
2020-12-19 20:58:10 DEBUG [t1] "TestVolatile":15: 13
2020-12-19 20:58:10 DEBUG [t1] "TestVolatile":15: 13
2020-12-19 20:58:10 DEBUG [t1] "TestVolatile":15: 13
2020-12-19 20:58:10 DEBUG [t1] "TestVolatile":15: 13
2020-12-19 20:58:10 DEBUG [t1] "TestVolatile":15: 13
2020-12-19 20:58:10 DEBUG [t1] "TestVolatile":15: 13
2020-12-19 20:58:10 DEBUG [t1] "TestVolatile":15: 13
2020-12-19 20:58:10 DEBUG [t1] "TestVolatile":15: 13
2020-12-19 20:58:10 DEBUG [t1] "TestVolatile":15: 13
2020-12-19 20:58:10 DEBUG [t1] "TestVolatile":15: 13
2020-12-19 20:58:10 DEBUG [t1] "TestVolatile":15: 13
2020-12-19 20:58:10 DEBUG [t1] "TestVolatile":15: 13
2020-12-19 20:58:10 DEBUG [t1] "TestVolatile":15: 13
2020-12-19 20:58:10 DEBUG [t1] "TestVolatile":15: 13
2020-12-19 20:58:10 DEBUG [t1] "TestVolatile":15: 13
2020-12-19 20:58:10 DEBUG [t1] "TestVolatile":15: 13
2020-12-19 20:58:10 DEBUG [t1] "TestVolatile":15: 13
2020-12-19 20:58:10 DEBUG [t1] "TestVolatile":15: 13
2020-12-19 20:58:10 DEBUG [t1] "TestVolatile":15: 13
2020-12-19 20:58:10 DEBUG [t1] "TestVolatile":15: 13
2020-12-19 20:58:10 DEBUG [t1] "TestVolatile":15: 13
2020-12-19 20:58:10 DEBUG [t1] "TestVolatile":15: 13
2020-12-19 20:58:10 DEBUG [t1] "TestVolatile":15: 13
2020-12-19 20:58:10 DEBUG [t1] "TestVolatile":15: 13
2020-12-19 20:58:10 DEBUG [t1] "TestVolatile":15: 13
2020-12-19 20:58:10 DEBUG [t1] "TestVolatile":15: 13
2020-12-19 20:58:10 DEBUG [t1] "TestVolatile":15: 13
2020-12-19 20:58:10 DEBUG [t1] "TestVolatile":15: 13
2020-12-19 20:58:10 DEBUG [t1] "TestVolatile":15: 13
2020-12-19 20:58:10 DEBUG [t1] "TestVolatile":15: 13
2020-12-19 20:58:10 DEBUG [t1] "TestVolatile":15: 13
2020-12-19 20:58:10 DEBUG [t1] "TestVolatile":15: 13
2020-12-19 20:58:10 DEBUG [t1] "TestVolatile":15: 13
2020-12-19 20:58:10 DEBUG [t1] "TestVolatile":15: 13
2020-12-19 20:58:10 DEBUG [t1] "TestVolatile":15: 13
2020-12-19 20:58:10 DEBUG [t1] "TestVolatile":15: 13
2020-12-19 20:58:10 DEBUG [t1] "TestVolatile":15: 13
2020-12-19 20:58:10 DEBUG [t1] "TestVolatile":15: 13
2020-12-19 20:58:10 DEBUG [t1] "TestVolatile":15: 13
2020-12-19 20:58:10 DEBUG [t1] "TestVolatile":15: 13
2020-12-19 20:58:10 DEBUG [t1] "TestVolatile":15: 13
2020-12-19 20:58:10 DEBUG [t1] "TestVolatile":15: 13
2020-12-19 20:58:10 DEBUG [t1] "TestVolatile":15: 13
2020-12-19 20:58:10 DEBUG [t1] "TestVolatile":15: 13
2020-12-19 20:58:10 DEBUG [t1] "TestVolatile":15: 13
2020-12-19 20:58:10 DEBUG [t1] "TestVolatile":15: 13
2020-12-19 20:58:10 DEBUG [t1] "TestVolatile":15: 13
2020-12-19 20:58:10 DEBUG [t1] "TestVolatile":15: 13
2020-12-19 20:58:10 DEBUG [t1] "TestVolatile":15: 13
2020-12-19 20:58:10 DEBUG [t1] "TestVolatile":15: 13
2020-12-19 20:58:10 DEBUG [t1] "TestVolatile":15: 13
2020-12-19 20:58:10 DEBUG [t1] "TestVolatile":15: 13
2020-12-19 20:58:10 DEBUG [t1] "TestVolatile":15: 13
2020-12-19 20:58:10 DEBUG [t1] "TestVolatile":15: 13
2020-12-19 20:58:10 DEBUG [t1] "TestVolatile":15: 13
2020-12-19 20:58:10 DEBUG [t1] "TestVolatile":15: 13
2020-12-19 20:58:10 DEBUG [t1] "TestVolatile":15: 13
2020-12-19 20:58:10 DEBUG [t1] "TestVolatile":15: 13
2020-12-19 20:58:10 DEBUG [t1] "TestVolatile":15: 13
2020-12-19 20:58:10 DEBUG [t1] "TestVolatile":15: 13
2020-12-19 20:58:10 DEBUG [t1] "TestVolatile":15: 13
2020-12-19 20:58:10 DEBUG [t1] "TestVolatile":15: 13
2020-12-19 20:58:10 DEBUG [t1] "TestVolatile":15: 13
2020-12-19 20:58:10 DEBUG [t1] "TestVolatile":15: 13
2020-12-19 20:58:10 DEBUG [t1] "TestVolatile":15: 13
2020-12-19 20:58:10 DEBUG [t1] "TestVolatile":15: 13
2020-12-19 20:58:10 DEBUG [t1] "TestVolatile":15: 13
2020-12-19 20:58:10 DEBUG [t1] "TestVolatile":15: 13
2020-12-19 20:58:10 DEBUG [t1] "TestVolatile":15: 13
2020-12-19 20:58:10 DEBUG [t1] "TestVolatile":15: 13
2020-12-19 20:58:10 DEBUG [t1] "TestVolatile":15: 13
2020-12-19 20:58:10 DEBUG [t1] "TestVolatile":15: 13
2020-12-19 20:58:10 DEBUG [t1] "TestVolatile":15: 13
2020-12-19 20:58:10 DEBUG [t1] "TestVolatile":15: 13
2020-12-19 20:58:10 DEBUG [t1] "TestVolatile":15: 13
2020-12-19 20:58:10 DEBUG [t1] "TestVolatile":15: 13
2020-12-19 20:58:10 DEBUG [t1] "TestVolatile":15: 13
2020-12-19 20:58:10 DEBUG [t1] "TestVolatile":15: 13
2020-12-19 20:58:10 DEBUG [t1] "TestVolatile":15: 13
2020-12-19 20:58:10 DEBUG [t1] "TestVolatile":15: 13
2020-12-19 20:58:10 DEBUG [t1] "TestVolatile":15: 13
2020-12-19 20:58:10 DEBUG [t1] "TestVolatile":15: 13
2020-12-19 20:58:10 DEBUG [t1] "TestVolatile":15: 13
2020-12-19 20:58:10 DEBUG [t1] "TestVolatile":15: 13
2020-12-19 20:58:10 DEBUG [t1] "TestVolatile":15: 13
2020-12-19 20:58:10 DEBUG [t1] "TestVolatile":15: 13
2020-12-19 20:58:10 DEBUG [t1] "TestVolatile":15: 13
2020-12-19 20:58:10 DEBUG [t1] "TestVolatile":15: 13
2020-12-19 20:58:10 DEBUG [t1] "TestVolatile":15: 13
2020-12-19 20:58:10 DEBUG [t1] "TestVolatile":15: 13
2020-12-19 20:58:10 DEBUG [t1] "TestVolatile":15: 13
2020-12-19 20:58:10 DEBUG [t1] "TestVolatile":15: 13
2020-12-19 20:58:10 DEBUG [t1] "TestVolatile":15: 13
2020-12-19 20:58:10 DEBUG [t1] "TestVolatile":15: 13
2020-12-19 20:58:10 DEBUG [t1] "TestVolatile":15: 13
2020-12-19 20:58:10 DEBUG [t1] "TestVolatile":15: 13
2020-12-19 20:58:10 DEBUG [t1] "TestVolatile":15: 13
2020-12-19 20:58:10 DEBUG [t1] "TestVolatile":15: 13
2020-12-19 20:58:10 DEBUG [t1] "TestVolatile":15: 13
2020-12-19 20:58:10 DEBUG [t1] "TestVolatile":15: 13
2020-12-19 20:58:10 DEBUG [t1] "TestVolatile":15: 13
2020-12-19 20:58:10 DEBUG [t1] "TestVolatile":15: 13
2020-12-19 20:58:10 DEBUG [t1] "TestVolatile":15: 13
2020-12-19 20:58:10 DEBUG [t1] "TestVolatile":15: 13
2020-12-19 20:58:10 DEBUG [t1] "TestVolatile":15: 13
2020-12-19 20:58:10 DEBUG [t1] "TestVolatile":15: 13
2020-12-19 20:58:10 DEBUG [t1] "TestVolatile":15: 13
2020-12-19 20:58:10 DEBUG [t1] "TestVolatile":15: 13
2020-12-19 20:58:10 DEBUG [t1] "TestVolatile":15: 13
2020-12-19 20:58:10 DEBUG [t1] "TestVolatile":15: 13
2020-12-19 20:58:10 DEBUG [t1] "TestVolatile":15: 13
2020-12-19 20:58:10 DEBUG [t1] "TestVolatile":15: 13
2020-12-19 20:58:10 DEBUG [t1] "TestVolatile":15: 13
2020-12-19 20:58:10 DEBUG [t1] "TestVolatile":15: 13
2020-12-19 20:58:10 DEBUG [t1] "TestVolatile":15: 13
2020-12-19 20:58:10 DEBUG [t1] "TestVolatile":15: 13
2020-12-19 20:58:10 DEBUG [t1] "TestVolatile":15: 13
2020-12-19 20:58:10 DEBUG [t1] "TestVolatile":15: 13
2020-12-19 20:58:10 DEBUG [t1] "TestVolatile":15: 13
2020-12-19 20:58:10 DEBUG [t1] "TestVolatile":15: 13
2020-12-19 20:58:10 DEBUG [t1] "TestVolatile":15: 13
2020-12-19 20:58:10 DEBUG [t1] "TestVolatile":15: 13
2020-12-19 20:58:10 DEBUG [t1] "TestVolatile":15: 13
2020-12-19 20:58:10 DEBUG [t1] "TestVolatile":15: 13
2020-12-19 20:58:10 DEBUG [t1] "TestVolatile":15: 13
2020-12-19 20:58:10 DEBUG [t1] "TestVolatile":15: 13
2020-12-19 20:58:10 DEBUG [t1] "TestVolatile":15: 13
2020-12-19 20:58:10 DEBUG [t1] "TestVolatile":15: 13
2020-12-19 20:58:10 DEBUG [t1] "TestVolatile":15: 13
2020-12-19 20:58:10 DEBUG [t1] "TestVolatile":15: 13
2020-12-19 20:58:10 DEBUG [t1] "TestVolatile":15: 13
2020-12-19 20:58:10 DEBUG [t1] "TestVolatile":15: 13
2020-12-19 20:58:10 DEBUG [t1] "TestVolatile":15: 13
2020-12-19 20:58:10 DEBUG [t1] "TestVolatile":15: 13
2020-12-19 20:58:10 DEBUG [t1] "TestVolatile":15: 13
2020-12-19 20:58:10 DEBUG [t1] "TestVolatile":15: 13
2020-12-19 20:58:10 DEBUG [t1] "TestVolatile":15: 13
2020-12-19 20:58:10 DEBUG [t1] "TestVolatile":15: 13
2020-12-19 20:58:10 DEBUG [t1] "TestVolatile":15: 13
2020-12-19 20:58:10 DEBUG [t1] "TestVolatile":15: 13
2020-12-19 20:58:10 DEBUG [t1] "TestVolatile":15: 13
2020-12-19 20:58:10 DEBUG [t1] "TestVolatile":15: 13
2020-12-19 20:58:10 DEBUG [t1] "TestVolatile":15: 13
2020-12-19 20:58:10 DEBUG [t1] "TestVolatile":15: 13
2020-12-19 20:58:10 DEBUG [t1] "TestVolatile":15: 13
2020-12-19 20:58:10 DEBUG [t1] "TestVolatile":15: 13
2020-12-19 20:58:10 DEBUG [t1] "TestVolatile":15: 13
2020-12-19 20:58:10 DEBUG [t1] "TestVolatile":15: 13
2020-12-19 20:58:10 DEBUG [t1] "TestVolatile":15: 13
2020-12-19 20:58:10 DEBUG [t1] "TestVolatile":15: 13
2020-12-19 20:58:10 DEBUG [t1] "TestVolatile":15: 13
2020-12-19 20:58:10 DEBUG [t1] "TestVolatile":15: 13
2020-12-19 20:58:10 DEBUG [t1] "TestVolatile":15: 13
2020-12-19 20:58:10 DEBUG [t1] "TestVolatile":15: 13
2020-12-19 20:58:10 DEBUG [t1] "TestVolatile":15: 13
2020-12-19 20:58:10 DEBUG [t1] "TestVolatile":15: 13
2020-12-19 20:58:10 DEBUG [t1] "TestVolatile":15: 13
2020-12-19 20:58:10 DEBUG [t1] "TestVolatile":15: 13
2020-12-19 20:58:10 DEBUG [t1] "TestVolatile":15: 13
2020-12-19 20:58:10 DEBUG [t1] "TestVolatile":15: 13
2020-12-19 20:58:10 DEBUG [t1] "TestVolatile":15: 13
2020-12-19 20:58:10 DEBUG [t1] "TestVolatile":15: 13
2020-12-19 20:58:10 DEBUG [t1] "TestVolatile":15: 13
2020-12-19 20:58:10 DEBUG [t1] "TestVolatile":15: 13
2020-12-19 20:58:10 DEBUG [t1] "TestVolatile":15: 13
2020-12-19 20:58:10 DEBUG [t1] "TestVolatile":15: 13
2020-12-19 20:58:10 DEBUG [t1] "TestVolatile":15: 13
2020-12-19 20:58:10 DEBUG [t1] "TestVolatile":15: 13
2020-12-19 20:58:10 DEBUG [t1] "TestVolatile":15: 13
2020-12-19 20:58:10 DEBUG [t1] "TestVolatile":15: 13
2020-12-19 20:58:10 DEBUG [t1] "TestVolatile":15: 13
2020-12-19 20:58:10 DEBUG [t1] "TestVolatile":15: 13
2020-12-19 20:58:10 DEBUG [t1] "TestVolatile":15: 13
2020-12-19 20:58:10 DEBUG [t1] "TestVolatile":15: 13
2020-12-19 20:58:10 DEBUG [t1] "TestVolatile":15: 13
2020-12-19 20:58:10 DEBUG [t1] "TestVolatile":15: 13
2020-12-19 20:58:10 DEBUG [t1] "TestVolatile":15: 13
2020-12-19 20:58:10 DEBUG [t1] "TestVolatile":15: 13
2020-12-19 20:58:10 DEBUG [t1] "TestVolatile":15: 13
2020-12-19 20:58:10 DEBUG [t1] "TestVolatile":15: 13
2020-12-19 20:58:10 DEBUG [t1] "TestVolatile":15: 13
2020-12-19 20:58:10 DEBUG [t1] "TestVolatile":15: 13
2020-12-19 20:58:10 DEBUG [t1] "TestVolatile":15: 13
2020-12-19 20:58:10 DEBUG [t1] "TestVolatile":15: 13
2020-12-19 20:58:10 DEBUG [t1] "TestVolatile":15: 13
2020-12-19 20:58:10 DEBUG [t1] "TestVolatile":15: 13
2020-12-19 20:58:10 DEBUG [t1] "TestVolatile":15: 13
2020-12-19 20:58:10 DEBUG [t1] "TestVolatile":15: 13
2020-12-19 20:58:10 DEBUG [t1] "TestVolatile":15: 13
2020-12-19 20:58:10 DEBUG [t1] "TestVolatile":15: 13
2020-12-19 20:58:10 DEBUG [t1] "TestVolatile":15: 13
2020-12-19 20:58:10 DEBUG [t1] "TestVolatile":15: 13
2020-12-19 20:58:10 DEBUG [t1] "TestVolatile":15: 13
2020-12-19 20:58:10 DEBUG [t1] "TestVolatile":15: 13
2020-12-19 20:58:10 DEBUG [t1] "TestVolatile":15: 13
2020-12-19 20:58:10 DEBUG [t1] "TestVolatile":15: 13
2020-12-19 20:58:10 DEBUG [t1] "TestVolatile":15: 13
2020-12-19 20:58:10 DEBUG [t1] "TestVolatile":15: 13
2020-12-19 20:58:10 DEBUG [t1] "TestVolatile":15: 13
2020-12-19 20:58:10 DEBUG [t1] "TestVolatile":15: 13
2020-12-19 20:58:10 DEBUG [t1] "TestVolatile":15: 13
2020-12-19 20:58:10 DEBUG [t1] "TestVolatile":15: 13
2020-12-19 20:58:10 DEBUG [t1] "TestVolatile":15: 13
2020-12-19 20:58:10 DEBUG [t1] "TestVolatile":15: 13
2020-12-19 20:58:10 DEBUG [t1] "TestVolatile":15: 13
2020-12-19 20:58:10 DEBUG [t1] "TestVolatile":15: 13
2020-12-19 20:58:10 DEBUG [t1] "TestVolatile":15: 13
2020-12-19 20:58:10 DEBUG [t1] "TestVolatile":15: 13
2020-12-19 20:58:10 DEBUG [t1] "TestVolatile":15: 13
2020-12-19 20:58:10 DEBUG [t1] "TestVolatile":15: 13
2020-12-19 20:58:10 DEBUG [t1] "TestVolatile":15: 13
2020-12-19 20:58:10 DEBUG [t1] "TestVolatile":15: 13
2020-12-19 20:58:10 DEBUG [t1] "TestVolatile":15: 13
2020-12-19 20:58:10 DEBUG [t1] "TestVolatile":15: 13
2020-12-19 20:58:10 DEBUG [t1] "TestVolatile":15: 13
2020-12-19 20:58:10 DEBUG [t1] "TestVolatile":15: 13
2020-12-19 20:58:10 DEBUG [t1] "TestVolatile":15: 13
2020-12-19 20:58:10 DEBUG [t1] "TestVolatile":15: 13
2020-12-19 20:58:10 DEBUG [t1] "TestVolatile":15: 13
2020-12-19 20:58:10 DEBUG [t1] "TestVolatile":15: 13
2020-12-19 20:58:10 DEBUG [t1] "TestVolatile":15: 13
2020-12-19 20:58:10 DEBUG [t1] "TestVolatile":15: 13
2020-12-19 20:58:10 DEBUG [t1] "TestVolatile":15: 13
2020-12-19 20:58:10 DEBUG [t1] "TestVolatile":15: 13
2020-12-19 20:58:10 DEBUG [t1] "TestVolatile":15: 13
2020-12-19 20:58:10 DEBUG [t1] "TestVolatile":15: 13
2020-12-19 20:58:10 DEBUG [t1] "TestVolatile":15: 13
2020-12-19 20:58:10 DEBUG [t1] "TestVolatile":15: 13
2020-12-19 20:58:10 DEBUG [t1] "TestVolatile":15: 13
2020-12-19 20:58:10 DEBUG [t1] "TestVolatile":15: 13
2020-12-19 20:58:10 DEBUG [t1] "TestVolatile":15: 13
2020-12-19 20:58:10 DEBUG [t1] "TestVolatile":15: 13
2020-12-19 20:58:10 DEBUG [t1] "TestVolatile":15: 13
2020-12-19 20:58:10 DEBUG [t1] "TestVolatile":15: 13
2020-12-19 20:58:10 DEBUG [t1] "TestVolatile":15: 13
2020-12-19 20:58:10 DEBUG [t1] "TestVolatile":15: 13
2020-12-19 20:58:10 DEBUG [t1] "TestVolatile":15: 13
2020-12-19 20:58:10 DEBUG [t1] "TestVolatile":15: 13
2020-12-19 20:58:10 DEBUG [t1] "TestVolatile":15: 13
2020-12-19 20:58:10 DEBUG [t1] "TestVolatile":15: 13
2020-12-19 20:58:10 DEBUG [t1] "TestVolatile":15: 13
2020-12-19 20:58:10 DEBUG [t1] "TestVolatile":15: 13
2020-12-19 20:58:10 DEBUG [t1] "TestVolatile":15: 13
2020-12-19 20:58:10 DEBUG [t1] "TestVolatile":15: 13
2020-12-19 20:58:10 DEBUG [t1] "TestVolatile":15: 13
2020-12-19 20:58:10 DEBUG [t1] "TestVolatile":15: 13
2020-12-19 20:58:10 DEBUG [t1] "TestVolatile":15: 13
2020-12-19 20:58:10 DEBUG [t1] "TestVolatile":15: 13
2020-12-19 20:58:10 DEBUG [t1] "TestVolatile":15: 13
2020-12-19 20:58:10 DEBUG [t1] "TestVolatile":15: 13
2020-12-19 20:58:10 DEBUG [t1] "TestVolatile":15: 13
2020-12-19 20:58:10 DEBUG [t1] "TestVolatile":15: 13
2020-12-19 20:58:10 DEBUG [t1] "TestVolatile":15: 13
2020-12-19 20:58:10 DEBUG [t1] "TestVolatile":15: 13
2020-12-19 20:58:10 DEBUG [t1] "TestVolatile":15: 13
2020-12-19 20:58:10 DEBUG [t1] "TestVolatile":15: 13
2020-12-19 20:58:10 DEBUG [t1] "TestVolatile":15: 13
2020-12-19 20:58:10 DEBUG [t1] "TestVolatile":15: 13
2020-12-19 20:58:10 DEBUG [t1] "TestVolatile":15: 13
2020-12-19 20:58:10 DEBUG [t1] "TestVolatile":15: 13
2020-12-19 20:58:10 DEBUG [t1] "TestVolatile":15: 13
2020-12-19 20:58:10 DEBUG [t1] "TestVolatile":15: 13
2020-12-19 20:58:10 DEBUG [t1] "TestVolatile":15: 13
2020-12-19 20:58:10 DEBUG [t1] "TestVolatile":15: 13
2020-12-19 20:58:10 DEBUG [t1] "TestVolatile":15: 13
2020-12-19 20:58:10 DEBUG [t1] "TestVolatile":15: 13
2020-12-19 20:58:10 DEBUG [t1] "TestVolatile":15: 13
2020-12-19 20:58:10 DEBUG [t1] "TestVolatile":15: 13
2020-12-19 20:58:10 DEBUG [t1] "TestVolatile":15: 13
2020-12-19 20:58:10 DEBUG [t1] "TestVolatile":15: 13
2020-12-19 20:58:10 DEBUG [t1] "TestVolatile":15: 13
2020-12-19 20:58:10 DEBUG [t1] "TestVolatile":15: 13
2020-12-19 20:58:10 DEBUG [t1] "TestVolatile":15: 13
2020-12-19 20:58:10 DEBUG [t1] "TestVolatile":15: 13
2020-12-19 20:58:10 DEBUG [t1] "TestVolatile":15: 13
2020-12-19 20:58:10 DEBUG [t1] "TestVolatile":15: 13
2020-12-19 20:58:10 DEBUG [t1] "TestVolatile":15: 13
2020-12-19 20:58:10 DEBUG [t1] "TestVolatile":15: 13
2020-12-19 20:58:10 DEBUG [t1] "TestVolatile":15: 13
2020-12-19 20:58:10 DEBUG [t1] "TestVolatile":15: 13
2020-12-19 20:58:10 DEBUG [t1] "TestVolatile":15: 13
2020-12-19 20:58:10 DEBUG [t1] "TestVolatile":15: 13
2020-12-19 20:58:10 DEBUG [t1] "TestVolatile":15: 13
2020-12-19 20:58:10 DEBUG [t1] "TestVolatile":15: 13
2020-12-19 20:58:10 DEBUG [t1] "TestVolatile":15: 13
2020-12-19 20:58:10 DEBUG [t1] "TestVolatile":15: 13
2020-12-19 20:58:10 DEBUG [t1] "TestVolatile":15: 13
2020-12-19 20:58:10 DEBUG [t1] "TestVolatile":15: 13
2020-12-19 20:58:10 DEBUG [t1] "TestVolatile":15: 13
2020-12-19 20:58:10 DEBUG [t1] "TestVolatile":15: 13
2020-12-19 20:58:10 DEBUG [t1] "TestVolatile":15: 13
2020-12-19 20:58:10 DEBUG [t1] "TestVolatile":15: 13
2020-12-19 20:58:10 DEBUG [t1] "TestVolatile":15: 13
2020-12-19 20:58:10 DEBUG [t1] "TestVolatile":15: 13
2020-12-19 20:58:10 DEBUG [t1] "TestVolatile":15: 13
2020-12-19 20:58:10 DEBUG [t1] "TestVolatile":15: 13
2020-12-19 20:58:10 DEBUG [t1] "TestVolatile":15: 13
2020-12-19 20:58:10 DEBUG [t1] "TestVolatile":15: 13
2020-12-19 20:58:10 DEBUG [t1] "TestVolatile":15: 13
2020-12-19 20:58:10 DEBUG [t1] "TestVolatile":15: 13
2020-12-19 20:58:10 DEBUG [t1] "TestVolatile":15: 13
2020-12-19 20:58:10 DEBUG [t1] "TestVolatile":15: 13
2020-12-19 20:58:10 DEBUG [t1] "TestVolatile":15: 13
2020-12-19 20:58:10 DEBUG [t1] "TestVolatile":15: 13
2020-12-19 20:58:10 DEBUG [t1] "TestVolatile":15: 13
2020-12-19 20:58:10 DEBUG [t1] "TestVolatile":15: 13
2020-12-19 20:58:10 DEBUG [t1] "TestVolatile":15: 13
2020-12-19 20:58:10 DEBUG [t1] "TestVolatile":15: 13
2020-12-19 20:58:10 DEBUG [t1] "TestVolatile":15: 13
2020-12-19 20:58:10 DEBUG [t1] "TestVolatile":15: 13
2020-12-19 20:58:10 DEBUG [t1] "TestVolatile":15: 13
2020-12-19 20:58:10 DEBUG [t1] "TestVolatile":15: 13
2020-12-19 20:58:10 DEBUG [t1] "TestVolatile":15: 13
2020-12-19 20:58:10 DEBUG [t1] "TestVolatile":15: 13
2020-12-19 20:58:10 DEBUG [t1] "TestVolatile":15: 13
2020-12-19 20:58:10 DEBUG [t1] "TestVolatile":15: 13
2020-12-19 20:58:10 DEBUG [t1] "TestVolatile":15: 13
2020-12-19 20:58:10 DEBUG [t1] "TestVolatile":15: 13
2020-12-19 20:58:10 DEBUG [t1] "TestVolatile":15: 13
2020-12-19 20:58:10 DEBUG [t1] "TestVolatile":15: 13
2020-12-19 20:58:10 DEBUG [t1] "TestVolatile":15: 13
2020-12-19 20:58:10 DEBUG [t1] "TestVolatile":15: 13
2020-12-19 20:58:10 DEBUG [t1] "TestVolatile":15: 13
2020-12-19 20:58:10 DEBUG [t1] "TestVolatile":15: 13
2020-12-19 20:58:10 DEBUG [t1] "TestVolatile":15: 13
2020-12-19 20:58:10 DEBUG [t1] "TestVolatile":15: 13
2020-12-19 20:58:10 DEBUG [t1] "TestVolatile":15: 13
2020-12-19 20:58:10 DEBUG [t1] "TestVolatile":15: 13
2020-12-19 20:58:10 DEBUG [t1] "TestVolatile":15: 13
2020-12-19 20:58:10 DEBUG [t1] "TestVolatile":15: 13
2020-12-19 20:58:10 DEBUG [t1] "TestVolatile":15: 13
2020-12-19 20:58:10 DEBUG [t1] "TestVolatile":15: 13
2020-12-19 20:58:10 DEBUG [t1] "TestVolatile":15: 13
2020-12-19 20:58:10 DEBUG [t1] "TestVolatile":15: 13
2020-12-19 20:58:10 DEBUG [t1] "TestVolatile":15: 13
2020-12-19 20:58:10 DEBUG [t1] "TestVolatile":15: 13
2020-12-19 20:58:10 DEBUG [t1] "TestVolatile":15: 13
2020-12-19 20:58:10 DEBUG [t1] "TestVolatile":15: 13
2020-12-19 20:58:10 DEBUG [t1] "TestVolatile":15: 13
2020-12-19 20:58:10 DEBUG [t1] "TestVolatile":15: 13
2020-12-19 20:58:10 DEBUG [t1] "TestVolatile":15: 13
2020-12-19 20:58:10 DEBUG [t1] "TestVolatile":15: 13
2020-12-19 20:58:10 DEBUG [t1] "TestVolatile":15: 13
2020-12-19 20:58:10 DEBUG [t1] "TestVolatile":15: 13
2020-12-19 20:58:10 DEBUG [t1] "TestVolatile":15: 13
2020-12-19 20:58:10 DEBUG [t1] "TestVolatile":15: 13
2020-12-19 20:58:10 DEBUG [t1] "TestVolatile":15: 13
2020-12-19 20:58:10 DEBUG [t1] "TestVolatile":15: 13
2020-12-19 20:58:10 DEBUG [t1] "TestVolatile":15: 13
2020-12-19 20:58:10 DEBUG [t1] "TestVolatile":15: 13
2020-12-19 20:58:10 DEBUG [t1] "TestVolatile":15: 13
2020-12-19 20:58:10 DEBUG [t1] "TestVolatile":15: 13
2020-12-19 20:58:10 DEBUG [t1] "TestVolatile":15: 13
2020-12-19 20:58:10 DEBUG [t1] "TestVolatile":15: 13
2020-12-19 20:58:10 DEBUG [t1] "TestVolatile":15: 13
2020-12-19 20:58:10 DEBUG [t1] "TestVolatile":15: 13
2020-12-19 20:58:10 DEBUG [t1] "TestVolatile":15: 13
2020-12-19 20:58:10 DEBUG [t1] "TestVolatile":15: 13
2020-12-19 20:58:10 DEBUG [t1] "TestVolatile":15: 13
2020-12-19 20:58:10 DEBUG [t1] "TestVolatile":15: 13
2020-12-19 20:58:10 DEBUG [t1] "TestVolatile":15: 13
2020-12-19 20:58:10 DEBUG [t1] "TestVolatile":15: 13
2020-12-19 20:58:10 DEBUG [t1] "TestVolatile":15: 13
2020-12-19 20:58:10 DEBUG [t1] "TestVolatile":15: 13
2020-12-19 20:58:10 DEBUG [t1] "TestVolatile":15: 13
2020-12-19 20:58:10 DEBUG [t1] "TestVolatile":15: 13
2020-12-19 20:58:10 DEBUG [t1] "TestVolatile":15: 13
2020-12-19 20:58:10 DEBUG [t1] "TestVolatile":15: 13
2020-12-19 20:58:10 DEBUG [t1] "TestVolatile":15: 13
2020-12-19 20:58:10 DEBUG [t1] "TestVolatile":15: 13
2020-12-19 20:58:10 DEBUG [t1] "TestVolatile":15: 13
2020-12-19 20:58:10 DEBUG [t1] "TestVolatile":15: 13
2020-12-19 20:58:10 DEBUG [t1] "TestVolatile":15: 13
2020-12-19 20:58:10 DEBUG [t1] "TestVolatile":15: 13
2020-12-19 20:58:10 DEBUG [t1] "TestVolatile":15: 13
2020-12-19 20:58:10 DEBUG [t1] "TestVolatile":15: 13
2020-12-19 20:58:10 DEBUG [t1] "TestVolatile":15: 13
2020-12-19 20:58:10 DEBUG [t1] "TestVolatile":15: 13
2020-12-19 20:58:10 DEBUG [t1] "TestVolatile":15: 13
2020-12-19 20:58:10 DEBUG [t1] "TestVolatile":15: 13
2020-12-19 20:58:10 DEBUG [t1] "TestVolatile":15: 13
2020-12-19 20:58:10 DEBUG [t1] "TestVolatile":15: 13
2020-12-19 20:58:10 DEBUG [t1] "TestVolatile":15: 13
2020-12-19 20:58:10 DEBUG [t1] "TestVolatile":15: 13
2020-12-19 20:58:10 DEBUG [t1] "TestVolatile":15: 13
2020-12-19 20:58:10 DEBUG [t1] "TestVolatile":15: 13
2020-12-19 20:58:10 DEBUG [t1] "TestVolatile":15: 13
2020-12-19 20:58:10 DEBUG [t1] "TestVolatile":15: 13
2020-12-19 20:58:10 DEBUG [t1] "TestVolatile":15: 13
2020-12-19 20:58:10 DEBUG [t1] "TestVolatile":15: 13
2020-12-19 20:58:10 DEBUG [t1] "TestVolatile":15: 13
2020-12-19 20:58:10 DEBUG [t1] "TestVolatile":15: 13
2020-12-19 20:58:10 DEBUG [t1] "TestVolatile":15: 13
2020-12-19 20:58:10 DEBUG [t1] "TestVolatile":15: 13
2020-12-19 20:58:10 DEBUG [t1] "TestVolatile":15: 13
2020-12-19 20:58:10 DEBUG [t1] "TestVolatile":15: 13
2020-12-19 20:58:10 DEBUG [t1] "TestVolatile":15: 13
2020-12-19 20:58:10 DEBUG [t1] "TestVolatile":15: 13
2020-12-19 20:58:10 DEBUG [t1] "TestVolatile":15: 13
2020-12-19 20:58:10 DEBUG [t1] "TestVolatile":15: 13
2020-12-19 20:58:10 DEBUG [t1] "TestVolatile":15: 13
2020-12-19 20:58:10 DEBUG [t1] "TestVolatile":15: 13
2020-12-19 20:58:10 DEBUG [t1] "TestVolatile":15: 13
2020-12-19 20:58:10 DEBUG [t1] "TestVolatile":15: 13
2020-12-19 20:58:10 DEBUG [t1] "TestVolatile":15: 13
2020-12-19 20:58:10 DEBUG [t1] "TestVolatile":15: 13
2020-12-19 20:58:10 DEBUG [t1] "TestVolatile":15: 13
2020-12-19 20:58:10 DEBUG [t1] "TestVolatile":15: 13
2020-12-19 20:58:10 DEBUG [t1] "TestVolatile":15: 13
2020-12-19 20:58:10 DEBUG [t1] "TestVolatile":15: 13
2020-12-19 20:58:10 DEBUG [t1] "TestVolatile":15: 13
2020-12-19 20:58:10 DEBUG [t1] "TestVolatile":15: 13
2020-12-19 20:58:10 DEBUG [t1] "TestVolatile":15: 13
2020-12-19 20:58:10 DEBUG [t1] "TestVolatile":15: 13
2020-12-19 20:58:10 DEBUG [t1] "TestVolatile":15: 13
2020-12-19 20:58:10 DEBUG [t1] "TestVolatile":15: 13
2020-12-19 20:58:10 DEBUG [t1] "TestVolatile":15: 13
2020-12-19 20:58:10 DEBUG [t1] "TestVolatile":15: 13
2020-12-19 20:58:10 DEBUG [t1] "TestVolatile":15: 13
2020-12-19 20:58:10 DEBUG [t1] "TestVolatile":15: 13
2020-12-19 20:58:10 DEBUG [t1] "TestVolatile":15: 13
2020-12-19 20:58:10 DEBUG [t1] "TestVolatile":15: 13
2020-12-19 20:58:10 DEBUG [t1] "TestVolatile":15: 13
2020-12-19 20:58:10 DEBUG [t1] "TestVolatile":15: 13
2020-12-19 20:58:10 DEBUG [t1] "TestVolatile":15: 13
2020-12-19 20:58:10 DEBUG [t1] "TestVolatile":15: 13
2020-12-19 20:58:10 DEBUG [t1] "TestVolatile":15: 13
2020-12-19 20:58:10 DEBUG [t1] "TestVolatile":15: 13
2020-12-19 20:58:10 DEBUG [t1] "TestVolatile":15: 13
2020-12-19 20:58:10 DEBUG [t1] "TestVolatile":15: 13
2020-12-19 20:58:10 DEBUG [t1] "TestVolatile":15: 13
2020-12-19 20:58:10 DEBUG [t1] "TestVolatile":15: 13
2020-12-19 20:58:10 DEBUG [t1] "TestVolatile":15: 13
2020-12-19 20:58:10 DEBUG [t1] "TestVolatile":15: 13
2020-12-19 20:58:10 DEBUG [t1] "TestVolatile":15: 13
2020-12-19 20:58:10 DEBUG [t1] "TestVolatile":15: 13
2020-12-19 20:58:10 DEBUG [t1] "TestVolatile":15: 13
2020-12-19 20:58:10 DEBUG [t1] "TestVolatile":15: 13
2020-12-19 20:58:10 DEBUG [t1] "TestVolatile":15: 13
2020-12-19 20:58:10 DEBUG [t1] "TestVolatile":15: 13
2020-12-19 20:58:10 DEBUG [t1] "TestVolatile":15: 13
2020-12-19 20:58:10 DEBUG [t1] "TestVolatile":15: 13
2020-12-19 20:58:10 DEBUG [t1] "TestVolatile":15: 13
2020-12-19 20:58:10 DEBUG [t1] "TestVolatile":15: 13
2020-12-19 20:58:10 DEBUG [t1] "TestVolatile":15: 13
2020-12-19 20:58:10 DEBUG [t1] "TestVolatile":15: 13
2020-12-19 20:58:10 DEBUG [t1] "TestVolatile":15: 13
2020-12-19 20:58:10 DEBUG [t1] "TestVolatile":15: 13
2020-12-19 20:58:10 DEBUG [t1] "TestVolatile":15: 13
2020-12-19 20:58:10 DEBUG [t1] "TestVolatile":15: 13
2020-12-19 20:58:10 DEBUG [t1] "TestVolatile":15: 13
2020-12-19 20:58:10 DEBUG [t1] "TestVolatile":15: 13
2020-12-19 20:58:10 DEBUG [t1] "TestVolatile":15: 13
2020-12-19 20:58:10 DEBUG [t1] "TestVolatile":15: 13
2020-12-19 20:58:10 DEBUG [t1] "TestVolatile":15: 13
2020-12-19 20:58:10 DEBUG [t1] "TestVolatile":15: 13
2020-12-19 20:58:10 DEBUG [t1] "TestVolatile":15: 13
2020-12-19 20:58:10 DEBUG [t1] "TestVolatile":15: 13
2020-12-19 20:58:10 DEBUG [t1] "TestVolatile":15: 13
2020-12-19 20:58:10 DEBUG [t1] "TestVolatile":15: 13
2020-12-19 20:58:10 DEBUG [t1] "TestVolatile":15: 13
2020-12-19 20:58:10 DEBUG [t1] "TestVolatile":15: 13
2020-12-19 20:58:10 DEBUG [t1] "TestVolatile":15: 13
2020-12-19 20:58:10 DEBUG [t1] "TestVolatile":15: 13
2020-12-19 20:58:10 DEBUG [t1] "TestVolatile":15: 13
2020-12-19 20:58:10 DEBUG [t1] "TestVolatile":15: 13
2020-12-19 20:58:10 DEBUG [t1] "TestVolatile":15: 13
2020-12-19 20:58:10 DEBUG [t1] "TestVolatile":15: 13
2020-12-19 20:58:10 DEBUG [t1] "TestVolatile":15: 13
2020-12-19 20:58:10 DEBUG [t1] "TestVolatile":15: 13
2020-12-19 20:58:10 DEBUG [t1] "TestVolatile":15: 13
2020-12-19 20:58:10 DEBUG [t1] "TestVolatile":15: 13
2020-12-19 20:58:10 DEBUG [t1] "TestVolatile":15: 13
2020-12-19 20:58:10 DEBUG [t1] "TestVolatile":15: 13
2020-12-19 20:58:10 DEBUG [t1] "TestVolatile":15: 13
2020-12-19 20:58:10 DEBUG [t1] "TestVolatile":15: 13
2020-12-19 20:58:10 DEBUG [t1] "TestVolatile":15: 13
2020-12-19 20:58:10 DEBUG [t1] "TestVolatile":15: 13
2020-12-19 20:58:10 DEBUG [t1] "TestVolatile":15: 13
2020-12-19 20:58:10 DEBUG [t1] "TestVolatile":15: 13
2020-12-19 20:58:10 DEBUG [t1] "TestVolatile":15: 13
2020-12-19 20:58:10 DEBUG [t1] "TestVolatile":15: 13
2020-12-19 20:58:10 DEBUG [t1] "TestVolatile":15: 13
2020-12-19 20:58:10 DEBUG [t1] "TestVolatile":15: 13
2020-12-19 20:58:10 DEBUG [t1] "TestVolatile":15: 13
2020-12-19 20:58:10 DEBUG [t1] "TestVolatile":15: 13
2020-12-19 20:58:10 DEBUG [t1] "TestVolatile":15: 13
2020-12-19 20:58:10 DEBUG [t1] "TestVolatile":15: 13
2020-12-19 20:58:10 DEBUG [t1] "TestVolatile":15: 13
2020-12-19 20:58:10 DEBUG [t1] "TestVolatile":15: 13
2020-12-19 20:58:10 DEBUG [t1] "TestVolatile":15: 13
2020-12-19 20:58:10 DEBUG [t1] "TestVolatile":15: 13
2020-12-19 20:58:10 DEBUG [t1] "TestVolatile":15: 13
2020-12-19 20:58:10 DEBUG [t1] "TestVolatile":15: 13
2020-12-19 20:58:10 DEBUG [t1] "TestVolatile":15: 13
2020-12-19 20:58:10 DEBUG [t1] "TestVolatile":15: 13
2020-12-19 20:58:10 DEBUG [t1] "TestVolatile":15: 13
2020-12-19 20:58:10 DEBUG [t1] "TestVolatile":15: 13
2020-12-19 20:58:10 DEBUG [t1] "TestVolatile":15: 13
2020-12-19 20:58:10 DEBUG [t1] "TestVolatile":15: 13
2020-12-19 20:58:10 DEBUG [t1] "TestVolatile":15: 13
2020-12-19 20:58:10 DEBUG [t1] "TestVolatile":15: 13
2020-12-19 20:58:10 DEBUG [t1] "TestVolatile":15: 13
2020-12-19 20:58:10 DEBUG [t1] "TestVolatile":15: 13
2020-12-19 20:58:10 DEBUG [t1] "TestVolatile":15: 13
2020-12-19 20:58:10 DEBUG [t1] "TestVolatile":15: 13
2020-12-19 20:58:10 DEBUG [t1] "TestVolatile":15: 13
2020-12-19 20:58:10 DEBUG [t1] "TestVolatile":15: 13
2020-12-19 20:58:10 DEBUG [t1] "TestVolatile":15: 13
2020-12-19 20:58:10 DEBUG [t1] "TestVolatile":15: 13
2020-12-19 20:58:10 DEBUG [t1] "TestVolatile":15: 13
2020-12-19 20:58:10 DEBUG [t1] "TestVolatile":15: 13
2020-12-19 20:58:10 DEBUG [t1] "TestVolatile":15: 13
2020-12-19 20:58:10 DEBUG [t1] "TestVolatile":15: 13
2020-12-19 20:58:10 DEBUG [t1] "TestVolatile":15: 13
2020-12-19 20:58:10 DEBUG [t1] "TestVolatile":15: 13
2020-12-19 20:58:10 DEBUG [t1] "TestVolatile":15: 13
2020-12-19 20:58:10 DEBUG [t1] "TestVolatile":15: 13
2020-12-19 20:58:10 DEBUG [t1] "TestVolatile":15: 13
2020-12-19 20:58:10 DEBUG [t1] "TestVolatile":15: 13
2020-12-19 20:58:10 DEBUG [t1] "TestVolatile":15: 13
2020-12-19 20:58:10 DEBUG [t1] "TestVolatile":15: 13
2020-12-19 20:58:10 DEBUG [t1] "TestVolatile":15: 13
2020-12-19 20:58:10 DEBUG [t1] "TestVolatile":15: 13
2020-12-19 20:58:10 DEBUG [t1] "TestVolatile":15: 13
2020-12-19 20:58:10 DEBUG [t1] "TestVolatile":15: 13
2020-12-19 20:58:10 DEBUG [t1] "TestVolatile":15: 13
2020-12-19 20:58:10 DEBUG [t1] "TestVolatile":15: 13
2020-12-19 20:58:10 DEBUG [t1] "TestVolatile":15: 13
2020-12-19 20:58:10 DEBUG [t1] "TestVolatile":15: 13
2020-12-19 20:58:10 DEBUG [t1] "TestVolatile":15: 13
2020-12-19 20:58:10 DEBUG [t1] "TestVolatile":15: 13
2020-12-19 20:58:10 DEBUG [t1] "TestVolatile":15: 13
2020-12-19 20:58:10 DEBUG [t1] "TestVolatile":15: 13
2020-12-19 20:58:10 DEBUG [t1] "TestVolatile":15: 13
2020-12-19 20:58:10 DEBUG [t1] "TestVolatile":15: 13
2020-12-19 20:58:10 DEBUG [t1] "TestVolatile":15: 13
2020-12-19 20:58:10 DEBUG [t1] "TestVolatile":15: 13
2020-12-19 20:58:10 DEBUG [t1] "TestVolatile":15: 13
2020-12-19 20:58:10 DEBUG [t1] "TestVolatile":15: 13
2020-12-19 20:58:10 DEBUG [t1] "TestVolatile":15: 13
2020-12-19 20:58:10 DEBUG [t1] "TestVolatile":15: 13
2020-12-19 20:58:10 DEBUG [t1] "TestVolatile":15: 13
2020-12-19 20:58:10 DEBUG [t1] "TestVolatile":15: 13
2020-12-19 20:58:10 DEBUG [t1] "TestVolatile":15: 13
2020-12-19 20:58:10 DEBUG [t1] "TestVolatile":15: 13
2020-12-19 20:58:10 DEBUG [t1] "TestVolatile":15: 13
2020-12-19 20:58:10 DEBUG [t1] "TestVolatile":15: 13
2020-12-19 20:58:10 DEBUG [t1] "TestVolatile":15: 13
2020-12-19 20:58:10 DEBUG [t1] "TestVolatile":15: 13
2020-12-19 20:58:10 DEBUG [t1] "TestVolatile":15: 13
2020-12-19 20:58:10 DEBUG [t1] "TestVolatile":15: 13
2020-12-19 20:58:10 DEBUG [t1] "TestVolatile":15: 13
2020-12-19 20:58:10 DEBUG [t1] "TestVolatile":15: 13
2020-12-19 20:58:10 DEBUG [t1] "TestVolatile":15: 13
2020-12-19 20:58:10 DEBUG [t1] "TestVolatile":15: 13
2020-12-19 20:58:10 DEBUG [t1] "TestVolatile":15: 13
2020-12-19 20:58:10 DEBUG [t1] "TestVolatile":15: 13
2020-12-19 20:58:10 DEBUG [t1] "TestVolatile":15: 13
2020-12-19 20:58:10 DEBUG [t1] "TestVolatile":15: 13
2020-12-19 20:58:10 DEBUG [t1] "TestVolatile":15: 13
2020-12-19 20:58:10 DEBUG [t1] "TestVolatile":15: 13
2020-12-19 20:58:10 DEBUG [t1] "TestVolatile":15: 13
2020-12-19 20:58:10 DEBUG [t1] "TestVolatile":15: 13
2020-12-19 20:58:10 DEBUG [t1] "TestVolatile":15: 13
2020-12-19 20:58:10 DEBUG [t1] "TestVolatile":15: 13
2020-12-19 20:58:10 DEBUG [t1] "TestVolatile":15: 13
2020-12-19 20:58:10 DEBUG [t1] "TestVolatile":15: 13
2020-12-19 20:58:10 DEBUG [t1] "TestVolatile":15: 13
2020-12-19 20:58:10 DEBUG [t1] "TestVolatile":15: 13
2020-12-19 20:58:10 DEBUG [t1] "TestVolatile":15: 13
2020-12-19 20:58:10 DEBUG [t1] "TestVolatile":15: 13
2020-12-19 20:58:10 DEBUG [t1] "TestVolatile":15: 13
2020-12-19 20:58:10 DEBUG [t1] "TestVolatile":15: 13
2020-12-19 20:58:10 DEBUG [t1] "TestVolatile":15: 13
2020-12-19 20:58:10 DEBUG [t1] "TestVolatile":15: 13
2020-12-19 20:58:10 DEBUG [t1] "TestVolatile":15: 13
2020-12-19 20:58:10 DEBUG [t1] "TestVolatile":15: 13
2020-12-19 20:58:10 DEBUG [t1] "TestVolatile":15: 13
2020-12-19 20:58:10 DEBUG [t1] "TestVolatile":15: 13
2020-12-19 20:58:10 DEBUG [t1] "TestVolatile":15: 13
2020-12-19 20:58:10 DEBUG [t1] "TestVolatile":15: 13
2020-12-19 20:58:10 DEBUG [t1] "TestVolatile":15: 13
2020-12-19 20:58:10 DEBUG [t1] "TestVolatile":15: 13
2020-12-19 20:58:10 DEBUG [t1] "TestVolatile":15: 13
2020-12-19 20:58:10 DEBUG [t1] "TestVolatile":15: 13
2020-12-19 20:58:10 DEBUG [t1] "TestVolatile":15: 13
2020-12-19 20:58:10 DEBUG [t1] "TestVolatile":15: 13
2020-12-19 20:58:10 DEBUG [t1] "TestVolatile":15: 13
2020-12-19 20:58:10 DEBUG [t1] "TestVolatile":15: 13
2020-12-19 20:58:10 DEBUG [t1] "TestVolatile":15: 13
2020-12-19 20:58:10 DEBUG [t1] "TestVolatile":15: 13
2020-12-19 20:58:10 DEBUG [t1] "TestVolatile":15: 13
2020-12-19 20:58:10 DEBUG [t1] "TestVolatile":15: 13
2020-12-19 20:58:10 DEBUG [t1] "TestVolatile":15: 13
2020-12-19 20:58:10 DEBUG [t1] "TestVolatile":15: 13
2020-12-19 20:58:10 DEBUG [t1] "TestVolatile":15: 13
2020-12-19 20:58:10 DEBUG [t1] "TestVolatile":15: 13
2020-12-19 20:58:10 DEBUG [t1] "TestVolatile":15: 13
2020-12-19 20:58:10 DEBUG [t1] "TestVolatile":15: 13
2020-12-19 20:58:10 DEBUG [t1] "TestVolatile":15: 13
2020-12-19 20:58:10 DEBUG [t1] "TestVolatile":15: 13
2020-12-19 20:58:10 DEBUG [t1] "TestVolatile":15: 13
2020-12-19 20:58:10 DEBUG [t1] "TestVolatile":15: 13
2020-12-19 20:58:10 DEBUG [t1] "TestVolatile":15: 13
2020-12-19 20:58:10 DEBUG [t1] "TestVolatile":15: 13
2020-12-19 20:58:10 DEBUG [t1] "TestVolatile":15: 13
2020-12-19 20:58:10 DEBUG [t1] "TestVolatile":15: 13
2020-12-19 20:58:10 DEBUG [t1] "TestVolatile":15: 13
2020-12-19 20:58:10 DEBUG [t1] "TestVolatile":15: 13
2020-12-19 20:58:10 DEBUG [t1] "TestVolatile":15: 13
2020-12-19 20:58:10 DEBUG [t1] "TestVolatile":15: 13
2020-12-19 20:58:10 DEBUG [t1] "TestVolatile":15: 13
2020-12-19 20:58:10 DEBUG [t1] "TestVolatile":15: 13
2020-12-19 20:58:10 DEBUG [t1] "TestVolatile":15: 13
2020-12-19 20:58:10 DEBUG [t1] "TestVolatile":15: 13
2020-12-19 20:58:10 DEBUG [t1] "TestVolatile":15: 13
2020-12-19 20:58:10 DEBUG [t1] "TestVolatile":15: 13
2020-12-19 20:58:10 DEBUG [t1] "TestVolatile":15: 13
2020-12-19 20:58:10 DEBUG [t1] "TestVolatile":15: 13
2020-12-19 20:58:10 DEBUG [t1] "TestVolatile":15: 13
2020-12-19 20:58:10 DEBUG [t1] "TestVolatile":15: 13
2020-12-19 20:58:10 DEBUG [t1] "TestVolatile":15: 13
2020-12-19 20:58:10 DEBUG [t1] "TestVolatile":15: 13
2020-12-19 20:58:10 DEBUG [t1] "TestVolatile":15: 13
2020-12-19 20:58:10 DEBUG [t1] "TestVolatile":15: 13
2020-12-19 20:58:10 DEBUG [t1] "TestVolatile":15: 13
2020-12-19 20:58:10 DEBUG [t1] "TestVolatile":15: 13
2020-12-19 20:58:10 DEBUG [t1] "TestVolatile":15: 13
2020-12-19 20:58:10 DEBUG [t1] "TestVolatile":15: 13
2020-12-19 20:58:10 DEBUG [t1] "TestVolatile":15: 13
2020-12-19 20:58:10 DEBUG [t1] "TestVolatile":15: 13
2020-12-19 20:58:10 DEBUG [t1] "TestVolatile":15: 13
2020-12-19 20:58:10 DEBUG [t1] "TestVolatile":15: 13
2020-12-19 20:58:10 DEBUG [t1] "TestVolatile":15: 13
2020-12-19 20:58:10 DEBUG [t1] "TestVolatile":15: 13
2020-12-19 20:58:10 DEBUG [t1] "TestVolatile":15: 13
2020-12-19 20:58:10 DEBUG [t1] "TestVolatile":15: 13
2020-12-19 20:58:10 DEBUG [t1] "TestVolatile":15: 13
2020-12-19 20:58:10 DEBUG [t1] "TestVolatile":15: 13
2020-12-19 20:58:10 DEBUG [t1] "TestVolatile":15: 13
2020-12-19 20:58:10 DEBUG [t1] "TestVolatile":15: 13
2020-12-19 20:58:10 DEBUG [t1] "TestVolatile":15: 13
2020-12-19 20:58:10 DEBUG [t1] "TestVolatile":15: 13
2020-12-19 20:58:10 DEBUG [t1] "TestVolatile":15: 13
2020-12-19 20:58:10 DEBUG [t1] "TestVolatile":15: 13
2020-12-19 20:58:10 DEBUG [t1] "TestVolatile":15: 13
2020-12-19 20:58:10 DEBUG [t1] "TestVolatile":15: 13
2020-12-19 20:58:10 DEBUG [t1] "TestVolatile":15: 13
2020-12-19 20:58:10 DEBUG [t1] "TestVolatile":15: 13
2020-12-19 20:58:10 DEBUG [t1] "TestVolatile":15: 13
2020-12-19 20:58:10 DEBUG [t1] "TestVolatile":15: 13
2020-12-19 20:58:10 DEBUG [t1] "TestVolatile":15: 13
2020-12-19 20:58:10 DEBUG [t1] "TestVolatile":15: 13
2020-12-19 20:58:10 DEBUG [t1] "TestVolatile":15: 13
2020-12-19 20:58:10 DEBUG [t1] "TestVolatile":15: 13
2020-12-19 20:58:10 DEBUG [t1] "TestVolatile":15: 13
2020-12-19 20:58:10 DEBUG [t1] "TestVolatile":15: 13
2020-12-19 20:58:10 DEBUG [t1] "TestVolatile":15: 13
2020-12-19 20:58:10 DEBUG [t1] "TestVolatile":15: 13
2020-12-19 20:58:10 DEBUG [t1] "TestVolatile":15: 13
2020-12-19 20:58:10 DEBUG [t1] "TestVolatile":15: 13
2020-12-19 20:58:10 DEBUG [t1] "TestVolatile":15: 13
2020-12-19 20:58:10 DEBUG [t1] "TestVolatile":15: 13
2020-12-19 20:58:10 DEBUG [t1] "TestVolatile":15: 13
2020-12-19 20:58:10 DEBUG [t1] "TestVolatile":15: 13
2020-12-19 20:58:10 DEBUG [t1] "TestVolatile":15: 13
2020-12-19 20:58:10 DEBUG [t1] "TestVolatile":15: 13
2020-12-19 20:58:10 DEBUG [t1] "TestVolatile":15: 13
2020-12-19 20:58:10 DEBUG [t1] "TestVolatile":15: 13
2020-12-19 20:58:10 DEBUG [t1] "TestVolatile":15: 13
2020-12-19 20:58:10 DEBUG [t1] "TestVolatile":15: 13
2020-12-19 20:58:10 DEBUG [t1] "TestVolatile":15: 13
2020-12-19 20:58:10 DEBUG [t1] "TestVolatile":15: 13
2020-12-19 20:58:10 DEBUG [t1] "TestVolatile":15: 13
2020-12-19 20:58:10 DEBUG [t1] "TestVolatile":15: 13
2020-12-19 20:58:10 DEBUG [t1] "TestVolatile":15: 13
2020-12-19 20:58:10 DEBUG [t1] "TestVolatile":15: 13
2020-12-19 20:58:10 DEBUG [t1] "TestVolatile":15: 13
2020-12-19 20:58:10 DEBUG [t1] "TestVolatile":15: 13
2020-12-19 20:58:10 DEBUG [t1] "TestVolatile":15: 13
2020-12-19 20:58:10 DEBUG [t1] "TestVolatile":15: 13
2020-12-19 20:58:10 DEBUG [t1] "TestVolatile":15: 13
2020-12-19 20:58:10 DEBUG [t1] "TestVolatile":15: 13
2020-12-19 20:58:10 DEBUG [t1] "TestVolatile":15: 13
2020-12-19 20:58:10 DEBUG [t1] "TestVolatile":15: 13
2020-12-19 20:58:10 DEBUG [t1] "TestVolatile":15: 13
2020-12-19 20:58:10 DEBUG [t1] "TestVolatile":15: 13
2020-12-19 20:58:10 DEBUG [t1] "TestVolatile":15: 13
2020-12-19 20:58:10 DEBUG [t1] "TestVolatile":15: 13
2020-12-19 20:58:10 DEBUG [t1] "TestVolatile":15: 13
2020-12-19 20:58:10 DEBUG [t1] "TestVolatile":15: 13
2020-12-19 20:58:10 DEBUG [t1] "TestVolatile":15: 13
2020-12-19 20:58:10 DEBUG [t1] "TestVolatile":15: 13
2020-12-19 20:58:10 DEBUG [t1] "TestVolatile":15: 13
2020-12-19 20:58:10 DEBUG [t1] "TestVolatile":15: 13
2020-12-19 20:58:10 DEBUG [t1] "TestVolatile":15: 13
2020-12-19 20:58:10 DEBUG [t1] "TestVolatile":15: 13
2020-12-19 20:58:10 DEBUG [t1] "TestVolatile":15: 13
2020-12-19 20:58:10 DEBUG [t1] "TestVolatile":15: 13
2020-12-19 20:58:10 DEBUG [t1] "TestVolatile":15: 13
2020-12-19 20:58:10 DEBUG [t1] "TestVolatile":15: 13
2020-12-19 20:58:10 DEBUG [t1] "TestVolatile":15: 13
2020-12-19 20:58:10 DEBUG [t1] "TestVolatile":15: 13
2020-12-19 20:58:10 DEBUG [t1] "TestVolatile":15: 13
2020-12-19 20:58:10 DEBUG [t1] "TestVolatile":15: 13
2020-12-19 20:58:10 DEBUG [t1] "TestVolatile":15: 13
2020-12-19 20:58:10 DEBUG [t1] "TestVolatile":15: 13
2020-12-19 20:58:10 DEBUG [t1] "TestVolatile":15: 13
2020-12-19 20:58:10 DEBUG [t1] "TestVolatile":15: 13
2020-12-19 20:58:10 DEBUG [t1] "TestVolatile":15: 13
2020-12-19 20:58:10 DEBUG [t1] "TestVolatile":15: 13
2020-12-19 20:58:10 DEBUG [t1] "TestVolatile":15: 13
2020-12-19 20:58:10 DEBUG [t1] "TestVolatile":15: 13
2020-12-19 20:58:10 DEBUG [t1] "TestVolatile":15: 13
2020-12-19 20:58:10 DEBUG [t1] "TestVolatile":15: 13
2020-12-19 20:58:10 DEBUG [t1] "TestVolatile":15: 13
2020-12-19 20:58:10 DEBUG [t1] "TestVolatile":15: 13
2020-12-19 20:58:10 DEBUG [t1] "TestVolatile":15: 13
2020-12-19 20:58:10 DEBUG [t1] "TestVolatile":15: 13
2020-12-19 20:58:10 DEBUG [t1] "TestVolatile":15: 13
2020-12-19 20:58:10 DEBUG [t1] "TestVolatile":15: 13
2020-12-19 20:58:10 DEBUG [t1] "TestVolatile":15: 13
2020-12-19 20:58:10 DEBUG [t1] "TestVolatile":15: 13
2020-12-19 20:58:10 DEBUG [t1] "TestVolatile":15: 13
2020-12-19 20:58:10 DEBUG [t1] "TestVolatile":15: 13
2020-12-19 20:58:10 DEBUG [t1] "TestVolatile":15: 13
2020-12-19 20:58:10 DEBUG [t1] "TestVolatile":15: 13
2020-12-19 20:58:10 DEBUG [t1] "TestVolatile":15: 13
2020-12-19 20:58:10 DEBUG [t1] "TestVolatile":15: 13
2020-12-19 20:58:10 DEBUG [t1] "TestVolatile":15: 13
2020-12-19 20:58:10 DEBUG [t1] "TestVolatile":15: 13
2020-12-19 20:58:10 DEBUG [t1] "TestVolatile":15: 13
2020-12-19 20:58:10 DEBUG [t1] "TestVolatile":15: 13
2020-12-19 20:58:10 DEBUG [t1] "TestVolatile":15: 13
2020-12-19 20:58:10 DEBUG [t1] "TestVolatile":15: 13
2020-12-19 20:58:10 DEBUG [t1] "TestVolatile":15: 13
2020-12-19 20:58:10 DEBUG [t1] "TestVolatile":15: 13
2020-12-19 20:58:10 DEBUG [t1] "TestVolatile":15: 13
2020-12-19 20:58:10 DEBUG [t1] "TestVolatile":15: 13
2020-12-19 20:58:10 DEBUG [t1] "TestVolatile":15: 13
2020-12-19 20:58:10 DEBUG [t1] "TestVolatile":15: 13
2020-12-19 20:58:10 DEBUG [t1] "TestVolatile":15: 13
2020-12-19 20:58:10 DEBUG [t1] "TestVolatile":15: 13
2020-12-19 20:58:10 DEBUG [t1] "TestVolatile":15: 13
2020-12-19 20:58:10 DEBUG [t1] "TestVolatile":15: 13
2020-12-19 20:58:10 DEBUG [t1] "TestVolatile":15: 13
2020-12-19 20:58:10 DEBUG [t1] "TestVolatile":15: 13
2020-12-19 20:58:10 DEBUG [t1] "TestVolatile":15: 13
2020-12-19 20:58:10 DEBUG [t1] "TestVolatile":15: 13
2020-12-19 20:58:10 DEBUG [t1] "TestVolatile":15: 13
2020-12-19 20:58:10 DEBUG [t1] "TestVolatile":15: 13
2020-12-19 20:58:10 DEBUG [t1] "TestVolatile":15: 13
2020-12-19 20:58:10 DEBUG [t1] "TestVolatile":15: 13
2020-12-19 20:58:10 DEBUG [t1] "TestVolatile":15: 13
2020-12-19 20:58:10 DEBUG [t1] "TestVolatile":15: 13
2020-12-19 20:58:10 DEBUG [t1] "TestVolatile":15: 13
2020-12-19 20:58:10 DEBUG [t1] "TestVolatile":15: 13
2020-12-19 20:58:10 DEBUG [t1] "TestVolatile":15: 13
2020-12-19 20:58:10 DEBUG [t1] "TestVolatile":15: 13
2020-12-19 20:58:10 DEBUG [t1] "TestVolatile":15: 13
2020-12-19 20:58:10 DEBUG [t1] "TestVolatile":15: 13
2020-12-19 20:58:10 DEBUG [t1] "TestVolatile":15: 13
2020-12-19 20:58:10 DEBUG [t1] "TestVolatile":15: 13
2020-12-19 20:58:10 DEBUG [t1] "TestVolatile":15: 13
2020-12-19 20:58:10 DEBUG [t1] "TestVolatile":15: 13
2020-12-19 20:58:10 DEBUG [t1] "TestVolatile":15: 13
2020-12-19 20:58:10 DEBUG [t1] "TestVolatile":15: 13
2020-12-19 20:58:10 DEBUG [t1] "TestVolatile":15: 13
2020-12-19 20:58:10 DEBUG [t1] "TestVolatile":15: 13
2020-12-19 20:58:10 DEBUG [t1] "TestVolatile":15: 13
2020-12-19 20:58:10 DEBUG [t1] "TestVolatile":15: 13
2020-12-19 20:58:10 DEBUG [t1] "TestVolatile":15: 13
2020-12-19 20:58:10 DEBUG [t1] "TestVolatile":15: 13
2020-12-19 20:58:10 DEBUG [t1] "TestVolatile":15: 13
2020-12-19 20:58:10 DEBUG [t1] "TestVolatile":15: 13
2020-12-19 20:58:10 DEBUG [t1] "TestVolatile":15: 13
2020-12-19 20:58:10 DEBUG [t1] "TestVolatile":15: 13
2020-12-19 20:58:10 DEBUG [t1] "TestVolatile":15: 13
2020-12-19 20:58:10 DEBUG [t1] "TestVolatile":15: 13
2020-12-19 20:58:10 DEBUG [t1] "TestVolatile":15: 13
2020-12-19 20:58:10 DEBUG [t1] "TestVolatile":15: 13
2020-12-19 20:58:10 DEBUG [t1] "TestVolatile":15: 13
2020-12-19 20:58:10 DEBUG [t1] "TestVolatile":15: 13
2020-12-19 20:58:10 DEBUG [t1] "TestVolatile":15: 13
2020-12-19 20:58:10 DEBUG [t1] "TestVolatile":15: 13
2020-12-19 20:58:10 DEBUG [t1] "TestVolatile":15: 13
2020-12-19 20:58:10 DEBUG [t1] "TestVolatile":15: 13
2020-12-19 20:58:10 DEBUG [t1] "TestVolatile":15: 13
2020-12-19 20:58:10 DEBUG [t1] "TestVolatile":15: 13
2020-12-19 20:58:10 DEBUG [t1] "TestVolatile":15: 13
2020-12-19 20:58:10 DEBUG [t1] "TestVolatile":15: 13
2020-12-19 20:58:10 DEBUG [t1] "TestVolatile":15: 13
2020-12-19 20:58:10 DEBUG [t1] "TestVolatile":15: 13
2020-12-19 20:58:10 DEBUG [t1] "TestVolatile":15: 13
2020-12-19 20:58:10 DEBUG [t1] "TestVolatile":15: 13
2020-12-19 20:58:10 DEBUG [t1] "TestVolatile":15: 13
2020-12-19 20:58:10 DEBUG [t1] "TestVolatile":15: 13
2020-12-19 20:58:10 DEBUG [t1] "TestVolatile":15: 13
2020-12-19 20:58:10 DEBUG [t1] "TestVolatile":15: 13
2020-12-19 20:58:10 DEBUG [t1] "TestVolatile":15: 13
2020-12-19 20:58:10 DEBUG [t1] "TestVolatile":15: 13
2020-12-19 20:58:10 DEBUG [t1] "TestVolatile":15: 13
2020-12-19 20:58:10 DEBUG [t1] "TestVolatile":15: 13
2020-12-19 20:58:10 DEBUG [t1] "TestVolatile":15: 13
2020-12-19 20:58:10 DEBUG [t1] "TestVolatile":15: 13
2020-12-19 20:58:10 DEBUG [t1] "TestVolatile":15: 13
2020-12-19 20:58:10 DEBUG [t1] "TestVolatile":15: 13
2020-12-19 20:58:10 DEBUG [t1] "TestVolatile":15: 13
2020-12-19 20:58:10 DEBUG [t1] "TestVolatile":15: 13
2020-12-19 20:58:10 DEBUG [t1] "TestVolatile":15: 13
2020-12-19 20:58:10 DEBUG [t1] "TestVolatile":15: 13
2020-12-19 20:58:10 DEBUG [t1] "TestVolatile":15: 13
2020-12-19 20:58:10 DEBUG [t1] "TestVolatile":15: 13
2020-12-19 20:58:10 DEBUG [t1] "TestVolatile":15: 13
2020-12-19 20:58:10 DEBUG [t1] "TestVolatile":15: 13
2020-12-19 20:58:10 DEBUG [t1] "TestVolatile":15: 13
2020-12-19 20:58:10 DEBUG [t1] "TestVolatile":15: 13
2020-12-19 20:58:10 DEBUG [t1] "TestVolatile":15: 13
2020-12-19 20:58:10 DEBUG [t1] "TestVolatile":15: 13
2020-12-19 20:58:10 DEBUG [t1] "TestVolatile":15: 13
2020-12-19 20:58:10 DEBUG [t1] "TestVolatile":15: 13
2020-12-19 20:58:10 DEBUG [t1] "TestVolatile":15: 13
2020-12-19 20:58:10 DEBUG [t1] "TestVolatile":15: 13
2020-12-19 20:58:10 DEBUG [t1] "TestVolatile":15: 13
2020-12-19 20:58:10 DEBUG [t1] "TestVolatile":15: 13
2020-12-19 20:58:10 DEBUG [t1] "TestVolatile":15: 13
2020-12-19 20:58:10 DEBUG [t1] "TestVolatile":15: 13
2020-12-19 20:58:10 DEBUG [t1] "TestVolatile":15: 13
2020-12-19 20:58:10 DEBUG [t1] "TestVolatile":15: 13
2020-12-19 20:58:10 DEBUG [t1] "TestVolatile":15: 13
2020-12-19 20:58:10 DEBUG [t1] "TestVolatile":15: 13
2020-12-19 20:58:10 DEBUG [t1] "TestVolatile":15: 13
2020-12-19 20:58:10 DEBUG [t1] "TestVolatile":15: 13
2020-12-19 20:58:10 DEBUG [t1] "TestVolatile":15: 13
2020-12-19 20:58:10 DEBUG [t1] "TestVolatile":15: 13
2020-12-19 20:58:10 DEBUG [t1] "TestVolatile":15: 13
2020-12-19 20:58:10 DEBUG [t1] "TestVolatile":15: 13
2020-12-19 20:58:10 DEBUG [t1] "TestVolatile":15: 13
2020-12-19 20:58:10 DEBUG [t1] "TestVolatile":15: 13
2020-12-19 20:58:10 DEBUG [t1] "TestVolatile":15: 13
2020-12-19 20:58:10 DEBUG [t1] "TestVolatile":15: 13
2020-12-19 20:58:10 DEBUG [t1] "TestVolatile":15: 13
2020-12-19 20:58:10 DEBUG [t1] "TestVolatile":15: 13
2020-12-19 20:58:10 DEBUG [t1] "TestVolatile":15: 13
2020-12-19 20:58:10 DEBUG [t1] "TestVolatile":15: 13
2020-12-19 20:58:10 DEBUG [t1] "TestVolatile":15: 13
2020-12-19 20:58:10 DEBUG [t1] "TestVolatile":15: 13
2020-12-19 20:58:10 DEBUG [t1] "TestVolatile":15: 13
2020-12-19 20:58:10 DEBUG [t1] "TestVolatile":15: 13
2020-12-19 20:58:10 DEBUG [t1] "TestVolatile":15: 13
2020-12-19 20:58:10 DEBUG [t1] "TestVolatile":15: 13
2020-12-19 20:58:10 DEBUG [t1] "TestVolatile":15: 13
2020-12-19 20:58:10 DEBUG [t1] "TestVolatile":15: 13
2020-12-19 20:58:10 DEBUG [t1] "TestVolatile":15: 13
2020-12-19 20:58:10 DEBUG [t1] "TestVolatile":15: 13
2020-12-19 20:58:10 DEBUG [t1] "TestVolatile":15: 13
2020-12-19 20:58:10 DEBUG [t1] "TestVolatile":15: 13
2020-12-19 20:58:10 DEBUG [t1] "TestVolatile":15: 13
2020-12-19 20:58:10 DEBUG [t1] "TestVolatile":15: 13
2020-12-19 20:58:10 DEBUG [t1] "TestVolatile":15: 13
2020-12-19 20:58:10 DEBUG [t1] "TestVolatile":15: 13
2020-12-19 20:58:10 DEBUG [t1] "TestVolatile":15: 13
2020-12-19 20:58:10 DEBUG [t1] "TestVolatile":15: 13
2020-12-19 20:58:10 DEBUG [t1] "TestVolatile":15: 13
2020-12-19 20:58:10 DEBUG [t1] "TestVolatile":15: 13
2020-12-19 20:58:10 DEBUG [t1] "TestVolatile":15: 13
2020-12-19 20:58:10 DEBUG [t1] "TestVolatile":15: 13
2020-12-19 20:58:10 DEBUG [t1] "TestVolatile":15: 13
2020-12-19 20:58:10 DEBUG [t1] "TestVolatile":15: 13
2020-12-19 20:58:10 DEBUG [t1] "TestVolatile":15: 13
2020-12-19 20:58:10 DEBUG [t1] "TestVolatile":15: 13
2020-12-19 20:58:10 DEBUG [t1] "TestVolatile":15: 13
2020-12-19 20:58:10 DEBUG [t1] "TestVolatile":15: 13
2020-12-19 20:58:10 DEBUG [t1] "TestVolatile":15: 13
2020-12-19 20:58:10 DEBUG [t1] "TestVolatile":15: 13
2020-12-19 20:58:10 DEBUG [t1] "TestVolatile":15: 13
2020-12-19 20:58:10 DEBUG [t1] "TestVolatile":15: 13
2020-12-19 20:58:10 DEBUG [t1] "TestVolatile":15: 13
2020-12-19 20:58:10 DEBUG [t1] "TestVolatile":15: 13
2020-12-19 20:58:10 DEBUG [t1] "TestVolatile":15: 13
2020-12-19 20:58:10 DEBUG [t1] "TestVolatile":15: 13
2020-12-19 20:58:10 DEBUG [t1] "TestVolatile":15: 13
2020-12-19 20:58:10 DEBUG [t1] "TestVolatile":15: 13
2020-12-19 20:58:10 DEBUG [t1] "TestVolatile":15: 13
2020-12-19 20:58:10 DEBUG [t1] "TestVolatile":15: 13
2020-12-19 20:58:10 DEBUG [t1] "TestVolatile":15: 13
2020-12-19 20:58:10 DEBUG [t1] "TestVolatile":15: 13
2020-12-19 20:58:10 DEBUG [t1] "TestVolatile":15: 13
2020-12-19 20:58:10 DEBUG [t1] "TestVolatile":15: 13
2020-12-19 20:58:10 DEBUG [t1] "TestVolatile":15: 13
2020-12-19 20:58:10 DEBUG [t1] "TestVolatile":15: 13
2020-12-19 20:58:10 DEBUG [t1] "TestVolatile":15: 13
2020-12-19 20:58:10 DEBUG [t1] "TestVolatile":15: 13
2020-12-19 20:58:10 DEBUG [t1] "TestVolatile":15: 13
2020-12-19 20:58:10 DEBUG [t1] "TestVolatile":15: 13
2020-12-19 20:58:10 DEBUG [t1] "TestVolatile":15: 13
2020-12-19 20:58:10 DEBUG [t1] "TestVolatile":15: 13
2020-12-19 20:58:10 DEBUG [t1] "TestVolatile":15: 13
2020-12-19 20:58:10 DEBUG [t1] "TestVolatile":15: 13
2020-12-19 20:58:10 DEBUG [t1] "TestVolatile":15: 13
2020-12-19 20:58:10 DEBUG [t1] "TestVolatile":15: 13
2020-12-19 20:58:10 DEBUG [t1] "TestVolatile":15: 13
2020-12-19 20:58:10 DEBUG [t1] "TestVolatile":15: 13
2020-12-19 20:58:10 DEBUG [t1] "TestVolatile":15: 13
2020-12-19 20:58:10 DEBUG [t1] "TestVolatile":15: 13
2020-12-19 20:58:10 DEBUG [t1] "TestVolatile":15: 13
2020-12-19 20:58:10 DEBUG [t1] "TestVolatile":15: 13
2020-12-19 20:58:10 DEBUG [t1] "TestVolatile":15: 13
2020-12-19 20:58:10 DEBUG [t1] "TestVolatile":15: 13
2020-12-19 20:58:10 DEBUG [t1] "TestVolatile":15: 13
2020-12-19 20:58:10 DEBUG [t1] "TestVolatile":15: 13
2020-12-19 20:58:10 DEBUG [t1] "TestVolatile":15: 13
2020-12-19 20:58:10 DEBUG [t1] "TestVolatile":15: 13
2020-12-19 20:58:10 DEBUG [t1] "TestVolatile":15: 13
2020-12-19 20:58:10 DEBUG [t1] "TestVolatile":15: 13
2020-12-19 20:58:10 DEBUG [t1] "TestVolatile":15: 13
2020-12-19 20:58:10 DEBUG [t1] "TestVolatile":15: 13
2020-12-19 20:58:10 DEBUG [t1] "TestVolatile":15: 13
2020-12-19 20:58:10 DEBUG [t1] "TestVolatile":15: 13
2020-12-19 20:58:10 DEBUG [t1] "TestVolatile":15: 13
2020-12-19 20:58:10 DEBUG [t1] "TestVolatile":15: 13
2020-12-19 20:58:10 DEBUG [t1] "TestVolatile":15: 13
2020-12-19 20:58:10 DEBUG [t1] "TestVolatile":15: 13
2020-12-19 20:58:10 DEBUG [t1] "TestVolatile":15: 13
2020-12-19 20:58:10 DEBUG [t1] "TestVolatile":15: 13
2020-12-19 20:58:10 DEBUG [t1] "TestVolatile":15: 13
2020-12-19 20:58:10 DEBUG [t1] "TestVolatile":15: 13
2020-12-19 20:58:10 DEBUG [t1] "TestVolatile":15: 13
2020-12-19 20:58:10 DEBUG [t1] "TestVolatile":15: 13
2020-12-19 20:58:10 DEBUG [t1] "TestVolatile":15: 13
2020-12-19 20:58:10 DEBUG [t1] "TestVolatile":15: 13
2020-12-19 20:58:10 DEBUG [t1] "TestVolatile":15: 13
2020-12-19 20:58:10 DEBUG [t1] "TestVolatile":15: 13
2020-12-19 20:58:10 DEBUG [t1] "TestVolatile":15: 13
2020-12-19 20:58:10 DEBUG [t1] "TestVolatile":15: 13
2020-12-19 20:58:10 DEBUG [t1] "TestVolatile":15: 13
2020-12-19 20:58:10 DEBUG [t1] "TestVolatile":15: 13
2020-12-19 20:58:10 DEBUG [t1] "TestVolatile":15: 13
2020-12-19 20:58:10 DEBUG [t1] "TestVolatile":15: 13
2020-12-19 20:58:10 DEBUG [t1] "TestVolatile":15: 13
2020-12-19 20:58:10 DEBUG [t1] "TestVolatile":15: 13
2020-12-19 20:58:10 DEBUG [t1] "TestVolatile":15: 13
2020-12-19 20:58:10 DEBUG [t1] "TestVolatile":15: 13
2020-12-19 20:58:10 DEBUG [t1] "TestVolatile":15: 13
2020-12-19 20:58:10 DEBUG [t1] "TestVolatile":15: 13
2020-12-19 20:58:10 DEBUG [t1] "TestVolatile":15: 13
2020-12-19 20:58:10 DEBUG [t1] "TestVolatile":15: 13
2020-12-19 20:58:10 DEBUG [t1] "TestVolatile":15: 13
2020-12-19 20:58:10 DEBUG [t1] "TestVolatile":15: 13
2020-12-19 20:58:10 DEBUG [t1] "TestVolatile":15: 13
2020-12-19 20:58:10 DEBUG [t1] "TestVolatile":15: 13
2020-12-19 20:58:10 DEBUG [t1] "TestVolatile":15: 13
2020-12-19 20:58:10 DEBUG [t1] "TestVolatile":15: 13
2020-12-19 20:58:10 DEBUG [t1] "TestVolatile":15: 13
2020-12-19 20:58:10 DEBUG [t1] "TestVolatile":15: 13
2020-12-19 20:58:10 DEBUG [t1] "TestVolatile":15: 13
2020-12-19 20:58:10 DEBUG [t1] "TestVolatile":15: 13
2020-12-19 20:58:10 DEBUG [t1] "TestVolatile":15: 13
2020-12-19 20:58:10 DEBUG [t1] "TestVolatile":15: 13
2020-12-19 20:58:10 DEBUG [t1] "TestVolatile":15: 13
2020-12-19 20:58:10 DEBUG [t1] "TestVolatile":15: 13
2020-12-19 20:58:10 DEBUG [t1] "TestVolatile":15: 13
2020-12-19 20:58:10 DEBUG [t1] "TestVolatile":15: 13
2020-12-19 20:58:10 DEBUG [t1] "TestVolatile":15: 13
2020-12-19 20:58:10 DEBUG [t1] "TestVolatile":15: 13
2020-12-19 20:58:10 DEBUG [t1] "TestVolatile":15: 13
2020-12-19 20:58:10 DEBUG [t1] "TestVolatile":15: 13
2020-12-19 20:58:10 DEBUG [t1] "TestVolatile":15: 13
2020-12-19 20:58:10 DEBUG [t1] "TestVolatile":15: 13
2020-12-19 20:58:10 DEBUG [t1] "TestVolatile":15: 13
2020-12-19 20:58:10 DEBUG [t1] "TestVolatile":15: 13
2020-12-19 20:58:10 DEBUG [t1] "TestVolatile":15: 13
2020-12-19 20:58:10 DEBUG [t1] "TestVolatile":15: 13
2020-12-19 20:58:10 DEBUG [t1] "TestVolatile":15: 13
2020-12-19 20:58:10 DEBUG [t1] "TestVolatile":15: 13
2020-12-19 20:58:10 DEBUG [t1] "TestVolatile":15: 13
2020-12-19 20:58:10 DEBUG [t1] "TestVolatile":15: 13
2020-12-19 20:58:10 DEBUG [t1] "TestVolatile":15: 13
2020-12-19 20:58:10 DEBUG [t1] "TestVolatile":15: 13
2020-12-19 20:58:10 DEBUG [t1] "TestVolatile":15: 13
2020-12-19 20:58:10 DEBUG [t1] "TestVolatile":15: 13
2020-12-19 20:58:10 DEBUG [t1] "TestVolatile":15: 13
2020-12-19 20:58:10 DEBUG [t1] "TestVolatile":15: 13
2020-12-19 20:58:10 DEBUG [t1] "TestVolatile":15: 13
2020-12-19 20:58:10 DEBUG [t1] "TestVolatile":15: 13
2020-12-19 20:58:10 DEBUG [t1] "TestVolatile":15: 13
2020-12-19 20:58:10 DEBUG [t1] "TestVolatile":15: 13
2020-12-19 20:58:10 DEBUG [t1] "TestVolatile":15: 13
2020-12-19 20:58:10 DEBUG [t1] "TestVolatile":15: 13
2020-12-19 20:58:10 DEBUG [t1] "TestVolatile":15: 13
2020-12-19 20:58:10 DEBUG [t1] "TestVolatile":15: 13
2020-12-19 20:58:10 DEBUG [t1] "TestVolatile":15: 13
2020-12-19 20:58:10 DEBUG [t1] "TestVolatile":15: 13
2020-12-19 20:58:10 DEBUG [t1] "TestVolatile":15: 13
2020-12-19 20:58:10 DEBUG [t1] "TestVolatile":15: 13
2020-12-19 20:58:10 DEBUG [t1] "TestVolatile":15: 13
2020-12-19 20:58:10 DEBUG [t1] "TestVolatile":15: 13
2020-12-19 20:58:10 DEBUG [t1] "TestVolatile":15: 13
2020-12-19 20:58:10 DEBUG [t1] "TestVolatile":15: 13
2020-12-19 20:58:10 DEBUG [t1] "TestVolatile":15: 13
2020-12-19 20:58:10 DEBUG [t1] "TestVolatile":15: 13
2020-12-19 20:58:10 DEBUG [t1] "TestVolatile":15: 13
2020-12-19 20:58:10 DEBUG [t1] "TestVolatile":15: 13
2020-12-19 20:58:10 DEBUG [t1] "TestVolatile":15: 13
2020-12-19 20:58:10 DEBUG [t1] "TestVolatile":15: 13
2020-12-19 20:58:10 DEBUG [t1] "TestVolatile":15: 13
2020-12-19 20:58:10 DEBUG [t1] "TestVolatile":15: 13
2020-12-19 20:58:10 DEBUG [t1] "TestVolatile":15: 13
2020-12-19 20:58:10 DEBUG [t1] "TestVolatile":15: 13
2020-12-19 20:58:10 DEBUG [t1] "TestVolatile":15: 13
2020-12-19 20:58:10 DEBUG [t1] "TestVolatile":15: 13
2020-12-19 20:58:10 DEBUG [t1] "TestVolatile":15: 13
2020-12-19 20:58:10 DEBUG [t1] "TestVolatile":15: 13
2020-12-19 20:58:10 DEBUG [t1] "TestVolatile":15: 13
2020-12-19 20:58:10 DEBUG [t1] "TestVolatile":15: 13
2020-12-19 20:58:10 DEBUG [t1] "TestVolatile":15: 13
2020-12-19 20:58:10 DEBUG [t1] "TestVolatile":15: 13
2020-12-19 20:58:10 DEBUG [t1] "TestVolatile":15: 13
2020-12-19 20:58:10 DEBUG [t1] "TestVolatile":15: 13
2020-12-19 20:58:10 DEBUG [t1] "TestVolatile":15: 13
2020-12-19 20:58:10 DEBUG [t1] "TestVolatile":15: 13
2020-12-19 20:58:10 DEBUG [t1] "TestVolatile":15: 13
2020-12-19 20:58:10 DEBUG [t1] "TestVolatile":15: 13
2020-12-19 20:58:10 DEBUG [t1] "TestVolatile":15: 13
2020-12-19 20:58:10 DEBUG [t1] "TestVolatile":15: 13
2020-12-19 20:58:10 DEBUG [t1] "TestVolatile":15: 13
2020-12-19 20:58:10 DEBUG [t1] "TestVolatile":15: 13
2020-12-19 20:58:10 DEBUG [t1] "TestVolatile":15: 13
2020-12-19 20:58:10 DEBUG [t1] "TestVolatile":15: 13
2020-12-19 20:58:10 DEBUG [t1] "TestVolatile":15: 13
2020-12-19 20:58:10 DEBUG [t1] "TestVolatile":15: 13
2020-12-19 20:58:10 DEBUG [t1] "TestVolatile":15: 13
2020-12-19 20:58:10 DEBUG [t1] "TestVolatile":15: 13
2020-12-19 20:58:10 DEBUG [t1] "TestVolatile":15: 13
2020-12-19 20:58:10 DEBUG [t1] "TestVolatile":15: 13
2020-12-19 20:58:10 DEBUG [t1] "TestVolatile":15: 13
2020-12-19 20:58:10 DEBUG [t1] "TestVolatile":15: 13
2020-12-19 20:58:10 DEBUG [t1] "TestVolatile":15: 13
2020-12-19 20:58:10 DEBUG [t1] "TestVolatile":15: 13
2020-12-19 20:58:10 DEBUG [t1] "TestVolatile":15: 13
2020-12-19 20:58:10 DEBUG [t1] "TestVolatile":15: 13
2020-12-19 20:58:10 DEBUG [t1] "TestVolatile":15: 13
2020-12-19 20:58:10 DEBUG [t1] "TestVolatile":15: 13
2020-12-19 20:58:10 DEBUG [t1] "TestVolatile":15: 13
2020-12-19 20:58:10 DEBUG [t1] "TestVolatile":15: 13
2020-12-19 20:58:10 DEBUG [t1] "TestVolatile":15: 13
2020-12-19 20:58:10 DEBUG [t1] "TestVolatile":15: 13
2020-12-19 20:58:10 DEBUG [t1] "TestVolatile":15: 13
2020-12-19 20:58:10 DEBUG [t1] "TestVolatile":15: 13
2020-12-19 20:58:10 DEBUG [t1] "TestVolatile":15: 13
2020-12-19 20:58:10 DEBUG [t1] "TestVolatile":15: 13
2020-12-19 20:58:10 DEBUG [t1] "TestVolatile":15: 13
2020-12-19 20:58:10 DEBUG [t1] "TestVolatile":15: 13
2020-12-19 20:58:10 DEBUG [t1] "TestVolatile":15: 13
2020-12-19 20:58:10 DEBUG [t1] "TestVolatile":15: 13
2020-12-19 20:58:10 DEBUG [t1] "TestVolatile":15: 13
2020-12-19 20:58:10 DEBUG [t1] "TestVolatile":15: 13
2020-12-19 20:58:10 DEBUG [t1] "TestVolatile":15: 13
2020-12-19 20:58:10 DEBUG [t1] "TestVolatile":15: 13
2020-12-19 20:58:10 DEBUG [t1] "TestVolatile":15: 13
2020-12-19 20:58:10 DEBUG [t1] "TestVolatile":15: 13
2020-12-19 20:58:10 DEBUG [t1] "TestVolatile":15: 13
2020-12-19 20:58:10 DEBUG [t1] "TestVolatile":15: 13
2020-12-19 20:58:10 DEBUG [t1] "TestVolatile":15: 13
2020-12-19 20:58:10 DEBUG [t1] "TestVolatile":15: 13
2020-12-19 20:58:10 DEBUG [t1] "TestVolatile":15: 13
2020-12-19 20:58:10 DEBUG [t1] "TestVolatile":15: 13
2020-12-19 20:58:10 DEBUG [t1] "TestVolatile":15: 13
2020-12-19 20:58:10 DEBUG [t1] "TestVolatile":15: 13
2020-12-19 20:58:10 DEBUG [t1] "TestVolatile":15: 13
2020-12-19 20:58:10 DEBUG [t1] "TestVolatile":15: 13
2020-12-19 20:58:10 DEBUG [t1] "TestVolatile":15: 13
2020-12-19 20:58:10 DEBUG [t1] "TestVolatile":15: 13
2020-12-19 20:58:10 DEBUG [t1] "TestVolatile":15: 13
2020-12-19 20:58:10 DEBUG [t1] "TestVolatile":15: 13
2020-12-19 20:58:10 DEBUG [t1] "TestVolatile":15: 13
2020-12-19 20:58:10 DEBUG [t1] "TestVolatile":15: 13
2020-12-19 20:58:10 DEBUG [t1] "TestVolatile":15: 13
2020-12-19 20:58:10 DEBUG [t1] "TestVolatile":15: 13
2020-12-19 20:58:10 DEBUG [t1] "TestVolatile":15: 13
2020-12-19 20:58:10 DEBUG [t1] "TestVolatile":15: 13
2020-12-19 20:58:10 DEBUG [t1] "TestVolatile":15: 13
2020-12-19 20:58:10 DEBUG [t1] "TestVolatile":15: 13
2020-12-19 20:58:10 DEBUG [t1] "TestVolatile":15: 13
2020-12-19 20:58:10 DEBUG [t1] "TestVolatile":15: 13
2020-12-19 20:58:10 DEBUG [t1] "TestVolatile":15: 13
2020-12-19 20:58:10 DEBUG [t1] "TestVolatile":15: 13
2020-12-19 20:58:10 DEBUG [t1] "TestVolatile":15: 13
2020-12-19 20:58:10 DEBUG [t1] "TestVolatile":15: 13
2020-12-19 20:58:10 DEBUG [t1] "TestVolatile":15: 13
2020-12-19 20:58:10 DEBUG [t1] "TestVolatile":15: 13
2020-12-19 20:58:10 DEBUG [t1] "TestVolatile":15: 13
2020-12-19 20:58:10 DEBUG [t1] "TestVolatile":15: 13
2020-12-19 20:58:10 DEBUG [t1] "TestVolatile":15: 13
2020-12-19 20:58:10 DEBUG [t1] "TestVolatile":15: 13
2020-12-19 20:58:10 DEBUG [t1] "TestVolatile":15: 13
2020-12-19 20:58:10 DEBUG [t1] "TestVolatile":15: 13
2020-12-19 20:58:10 DEBUG [t1] "TestVolatile":15: 13
2020-12-19 20:58:10 DEBUG [t1] "TestVolatile":15: 13
2020-12-19 20:58:10 DEBUG [t1] "TestVolatile":15: 13
2020-12-19 20:58:10 DEBUG [t1] "TestVolatile":15: 13
2020-12-19 20:58:10 DEBUG [t1] "TestVolatile":15: 13
2020-12-19 20:58:10 DEBUG [t1] "TestVolatile":15: 13
2020-12-19 20:58:10 DEBUG [t1] "TestVolatile":15: 13
2020-12-19 20:58:10 DEBUG [t1] "TestVolatile":15: 13
2020-12-19 20:58:10 DEBUG [t1] "TestVolatile":15: 13
2020-12-19 20:58:10 DEBUG [t1] "TestVolatile":15: 13
2020-12-19 20:58:10 DEBUG [t1] "TestVolatile":15: 13
2020-12-19 20:58:10 DEBUG [t1] "TestVolatile":15: 13
2020-12-19 20:58:10 DEBUG [t1] "TestVolatile":15: 13
2020-12-19 20:58:10 DEBUG [t1] "TestVolatile":15: 13
2020-12-19 20:58:10 DEBUG [t1] "TestVolatile":15: 13
2020-12-19 20:58:10 DEBUG [t1] "TestVolatile":15: 13
2020-12-19 20:58:10 DEBUG [t1] "TestVolatile":15: 13
2020-12-19 20:58:10 DEBUG [t1] "TestVolatile":15: 13
2020-12-19 20:58:10 DEBUG [t1] "TestVolatile":15: 13
2020-12-19 20:58:10 DEBUG [t1] "TestVolatile":15: 13
2020-12-19 20:58:10 DEBUG [t1] "TestVolatile":15: 13
2020-12-19 20:58:10 DEBUG [t1] "TestVolatile":15: 13
2020-12-19 20:58:10 DEBUG [t1] "TestVolatile":15: 13
2020-12-19 20:58:10 DEBUG [t1] "TestVolatile":15: 13
2020-12-19 20:58:10 DEBUG [t1] "TestVolatile":15: 13
2020-12-19 20:58:10 DEBUG [t1] "TestVolatile":15: 13
2020-12-19 20:58:10 DEBUG [t1] "TestVolatile":15: 13
2020-12-19 20:58:10 DEBUG [t1] "TestVolatile":15: 13
2020-12-19 20:58:10 DEBUG [t1] "TestVolatile":15: 13
2020-12-19 20:58:10 DEBUG [t1] "TestVolatile":15: 13
2020-12-19 20:58:10 DEBUG [t1] "TestVolatile":15: 13
2020-12-19 20:58:10 DEBUG [t1] "TestVolatile":15: 13
2020-12-19 20:58:10 DEBUG [t1] "TestVolatile":15: 13
2020-12-19 20:58:10 DEBUG [t1] "TestVolatile":15: 13
2020-12-19 20:58:10 DEBUG [t1] "TestVolatile":15: 13
2020-12-19 20:58:10 DEBUG [t1] "TestVolatile":15: 13
2020-12-19 20:58:10 DEBUG [t1] "TestVolatile":15: 13
2020-12-19 20:58:10 DEBUG [t1] "TestVolatile":15: 13
2020-12-19 20:58:10 DEBUG [t1] "TestVolatile":15: 13
2020-12-19 20:58:10 DEBUG [t1] "TestVolatile":15: 13
2020-12-19 20:58:10 DEBUG [t1] "TestVolatile":15: 13
2020-12-19 20:58:10 DEBUG [t1] "TestVolatile":15: 13
2020-12-19 20:58:10 DEBUG [t1] "TestVolatile":15: 13
2020-12-19 20:58:10 DEBUG [t1] "TestVolatile":15: 13
2020-12-19 20:58:10 DEBUG [t1] "TestVolatile":15: 13
2020-12-19 20:58:10 DEBUG [t1] "TestVolatile":15: 13
2020-12-19 20:58:10 DEBUG [t1] "TestVolatile":15: 13
2020-12-19 20:58:10 DEBUG [t1] "TestVolatile":15: 13
2020-12-19 20:58:10 DEBUG [t1] "TestVolatile":15: 13
2020-12-19 20:58:10 DEBUG [t1] "TestVolatile":15: 13
2020-12-19 20:58:10 DEBUG [t1] "TestVolatile":15: 13
2020-12-19 20:58:10 DEBUG [t1] "TestVolatile":15: 13
2020-12-19 20:58:10 DEBUG [t1] "TestVolatile":15: 13
2020-12-19 20:58:10 DEBUG [t1] "TestVolatile":15: 13
2020-12-19 20:58:10 DEBUG [t1] "TestVolatile":15: 13
2020-12-19 20:58:10 DEBUG [t1] "TestVolatile":15: 13
2020-12-19 20:58:10 DEBUG [t1] "TestVolatile":15: 13
2020-12-19 20:58:10 DEBUG [t1] "TestVolatile":15: 13
2020-12-19 20:58:10 DEBUG [t1] "TestVolatile":15: 13
2020-12-19 20:58:10 DEBUG [t1] "TestVolatile":15: 13
2020-12-19 20:58:10 DEBUG [t1] "TestVolatile":15: 13
2020-12-19 20:58:10 DEBUG [t1] "TestVolatile":15: 13
2020-12-19 20:58:10 DEBUG [t1] "TestVolatile":15: 13
2020-12-19 20:58:10 DEBUG [t1] "TestVolatile":15: 13
2020-12-19 20:58:10 DEBUG [t1] "TestVolatile":15: 13
2020-12-19 20:58:10 DEBUG [t1] "TestVolatile":15: 13
2020-12-19 20:58:10 DEBUG [t1] "TestVolatile":15: 13
2020-12-19 20:58:10 DEBUG [t1] "TestVolatile":15: 13
2020-12-19 20:58:10 DEBUG [t1] "TestVolatile":15: 13
2020-12-19 20:58:10 DEBUG [t1] "TestVolatile":15: 13
2020-12-19 20:58:10 DEBUG [t1] "TestVolatile":15: 13
2020-12-19 20:58:10 DEBUG [t1] "TestVolatile":15: 13
2020-12-19 20:58:10 DEBUG [t1] "TestVolatile":15: 13
2020-12-19 20:58:10 DEBUG [t1] "TestVolatile":15: 13
2020-12-19 20:58:10 DEBUG [t1] "TestVolatile":15: 13
2020-12-19 20:58:10 DEBUG [t1] "TestVolatile":15: 13
2020-12-19 20:58:10 DEBUG [t1] "TestVolatile":15: 13
2020-12-19 20:58:10 DEBUG [t1] "TestVolatile":15: 13
2020-12-19 20:58:10 DEBUG [t1] "TestVolatile":15: 13
2020-12-19 20:58:10 DEBUG [t1] "TestVolatile":15: 13
2020-12-19 20:58:10 DEBUG [t1] "TestVolatile":15: 13
2020-12-19 20:58:10 DEBUG [t1] "TestVolatile":15: 13
2020-12-19 20:58:10 DEBUG [t1] "TestVolatile":15: 13
2020-12-19 20:58:10 DEBUG [t1] "TestVolatile":15: 13
2020-12-19 20:58:10 DEBUG [t1] "TestVolatile":15: 13
2020-12-19 20:58:10 DEBUG [t1] "TestVolatile":15: 13
2020-12-19 20:58:10 DEBUG [t1] "TestVolatile":15: 13
2020-12-19 20:58:10 DEBUG [t1] "TestVolatile":15: 13
2020-12-19 20:58:10 DEBUG [t1] "TestVolatile":15: 13
2020-12-19 20:58:10 DEBUG [t1] "TestVolatile":15: 13
2020-12-19 20:58:10 DEBUG [t1] "TestVolatile":15: 13
2020-12-19 20:58:10 DEBUG [t1] "TestVolatile":15: 13
2020-12-19 20:58:10 DEBUG [t1] "TestVolatile":15: 13
2020-12-19 20:58:10 DEBUG [t1] "TestVolatile":15: 13
2020-12-19 20:58:10 DEBUG [t1] "TestVolatile":15: 13
2020-12-19 20:58:10 DEBUG [t1] "TestVolatile":15: 13
2020-12-19 20:58:10 DEBUG [t1] "TestVolatile":15: 13
2020-12-19 20:58:10 DEBUG [t1] "TestVolatile":15: 13
2020-12-19 20:58:10 DEBUG [t1] "TestVolatile":15: 13
2020-12-19 20:58:10 DEBUG [t1] "TestVolatile":15: 13
2020-12-19 20:58:10 DEBUG [t1] "TestVolatile":15: 13
2020-12-19 20:58:10 DEBUG [t1] "TestVolatile":15: 13
2020-12-19 20:58:10 DEBUG [t1] "TestVolatile":15: 13
2020-12-19 20:58:10 DEBUG [t1] "TestVolatile":15: 13
2020-12-19 20:58:10 DEBUG [t1] "TestVolatile":15: 13
2020-12-19 20:58:10 DEBUG [t1] "TestVolatile":15: 13
2020-12-19 20:58:10 DEBUG [t1] "TestVolatile":15: 13
2020-12-19 20:58:10 DEBUG [t1] "TestVolatile":15: 13
2020-12-19 20:58:10 DEBUG [t1] "TestVolatile":15: 13
2020-12-19 20:58:10 DEBUG [t1] "TestVolatile":15: 13
2020-12-19 20:58:10 DEBUG [t1] "TestVolatile":15: 13
2020-12-19 20:58:10 DEBUG [t1] "TestVolatile":15: 13
2020-12-19 20:58:10 DEBUG [t1] "TestVolatile":15: 13
2020-12-19 20:58:10 DEBUG [t1] "TestVolatile":15: 13
2020-12-19 20:58:10 DEBUG [t1] "TestVolatile":15: 13
2020-12-19 20:58:10 DEBUG [t1] "TestVolatile":15: 13
2020-12-19 20:58:10 DEBUG [t1] "TestVolatile":15: 13
2020-12-19 20:58:10 DEBUG [t1] "TestVolatile":15: 13
2020-12-19 20:58:10 DEBUG [t1] "TestVolatile":15: 13
2020-12-19 20:58:10 DEBUG [t1] "TestVolatile":15: 13
2020-12-19 20:58:10 DEBUG [t1] "TestVolatile":15: 13
2020-12-19 20:58:10 DEBUG [t1] "TestVolatile":15: 13
2020-12-19 20:58:10 DEBUG [t1] "TestVolatile":15: 13
2020-12-19 20:58:10 DEBUG [t1] "TestVolatile":15: 13
2020-12-19 20:58:10 DEBUG [t1] "TestVolatile":15: 13
2020-12-19 20:58:10 DEBUG [t1] "TestVolatile":15: 13
2020-12-19 20:58:10 DEBUG [t1] "TestVolatile":15: 13
2020-12-19 20:58:10 DEBUG [t1] "TestVolatile":15: 13
2020-12-19 20:58:10 DEBUG [t1] "TestVolatile":15: 13
2020-12-19 20:58:10 DEBUG [t1] "TestVolatile":15: 13
2020-12-19 20:58:10 DEBUG [t1] "TestVolatile":15: 13
2020-12-19 20:58:10 DEBUG [t1] "TestVolatile":15: 13
2020-12-19 20:58:10 DEBUG [t1] "TestVolatile":15: 13
2020-12-19 20:58:10 DEBUG [t1] "TestVolatile":15: 13
2020-12-19 20:58:10 DEBUG [t1] "TestVolatile":15: 13
2020-12-19 20:58:10 DEBUG [t1] "TestVolatile":15: 13
2020-12-19 20:58:10 DEBUG [t1] "TestVolatile":15: 13
2020-12-19 20:58:10 DEBUG [t1] "TestVolatile":15: 13
2020-12-19 20:58:10 DEBUG [t1] "TestVolatile":15: 13
2020-12-19 20:58:10 DEBUG [t1] "TestVolatile":15: 13
2020-12-19 20:58:10 DEBUG [t1] "TestVolatile":15: 13
2020-12-19 20:58:10 DEBUG [t1] "TestVolatile":15: 13
2020-12-19 20:58:10 DEBUG [t1] "TestVolatile":15: 13
2020-12-19 20:58:10 DEBUG [t1] "TestVolatile":15: 13
2020-12-19 20:58:10 DEBUG [t1] "TestVolatile":15: 13
2020-12-19 20:58:10 DEBUG [t1] "TestVolatile":15: 13
2020-12-19 20:58:10 DEBUG [t1] "TestVolatile":15: 13
2020-12-19 20:58:10 DEBUG [t1] "TestVolatile":15: 13
2020-12-19 20:58:10 DEBUG [t1] "TestVolatile":15: 13
2020-12-19 20:58:10 DEBUG [t1] "TestVolatile":15: 13
2020-12-19 20:58:10 DEBUG [t1] "TestVolatile":15: 13
2020-12-19 20:58:10 DEBUG [t1] "TestVolatile":15: 13
2020-12-19 20:58:10 DEBUG [t1] "TestVolatile":15: 13
2020-12-19 20:58:10 DEBUG [t1] "TestVolatile":15: 13
2020-12-19 20:58:10 DEBUG [t1] "TestVolatile":15: 13
2020-12-19 20:58:10 DEBUG [t1] "TestVolatile":15: 13
2020-12-19 20:58:10 DEBUG [t1] "TestVolatile":15: 13
2020-12-19 20:58:10 DEBUG [t1] "TestVolatile":15: 13
2020-12-19 20:58:10 DEBUG [t1] "TestVolatile":15: 13
2020-12-19 20:58:10 DEBUG [t1] "TestVolatile":15: 13
2020-12-19 20:58:10 DEBUG [t1] "TestVolatile":15: 13
2020-12-19 20:58:10 DEBUG [t1] "TestVolatile":15: 13
2020-12-19 20:58:10 DEBUG [t1] "TestVolatile":15: 13
2020-12-19 20:58:10 DEBUG [t1] "TestVolatile":15: 13
2020-12-19 20:58:10 DEBUG [t1] "TestVolatile":15: 13
2020-12-19 20:58:10 DEBUG [t1] "TestVolatile":15: 13
2020-12-19 20:58:10 DEBUG [t1] "TestVolatile":15: 13
2020-12-19 20:58:10 DEBUG [t1] "TestVolatile":15: 13
2020-12-19 20:58:10 DEBUG [t1] "TestVolatile":15: 13
2020-12-19 20:58:10 DEBUG [t1] "TestVolatile":15: 13
2020-12-19 20:58:10 DEBUG [t1] "TestVolatile":15: 13
2020-12-19 20:58:10 DEBUG [t1] "TestVolatile":15: 13
2020-12-19 20:58:10 DEBUG [t1] "TestVolatile":15: 13
2020-12-19 20:58:10 DEBUG [t1] "TestVolatile":15: 13
2020-12-19 20:58:10 DEBUG [t1] "TestVolatile":15: 13
2020-12-19 20:58:10 DEBUG [t1] "TestVolatile":15: 13
2020-12-19 20:58:10 DEBUG [t1] "TestVolatile":15: 13
2020-12-19 20:58:10 DEBUG [t1] "TestVolatile":15: 13
2020-12-19 20:58:10 DEBUG [t1] "TestVolatile":15: 13
2020-12-19 20:58:10 DEBUG [t1] "TestVolatile":15: 13
2020-12-19 20:58:10 DEBUG [t1] "TestVolatile":15: 13
2020-12-19 20:58:10 DEBUG [t1] "TestVolatile":15: 13
2020-12-19 20:58:10 DEBUG [t1] "TestVolatile":15: 13
2020-12-19 20:58:10 DEBUG [t1] "TestVolatile":15: 13
2020-12-19 20:58:10 DEBUG [t1] "TestVolatile":15: 13
2020-12-19 20:58:10 DEBUG [t1] "TestVolatile":15: 13
2020-12-19 20:58:10 DEBUG [t1] "TestVolatile":15: 13
2020-12-19 20:58:10 DEBUG [t1] "TestVolatile":15: 13
2020-12-19 20:58:10 DEBUG [t1] "TestVolatile":15: 13
2020-12-19 20:58:10 DEBUG [t1] "TestVolatile":15: 13
2020-12-19 20:58:10 DEBUG [t1] "TestVolatile":15: 13
2020-12-19 20:58:10 DEBUG [t1] "TestVolatile":15: 13
2020-12-19 20:58:10 DEBUG [t1] "TestVolatile":15: 13
2020-12-19 20:58:10 DEBUG [t1] "TestVolatile":15: 13
2020-12-19 20:58:10 DEBUG [t1] "TestVolatile":15: 13
2020-12-19 20:58:10 DEBUG [t1] "TestVolatile":15: 13
2020-12-19 20:58:10 DEBUG [t1] "TestVolatile":15: 13
2020-12-19 20:58:10 DEBUG [t1] "TestVolatile":15: 13
2020-12-19 20:58:10 DEBUG [t1] "TestVolatile":15: 13
2020-12-19 20:58:10 DEBUG [t1] "TestVolatile":15: 13
2020-12-19 20:58:10 DEBUG [t1] "TestVolatile":15: 13
2020-12-19 20:58:10 DEBUG [t1] "TestVolatile":15: 13
2020-12-19 20:58:10 DEBUG [t1] "TestVolatile":15: 13
2020-12-19 20:58:10 DEBUG [t1] "TestVolatile":15: 13
2020-12-19 20:58:10 DEBUG [t1] "TestVolatile":15: 13
2020-12-19 20:58:10 DEBUG [t1] "TestVolatile":15: 13
2020-12-19 20:58:10 DEBUG [t1] "TestVolatile":15: 13
2020-12-19 20:58:10 DEBUG [t1] "TestVolatile":15: 13
2020-12-19 20:58:10 DEBUG [t1] "TestVolatile":15: 13
2020-12-19 20:58:10 DEBUG [t1] "TestVolatile":15: 13
2020-12-19 20:58:10 DEBUG [t1] "TestVolatile":15: 13
2020-12-19 20:58:10 DEBUG [t1] "TestVolatile":15: 13
2020-12-19 20:58:10 DEBUG [t1] "TestVolatile":15: 13
2020-12-19 20:58:10 DEBUG [t1] "TestVolatile":15: 13
2020-12-19 20:58:10 DEBUG [t1] "TestVolatile":15: 13
2020-12-19 20:58:10 DEBUG [t1] "TestVolatile":15: 13
2020-12-19 20:58:10 DEBUG [t1] "TestVolatile":15: 13
2020-12-19 20:58:10 DEBUG [t1] "TestVolatile":15: 13
2020-12-19 20:58:10 DEBUG [t1] "TestVolatile":15: 13
2020-12-19 20:58:10 DEBUG [t1] "TestVolatile":15: 13
2020-12-19 20:58:10 DEBUG [t1] "TestVolatile":15: 13
2020-12-19 20:58:10 DEBUG [t1] "TestVolatile":15: 13
2020-12-19 20:58:10 DEBUG [t1] "TestVolatile":15: 13
2020-12-19 20:58:10 DEBUG [t1] "TestVolatile":15: 13
2020-12-19 20:58:10 DEBUG [t1] "TestVolatile":15: 13
2020-12-19 20:58:10 DEBUG [t1] "TestVolatile":15: 13
2020-12-19 20:58:10 DEBUG [t1] "TestVolatile":15: 13
2020-12-19 20:58:10 DEBUG [t1] "TestVolatile":15: 13
2020-12-19 20:58:10 DEBUG [t1] "TestVolatile":15: 13
2020-12-19 20:58:10 DEBUG [t1] "TestVolatile":15: 13
2020-12-19 20:58:10 DEBUG [t1] "TestVolatile":15: 13
2020-12-19 20:58:10 DEBUG [t1] "TestVolatile":15: 13
2020-12-19 20:58:10 DEBUG [t1] "TestVolatile":15: 13
2020-12-19 20:58:10 DEBUG [t1] "TestVolatile":15: 13
2020-12-19 20:58:10 DEBUG [t1] "TestVolatile":15: 13
2020-12-19 20:58:10 DEBUG [t1] "TestVolatile":15: 13
2020-12-19 20:58:10 DEBUG [t1] "TestVolatile":15: 13
2020-12-19 20:58:10 DEBUG [t1] "TestVolatile":15: 13
2020-12-19 20:58:10 DEBUG [t1] "TestVolatile":15: 13
2020-12-19 20:58:10 DEBUG [t1] "TestVolatile":15: 13
2020-12-19 20:58:10 DEBUG [t1] "TestVolatile":15: 13
2020-12-19 20:58:10 DEBUG [t1] "TestVolatile":15: 13
2020-12-19 20:58:10 DEBUG [t1] "TestVolatile":15: 13
2020-12-19 20:58:10 DEBUG [t1] "TestVolatile":15: 13
2020-12-19 20:58:10 DEBUG [t1] "TestVolatile":15: 13
2020-12-19 20:58:10 DEBUG [t1] "TestVolatile":15: 13
2020-12-19 20:58:10 DEBUG [t1] "TestVolatile":15: 13
2020-12-19 20:58:10 DEBUG [t1] "TestVolatile":15: 13
2020-12-19 20:58:10 DEBUG [t1] "TestVolatile":15: 13
2020-12-19 20:58:10 DEBUG [t1] "TestVolatile":15: 13
2020-12-19 20:58:10 DEBUG [t1] "TestVolatile":15: 13
2020-12-19 20:58:10 DEBUG [t1] "TestVolatile":15: 13
2020-12-19 20:58:10 DEBUG [t1] "TestVolatile":15: 13
2020-12-19 20:58:10 DEBUG [t1] "TestVolatile":15: 13
2020-12-19 20:58:10 DEBUG [t1] "TestVolatile":15: 13
2020-12-19 20:58:10 DEBUG [t1] "TestVolatile":15: 13
2020-12-19 20:58:10 DEBUG [t1] "TestVolatile":15: 13
2020-12-19 20:58:10 DEBUG [t1] "TestVolatile":15: 13
2020-12-19 20:58:10 DEBUG [t1] "TestVolatile":15: 13
2020-12-19 20:58:10 DEBUG [t1] "TestVolatile":15: 13
2020-12-19 20:58:10 DEBUG [t1] "TestVolatile":15: 13
2020-12-19 20:58:10 DEBUG [t1] "TestVolatile":15: 13
2020-12-19 20:58:10 DEBUG [t1] "TestVolatile":15: 13
2020-12-19 20:58:10 DEBUG [t1] "TestVolatile":15: 13
2020-12-19 20:58:10 DEBUG [t1] "TestVolatile":15: 13
2020-12-19 20:58:10 DEBUG [t1] "TestVolatile":15: 13
2020-12-19 20:58:10 DEBUG [t1] "TestVolatile":15: 13
2020-12-19 20:58:10 DEBUG [t1] "TestVolatile":15: 13
2020-12-19 20:58:10 DEBUG [t1] "TestVolatile":15: 13
2020-12-19 20:58:10 DEBUG [t1] "TestVolatile":15: 13
2020-12-19 20:58:10 DEBUG [t1] "TestVolatile":15: 13
2020-12-19 20:58:10 DEBUG [t1] "TestVolatile":15: 13
2020-12-19 20:58:10 DEBUG [t1] "TestVolatile":15: 13
2020-12-19 20:58:10 DEBUG [t1] "TestVolatile":15: 13
2020-12-19 20:58:10 DEBUG [t1] "TestVolatile":15: 13
2020-12-19 20:58:10 DEBUG [t1] "TestVolatile":15: 13
2020-12-19 20:58:10 DEBUG [t1] "TestVolatile":15: 13
2020-12-19 20:58:10 DEBUG [t1] "TestVolatile":15: 13
2020-12-19 20:58:10 DEBUG [t1] "TestVolatile":15: 13
2020-12-19 20:58:10 DEBUG [t1] "TestVolatile":15: 13
2020-12-19 20:58:10 DEBUG [t1] "TestVolatile":15: 13
2020-12-19 20:58:10 DEBUG [t1] "TestVolatile":15: 13
2020-12-19 20:58:10 DEBUG [t1] "TestVolatile":15: 13
2020-12-19 20:58:10 DEBUG [t1] "TestVolatile":15: 13
2020-12-19 20:58:10 DEBUG [t1] "TestVolatile":15: 13
2020-12-19 20:58:10 DEBUG [t1] "TestVolatile":15: 13
2020-12-19 20:58:10 DEBUG [t1] "TestVolatile":15: 13
2020-12-19 20:58:10 DEBUG [t1] "TestVolatile":15: 13
2020-12-19 20:58:10 DEBUG [t1] "TestVolatile":15: 13
2020-12-19 20:58:10 DEBUG [t1] "TestVolatile":15: 13
2020-12-19 20:58:10 DEBUG [t1] "TestVolatile":15: 13
2020-12-19 20:58:10 DEBUG [t1] "TestVolatile":15: 13
2020-12-19 20:58:10 DEBUG [t1] "TestVolatile":15: 13
2020-12-19 20:58:10 DEBUG [t1] "TestVolatile":15: 13
2020-12-19 20:58:10 DEBUG [t1] "TestVolatile":15: 13
2020-12-19 20:58:10 DEBUG [t1] "TestVolatile":15: 13
2020-12-19 20:58:10 DEBUG [t1] "TestVolatile":15: 13
2020-12-19 20:58:10 DEBUG [t1] "TestVolatile":15: 13
2020-12-19 20:58:10 DEBUG [t1] "TestVolatile":15: 13
2020-12-19 20:58:10 DEBUG [t1] "TestVolatile":15: 13
2020-12-19 20:58:10 DEBUG [t1] "TestVolatile":15: 13
2020-12-19 20:58:10 DEBUG [t1] "TestVolatile":15: 13
2020-12-19 20:58:10 DEBUG [t1] "TestVolatile":15: 13
2020-12-19 20:58:10 DEBUG [t1] "TestVolatile":15: 13
2020-12-19 20:58:10 DEBUG [t1] "TestVolatile":15: 13
2020-12-19 20:58:10 DEBUG [t1] "TestVolatile":15: 13
2020-12-19 20:58:10 DEBUG [t1] "TestVolatile":15: 13
2020-12-19 20:58:10 DEBUG [t1] "TestVolatile":15: 13
2020-12-19 20:58:10 DEBUG [t1] "TestVolatile":15: 13
2020-12-19 20:58:10 DEBUG [t1] "TestVolatile":15: 13
2020-12-19 20:58:10 DEBUG [t1] "TestVolatile":15: 13
2020-12-19 20:58:10 DEBUG [t1] "TestVolatile":15: 13
2020-12-19 20:58:10 DEBUG [t1] "TestVolatile":15: 13
2020-12-19 20:58:10 DEBUG [t1] "TestVolatile":15: 13
2020-12-19 20:58:10 DEBUG [t1] "TestVolatile":15: 13
2020-12-19 20:58:10 DEBUG [t1] "TestVolatile":15: 13
2020-12-19 20:58:10 DEBUG [t1] "TestVolatile":15: 13
2020-12-19 20:58:10 DEBUG [t1] "TestVolatile":15: 13
2020-12-19 20:58:10 DEBUG [t1] "TestVolatile":15: 13
2020-12-19 20:58:10 DEBUG [t1] "TestVolatile":15: 13
2020-12-19 20:58:10 DEBUG [t1] "TestVolatile":15: 13
2020-12-19 20:58:10 DEBUG [t1] "TestVolatile":15: 13
2020-12-19 20:58:10 DEBUG [t1] "TestVolatile":15: 13
2020-12-19 20:58:10 DEBUG [t1] "TestVolatile":15: 13
2020-12-19 20:58:10 DEBUG [t1] "TestVolatile":15: 13
2020-12-19 20:58:10 DEBUG [t1] "TestVolatile":15: 13
2020-12-19 20:58:10 DEBUG [t1] "TestVolatile":15: 13
2020-12-19 20:58:10 DEBUG [t1] "TestVolatile":15: 13
2020-12-19 20:58:10 DEBUG [t1] "TestVolatile":15: 13
2020-12-19 20:58:10 DEBUG [t1] "TestVolatile":15: 13
2020-12-19 20:58:10 DEBUG [t1] "TestVolatile":15: 13
2020-12-19 20:58:10 DEBUG [t1] "TestVolatile":15: 13
2020-12-19 20:58:10 DEBUG [t1] "TestVolatile":15: 13
2020-12-19 20:58:10 DEBUG [t1] "TestVolatile":15: 13
2020-12-19 20:58:10 DEBUG [t1] "TestVolatile":15: 13
2020-12-19 20:58:10 DEBUG [t1] "TestVolatile":15: 13
2020-12-19 20:58:10 DEBUG [t1] "TestVolatile":15: 13
2020-12-19 20:58:10 DEBUG [t1] "TestVolatile":15: 13
2020-12-19 20:58:10 DEBUG [t1] "TestVolatile":15: 13
2020-12-19 20:58:10 DEBUG [t1] "TestVolatile":15: 13
2020-12-19 20:58:10 DEBUG [t1] "TestVolatile":15: 13
2020-12-19 20:58:10 DEBUG [t1] "TestVolatile":15: 13
2020-12-19 20:58:10 DEBUG [t1] "TestVolatile":15: 13
2020-12-19 20:58:10 DEBUG [t1] "TestVolatile":15: 13
2020-12-19 20:58:10 DEBUG [t1] "TestVolatile":15: 13
2020-12-19 20:58:10 DEBUG [t1] "TestVolatile":15: 13
2020-12-19 20:58:10 DEBUG [t1] "TestVolatile":15: 13
2020-12-19 20:58:10 DEBUG [t1] "TestVolatile":15: 13
2020-12-19 20:58:10 DEBUG [t1] "TestVolatile":15: 13
2020-12-19 20:58:10 DEBUG [t1] "TestVolatile":15: 13
2020-12-19 20:58:10 DEBUG [t1] "TestVolatile":15: 13
2020-12-19 20:58:10 DEBUG [t1] "TestVolatile":15: 13
2020-12-19 20:58:10 DEBUG [t1] "TestVolatile":15: 13
2020-12-19 20:58:10 DEBUG [t1] "TestVolatile":15: 13
2020-12-19 20:58:10 DEBUG [t1] "TestVolatile":15: 13
2020-12-19 20:58:10 DEBUG [t1] "TestVolatile":15: 13
2020-12-19 20:58:10 DEBUG [t1] "TestVolatile":15: 13
2020-12-19 20:58:10 DEBUG [t1] "TestVolatile":15: 13
2020-12-19 20:58:10 DEBUG [t1] "TestVolatile":15: 13
2020-12-19 20:58:10 DEBUG [t1] "TestVolatile":15: 13
2020-12-19 20:58:10 DEBUG [t1] "TestVolatile":15: 13
2020-12-19 20:58:10 DEBUG [t1] "TestVolatile":15: 13
2020-12-19 20:58:10 DEBUG [t1] "TestVolatile":15: 13
2020-12-19 20:58:10 DEBUG [t1] "TestVolatile":15: 13
2020-12-19 20:58:10 DEBUG [t1] "TestVolatile":15: 13
2020-12-19 20:58:10 DEBUG [t1] "TestVolatile":15: 13
2020-12-19 20:58:10 DEBUG [t1] "TestVolatile":15: 13
2020-12-19 20:58:10 DEBUG [t1] "TestVolatile":15: 13
2020-12-19 20:58:10 DEBUG [t1] "TestVolatile":15: 13
2020-12-19 20:58:10 DEBUG [t1] "TestVolatile":15: 13
2020-12-19 20:58:10 DEBUG [t1] "TestVolatile":15: 13
2020-12-19 20:58:10 DEBUG [t1] "TestVolatile":15: 13
2020-12-19 20:58:10 DEBUG [t1] "TestVolatile":15: 13
2020-12-19 20:58:10 DEBUG [t1] "TestVolatile":15: 13
2020-12-19 20:58:10 DEBUG [t1] "TestVolatile":15: 13
2020-12-19 20:58:10 DEBUG [t1] "TestVolatile":15: 13
2020-12-19 20:58:10 DEBUG [t1] "TestVolatile":15: 13
2020-12-19 20:58:10 DEBUG [t1] "TestVolatile":15: 13
2020-12-19 20:58:10 DEBUG [t1] "TestVolatile":15: 13
2020-12-19 20:58:10 DEBUG [t1] "TestVolatile":15: 13
2020-12-19 20:58:10 DEBUG [t1] "TestVolatile":15: 13
2020-12-19 20:58:10 DEBUG [t1] "TestVolatile":15: 13
2020-12-19 20:58:10 DEBUG [t1] "TestVolatile":15: 13
2020-12-19 20:58:10 DEBUG [t1] "TestVolatile":15: 13
2020-12-19 20:58:10 DEBUG [t1] "TestVolatile":15: 13
2020-12-19 20:58:10 DEBUG [t1] "TestVolatile":15: 13
2020-12-19 20:58:10 DEBUG [t1] "TestVolatile":15: 13
2020-12-19 20:58:10 DEBUG [t1] "TestVolatile":15: 13
2020-12-19 20:58:10 DEBUG [t1] "TestVolatile":15: 13
2020-12-19 20:58:10 DEBUG [t1] "TestVolatile":15: 13
2020-12-19 20:58:10 DEBUG [t1] "TestVolatile":15: 13
2020-12-19 20:58:10 DEBUG [t1] "TestVolatile":15: 13
2020-12-19 20:58:10 DEBUG [t1] "TestVolatile":15: 13
2020-12-19 20:58:10 DEBUG [t1] "TestVolatile":15: 13
2020-12-19 20:58:10 DEBUG [t1] "TestVolatile":15: 13
2020-12-19 20:58:10 DEBUG [t1] "TestVolatile":15: 13
2020-12-19 20:58:10 DEBUG [t1] "TestVolatile":15: 13
2020-12-19 20:58:10 DEBUG [t1] "TestVolatile":15: 13
2020-12-19 20:58:10 DEBUG [t1] "TestVolatile":15: 13
2020-12-19 20:58:10 DEBUG [t1] "TestVolatile":15: 13
2020-12-19 20:58:10 DEBUG [t1] "TestVolatile":15: 13
2020-12-19 20:58:10 DEBUG [t1] "TestVolatile":15: 13
2020-12-19 20:58:10 DEBUG [t1] "TestVolatile":15: 13
2020-12-19 20:58:10 DEBUG [t1] "TestVolatile":15: 13
2020-12-19 20:58:10 DEBUG [t1] "TestVolatile":15: 13
2020-12-19 20:58:10 DEBUG [t1] "TestVolatile":15: 13
2020-12-19 20:58:10 DEBUG [t1] "TestVolatile":15: 13
2020-12-19 20:58:10 DEBUG [t1] "TestVolatile":15: 13
2020-12-19 20:58:10 DEBUG [t1] "TestVolatile":15: 13
2020-12-19 20:58:10 DEBUG [t1] "TestVolatile":15: 13
2020-12-19 20:58:10 DEBUG [t1] "TestVolatile":15: 13
2020-12-19 20:58:10 DEBUG [t1] "TestVolatile":15: 13
2020-12-19 20:58:10 DEBUG [t1] "TestVolatile":15: 13
2020-12-19 20:58:10 DEBUG [t1] "TestVolatile":15: 13
2020-12-19 20:58:10 DEBUG [t1] "TestVolatile":15: 13
2020-12-19 20:58:10 DEBUG [t1] "TestVolatile":15: 13
2020-12-19 20:58:10 DEBUG [t1] "TestVolatile":15: 13
2020-12-19 20:58:10 DEBUG [t1] "TestVolatile":15: 13
2020-12-19 20:58:10 DEBUG [t1] "TestVolatile":15: 13
2020-12-19 20:58:10 DEBUG [t1] "TestVolatile":15: 13
2020-12-19 20:58:10 DEBUG [t1] "TestVolatile":15: 13
2020-12-19 20:58:10 DEBUG [t1] "TestVolatile":15: 13
2020-12-19 20:58:10 DEBUG [t1] "TestVolatile":15: 13
2020-12-19 20:58:10 DEBUG [t1] "TestVolatile":15: 13
2020-12-19 20:58:10 DEBUG [t1] "TestVolatile":15: 13
2020-12-19 20:58:10 DEBUG [t1] "TestVolatile":15: 13
2020-12-19 20:58:10 DEBUG [t1] "TestVolatile":15: 13
2020-12-19 20:58:10 DEBUG [t1] "TestVolatile":15: 13
2020-12-19 20:58:10 DEBUG [t1] "TestVolatile":15: 13
2020-12-19 20:58:10 DEBUG [t1] "TestVolatile":15: 13
2020-12-19 20:58:10 DEBUG [t1] "TestVolatile":15: 13
2020-12-19 20:58:10 DEBUG [t1] "TestVolatile":15: 13
2020-12-19 20:58:10 DEBUG [t1] "TestVolatile":15: 13
2020-12-19 20:58:10 DEBUG [t1] "TestVolatile":15: 13
2020-12-19 20:58:10 DEBUG [t1] "TestVolatile":15: 13
2020-12-19 20:58:10 DEBUG [t1] "TestVolatile":15: 13
2020-12-19 20:58:10 DEBUG [t1] "TestVolatile":15: 13
2020-12-19 20:58:10 DEBUG [t1] "TestVolatile":15: 13
2020-12-19 20:58:10 DEBUG [t1] "TestVolatile":15: 13
2020-12-19 20:58:10 DEBUG [t1] "TestVolatile":15: 13
2020-12-19 20:58:10 DEBUG [t1] "TestVolatile":15: 13
2020-12-19 20:58:10 DEBUG [t1] "TestVolatile":15: 13
2020-12-19 20:58:10 DEBUG [t1] "TestVolatile":15: 13
2020-12-19 20:58:10 DEBUG [t1] "TestVolatile":15: 13
2020-12-19 20:58:10 DEBUG [t1] "TestVolatile":15: 13
2020-12-19 20:58:10 DEBUG [t1] "TestVolatile":15: 13
2020-12-19 20:58:10 DEBUG [t1] "TestVolatile":15: 13
2020-12-19 20:58:10 DEBUG [t1] "TestVolatile":15: 13
2020-12-19 20:58:10 DEBUG [t1] "TestVolatile":15: 13
2020-12-19 20:58:10 DEBUG [t1] "TestVolatile":15: 13
2020-12-19 20:58:10 DEBUG [t1] "TestVolatile":15: 13
2020-12-19 20:58:10 DEBUG [t1] "TestVolatile":15: 13
2020-12-19 20:58:10 DEBUG [t1] "TestVolatile":15: 13
2020-12-19 20:58:10 DEBUG [t1] "TestVolatile":15: 13
2020-12-19 20:58:10 DEBUG [t1] "TestVolatile":15: 13
2020-12-19 20:58:10 DEBUG [t1] "TestVolatile":15: 13
2020-12-19 20:58:10 DEBUG [t1] "TestVolatile":15: 13
2020-12-19 20:58:10 DEBUG [t1] "TestVolatile":15: 13
2020-12-19 20:58:10 DEBUG [t1] "TestVolatile":15: 13
2020-12-19 20:58:10 DEBUG [t1] "TestVolatile":15: 13
2020-12-19 20:58:10 DEBUG [t1] "TestVolatile":15: 13
2020-12-19 20:58:10 DEBUG [t1] "TestVolatile":15: 13
2020-12-19 20:58:10 DEBUG [t1] "TestVolatile":15: 13
2020-12-19 20:58:10 DEBUG [t1] "TestVolatile":15: 13
2020-12-19 20:58:10 DEBUG [t1] "TestVolatile":15: 13
2020-12-19 20:58:10 DEBUG [t1] "TestVolatile":15: 13
2020-12-19 20:58:10 DEBUG [t1] "TestVolatile":15: 13
2020-12-19 20:58:10 DEBUG [t1] "TestVolatile":15: 13
2020-12-19 20:58:10 DEBUG [t1] "TestVolatile":15: 13
2020-12-19 20:58:10 DEBUG [t1] "TestVolatile":15: 13
2020-12-19 20:58:10 DEBUG [t1] "TestVolatile":15: 13
2020-12-19 20:58:10 DEBUG [t1] "TestVolatile":15: 13
2020-12-19 20:58:10 DEBUG [t1] "TestVolatile":15: 13
2020-12-19 20:58:10 DEBUG [t1] "TestVolatile":15: 13
2020-12-19 20:58:10 DEBUG [t1] "TestVolatile":15: 13
2020-12-19 20:58:10 DEBUG [t1] "TestVolatile":15: 13
2020-12-19 20:58:10 DEBUG [t1] "TestVolatile":15: 13
2020-12-19 20:58:10 DEBUG [t1] "TestVolatile":15: 13
2020-12-19 20:58:10 DEBUG [t1] "TestVolatile":15: 13
2020-12-19 20:58:10 DEBUG [t1] "TestVolatile":15: 13
2020-12-19 20:58:10 DEBUG [t1] "TestVolatile":15: 13
2020-12-19 20:58:10 DEBUG [t1] "TestVolatile":15: 13
2020-12-19 20:58:10 DEBUG [t1] "TestVolatile":15: 13
2020-12-19 20:58:10 DEBUG [t1] "TestVolatile":15: 13
2020-12-19 20:58:10 DEBUG [t1] "TestVolatile":15: 13
2020-12-19 20:58:10 DEBUG [t1] "TestVolatile":15: 13
2020-12-19 20:58:10 DEBUG [t1] "TestVolatile":15: 13
2020-12-19 20:58:10 DEBUG [t1] "TestVolatile":15: 13
2020-12-19 20:58:10 DEBUG [t1] "TestVolatile":15: 13
2020-12-19 20:58:10 DEBUG [t1] "TestVolatile":15: 13
2020-12-19 20:58:10 DEBUG [t1] "TestVolatile":15: 13
2020-12-19 20:58:10 DEBUG [t1] "TestVolatile":15: 13
2020-12-19 20:58:10 DEBUG [t1] "TestVolatile":15: 13
2020-12-19 20:58:10 DEBUG [t1] "TestVolatile":15: 13
2020-12-19 20:58:10 DEBUG [t1] "TestVolatile":15: 13
2020-12-19 20:58:10 DEBUG [t1] "TestVolatile":15: 13
2020-12-19 20:58:10 DEBUG [t1] "TestVolatile":15: 13
2020-12-19 20:58:10 DEBUG [t1] "TestVolatile":15: 13
2020-12-19 20:58:10 DEBUG [t1] "TestVolatile":15: 13
2020-12-19 20:58:10 DEBUG [t1] "TestVolatile":15: 13
2020-12-19 20:58:10 DEBUG [t1] "TestVolatile":15: 13
2020-12-19 20:58:10 DEBUG [t1] "TestVolatile":15: 13
2020-12-19 20:58:10 DEBUG [t1] "TestVolatile":15: 13
2020-12-19 20:58:10 DEBUG [t1] "TestVolatile":15: 13
2020-12-19 20:58:10 DEBUG [t1] "TestVolatile":15: 13
2020-12-19 20:58:10 DEBUG [t1] "TestVolatile":15: 13
2020-12-19 20:58:10 DEBUG [t1] "TestVolatile":15: 13
2020-12-19 20:58:10 DEBUG [t1] "TestVolatile":15: 13
2020-12-19 20:58:10 DEBUG [t1] "TestVolatile":15: 13
2020-12-19 20:58:10 DEBUG [t1] "TestVolatile":15: 13
2020-12-19 20:58:10 DEBUG [t1] "TestVolatile":15: 13
2020-12-19 20:58:10 DEBUG [t1] "TestVolatile":15: 13
2020-12-19 20:58:10 DEBUG [t1] "TestVolatile":15: 13
2020-12-19 20:58:10 DEBUG [t1] "TestVolatile":15: 13
2020-12-19 20:58:10 DEBUG [t1] "TestVolatile":15: 13
2020-12-19 20:58:10 DEBUG [t1] "TestVolatile":15: 13
2020-12-19 20:58:10 DEBUG [t1] "TestVolatile":15: 13
2020-12-19 20:58:10 DEBUG [t1] "TestVolatile":15: 13
2020-12-19 20:58:10 DEBUG [t1] "TestVolatile":15: 13
2020-12-19 20:58:10 DEBUG [t1] "TestVolatile":15: 13
2020-12-19 20:58:10 DEBUG [t1] "TestVolatile":15: 13
2020-12-19 20:58:10 DEBUG [t1] "TestVolatile":15: 13
2020-12-19 20:58:10 DEBUG [t1] "TestVolatile":15: 13
2020-12-19 20:58:10 DEBUG [t1] "TestVolatile":15: 13
2020-12-19 20:58:10 DEBUG [t1] "TestVolatile":15: 13
2020-12-19 20:58:10 DEBUG [t1] "TestVolatile":15: 13
2020-12-19 20:58:10 DEBUG [t1] "TestVolatile":15: 13
2020-12-19 20:58:10 DEBUG [t1] "TestVolatile":15: 13
2020-12-19 20:58:10 DEBUG [t1] "TestVolatile":15: 13
2020-12-19 20:58:10 DEBUG [t1] "TestVolatile":15: 13
2020-12-19 20:58:10 DEBUG [t1] "TestVolatile":15: 13
2020-12-19 20:58:10 DEBUG [t1] "TestVolatile":15: 13
2020-12-19 20:58:10 DEBUG [t1] "TestVolatile":15: 13
2020-12-19 20:58:10 DEBUG [t1] "TestVolatile":15: 13
2020-12-19 20:58:10 DEBUG [t1] "TestVolatile":15: 13
2020-12-19 20:58:10 DEBUG [t1] "TestVolatile":15: 13
2020-12-19 20:58:10 DEBUG [t1] "TestVolatile":15: 13
2020-12-19 20:58:10 DEBUG [t1] "TestVolatile":15: 13
2020-12-19 20:58:10 DEBUG [t1] "TestVolatile":15: 13
2020-12-19 20:58:10 DEBUG [t1] "TestVolatile":15: 13
2020-12-19 20:58:10 DEBUG [t1] "TestVolatile":15: 13
2020-12-19 20:58:10 DEBUG [t1] "TestVolatile":15: 13
2020-12-19 20:58:10 DEBUG [t1] "TestVolatile":15: 13
2020-12-19 20:58:10 DEBUG [t1] "TestVolatile":15: 13
2020-12-19 20:58:10 DEBUG [t1] "TestVolatile":15: 13
2020-12-19 20:58:10 DEBUG [t1] "TestVolatile":15: 13
2020-12-19 20:58:10 DEBUG [t1] "TestVolatile":15: 13
2020-12-19 20:58:10 DEBUG [t1] "TestVolatile":15: 13
2020-12-19 20:58:10 DEBUG [t1] "TestVolatile":15: 13
2020-12-19 20:58:10 DEBUG [t1] "TestVolatile":15: 13
2020-12-19 20:58:10 DEBUG [t1] "TestVolatile":15: 13
2020-12-19 20:58:10 DEBUG [t1] "TestVolatile":15: 13
2020-12-19 20:58:10 DEBUG [t1] "TestVolatile":15: 13
2020-12-19 20:58:10 DEBUG [t1] "TestVolatile":15: 13
2020-12-19 20:58:10 DEBUG [t1] "TestVolatile":15: 13
2020-12-19 20:58:10 DEBUG [t1] "TestVolatile":15: 13
2020-12-19 20:58:10 DEBUG [t1] "TestVolatile":15: 13
2020-12-19 20:58:10 DEBUG [t1] "TestVolatile":15: 13
2020-12-19 20:58:10 DEBUG [t1] "TestVolatile":15: 13
2020-12-19 20:58:10 DEBUG [t1] "TestVolatile":15: 13
2020-12-19 20:58:10 DEBUG [t1] "TestVolatile":15: 13
2020-12-19 20:58:10 DEBUG [t1] "TestVolatile":15: 13
2020-12-19 20:58:10 DEBUG [t1] "TestVolatile":15: 13
2020-12-19 20:58:10 DEBUG [t1] "TestVolatile":15: 13
2020-12-19 20:58:10 DEBUG [t1] "TestVolatile":15: 13
2020-12-19 20:58:10 DEBUG [t1] "TestVolatile":15: 13
2020-12-19 20:58:10 DEBUG [t1] "TestVolatile":15: 13
2020-12-19 20:58:10 DEBUG [t1] "TestVolatile":15: 13
2020-12-19 20:58:10 DEBUG [t1] "TestVolatile":15: 13
2020-12-19 20:58:10 DEBUG [t1] "TestVolatile":15: 13
2020-12-19 20:58:10 DEBUG [t1] "TestVolatile":15: 13
2020-12-19 20:58:10 DEBUG [t1] "TestVolatile":15: 13
2020-12-19 20:58:10 DEBUG [t1] "TestVolatile":15: 13
2020-12-19 20:58:10 DEBUG [t1] "TestVolatile":15: 13
2020-12-19 20:58:10 DEBUG [t1] "TestVolatile":15: 13
2020-12-19 20:58:10 DEBUG [t1] "TestVolatile":15: 13
2020-12-19 20:58:10 DEBUG [t1] "TestVolatile":15: 13
2020-12-19 20:58:10 DEBUG [t1] "TestVolatile":15: 13
2020-12-19 20:58:10 DEBUG [t1] "TestVolatile":15: 13
2020-12-19 20:58:10 DEBUG [t1] "TestVolatile":15: 13
2020-12-19 20:58:10 DEBUG [t1] "TestVolatile":15: 13
2020-12-19 20:58:10 DEBUG [t1] "TestVolatile":15: 13
2020-12-19 20:58:10 DEBUG [t1] "TestVolatile":15: 13
2020-12-19 20:58:10 DEBUG [t1] "TestVolatile":15: 13
2020-12-19 20:58:10 DEBUG [t1] "TestVolatile":15: 13
2020-12-19 20:58:10 DEBUG [t1] "TestVolatile":15: 13
2020-12-19 20:58:10 DEBUG [t1] "TestVolatile":15: 13
2020-12-19 20:58:10 DEBUG [t1] "TestVolatile":15: 13
2020-12-19 20:58:10 DEBUG [t1] "TestVolatile":15: 13
2020-12-19 20:58:10 DEBUG [t1] "TestVolatile":15: 13
2020-12-19 20:58:10 DEBUG [t1] "TestVolatile":15: 13
2020-12-19 20:58:10 DEBUG [t1] "TestVolatile":15: 13
2020-12-19 20:58:10 DEBUG [t1] "TestVolatile":15: 13
2020-12-19 20:58:10 DEBUG [t1] "TestVolatile":15: 13
2020-12-19 20:58:10 DEBUG [t1] "TestVolatile":15: 13
2020-12-19 20:58:10 DEBUG [t1] "TestVolatile":15: 13
2020-12-19 20:58:10 DEBUG [t1] "TestVolatile":15: 13
2020-12-19 20:58:10 DEBUG [t1] "TestVolatile":15: 13
2020-12-19 20:58:10 DEBUG [t1] "TestVolatile":15: 13
2020-12-19 20:58:10 DEBUG [t1] "TestVolatile":15: 13
2020-12-19 20:58:10 DEBUG [t1] "TestVolatile":15: 13
2020-12-19 20:58:10 DEBUG [t1] "TestVolatile":15: 13
2020-12-19 20:58:10 DEBUG [t1] "TestVolatile":15: 13
2020-12-19 20:58:10 DEBUG [t1] "TestVolatile":15: 13
2020-12-19 20:58:10 DEBUG [t1] "TestVolatile":15: 13
2020-12-19 20:58:10 DEBUG [t1] "TestVolatile":15: 13
2020-12-19 20:58:10 DEBUG [t1] "TestVolatile":15: 13
2020-12-19 20:58:10 DEBUG [t1] "TestVolatile":15: 13
2020-12-19 20:58:10 DEBUG [t1] "TestVolatile":15: 13
2020-12-19 20:58:10 DEBUG [t1] "TestVolatile":15: 13
2020-12-19 20:58:10 DEBUG [t1] "TestVolatile":15: 13
2020-12-19 20:58:10 DEBUG [t1] "TestVolatile":15: 13
2020-12-19 20:58:10 DEBUG [t1] "TestVolatile":15: 13
2020-12-19 20:58:10 DEBUG [t1] "TestVolatile":15: 13
2020-12-19 20:58:10 DEBUG [t1] "TestVolatile":15: 13
2020-12-19 20:58:10 DEBUG [t1] "TestVolatile":15: 13
2020-12-19 20:58:10 DEBUG [t1] "TestVolatile":15: 13
2020-12-19 20:58:10 DEBUG [t1] "TestVolatile":15: 13
2020-12-19 20:58:10 DEBUG [t1] "TestVolatile":15: 13
2020-12-19 20:58:10 DEBUG [t1] "TestVolatile":15: 13
2020-12-19 20:58:10 DEBUG [t1] "TestVolatile":15: 13
2020-12-19 20:58:10 DEBUG [t1] "TestVolatile":15: 13
2020-12-19 20:58:10 DEBUG [t1] "TestVolatile":15: 13
2020-12-19 20:58:10 DEBUG [t1] "TestVolatile":15: 13
2020-12-19 20:58:10 DEBUG [t1] "TestVolatile":15: 13
2020-12-19 20:58:10 DEBUG [t1] "TestVolatile":15: 13
2020-12-19 20:58:10 DEBUG [t1] "TestVolatile":15: 13
2020-12-19 20:58:10 DEBUG [t1] "TestVolatile":15: 13
2020-12-19 20:58:10 DEBUG [t1] "TestVolatile":15: 13
2020-12-19 20:58:10 DEBUG [t1] "TestVolatile":15: 13
2020-12-19 20:58:10 DEBUG [t1] "TestVolatile":15: 13
2020-12-19 20:58:10 DEBUG [t1] "TestVolatile":15: 13
2020-12-19 20:58:10 DEBUG [t1] "TestVolatile":15: 13
2020-12-19 20:58:10 DEBUG [t1] "TestVolatile":15: 13
2020-12-19 20:58:10 DEBUG [t1] "TestVolatile":15: 13
2020-12-19 20:58:10 DEBUG [t1] "TestVolatile":15: 13
2020-12-19 20:58:10 DEBUG [t1] "TestVolatile":15: 13
2020-12-19 20:58:10 DEBUG [t1] "TestVolatile":15: 13
2020-12-19 20:58:10 DEBUG [t1] "TestVolatile":15: 13
2020-12-19 20:58:10 DEBUG [t1] "TestVolatile":15: 13
2020-12-19 20:58:10 DEBUG [t1] "TestVolatile":15: 13
2020-12-19 20:58:10 DEBUG [t1] "TestVolatile":15: 13
2020-12-19 20:58:10 DEBUG [t1] "TestVolatile":15: 13
2020-12-19 20:58:10 DEBUG [t1] "TestVolatile":15: 13
2020-12-19 20:58:10 DEBUG [t1] "TestVolatile":15: 13
2020-12-19 20:58:10 DEBUG [t1] "TestVolatile":15: 13
2020-12-19 20:58:10 DEBUG [t1] "TestVolatile":15: 13
2020-12-19 20:58:10 DEBUG [t1] "TestVolatile":15: 13
2020-12-19 20:58:10 DEBUG [t1] "TestVolatile":15: 13
2020-12-19 20:58:10 DEBUG [t1] "TestVolatile":15: 13
2020-12-19 20:58:10 DEBUG [t1] "TestVolatile":15: 13
2020-12-19 20:58:10 DEBUG [t1] "TestVolatile":15: 13
2020-12-19 20:58:10 DEBUG [t1] "TestVolatile":15: 13
2020-12-19 20:58:10 DEBUG [t1] "TestVolatile":15: 13
2020-12-19 20:58:10 DEBUG [t1] "TestVolatile":15: 13
2020-12-19 20:58:10 DEBUG [t1] "TestVolatile":15: 13
2020-12-19 20:58:10 DEBUG [t1] "TestVolatile":15: 13
2020-12-19 20:58:10 DEBUG [t1] "TestVolatile":15: 13
2020-12-19 20:58:10 DEBUG [t1] "TestVolatile":15: 13
2020-12-19 20:58:10 DEBUG [t1] "TestVolatile":15: 13
2020-12-19 20:58:10 DEBUG [t1] "TestVolatile":15: 13
2020-12-19 20:58:10 DEBUG [t1] "TestVolatile":15: 13
2020-12-19 20:58:10 DEBUG [t1] "TestVolatile":15: 13
2020-12-19 20:58:10 DEBUG [t1] "TestVolatile":15: 13
2020-12-19 20:58:10 DEBUG [t1] "TestVolatile":15: 13
2020-12-19 20:58:10 DEBUG [t1] "TestVolatile":15: 13
2020-12-19 20:58:10 DEBUG [t1] "TestVolatile":15: 13
2020-12-19 20:58:10 DEBUG [t1] "TestVolatile":15: 13
2020-12-19 20:58:10 DEBUG [t1] "TestVolatile":15: 13
2020-12-19 20:58:10 DEBUG [t1] "TestVolatile":15: 13
2020-12-19 20:58:10 DEBUG [t1] "TestVolatile":15: 13
2020-12-19 20:58:10 DEBUG [t1] "TestVolatile":15: 13
2020-12-19 20:58:10 DEBUG [t1] "TestVolatile":15: 13
2020-12-19 20:58:10 DEBUG [t1] "TestVolatile":15: 13
2020-12-19 20:58:10 DEBUG [t1] "TestVolatile":15: 13
2020-12-19 20:58:10 DEBUG [t1] "TestVolatile":15: 13
2020-12-19 20:58:10 DEBUG [t1] "TestVolatile":15: 13
2020-12-19 20:58:10 DEBUG [t1] "TestVolatile":15: 13
2020-12-19 20:58:10 DEBUG [t1] "TestVolatile":15: 13
2020-12-19 20:58:10 DEBUG [t1] "TestVolatile":15: 13
2020-12-19 20:58:10 DEBUG [t1] "TestVolatile":15: 13
2020-12-19 20:58:10 DEBUG [t1] "TestVolatile":15: 13
2020-12-19 20:58:10 DEBUG [t1] "TestVolatile":15: 13
2020-12-19 20:58:10 DEBUG [t1] "TestVolatile":15: 13
2020-12-19 20:58:10 DEBUG [t1] "TestVolatile":15: 13
2020-12-19 20:58:10 DEBUG [t1] "TestVolatile":15: 13
2020-12-19 20:58:10 DEBUG [t1] "TestVolatile":15: 13
2020-12-19 20:58:10 DEBUG [t1] "TestVolatile":15: 13
2020-12-19 20:58:10 DEBUG [t1] "TestVolatile":15: 13
2020-12-19 20:58:10 DEBUG [t1] "TestVolatile":15: 13
2020-12-19 20:58:10 DEBUG [t1] "TestVolatile":15: 13
2020-12-19 20:58:10 DEBUG [t1] "TestVolatile":15: 13
2020-12-19 20:58:10 DEBUG [t1] "TestVolatile":15: 13
2020-12-19 20:58:10 DEBUG [t1] "TestVolatile":15: 13
2020-12-19 20:58:10 DEBUG [t1] "TestVolatile":15: 13
2020-12-19 20:58:10 DEBUG [t1] "TestVolatile":15: 13
2020-12-19 20:58:10 DEBUG [t1] "TestVolatile":15: 13
2020-12-19 20:58:10 DEBUG [t1] "TestVolatile":15: 13
2020-12-19 20:58:10 DEBUG [t1] "TestVolatile":15: 13
2020-12-19 20:58:10 DEBUG [t1] "TestVolatile":15: 13
2020-12-19 20:58:10 DEBUG [t1] "TestVolatile":15: 13
2020-12-19 20:58:10 DEBUG [t1] "TestVolatile":15: 13
2020-12-19 20:58:10 DEBUG [t1] "TestVolatile":15: 13
2020-12-19 20:58:10 DEBUG [t1] "TestVolatile":15: 13
2020-12-19 20:58:10 DEBUG [t1] "TestVolatile":15: 13
2020-12-19 20:58:10 DEBUG [t1] "TestVolatile":15: 13
2020-12-19 20:58:10 DEBUG [t1] "TestVolatile":15: 13
2020-12-19 20:58:10 DEBUG [t1] "TestVolatile":15: 13
2020-12-19 20:58:10 DEBUG [t1] "TestVolatile":15: 13
2020-12-19 20:58:10 DEBUG [t1] "TestVolatile":15: 13
2020-12-19 20:58:10 DEBUG [t1] "TestVolatile":15: 13
2020-12-19 20:58:10 DEBUG [t1] "TestVolatile":15: 13
2020-12-19 20:58:10 DEBUG [t1] "TestVolatile":15: 13
2020-12-19 20:58:10 DEBUG [t1] "TestVolatile":15: 13
2020-12-19 20:58:10 DEBUG [t1] "TestVolatile":15: 13
2020-12-19 20:58:10 DEBUG [t1] "TestVolatile":15: 13
2020-12-19 20:58:10 DEBUG [t1] "TestVolatile":15: 13
2020-12-19 20:58:10 DEBUG [t1] "TestVolatile":15: 13
2020-12-19 20:58:10 DEBUG [t1] "TestVolatile":15: 13
2020-12-19 20:58:10 DEBUG [t1] "TestVolatile":15: 13
2020-12-19 20:58:10 DEBUG [t1] "TestVolatile":15: 13
2020-12-19 20:58:10 DEBUG [t1] "TestVolatile":15: 13
2020-12-19 20:58:10 DEBUG [t1] "TestVolatile":15: 13
2020-12-19 20:58:10 DEBUG [t1] "TestVolatile":15: 13
2020-12-19 20:58:10 DEBUG [t1] "TestVolatile":15: 13
2020-12-19 20:58:10 DEBUG [t1] "TestVolatile":15: 13
2020-12-19 20:58:10 DEBUG [t1] "TestVolatile":15: 13
2020-12-19 20:58:10 DEBUG [t1] "TestVolatile":15: 13
2020-12-19 20:58:10 DEBUG [t1] "TestVolatile":15: 13
2020-12-19 20:58:10 DEBUG [t1] "TestVolatile":15: 13
2020-12-19 20:58:10 DEBUG [t1] "TestVolatile":15: 13
2020-12-19 20:58:10 DEBUG [t1] "TestVolatile":15: 13
2020-12-19 20:58:10 DEBUG [t1] "TestVolatile":15: 13
2020-12-19 20:58:10 DEBUG [t1] "TestVolatile":15: 13
2020-12-19 20:58:10 DEBUG [t1] "TestVolatile":15: 13
2020-12-19 20:58:10 DEBUG [t1] "TestVolatile":15: 13
2020-12-19 20:58:10 DEBUG [t1] "TestVolatile":15: 13
2020-12-19 20:58:10 DEBUG [t1] "TestVolatile":15: 13
2020-12-19 20:58:10 DEBUG [t1] "TestVolatile":15: 13
2020-12-19 20:58:10 DEBUG [t1] "TestVolatile":15: 13
2020-12-19 20:58:10 DEBUG [t1] "TestVolatile":15: 13
2020-12-19 20:58:10 DEBUG [t1] "TestVolatile":15: 13
2020-12-19 20:58:10 DEBUG [t1] "TestVolatile":15: 13
2020-12-19 20:58:10 DEBUG [t1] "TestVolatile":15: 13
2020-12-19 20:58:10 DEBUG [t1] "TestVolatile":15: 13
2020-12-19 20:58:10 DEBUG [t1] "TestVolatile":15: 13
2020-12-19 20:58:10 DEBUG [t1] "TestVolatile":15: 13
2020-12-19 20:58:10 DEBUG [t1] "TestVolatile":15: 13
2020-12-19 20:58:10 DEBUG [t1] "TestVolatile":15: 13
2020-12-19 20:58:10 DEBUG [t1] "TestVolatile":15: 13
2020-12-19 20:58:10 DEBUG [t1] "TestVolatile":15: 13
2020-12-19 20:58:10 DEBUG [t1] "TestVolatile":15: 13
2020-12-19 20:58:10 DEBUG [t1] "TestVolatile":15: 13
2020-12-19 20:58:10 DEBUG [t1] "TestVolatile":15: 13
2020-12-19 20:58:10 DEBUG [t1] "TestVolatile":15: 13
2020-12-19 20:58:10 DEBUG [t1] "TestVolatile":15: 13
2020-12-19 20:58:10 DEBUG [t1] "TestVolatile":15: 13
2020-12-19 20:58:10 DEBUG [t1] "TestVolatile":15: 13
2020-12-19 20:58:10 DEBUG [t1] "TestVolatile":15: 13
2020-12-19 20:58:10 DEBUG [t1] "TestVolatile":15: 13
2020-12-19 20:58:10 DEBUG [t1] "TestVolatile":15: 13
2020-12-19 20:58:10 DEBUG [t1] "TestVolatile":15: 13
2020-12-19 20:58:10 DEBUG [t1] "TestVolatile":15: 13
2020-12-19 20:58:10 DEBUG [t1] "TestVolatile":15: 13
2020-12-19 20:58:10 DEBUG [t1] "TestVolatile":15: 13
2020-12-19 20:58:10 DEBUG [t1] "TestVolatile":15: 13
2020-12-19 20:58:10 DEBUG [t1] "TestVolatile":15: 13
2020-12-19 20:58:10 DEBUG [t1] "TestVolatile":15: 13
2020-12-19 20:58:10 DEBUG [t1] "TestVolatile":15: 13
2020-12-19 20:58:10 DEBUG [t1] "TestVolatile":15: 13
2020-12-19 20:58:10 DEBUG [t1] "TestVolatile":15: 13
2020-12-19 20:58:10 DEBUG [t1] "TestVolatile":15: 13
2020-12-19 20:58:10 DEBUG [t1] "TestVolatile":15: 13
2020-12-19 20:58:10 DEBUG [t1] "TestVolatile":15: 13
2020-12-19 20:58:10 DEBUG [t1] "TestVolatile":15: 13
2020-12-19 20:58:10 DEBUG [t1] "TestVolatile":15: 13
2020-12-19 20:58:10 DEBUG [t1] "TestVolatile":15: 13
2020-12-19 20:58:10 DEBUG [t1] "TestVolatile":15: 13
2020-12-19 20:58:10 DEBUG [t1] "TestVolatile":15: 13
2020-12-19 20:58:10 DEBUG [t1] "TestVolatile":15: 13
2020-12-19 20:58:10 DEBUG [t1] "TestVolatile":15: 13
2020-12-19 20:58:10 DEBUG [t1] "TestVolatile":15: 13
2020-12-19 20:58:10 DEBUG [t1] "TestVolatile":15: 13
2020-12-19 20:58:10 DEBUG [t1] "TestVolatile":15: 13
2020-12-19 20:58:10 DEBUG [t1] "TestVolatile":15: 13
2020-12-19 20:58:10 DEBUG [t1] "TestVolatile":15: 13
2020-12-19 20:58:10 DEBUG [t1] "TestVolatile":15: 13
2020-12-19 20:58:10 DEBUG [t1] "TestVolatile":15: 13
2020-12-19 20:58:10 DEBUG [t1] "TestVolatile":15: 13
2020-12-19 20:58:10 DEBUG [t1] "TestVolatile":15: 13
2020-12-19 20:58:10 DEBUG [t1] "TestVolatile":15: 13
2020-12-19 20:58:10 DEBUG [t1] "TestVolatile":15: 13
2020-12-19 20:58:10 DEBUG [t1] "TestVolatile":15: 13
2020-12-19 20:58:10 DEBUG [t1] "TestVolatile":15: 13
2020-12-19 20:58:10 DEBUG [t1] "TestVolatile":15: 13
2020-12-19 20:58:10 DEBUG [t1] "TestVolatile":15: 13
2020-12-19 20:58:10 DEBUG [t1] "TestVolatile":15: 13
2020-12-19 20:58:10 DEBUG [t1] "TestVolatile":15: 13
2020-12-19 20:58:10 DEBUG [t1] "TestVolatile":15: 13
2020-12-19 20:58:10 DEBUG [t1] "TestVolatile":15: 13
2020-12-19 20:58:10 DEBUG [t1] "TestVolatile":15: 13
2020-12-19 20:58:10 DEBUG [t1] "TestVolatile":15: 13
2020-12-19 20:58:10 DEBUG [t1] "TestVolatile":15: 13
2020-12-19 20:58:10 DEBUG [t1] "TestVolatile":15: 13
2020-12-19 20:58:10 DEBUG [t1] "TestVolatile":15: 13
2020-12-19 20:58:10 DEBUG [t1] "TestVolatile":15: 13
2020-12-19 20:58:10 DEBUG [t1] "TestVolatile":15: 13
2020-12-19 20:58:10 DEBUG [t1] "TestVolatile":15: 13
2020-12-19 20:58:10 DEBUG [t1] "TestVolatile":15: 13
2020-12-19 20:58:10 DEBUG [t1] "TestVolatile":15: 13
2020-12-19 20:58:10 DEBUG [t1] "TestVolatile":15: 13
2020-12-19 20:58:10 DEBUG [t1] "TestVolatile":15: 13
2020-12-19 20:58:10 DEBUG [t1] "TestVolatile":15: 13
2020-12-19 20:58:10 DEBUG [t1] "TestVolatile":15: 13
2020-12-19 20:58:10 DEBUG [t1] "TestVolatile":15: 13
2020-12-19 20:58:10 DEBUG [t1] "TestVolatile":15: 13
2020-12-19 20:58:10 DEBUG [t1] "TestVolatile":15: 13
2020-12-19 20:58:10 DEBUG [t1] "TestVolatile":15: 13
2020-12-19 20:58:10 DEBUG [t1] "TestVolatile":15: 13
2020-12-19 20:58:10 DEBUG [t1] "TestVolatile":15: 13
2020-12-19 20:58:10 DEBUG [t1] "TestVolatile":15: 13
2020-12-19 20:58:10 DEBUG [t1] "TestVolatile":15: 13
2020-12-19 20:58:10 DEBUG [t1] "TestVolatile":15: 13
2020-12-19 20:58:10 DEBUG [t1] "TestVolatile":15: 13
2020-12-19 20:58:10 DEBUG [t1] "TestVolatile":15: 13
2020-12-19 20:58:10 DEBUG [t1] "TestVolatile":15: 13
2020-12-19 20:58:10 DEBUG [t1] "TestVolatile":15: 13
2020-12-19 20:58:10 DEBUG [t1] "TestVolatile":15: 13
2020-12-19 20:58:10 DEBUG [t1] "TestVolatile":15: 13
2020-12-19 20:58:10 DEBUG [t1] "TestVolatile":15: 13
2020-12-19 20:58:10 DEBUG [t1] "TestVolatile":15: 13
2020-12-19 20:58:10 DEBUG [t1] "TestVolatile":15: 13
2020-12-19 20:58:10 DEBUG [t1] "TestVolatile":15: 13
2020-12-19 20:58:10 DEBUG [t1] "TestVolatile":15: 13
2020-12-19 20:58:10 DEBUG [t1] "TestVolatile":15: 13
2020-12-19 20:58:10 DEBUG [t1] "TestVolatile":15: 13
2020-12-19 20:58:10 DEBUG [t1] "TestVolatile":15: 13
2020-12-19 20:58:10 DEBUG [t1] "TestVolatile":15: 13
2020-12-19 20:58:10 DEBUG [t1] "TestVolatile":15: 13
2020-12-19 20:58:10 DEBUG [t1] "TestVolatile":15: 13
2020-12-19 20:58:10 DEBUG [t1] "TestVolatile":15: 13
2020-12-19 20:58:10 DEBUG [t1] "TestVolatile":15: 13
2020-12-19 20:58:10 DEBUG [t1] "TestVolatile":15: 13
2020-12-19 20:58:10 DEBUG [t1] "TestVolatile":15: 13
2020-12-19 20:58:10 DEBUG [t1] "TestVolatile":15: 13
2020-12-19 20:58:10 DEBUG [t1] "TestVolatile":15: 13
2020-12-19 20:58:10 DEBUG [t1] "TestVolatile":15: 13
2020-12-19 20:58:10 DEBUG [t1] "TestVolatile":15: 13
2020-12-19 20:58:10 DEBUG [t1] "TestVolatile":15: 13
2020-12-19 20:58:10 DEBUG [t1] "TestVolatile":15: 13
2020-12-19 20:58:10 DEBUG [t1] "TestVolatile":15: 13
2020-12-19 20:58:10 DEBUG [t1] "TestVolatile":15: 13
2020-12-19 20:58:10 DEBUG [t1] "TestVolatile":15: 13
2020-12-19 20:58:10 DEBUG [t1] "TestVolatile":15: 13
2020-12-19 20:58:10 DEBUG [t1] "TestVolatile":15: 13
2020-12-19 20:58:10 DEBUG [t1] "TestVolatile":15: 13
2020-12-19 20:58:10 DEBUG [t1] "TestVolatile":15: 13
2020-12-19 20:58:10 DEBUG [t1] "TestVolatile":15: 13
2020-12-19 20:58:10 DEBUG [t1] "TestVolatile":15: 13
2020-12-19 20:58:10 DEBUG [t1] "TestVolatile":15: 13
2020-12-19 20:58:10 DEBUG [t1] "TestVolatile":15: 13
2020-12-19 20:58:10 DEBUG [t1] "TestVolatile":15: 13
2020-12-19 20:58:10 DEBUG [t1] "TestVolatile":15: 13
2020-12-19 20:58:10 DEBUG [t1] "TestVolatile":15: 13
2020-12-19 20:58:10 DEBUG [t1] "TestVolatile":15: 13
2020-12-19 20:58:10 DEBUG [t1] "TestVolatile":15: 13
2020-12-19 20:58:10 DEBUG [t1] "TestVolatile":15: 13
2020-12-19 20:58:10 DEBUG [t1] "TestVolatile":15: 13
2020-12-19 20:58:10 DEBUG [t1] "TestVolatile":15: 13
2020-12-19 20:58:10 DEBUG [t1] "TestVolatile":15: 13
2020-12-19 20:58:10 DEBUG [t1] "TestVolatile":15: 13
2020-12-19 20:58:10 DEBUG [t1] "TestVolatile":15: 13
2020-12-19 20:58:10 DEBUG [t1] "TestVolatile":15: 13
2020-12-19 20:58:10 DEBUG [t1] "TestVolatile":15: 13
2020-12-19 20:58:10 DEBUG [t1] "TestVolatile":15: 13
2020-12-19 20:58:10 DEBUG [t1] "TestVolatile":15: 13
2020-12-19 20:58:10 DEBUG [t1] "TestVolatile":15: 13
2020-12-19 20:58:10 DEBUG [t1] "TestVolatile":15: 13
2020-12-19 20:58:10 DEBUG [t1] "TestVolatile":15: 13
2020-12-19 20:58:10 DEBUG [t1] "TestVolatile":15: 13
2020-12-19 20:58:10 DEBUG [t1] "TestVolatile":15: 13
2020-12-19 20:58:10 DEBUG [t1] "TestVolatile":15: 13
2020-12-19 20:58:10 DEBUG [t1] "TestVolatile":15: 13
2020-12-19 20:58:10 DEBUG [t1] "TestVolatile":15: 13
2020-12-19 20:58:10 DEBUG [t1] "TestVolatile":15: 13
2020-12-19 20:58:10 DEBUG [t1] "TestVolatile":15: 13
2020-12-19 20:58:10 DEBUG [t1] "TestVolatile":15: 13
2020-12-19 20:58:10 DEBUG [t1] "TestVolatile":15: 13
2020-12-19 20:58:10 DEBUG [t1] "TestVolatile":15: 13
2020-12-19 20:58:10 DEBUG [t1] "TestVolatile":15: 13
2020-12-19 20:58:10 DEBUG [t1] "TestVolatile":15: 13
2020-12-19 20:58:10 DEBUG [t1] "TestVolatile":15: 13
2020-12-19 20:58:10 DEBUG [t1] "TestVolatile":15: 13
2020-12-19 20:58:10 DEBUG [t1] "TestVolatile":15: 13
2020-12-19 20:58:10 DEBUG [t1] "TestVolatile":15: 13
2020-12-19 20:58:10 DEBUG [t1] "TestVolatile":15: 13
2020-12-19 20:58:10 DEBUG [t1] "TestVolatile":15: 13
2020-12-19 20:58:10 DEBUG [t1] "TestVolatile":15: 13
2020-12-19 20:58:10 DEBUG [t1] "TestVolatile":15: 13
2020-12-19 20:58:10 DEBUG [t1] "TestVolatile":15: 13
2020-12-19 20:58:10 DEBUG [t1] "TestVolatile":15: 13
2020-12-19 20:58:10 DEBUG [t1] "TestVolatile":15: 13
2020-12-19 20:58:10 DEBUG [t1] "TestVolatile":15: 13
2020-12-19 20:58:10 DEBUG [t1] "TestVolatile":15: 13
2020-12-19 20:58:10 DEBUG [t1] "TestVolatile":15: 13
2020-12-19 20:58:10 DEBUG [t1] "TestVolatile":15: 13
2020-12-19 20:58:10 DEBUG [t1] "TestVolatile":15: 13
2020-12-19 20:58:10 DEBUG [t1] "TestVolatile":15: 13
2020-12-19 20:58:10 DEBUG [t1] "TestVolatile":15: 13
2020-12-19 20:58:10 DEBUG [t1] "TestVolatile":15: 13
2020-12-19 20:58:10 DEBUG [t1] "TestVolatile":15: 13
2020-12-19 20:58:10 DEBUG [t1] "TestVolatile":15: 13
2020-12-19 20:58:10 DEBUG [t1] "TestVolatile":15: 13
2020-12-19 20:58:10 DEBUG [t1] "TestVolatile":15: 13
2020-12-19 20:58:10 DEBUG [t1] "TestVolatile":15: 13
2020-12-19 20:58:10 DEBUG [t1] "TestVolatile":15: 13
2020-12-19 20:58:10 DEBUG [t1] "TestVolatile":15: 13
2020-12-19 20:58:10 DEBUG [t1] "TestVolatile":15: 13
2020-12-19 20:58:10 DEBUG [t1] "TestVolatile":15: 13
2020-12-19 20:58:10 DEBUG [t1] "TestVolatile":15: 13
2020-12-19 20:58:10 DEBUG [t1] "TestVolatile":15: 13
2020-12-19 20:58:10 DEBUG [t1] "TestVolatile":15: 13
2020-12-19 20:58:10 DEBUG [t1] "TestVolatile":15: 13
2020-12-19 20:58:10 DEBUG [t1] "TestVolatile":15: 13
2020-12-19 20:58:10 DEBUG [t1] "TestVolatile":15: 13
2020-12-19 20:58:10 DEBUG [t1] "TestVolatile":15: 13
2020-12-19 20:58:10 DEBUG [t1] "TestVolatile":15: 13
2020-12-19 20:58:10 DEBUG [t1] "TestVolatile":15: 13
2020-12-19 20:58:10 DEBUG [t1] "TestVolatile":15: 13
2020-12-19 20:58:10 DEBUG [t1] "TestVolatile":15: 13
2020-12-19 20:58:10 DEBUG [t1] "TestVolatile":15: 13
2020-12-19 20:58:10 DEBUG [t1] "TestVolatile":15: 13
2020-12-19 20:58:10 DEBUG [t1] "TestVolatile":15: 13
2020-12-19 20:58:10 DEBUG [t1] "TestVolatile":15: 13
2020-12-19 20:58:10 DEBUG [t1] "TestVolatile":15: 13
2020-12-19 20:58:10 DEBUG [t1] "TestVolatile":15: 13
2020-12-19 20:58:10 DEBUG [t1] "TestVolatile":15: 13
2020-12-19 20:58:10 DEBUG [t1] "TestVolatile":15: 13
2020-12-19 20:58:10 DEBUG [t1] "TestVolatile":15: 13
2020-12-19 20:58:10 DEBUG [t1] "TestVolatile":15: 13
2020-12-19 20:58:10 DEBUG [t1] "TestVolatile":15: 13
2020-12-19 20:58:10 DEBUG [t1] "TestVolatile":15: 13
2020-12-19 20:58:10 DEBUG [t1] "TestVolatile":15: 13
2020-12-19 20:58:10 DEBUG [t1] "TestVolatile":15: 13
2020-12-19 20:58:10 DEBUG [t1] "TestVolatile":15: 13
2020-12-19 20:58:10 DEBUG [t1] "TestVolatile":15: 13
2020-12-19 20:58:10 DEBUG [t1] "TestVolatile":15: 13
2020-12-19 20:58:10 DEBUG [t1] "TestVolatile":15: 13
2020-12-19 20:58:10 DEBUG [t1] "TestVolatile":15: 13
2020-12-19 20:58:10 DEBUG [t1] "TestVolatile":15: 13
2020-12-19 20:58:10 DEBUG [t1] "TestVolatile":15: 13
2020-12-19 20:58:10 DEBUG [t1] "TestVolatile":15: 13
2020-12-19 20:58:10 DEBUG [t1] "TestVolatile":15: 13
2020-12-19 20:58:10 DEBUG [t1] "TestVolatile":15: 13
2020-12-19 20:58:10 DEBUG [t1] "TestVolatile":15: 13
2020-12-19 20:58:10 DEBUG [t1] "TestVolatile":15: 13
2020-12-19 20:58:10 DEBUG [t1] "TestVolatile":15: 13
2020-12-19 20:58:10 DEBUG [t1] "TestVolatile":15: 13
2020-12-19 20:58:10 DEBUG [t1] "TestVolatile":15: 13
2020-12-19 20:58:10 DEBUG [t1] "TestVolatile":15: 13
2020-12-19 20:58:10 DEBUG [t1] "TestVolatile":15: 13
2020-12-19 20:58:10 DEBUG [t1] "TestVolatile":15: 13
2020-12-19 20:58:10 DEBUG [t1] "TestVolatile":15: 13
2020-12-19 20:58:10 DEBUG [t1] "TestVolatile":15: 13
2020-12-19 20:58:10 DEBUG [t1] "TestVolatile":15: 13
2020-12-19 20:58:10 DEBUG [t1] "TestVolatile":15: 13
2020-12-19 20:58:10 DEBUG [t1] "TestVolatile":15: 13
2020-12-19 20:58:10 DEBUG [t1] "TestVolatile":15: 13
2020-12-19 20:58:10 DEBUG [t1] "TestVolatile":15: 13
2020-12-19 20:58:10 DEBUG [t1] "TestVolatile":15: 13
2020-12-19 20:58:10 DEBUG [t1] "TestVolatile":15: 13
2020-12-19 20:58:10 DEBUG [t1] "TestVolatile":15: 13
2020-12-19 20:58:10 DEBUG [t1] "TestVolatile":15: 13
2020-12-19 20:58:10 DEBUG [t1] "TestVolatile":15: 13
2020-12-19 20:58:10 DEBUG [t1] "TestVolatile":15: 13
2020-12-19 20:58:10 DEBUG [t1] "TestVolatile":15: 13
2020-12-19 20:58:10 DEBUG [t1] "TestVolatile":15: 13
2020-12-19 20:58:10 DEBUG [t1] "TestVolatile":15: 13
2020-12-19 20:58:10 DEBUG [t1] "TestVolatile":15: 13
2020-12-19 20:58:10 DEBUG [t1] "TestVolatile":15: 13
2020-12-19 20:58:10 DEBUG [t1] "TestVolatile":15: 13
2020-12-19 20:58:10 DEBUG [t1] "TestVolatile":15: 13
2020-12-19 20:58:10 DEBUG [t1] "TestVolatile":15: 13
2020-12-19 20:58:10 DEBUG [t1] "TestVolatile":15: 13
2020-12-19 20:58:10 DEBUG [t1] "TestVolatile":15: 13
2020-12-19 20:58:10 DEBUG [t1] "TestVolatile":15: 13
2020-12-19 20:58:10 DEBUG [t1] "TestVolatile":15: 13
2020-12-19 20:58:10 DEBUG [t1] "TestVolatile":15: 13
2020-12-19 20:58:10 DEBUG [t1] "TestVolatile":15: 13
2020-12-19 20:58:10 DEBUG [t1] "TestVolatile":15: 13
2020-12-19 20:58:10 DEBUG [t1] "TestVolatile":15: 13
2020-12-19 20:58:10 DEBUG [t1] "TestVolatile":15: 13
2020-12-19 20:58:10 DEBUG [t1] "TestVolatile":15: 13
2020-12-19 20:58:10 DEBUG [t1] "TestVolatile":15: 13
2020-12-19 20:58:10 DEBUG [t1] "TestVolatile":15: 13
2020-12-19 20:58:10 DEBUG [t1] "TestVolatile":15: 13
2020-12-19 20:58:10 DEBUG [t1] "TestVolatile":15: 13
2020-12-19 20:58:10 DEBUG [t1] "TestVolatile":15: 13
2020-12-19 20:58:10 DEBUG [t1] "TestVolatile":15: 13
2020-12-19 20:58:10 DEBUG [t1] "TestVolatile":15: 13
2020-12-19 20:58:10 DEBUG [t1] "TestVolatile":15: 13
2020-12-19 20:58:10 DEBUG [t1] "TestVolatile":15: 13
2020-12-19 20:58:10 DEBUG [t1] "TestVolatile":15: 13
2020-12-19 20:58:10 DEBUG [t1] "TestVolatile":15: 13
2020-12-19 20:58:10 DEBUG [t1] "TestVolatile":15: 13
2020-12-19 20:58:10 DEBUG [t1] "TestVolatile":15: 13
2020-12-19 20:58:10 DEBUG [t1] "TestVolatile":15: 13
2020-12-19 20:58:10 DEBUG [t1] "TestVolatile":15: 13
2020-12-19 20:58:10 DEBUG [t1] "TestVolatile":15: 13
2020-12-19 20:58:10 DEBUG [t1] "TestVolatile":15: 13
2020-12-19 20:58:10 DEBUG [t1] "TestVolatile":15: 13
2020-12-19 20:58:10 DEBUG [t1] "TestVolatile":15: 13
2020-12-19 20:58:10 DEBUG [t1] "TestVolatile":15: 13
2020-12-19 20:58:10 DEBUG [t1] "TestVolatile":15: 13
2020-12-19 20:58:10 DEBUG [t1] "TestVolatile":15: 13
2020-12-19 20:58:10 DEBUG [t1] "TestVolatile":15: 13
2020-12-19 20:58:10 DEBUG [t1] "TestVolatile":15: 13
2020-12-19 20:58:10 DEBUG [t1] "TestVolatile":15: 13
2020-12-19 20:58:10 DEBUG [t1] "TestVolatile":15: 13
2020-12-19 20:58:10 DEBUG [t1] "TestVolatile":15: 13
2020-12-19 20:58:10 DEBUG [t1] "TestVolatile":15: 13
2020-12-19 20:58:10 DEBUG [t1] "TestVolatile":15: 13
2020-12-19 20:58:10 DEBUG [t1] "TestVolatile":15: 13
2020-12-19 20:58:10 DEBUG [t1] "TestVolatile":15: 13
2020-12-19 20:58:10 DEBUG [t1] "TestVolatile":15: 13
2020-12-19 20:58:10 DEBUG [t1] "TestVolatile":15: 13
2020-12-19 20:58:10 DEBUG [t1] "TestVolatile":15: 13
2020-12-19 20:58:10 DEBUG [t1] "TestVolatile":15: 13
2020-12-19 20:58:10 DEBUG [t1] "TestVolatile":15: 13
2020-12-19 20:58:10 DEBUG [t1] "TestVolatile":15: 13
2020-12-19 20:58:10 DEBUG [t1] "TestVolatile":15: 13
2020-12-19 20:58:10 DEBUG [t1] "TestVolatile":15: 13
2020-12-19 20:58:10 DEBUG [t1] "TestVolatile":15: 13
2020-12-19 20:58:10 DEBUG [t1] "TestVolatile":15: 13
2020-12-19 20:58:10 DEBUG [t1] "TestVolatile":15: 13
2020-12-19 20:58:10 DEBUG [t1] "TestVolatile":15: 13
2020-12-19 20:58:10 DEBUG [t1] "TestVolatile":15: 13
2020-12-19 20:58:10 DEBUG [t1] "TestVolatile":15: 13
2020-12-19 20:58:10 DEBUG [t1] "TestVolatile":15: 13
2020-12-19 20:58:10 DEBUG [t1] "TestVolatile":15: 13
2020-12-19 20:58:10 DEBUG [t1] "TestVolatile":15: 13
2020-12-19 20:58:10 DEBUG [t1] "TestVolatile":15: 13
2020-12-19 20:58:10 DEBUG [t1] "TestVolatile":15: 13
2020-12-19 20:58:10 DEBUG [t1] "TestVolatile":15: 13
2020-12-19 20:58:10 DEBUG [t1] "TestVolatile":15: 13
2020-12-19 20:58:10 DEBUG [t1] "TestVolatile":15: 13
2020-12-19 20:58:10 DEBUG [t1] "TestVolatile":15: 13
2020-12-19 20:58:10 DEBUG [t1] "TestVolatile":15: 13
2020-12-19 20:58:10 DEBUG [t1] "TestVolatile":15: 13
2020-12-19 20:58:10 DEBUG [t1] "TestVolatile":15: 13
2020-12-19 20:58:10 DEBUG [t1] "TestVolatile":15: 13
2020-12-19 20:58:10 DEBUG [t1] "TestVolatile":15: 13
2020-12-19 20:58:10 DEBUG [t1] "TestVolatile":15: 13
2020-12-19 20:58:10 DEBUG [t1] "TestVolatile":15: 13
2020-12-19 20:58:10 DEBUG [t1] "TestVolatile":15: 13
2020-12-19 20:58:10 DEBUG [t1] "TestVolatile":15: 13
2020-12-19 20:58:10 DEBUG [t1] "TestVolatile":15: 13
2020-12-19 20:58:10 DEBUG [t1] "TestVolatile":15: 13
2020-12-19 20:58:10 DEBUG [t1] "TestVolatile":15: 13
2020-12-19 20:58:10 DEBUG [t1] "TestVolatile":15: 13
2020-12-19 20:58:10 DEBUG [t1] "TestVolatile":15: 13
2020-12-19 20:58:10 DEBUG [t1] "TestVolatile":15: 13
2020-12-19 20:58:10 DEBUG [t1] "TestVolatile":15: 13
2020-12-19 20:58:10 DEBUG [t1] "TestVolatile":15: 13
2020-12-19 20:58:10 DEBUG [t1] "TestVolatile":15: 13
2020-12-19 20:58:10 DEBUG [t1] "TestVolatile":15: 13
2020-12-19 20:58:10 DEBUG [t1] "TestVolatile":15: 13
2020-12-19 20:58:10 DEBUG [t1] "TestVolatile":15: 13
2020-12-19 20:58:10 DEBUG [t1] "TestVolatile":15: 13
2020-12-19 20:58:10 DEBUG [t1] "TestVolatile":15: 13
2020-12-19 20:58:10 DEBUG [t1] "TestVolatile":15: 13
2020-12-19 20:58:10 DEBUG [t1] "TestVolatile":15: 13
2020-12-19 20:58:10 DEBUG [t1] "TestVolatile":15: 13
2020-12-19 20:58:10 DEBUG [t1] "TestVolatile":15: 13
2020-12-19 20:58:10 DEBUG [t1] "TestVolatile":15: 13
2020-12-19 20:58:10 DEBUG [t1] "TestVolatile":15: 13
2020-12-19 20:58:10 DEBUG [t1] "TestVolatile":15: 13
2020-12-19 20:58:10 DEBUG [t1] "TestVolatile":15: 13
2020-12-19 20:58:10 DEBUG [t1] "TestVolatile":15: 13
2020-12-19 20:58:10 DEBUG [t1] "TestVolatile":15: 13
2020-12-19 20:58:10 DEBUG [t1] "TestVolatile":15: 13
2020-12-19 20:58:10 DEBUG [t1] "TestVolatile":15: 13
2020-12-19 20:58:10 DEBUG [t1] "TestVolatile":15: 13
2020-12-19 20:58:10 DEBUG [t1] "TestVolatile":15: 13
2020-12-19 20:58:10 DEBUG [t1] "TestVolatile":15: 13
2020-12-19 20:58:10 DEBUG [t1] "TestVolatile":15: 13
2020-12-19 20:58:10 DEBUG [t1] "TestVolatile":15: 13
2020-12-19 20:58:10 DEBUG [t1] "TestVolatile":15: 13
2020-12-19 20:58:10 DEBUG [t1] "TestVolatile":15: 13
2020-12-19 20:58:10 DEBUG [t1] "TestVolatile":15: 13
2020-12-19 20:58:10 DEBUG [t1] "TestVolatile":15: 13
2020-12-19 20:58:10 DEBUG [t1] "TestVolatile":15: 13
2020-12-19 20:58:10 DEBUG [t1] "TestVolatile":15: 13
2020-12-19 20:58:10 DEBUG [t1] "TestVolatile":15: 13
2020-12-19 20:58:10 DEBUG [t1] "TestVolatile":15: 13
2020-12-19 20:58:10 DEBUG [t1] "TestVolatile":15: 13
2020-12-19 20:58:10 DEBUG [t1] "TestVolatile":15: 13
2020-12-19 20:58:10 DEBUG [t1] "TestVolatile":15: 13
2020-12-19 20:58:10 DEBUG [t1] "TestVolatile":15: 13
2020-12-19 20:58:10 DEBUG [t1] "TestVolatile":15: 13
2020-12-19 20:58:10 DEBUG [t1] "TestVolatile":15: 13
2020-12-19 20:58:10 DEBUG [t1] "TestVolatile":15: 13
2020-12-19 20:58:10 DEBUG [t1] "TestVolatile":15: 13
2020-12-19 20:58:10 DEBUG [t1] "TestVolatile":15: 13
2020-12-19 20:58:10 DEBUG [t1] "TestVolatile":15: 13
2020-12-19 20:58:10 DEBUG [t1] "TestVolatile":15: 13
2020-12-19 20:58:10 DEBUG [t1] "TestVolatile":15: 13
2020-12-19 20:58:10 DEBUG [t1] "TestVolatile":15: 13
2020-12-19 20:58:10 DEBUG [t1] "TestVolatile":15: 13
2020-12-19 20:58:10 DEBUG [t1] "TestVolatile":15: 13
2020-12-19 20:58:10 DEBUG [t1] "TestVolatile":15: 13
2020-12-19 20:58:10 DEBUG [t1] "TestVolatile":15: 13
2020-12-19 20:58:10 DEBUG [t1] "TestVolatile":15: 13
2020-12-19 20:58:10 DEBUG [t1] "TestVolatile":15: 13
2020-12-19 20:58:10 DEBUG [t1] "TestVolatile":15: 13
2020-12-19 20:58:10 DEBUG [t1] "TestVolatile":15: 13
2020-12-19 20:58:10 DEBUG [t1] "TestVolatile":15: 13
2020-12-19 20:58:10 DEBUG [t1] "TestVolatile":15: 13
2020-12-19 20:58:10 DEBUG [t1] "TestVolatile":15: 13
2020-12-19 20:58:10 DEBUG [t1] "TestVolatile":15: 13
2020-12-19 20:58:10 DEBUG [t1] "TestVolatile":15: 13
2020-12-19 20:58:10 DEBUG [t1] "TestVolatile":15: 13
2020-12-19 20:58:10 DEBUG [t1] "TestVolatile":15: 13
2020-12-19 20:58:10 DEBUG [t1] "TestVolatile":15: 13
2020-12-19 20:58:10 DEBUG [t1] "TestVolatile":15: 13
2020-12-19 20:58:10 DEBUG [t1] "TestVolatile":15: 13
2020-12-19 20:58:10 DEBUG [t1] "TestVolatile":15: 13
2020-12-19 20:58:10 DEBUG [t1] "TestVolatile":15: 13
2020-12-19 20:58:10 DEBUG [t1] "TestVolatile":15: 13
2020-12-19 20:58:10 DEBUG [t1] "TestVolatile":15: 13
2020-12-19 20:58:10 DEBUG [t1] "TestVolatile":15: 13
2020-12-19 20:58:10 DEBUG [t1] "TestVolatile":15: 13
2020-12-19 20:58:10 DEBUG [t1] "TestVolatile":15: 13
2020-12-19 20:58:10 DEBUG [t1] "TestVolatile":15: 13
2020-12-19 20:58:10 DEBUG [t1] "TestVolatile":15: 13
2020-12-19 20:58:10 DEBUG [t1] "TestVolatile":15: 13
2020-12-19 20:58:10 DEBUG [t1] "TestVolatile":15: 13
2020-12-19 20:58:10 DEBUG [t1] "TestVolatile":15: 13
2020-12-19 20:58:10 DEBUG [t1] "TestVolatile":15: 13
2020-12-19 20:58:10 DEBUG [t1] "TestVolatile":15: 13
2020-12-19 20:58:10 DEBUG [t1] "TestVolatile":15: 13
2020-12-19 20:58:10 DEBUG [t1] "TestVolatile":15: 13
2020-12-19 20:58:10 DEBUG [t1] "TestVolatile":15: 13
2020-12-19 20:58:10 DEBUG [t1] "TestVolatile":15: 13
2020-12-19 20:58:10 DEBUG [t1] "TestVolatile":15: 13
2020-12-19 20:58:10 DEBUG [t1] "TestVolatile":15: 13
2020-12-19 20:58:10 DEBUG [t1] "TestVolatile":15: 13
2020-12-19 20:58:10 DEBUG [t1] "TestVolatile":15: 13
2020-12-19 20:58:10 DEBUG [t1] "TestVolatile":15: 13
2020-12-19 20:58:10 DEBUG [t1] "TestVolatile":15: 13
2020-12-19 20:58:10 DEBUG [t1] "TestVolatile":15: 13
2020-12-19 20:58:10 DEBUG [t1] "TestVolatile":15: 13
2020-12-19 20:58:10 DEBUG [t1] "TestVolatile":15: 13
2020-12-19 20:58:10 DEBUG [t1] "TestVolatile":15: 13
2020-12-19 20:58:10 DEBUG [t1] "TestVolatile":15: 13
2020-12-19 20:58:10 DEBUG [t1] "TestVolatile":15: 13
2020-12-19 20:58:10 DEBUG [t1] "TestVolatile":15: 13
2020-12-19 20:58:10 DEBUG [t1] "TestVolatile":15: 13
2020-12-19 20:58:10 DEBUG [t1] "TestVolatile":15: 13
2020-12-19 20:58:10 DEBUG [t1] "TestVolatile":15: 13
2020-12-19 20:58:10 DEBUG [t1] "TestVolatile":15: 13
2020-12-19 20:58:10 DEBUG [t1] "TestVolatile":15: 13
2020-12-19 20:58:10 DEBUG [t1] "TestVolatile":15: 13
2020-12-19 20:58:10 DEBUG [t1] "TestVolatile":15: 13
2020-12-19 20:58:10 DEBUG [t1] "TestVolatile":15: 13
2020-12-19 20:58:10 DEBUG [t1] "TestVolatile":15: 13
2020-12-19 20:58:10 DEBUG [t1] "TestVolatile":15: 13
2020-12-19 20:58:10 DEBUG [t1] "TestVolatile":15: 13
2020-12-19 20:58:10 DEBUG [t1] "TestVolatile":15: 13
2020-12-19 20:58:10 DEBUG [t1] "TestVolatile":15: 13
2020-12-19 20:58:10 DEBUG [t1] "TestVolatile":15: 13
2020-12-19 20:58:10 DEBUG [t1] "TestVolatile":15: 13
2020-12-19 20:58:10 DEBUG [t1] "TestVolatile":15: 13
2020-12-19 20:58:10 DEBUG [t1] "TestVolatile":15: 13
2020-12-19 20:58:10 DEBUG [t1] "TestVolatile":15: 13
2020-12-19 20:58:10 DEBUG [t1] "TestVolatile":15: 13
2020-12-19 20:58:10 DEBUG [t1] "TestVolatile":15: 13
2020-12-19 20:58:10 DEBUG [t1] "TestVolatile":15: 13
2020-12-19 20:58:10 DEBUG [t1] "TestVolatile":15: 13
2020-12-19 20:58:10 DEBUG [t1] "TestVolatile":15: 13
2020-12-19 20:58:10 DEBUG [t1] "TestVolatile":15: 13
2020-12-19 20:58:10 DEBUG [t1] "TestVolatile":15: 13
2020-12-19 20:58:10 DEBUG [t1] "TestVolatile":15: 13
2020-12-19 20:58:10 DEBUG [t1] "TestVolatile":15: 13
2020-12-19 20:58:10 DEBUG [t1] "TestVolatile":15: 13
2020-12-19 20:58:10 DEBUG [t1] "TestVolatile":15: 13
2020-12-19 20:58:10 DEBUG [t1] "TestVolatile":15: 13
2020-12-19 20:58:10 DEBUG [t1] "TestVolatile":15: 13
2020-12-19 20:58:10 DEBUG [t1] "TestVolatile":15: 13
2020-12-19 20:58:10 DEBUG [t1] "TestVolatile":15: 13
2020-12-19 20:58:10 DEBUG [t1] "TestVolatile":15: 13
2020-12-19 20:58:10 DEBUG [t1] "TestVolatile":15: 13
2020-12-19 20:58:10 DEBUG [t1] "TestVolatile":15: 13
2020-12-19 20:58:10 DEBUG [t1] "TestVolatile":15: 13
2020-12-19 20:58:10 DEBUG [t1] "TestVolatile":15: 13
2020-12-19 20:58:10 DEBUG [t1] "TestVolatile":15: 13
2020-12-19 20:58:10 DEBUG [t1] "TestVolatile":15: 13
2020-12-19 20:58:10 DEBUG [t1] "TestVolatile":15: 13
2020-12-19 20:58:10 DEBUG [t1] "TestVolatile":15: 13
2020-12-19 20:58:10 DEBUG [t1] "TestVolatile":15: 13
2020-12-19 20:58:10 DEBUG [t1] "TestVolatile":15: 13
2020-12-19 20:58:10 DEBUG [t1] "TestVolatile":15: 13
2020-12-19 20:58:10 DEBUG [t1] "TestVolatile":15: 13
2020-12-19 20:58:10 DEBUG [t1] "TestVolatile":15: 13
2020-12-19 20:58:10 DEBUG [t1] "TestVolatile":15: 13
2020-12-19 20:58:10 DEBUG [t1] "TestVolatile":15: 13
2020-12-19 20:58:10 DEBUG [t1] "TestVolatile":15: 13
2020-12-19 20:58:10 DEBUG [t1] "TestVolatile":15: 13
2020-12-19 20:58:10 DEBUG [t1] "TestVolatile":15: 13
2020-12-19 20:58:10 DEBUG [t1] "TestVolatile":15: 13
2020-12-19 20:58:10 DEBUG [t1] "TestVolatile":15: 13
2020-12-19 20:58:10 DEBUG [t1] "TestVolatile":15: 13
2020-12-19 20:58:10 DEBUG [t1] "TestVolatile":15: 13
2020-12-19 20:58:10 DEBUG [t1] "TestVolatile":15: 13
2020-12-19 20:58:10 DEBUG [t1] "TestVolatile":15: 13
2020-12-19 20:58:10 DEBUG [t1] "TestVolatile":15: 13
2020-12-19 20:58:10 DEBUG [t1] "TestVolatile":15: 13
2020-12-19 20:58:10 DEBUG [t1] "TestVolatile":15: 13
2020-12-19 20:58:10 DEBUG [t1] "TestVolatile":15: 13
2020-12-19 20:58:10 DEBUG [t1] "TestVolatile":15: 13
2020-12-19 20:58:10 DEBUG [t1] "TestVolatile":15: 13
2020-12-19 20:58:10 DEBUG [t1] "TestVolatile":15: 13
2020-12-19 20:58:10 DEBUG [t1] "TestVolatile":15: 13
2020-12-19 20:58:10 DEBUG [t1] "TestVolatile":15: 13
2020-12-19 20:58:10 DEBUG [t1] "TestVolatile":15: 13
2020-12-19 20:58:10 DEBUG [t1] "TestVolatile":15: 13
2020-12-19 20:58:10 DEBUG [t1] "TestVolatile":15: 13
2020-12-19 20:58:10 DEBUG [t1] "TestVolatile":15: 13
2020-12-19 20:58:10 DEBUG [t1] "TestVolatile":15: 13
2020-12-19 20:58:10 DEBUG [t1] "TestVolatile":15: 13
2020-12-19 20:58:10 DEBUG [t1] "TestVolatile":15: 13
2020-12-19 20:58:10 DEBUG [t1] "TestVolatile":15: 13
2020-12-19 20:58:10 DEBUG [t1] "TestVolatile":15: 13
2020-12-19 20:58:10 DEBUG [t1] "TestVolatile":15: 13
2020-12-19 20:58:10 DEBUG [t1] "TestVolatile":15: 13
2020-12-19 20:58:10 DEBUG [t1] "TestVolatile":15: 13
2020-12-19 20:58:10 DEBUG [t1] "TestVolatile":15: 13
2020-12-19 20:58:10 DEBUG [t1] "TestVolatile":15: 13
2020-12-19 20:58:10 DEBUG [t1] "TestVolatile":15: 13
2020-12-19 20:58:10 DEBUG [t1] "TestVolatile":15: 13
2020-12-19 20:58:10 DEBUG [t1] "TestVolatile":15: 13
2020-12-19 20:58:10 DEBUG [t1] "TestVolatile":15: 13
2020-12-19 20:58:10 DEBUG [t1] "TestVolatile":15: 13
2020-12-19 20:58:10 DEBUG [t1] "TestVolatile":15: 13
2020-12-19 20:58:10 DEBUG [t1] "TestVolatile":15: 13
2020-12-19 20:58:10 DEBUG [t1] "TestVolatile":15: 13
2020-12-19 20:58:10 DEBUG [t1] "TestVolatile":15: 13
2020-12-19 20:58:10 DEBUG [t1] "TestVolatile":15: 13
2020-12-19 20:58:10 DEBUG [t1] "TestVolatile":15: 13
2020-12-19 20:58:10 DEBUG [t1] "TestVolatile":15: 13
2020-12-19 20:58:10 DEBUG [t1] "TestVolatile":15: 13
2020-12-19 20:58:10 DEBUG [t1] "TestVolatile":15: 13
2020-12-19 20:58:10 DEBUG [t1] "TestVolatile":15: 13
2020-12-19 20:58:10 DEBUG [t1] "TestVolatile":15: 13
2020-12-19 20:58:10 DEBUG [t1] "TestVolatile":15: 13
2020-12-19 20:58:10 DEBUG [t1] "TestVolatile":15: 13
2020-12-19 20:58:10 DEBUG [t1] "TestVolatile":15: 13
2020-12-19 20:58:10 DEBUG [t1] "TestVolatile":15: 13
2020-12-19 20:58:10 DEBUG [t1] "TestVolatile":15: 13
2020-12-19 20:58:10 DEBUG [t1] "TestVolatile":15: 13
2020-12-19 20:58:10 DEBUG [t1] "TestVolatile":15: 13
2020-12-19 20:58:10 DEBUG [t1] "TestVolatile":15: 13
2020-12-19 20:58:10 DEBUG [t1] "TestVolatile":15: 13
2020-12-19 20:58:10 DEBUG [t1] "TestVolatile":15: 13
2020-12-19 20:58:10 DEBUG [t1] "TestVolatile":15: 13
2020-12-19 20:58:10 DEBUG [t1] "TestVolatile":15: 13
2020-12-19 20:58:10 DEBUG [t1] "TestVolatile":15: 13
2020-12-19 20:58:10 DEBUG [t1] "TestVolatile":15: 13
2020-12-19 20:58:10 DEBUG [t1] "TestVolatile":15: 13
2020-12-19 20:58:10 DEBUG [t1] "TestVolatile":15: 13
2020-12-19 20:58:10 DEBUG [t1] "TestVolatile":15: 13
2020-12-19 20:58:10 DEBUG [t1] "TestVolatile":15: 13
2020-12-19 20:58:10 DEBUG [t1] "TestVolatile":15: 13
2020-12-19 20:58:10 DEBUG [t1] "TestVolatile":15: 13
2020-12-19 20:58:10 DEBUG [t1] "TestVolatile":15: 13
2020-12-19 20:58:10 DEBUG [t1] "TestVolatile":15: 13
2020-12-19 20:58:10 DEBUG [t1] "TestVolatile":15: 13
2020-12-19 20:58:10 DEBUG [t1] "TestVolatile":15: 13
2020-12-19 20:58:10 DEBUG [t1] "TestVolatile":15: 13
2020-12-19 20:58:10 DEBUG [t1] "TestVolatile":15: 13
2020-12-19 20:58:10 DEBUG [t1] "TestVolatile":15: 13
2020-12-19 20:58:10 DEBUG [t1] "TestVolatile":15: 13
2020-12-19 20:58:10 DEBUG [t1] "TestVolatile":15: 13
2020-12-19 20:58:10 DEBUG [t1] "TestVolatile":15: 13
2020-12-19 20:58:10 DEBUG [t1] "TestVolatile":15: 13
2020-12-19 20:58:10 DEBUG [t1] "TestVolatile":15: 13
2020-12-19 20:58:10 DEBUG [t1] "TestVolatile":15: 13
2020-12-19 20:58:10 DEBUG [t1] "TestVolatile":15: 13
2020-12-19 20:58:10 DEBUG [t1] "TestVolatile":15: 13
2020-12-19 20:58:10 DEBUG [t1] "TestVolatile":15: 13
2020-12-19 20:58:10 DEBUG [t1] "TestVolatile":15: 13
2020-12-19 20:58:10 DEBUG [t1] "TestVolatile":15: 13
2020-12-19 20:58:10 DEBUG [t1] "TestVolatile":15: 13
2020-12-19 20:58:10 DEBUG [t1] "TestVolatile":15: 13
2020-12-19 20:58:10 DEBUG [t1] "TestVolatile":15: 13
2020-12-19 20:58:10 DEBUG [t1] "TestVolatile":15: 13
2020-12-19 20:58:10 DEBUG [t1] "TestVolatile":15: 13
2020-12-19 20:58:10 DEBUG [t1] "TestVolatile":15: 13
2020-12-19 20:58:10 DEBUG [t1] "TestVolatile":15: 13
2020-12-19 20:58:10 DEBUG [t1] "TestVolatile":15: 13
2020-12-19 20:58:10 DEBUG [t1] "TestVolatile":15: 13
2020-12-19 20:58:10 DEBUG [t1] "TestVolatile":15: 13
2020-12-19 20:58:10 DEBUG [t1] "TestVolatile":15: 13
2020-12-19 20:58:10 DEBUG [t1] "TestVolatile":15: 13
2020-12-19 20:58:10 DEBUG [t1] "TestVolatile":15: 13
2020-12-19 20:58:10 DEBUG [t1] "TestVolatile":15: 13
2020-12-19 20:58:10 DEBUG [t1] "TestVolatile":15: 13
2020-12-19 20:58:10 DEBUG [t1] "TestVolatile":15: 13
2020-12-19 20:58:10 DEBUG [t1] "TestVolatile":15: 13
2020-12-19 20:58:10 DEBUG [t1] "TestVolatile":15: 13
2020-12-19 20:58:10 DEBUG [t1] "TestVolatile":15: 13
2020-12-19 20:58:10 DEBUG [t1] "TestVolatile":15: 13
2020-12-19 20:58:10 DEBUG [t1] "TestVolatile":15: 13
2020-12-19 20:58:10 DEBUG [t1] "TestVolatile":15: 13
2020-12-19 20:58:10 DEBUG [t1] "TestVolatile":15: 13
2020-12-19 20:58:10 DEBUG [t1] "TestVolatile":15: 13
2020-12-19 20:58:10 DEBUG [t1] "TestVolatile":15: 13
2020-12-19 20:58:10 DEBUG [t1] "TestVolatile":15: 13
2020-12-19 20:58:10 DEBUG [t1] "TestVolatile":15: 13
2020-12-19 20:58:10 DEBUG [t1] "TestVolatile":15: 13
2020-12-19 20:58:10 DEBUG [t1] "TestVolatile":15: 13
2020-12-19 20:58:10 DEBUG [t1] "TestVolatile":15: 13
2020-12-19 20:58:10 DEBUG [t1] "TestVolatile":15: 13
2020-12-19 20:58:10 DEBUG [t1] "TestVolatile":15: 13
2020-12-19 20:58:10 DEBUG [t1] "TestVolatile":15: 13
2020-12-19 20:58:10 DEBUG [t1] "TestVolatile":15: 13
2020-12-19 20:58:10 DEBUG [t1] "TestVolatile":15: 13
2020-12-19 20:58:10 DEBUG [t1] "TestVolatile":15: 13
2020-12-19 20:58:10 DEBUG [t1] "TestVolatile":15: 13
2020-12-19 20:58:10 DEBUG [t1] "TestVolatile":15: 13
2020-12-19 20:58:10 DEBUG [t1] "TestVolatile":15: 13
2020-12-19 20:58:10 DEBUG [t1] "TestVolatile":15: 13
2020-12-19 20:58:10 DEBUG [t1] "TestVolatile":15: 13
2020-12-19 20:58:10 DEBUG [t1] "TestVolatile":15: 13
2020-12-19 20:58:10 DEBUG [t1] "TestVolatile":15: 13
2020-12-19 20:58:10 DEBUG [t1] "TestVolatile":15: 13
2020-12-19 20:58:10 DEBUG [t1] "TestVolatile":15: 13
2020-12-19 20:58:10 DEBUG [t1] "TestVolatile":15: 13
2020-12-19 20:58:10 DEBUG [t1] "TestVolatile":15: 13
2020-12-19 20:58:10 DEBUG [t1] "TestVolatile":15: 13
2020-12-19 20:58:10 DEBUG [t1] "TestVolatile":15: 13
2020-12-19 20:58:10 DEBUG [t1] "TestVolatile":15: 13
2020-12-19 20:58:10 DEBUG [t1] "TestVolatile":15: 13
2020-12-19 20:58:10 DEBUG [t1] "TestVolatile":15: 13
2020-12-19 20:58:10 DEBUG [t1] "TestVolatile":15: 13
2020-12-19 20:58:10 DEBUG [t1] "TestVolatile":15: 13
2020-12-19 20:58:10 DEBUG [t1] "TestVolatile":15: 13
2020-12-19 20:58:10 DEBUG [t1] "TestVolatile":15: 13
2020-12-19 20:58:10 DEBUG [t1] "TestVolatile":15: 13
2020-12-19 20:58:10 DEBUG [t1] "TestVolatile":15: 13
2020-12-19 20:58:10 DEBUG [t1] "TestVolatile":15: 13
2020-12-19 20:58:10 DEBUG [t1] "TestVolatile":15: 13
2020-12-19 20:58:10 DEBUG [t1] "TestVolatile":15: 13
2020-12-19 20:58:10 DEBUG [t1] "TestVolatile":15: 13
2020-12-19 20:58:10 DEBUG [t1] "TestVolatile":15: 13
2020-12-19 20:58:10 DEBUG [t1] "TestVolatile":15: 13
2020-12-19 20:58:10 DEBUG [t1] "TestVolatile":15: 13
2020-12-19 20:58:10 DEBUG [t1] "TestVolatile":15: 13
2020-12-19 20:58:10 DEBUG [t1] "TestVolatile":15: 13
2020-12-19 20:58:10 DEBUG [t1] "TestVolatile":15: 13
2020-12-19 20:58:10 DEBUG [t1] "TestVolatile":15: 13
2020-12-19 20:58:10 DEBUG [t1] "TestVolatile":15: 13
2020-12-19 20:58:10 DEBUG [t1] "TestVolatile":15: 13
2020-12-19 20:58:10 DEBUG [t1] "TestVolatile":15: 13
2020-12-19 20:58:10 DEBUG [t1] "TestVolatile":15: 13
2020-12-19 20:58:10 DEBUG [t1] "TestVolatile":15: 13
2020-12-19 20:58:10 DEBUG [t1] "TestVolatile":15: 13
2020-12-19 20:58:10 DEBUG [t1] "TestVolatile":15: 13
2020-12-19 20:58:10 DEBUG [t1] "TestVolatile":15: 13
2020-12-19 20:58:10 DEBUG [t1] "TestVolatile":15: 13
2020-12-19 20:58:10 DEBUG [t1] "TestVolatile":15: 13
2020-12-19 20:58:10 DEBUG [t1] "TestVolatile":15: 13
2020-12-19 20:58:10 DEBUG [t1] "TestVolatile":15: 13
2020-12-19 20:58:10 DEBUG [t1] "TestVolatile":15: 13
2020-12-19 20:58:10 DEBUG [t1] "TestVolatile":15: 13
2020-12-19 20:58:10 DEBUG [t1] "TestVolatile":15: 13
2020-12-19 20:58:10 DEBUG [t1] "TestVolatile":15: 13
2020-12-19 20:58:10 DEBUG [t1] "TestVolatile":15: 13
2020-12-19 20:58:10 DEBUG [t1] "TestVolatile":15: 13
2020-12-19 20:58:10 DEBUG [t1] "TestVolatile":15: 13
2020-12-19 20:58:10 DEBUG [t1] "TestVolatile":15: 13
2020-12-19 20:58:10 DEBUG [t1] "TestVolatile":15: 13
2020-12-19 20:58:10 DEBUG [t1] "TestVolatile":15: 13
2020-12-19 20:58:10 DEBUG [t1] "TestVolatile":15: 13
2020-12-19 20:58:10 DEBUG [t1] "TestVolatile":15: 13
2020-12-19 20:58:10 DEBUG [t1] "TestVolatile":15: 13
2020-12-19 20:58:10 DEBUG [t1] "TestVolatile":15: 13
2020-12-19 20:58:10 DEBUG [t1] "TestVolatile":15: 13
2020-12-19 20:58:10 DEBUG [t1] "TestVolatile":15: 13
2020-12-19 20:58:10 DEBUG [t1] "TestVolatile":15: 13
2020-12-19 20:58:10 DEBUG [t1] "TestVolatile":15: 13
2020-12-19 20:58:10 DEBUG [t1] "TestVolatile":15: 13
2020-12-19 20:58:10 DEBUG [t1] "TestVolatile":15: 13
2020-12-19 20:58:10 DEBUG [t1] "TestVolatile":15: 13
2020-12-19 20:58:10 DEBUG [t1] "TestVolatile":15: 13
2020-12-19 20:58:10 DEBUG [t1] "TestVolatile":15: 13
2020-12-19 20:58:10 DEBUG [t1] "TestVolatile":15: 13
2020-12-19 20:58:10 DEBUG [t1] "TestVolatile":15: 13
2020-12-19 20:58:10 DEBUG [t1] "TestVolatile":15: 13
2020-12-19 20:58:10 DEBUG [t1] "TestVolatile":15: 13
2020-12-19 20:58:10 DEBUG [t1] "TestVolatile":15: 13
2020-12-19 20:58:10 DEBUG [t1] "TestVolatile":15: 13
2020-12-19 20:58:10 DEBUG [t1] "TestVolatile":15: 13
2020-12-19 20:58:10 DEBUG [t1] "TestVolatile":15: 13
2020-12-19 20:58:10 DEBUG [t1] "TestVolatile":15: 13
2020-12-19 20:58:10 DEBUG [t1] "TestVolatile":15: 13
2020-12-19 20:58:10 DEBUG [t1] "TestVolatile":15: 13
2020-12-19 20:58:10 DEBUG [t1] "TestVolatile":15: 13
2020-12-19 20:58:10 DEBUG [t1] "TestVolatile":15: 13
2020-12-19 20:58:10 DEBUG [t1] "TestVolatile":15: 13
2020-12-19 20:58:10 DEBUG [t1] "TestVolatile":15: 13
2020-12-19 20:58:10 DEBUG [t1] "TestVolatile":15: 13
2020-12-19 20:58:10 DEBUG [t1] "TestVolatile":15: 13
2020-12-19 20:58:10 DEBUG [t1] "TestVolatile":15: 13
2020-12-19 20:58:10 DEBUG [t1] "TestVolatile":15: 13
2020-12-19 20:58:10 DEBUG [t1] "TestVolatile":15: 13
2020-12-19 20:58:10 DEBUG [t1] "TestVolatile":15: 13
2020-12-19 20:58:10 DEBUG [t1] "TestVolatile":15: 13
2020-12-19 20:58:10 DEBUG [t1] "TestVolatile":15: 13
2020-12-19 20:58:10 DEBUG [t1] "TestVolatile":15: 13
2020-12-19 20:58:10 DEBUG [t1] "TestVolatile":15: 13
2020-12-19 20:58:10 DEBUG [t1] "TestVolatile":15: 13
2020-12-19 20:58:10 DEBUG [t1] "TestVolatile":15: 13
2020-12-19 20:58:10 DEBUG [t1] "TestVolatile":15: 13
2020-12-19 20:58:10 DEBUG [t1] "TestVolatile":15: 13
2020-12-19 20:58:10 DEBUG [t1] "TestVolatile":15: 13
2020-12-19 20:58:10 DEBUG [t1] "TestVolatile":15: 13
2020-12-19 20:58:10 DEBUG [t1] "TestVolatile":15: 13
2020-12-19 20:58:10 DEBUG [t1] "TestVolatile":15: 13
2020-12-19 20:58:10 DEBUG [t1] "TestVolatile":15: 13
2020-12-19 20:58:10 DEBUG [t1] "TestVolatile":15: 13
2020-12-19 20:58:10 DEBUG [t1] "TestVolatile":15: 13
2020-12-19 20:58:10 DEBUG [t1] "TestVolatile":15: 13
2020-12-19 20:58:10 DEBUG [t1] "TestVolatile":15: 13
2020-12-19 20:58:10 DEBUG [t1] "TestVolatile":15: 13
2020-12-19 20:58:10 DEBUG [t1] "TestVolatile":15: 13
2020-12-19 20:58:10 DEBUG [t1] "TestVolatile":15: 13
2020-12-19 20:58:10 DEBUG [t1] "TestVolatile":15: 13
2020-12-19 20:58:10 DEBUG [t1] "TestVolatile":15: 13
2020-12-19 20:58:10 DEBUG [t1] "TestVolatile":15: 13
2020-12-19 20:58:10 DEBUG [t1] "TestVolatile":15: 13
2020-12-19 20:58:10 DEBUG [t1] "TestVolatile":15: 13
2020-12-19 20:58:10 DEBUG [t1] "TestVolatile":15: 13
2020-12-19 20:58:10 DEBUG [t1] "TestVolatile":15: 13
2020-12-19 20:58:10 DEBUG [t1] "TestVolatile":15: 13
2020-12-19 20:58:10 DEBUG [t1] "TestVolatile":15: 13
2020-12-19 20:58:10 DEBUG [t1] "TestVolatile":15: 13
2020-12-19 20:58:10 DEBUG [t1] "TestVolatile":15: 13
2020-12-19 20:58:10 DEBUG [t1] "TestVolatile":15: 13
2020-12-19 20:58:10 DEBUG [t1] "TestVolatile":15: 13
2020-12-19 20:58:10 DEBUG [t1] "TestVolatile":15: 13
2020-12-19 20:58:10 DEBUG [t1] "TestVolatile":15: 13
2020-12-19 20:58:10 DEBUG [t1] "TestVolatile":15: 13
2020-12-19 20:58:10 DEBUG [t1] "TestVolatile":15: 13
2020-12-19 20:58:10 DEBUG [t1] "TestVolatile":15: 13
2020-12-19 20:58:10 DEBUG [t1] "TestVolatile":15: 13
2020-12-19 20:58:10 DEBUG [t1] "TestVolatile":15: 13
2020-12-19 20:58:10 DEBUG [t1] "TestVolatile":15: 13
2020-12-19 20:58:10 DEBUG [t1] "TestVolatile":15: 13
2020-12-19 20:58:10 DEBUG [t1] "TestVolatile":15: 13
2020-12-19 20:58:10 DEBUG [t1] "TestVolatile":15: 13
2020-12-19 20:58:10 DEBUG [t1] "TestVolatile":15: 13
2020-12-19 20:58:10 DEBUG [t1] "TestVolatile":15: 13
2020-12-19 20:58:10 DEBUG [t1] "TestVolatile":15: 13
2020-12-19 20:58:10 DEBUG [t1] "TestVolatile":15: 13
2020-12-19 20:58:10 DEBUG [t1] "TestVolatile":15: 13
2020-12-19 20:58:10 DEBUG [t1] "TestVolatile":15: 13
2020-12-19 20:58:10 DEBUG [t1] "TestVolatile":15: 13
2020-12-19 20:58:10 DEBUG [t1] "TestVolatile":15: 13
2020-12-19 20:58:10 DEBUG [t1] "TestVolatile":15: 13
2020-12-19 20:58:10 DEBUG [t1] "TestVolatile":15: 13
2020-12-19 20:58:10 DEBUG [t1] "TestVolatile":15: 13
2020-12-19 20:58:10 DEBUG [t1] "TestVolatile":15: 13
2020-12-19 20:58:10 DEBUG [t1] "TestVolatile":15: 13
2020-12-19 20:58:10 DEBUG [t1] "TestVolatile":15: 13
2020-12-19 20:58:10 DEBUG [t1] "TestVolatile":15: 13
2020-12-19 20:58:10 DEBUG [t1] "TestVolatile":15: 13
2020-12-19 20:58:10 DEBUG [t1] "TestVolatile":15: 13
2020-12-19 20:58:10 DEBUG [t1] "TestVolatile":15: 13
2020-12-19 20:58:10 DEBUG [t1] "TestVolatile":15: 13
2020-12-19 20:58:10 DEBUG [t1] "TestVolatile":15: 13
2020-12-19 20:58:10 DEBUG [t1] "TestVolatile":15: 13
2020-12-19 20:58:10 DEBUG [t1] "TestVolatile":15: 13
2020-12-19 20:58:10 DEBUG [t1] "TestVolatile":15: 13
2020-12-19 20:58:10 DEBUG [t1] "TestVolatile":15: 13
2020-12-19 20:58:10 DEBUG [t1] "TestVolatile":15: 13
2020-12-19 20:58:10 DEBUG [t1] "TestVolatile":15: 13
2020-12-19 20:58:10 DEBUG [t1] "TestVolatile":15: 13
2020-12-19 20:58:10 DEBUG [t1] "TestVolatile":15: 13
2020-12-19 20:58:10 DEBUG [t1] "TestVolatile":15: 13
2020-12-19 20:58:10 DEBUG [t1] "TestVolatile":15: 13
2020-12-19 20:58:10 DEBUG [t1] "TestVolatile":15: 13
2020-12-19 20:58:10 DEBUG [t1] "TestVolatile":15: 13
2020-12-19 20:58:10 DEBUG [t1] "TestVolatile":15: 13
2020-12-19 20:58:10 DEBUG [t1] "TestVolatile":15: 13
2020-12-19 20:58:10 DEBUG [t1] "TestVolatile":15: 13
2020-12-19 20:58:10 DEBUG [t1] "TestVolatile":15: 13
2020-12-19 20:58:10 DEBUG [t1] "TestVolatile":15: 13
2020-12-19 20:58:10 DEBUG [t1] "TestVolatile":15: 13
2020-12-19 20:58:10 DEBUG [t1] "TestVolatile":15: 13
2020-12-19 20:58:10 DEBUG [t1] "TestVolatile":15: 13
2020-12-19 20:58:10 DEBUG [t1] "TestVolatile":15: 13
2020-12-19 20:58:10 DEBUG [t1] "TestVolatile":15: 13
2020-12-19 20:58:10 DEBUG [t1] "TestVolatile":15: 13
2020-12-19 20:58:10 DEBUG [t1] "TestVolatile":15: 13
2020-12-19 20:58:10 DEBUG [t1] "TestVolatile":15: 13
2020-12-19 20:58:10 DEBUG [t1] "TestVolatile":15: 13
2020-12-19 20:58:10 DEBUG [t1] "TestVolatile":15: 13
2020-12-19 20:58:10 DEBUG [t1] "TestVolatile":15: 13
2020-12-19 20:58:10 DEBUG [t1] "TestVolatile":15: 13
2020-12-19 20:58:10 DEBUG [t1] "TestVolatile":15: 13
2020-12-19 20:58:10 DEBUG [t1] "TestVolatile":15: 13
2020-12-19 20:58:10 DEBUG [t1] "TestVolatile":15: 13
2020-12-19 20:58:10 DEBUG [t1] "TestVolatile":15: 13
2020-12-19 20:58:10 DEBUG [t1] "TestVolatile":15: 13
2020-12-19 20:58:10 DEBUG [t1] "TestVolatile":15: 13
2020-12-19 20:58:10 DEBUG [t1] "TestVolatile":15: 13
2020-12-19 20:58:10 DEBUG [t1] "TestVolatile":15: 13
2020-12-19 20:58:10 DEBUG [t1] "TestVolatile":15: 13
2020-12-19 20:58:10 DEBUG [t1] "TestVolatile":15: 13
2020-12-19 20:58:10 DEBUG [t1] "TestVolatile":15: 13
2020-12-19 20:58:10 DEBUG [t1] "TestVolatile":15: 13
2020-12-19 20:58:10 DEBUG [t1] "TestVolatile":15: 13
2020-12-19 20:58:10 DEBUG [t1] "TestVolatile":15: 13
2020-12-19 20:58:10 DEBUG [t1] "TestVolatile":15: 13
2020-12-19 20:58:10 DEBUG [t1] "TestVolatile":15: 13
2020-12-19 20:58:10 DEBUG [t1] "TestVolatile":15: 13
2020-12-19 20:58:10 DEBUG [t1] "TestVolatile":15: 13
2020-12-19 20:58:10 DEBUG [t1] "TestVolatile":15: 13
2020-12-19 20:58:10 DEBUG [t1] "TestVolatile":15: 13
2020-12-19 20:58:10 DEBUG [t1] "TestVolatile":15: 13
2020-12-19 20:58:10 DEBUG [t1] "TestVolatile":15: 13
2020-12-19 20:58:10 DEBUG [t1] "TestVolatile":15: 13
2020-12-19 20:58:10 DEBUG [t1] "TestVolatile":15: 13
2020-12-19 20:58:10 DEBUG [t1] "TestVolatile":15: 13
2020-12-19 20:58:10 DEBUG [t1] "TestVolatile":15: 13
2020-12-19 20:58:10 DEBUG [t1] "TestVolatile":15: 13
2020-12-19 20:58:10 DEBUG [t1] "TestVolatile":15: 13
2020-12-19 20:58:10 DEBUG [t1] "TestVolatile":15: 13
2020-12-19 20:58:10 DEBUG [t1] "TestVolatile":15: 13
2020-12-19 20:58:10 DEBUG [t1] "TestVolatile":15: 13
2020-12-19 20:58:10 DEBUG [t1] "TestVolatile":15: 13
2020-12-19 20:58:10 DEBUG [t1] "TestVolatile":15: 13
2020-12-19 20:58:10 DEBUG [t1] "TestVolatile":15: 13
2020-12-19 20:58:10 DEBUG [t1] "TestVolatile":15: 13
2020-12-19 20:58:10 DEBUG [t1] "TestVolatile":15: 13
2020-12-19 20:58:10 DEBUG [t1] "TestVolatile":15: 13
2020-12-19 20:58:10 DEBUG [t1] "TestVolatile":15: 13
2020-12-19 20:58:10 DEBUG [t1] "TestVolatile":15: 13
2020-12-19 20:58:10 DEBUG [t1] "TestVolatile":15: 13
2020-12-19 20:58:10 DEBUG [t1] "TestVolatile":15: 13
2020-12-19 20:58:10 DEBUG [t1] "TestVolatile":15: 13
2020-12-19 20:58:10 DEBUG [t1] "TestVolatile":15: 13
2020-12-19 20:58:10 DEBUG [t1] "TestVolatile":15: 13
2020-12-19 20:58:10 DEBUG [t1] "TestVolatile":15: 13
2020-12-19 20:58:10 DEBUG [t1] "TestVolatile":15: 13
2020-12-19 20:58:10 DEBUG [t1] "TestVolatile":15: 13
2020-12-19 20:58:10 DEBUG [t1] "TestVolatile":15: 13
2020-12-19 20:58:10 DEBUG [t1] "TestVolatile":15: 13
2020-12-19 20:58:10 DEBUG [t1] "TestVolatile":15: 13
2020-12-19 20:58:10 DEBUG [t1] "TestVolatile":15: 13
2020-12-19 20:58:10 DEBUG [t1] "TestVolatile":15: 13
2020-12-19 20:58:10 DEBUG [t1] "TestVolatile":15: 13
2020-12-19 20:58:10 DEBUG [t1] "TestVolatile":15: 13
2020-12-19 20:58:10 DEBUG [t1] "TestVolatile":15: 13
2020-12-19 20:58:10 DEBUG [t1] "TestVolatile":15: 13
2020-12-19 20:58:10 DEBUG [t1] "TestVolatile":15: 13
2020-12-19 20:58:10 DEBUG [t1] "TestVolatile":15: 13
2020-12-19 20:58:10 DEBUG [t1] "TestVolatile":15: 13
2020-12-19 20:58:10 DEBUG [t1] "TestVolatile":15: 13
2020-12-19 20:58:10 DEBUG [t1] "TestVolatile":15: 13
2020-12-19 20:58:10 DEBUG [t1] "TestVolatile":15: 13
2020-12-19 20:58:10 DEBUG [t1] "TestVolatile":15: 13
2020-12-19 20:58:10 DEBUG [t1] "TestVolatile":15: 13
2020-12-19 20:58:10 DEBUG [t1] "TestVolatile":15: 13
2020-12-19 20:58:10 DEBUG [t1] "TestVolatile":15: 13
2020-12-19 20:58:10 DEBUG [t1] "TestVolatile":15: 13
2020-12-19 20:58:10 DEBUG [t1] "TestVolatile":15: 13
2020-12-19 20:58:10 DEBUG [t1] "TestVolatile":15: 13
2020-12-19 20:58:10 DEBUG [t1] "TestVolatile":15: 13
2020-12-19 20:58:10 DEBUG [t1] "TestVolatile":15: 13
2020-12-19 20:58:10 DEBUG [t1] "TestVolatile":15: 13
2020-12-19 20:58:10 DEBUG [t1] "TestVolatile":15: 13
2020-12-19 20:58:10 DEBUG [t1] "TestVolatile":15: 13
2020-12-19 20:58:10 DEBUG [t1] "TestVolatile":15: 13
2020-12-19 20:58:10 DEBUG [t1] "TestVolatile":15: 13
2020-12-19 20:58:10 DEBUG [t1] "TestVolatile":15: 13
2020-12-19 20:58:10 DEBUG [t1] "TestVolatile":15: 13
2020-12-19 20:58:10 DEBUG [t1] "TestVolatile":15: 13
2020-12-19 20:58:10 DEBUG [t1] "TestVolatile":15: 13
2020-12-19 20:58:10 DEBUG [t1] "TestVolatile":15: 13
2020-12-19 20:58:10 DEBUG [t1] "TestVolatile":15: 13
2020-12-19 20:58:10 DEBUG [t1] "TestVolatile":15: 13
2020-12-19 20:58:10 DEBUG [t1] "TestVolatile":15: 13
2020-12-19 20:58:10 DEBUG [t1] "TestVolatile":15: 13
2020-12-19 20:58:10 DEBUG [t1] "TestVolatile":15: 13
2020-12-19 20:58:10 DEBUG [t1] "TestVolatile":15: 13
2020-12-19 20:58:10 DEBUG [t1] "TestVolatile":15: 13
2020-12-19 20:58:10 DEBUG [t1] "TestVolatile":15: 13
2020-12-19 20:58:10 DEBUG [t1] "TestVolatile":15: 13
2020-12-19 20:58:10 DEBUG [t1] "TestVolatile":15: 13
2020-12-19 20:58:10 DEBUG [t1] "TestVolatile":15: 13
2020-12-19 20:58:10 DEBUG [t1] "TestVolatile":15: 13
2020-12-19 20:58:10 DEBUG [t1] "TestVolatile":15: 13
2020-12-19 20:58:10 DEBUG [t1] "TestVolatile":15: 13
2020-12-19 20:58:10 DEBUG [t1] "TestVolatile":15: 13
2020-12-19 20:58:10 DEBUG [t1] "TestVolatile":15: 13
2020-12-19 20:58:10 DEBUG [t1] "TestVolatile":15: 13
2020-12-19 20:58:10 DEBUG [t1] "TestVolatile":15: 13
2020-12-19 20:58:10 DEBUG [t1] "TestVolatile":15: 13
2020-12-19 20:58:10 DEBUG [t1] "TestVolatile":15: 13
2020-12-19 20:58:10 DEBUG [t1] "TestVolatile":15: 13
2020-12-19 20:58:10 DEBUG [t1] "TestVolatile":15: 13
2020-12-19 20:58:10 DEBUG [t1] "TestVolatile":15: 13
2020-12-19 20:58:10 DEBUG [t1] "TestVolatile":15: 13
2020-12-19 20:58:10 DEBUG [t1] "TestVolatile":15: 13
2020-12-19 20:58:10 DEBUG [t1] "TestVolatile":15: 13
2020-12-19 20:58:10 DEBUG [t1] "TestVolatile":15: 13
2020-12-19 20:58:10 DEBUG [t1] "TestVolatile":15: 13
2020-12-19 20:58:10 DEBUG [t1] "TestVolatile":15: 13
2020-12-19 20:58:10 DEBUG [t1] "TestVolatile":15: 13
2020-12-19 20:58:10 DEBUG [t1] "TestVolatile":15: 13
2020-12-19 20:58:10 DEBUG [t1] "TestVolatile":15: 13
2020-12-19 20:58:10 DEBUG [t1] "TestVolatile":15: 13
2020-12-19 20:58:10 DEBUG [t1] "TestVolatile":15: 13
2020-12-19 20:58:10 DEBUG [t1] "TestVolatile":15: 13
2020-12-19 20:58:10 DEBUG [t1] "TestVolatile":15: 13
2020-12-19 20:58:10 DEBUG [t1] "TestVolatile":15: 13
2020-12-19 20:58:10 DEBUG [t1] "TestVolatile":15: 13
2020-12-19 20:58:10 DEBUG [t1] "TestVolatile":15: 13
2020-12-19 20:58:10 DEBUG [t1] "TestVolatile":15: 13
2020-12-19 20:58:10 DEBUG [t1] "TestVolatile":15: 13
2020-12-19 20:58:10 DEBUG [t1] "TestVolatile":15: 13
2020-12-19 20:58:10 DEBUG [t1] "TestVolatile":15: 13
2020-12-19 20:58:10 DEBUG [t1] "TestVolatile":15: 13
2020-12-19 20:58:10 DEBUG [t1] "TestVolatile":15: 13
2020-12-19 20:58:10 DEBUG [t1] "TestVolatile":15: 13
2020-12-19 20:58:10 DEBUG [t1] "TestVolatile":15: 13
2020-12-19 20:58:10 DEBUG [t1] "TestVolatile":15: 13
2020-12-19 20:58:10 DEBUG [t1] "TestVolatile":15: 13
2020-12-19 20:58:10 DEBUG [t1] "TestVolatile":15: 13
2020-12-19 20:58:10 DEBUG [t1] "TestVolatile":15: 13
2020-12-19 20:58:10 DEBUG [t1] "TestVolatile":15: 13
2020-12-19 20:58:10 DEBUG [t1] "TestVolatile":15: 13
2020-12-19 20:58:10 DEBUG [t1] "TestVolatile":15: 13
2020-12-19 20:58:10 DEBUG [t1] "TestVolatile":15: 13
2020-12-19 20:58:10 DEBUG [t1] "TestVolatile":15: 13
2020-12-19 20:58:10 DEBUG [t1] "TestVolatile":15: 13
2020-12-19 20:58:10 DEBUG [t1] "TestVolatile":15: 13
2020-12-19 20:58:10 DEBUG [t1] "TestVolatile":15: 13
2020-12-19 20:58:10 DEBUG [t1] "TestVolatile":15: 13
2020-12-19 20:58:10 DEBUG [t1] "TestVolatile":15: 13
2020-12-19 20:58:10 DEBUG [t1] "TestVolatile":15: 13
2020-12-19 20:58:10 DEBUG [t1] "TestVolatile":15: 13
2020-12-19 20:58:10 DEBUG [t1] "TestVolatile":15: 13
2020-12-19 20:58:10 DEBUG [t1] "TestVolatile":15: 13
2020-12-19 20:58:10 DEBUG [t1] "TestVolatile":15: 13
2020-12-19 20:58:10 DEBUG [t1] "TestVolatile":15: 13
2020-12-19 20:58:10 DEBUG [t1] "TestVolatile":15: 13
2020-12-19 20:58:10 DEBUG [t1] "TestVolatile":15: 13
2020-12-19 20:58:10 DEBUG [t1] "TestVolatile":15: 13
2020-12-19 20:58:10 DEBUG [t1] "TestVolatile":15: 13
2020-12-19 20:58:10 DEBUG [t1] "TestVolatile":15: 13
2020-12-19 20:58:10 DEBUG [t1] "TestVolatile":15: 13
2020-12-19 20:58:10 DEBUG [t1] "TestVolatile":15: 13
2020-12-19 20:58:10 DEBUG [t1] "TestVolatile":15: 13
2020-12-19 20:58:10 DEBUG [t1] "TestVolatile":15: 13
2020-12-19 20:58:10 DEBUG [t1] "TestVolatile":15: 13
2020-12-19 20:58:10 DEBUG [t1] "TestVolatile":15: 13
2020-12-19 20:58:10 DEBUG [t1] "TestVolatile":15: 13
2020-12-19 20:58:10 DEBUG [t1] "TestVolatile":15: 13
2020-12-19 20:58:10 DEBUG [t1] "TestVolatile":15: 13
2020-12-19 20:58:10 DEBUG [t1] "TestVolatile":15: 13
2020-12-19 20:58:10 DEBUG [t1] "TestVolatile":15: 13
2020-12-19 20:58:10 DEBUG [t1] "TestVolatile":15: 13
2020-12-19 20:58:10 DEBUG [t1] "TestVolatile":15: 13
2020-12-19 20:58:10 DEBUG [t1] "TestVolatile":15: 13
2020-12-19 20:58:10 DEBUG [t1] "TestVolatile":15: 13
2020-12-19 20:58:10 DEBUG [t1] "TestVolatile":15: 13
2020-12-19 20:58:10 DEBUG [t1] "TestVolatile":15: 13
2020-12-19 20:58:10 DEBUG [t1] "TestVolatile":15: 13
2020-12-19 20:58:10 DEBUG [t1] "TestVolatile":15: 13
2020-12-19 20:58:10 DEBUG [t1] "TestVolatile":15: 13
2020-12-19 20:58:10 DEBUG [t1] "TestVolatile":15: 13
2020-12-19 20:58:10 DEBUG [t1] "TestVolatile":15: 13
2020-12-19 20:58:10 DEBUG [t1] "TestVolatile":15: 13
2020-12-19 20:58:10 DEBUG [t1] "TestVolatile":15: 13
2020-12-19 20:58:10 DEBUG [t1] "TestVolatile":15: 13
2020-12-19 20:58:10 DEBUG [t1] "TestVolatile":15: 13
2020-12-19 20:58:10 DEBUG [t1] "TestVolatile":15: 13
2020-12-19 20:58:10 DEBUG [t1] "TestVolatile":15: 13
2020-12-19 20:58:10 DEBUG [t1] "TestVolatile":15: 13
2020-12-19 20:58:10 DEBUG [t1] "TestVolatile":15: 13
2020-12-19 20:58:10 DEBUG [t1] "TestVolatile":15: 13
2020-12-19 20:58:10 DEBUG [t1] "TestVolatile":15: 13
2020-12-19 20:58:10 DEBUG [t1] "TestVolatile":15: 13
2020-12-19 20:58:10 DEBUG [t1] "TestVolatile":15: 13
2020-12-19 20:58:10 DEBUG [t1] "TestVolatile":15: 13
2020-12-19 20:58:10 DEBUG [t1] "TestVolatile":15: 13
2020-12-19 20:58:10 DEBUG [t1] "TestVolatile":15: 13
2020-12-19 20:58:10 DEBUG [t1] "TestVolatile":15: 13
2020-12-19 20:58:10 DEBUG [t1] "TestVolatile":15: 13
2020-12-19 20:58:10 DEBUG [t1] "TestVolatile":15: 13
2020-12-19 20:58:10 DEBUG [t1] "TestVolatile":15: 13
2020-12-19 20:58:10 DEBUG [t1] "TestVolatile":15: 13
2020-12-19 20:58:10 DEBUG [t1] "TestVolatile":15: 13
2020-12-19 20:58:10 DEBUG [t1] "TestVolatile":15: 13
2020-12-19 20:58:10 DEBUG [t1] "TestVolatile":15: 13
2020-12-19 20:58:10 DEBUG [t1] "TestVolatile":15: 13
2020-12-19 20:58:10 DEBUG [t1] "TestVolatile":15: 13
2020-12-19 20:58:10 DEBUG [t1] "TestVolatile":15: 13
2020-12-19 20:58:10 DEBUG [t1] "TestVolatile":15: 13
2020-12-19 20:58:10 DEBUG [t1] "TestVolatile":15: 13
2020-12-19 20:58:10 DEBUG [t1] "TestVolatile":15: 13
2020-12-19 20:58:10 DEBUG [t1] "TestVolatile":15: 13
2020-12-19 20:58:10 DEBUG [t1] "TestVolatile":15: 13
2020-12-19 20:58:10 DEBUG [t1] "TestVolatile":15: 13
2020-12-19 20:58:10 DEBUG [t1] "TestVolatile":15: 13
2020-12-19 20:58:10 DEBUG [t1] "TestVolatile":15: 13
2020-12-19 20:58:10 DEBUG [t1] "TestVolatile":15: 13
2020-12-19 20:58:10 DEBUG [t1] "TestVolatile":15: 13
2020-12-19 20:58:10 DEBUG [t1] "TestVolatile":15: 13
2020-12-19 20:58:10 DEBUG [t1] "TestVolatile":15: 13
2020-12-19 20:58:10 DEBUG [t1] "TestVolatile":15: 13
2020-12-19 20:58:10 DEBUG [t1] "TestVolatile":15: 13
2020-12-19 20:58:10 DEBUG [t1] "TestVolatile":15: 13
2020-12-19 20:58:10 DEBUG [t1] "TestVolatile":15: 13
2020-12-19 20:58:10 DEBUG [t1] "TestVolatile":15: 13
2020-12-19 20:58:10 DEBUG [t1] "TestVolatile":15: 13
2020-12-19 20:58:10 DEBUG [t1] "TestVolatile":15: 13
2020-12-19 20:58:10 DEBUG [t1] "TestVolatile":15: 13
2020-12-19 20:58:10 DEBUG [t1] "TestVolatile":15: 13
2020-12-19 20:58:10 DEBUG [t1] "TestVolatile":15: 13
2020-12-19 20:58:10 DEBUG [t1] "TestVolatile":15: 13
2020-12-19 20:58:10 DEBUG [t1] "TestVolatile":15: 13
2020-12-19 20:58:10 DEBUG [t1] "TestVolatile":15: 13
2020-12-19 20:58:10 DEBUG [t1] "TestVolatile":15: 13
2020-12-19 20:58:10 DEBUG [t1] "TestVolatile":15: 13
2020-12-19 20:58:10 DEBUG [t1] "TestVolatile":15: 13
2020-12-19 20:58:10 DEBUG [t1] "TestVolatile":15: 13
2020-12-19 20:58:10 DEBUG [t1] "TestVolatile":15: 13
2020-12-19 20:58:10 DEBUG [t1] "TestVolatile":15: 13
2020-12-19 20:58:10 DEBUG [t1] "TestVolatile":15: 13
2020-12-19 20:58:10 DEBUG [t1] "TestVolatile":15: 13
2020-12-19 20:58:10 DEBUG [t1] "TestVolatile":15: 13
2020-12-19 20:58:10 DEBUG [t1] "TestVolatile":15: 13
2020-12-19 20:58:10 DEBUG [t1] "TestVolatile":15: 13
2020-12-19 20:58:10 DEBUG [t1] "TestVolatile":15: 13
2020-12-19 20:58:10 DEBUG [t1] "TestVolatile":15: 13
2020-12-19 20:58:10 DEBUG [t1] "TestVolatile":15: 13
2020-12-19 20:58:10 DEBUG [t1] "TestVolatile":15: 13
2020-12-19 20:58:10 DEBUG [t1] "TestVolatile":15: 13
2020-12-19 20:58:10 DEBUG [t1] "TestVolatile":15: 13
2020-12-19 20:58:10 DEBUG [t1] "TestVolatile":15: 13
2020-12-19 20:58:10 DEBUG [t1] "TestVolatile":15: 13
2020-12-19 20:58:10 DEBUG [t1] "TestVolatile":15: 13
2020-12-19 20:58:10 DEBUG [t1] "TestVolatile":15: 13
2020-12-19 20:58:10 DEBUG [t1] "TestVolatile":15: 13
2020-12-19 20:58:10 DEBUG [t1] "TestVolatile":15: 13
2020-12-19 20:58:10 DEBUG [t1] "TestVolatile":15: 13
2020-12-19 20:58:10 DEBUG [t1] "TestVolatile":15: 13
2020-12-19 20:58:10 DEBUG [t1] "TestVolatile":15: 13
2020-12-19 20:58:10 DEBUG [t1] "TestVolatile":15: 13
2020-12-19 20:58:10 DEBUG [t1] "TestVolatile":15: 13
2020-12-19 20:58:10 DEBUG [t1] "TestVolatile":15: 13
2020-12-19 20:58:10 DEBUG [t1] "TestVolatile":15: 13
2020-12-19 20:58:10 DEBUG [t1] "TestVolatile":15: 13
2020-12-19 20:58:10 DEBUG [t1] "TestVolatile":15: 13
2020-12-19 20:58:10 DEBUG [t1] "TestVolatile":15: 13
2020-12-19 20:58:10 DEBUG [t1] "TestVolatile":15: 13
2020-12-19 20:58:10 DEBUG [t1] "TestVolatile":15: 13
2020-12-19 20:58:10 DEBUG [t1] "TestVolatile":15: 13
2020-12-19 20:58:10 DEBUG [t1] "TestVolatile":15: 13
2020-12-19 20:58:10 DEBUG [t1] "TestVolatile":15: 13
2020-12-19 20:58:10 DEBUG [t1] "TestVolatile":15: 13
2020-12-19 20:58:10 DEBUG [t1] "TestVolatile":15: 13
2020-12-19 20:58:10 DEBUG [t1] "TestVolatile":15: 13
2020-12-19 20:58:10 DEBUG [t1] "TestVolatile":15: 13
2020-12-19 20:58:10 DEBUG [t1] "TestVolatile":15: 13
2020-12-19 20:58:10 DEBUG [t1] "TestVolatile":15: 13
2020-12-19 20:58:10 DEBUG [t1] "TestVolatile":15: 13
2020-12-19 20:58:10 DEBUG [t1] "TestVolatile":15: 13
2020-12-19 20:58:10 DEBUG [t1] "TestVolatile":15: 13
2020-12-19 20:58:10 DEBUG [t1] "TestVolatile":15: 13
2020-12-19 20:58:10 DEBUG [t1] "TestVolatile":15: 13
2020-12-19 20:58:10 DEBUG [t1] "TestVolatile":15: 13
2020-12-19 20:58:10 DEBUG [t1] "TestVolatile":15: 13
2020-12-19 20:58:10 DEBUG [t1] "TestVolatile":15: 13
2020-12-19 20:58:10 DEBUG [t1] "TestVolatile":15: 13
2020-12-19 20:58:10 DEBUG [t1] "TestVolatile":15: 13
2020-12-19 20:58:10 DEBUG [t1] "TestVolatile":15: 13
2020-12-19 20:58:10 DEBUG [t1] "TestVolatile":15: 13
2020-12-19 20:58:10 DEBUG [t1] "TestVolatile":15: 13
2020-12-19 20:58:10 DEBUG [t1] "TestVolatile":15: 13
2020-12-19 20:58:10 DEBUG [t1] "TestVolatile":15: 13
2020-12-19 20:58:10 DEBUG [t1] "TestVolatile":15: 13
2020-12-19 20:58:10 DEBUG [t1] "TestVolatile":15: 13
2020-12-19 20:58:10 DEBUG [t1] "TestVolatile":15: 13
2020-12-19 20:58:10 DEBUG [t1] "TestVolatile":15: 13
2020-12-19 20:58:10 DEBUG [t1] "TestVolatile":15: 13
2020-12-19 20:58:10 DEBUG [t1] "TestVolatile":15: 13
2020-12-19 20:58:10 DEBUG [t1] "TestVolatile":15: 13
2020-12-19 20:58:10 DEBUG [t1] "TestVolatile":15: 13
2020-12-19 20:58:10 DEBUG [t1] "TestVolatile":15: 13
2020-12-19 20:58:10 DEBUG [t1] "TestVolatile":15: 13
2020-12-19 20:58:10 DEBUG [t1] "TestVolatile":15: 13
2020-12-19 20:58:10 DEBUG [t1] "TestVolatile":15: 13
2020-12-19 20:58:10 DEBUG [t1] "TestVolatile":15: 13
2020-12-19 20:58:10 DEBUG [t1] "TestVolatile":15: 13
2020-12-19 20:58:10 DEBUG [t1] "TestVolatile":15: 13
2020-12-19 20:58:10 DEBUG [t1] "TestVolatile":15: 13
2020-12-19 20:58:10 DEBUG [t1] "TestVolatile":15: 13
2020-12-19 20:58:10 DEBUG [t1] "TestVolatile":15: 13
2020-12-19 20:58:10 DEBUG [t1] "TestVolatile":15: 13
2020-12-19 20:58:10 DEBUG [t1] "TestVolatile":15: 13
2020-12-19 20:58:10 DEBUG [t1] "TestVolatile":15: 13
2020-12-19 20:58:10 DEBUG [t1] "TestVolatile":15: 13
2020-12-19 20:58:10 DEBUG [t1] "TestVolatile":15: 13
2020-12-19 20:58:10 DEBUG [t1] "TestVolatile":15: 13
2020-12-19 20:58:10 DEBUG [t1] "TestVolatile":15: 13
2020-12-19 20:58:10 DEBUG [t1] "TestVolatile":15: 13
2020-12-19 20:58:10 DEBUG [t1] "TestVolatile":15: 13
2020-12-19 20:58:10 DEBUG [t1] "TestVolatile":15: 13
2020-12-19 20:58:10 DEBUG [t1] "TestVolatile":15: 13
2020-12-19 20:58:10 DEBUG [t1] "TestVolatile":15: 13
2020-12-19 20:58:10 DEBUG [t1] "TestVolatile":15: 13
2020-12-19 20:58:10 DEBUG [t1] "TestVolatile":15: 13
2020-12-19 20:58:10 DEBUG [t1] "TestVolatile":15: 13
2020-12-19 20:58:10 DEBUG [t1] "TestVolatile":15: 13
2020-12-19 20:58:10 DEBUG [t1] "TestVolatile":15: 13
2020-12-19 20:58:10 DEBUG [t1] "TestVolatile":15: 13
2020-12-19 20:58:10 DEBUG [t1] "TestVolatile":15: 13
2020-12-19 20:58:10 DEBUG [t1] "TestVolatile":15: 13
2020-12-19 20:58:10 DEBUG [t1] "TestVolatile":15: 13
2020-12-19 20:58:10 DEBUG [t1] "TestVolatile":15: 13
2020-12-19 20:58:10 DEBUG [t1] "TestVolatile":15: 13
2020-12-19 20:58:10 DEBUG [t1] "TestVolatile":15: 13
2020-12-19 20:58:10 DEBUG [t1] "TestVolatile":15: 13
2020-12-19 20:58:10 DEBUG [t1] "TestVolatile":15: 13
2020-12-19 20:58:10 DEBUG [t1] "TestVolatile":15: 13
2020-12-19 20:58:10 DEBUG [t1] "TestVolatile":15: 13
2020-12-19 20:58:10 DEBUG [t1] "TestVolatile":15: 13
2020-12-19 20:58:10 DEBUG [t1] "TestVolatile":15: 13
2020-12-19 20:58:10 DEBUG [t1] "TestVolatile":15: 13
2020-12-19 20:58:10 DEBUG [t1] "TestVolatile":15: 13
2020-12-19 20:58:10 DEBUG [t1] "TestVolatile":15: 13
2020-12-19 20:58:10 DEBUG [t1] "TestVolatile":15: 13
2020-12-19 20:58:10 DEBUG [t1] "TestVolatile":15: 13
2020-12-19 20:58:10 DEBUG [t1] "TestVolatile":15: 13
2020-12-19 20:58:10 DEBUG [t1] "TestVolatile":15: 13
2020-12-19 20:58:10 DEBUG [t1] "TestVolatile":15: 13
2020-12-19 20:58:10 DEBUG [t1] "TestVolatile":15: 13
2020-12-19 20:58:10 DEBUG [t1] "TestVolatile":15: 13
2020-12-19 20:58:10 DEBUG [t1] "TestVolatile":15: 13
2020-12-19 20:58:10 DEBUG [t1] "TestVolatile":15: 13
2020-12-19 20:58:10 DEBUG [t1] "TestVolatile":15: 13
2020-12-19 20:58:10 DEBUG [t1] "TestVolatile":15: 13
2020-12-19 20:58:10 DEBUG [t1] "TestVolatile":15: 13
2020-12-19 20:58:10 DEBUG [t1] "TestVolatile":15: 13
2020-12-19 20:58:10 DEBUG [t1] "TestVolatile":15: 13
2020-12-19 20:58:10 DEBUG [t1] "TestVolatile":15: 13
2020-12-19 20:58:10 DEBUG [t1] "TestVolatile":15: 13
2020-12-19 20:58:10 DEBUG [t1] "TestVolatile":15: 13
2020-12-19 20:58:10 DEBUG [t1] "TestVolatile":15: 13
2020-12-19 20:58:10 DEBUG [t1] "TestVolatile":15: 13
2020-12-19 20:58:10 DEBUG [t1] "TestVolatile":15: 13
2020-12-19 20:58:10 DEBUG [t1] "TestVolatile":15: 13
2020-12-19 20:58:10 DEBUG [t1] "TestVolatile":15: 13
2020-12-19 20:58:10 DEBUG [t1] "TestVolatile":15: 13
2020-12-19 20:58:10 DEBUG [t1] "TestVolatile":15: 13
2020-12-19 20:58:10 DEBUG [t1] "TestVolatile":15: 13
2020-12-19 20:58:10 DEBUG [t1] "TestVolatile":15: 13
2020-12-19 20:58:10 DEBUG [t1] "TestVolatile":15: 13
2020-12-19 20:58:10 DEBUG [t1] "TestVolatile":15: 13
2020-12-19 20:58:10 DEBUG [t1] "TestVolatile":15: 13
2020-12-19 20:58:10 DEBUG [t1] "TestVolatile":15: 13
2020-12-19 20:58:10 DEBUG [t1] "TestVolatile":15: 13
2020-12-19 20:58:10 DEBUG [t1] "TestVolatile":15: 13
2020-12-19 20:58:10 DEBUG [t1] "TestVolatile":15: 13
2020-12-19 20:58:10 DEBUG [t1] "TestVolatile":15: 13
2020-12-19 20:58:10 DEBUG [t1] "TestVolatile":15: 13
2020-12-19 20:58:10 DEBUG [t1] "TestVolatile":15: 13
2020-12-19 20:58:10 DEBUG [t1] "TestVolatile":15: 13
2020-12-19 20:58:10 DEBUG [t1] "TestVolatile":15: 13
2020-12-19 20:58:10 DEBUG [t1] "TestVolatile":15: 13
2020-12-19 20:58:10 DEBUG [t1] "TestVolatile":15: 13
2020-12-19 20:58:10 DEBUG [t1] "TestVolatile":15: 13
2020-12-19 20:58:10 DEBUG [t1] "TestVolatile":15: 13
2020-12-19 20:58:10 DEBUG [t1] "TestVolatile":15: 13
2020-12-19 20:58:10 DEBUG [t1] "TestVolatile":15: 13
2020-12-19 20:58:10 DEBUG [t1] "TestVolatile":15: 13
2020-12-19 20:58:10 DEBUG [t1] "TestVolatile":15: 13
2020-12-19 20:58:10 DEBUG [t1] "TestVolatile":15: 13
2020-12-19 20:58:10 DEBUG [t1] "TestVolatile":15: 13
2020-12-19 20:58:10 DEBUG [t1] "TestVolatile":15: 13
2020-12-19 20:58:10 DEBUG [t1] "TestVolatile":15: 13
2020-12-19 20:58:10 DEBUG [t1] "TestVolatile":15: 13
2020-12-19 20:58:10 DEBUG [t1] "TestVolatile":15: 13
2020-12-19 20:58:10 DEBUG [t1] "TestVolatile":15: 13
2020-12-19 20:58:10 DEBUG [t1] "TestVolatile":15: 13
2020-12-19 20:58:10 DEBUG [t1] "TestVolatile":15: 13
2020-12-19 20:58:10 DEBUG [t1] "TestVolatile":15: 13
2020-12-19 20:58:10 DEBUG [t1] "TestVolatile":15: 13
2020-12-19 20:58:10 DEBUG [t1] "TestVolatile":15: 13
2020-12-19 20:58:10 DEBUG [t1] "TestVolatile":15: 13
2020-12-19 20:58:10 DEBUG [t1] "TestVolatile":15: 13
2020-12-19 20:58:10 DEBUG [t1] "TestVolatile":15: 13
2020-12-19 20:58:10 DEBUG [t1] "TestVolatile":15: 13
2020-12-19 20:58:10 DEBUG [t1] "TestVolatile":15: 13
2020-12-19 20:58:10 DEBUG [t1] "TestVolatile":15: 13
2020-12-19 20:58:10 DEBUG [t1] "TestVolatile":15: 13
2020-12-19 20:58:10 DEBUG [t1] "TestVolatile":15: 13
2020-12-19 20:58:10 DEBUG [t1] "TestVolatile":15: 13
2020-12-19 20:58:10 DEBUG [t1] "TestVolatile":15: 13
2020-12-19 20:58:10 DEBUG [t1] "TestVolatile":15: 13
2020-12-19 20:58:10 DEBUG [t1] "TestVolatile":15: 13
2020-12-19 20:58:10 DEBUG [t1] "TestVolatile":15: 13
2020-12-19 20:58:10 DEBUG [t1] "TestVolatile":15: 13
2020-12-19 20:58:10 DEBUG [t1] "TestVolatile":15: 13
2020-12-19 20:58:10 DEBUG [t1] "TestVolatile":15: 13
2020-12-19 20:58:10 DEBUG [t1] "TestVolatile":15: 13
2020-12-19 20:58:10 DEBUG [t1] "TestVolatile":15: 13
2020-12-19 20:58:10 DEBUG [t1] "TestVolatile":15: 13
2020-12-19 20:58:10 DEBUG [t1] "TestVolatile":15: 13
2020-12-19 20:58:10 DEBUG [t1] "TestVolatile":15: 13
2020-12-19 20:58:10 DEBUG [t1] "TestVolatile":15: 13
2020-12-19 20:58:10 DEBUG [t1] "TestVolatile":15: 13
2020-12-19 20:58:10 DEBUG [t1] "TestVolatile":15: 13
2020-12-19 20:58:10 DEBUG [t1] "TestVolatile":15: 13
2020-12-19 20:58:10 DEBUG [t1] "TestVolatile":15: 13
2020-12-19 20:58:10 DEBUG [t1] "TestVolatile":15: 13
2020-12-19 20:58:10 DEBUG [t1] "TestVolatile":15: 13
2020-12-19 20:58:10 DEBUG [t1] "TestVolatile":15: 13
2020-12-19 20:58:10 DEBUG [t1] "TestVolatile":15: 13
2020-12-19 20:58:10 DEBUG [t1] "TestVolatile":15: 13
2020-12-19 20:58:10 DEBUG [t1] "TestVolatile":15: 13
2020-12-19 20:58:10 DEBUG [t1] "TestVolatile":15: 13
2020-12-19 20:58:10 DEBUG [t1] "TestVolatile":15: 13
2020-12-19 20:58:10 DEBUG [t1] "TestVolatile":15: 13
2020-12-19 20:58:10 DEBUG [t1] "TestVolatile":15: 13
2020-12-19 20:58:10 DEBUG [t1] "TestVolatile":15: 13
2020-12-19 20:58:10 DEBUG [t1] "TestVolatile":15: 13
2020-12-19 20:58:10 DEBUG [t1] "TestVolatile":15: 13
2020-12-19 20:58:10 DEBUG [t1] "TestVolatile":15: 13
2020-12-19 20:58:10 DEBUG [t1] "TestVolatile":15: 13
2020-12-19 20:58:10 DEBUG [t1] "TestVolatile":15: 13
2020-12-19 20:58:10 DEBUG [t1] "TestVolatile":15: 13
2020-12-19 20:58:10 DEBUG [t1] "TestVolatile":15: 13
2020-12-19 20:58:10 DEBUG [t1] "TestVolatile":15: 13
2020-12-19 20:58:10 DEBUG [t1] "TestVolatile":15: 13
2020-12-19 20:58:10 DEBUG [t1] "TestVolatile":15: 13
2020-12-19 20:58:10 DEBUG [t1] "TestVolatile":15: 13
2020-12-19 20:58:10 DEBUG [t1] "TestVolatile":15: 13
2020-12-19 20:58:10 DEBUG [t1] "TestVolatile":15: 13
2020-12-19 20:58:10 DEBUG [t1] "TestVolatile":15: 13
2020-12-19 20:58:10 DEBUG [t1] "TestVolatile":15: 13
2020-12-19 20:58:10 DEBUG [t1] "TestVolatile":15: 13
2020-12-19 20:58:10 DEBUG [t1] "TestVolatile":15: 13
2020-12-19 20:58:10 DEBUG [t1] "TestVolatile":15: 13
2020-12-19 20:58:10 DEBUG [t1] "TestVolatile":15: 13
2020-12-19 20:58:10 DEBUG [t1] "TestVolatile":15: 13
2020-12-19 20:58:10 DEBUG [t1] "TestVolatile":15: 13
2020-12-19 20:58:10 DEBUG [t1] "TestVolatile":15: 13
2020-12-19 20:58:10 DEBUG [t1] "TestVolatile":15: 13
2020-12-19 20:58:10 DEBUG [t1] "TestVolatile":15: 13
2020-12-19 20:58:10 DEBUG [t1] "TestVolatile":15: 13
2020-12-19 20:58:10 DEBUG [t1] "TestVolatile":15: 13
2020-12-19 20:58:10 DEBUG [t1] "TestVolatile":15: 13
2020-12-19 20:58:10 DEBUG [t1] "TestVolatile":15: 13
2020-12-19 20:58:10 DEBUG [t1] "TestVolatile":15: 13
2020-12-19 20:58:10 DEBUG [t1] "TestVolatile":15: 13
2020-12-19 20:58:10 DEBUG [t1] "TestVolatile":15: 13
2020-12-19 20:58:10 DEBUG [t1] "TestVolatile":15: 13
2020-12-19 20:58:10 DEBUG [t1] "TestVolatile":15: 13
2020-12-19 20:58:10 DEBUG [t1] "TestVolatile":15: 13
2020-12-19 20:58:10 DEBUG [t1] "TestVolatile":15: 13
2020-12-19 20:58:10 DEBUG [t1] "TestVolatile":15: 13
2020-12-19 20:58:10 DEBUG [t1] "TestVolatile":15: 13
2020-12-19 20:58:10 DEBUG [t1] "TestVolatile":15: 13
2020-12-19 20:58:10 DEBUG [t1] "TestVolatile":15: 13
2020-12-19 20:58:10 DEBUG [t1] "TestVolatile":15: 13
2020-12-19 20:58:10 DEBUG [t1] "TestVolatile":15: 13
2020-12-19 20:58:10 DEBUG [t1] "TestVolatile":15: 13
2020-12-19 20:58:10 DEBUG [t1] "TestVolatile":15: 13
2020-12-19 20:58:10 DEBUG [t1] "TestVolatile":15: 13
2020-12-19 20:58:10 DEBUG [t1] "TestVolatile":15: 13
2020-12-19 20:58:10 DEBUG [t1] "TestVolatile":15: 13
2020-12-19 20:58:10 DEBUG [t1] "TestVolatile":15: 13
2020-12-19 20:58:10 DEBUG [t1] "TestVolatile":15: 13
2020-12-19 20:58:10 DEBUG [t1] "TestVolatile":15: 13
2020-12-19 20:58:10 DEBUG [t1] "TestVolatile":15: 13
2020-12-19 20:58:10 DEBUG [t1] "TestVolatile":15: 13
2020-12-19 20:58:10 DEBUG [t1] "TestVolatile":15: 13
2020-12-19 20:58:10 DEBUG [t1] "TestVolatile":15: 13
2020-12-19 20:58:10 DEBUG [t1] "TestVolatile":15: 13
2020-12-19 20:58:10 DEBUG [t1] "TestVolatile":15: 13
2020-12-19 20:58:10 DEBUG [t1] "TestVolatile":15: 13
2020-12-19 20:58:10 DEBUG [t1] "TestVolatile":15: 13
2020-12-19 20:58:10 DEBUG [t1] "TestVolatile":15: 13
2020-12-19 20:58:10 DEBUG [t1] "TestVolatile":15: 13
2020-12-19 20:58:10 DEBUG [t1] "TestVolatile":15: 13
2020-12-19 20:58:10 DEBUG [t1] "TestVolatile":15: 13
2020-12-19 20:58:10 DEBUG [t1] "TestVolatile":15: 13
2020-12-19 20:58:10 DEBUG [t1] "TestVolatile":15: 13
2020-12-19 20:58:10 DEBUG [t1] "TestVolatile":15: 13
2020-12-19 20:58:10 DEBUG [t1] "TestVolatile":15: 13
2020-12-19 20:58:10 DEBUG [t1] "TestVolatile":15: 13
2020-12-19 20:58:10 DEBUG [t1] "TestVolatile":15: 13
2020-12-19 20:58:10 DEBUG [t1] "TestVolatile":15: 13
2020-12-19 20:58:10 DEBUG [t1] "TestVolatile":15: 13
2020-12-19 20:58:10 DEBUG [t1] "TestVolatile":15: 13
2020-12-19 20:58:10 DEBUG [t1] "TestVolatile":15: 13
2020-12-19 20:58:10 DEBUG [t1] "TestVolatile":15: 13
2020-12-19 20:58:10 DEBUG [t1] "TestVolatile":15: 13
2020-12-19 20:58:10 DEBUG [t1] "TestVolatile":15: 13
2020-12-19 20:58:10 DEBUG [t1] "TestVolatile":15: 13
2020-12-19 20:58:10 DEBUG [t1] "TestVolatile":15: 13
2020-12-19 20:58:10 DEBUG [t1] "TestVolatile":15: 13
2020-12-19 20:58:10 DEBUG [t1] "TestVolatile":15: 13
2020-12-19 20:58:10 DEBUG [t1] "TestVolatile":15: 13
2020-12-19 20:58:10 DEBUG [t1] "TestVolatile":15: 13
2020-12-19 20:58:10 DEBUG [t1] "TestVolatile":15: 13
2020-12-19 20:58:10 DEBUG [t1] "TestVolatile":15: 13
2020-12-19 20:58:10 DEBUG [t1] "TestVolatile":15: 13
2020-12-19 20:58:10 DEBUG [t1] "TestVolatile":15: 13
2020-12-19 20:58:10 DEBUG [t1] "TestVolatile":15: 13
2020-12-19 20:58:10 DEBUG [t1] "TestVolatile":15: 13
2020-12-19 20:58:10 DEBUG [t1] "TestVolatile":15: 13
2020-12-19 20:58:10 DEBUG [t1] "TestVolatile":15: 13
2020-12-19 20:58:10 DEBUG [t1] "TestVolatile":15: 13
2020-12-19 20:58:10 DEBUG [t1] "TestVolatile":15: 13
2020-12-19 20:58:10 DEBUG [t1] "TestVolatile":15: 13
2020-12-19 20:58:10 DEBUG [t1] "TestVolatile":15: 13
2020-12-19 20:58:10 DEBUG [t1] "TestVolatile":15: 13
2020-12-19 20:58:10 DEBUG [t1] "TestVolatile":15: 13
2020-12-19 20:58:10 DEBUG [t1] "TestVolatile":15: 13
2020-12-19 20:58:10 DEBUG [t1] "TestVolatile":15: 13
2020-12-19 20:58:10 DEBUG [t1] "TestVolatile":15: 13
2020-12-19 20:58:10 DEBUG [t1] "TestVolatile":15: 13
2020-12-19 20:58:10 DEBUG [t1] "TestVolatile":15: 13
2020-12-19 20:58:10 DEBUG [t1] "TestVolatile":15: 13
2020-12-19 20:58:10 DEBUG [t1] "TestVolatile":15: 13
2020-12-19 20:58:10 DEBUG [t1] "TestVolatile":15: 13
2020-12-19 20:58:10 DEBUG [t1] "TestVolatile":15: 13
2020-12-19 20:58:10 DEBUG [t1] "TestVolatile":15: 13
2020-12-19 20:58:10 DEBUG [t1] "TestVolatile":15: 13
2020-12-19 20:58:10 DEBUG [t1] "TestVolatile":15: 13
2020-12-19 20:58:10 DEBUG [t1] "TestVolatile":15: 13
2020-12-19 20:58:10 DEBUG [t1] "TestVolatile":15: 13
2020-12-19 20:58:10 DEBUG [t1] "TestVolatile":15: 13
2020-12-19 20:58:10 DEBUG [t1] "TestVolatile":15: 13
2020-12-19 20:58:10 DEBUG [t1] "TestVolatile":15: 13
2020-12-19 20:58:10 DEBUG [t1] "TestVolatile":15: 13
2020-12-19 20:58:10 DEBUG [t1] "TestVolatile":15: 13
2020-12-19 20:58:10 DEBUG [t1] "TestVolatile":15: 13
2020-12-19 20:58:10 DEBUG [t1] "TestVolatile":15: 13
2020-12-19 20:58:10 DEBUG [t1] "TestVolatile":15: 13
2020-12-19 20:58:10 DEBUG [t1] "TestVolatile":15: 13
2020-12-19 20:58:10 DEBUG [t1] "TestVolatile":15: 13
2020-12-19 20:58:10 DEBUG [t1] "TestVolatile":15: 13
2020-12-19 20:58:10 DEBUG [t1] "TestVolatile":15: 13
2020-12-19 20:58:10 DEBUG [t1] "TestVolatile":15: 13
2020-12-19 20:58:10 DEBUG [t1] "TestVolatile":15: 13
2020-12-19 20:58:10 DEBUG [t1] "TestVolatile":15: 13
2020-12-19 20:58:10 DEBUG [t1] "TestVolatile":15: 13
2020-12-19 20:58:10 DEBUG [t1] "TestVolatile":15: 13
2020-12-19 20:58:10 DEBUG [t1] "TestVolatile":15: 13
2020-12-19 20:58:10 DEBUG [t1] "TestVolatile":15: 13
2020-12-19 20:58:10 DEBUG [t1] "TestVolatile":15: 13
2020-12-19 20:58:10 DEBUG [t1] "TestVolatile":15: 13
2020-12-19 20:58:10 DEBUG [t1] "TestVolatile":15: 13
2020-12-19 20:58:10 DEBUG [t1] "TestVolatile":15: 13
2020-12-19 20:58:10 DEBUG [t1] "TestVolatile":15: 13
2020-12-19 20:58:10 DEBUG [t1] "TestVolatile":15: 13
2020-12-19 20:58:10 DEBUG [t1] "TestVolatile":15: 13
2020-12-19 20:58:10 DEBUG [t1] "TestVolatile":15: 13
2020-12-19 20:58:10 DEBUG [t1] "TestVolatile":15: 13
2020-12-19 20:58:10 DEBUG [t1] "TestVolatile":15: 13
2020-12-19 20:58:10 DEBUG [t1] "TestVolatile":15: 13
2020-12-19 20:58:10 DEBUG [t1] "TestVolatile":15: 13
2020-12-19 20:58:10 DEBUG [t1] "TestVolatile":15: 13
2020-12-19 20:58:10 DEBUG [t1] "TestVolatile":15: 13
2020-12-19 20:58:10 DEBUG [t1] "TestVolatile":15: 13
2020-12-19 20:58:10 DEBUG [t1] "TestVolatile":15: 13
2020-12-19 20:58:10 DEBUG [t1] "TestVolatile":15: 13
2020-12-19 20:58:10 DEBUG [t1] "TestVolatile":15: 13
2020-12-19 20:58:10 DEBUG [t1] "TestVolatile":15: 13
2020-12-19 20:58:10 DEBUG [t1] "TestVolatile":15: 13
2020-12-19 20:58:10 DEBUG [t1] "TestVolatile":15: 13
2020-12-19 20:58:10 DEBUG [t1] "TestVolatile":15: 13
2020-12-19 20:58:10 DEBUG [t1] "TestVolatile":15: 13
2020-12-19 20:58:10 DEBUG [t1] "TestVolatile":15: 13
2020-12-19 20:58:10 DEBUG [t1] "TestVolatile":15: 13
2020-12-19 20:58:10 DEBUG [t1] "TestVolatile":15: 13
2020-12-19 20:58:10 DEBUG [t1] "TestVolatile":15: 13
2020-12-19 20:58:10 DEBUG [t1] "TestVolatile":15: 13
2020-12-19 20:58:10 DEBUG [t1] "TestVolatile":15: 13
2020-12-19 20:58:10 DEBUG [t1] "TestVolatile":15: 13
2020-12-19 20:58:10 DEBUG [t1] "TestVolatile":15: 13
2020-12-19 20:58:10 DEBUG [t1] "TestVolatile":15: 13
2020-12-19 20:58:10 DEBUG [t1] "TestVolatile":15: 13
2020-12-19 20:58:10 DEBUG [t1] "TestVolatile":15: 13
2020-12-19 20:58:10 DEBUG [t1] "TestVolatile":15: 13
2020-12-19 20:58:10 DEBUG [t1] "TestVolatile":15: 13
2020-12-19 20:58:10 DEBUG [t1] "TestVolatile":15: 13
2020-12-19 20:58:10 DEBUG [t1] "TestVolatile":15: 13
2020-12-19 20:58:10 DEBUG [t1] "TestVolatile":15: 13
2020-12-19 20:58:10 DEBUG [t1] "TestVolatile":15: 13
2020-12-19 20:58:10 DEBUG [t1] "TestVolatile":15: 13
2020-12-19 20:58:10 DEBUG [t1] "TestVolatile":15: 13
2020-12-19 20:58:10 DEBUG [t1] "TestVolatile":15: 13
2020-12-19 20:58:10 DEBUG [t1] "TestVolatile":15: 13
2020-12-19 20:58:10 DEBUG [t1] "TestVolatile":15: 13
2020-12-19 20:58:10 DEBUG [t1] "TestVolatile":15: 13
2020-12-19 20:58:10 DEBUG [t1] "TestVolatile":15: 13
2020-12-19 20:58:10 DEBUG [t1] "TestVolatile":15: 13
2020-12-19 20:58:10 DEBUG [t1] "TestVolatile":15: 13
2020-12-19 20:58:10 DEBUG [t1] "TestVolatile":15: 13
2020-12-19 20:58:10 DEBUG [t1] "TestVolatile":15: 13
2020-12-19 20:58:10 DEBUG [t1] "TestVolatile":15: 13
2020-12-19 20:58:10 DEBUG [t1] "TestVolatile":15: 13
2020-12-19 20:58:10 DEBUG [t1] "TestVolatile":15: 13
2020-12-19 20:58:10 DEBUG [t1] "TestVolatile":15: 13
2020-12-19 20:58:10 DEBUG [t1] "TestVolatile":15: 13
2020-12-19 20:58:10 DEBUG [t1] "TestVolatile":15: 13
2020-12-19 20:58:10 DEBUG [t1] "TestVolatile":15: 13
2020-12-19 20:58:10 DEBUG [t1] "TestVolatile":15: 13
2020-12-19 20:58:10 DEBUG [t1] "TestVolatile":15: 13
2020-12-19 20:58:10 DEBUG [t1] "TestVolatile":15: 13
2020-12-19 20:58:10 DEBUG [t1] "TestVolatile":15: 13
2020-12-19 20:58:10 DEBUG [t1] "TestVolatile":15: 13
2020-12-19 20:58:10 DEBUG [t1] "TestVolatile":15: 13
2020-12-19 20:58:10 DEBUG [t1] "TestVolatile":15: 13
2020-12-19 20:58:10 DEBUG [t1] "TestVolatile":15: 13
2020-12-19 20:58:10 DEBUG [t1] "TestVolatile":15: 13
2020-12-19 20:58:10 DEBUG [t1] "TestVolatile":15: 13
2020-12-19 20:58:10 DEBUG [t1] "TestVolatile":15: 13
2020-12-19 20:58:10 DEBUG [t1] "TestVolatile":15: 13
2020-12-19 20:58:10 DEBUG [t1] "TestVolatile":15: 13
2020-12-19 20:58:10 DEBUG [t1] "TestVolatile":15: 13
2020-12-19 20:58:10 DEBUG [t1] "TestVolatile":15: 13
2020-12-19 20:58:10 DEBUG [t1] "TestVolatile":15: 13
2020-12-19 20:58:10 DEBUG [t1] "TestVolatile":15: 13
2020-12-19 20:58:10 DEBUG [t1] "TestVolatile":15: 13
2020-12-19 20:58:10 DEBUG [t1] "TestVolatile":15: 13
2020-12-19 20:58:10 DEBUG [t1] "TestVolatile":15: 13
2020-12-19 20:58:10 DEBUG [t1] "TestVolatile":15: 13
2020-12-19 20:58:10 DEBUG [t1] "TestVolatile":15: 13
2020-12-19 20:58:10 DEBUG [t1] "TestVolatile":15: 13
2020-12-19 20:58:10 DEBUG [t1] "TestVolatile":15: 13
2020-12-19 20:58:10 DEBUG [t1] "TestVolatile":15: 13
2020-12-19 20:58:10 DEBUG [t1] "TestVolatile":15: 13
2020-12-19 20:58:10 DEBUG [t1] "TestVolatile":15: 13
2020-12-19 20:58:10 DEBUG [t1] "TestVolatile":15: 13
2020-12-19 20:58:10 DEBUG [t1] "TestVolatile":15: 13
2020-12-19 20:58:10 DEBUG [t1] "TestVolatile":15: 13
2020-12-19 20:58:10 DEBUG [t1] "TestVolatile":15: 13
2020-12-19 20:58:10 DEBUG [t1] "TestVolatile":15: 13
2020-12-19 20:58:10 DEBUG [t1] "TestVolatile":15: 13
2020-12-19 20:58:10 DEBUG [t1] "TestVolatile":15: 13
2020-12-19 20:58:10 DEBUG [t1] "TestVolatile":15: 13
2020-12-19 20:58:10 DEBUG [t1] "TestVolatile":15: 13
2020-12-19 20:58:10 DEBUG [t1] "TestVolatile":15: 13
2020-12-19 20:58:10 DEBUG [t1] "TestVolatile":15: 13
2020-12-19 20:58:10 DEBUG [t1] "TestVolatile":15: 13
2020-12-19 20:58:10 DEBUG [t1] "TestVolatile":15: 13
2020-12-19 20:58:10 DEBUG [t1] "TestVolatile":15: 13
2020-12-19 20:58:10 DEBUG [t1] "TestVolatile":15: 13
2020-12-19 20:58:10 DEBUG [t1] "TestVolatile":15: 13
2020-12-19 20:58:10 DEBUG [t1] "TestVolatile":15: 13
2020-12-19 20:58:10 DEBUG [t1] "TestVolatile":15: 13
2020-12-19 20:58:10 DEBUG [t1] "TestVolatile":15: 13
2020-12-19 20:58:10 DEBUG [t1] "TestVolatile":15: 13
2020-12-19 20:58:10 DEBUG [t1] "TestVolatile":15: 13
2020-12-19 20:58:10 DEBUG [t1] "TestVolatile":15: 13
2020-12-19 20:58:10 DEBUG [t1] "TestVolatile":15: 13
2020-12-19 20:58:10 DEBUG [t1] "TestVolatile":15: 13
2020-12-19 20:58:10 DEBUG [t1] "TestVolatile":15: 13
2020-12-19 20:58:10 DEBUG [t1] "TestVolatile":15: 13
2020-12-19 20:58:10 DEBUG [t1] "TestVolatile":15: 13
2020-12-19 20:58:10 DEBUG [t1] "TestVolatile":15: 13
2020-12-19 20:58:10 DEBUG [t1] "TestVolatile":15: 13
2020-12-19 20:58:10 DEBUG [t1] "TestVolatile":15: 13
2020-12-19 20:58:10 DEBUG [t1] "TestVolatile":15: 13
2020-12-19 20:58:10 DEBUG [t1] "TestVolatile":15: 13
2020-12-19 20:58:10 DEBUG [t1] "TestVolatile":15: 13
2020-12-19 20:58:10 DEBUG [t1] "TestVolatile":15: 13
2020-12-19 20:58:10 DEBUG [t1] "TestVolatile":15: 13
2020-12-19 20:58:10 DEBUG [t1] "TestVolatile":15: 13
2020-12-19 20:58:10 DEBUG [t1] "TestVolatile":15: 13
2020-12-19 20:58:10 DEBUG [t1] "TestVolatile":15: 13
2020-12-19 20:58:10 DEBUG [t1] "TestVolatile":15: 13
2020-12-19 20:58:10 DEBUG [t1] "TestVolatile":15: 13
2020-12-19 20:58:10 DEBUG [t1] "TestVolatile":15: 13
2020-12-19 20:58:10 DEBUG [t1] "TestVolatile":15: 13
2020-12-19 20:58:10 DEBUG [t1] "TestVolatile":15: 13
2020-12-19 20:58:10 DEBUG [t1] "TestVolatile":15: 13
2020-12-19 20:58:10 DEBUG [t1] "TestVolatile":15: 13
2020-12-19 20:58:10 DEBUG [t1] "TestVolatile":15: 13
2020-12-19 20:58:10 DEBUG [t1] "TestVolatile":15: 13
2020-12-19 20:58:10 DEBUG [t1] "TestVolatile":15: 13
2020-12-19 20:58:10 DEBUG [t1] "TestVolatile":15: 13
2020-12-19 20:58:10 DEBUG [t1] "TestVolatile":15: 13
2020-12-19 20:58:10 DEBUG [t1] "TestVolatile":15: 13
2020-12-19 20:58:10 DEBUG [t1] "TestVolatile":15: 13
2020-12-19 20:58:10 DEBUG [t1] "TestVolatile":15: 13
2020-12-19 20:58:10 DEBUG [t1] "TestVolatile":15: 13
2020-12-19 20:58:10 DEBUG [t1] "TestVolatile":15: 13
2020-12-19 20:58:10 DEBUG [t1] "TestVolatile":15: 13
2020-12-19 20:58:10 DEBUG [t1] "TestVolatile":15: 13
2020-12-19 20:58:10 DEBUG [t1] "TestVolatile":15: 13
2020-12-19 20:58:10 DEBUG [t1] "TestVolatile":15: 13
2020-12-19 20:58:10 DEBUG [t1] "TestVolatile":15: 13
2020-12-19 20:58:10 DEBUG [t1] "TestVolatile":15: 13
2020-12-19 20:58:10 DEBUG [t1] "TestVolatile":15: 13
2020-12-19 20:58:10 DEBUG [t1] "TestVolatile":15: 13
2020-12-19 20:58:10 DEBUG [t1] "TestVolatile":15: 13
2020-12-19 20:58:10 DEBUG [t1] "TestVolatile":15: 13
2020-12-19 20:58:10 DEBUG [t1] "TestVolatile":15: 13
2020-12-19 20:58:10 DEBUG [t1] "TestVolatile":15: 13
2020-12-19 20:58:10 DEBUG [t1] "TestVolatile":15: 13
2020-12-19 20:58:10 DEBUG [t1] "TestVolatile":15: 13
2020-12-19 20:58:10 DEBUG [t1] "TestVolatile":15: 13
2020-12-19 20:58:10 DEBUG [t1] "TestVolatile":15: 13
2020-12-19 20:58:10 DEBUG [t1] "TestVolatile":15: 13
2020-12-19 20:58:10 DEBUG [t1] "TestVolatile":15: 13
2020-12-19 20:58:10 DEBUG [t1] "TestVolatile":15: 13
2020-12-19 20:58:10 DEBUG [t1] "TestVolatile":15: 13
2020-12-19 20:58:10 DEBUG [t1] "TestVolatile":15: 13
2020-12-19 20:58:10 DEBUG [t1] "TestVolatile":15: 13
2020-12-19 20:58:10 DEBUG [t1] "TestVolatile":15: 13
2020-12-19 20:58:10 DEBUG [t1] "TestVolatile":15: 13
2020-12-19 20:58:10 DEBUG [t1] "TestVolatile":15: 13
2020-12-19 20:58:10 DEBUG [t1] "TestVolatile":15: 13
2020-12-19 20:58:10 DEBUG [t1] "TestVolatile":15: 13
2020-12-19 20:58:10 DEBUG [t1] "TestVolatile":15: 13
2020-12-19 20:58:10 DEBUG [t1] "TestVolatile":15: 13
2020-12-19 20:58:10 DEBUG [t1] "TestVolatile":15: 13
2020-12-19 20:58:10 DEBUG [t1] "TestVolatile":15: 13
2020-12-19 20:58:10 DEBUG [t1] "TestVolatile":15: 13
2020-12-19 20:58:10 DEBUG [t1] "TestVolatile":15: 13
2020-12-19 20:58:10 DEBUG [t1] "TestVolatile":15: 13
2020-12-19 20:58:10 DEBUG [t1] "TestVolatile":15: 13
2020-12-19 20:58:10 DEBUG [t1] "TestVolatile":15: 13
2020-12-19 20:58:10 DEBUG [t1] "TestVolatile":15: 13
2020-12-19 20:58:10 DEBUG [t1] "TestVolatile":15: 13
2020-12-19 20:58:10 DEBUG [t1] "TestVolatile":15: 13
2020-12-19 20:58:10 DEBUG [t1] "TestVolatile":15: 13
2020-12-19 20:58:10 DEBUG [t1] "TestVolatile":15: 13
2020-12-19 20:58:10 DEBUG [t1] "TestVolatile":15: 13
2020-12-19 20:58:10 DEBUG [t1] "TestVolatile":15: 13
2020-12-19 20:58:10 DEBUG [t1] "TestVolatile":15: 13
2020-12-19 20:58:10 DEBUG [t1] "TestVolatile":15: 13
2020-12-19 20:58:10 DEBUG [t1] "TestVolatile":15: 13
2020-12-19 20:58:10 DEBUG [t1] "TestVolatile":15: 13
2020-12-19 20:58:10 DEBUG [t1] "TestVolatile":15: 13
2020-12-19 20:58:10 DEBUG [t1] "TestVolatile":15: 13
2020-12-19 20:58:10 DEBUG [t1] "TestVolatile":15: 13
2020-12-19 20:58:10 DEBUG [t1] "TestVolatile":15: 13
2020-12-19 20:58:10 DEBUG [t1] "TestVolatile":15: 13
2020-12-19 20:58:10 DEBUG [t1] "TestVolatile":15: 13
2020-12-19 20:58:10 DEBUG [t1] "TestVolatile":15: 13
2020-12-19 20:58:10 DEBUG [t1] "TestVolatile":15: 13
2020-12-19 20:58:10 DEBUG [t1] "TestVolatile":15: 13
2020-12-19 20:58:10 DEBUG [t1] "TestVolatile":15: 13
2020-12-19 20:58:10 DEBUG [t1] "TestVolatile":15: 13
2020-12-19 20:58:10 DEBUG [t1] "TestVolatile":15: 13
2020-12-19 20:58:10 DEBUG [t1] "TestVolatile":15: 13
2020-12-19 20:58:10 DEBUG [t1] "TestVolatile":15: 13
2020-12-19 20:58:10 DEBUG [t1] "TestVolatile":15: 13
2020-12-19 20:58:10 DEBUG [t1] "TestVolatile":15: 13
2020-12-19 20:58:10 DEBUG [t1] "TestVolatile":15: 13
2020-12-19 20:58:10 DEBUG [t1] "TestVolatile":15: 13
2020-12-19 20:58:10 DEBUG [t1] "TestVolatile":15: 13
2020-12-19 20:58:10 DEBUG [t1] "TestVolatile":15: 13
2020-12-19 20:58:10 DEBUG [t1] "TestVolatile":15: 13
2020-12-19 20:58:10 DEBUG [t1] "TestVolatile":15: 13
2020-12-19 20:58:10 DEBUG [t1] "TestVolatile":15: 13
2020-12-19 20:58:10 DEBUG [t1] "TestVolatile":15: 13
2020-12-19 20:58:10 DEBUG [t1] "TestVolatile":15: 13
2020-12-19 20:58:10 DEBUG [t1] "TestVolatile":15: 13
2020-12-19 20:58:10 DEBUG [t1] "TestVolatile":15: 13
2020-12-19 20:58:10 DEBUG [t1] "TestVolatile":15: 13
2020-12-19 20:58:10 DEBUG [t1] "TestVolatile":15: 13
2020-12-19 20:58:10 DEBUG [t1] "TestVolatile":15: 13
2020-12-19 20:58:10 DEBUG [t1] "TestVolatile":15: 13
2020-12-19 20:58:10 DEBUG [t1] "TestVolatile":15: 13
2020-12-19 20:58:10 DEBUG [t1] "TestVolatile":15: 13
2020-12-19 20:58:10 DEBUG [t1] "TestVolatile":15: 13
2020-12-19 20:58:10 DEBUG [t1] "TestVolatile":15: 13
2020-12-19 20:58:10 DEBUG [t1] "TestVolatile":15: 13
2020-12-19 20:58:10 DEBUG [t1] "TestVolatile":15: 13
2020-12-19 20:58:10 DEBUG [t1] "TestVolatile":15: 13
2020-12-19 20:58:10 DEBUG [t1] "TestVolatile":15: 13
2020-12-19 20:58:10 DEBUG [t1] "TestVolatile":15: 13
2020-12-19 20:58:10 DEBUG [t1] "TestVolatile":15: 13
2020-12-19 20:58:10 DEBUG [t1] "TestVolatile":15: 13
2020-12-19 20:58:10 DEBUG [t1] "TestVolatile":15: 13
2020-12-19 20:58:10 DEBUG [t1] "TestVolatile":15: 13
2020-12-19 20:58:10 DEBUG [t1] "TestVolatile":15: 13
2020-12-19 20:58:10 DEBUG [t1] "TestVolatile":15: 13
2020-12-19 20:58:10 DEBUG [t1] "TestVolatile":15: 13
2020-12-19 20:58:10 DEBUG [t1] "TestVolatile":15: 13
2020-12-19 20:58:10 DEBUG [t1] "TestVolatile":15: 13
2020-12-19 20:58:10 DEBUG [t1] "TestVolatile":15: 13
2020-12-19 20:58:10 DEBUG [t1] "TestVolatile":15: 13
2020-12-19 20:58:10 DEBUG [t1] "TestVolatile":15: 13
2020-12-19 20:58:10 DEBUG [t1] "TestVolatile":15: 13
2020-12-19 20:58:10 DEBUG [t1] "TestVolatile":15: 13
2020-12-19 20:58:10 DEBUG [t1] "TestVolatile":15: 13
2020-12-19 20:58:10 DEBUG [t1] "TestVolatile":15: 13
2020-12-19 20:58:10 DEBUG [t1] "TestVolatile":15: 13
2020-12-19 20:58:10 DEBUG [t1] "TestVolatile":15: 13
2020-12-19 20:58:10 DEBUG [t1] "TestVolatile":15: 13
2020-12-19 20:58:10 DEBUG [t1] "TestVolatile":15: 13
2020-12-19 20:58:10 DEBUG [t1] "TestVolatile":15: 13
2020-12-19 20:58:10 DEBUG [t1] "TestVolatile":15: 13
2020-12-19 20:58:10 DEBUG [t1] "TestVolatile":15: 13
2020-12-19 20:58:10 DEBUG [t1] "TestVolatile":15: 13
2020-12-19 20:58:10 DEBUG [t1] "TestVolatile":15: 13
2020-12-19 20:58:10 DEBUG [t1] "TestVolatile":15: 13
2020-12-19 20:58:10 DEBUG [t1] "TestVolatile":15: 13
2020-12-19 20:58:10 DEBUG [t1] "TestVolatile":15: 13
2020-12-19 20:58:10 DEBUG [t1] "TestVolatile":15: 13
2020-12-19 20:58:10 DEBUG [t1] "TestVolatile":15: 13
2020-12-19 20:58:10 DEBUG [t1] "TestVolatile":15: 13
2020-12-19 20:58:10 DEBUG [t1] "TestVolatile":15: 13
2020-12-19 20:58:10 DEBUG [t1] "TestVolatile":15: 13
2020-12-19 20:58:10 DEBUG [t1] "TestVolatile":15: 13
2020-12-19 20:58:10 DEBUG [t1] "TestVolatile":15: 13
2020-12-19 20:58:10 DEBUG [t1] "TestVolatile":15: 13
2020-12-19 20:58:10 DEBUG [t1] "TestVolatile":15: 13
2020-12-19 20:58:10 DEBUG [t1] "TestVolatile":15: 13
2020-12-19 20:58:10 DEBUG [t1] "TestVolatile":15: 13
2020-12-19 20:58:10 DEBUG [t1] "TestVolatile":15: 13
2020-12-19 20:58:10 DEBUG [t1] "TestVolatile":15: 13
2020-12-19 20:58:10 DEBUG [t1] "TestVolatile":15: 13
2020-12-19 20:58:10 DEBUG [t1] "TestVolatile":15: 13
2020-12-19 20:58:10 DEBUG [t1] "TestVolatile":15: 13
2020-12-19 20:58:10 DEBUG [t1] "TestVolatile":15: 13
2020-12-19 20:58:10 DEBUG [t1] "TestVolatile":15: 13
2020-12-19 20:58:10 DEBUG [t1] "TestVolatile":15: 13
2020-12-19 20:58:10 DEBUG [t1] "TestVolatile":15: 13
2020-12-19 20:58:10 DEBUG [t1] "TestVolatile":15: 13
2020-12-19 20:58:10 DEBUG [t1] "TestVolatile":15: 13
2020-12-19 20:58:10 DEBUG [t1] "TestVolatile":15: 13
2020-12-19 20:58:10 DEBUG [t1] "TestVolatile":15: 13
2020-12-19 20:58:10 DEBUG [t1] "TestVolatile":15: 13
2020-12-19 20:58:10 DEBUG [t1] "TestVolatile":15: 13
2020-12-19 20:58:10 DEBUG [t1] "TestVolatile":15: 13
2020-12-19 20:58:10 DEBUG [t1] "TestVolatile":15: 13
2020-12-19 20:58:10 DEBUG [t1] "TestVolatile":15: 13
2020-12-19 20:58:10 DEBUG [t1] "TestVolatile":15: 13
2020-12-19 20:58:10 DEBUG [t1] "TestVolatile":15: 13
2020-12-19 20:58:10 DEBUG [t1] "TestVolatile":15: 13
2020-12-19 20:58:10 DEBUG [t1] "TestVolatile":15: 13
2020-12-19 20:58:10 DEBUG [t1] "TestVolatile":15: 13
2020-12-19 20:58:10 DEBUG [t1] "TestVolatile":15: 13
2020-12-19 20:58:10 DEBUG [t1] "TestVolatile":15: 13
2020-12-19 20:58:10 DEBUG [t1] "TestVolatile":15: 13
2020-12-19 20:58:10 DEBUG [t1] "TestVolatile":15: 13
2020-12-19 20:58:10 DEBUG [t1] "TestVolatile":15: 13
2020-12-19 20:58:10 DEBUG [t1] "TestVolatile":15: 13
2020-12-19 20:58:10 DEBUG [t1] "TestVolatile":15: 13
2020-12-19 20:58:10 DEBUG [t1] "TestVolatile":15: 13
2020-12-19 20:58:10 DEBUG [t1] "TestVolatile":15: 13
2020-12-19 20:58:10 DEBUG [t1] "TestVolatile":15: 13
2020-12-19 20:58:10 DEBUG [t1] "TestVolatile":15: 13
2020-12-19 20:58:10 DEBUG [t1] "TestVolatile":15: 13
2020-12-19 20:58:10 DEBUG [t1] "TestVolatile":15: 13
2020-12-19 20:58:10 DEBUG [t1] "TestVolatile":15: 13
2020-12-19 20:58:10 DEBUG [t1] "TestVolatile":15: 13
2020-12-19 20:58:10 DEBUG [t1] "TestVolatile":15: 13
2020-12-19 20:58:10 DEBUG [t1] "TestVolatile":15: 13
2020-12-19 20:58:10 DEBUG [t1] "TestVolatile":15: 13
2020-12-19 20:58:10 DEBUG [t1] "TestVolatile":15: 13
2020-12-19 20:58:10 DEBUG [t1] "TestVolatile":15: 13
2020-12-19 20:58:10 DEBUG [t1] "TestVolatile":15: 13
2020-12-19 20:58:10 DEBUG [t1] "TestVolatile":15: 13
2020-12-19 20:58:10 DEBUG [t1] "TestVolatile":15: 13
2020-12-19 20:58:10 DEBUG [t1] "TestVolatile":15: 13
2020-12-19 20:58:10 DEBUG [t1] "TestVolatile":15: 13
2020-12-19 20:58:10 DEBUG [t1] "TestVolatile":15: 13
2020-12-19 20:58:10 DEBUG [t1] "TestVolatile":15: 13
2020-12-19 20:58:10 DEBUG [t1] "TestVolatile":15: 13
2020-12-19 20:58:10 DEBUG [t1] "TestVolatile":15: 13
2020-12-19 20:58:10 DEBUG [t1] "TestVolatile":15: 13
2020-12-19 20:58:10 DEBUG [t1] "TestVolatile":15: 13
2020-12-19 20:58:10 DEBUG [t1] "TestVolatile":15: 13
2020-12-19 20:58:10 DEBUG [t1] "TestVolatile":15: 13
2020-12-19 20:58:10 DEBUG [t1] "TestVolatile":15: 13
2020-12-19 20:58:10 DEBUG [t1] "TestVolatile":15: 13
2020-12-19 20:58:10 DEBUG [t1] "TestVolatile":15: 13
2020-12-19 20:58:10 DEBUG [t1] "TestVolatile":15: 13
2020-12-19 20:58:10 DEBUG [t1] "TestVolatile":15: 13
2020-12-19 20:58:10 DEBUG [t1] "TestVolatile":15: 13
2020-12-19 20:58:10 DEBUG [t1] "TestVolatile":15: 13
2020-12-19 20:58:10 DEBUG [t1] "TestVolatile":15: 13
2020-12-19 20:58:10 DEBUG [t1] "TestVolatile":15: 13
2020-12-19 20:58:10 DEBUG [t1] "TestVolatile":15: 13
2020-12-19 20:58:10 DEBUG [t1] "TestVolatile":15: 13
2020-12-19 20:58:10 DEBUG [t1] "TestVolatile":15: 13
2020-12-19 20:58:10 DEBUG [t1] "TestVolatile":15: 13
2020-12-19 20:58:10 DEBUG [t1] "TestVolatile":15: 13
2020-12-19 20:58:10 DEBUG [t1] "TestVolatile":15: 13
2020-12-19 20:58:10 DEBUG [t1] "TestVolatile":15: 13
2020-12-19 20:58:10 DEBUG [t1] "TestVolatile":15: 13
2020-12-19 20:58:10 DEBUG [t1] "TestVolatile":15: 13
2020-12-19 20:58:10 DEBUG [t1] "TestVolatile":15: 13
2020-12-19 20:58:10 DEBUG [t1] "TestVolatile":15: 13
2020-12-19 20:58:10 DEBUG [t1] "TestVolatile":15: 13
2020-12-19 20:58:10 DEBUG [t1] "TestVolatile":15: 13
2020-12-19 20:58:10 DEBUG [t1] "TestVolatile":15: 13
2020-12-19 20:58:10 DEBUG [t1] "TestVolatile":15: 13
2020-12-19 20:58:10 DEBUG [t1] "TestVolatile":15: 13
2020-12-19 20:58:10 DEBUG [t1] "TestVolatile":15: 13
2020-12-19 20:58:10 DEBUG [t1] "TestVolatile":15: 13
2020-12-19 20:58:10 DEBUG [t1] "TestVolatile":15: 13
2020-12-19 20:58:10 DEBUG [t1] "TestVolatile":15: 13
2020-12-19 20:58:10 DEBUG [t1] "TestVolatile":15: 13
2020-12-19 20:58:10 DEBUG [t1] "TestVolatile":15: 13
2020-12-19 20:58:10 DEBUG [t1] "TestVolatile":15: 13
2020-12-19 20:58:10 DEBUG [t1] "TestVolatile":15: 13
2020-12-19 20:58:10 DEBUG [t1] "TestVolatile":15: 13
2020-12-19 20:58:10 DEBUG [t1] "TestVolatile":15: 13
2020-12-19 20:58:10 DEBUG [t1] "TestVolatile":15: 13
2020-12-19 20:58:10 DEBUG [t1] "TestVolatile":15: 13
2020-12-19 20:58:10 DEBUG [t1] "TestVolatile":15: 13
2020-12-19 20:58:10 DEBUG [t1] "TestVolatile":15: 13
2020-12-19 20:58:10 DEBUG [t1] "TestVolatile":15: 13
2020-12-19 20:58:10 DEBUG [t1] "TestVolatile":15: 13
2020-12-19 20:58:10 DEBUG [t1] "TestVolatile":15: 13
2020-12-19 20:58:10 DEBUG [t1] "TestVolatile":15: 13
2020-12-19 20:58:10 DEBUG [t1] "TestVolatile":15: 13
2020-12-19 20:58:10 DEBUG [t1] "TestVolatile":15: 13
2020-12-19 20:58:10 DEBUG [t1] "TestVolatile":15: 13
2020-12-19 20:58:10 DEBUG [t1] "TestVolatile":15: 13
2020-12-19 20:58:10 DEBUG [t1] "TestVolatile":15: 13
2020-12-19 20:58:10 DEBUG [t1] "TestVolatile":15: 13
2020-12-19 20:58:10 DEBUG [t1] "TestVolatile":15: 13
2020-12-19 20:58:10 DEBUG [t1] "TestVolatile":15: 13
2020-12-19 20:58:10 DEBUG [t1] "TestVolatile":15: 13
2020-12-19 20:58:10 DEBUG [t1] "TestVolatile":15: 13
2020-12-19 20:58:10 DEBUG [t1] "TestVolatile":15: 13
2020-12-19 20:58:10 DEBUG [t1] "TestVolatile":15: 13
2020-12-19 20:58:10 DEBUG [t1] "TestVolatile":15: 13
2020-12-19 20:58:10 DEBUG [t1] "TestVolatile":15: 13
2020-12-19 20:58:10 DEBUG [t1] "TestVolatile":15: 13
2020-12-19 20:58:10 DEBUG [t1] "TestVolatile":15: 13
2020-12-19 20:58:10 DEBUG [t1] "TestVolatile":15: 13
2020-12-19 20:58:10 DEBUG [t1] "TestVolatile":15: 13
2020-12-19 20:58:10 DEBUG [t1] "TestVolatile":15: 13
2020-12-19 20:58:10 DEBUG [t1] "TestVolatile":15: 13
2020-12-19 20:58:10 DEBUG [t1] "TestVolatile":15: 13
2020-12-19 20:58:10 DEBUG [t1] "TestVolatile":15: 13
2020-12-19 20:58:10 DEBUG [t1] "TestVolatile":15: 13
2020-12-19 20:58:10 DEBUG [t1] "TestVolatile":15: 13
2020-12-19 20:58:10 DEBUG [t1] "TestVolatile":15: 13
2020-12-19 20:58:10 DEBUG [t1] "TestVolatile":15: 13
2020-12-19 20:58:10 DEBUG [t1] "TestVolatile":15: 13
2020-12-19 20:58:10 DEBUG [t1] "TestVolatile":15: 13
2020-12-19 20:58:10 DEBUG [t1] "TestVolatile":15: 13
2020-12-19 20:58:10 DEBUG [t1] "TestVolatile":15: 13
2020-12-19 20:58:10 DEBUG [t1] "TestVolatile":15: 13
2020-12-19 20:58:10 DEBUG [t1] "TestVolatile":15: 13
2020-12-19 20:58:10 DEBUG [t1] "TestVolatile":15: 13
2020-12-19 20:58:10 DEBUG [t1] "TestVolatile":15: 13
2020-12-19 20:58:10 DEBUG [t1] "TestVolatile":15: 13
2020-12-19 20:58:10 DEBUG [t1] "TestVolatile":15: 13
2020-12-19 20:58:10 DEBUG [t1] "TestVolatile":15: 13
2020-12-19 20:58:10 DEBUG [t1] "TestVolatile":15: 13
2020-12-19 20:58:10 DEBUG [t1] "TestVolatile":15: 13
2020-12-19 20:58:10 DEBUG [t1] "TestVolatile":15: 13
2020-12-19 20:58:10 DEBUG [t1] "TestVolatile":15: 13
2020-12-19 20:58:10 DEBUG [t1] "TestVolatile":15: 13
2020-12-19 20:58:10 DEBUG [t1] "TestVolatile":15: 13
2020-12-19 20:58:10 DEBUG [t1] "TestVolatile":15: 13
2020-12-19 20:58:10 DEBUG [t1] "TestVolatile":15: 13
2020-12-19 20:58:10 DEBUG [t1] "TestVolatile":15: 13
2020-12-19 20:58:10 DEBUG [t1] "TestVolatile":15: 13
2020-12-19 20:58:10 DEBUG [t1] "TestVolatile":15: 13
2020-12-19 20:58:10 DEBUG [t1] "TestVolatile":15: 13
2020-12-19 20:58:10 DEBUG [t1] "TestVolatile":15: 13
2020-12-19 20:58:10 DEBUG [t1] "TestVolatile":15: 13
2020-12-19 20:58:10 DEBUG [t1] "TestVolatile":15: 13
2020-12-19 20:58:10 DEBUG [t1] "TestVolatile":15: 13
2020-12-19 20:58:10 DEBUG [t1] "TestVolatile":15: 13
2020-12-19 20:58:10 DEBUG [t1] "TestVolatile":15: 13
2020-12-19 20:58:10 DEBUG [t1] "TestVolatile":15: 13
2020-12-19 20:58:10 DEBUG [t1] "TestVolatile":15: 13
2020-12-19 20:58:10 DEBUG [t1] "TestVolatile":15: 13
2020-12-19 20:58:10 DEBUG [t1] "TestVolatile":15: 13
2020-12-19 20:58:10 DEBUG [t1] "TestVolatile":15: 13
2020-12-19 20:58:10 DEBUG [t1] "TestVolatile":15: 13
2020-12-19 20:58:10 DEBUG [t1] "TestVolatile":15: 13
2020-12-19 20:58:10 DEBUG [t1] "TestVolatile":15: 13
2020-12-19 20:58:10 DEBUG [t1] "TestVolatile":15: 13
2020-12-19 20:58:10 DEBUG [t1] "TestVolatile":15: 13
2020-12-19 20:58:10 DEBUG [t1] "TestVolatile":15: 13
2020-12-19 20:58:10 DEBUG [t1] "TestVolatile":15: 13
2020-12-19 20:58:10 DEBUG [t1] "TestVolatile":15: 13
2020-12-19 20:58:10 DEBUG [t1] "TestVolatile":15: 13
2020-12-19 20:58:10 DEBUG [t1] "TestVolatile":15: 13
2020-12-19 20:58:10 DEBUG [t1] "TestVolatile":15: 13
2020-12-19 20:58:10 DEBUG [t1] "TestVolatile":15: 13
2020-12-19 20:58:10 DEBUG [t1] "TestVolatile":15: 13
2020-12-19 20:58:10 DEBUG [t1] "TestVolatile":15: 13
2020-12-19 20:58:10 DEBUG [t1] "TestVolatile":15: 13
2020-12-19 20:58:10 DEBUG [t1] "TestVolatile":15: 13
2020-12-19 20:58:10 DEBUG [t1] "TestVolatile":15: 13
2020-12-19 20:58:10 DEBUG [t1] "TestVolatile":15: 13
2020-12-19 20:58:10 DEBUG [t1] "TestVolatile":15: 13
2020-12-19 20:58:10 DEBUG [t1] "TestVolatile":15: 13
2020-12-19 20:58:10 DEBUG [t1] "TestVolatile":15: 13
2020-12-19 20:58:10 DEBUG [t1] "TestVolatile":15: 13
2020-12-19 20:58:10 DEBUG [t1] "TestVolatile":15: 13
2020-12-19 20:58:10 DEBUG [t1] "TestVolatile":15: 13
2020-12-19 20:58:10 DEBUG [t1] "TestVolatile":15: 13
2020-12-19 20:58:10 DEBUG [t1] "TestVolatile":15: 13
2020-12-19 20:58:10 DEBUG [t1] "TestVolatile":15: 13
2020-12-19 20:58:10 DEBUG [t1] "TestVolatile":15: 13
2020-12-19 20:58:10 DEBUG [t1] "TestVolatile":15: 13
2020-12-19 20:58:10 DEBUG [t1] "TestVolatile":15: 13
2020-12-19 20:58:10 DEBUG [t1] "TestVolatile":15: 13
2020-12-19 20:58:10 DEBUG [t1] "TestVolatile":15: 13
2020-12-19 20:58:10 DEBUG [t1] "TestVolatile":15: 13
2020-12-19 20:58:10 DEBUG [t1] "TestVolatile":15: 13
2020-12-19 20:58:10 DEBUG [t1] "TestVolatile":15: 13
2020-12-19 20:58:10 DEBUG [t1] "TestVolatile":15: 13
2020-12-19 20:58:10 DEBUG [t1] "TestVolatile":15: 13
2020-12-19 20:58:10 DEBUG [t1] "TestVolatile":15: 13
2020-12-19 20:58:10 DEBUG [t1] "TestVolatile":15: 13
2020-12-19 20:58:10 DEBUG [t1] "TestVolatile":15: 13
2020-12-19 20:58:10 DEBUG [t1] "TestVolatile":15: 13
2020-12-19 20:58:10 DEBUG [t1] "TestVolatile":15: 13
2020-12-19 20:58:10 DEBUG [t1] "TestVolatile":15: 13
2020-12-19 20:58:10 DEBUG [t1] "TestVolatile":15: 13
2020-12-19 20:58:10 DEBUG [t1] "TestVolatile":15: 13
2020-12-19 20:58:10 DEBUG [t1] "TestVolatile":15: 13
2020-12-19 20:58:10 DEBUG [t1] "TestVolatile":15: 13
2020-12-19 20:58:10 DEBUG [t1] "TestVolatile":15: 13
2020-12-19 20:58:10 DEBUG [t1] "TestVolatile":15: 13
2020-12-19 20:58:10 DEBUG [t1] "TestVolatile":15: 13
2020-12-19 20:58:10 DEBUG [t1] "TestVolatile":15: 13
2020-12-19 20:58:10 DEBUG [t1] "TestVolatile":15: 13
2020-12-19 20:58:10 DEBUG [t1] "TestVolatile":15: 13
2020-12-19 20:58:10 DEBUG [t1] "TestVolatile":15: 13
2020-12-19 20:58:10 DEBUG [t1] "TestVolatile":15: 13
2020-12-19 20:58:10 DEBUG [t1] "TestVolatile":15: 13
2020-12-19 20:58:10 DEBUG [t1] "TestVolatile":15: 13
2020-12-19 20:58:10 DEBUG [t1] "TestVolatile":15: 13
2020-12-19 20:58:10 DEBUG [t1] "TestVolatile":15: 13
2020-12-19 20:58:10 DEBUG [t1] "TestVolatile":15: 13
2020-12-19 20:58:10 DEBUG [t1] "TestVolatile":15: 13
2020-12-19 20:58:10 DEBUG [t1] "TestVolatile":15: 13
2020-12-19 20:58:10 DEBUG [t1] "TestVolatile":15: 13
2020-12-19 20:58:10 DEBUG [t1] "TestVolatile":15: 13
2020-12-19 20:58:10 DEBUG [t1] "TestVolatile":15: 13
2020-12-19 20:58:10 DEBUG [t1] "TestVolatile":15: 13
2020-12-19 20:58:10 DEBUG [t1] "TestVolatile":15: 13
2020-12-19 20:58:10 DEBUG [t1] "TestVolatile":15: 13
2020-12-19 20:58:10 DEBUG [t1] "TestVolatile":15: 13
2020-12-19 20:58:10 DEBUG [t1] "TestVolatile":15: 13
2020-12-19 20:58:10 DEBUG [t1] "TestVolatile":15: 13
2020-12-19 20:58:10 DEBUG [t1] "TestVolatile":15: 13
2020-12-19 20:58:10 DEBUG [t1] "TestVolatile":15: 13
2020-12-19 20:58:10 DEBUG [t1] "TestVolatile":15: 13
2020-12-19 20:58:10 DEBUG [t1] "TestVolatile":15: 13
2020-12-19 20:58:10 DEBUG [t1] "TestVolatile":15: 13
2020-12-19 20:58:10 DEBUG [t1] "TestVolatile":15: 13
2020-12-19 20:58:10 DEBUG [t1] "TestVolatile":15: 13
2020-12-19 20:58:10 DEBUG [t1] "TestVolatile":15: 13
2020-12-19 20:58:10 DEBUG [t1] "TestVolatile":15: 13
2020-12-19 20:58:10 DEBUG [t1] "TestVolatile":15: 13
2020-12-19 20:58:10 DEBUG [t1] "TestVolatile":15: 13
2020-12-19 20:58:10 DEBUG [t1] "TestVolatile":15: 13
2020-12-19 20:58:10 DEBUG [t1] "TestVolatile":15: 13
2020-12-19 20:58:10 DEBUG [t1] "TestVolatile":15: 13
2020-12-19 20:58:10 DEBUG [t1] "TestVolatile":15: 13
2020-12-19 20:58:10 DEBUG [t1] "TestVolatile":15: 13
2020-12-19 20:58:10 DEBUG [t1] "TestVolatile":15: 13
2020-12-19 20:58:10 DEBUG [t1] "TestVolatile":15: 13
2020-12-19 20:58:10 DEBUG [t1] "TestVolatile":15: 13
2020-12-19 20:58:10 DEBUG [t1] "TestVolatile":15: 13
2020-12-19 20:58:10 DEBUG [t1] "TestVolatile":15: 13
2020-12-19 20:58:10 DEBUG [t1] "TestVolatile":15: 13
2020-12-19 20:58:10 DEBUG [t1] "TestVolatile":15: 13
2020-12-19 20:58:10 DEBUG [t1] "TestVolatile":15: 13
2020-12-19 20:58:10 DEBUG [t1] "TestVolatile":15: 13
2020-12-19 20:58:10 DEBUG [t1] "TestVolatile":15: 13
2020-12-19 20:58:10 DEBUG [t1] "TestVolatile":15: 13
2020-12-19 20:58:10 DEBUG [t1] "TestVolatile":15: 13
2020-12-19 20:58:10 DEBUG [t1] "TestVolatile":15: 13
2020-12-19 20:58:10 DEBUG [t1] "TestVolatile":15: 13
2020-12-19 20:58:10 DEBUG [t1] "TestVolatile":15: 13
2020-12-19 20:58:10 DEBUG [t1] "TestVolatile":15: 13
2020-12-19 20:58:10 DEBUG [t1] "TestVolatile":15: 13
2020-12-19 20:58:10 DEBUG [t1] "TestVolatile":15: 13
2020-12-19 20:58:10 DEBUG [t1] "TestVolatile":15: 13
2020-12-19 20:58:10 DEBUG [t1] "TestVolatile":15: 13
2020-12-19 20:58:10 DEBUG [t1] "TestVolatile":15: 13
2020-12-19 20:58:10 DEBUG [t1] "TestVolatile":15: 13
2020-12-19 20:58:10 DEBUG [t1] "TestVolatile":15: 13
2020-12-19 20:58:10 DEBUG [t1] "TestVolatile":15: 13
2020-12-19 20:58:10 DEBUG [t1] "TestVolatile":15: 13
2020-12-19 20:58:10 DEBUG [t1] "TestVolatile":15: 13
2020-12-19 20:58:10 DEBUG [t1] "TestVolatile":15: 13
2020-12-19 20:58:10 DEBUG [t1] "TestVolatile":15: 13
2020-12-19 20:58:10 DEBUG [t1] "TestVolatile":15: 13
2020-12-19 20:58:10 DEBUG [t1] "TestVolatile":15: 13
2020-12-19 20:58:10 DEBUG [t1] "TestVolatile":15: 13
2020-12-19 20:58:10 DEBUG [t1] "TestVolatile":15: 13
2020-12-19 20:58:10 DEBUG [t1] "TestVolatile":15: 13
2020-12-19 20:58:10 DEBUG [t1] "TestVolatile":15: 13
2020-12-19 20:58:10 DEBUG [t1] "TestVolatile":15: 13
2020-12-19 20:58:10 DEBUG [t1] "TestVolatile":15: 13
2020-12-19 20:58:10 DEBUG [t1] "TestVolatile":15: 13
2020-12-19 20:58:10 DEBUG [t1] "TestVolatile":15: 13
2020-12-19 20:58:10 DEBUG [t1] "TestVolatile":15: 13
2020-12-19 20:58:10 DEBUG [t1] "TestVolatile":15: 13
2020-12-19 20:58:10 DEBUG [t1] "TestVolatile":15: 13
2020-12-19 20:58:10 DEBUG [t1] "TestVolatile":15: 13
2020-12-19 20:58:10 DEBUG [t1] "TestVolatile":15: 13
2020-12-19 20:58:10 DEBUG [t1] "TestVolatile":15: 13
2020-12-19 20:58:10 DEBUG [t1] "TestVolatile":15: 13
2020-12-19 20:58:10 DEBUG [t1] "TestVolatile":15: 13
2020-12-19 20:58:10 DEBUG [t1] "TestVolatile":15: 13
2020-12-19 20:58:10 DEBUG [t1] "TestVolatile":15: 13
2020-12-19 20:58:10 DEBUG [t1] "TestVolatile":15: 13
2020-12-19 20:58:10 DEBUG [t1] "TestVolatile":15: 13
2020-12-19 20:58:10 DEBUG [t1] "TestVolatile":15: 13
2020-12-19 20:58:10 DEBUG [t1] "TestVolatile":15: 13
2020-12-19 20:58:10 DEBUG [t1] "TestVolatile":15: 13
2020-12-19 20:58:10 DEBUG [t1] "TestVolatile":15: 13
2020-12-19 20:58:10 DEBUG [t1] "TestVolatile":15: 13
2020-12-19 20:58:10 DEBUG [t1] "TestVolatile":15: 13
2020-12-19 20:58:10 DEBUG [t1] "TestVolatile":15: 13
2020-12-19 20:58:10 DEBUG [t1] "TestVolatile":15: 13
2020-12-19 20:58:10 DEBUG [t1] "TestVolatile":15: 13
2020-12-19 20:58:10 DEBUG [t1] "TestVolatile":15: 13
2020-12-19 20:58:10 DEBUG [t1] "TestVolatile":15: 13
2020-12-19 20:58:10 DEBUG [t1] "TestVolatile":15: 13
2020-12-19 20:58:10 DEBUG [t1] "TestVolatile":15: 13
2020-12-19 20:58:10 DEBUG [t1] "TestVolatile":15: 13
2020-12-19 20:58:10 DEBUG [t1] "TestVolatile":15: 13
2020-12-19 20:58:10 DEBUG [t1] "TestVolatile":15: 13
2020-12-19 20:58:10 DEBUG [t1] "TestVolatile":15: 13
2020-12-19 20:58:10 DEBUG [t1] "TestVolatile":15: 13
2020-12-19 20:58:10 DEBUG [t1] "TestVolatile":15: 13
2020-12-19 20:58:10 DEBUG [t1] "TestVolatile":15: 13
2020-12-19 20:58:10 DEBUG [t1] "TestVolatile":15: 13
2020-12-19 20:58:10 DEBUG [t1] "TestVolatile":15: 13
2020-12-19 20:58:10 DEBUG [t1] "TestVolatile":15: 13
2020-12-19 20:58:10 DEBUG [t1] "TestVolatile":15: 13
2020-12-19 20:58:10 DEBUG [t1] "TestVolatile":15: 13
2020-12-19 20:58:10 DEBUG [t1] "TestVolatile":15: 13
2020-12-19 20:58:10 DEBUG [t1] "TestVolatile":15: 13
2020-12-19 20:58:10 DEBUG [t1] "TestVolatile":15: 13
2020-12-19 20:58:10 DEBUG [t1] "TestVolatile":15: 13
2020-12-19 20:58:10 DEBUG [t1] "TestVolatile":15: 13
2020-12-19 20:58:10 DEBUG [t1] "TestVolatile":15: 13
2020-12-19 20:58:10 DEBUG [t1] "TestVolatile":15: 13
2020-12-19 20:58:10 DEBUG [t1] "TestVolatile":15: 13
2020-12-19 20:58:10 DEBUG [t1] "TestVolatile":15: 13
2020-12-19 20:58:10 DEBUG [t1] "TestVolatile":15: 13
2020-12-19 20:58:10 DEBUG [t1] "TestVolatile":15: 13
2020-12-19 20:58:10 DEBUG [t1] "TestVolatile":15: 13
2020-12-19 20:58:10 DEBUG [t1] "TestVolatile":15: 13
2020-12-19 20:58:10 DEBUG [t1] "TestVolatile":15: 13
2020-12-19 20:58:10 DEBUG [t1] "TestVolatile":15: 13
2020-12-19 20:58:10 DEBUG [t1] "TestVolatile":15: 13
2020-12-19 20:58:10 DEBUG [t1] "TestVolatile":15: 13
2020-12-19 20:58:10 DEBUG [t1] "TestVolatile":15: 13
2020-12-19 20:58:10 DEBUG [t1] "TestVolatile":15: 13
2020-12-19 20:58:10 DEBUG [t1] "TestVolatile":15: 13
2020-12-19 20:58:10 DEBUG [t1] "TestVolatile":15: 13
2020-12-19 20:58:10 DEBUG [t1] "TestVolatile":15: 13
2020-12-19 20:58:10 DEBUG [t1] "TestVolatile":15: 13
2020-12-19 20:58:10 DEBUG [t1] "TestVolatile":15: 13
2020-12-19 20:58:10 DEBUG [t1] "TestVolatile":15: 13
2020-12-19 20:58:10 DEBUG [t1] "TestVolatile":15: 13
2020-12-19 20:58:10 DEBUG [t1] "TestVolatile":15: 13
2020-12-19 20:58:10 DEBUG [t1] "TestVolatile":15: 13
2020-12-19 20:58:10 DEBUG [t1] "TestVolatile":15: 13
2020-12-19 20:58:10 DEBUG [t1] "TestVolatile":15: 13
2020-12-19 20:58:10 DEBUG [t1] "TestVolatile":15: 13
2020-12-19 20:58:10 DEBUG [t1] "TestVolatile":15: 13
2020-12-19 20:58:10 DEBUG [t1] "TestVolatile":15: 13
2020-12-19 20:58:10 DEBUG [t1] "TestVolatile":15: 13
2020-12-19 20:58:10 DEBUG [t1] "TestVolatile":15: 13
2020-12-19 20:58:10 DEBUG [t1] "TestVolatile":15: 13
2020-12-19 20:58:10 DEBUG [t1] "TestVolatile":15: 13
2020-12-19 20:58:10 DEBUG [t1] "TestVolatile":15: 13
2020-12-19 20:58:10 DEBUG [t1] "TestVolatile":15: 13
2020-12-19 20:58:10 DEBUG [t1] "TestVolatile":15: 13
2020-12-19 20:58:10 DEBUG [t1] "TestVolatile":15: 13
2020-12-19 20:58:10 DEBUG [t1] "TestVolatile":15: 13
2020-12-19 20:58:10 DEBUG [t1] "TestVolatile":15: 13
2020-12-19 20:58:10 DEBUG [t1] "TestVolatile":15: 13
2020-12-19 20:58:10 DEBUG [t1] "TestVolatile":15: 13
2020-12-19 20:58:10 DEBUG [t1] "TestVolatile":15: 13
2020-12-19 20:58:10 DEBUG [t1] "TestVolatile":15: 13
2020-12-19 20:58:10 DEBUG [t1] "TestVolatile":15: 13
2020-12-19 20:58:10 DEBUG [t1] "TestVolatile":15: 13
2020-12-19 20:58:10 DEBUG [t1] "TestVolatile":15: 13
2020-12-19 20:58:10 DEBUG [t1] "TestVolatile":15: 13
2020-12-19 20:58:10 DEBUG [t1] "TestVolatile":15: 13
2020-12-19 20:58:10 DEBUG [t1] "TestVolatile":15: 13
2020-12-19 20:58:10 DEBUG [t1] "TestVolatile":15: 13
2020-12-19 20:58:10 DEBUG [t1] "TestVolatile":15: 13
2020-12-19 20:58:10 DEBUG [t1] "TestVolatile":15: 13
2020-12-19 20:58:10 DEBUG [t1] "TestVolatile":15: 13
2020-12-19 20:58:10 DEBUG [t1] "TestVolatile":15: 13
2020-12-19 20:58:10 DEBUG [t1] "TestVolatile":15: 13
2020-12-19 20:58:10 DEBUG [t1] "TestVolatile":15: 13
2020-12-19 20:58:10 DEBUG [t1] "TestVolatile":15: 13
2020-12-19 20:58:10 DEBUG [t1] "TestVolatile":15: 13
2020-12-19 20:58:10 DEBUG [t1] "TestVolatile":15: 13
2020-12-19 20:58:10 DEBUG [t1] "TestVolatile":15: 13
2020-12-19 20:58:10 DEBUG [t1] "TestVolatile":15: 13
2020-12-19 20:58:10 DEBUG [t1] "TestVolatile":15: 13
2020-12-19 20:58:10 DEBUG [t1] "TestVolatile":15: 13
2020-12-19 20:58:10 DEBUG [t1] "TestVolatile":15: 13
2020-12-19 20:58:10 DEBUG [t1] "TestVolatile":15: 13
2020-12-19 20:58:10 DEBUG [t1] "TestVolatile":15: 13
2020-12-19 20:58:10 DEBUG [t1] "TestVolatile":15: 13
2020-12-19 20:58:10 DEBUG [t1] "TestVolatile":15: 13
2020-12-19 20:58:10 DEBUG [t1] "TestVolatile":15: 13
2020-12-19 20:58:10 DEBUG [t1] "TestVolatile":15: 13
2020-12-19 20:58:10 DEBUG [t1] "TestVolatile":15: 13
2020-12-19 20:58:10 DEBUG [t1] "TestVolatile":15: 13
2020-12-19 20:58:10 DEBUG [t1] "TestVolatile":15: 13
2020-12-19 20:58:10 DEBUG [t1] "TestVolatile":15: 13
2020-12-19 20:58:10 DEBUG [t1] "TestVolatile":15: 13
2020-12-19 20:58:10 DEBUG [t1] "TestVolatile":15: 13
2020-12-19 20:58:10 DEBUG [t1] "TestVolatile":15: 13
2020-12-19 20:58:10 DEBUG [t1] "TestVolatile":15: 13
2020-12-19 20:58:10 DEBUG [t1] "TestVolatile":15: 13
2020-12-19 20:58:10 DEBUG [t1] "TestVolatile":15: 13
2020-12-19 20:58:10 DEBUG [t1] "TestVolatile":15: 13
2020-12-19 20:58:10 DEBUG [t1] "TestVolatile":15: 13
2020-12-19 20:58:10 DEBUG [t1] "TestVolatile":15: 13
2020-12-19 20:58:10 DEBUG [t1] "TestVolatile":15: 13
2020-12-19 20:58:10 DEBUG [t1] "TestVolatile":15: 13
2020-12-19 20:58:10 DEBUG [t1] "TestVolatile":15: 13
2020-12-19 20:58:10 DEBUG [t1] "TestVolatile":15: 13
2020-12-19 20:58:10 DEBUG [t1] "TestVolatile":15: 13
2020-12-19 20:58:10 DEBUG [t1] "TestVolatile":15: 13
2020-12-19 20:58:10 DEBUG [t1] "TestVolatile":15: 13
2020-12-19 20:58:10 DEBUG [t1] "TestVolatile":15: 13
2020-12-19 20:58:10 DEBUG [t1] "TestVolatile":15: 13
2020-12-19 20:58:10 DEBUG [t1] "TestVolatile":15: 13
2020-12-19 20:58:10 DEBUG [t1] "TestVolatile":15: 13
2020-12-19 20:58:10 DEBUG [t1] "TestVolatile":15: 13
2020-12-19 20:58:10 DEBUG [t1] "TestVolatile":15: 13
2020-12-19 20:58:10 DEBUG [t1] "TestVolatile":15: 13
2020-12-19 20:58:10 DEBUG [t1] "TestVolatile":15: 13
2020-12-19 20:58:10 DEBUG [t1] "TestVolatile":15: 13
2020-12-19 20:58:10 DEBUG [t1] "TestVolatile":15: 13
2020-12-19 20:58:10 DEBUG [t1] "TestVolatile":15: 13
2020-12-19 20:58:10 DEBUG [t1] "TestVolatile":15: 13
2020-12-19 20:58:10 DEBUG [t1] "TestVolatile":15: 13
2020-12-19 20:58:10 DEBUG [t1] "TestVolatile":15: 13
2020-12-19 20:58:10 DEBUG [t1] "TestVolatile":15: 13
2020-12-19 20:58:10 DEBUG [t1] "TestVolatile":15: 13
2020-12-19 20:58:10 DEBUG [t1] "TestVolatile":15: 13
2020-12-19 20:58:10 DEBUG [t1] "TestVolatile":15: 13
2020-12-19 20:58:10 DEBUG [t1] "TestVolatile":15: 13
2020-12-19 20:58:10 DEBUG [t1] "TestVolatile":15: 13
2020-12-19 20:58:10 DEBUG [t1] "TestVolatile":15: 13
2020-12-19 20:58:10 DEBUG [t1] "TestVolatile":15: 13
2020-12-19 20:58:10 DEBUG [t1] "TestVolatile":15: 13
2020-12-19 20:58:10 DEBUG [t1] "TestVolatile":15: 13
2020-12-19 20:58:10 DEBUG [t1] "TestVolatile":15: 13
2020-12-19 20:58:10 DEBUG [t1] "TestVolatile":15: 13
2020-12-19 20:58:10 DEBUG [t1] "TestVolatile":15: 13
2020-12-19 20:58:10 DEBUG [t1] "TestVolatile":15: 13
2020-12-19 20:58:10 DEBUG [t1] "TestVolatile":15: 13
2020-12-19 20:58:10 DEBUG [t1] "TestVolatile":15: 13
2020-12-19 20:58:10 DEBUG [t1] "TestVolatile":15: 13
2020-12-19 20:58:10 DEBUG [t1] "TestVolatile":15: 13
2020-12-19 20:58:10 DEBUG [t1] "TestVolatile":15: 13
2020-12-19 20:58:10 DEBUG [t1] "TestVolatile":15: 13
2020-12-19 20:58:10 DEBUG [t1] "TestVolatile":15: 13
2020-12-19 20:58:10 DEBUG [t1] "TestVolatile":15: 13
2020-12-19 20:58:10 DEBUG [t1] "TestVolatile":15: 13
2020-12-19 20:58:10 DEBUG [t1] "TestVolatile":15: 13
2020-12-19 20:58:10 DEBUG [t1] "TestVolatile":15: 13
2020-12-19 20:58:10 DEBUG [t1] "TestVolatile":15: 13
2020-12-19 20:58:10 DEBUG [t1] "TestVolatile":15: 13
2020-12-19 20:58:10 DEBUG [t1] "TestVolatile":15: 13
2020-12-19 20:58:10 DEBUG [t1] "TestVolatile":15: 13
2020-12-19 20:58:10 DEBUG [t1] "TestVolatile":15: 13
2020-12-19 20:58:10 DEBUG [t1] "TestVolatile":15: 13
2020-12-19 20:58:10 DEBUG [t1] "TestVolatile":15: 13
2020-12-19 20:58:10 DEBUG [t1] "TestVolatile":15: 13
2020-12-19 20:58:10 DEBUG [t1] "TestVolatile":15: 13
2020-12-19 20:58:10 DEBUG [t1] "TestVolatile":15: 13
2020-12-19 20:58:10 DEBUG [t1] "TestVolatile":15: 13
2020-12-19 20:58:10 DEBUG [t1] "TestVolatile":15: 13
2020-12-19 20:58:10 DEBUG [t1] "TestVolatile":15: 13
2020-12-19 20:58:10 DEBUG [t1] "TestVolatile":15: 13
2020-12-19 20:58:10 DEBUG [t1] "TestVolatile":15: 13
2020-12-19 20:58:10 DEBUG [t1] "TestVolatile":15: 13
2020-12-19 20:58:10 DEBUG [t1] "TestVolatile":15: 13
2020-12-19 20:58:10 DEBUG [t1] "TestVolatile":15: 13
2020-12-19 20:58:10 DEBUG [t1] "TestVolatile":15: 13
2020-12-19 20:58:10 DEBUG [t1] "TestVolatile":15: 13
2020-12-19 20:58:10 DEBUG [t1] "TestVolatile":15: 13
2020-12-19 20:58:10 DEBUG [t1] "TestVolatile":15: 13
2020-12-19 20:58:10 DEBUG [t1] "TestVolatile":15: 13
2020-12-19 20:58:10 DEBUG [t1] "TestVolatile":15: 13
2020-12-19 20:58:10 DEBUG [t1] "TestVolatile":15: 13
2020-12-19 20:58:10 DEBUG [t1] "TestVolatile":15: 13
2020-12-19 20:58:10 DEBUG [t1] "TestVolatile":15: 13
2020-12-19 20:58:10 DEBUG [t1] "TestVolatile":15: 13
2020-12-19 20:58:10 DEBUG [t1] "TestVolatile":15: 13
2020-12-19 20:58:10 DEBUG [t1] "TestVolatile":15: 13
2020-12-19 20:58:10 DEBUG [t1] "TestVolatile":15: 13
2020-12-19 20:58:10 DEBUG [t1] "TestVolatile":15: 13
2020-12-19 20:58:10 DEBUG [t1] "TestVolatile":15: 13
2020-12-19 20:58:10 DEBUG [t1] "TestVolatile":15: 13
2020-12-19 20:58:10 DEBUG [t1] "TestVolatile":15: 13
2020-12-19 20:58:10 DEBUG [t1] "TestVolatile":15: 13
2020-12-19 20:58:10 DEBUG [t1] "TestVolatile":15: 13
2020-12-19 20:58:10 DEBUG [t1] "TestVolatile":15: 13
2020-12-19 20:58:10 DEBUG [t1] "TestVolatile":15: 13
2020-12-19 20:58:10 DEBUG [t1] "TestVolatile":15: 13
2020-12-19 20:58:10 DEBUG [t1] "TestVolatile":15: 13
2020-12-19 20:58:10 DEBUG [t1] "TestVolatile":15: 13
2020-12-19 20:58:10 DEBUG [t1] "TestVolatile":15: 13
2020-12-19 20:58:10 DEBUG [t1] "TestVolatile":15: 13
2020-12-19 20:58:10 DEBUG [t1] "TestVolatile":15: 13
2020-12-19 20:58:10 DEBUG [t1] "TestVolatile":15: 13
2020-12-19 20:58:10 DEBUG [t1] "TestVolatile":15: 13
2020-12-19 20:58:10 DEBUG [t1] "TestVolatile":15: 13
2020-12-19 20:58:10 DEBUG [t1] "TestVolatile":15: 13
2020-12-19 20:58:10 DEBUG [t1] "TestVolatile":15: 13
2020-12-19 20:58:10 DEBUG [t1] "TestVolatile":15: 13
2020-12-19 20:58:10 DEBUG [t1] "TestVolatile":15: 13
2020-12-19 20:58:10 DEBUG [t1] "TestVolatile":15: 13
2020-12-19 20:58:10 DEBUG [t1] "TestVolatile":15: 13
2020-12-19 20:58:10 DEBUG [t1] "TestVolatile":15: 13
2020-12-19 20:58:10 DEBUG [t1] "TestVolatile":15: 13
2020-12-19 20:58:10 DEBUG [t1] "TestVolatile":15: 13
2020-12-19 20:58:10 DEBUG [t1] "TestVolatile":15: 13
2020-12-19 20:58:10 DEBUG [t1] "TestVolatile":15: 13
2020-12-19 20:58:10 DEBUG [t1] "TestVolatile":15: 13
2020-12-19 20:58:10 DEBUG [t1] "TestVolatile":15: 13
2020-12-19 20:58:10 DEBUG [t1] "TestVolatile":15: 13
2020-12-19 20:58:10 DEBUG [t1] "TestVolatile":15: 13
2020-12-19 20:58:10 DEBUG [t1] "TestVolatile":15: 13
2020-12-19 20:58:10 DEBUG [t1] "TestVolatile":15: 13
2020-12-19 20:58:10 DEBUG [t1] "TestVolatile":15: 13
2020-12-19 20:58:10 DEBUG [t1] "TestVolatile":15: 13
2020-12-19 20:58:10 DEBUG [t1] "TestVolatile":15: 13
2020-12-19 20:58:10 DEBUG [t1] "TestVolatile":15: 13
2020-12-19 20:58:10 DEBUG [t1] "TestVolatile":15: 13
2020-12-19 20:58:10 DEBUG [t1] "TestVolatile":15: 13
2020-12-19 20:58:10 DEBUG [t1] "TestVolatile":15: 13
2020-12-19 20:58:10 DEBUG [t1] "TestVolatile":15: 13
2020-12-19 20:58:10 DEBUG [t1] "TestVolatile":15: 13
2020-12-19 20:58:10 DEBUG [t1] "TestVolatile":15: 13
2020-12-19 20:58:10 DEBUG [t1] "TestVolatile":15: 13
2020-12-19 20:58:10 DEBUG [t1] "TestVolatile":15: 13
2020-12-19 20:58:10 DEBUG [t1] "TestVolatile":15: 13
2020-12-19 20:58:10 DEBUG [t1] "TestVolatile":15: 13
2020-12-19 20:58:10 DEBUG [t1] "TestVolatile":15: 13
2020-12-19 20:58:10 DEBUG [t1] "TestVolatile":15: 13
2020-12-19 20:58:10 DEBUG [t1] "TestVolatile":15: 13
2020-12-19 20:58:10 DEBUG [t1] "TestVolatile":15: 13
2020-12-19 20:58:10 DEBUG [t1] "TestVolatile":15: 13
2020-12-19 20:58:10 DEBUG [t1] "TestVolatile":15: 13
2020-12-19 20:58:10 DEBUG [t1] "TestVolatile":15: 13
2020-12-19 20:58:10 DEBUG [t1] "TestVolatile":15: 13
2020-12-19 20:58:10 DEBUG [t1] "TestVolatile":15: 13
2020-12-19 20:58:10 DEBUG [t1] "TestVolatile":15: 13
2020-12-19 20:58:10 DEBUG [t1] "TestVolatile":15: 13
2020-12-19 20:58:10 DEBUG [t1] "TestVolatile":15: 13
2020-12-19 20:58:10 DEBUG [t1] "TestVolatile":15: 13
2020-12-19 20:58:10 DEBUG [t1] "TestVolatile":15: 13
2020-12-19 20:58:10 DEBUG [t1] "TestVolatile":15: 13
2020-12-19 20:58:10 DEBUG [t1] "TestVolatile":15: 13
2020-12-19 20:58:10 DEBUG [t1] "TestVolatile":15: 13
2020-12-19 20:58:10 DEBUG [t1] "TestVolatile":15: 13
2020-12-19 20:58:10 DEBUG [t1] "TestVolatile":15: 13
2020-12-19 20:58:10 DEBUG [t1] "TestVolatile":15: 13
2020-12-19 20:58:10 DEBUG [t1] "TestVolatile":15: 13
2020-12-19 20:58:10 DEBUG [t1] "TestVolatile":15: 13
2020-12-19 20:58:10 DEBUG [t1] "TestVolatile":15: 13
2020-12-19 20:58:10 DEBUG [t1] "TestVolatile":15: 13
2020-12-19 20:58:10 DEBUG [t1] "TestVolatile":15: 13
2020-12-19 20:58:10 DEBUG [t1] "TestVolatile":15: 13
2020-12-19 20:58:10 DEBUG [t1] "TestVolatile":15: 13
2020-12-19 20:58:10 DEBUG [t1] "TestVolatile":15: 13
2020-12-19 20:58:10 DEBUG [t1] "TestVolatile":15: 13
2020-12-19 20:58:10 DEBUG [t1] "TestVolatile":15: 13
2020-12-19 20:58:10 DEBUG [t1] "TestVolatile":15: 13
2020-12-19 20:58:10 DEBUG [t1] "TestVolatile":15: 13
2020-12-19 20:58:10 DEBUG [t1] "TestVolatile":15: 13
2020-12-19 20:58:10 DEBUG [t1] "TestVolatile":15: 13
2020-12-19 20:58:10 DEBUG [t1] "TestVolatile":15: 13
2020-12-19 20:58:10 DEBUG [t1] "TestVolatile":15: 13
2020-12-19 20:58:10 DEBUG [t1] "TestVolatile":15: 13
2020-12-19 20:58:10 DEBUG [t1] "TestVolatile":15: 13
2020-12-19 20:58:10 DEBUG [t1] "TestVolatile":15: 13
2020-12-19 20:58:10 DEBUG [t1] "TestVolatile":15: 13
2020-12-19 20:58:10 DEBUG [t1] "TestVolatile":15: 13
2020-12-19 20:58:10 DEBUG [t1] "TestVolatile":15: 13
2020-12-19 20:58:10 DEBUG [t1] "TestVolatile":15: 13
2020-12-19 20:58:10 DEBUG [t1] "TestVolatile":15: 13
2020-12-19 20:58:10 DEBUG [t1] "TestVolatile":15: 13
2020-12-19 20:58:10 DEBUG [t1] "TestVolatile":15: 13
2020-12-19 20:58:10 DEBUG [t1] "TestVolatile":15: 13
2020-12-19 20:58:10 DEBUG [t1] "TestVolatile":15: 13
2020-12-19 20:58:10 DEBUG [t1] "TestVolatile":15: 13
2020-12-19 20:58:10 DEBUG [t1] "TestVolatile":15: 13
2020-12-19 20:58:10 DEBUG [t1] "TestVolatile":15: 13
2020-12-19 20:58:10 DEBUG [t1] "TestVolatile":15: 13
2020-12-19 20:58:10 DEBUG [t1] "TestVolatile":15: 13
2020-12-19 20:58:10 DEBUG [t1] "TestVolatile":15: 13
2020-12-19 20:58:10 DEBUG [t1] "TestVolatile":15: 13
2020-12-19 20:58:10 DEBUG [t1] "TestVolatile":15: 13
2020-12-19 20:58:10 DEBUG [t1] "TestVolatile":15: 13
2020-12-19 20:58:10 DEBUG [t1] "TestVolatile":15: 13
2020-12-19 20:58:10 DEBUG [t1] "TestVolatile":15: 13
2020-12-19 20:58:10 DEBUG [t1] "TestVolatile":15: 13
2020-12-19 20:58:10 DEBUG [t1] "TestVolatile":15: 13
2020-12-19 20:58:10 DEBUG [t1] "TestVolatile":15: 13
2020-12-19 20:58:10 DEBUG [t1] "TestVolatile":15: 13
2020-12-19 20:58:10 DEBUG [t1] "TestVolatile":15: 13
2020-12-19 20:58:10 DEBUG [t1] "TestVolatile":15: 13
2020-12-19 20:58:10 DEBUG [t1] "TestVolatile":15: 13
2020-12-19 20:58:10 DEBUG [t1] "TestVolatile":15: 13
2020-12-19 20:58:10 DEBUG [t1] "TestVolatile":15: 13
2020-12-19 20:58:10 DEBUG [t1] "TestVolatile":15: 13
2020-12-19 20:58:10 DEBUG [t1] "TestVolatile":15: 13
2020-12-19 20:58:10 DEBUG [t1] "TestVolatile":15: 13
2020-12-19 20:58:10 DEBUG [t1] "TestVolatile":15: 13
2020-12-19 20:58:10 DEBUG [t1] "TestVolatile":15: 13
2020-12-19 20:58:10 DEBUG [t1] "TestVolatile":15: 13
2020-12-19 20:58:10 DEBUG [t1] "TestVolatile":15: 13
2020-12-19 20:58:10 DEBUG [t1] "TestVolatile":15: 13
2020-12-19 20:58:10 DEBUG [t1] "TestVolatile":15: 13
2020-12-19 20:58:10 DEBUG [t1] "TestVolatile":15: 13
2020-12-19 20:58:10 DEBUG [t1] "TestVolatile":15: 13
2020-12-19 20:58:10 DEBUG [t1] "TestVolatile":15: 13
2020-12-19 20:58:10 DEBUG [t1] "TestVolatile":15: 13
2020-12-19 20:58:10 DEBUG [t1] "TestVolatile":15: 13
2020-12-19 20:58:10 DEBUG [t1] "TestVolatile":15: 13
2020-12-19 20:58:10 DEBUG [t1] "TestVolatile":15: 13
2020-12-19 20:58:10 DEBUG [t1] "TestVolatile":15: 13
2020-12-19 20:58:10 DEBUG [t1] "TestVolatile":15: 13
2020-12-19 20:58:10 DEBUG [t1] "TestVolatile":15: 13
2020-12-19 20:58:10 DEBUG [t1] "TestVolatile":15: 13
2020-12-19 20:58:10 DEBUG [t1] "TestVolatile":15: 13
2020-12-19 20:58:10 DEBUG [t1] "TestVolatile":15: 13
2020-12-19 20:58:10 DEBUG [t1] "TestVolatile":15: 13
2020-12-19 20:58:10 DEBUG [t1] "TestVolatile":15: 13
2020-12-19 20:58:10 DEBUG [t1] "TestVolatile":15: 13
2020-12-19 20:58:10 DEBUG [t1] "TestVolatile":15: 13
2020-12-19 20:58:10 DEBUG [t1] "TestVolatile":15: 13
2020-12-19 20:58:10 DEBUG [t1] "TestVolatile":15: 13
2020-12-19 20:58:10 DEBUG [t1] "TestVolatile":15: 13
2020-12-19 20:58:10 DEBUG [t1] "TestVolatile":15: 13
2020-12-19 20:58:10 DEBUG [t1] "TestVolatile":15: 13
2020-12-19 20:58:10 DEBUG [t1] "TestVolatile":15: 13
2020-12-19 20:58:10 DEBUG [t1] "TestVolatile":15: 13
2020-12-19 20:58:10 DEBUG [t1] "TestVolatile":15: 13
2020-12-19 20:58:10 DEBUG [t1] "TestVolatile":15: 13
2020-12-19 20:58:10 DEBUG [t1] "TestVolatile":15: 13
2020-12-19 20:58:10 DEBUG [t1] "TestVolatile":15: 13
2020-12-19 20:58:10 DEBUG [t1] "TestVolatile":15: 13
2020-12-19 20:58:10 DEBUG [t1] "TestVolatile":15: 13
2020-12-19 20:58:10 DEBUG [t1] "TestVolatile":15: 13
2020-12-19 20:58:10 DEBUG [t1] "TestVolatile":15: 13
2020-12-19 20:58:10 DEBUG [t1] "TestVolatile":15: 13
2020-12-19 20:58:10 DEBUG [t1] "TestVolatile":15: 13
2020-12-19 20:58:10 DEBUG [t1] "TestVolatile":15: 13
2020-12-19 20:58:10 DEBUG [t1] "TestVolatile":15: 13
2020-12-19 20:58:10 DEBUG [t1] "TestVolatile":15: 13
2020-12-19 20:58:10 DEBUG [t1] "TestVolatile":15: 13
2020-12-19 20:58:10 DEBUG [t1] "TestVolatile":15: 13
2020-12-19 20:58:10 DEBUG [t1] "TestVolatile":15: 13
2020-12-19 20:58:10 DEBUG [t1] "TestVolatile":15: 13
2020-12-19 20:58:10 DEBUG [t1] "TestVolatile":15: 13
2020-12-19 20:58:10 DEBUG [t1] "TestVolatile":15: 13
2020-12-19 20:58:10 DEBUG [t1] "TestVolatile":15: 13
2020-12-19 20:58:10 DEBUG [t1] "TestVolatile":15: 13
2020-12-19 20:58:10 DEBUG [t1] "TestVolatile":15: 13
2020-12-19 20:58:10 DEBUG [t1] "TestVolatile":15: 13
2020-12-19 20:58:10 DEBUG [t1] "TestVolatile":15: 13
2020-12-19 20:58:10 DEBUG [t1] "TestVolatile":15: 13
2020-12-19 20:58:10 DEBUG [t1] "TestVolatile":15: 13
2020-12-19 20:58:10 DEBUG [t1] "TestVolatile":15: 13
2020-12-19 20:58:10 DEBUG [t1] "TestVolatile":15: 13
2020-12-19 20:58:10 DEBUG [t1] "TestVolatile":15: 13
2020-12-19 20:58:10 DEBUG [t1] "TestVolatile":15: 13
2020-12-19 20:58:10 DEBUG [t1] "TestVolatile":15: 13
2020-12-19 20:58:10 DEBUG [t1] "TestVolatile":15: 13
2020-12-19 20:58:10 DEBUG [t1] "TestVolatile":15: 13
2020-12-19 20:58:10 DEBUG [t1] "TestVolatile":15: 13
2020-12-19 20:58:10 DEBUG [t1] "TestVolatile":15: 13
2020-12-19 20:58:10 DEBUG [t1] "TestVolatile":15: 13
2020-12-19 20:58:10 DEBUG [t1] "TestVolatile":15: 13
2020-12-19 20:58:10 DEBUG [t1] "TestVolatile":15: 13
2020-12-19 20:58:10 DEBUG [t1] "TestVolatile":15: 13
2020-12-19 20:58:10 DEBUG [t1] "TestVolatile":15: 13
2020-12-19 20:58:10 DEBUG [t1] "TestVolatile":15: 13
2020-12-19 20:58:10 DEBUG [t1] "TestVolatile":15: 13
2020-12-19 20:58:10 DEBUG [t1] "TestVolatile":15: 13
2020-12-19 20:58:10 DEBUG [t1] "TestVolatile":15: 13
2020-12-19 20:58:10 DEBUG [t1] "TestVolatile":15: 13
2020-12-19 20:58:10 DEBUG [t1] "TestVolatile":15: 13
2020-12-19 20:58:10 DEBUG [t1] "TestVolatile":15: 13
2020-12-19 20:58:10 DEBUG [t1] "TestVolatile":15: 13
2020-12-19 20:58:10 DEBUG [t1] "TestVolatile":15: 13
2020-12-19 20:58:10 DEBUG [t1] "TestVolatile":15: 13
2020-12-19 20:58:10 DEBUG [t1] "TestVolatile":15: 13
2020-12-19 20:58:10 DEBUG [t1] "TestVolatile":15: 13
2020-12-19 20:58:10 DEBUG [t1] "TestVolatile":15: 13
2020-12-19 20:58:10 DEBUG [t1] "TestVolatile":15: 13
2020-12-19 20:58:10 DEBUG [t1] "TestVolatile":15: 13
2020-12-19 20:58:10 DEBUG [t1] "TestVolatile":15: 13
2020-12-19 20:58:10 DEBUG [t1] "TestVolatile":15: 13
2020-12-19 20:58:10 DEBUG [t1] "TestVolatile":15: 13
2020-12-19 20:58:10 DEBUG [t1] "TestVolatile":15: 13
2020-12-19 20:58:10 DEBUG [t1] "TestVolatile":15: 13
2020-12-19 20:58:10 DEBUG [t1] "TestVolatile":15: 13
2020-12-19 20:58:10 DEBUG [t1] "TestVolatile":15: 13
2020-12-19 20:58:10 DEBUG [t1] "TestVolatile":15: 13
2020-12-19 20:58:10 DEBUG [t1] "TestVolatile":15: 13
2020-12-19 20:58:10 DEBUG [t1] "TestVolatile":15: 13
2020-12-19 20:58:10 DEBUG [t1] "TestVolatile":15: 13
2020-12-19 20:58:10 DEBUG [t1] "TestVolatile":15: 13
2020-12-19 20:58:10 DEBUG [t1] "TestVolatile":15: 13
2020-12-19 20:58:10 DEBUG [t1] "TestVolatile":15: 13
2020-12-19 20:58:10 DEBUG [t1] "TestVolatile":15: 13
2020-12-19 20:58:10 DEBUG [t1] "TestVolatile":15: 13
2020-12-19 20:58:10 DEBUG [t1] "TestVolatile":15: 13
2020-12-19 20:58:10 DEBUG [t1] "TestVolatile":15: 13
2020-12-19 20:58:10 DEBUG [t1] "TestVolatile":15: 13
2020-12-19 20:58:10 DEBUG [t1] "TestVolatile":15: 13
2020-12-19 20:58:10 DEBUG [t1] "TestVolatile":15: 13
2020-12-19 20:58:10 DEBUG [t1] "TestVolatile":15: 13
2020-12-19 20:58:10 DEBUG [t1] "TestVolatile":15: 13
2020-12-19 20:58:10 DEBUG [t1] "TestVolatile":15: 13
2020-12-19 20:58:10 DEBUG [t1] "TestVolatile":15: 13
2020-12-19 20:58:10 DEBUG [t1] "TestVolatile":15: 13
2020-12-19 20:58:10 DEBUG [t1] "TestVolatile":15: 13
2020-12-19 20:58:10 DEBUG [t1] "TestVolatile":15: 13
2020-12-19 20:58:10 DEBUG [t1] "TestVolatile":15: 13
2020-12-19 20:58:10 DEBUG [t1] "TestVolatile":15: 13
2020-12-19 20:58:10 DEBUG [t1] "TestVolatile":15: 13
2020-12-19 20:58:10 DEBUG [t1] "TestVolatile":15: 13
2020-12-19 20:58:10 DEBUG [t1] "TestVolatile":15: 13
2020-12-19 20:58:10 DEBUG [t1] "TestVolatile":15: 13
2020-12-19 20:58:10 DEBUG [t1] "TestVolatile":15: 13
2020-12-19 20:58:10 DEBUG [t1] "TestVolatile":15: 13
2020-12-19 20:58:10 DEBUG [t1] "TestVolatile":15: 13
2020-12-19 20:58:10 DEBUG [t1] "TestVolatile":15: 13
2020-12-19 20:58:10 DEBUG [t1] "TestVolatile":15: 13
2020-12-19 20:58:10 DEBUG [t1] "TestVolatile":15: 13
2020-12-19 20:58:10 DEBUG [t1] "TestVolatile":15: 13
2020-12-19 20:58:10 DEBUG [t1] "TestVolatile":15: 13
2020-12-19 20:58:10 DEBUG [t1] "TestVolatile":15: 13
2020-12-19 20:58:10 DEBUG [t1] "TestVolatile":15: 13
2020-12-19 20:58:10 DEBUG [t1] "TestVolatile":15: 13
2020-12-19 20:58:10 DEBUG [t1] "TestVolatile":15: 13
2020-12-19 20:58:10 DEBUG [t1] "TestVolatile":15: 13
2020-12-19 20:58:10 DEBUG [t1] "TestVolatile":15: 13
2020-12-19 20:58:10 DEBUG [t1] "TestVolatile":15: 13
2020-12-19 20:58:10 DEBUG [t1] "TestVolatile":15: 13
2020-12-19 20:58:10 DEBUG [t1] "TestVolatile":15: 13
2020-12-19 20:58:10 DEBUG [t1] "TestVolatile":15: 13
2020-12-19 20:58:10 DEBUG [t1] "TestVolatile":15: 13
2020-12-19 20:58:10 DEBUG [t1] "TestVolatile":15: 13
2020-12-19 20:58:10 DEBUG [t1] "TestVolatile":15: 13
2020-12-19 20:58:10 DEBUG [t1] "TestVolatile":15: 13
2020-12-19 20:58:10 DEBUG [t1] "TestVolatile":15: 13
2020-12-19 20:58:10 DEBUG [t1] "TestVolatile":15: 13
2020-12-19 20:58:10 DEBUG [t1] "TestVolatile":15: 13
2020-12-19 20:58:10 DEBUG [t1] "TestVolatile":15: 13
2020-12-19 20:58:10 DEBUG [t1] "TestVolatile":15: 13
2020-12-19 20:58:10 DEBUG [t1] "TestVolatile":15: 13
2020-12-19 20:58:10 DEBUG [t1] "TestVolatile":15: 13
2020-12-19 20:58:10 DEBUG [t1] "TestVolatile":15: 13
2020-12-19 20:58:10 DEBUG [t1] "TestVolatile":15: 13
2020-12-19 20:58:10 DEBUG [t1] "TestVolatile":15: 13
2020-12-19 20:58:10 DEBUG [t1] "TestVolatile":15: 13
2020-12-19 20:58:10 DEBUG [t1] "TestVolatile":15: 13
2020-12-19 20:58:10 DEBUG [t1] "TestVolatile":15: 13
2020-12-19 20:58:10 DEBUG [t1] "TestVolatile":15: 13
2020-12-19 20:58:10 DEBUG [t1] "TestVolatile":15: 13
2020-12-19 20:58:10 DEBUG [t1] "TestVolatile":15: 13
2020-12-19 20:58:10 DEBUG [t1] "TestVolatile":15: 13
2020-12-19 20:58:10 DEBUG [t1] "TestVolatile":15: 13
2020-12-19 20:58:10 DEBUG [t1] "TestVolatile":15: 13
2020-12-19 20:58:10 DEBUG [t1] "TestVolatile":15: 13
2020-12-19 20:58:10 DEBUG [t1] "TestVolatile":15: 13
2020-12-19 20:58:10 DEBUG [t1] "TestVolatile":15: 13
2020-12-19 20:58:10 DEBUG [t1] "TestVolatile":15: 13
2020-12-19 20:58:10 DEBUG [t1] "TestVolatile":15: 13
2020-12-19 20:58:10 DEBUG [t1] "TestVolatile":15: 13
2020-12-19 20:58:10 DEBUG [t1] "TestVolatile":15: 13
2020-12-19 20:58:10 DEBUG [t1] "TestVolatile":15: 13
2020-12-19 20:58:10 DEBUG [t1] "TestVolatile":15: 13
2020-12-19 20:58:10 DEBUG [t1] "TestVolatile":15: 13
2020-12-19 20:58:10 DEBUG [t1] "TestVolatile":15: 13
2020-12-19 20:58:10 DEBUG [t1] "TestVolatile":15: 13
2020-12-19 20:58:10 DEBUG [t1] "TestVolatile":15: 13
2020-12-19 20:58:10 DEBUG [t1] "TestVolatile":15: 13
2020-12-19 20:58:10 DEBUG [t1] "TestVolatile":15: 13
2020-12-19 20:58:10 DEBUG [t1] "TestVolatile":15: 13
2020-12-19 20:58:10 DEBUG [t1] "TestVolatile":15: 13
2020-12-19 20:58:10 DEBUG [t1] "TestVolatile":15: 13
2020-12-19 20:58:10 DEBUG [t1] "TestVolatile":15: 13
2020-12-19 20:58:10 DEBUG [t1] "TestVolatile":15: 13
2020-12-19 20:58:10 DEBUG [t1] "TestVolatile":15: 13
2020-12-19 20:58:10 DEBUG [t1] "TestVolatile":15: 13
2020-12-19 20:58:10 DEBUG [t1] "TestVolatile":15: 13
2020-12-19 20:58:10 DEBUG [t1] "TestVolatile":15: 13
2020-12-19 20:58:10 DEBUG [t1] "TestVolatile":15: 13
2020-12-19 20:58:10 DEBUG [t1] "TestVolatile":15: 13
2020-12-19 20:58:10 DEBUG [t1] "TestVolatile":15: 13
2020-12-19 20:58:10 DEBUG [t1] "TestVolatile":15: 13
2020-12-19 20:58:10 DEBUG [t1] "TestVolatile":15: 13
2020-12-19 20:58:10 DEBUG [t1] "TestVolatile":15: 13
2020-12-19 20:58:10 DEBUG [t1] "TestVolatile":15: 13
2020-12-19 20:58:10 DEBUG [t1] "TestVolatile":15: 13
2020-12-19 20:58:10 DEBUG [t1] "TestVolatile":15: 13
2020-12-19 20:58:10 DEBUG [t1] "TestVolatile":15: 13
2020-12-19 20:58:10 DEBUG [t1] "TestVolatile":15: 13
2020-12-19 20:58:10 DEBUG [t1] "TestVolatile":15: 13
2020-12-19 20:58:10 DEBUG [t1] "TestVolatile":15: 13
2020-12-19 20:58:10 DEBUG [t1] "TestVolatile":15: 13
2020-12-19 20:58:10 DEBUG [t1] "TestVolatile":15: 13
2020-12-19 20:58:10 DEBUG [t1] "TestVolatile":15: 13
2020-12-19 20:58:10 DEBUG [t1] "TestVolatile":15: 13
2020-12-19 20:58:10 DEBUG [t1] "TestVolatile":15: 13
2020-12-19 20:58:10 DEBUG [t1] "TestVolatile":15: 13
2020-12-19 20:58:10 DEBUG [t1] "TestVolatile":15: 13
2020-12-19 20:58:10 DEBUG [t1] "TestVolatile":15: 13
2020-12-19 20:58:10 DEBUG [t1] "TestVolatile":15: 13
2020-12-19 20:58:10 DEBUG [t1] "TestVolatile":15: 13
2020-12-19 20:58:10 DEBUG [t1] "TestVolatile":15: 13
2020-12-19 20:58:10 DEBUG [t1] "TestVolatile":15: 13
2020-12-19 20:58:10 DEBUG [t1] "TestVolatile":15: 13
2020-12-19 20:58:10 DEBUG [t1] "TestVolatile":15: 13
2020-12-19 20:58:10 DEBUG [t1] "TestVolatile":15: 13
2020-12-19 20:58:10 DEBUG [t1] "TestVolatile":15: 13
2020-12-19 20:58:10 DEBUG [t1] "TestVolatile":15: 13
2020-12-19 20:58:10 DEBUG [t1] "TestVolatile":15: 13
2020-12-19 20:58:10 DEBUG [t1] "TestVolatile":15: 13
2020-12-19 20:58:10 DEBUG [t1] "TestVolatile":15: 13
2020-12-19 20:58:10 DEBUG [t1] "TestVolatile":15: 13
2020-12-19 20:58:10 DEBUG [t1] "TestVolatile":15: 13
2020-12-19 20:58:10 DEBUG [t1] "TestVolatile":15: 13
2020-12-19 20:58:10 DEBUG [t1] "TestVolatile":15: 13
2020-12-19 20:58:10 DEBUG [t1] "TestVolatile":15: 13
2020-12-19 20:58:10 DEBUG [t1] "TestVolatile":15: 13
2020-12-19 20:58:10 DEBUG [t1] "TestVolatile":15: 13
2020-12-19 20:58:10 DEBUG [t1] "TestVolatile":15: 13
2020-12-19 20:58:10 DEBUG [t1] "TestVolatile":15: 13
2020-12-19 20:58:10 DEBUG [t1] "TestVolatile":15: 13
2020-12-19 20:58:10 DEBUG [t1] "TestVolatile":15: 13
2020-12-19 20:58:10 DEBUG [t1] "TestVolatile":15: 13
2020-12-19 20:58:10 DEBUG [t1] "TestVolatile":15: 13
2020-12-19 20:58:10 DEBUG [t1] "TestVolatile":15: 13
2020-12-19 20:58:10 DEBUG [t1] "TestVolatile":15: 13
2020-12-19 20:58:10 DEBUG [t1] "TestVolatile":15: 13
2020-12-19 20:58:10 DEBUG [t1] "TestVolatile":15: 13
2020-12-19 20:58:10 DEBUG [t1] "TestVolatile":15: 13
2020-12-19 20:58:10 DEBUG [t1] "TestVolatile":15: 13
2020-12-19 20:58:10 DEBUG [t1] "TestVolatile":15: 13
2020-12-19 20:58:10 DEBUG [t1] "TestVolatile":15: 13
2020-12-19 20:58:10 DEBUG [t1] "TestVolatile":15: 13
2020-12-19 20:58:10 DEBUG [t1] "TestVolatile":15: 13
2020-12-19 20:58:10 DEBUG [t1] "TestVolatile":15: 13
2020-12-19 20:58:10 DEBUG [t1] "TestVolatile":15: 13
2020-12-19 20:58:10 DEBUG [t1] "TestVolatile":15: 13
2020-12-19 20:58:10 DEBUG [t1] "TestVolatile":15: 13
2020-12-19 20:58:10 DEBUG [t1] "TestVolatile":15: 13
2020-12-19 20:58:10 DEBUG [t1] "TestVolatile":15: 13
2020-12-19 20:58:10 DEBUG [t1] "TestVolatile":15: 13
2020-12-19 20:58:10 DEBUG [t1] "TestVolatile":15: 13
2020-12-19 20:58:10 DEBUG [t1] "TestVolatile":15: 13
2020-12-19 20:58:10 DEBUG [t1] "TestVolatile":15: 13
2020-12-19 20:58:10 DEBUG [t1] "TestVolatile":15: 13
2020-12-19 20:58:10 DEBUG [t1] "TestVolatile":15: 13
2020-12-19 20:58:10 DEBUG [t1] "TestVolatile":15: 13
2020-12-19 20:58:10 DEBUG [t1] "TestVolatile":15: 13
2020-12-19 20:58:10 DEBUG [t1] "TestVolatile":15: 13
2020-12-19 20:58:10 DEBUG [t1] "TestVolatile":15: 13
2020-12-19 20:58:10 DEBUG [t1] "TestVolatile":15: 13
2020-12-19 20:58:10 DEBUG [t1] "TestVolatile":15: 13
2020-12-19 20:58:10 DEBUG [t1] "TestVolatile":15: 13
2020-12-19 20:58:10 DEBUG [t1] "TestVolatile":15: 13
2020-12-19 20:58:10 DEBUG [t1] "TestVolatile":15: 13
2020-12-19 20:58:10 DEBUG [t1] "TestVolatile":15: 13
2020-12-19 20:58:10 DEBUG [t1] "TestVolatile":15: 13
2020-12-19 20:58:10 DEBUG [t1] "TestVolatile":15: 13
2020-12-19 20:58:10 DEBUG [t1] "TestVolatile":15: 13
2020-12-19 20:58:10 DEBUG [t1] "TestVolatile":15: 13
2020-12-19 20:58:10 DEBUG [t1] "TestVolatile":15: 13
2020-12-19 20:58:10 DEBUG [t1] "TestVolatile":15: 13
2020-12-19 20:58:10 DEBUG [t1] "TestVolatile":15: 13
2020-12-19 20:58:10 DEBUG [t1] "TestVolatile":15: 13
2020-12-19 20:58:10 DEBUG [t1] "TestVolatile":15: 13
2020-12-19 20:58:10 DEBUG [t1] "TestVolatile":15: 13
2020-12-19 20:58:10 DEBUG [t1] "TestVolatile":15: 13
2020-12-19 20:58:10 DEBUG [t1] "TestVolatile":15: 13
2020-12-19 20:58:10 DEBUG [t1] "TestVolatile":15: 13
2020-12-19 20:58:10 DEBUG [t1] "TestVolatile":15: 13
2020-12-19 20:58:10 DEBUG [t1] "TestVolatile":15: 13
2020-12-19 20:58:10 DEBUG [t1] "TestVolatile":15: 13
2020-12-19 20:58:10 DEBUG [t1] "TestVolatile":15: 13
2020-12-19 20:58:10 DEBUG [t1] "TestVolatile":15: 13
2020-12-19 20:58:10 DEBUG [t1] "TestVolatile":15: 13
2020-12-19 20:58:10 DEBUG [t1] "TestVolatile":15: 13
2020-12-19 20:58:10 DEBUG [t1] "TestVolatile":15: 13
2020-12-19 20:58:10 DEBUG [t1] "TestVolatile":15: 13
2020-12-19 20:58:10 DEBUG [t1] "TestVolatile":15: 13
2020-12-19 20:58:10 DEBUG [t1] "TestVolatile":15: 13
2020-12-19 20:58:10 DEBUG [t1] "TestVolatile":15: 13
2020-12-19 20:58:10 DEBUG [t1] "TestVolatile":15: 13
2020-12-19 20:58:10 DEBUG [t1] "TestVolatile":15: 13
2020-12-19 20:58:10 DEBUG [t1] "TestVolatile":15: 13
2020-12-19 20:58:10 DEBUG [t1] "TestVolatile":15: 13
2020-12-19 20:58:10 DEBUG [t1] "TestVolatile":15: 13
2020-12-19 20:58:10 DEBUG [t1] "TestVolatile":15: 13
2020-12-19 20:58:10 DEBUG [t1] "TestVolatile":15: 13
2020-12-19 20:58:10 DEBUG [t1] "TestVolatile":15: 13
2020-12-19 20:58:10 DEBUG [t1] "TestVolatile":15: 13
2020-12-19 20:58:10 DEBUG [t1] "TestVolatile":15: 13
2020-12-19 20:58:10 DEBUG [t1] "TestVolatile":15: 13
2020-12-19 20:58:10 DEBUG [t1] "TestVolatile":15: 13
2020-12-19 20:58:10 DEBUG [t1] "TestVolatile":15: 13
2020-12-19 20:58:10 DEBUG [t1] "TestVolatile":15: 13
2020-12-19 20:58:10 DEBUG [t1] "TestVolatile":15: 13
2020-12-19 20:58:10 DEBUG [t1] "TestVolatile":15: 13
2020-12-19 20:58:10 DEBUG [t1] "TestVolatile":15: 13
2020-12-19 20:58:10 DEBUG [t1] "TestVolatile":15: 13
2020-12-19 20:58:10 DEBUG [t1] "TestVolatile":15: 13
2020-12-19 20:58:10 DEBUG [t1] "TestVolatile":15: 13
2020-12-19 20:58:10 DEBUG [t1] "TestVolatile":15: 13
2020-12-19 20:58:10 DEBUG [t1] "TestVolatile":15: 13
2020-12-19 20:58:10 DEBUG [t1] "TestVolatile":15: 13
2020-12-19 20:58:10 DEBUG [t1] "TestVolatile":15: 13
2020-12-19 20:58:10 DEBUG [t1] "TestVolatile":15: 13
2020-12-19 20:58:10 DEBUG [t1] "TestVolatile":15: 13
2020-12-19 20:58:10 DEBUG [t1] "TestVolatile":15: 13
2020-12-19 20:58:10 DEBUG [t1] "TestVolatile":15: 13
2020-12-19 20:58:10 DEBUG [t1] "TestVolatile":15: 13
2020-12-19 20:58:10 DEBUG [t1] "TestVolatile":15: 13
2020-12-19 20:58:10 DEBUG [t1] "TestVolatile":15: 13
2020-12-19 20:58:10 DEBUG [t1] "TestVolatile":15: 13
2020-12-19 20:58:10 DEBUG [t1] "TestVolatile":15: 13
2020-12-19 20:58:10 DEBUG [t1] "TestVolatile":15: 13
2020-12-19 20:58:10 DEBUG [t1] "TestVolatile":15: 13
2020-12-19 20:58:10 DEBUG [t1] "TestVolatile":15: 13
2020-12-19 20:58:10 DEBUG [t1] "TestVolatile":15: 13
2020-12-19 20:58:10 DEBUG [t1] "TestVolatile":15: 13
2020-12-19 20:58:10 DEBUG [t1] "TestVolatile":15: 13
2020-12-19 20:58:10 DEBUG [t1] "TestVolatile":15: 13
2020-12-19 20:58:10 DEBUG [t1] "TestVolatile":15: 13
2020-12-19 20:58:10 DEBUG [t1] "TestVolatile":15: 13
2020-12-19 20:58:10 DEBUG [t1] "TestVolatile":15: 13
2020-12-19 20:58:10 DEBUG [t1] "TestVolatile":15: 13
2020-12-19 20:58:10 DEBUG [t1] "TestVolatile":15: 13
2020-12-19 20:58:10 DEBUG [t1] "TestVolatile":15: 13
2020-12-19 20:58:10 DEBUG [t1] "TestVolatile":15: 13
2020-12-19 20:58:10 DEBUG [t1] "TestVolatile":15: 13
2020-12-19 20:58:10 DEBUG [t1] "TestVolatile":15: 13
2020-12-19 20:58:10 DEBUG [t1] "TestVolatile":15: 13
2020-12-19 20:58:10 DEBUG [t1] "TestVolatile":15: 13
2020-12-19 20:58:10 DEBUG [t1] "TestVolatile":15: 13
2020-12-19 20:58:10 DEBUG [t1] "TestVolatile":15: 13
2020-12-19 20:58:10 DEBUG [t1] "TestVolatile":15: 13
2020-12-19 20:58:10 DEBUG [t1] "TestVolatile":15: 13
2020-12-19 20:58:10 DEBUG [t1] "TestVolatile":15: 13
2020-12-19 20:58:10 DEBUG [t1] "TestVolatile":15: 13
2020-12-19 20:58:10 DEBUG [t1] "TestVolatile":15: 13
2020-12-19 20:58:10 DEBUG [t1] "TestVolatile":15: 13
2020-12-19 20:58:10 DEBUG [t1] "TestVolatile":15: 13
2020-12-19 20:58:10 DEBUG [t1] "TestVolatile":15: 13
2020-12-19 20:58:10 DEBUG [t1] "TestVolatile":15: 13
2020-12-19 20:58:10 DEBUG [t1] "TestVolatile":15: 13
2020-12-19 20:58:10 DEBUG [t1] "TestVolatile":15: 13
2020-12-19 20:58:10 DEBUG [t1] "TestVolatile":15: 13
2020-12-19 20:58:10 DEBUG [t1] "TestVolatile":15: 13
2020-12-19 20:58:10 DEBUG [t1] "TestVolatile":15: 13
2020-12-19 20:58:10 DEBUG [t1] "TestVolatile":15: 13
2020-12-19 20:58:10 DEBUG [t1] "TestVolatile":15: 13
2020-12-19 20:58:10 DEBUG [t1] "TestVolatile":15: 13
2020-12-19 20:58:10 DEBUG [t1] "TestVolatile":15: 13
2020-12-19 20:58:10 DEBUG [t1] "TestVolatile":15: 13
2020-12-19 20:58:10 DEBUG [t1] "TestVolatile":15: 13
2020-12-19 20:58:10 DEBUG [t1] "TestVolatile":15: 13
2020-12-19 20:58:10 DEBUG [t1] "TestVolatile":15: 13
2020-12-19 20:58:10 DEBUG [t1] "TestVolatile":15: 13
2020-12-19 20:58:10 DEBUG [t1] "TestVolatile":15: 13
2020-12-19 20:58:10 DEBUG [t1] "TestVolatile":15: 13
2020-12-19 20:58:10 DEBUG [t1] "TestVolatile":15: 13
2020-12-19 20:58:10 DEBUG [t1] "TestVolatile":15: 13
2020-12-19 20:58:10 DEBUG [t1] "TestVolatile":15: 13
2020-12-19 20:58:10 DEBUG [t1] "TestVolatile":15: 13
2020-12-19 20:58:10 DEBUG [t1] "TestVolatile":15: 13
2020-12-19 20:58:10 DEBUG [t1] "TestVolatile":15: 13
2020-12-19 20:58:10 DEBUG [t1] "TestVolatile":15: 13
2020-12-19 20:58:10 DEBUG [t1] "TestVolatile":15: 13
2020-12-19 20:58:10 DEBUG [t1] "TestVolatile":15: 13
2020-12-19 20:58:10 DEBUG [t1] "TestVolatile":15: 13
2020-12-19 20:58:10 DEBUG [t1] "TestVolatile":15: 13
2020-12-19 20:58:10 DEBUG [t1] "TestVolatile":15: 13
2020-12-19 20:58:10 DEBUG [t1] "TestVolatile":15: 13
2020-12-19 20:58:10 DEBUG [t1] "TestVolatile":15: 13
2020-12-19 20:58:10 DEBUG [t1] "TestVolatile":15: 13
2020-12-19 20:58:10 DEBUG [t1] "TestVolatile":15: 13
2020-12-19 20:58:10 DEBUG [t1] "TestVolatile":15: 13
2020-12-19 20:58:10 DEBUG [t1] "TestVolatile":15: 13
2020-12-19 20:58:10 DEBUG [t1] "TestVolatile":15: 13
2020-12-19 20:58:10 DEBUG [t1] "TestVolatile":15: 13
2020-12-19 20:58:10 DEBUG [t1] "TestVolatile":15: 13
2020-12-19 20:58:10 DEBUG [t1] "TestVolatile":15: 13
2020-12-19 20:58:10 DEBUG [t1] "TestVolatile":15: 13
2020-12-19 20:58:10 DEBUG [t1] "TestVolatile":15: 13
2020-12-19 20:58:10 DEBUG [t1] "TestVolatile":15: 13
2020-12-19 20:58:10 DEBUG [t1] "TestVolatile":15: 13
2020-12-19 20:58:10 DEBUG [t1] "TestVolatile":15: 13
2020-12-19 20:58:10 DEBUG [t1] "TestVolatile":15: 13
2020-12-19 20:58:10 DEBUG [t1] "TestVolatile":15: 13
2020-12-19 20:58:10 DEBUG [t1] "TestVolatile":15: 13
2020-12-19 20:58:10 DEBUG [t1] "TestVolatile":15: 13
2020-12-19 20:58:10 DEBUG [t1] "TestVolatile":15: 13
2020-12-19 20:58:10 DEBUG [t1] "TestVolatile":15: 13
2020-12-19 20:58:10 DEBUG [t1] "TestVolatile":15: 13
2020-12-19 20:58:10 DEBUG [t1] "TestVolatile":15: 13
2020-12-19 20:58:10 DEBUG [t1] "TestVolatile":15: 13
2020-12-19 20:58:10 DEBUG [t1] "TestVolatile":15: 13
2020-12-19 20:58:10 DEBUG [t1] "TestVolatile":15: 13
2020-12-19 20:58:10 DEBUG [t1] "TestVolatile":15: 13
2020-12-19 20:58:10 DEBUG [t1] "TestVolatile":15: 13
2020-12-19 20:58:10 DEBUG [t1] "TestVolatile":15: 13
2020-12-19 20:58:10 DEBUG [t1] "TestVolatile":15: 13
2020-12-19 20:58:10 DEBUG [t1] "TestVolatile":15: 13
2020-12-19 20:58:10 DEBUG [t1] "TestVolatile":15: 13
2020-12-19 20:58:10 DEBUG [t1] "TestVolatile":15: 13
2020-12-19 20:58:10 DEBUG [t1] "TestVolatile":15: 13
2020-12-19 20:58:10 DEBUG [t1] "TestVolatile":15: 13
2020-12-19 20:58:10 DEBUG [t1] "TestVolatile":15: 13
2020-12-19 20:58:10 DEBUG [t1] "TestVolatile":15: 13
2020-12-19 20:58:10 DEBUG [t1] "TestVolatile":15: 13
2020-12-19 20:58:10 DEBUG [t1] "TestVolatile":15: 13
2020-12-19 20:58:10 DEBUG [t1] "TestVolatile":15: 13
2020-12-19 20:58:10 DEBUG [t1] "TestVolatile":15: 13
2020-12-19 20:58:10 DEBUG [t1] "TestVolatile":15: 13
2020-12-19 20:58:10 DEBUG [t1] "TestVolatile":15: 13
2020-12-19 20:58:10 DEBUG [t1] "TestVolatile":15: 13
2020-12-19 20:58:10 DEBUG [t1] "TestVolatile":15: 13
2020-12-19 20:58:10 DEBUG [t1] "TestVolatile":15: 13
2020-12-19 20:58:10 DEBUG [t1] "TestVolatile":15: 13
2020-12-19 20:58:10 DEBUG [t1] "TestVolatile":15: 13
2020-12-19 20:58:10 DEBUG [t1] "TestVolatile":15: 13
2020-12-19 20:58:10 DEBUG [t1] "TestVolatile":15: 13
2020-12-19 20:58:10 DEBUG [t1] "TestVolatile":15: 13
2020-12-19 20:58:10 DEBUG [t1] "TestVolatile":15: 13
2020-12-19 20:58:10 DEBUG [t1] "TestVolatile":15: 13
2020-12-19 20:58:10 DEBUG [t1] "TestVolatile":15: 13
2020-12-19 20:58:10 DEBUG [t1] "TestVolatile":15: 13
2020-12-19 20:58:10 DEBUG [t1] "TestVolatile":15: 13
2020-12-19 20:58:10 DEBUG [t1] "TestVolatile":15: 13
2020-12-19 20:58:10 DEBUG [t1] "TestVolatile":15: 13
2020-12-19 20:58:10 DEBUG [t1] "TestVolatile":15: 13
2020-12-19 20:58:10 DEBUG [t1] "TestVolatile":15: 13
2020-12-19 20:58:10 DEBUG [t1] "TestVolatile":15: 13
2020-12-19 20:58:10 DEBUG [t1] "TestVolatile":15: 13
2020-12-19 20:58:10 DEBUG [t1] "TestVolatile":15: 13
2020-12-19 20:58:10 DEBUG [t1] "TestVolatile":15: 13
2020-12-19 20:58:10 DEBUG [t1] "TestVolatile":15: 13
2020-12-19 20:58:10 DEBUG [t1] "TestVolatile":15: 13
2020-12-19 20:58:10 DEBUG [t1] "TestVolatile":15: 13
2020-12-19 20:58:10 DEBUG [t1] "TestVolatile":15: 13
2020-12-19 20:58:10 DEBUG [t1] "TestVolatile":15: 13
2020-12-19 20:58:10 DEBUG [t1] "TestVolatile":15: 13
2020-12-19 20:58:10 DEBUG [t1] "TestVolatile":15: 13
2020-12-19 20:58:10 DEBUG [t1] "TestVolatile":15: 13
2020-12-19 20:58:10 DEBUG [t1] "TestVolatile":15: 13
2020-12-19 20:58:10 DEBUG [t1] "TestVolatile":15: 13
2020-12-19 20:58:10 DEBUG [t1] "TestVolatile":15: 13
2020-12-19 20:58:10 DEBUG [t1] "TestVolatile":15: 13
2020-12-19 20:58:10 DEBUG [t1] "TestVolatile":15: 13
2020-12-19 20:58:10 DEBUG [t1] "TestVolatile":15: 13
2020-12-19 20:58:10 DEBUG [t1] "TestVolatile":15: 13
2020-12-19 20:58:10 DEBUG [t1] "TestVolatile":15: 13
2020-12-19 20:58:10 DEBUG [t1] "TestVolatile":15: 13
2020-12-19 20:58:10 DEBUG [t1] "TestVolatile":15: 13
2020-12-19 20:58:10 DEBUG [t1] "TestVolatile":15: 13
2020-12-19 20:58:10 DEBUG [t1] "TestVolatile":15: 13
2020-12-19 20:58:10 DEBUG [t1] "TestVolatile":15: 13
2020-12-19 20:58:10 DEBUG [t1] "TestVolatile":15: 13
2020-12-19 20:58:10 DEBUG [t1] "TestVolatile":15: 13
2020-12-19 20:58:10 DEBUG [t1] "TestVolatile":15: 13
2020-12-19 20:58:10 DEBUG [t1] "TestVolatile":15: 13
2020-12-19 20:58:10 DEBUG [t1] "TestVolatile":15: 13
2020-12-19 20:58:10 DEBUG [t1] "TestVolatile":15: 13
2020-12-19 20:58:10 DEBUG [t1] "TestVolatile":15: 13
2020-12-19 20:58:10 DEBUG [t1] "TestVolatile":15: 13
2020-12-19 20:58:10 DEBUG [t1] "TestVolatile":15: 13
2020-12-19 20:58:10 DEBUG [t1] "TestVolatile":15: 13
2020-12-19 20:58:10 DEBUG [t1] "TestVolatile":15: 13
2020-12-19 20:58:10 DEBUG [t1] "TestVolatile":15: 13
2020-12-19 20:58:10 DEBUG [t1] "TestVolatile":15: 13
2020-12-19 20:58:10 DEBUG [t1] "TestVolatile":15: 13
2020-12-19 20:58:10 DEBUG [t1] "TestVolatile":15: 13
2020-12-19 20:58:10 DEBUG [t1] "TestVolatile":15: 13
2020-12-19 20:58:10 DEBUG [t1] "TestVolatile":15: 13
2020-12-19 20:58:10 DEBUG [t1] "TestVolatile":15: 13
2020-12-19 20:58:10 DEBUG [t1] "TestVolatile":15: 13
2020-12-19 20:58:10 DEBUG [t1] "TestVolatile":15: 13
2020-12-19 20:58:10 DEBUG [t1] "TestVolatile":15: 13
2020-12-19 20:58:10 DEBUG [t1] "TestVolatile":15: 13
2020-12-19 20:58:10 DEBUG [t1] "TestVolatile":15: 13
2020-12-19 20:58:10 DEBUG [t1] "TestVolatile":15: 13
2020-12-19 20:58:10 DEBUG [t1] "TestVolatile":15: 13
2020-12-19 20:58:10 DEBUG [t1] "TestVolatile":15: 13
2020-12-19 20:58:10 DEBUG [t1] "TestVolatile":15: 13
2020-12-19 20:58:10 DEBUG [t1] "TestVolatile":15: 13
2020-12-19 20:58:10 DEBUG [t1] "TestVolatile":15: 13
2020-12-19 20:58:10 DEBUG [t1] "TestVolatile":15: 13
2020-12-19 20:58:10 DEBUG [t1] "TestVolatile":15: 13
2020-12-19 20:58:10 DEBUG [t1] "TestVolatile":15: 13
2020-12-19 20:58:10 DEBUG [t1] "TestVolatile":15: 13
2020-12-19 20:58:10 DEBUG [t1] "TestVolatile":15: 13
2020-12-19 20:58:10 DEBUG [t1] "TestVolatile":15: 13
2020-12-19 20:58:10 DEBUG [t1] "TestVolatile":15: 13
2020-12-19 20:58:10 DEBUG [t1] "TestVolatile":15: 13
2020-12-19 20:58:10 DEBUG [t1] "TestVolatile":15: 13
2020-12-19 20:58:10 DEBUG [t1] "TestVolatile":15: 13
2020-12-19 20:58:10 DEBUG [t1] "TestVolatile":15: 13
2020-12-19 20:58:10 DEBUG [t1] "TestVolatile":15: 13
2020-12-19 20:58:10 DEBUG [t1] "TestVolatile":15: 13
2020-12-19 20:58:10 DEBUG [t1] "TestVolatile":15: 13
2020-12-19 20:58:10 DEBUG [t1] "TestVolatile":15: 13
2020-12-19 20:58:10 DEBUG [t1] "TestVolatile":15: 13
2020-12-19 20:58:10 DEBUG [t1] "TestVolatile":15: 13
2020-12-19 20:58:10 DEBUG [t1] "TestVolatile":15: 13
2020-12-19 20:58:10 DEBUG [t1] "TestVolatile":15: 13
2020-12-19 20:58:10 DEBUG [t1] "TestVolatile":15: 13
2020-12-19 20:58:10 DEBUG [t1] "TestVolatile":15: 13
2020-12-19 20:58:10 DEBUG [t1] "TestVolatile":15: 13
2020-12-19 20:58:10 DEBUG [t1] "TestVolatile":15: 13
2020-12-19 20:58:10 DEBUG [t1] "TestVolatile":15: 13
2020-12-19 20:58:10 DEBUG [t1] "TestVolatile":15: 13
2020-12-19 20:58:10 DEBUG [t1] "TestVolatile":15: 13
2020-12-19 20:58:10 DEBUG [t1] "TestVolatile":15: 13
2020-12-19 20:58:10 DEBUG [t1] "TestVolatile":15: 13
2020-12-19 20:58:10 DEBUG [t1] "TestVolatile":15: 13
2020-12-19 20:58:10 DEBUG [t1] "TestVolatile":15: 13
2020-12-19 20:58:10 DEBUG [t1] "TestVolatile":15: 13
2020-12-19 20:58:10 DEBUG [t1] "TestVolatile":15: 13
2020-12-19 20:58:10 DEBUG [t1] "TestVolatile":15: 13
2020-12-19 20:58:10 DEBUG [t1] "TestVolatile":15: 13
2020-12-19 20:58:10 DEBUG [t1] "TestVolatile":15: 13
2020-12-19 20:58:10 DEBUG [t1] "TestVolatile":15: 13
2020-12-19 20:58:10 DEBUG [t1] "TestVolatile":15: 13
2020-12-19 20:58:10 DEBUG [t1] "TestVolatile":15: 13
2020-12-19 20:58:10 DEBUG [t1] "TestVolatile":15: 13
2020-12-19 20:58:10 DEBUG [t1] "TestVolatile":15: 13
2020-12-19 20:58:10 DEBUG [t1] "TestVolatile":15: 13
2020-12-19 20:58:10 DEBUG [t1] "TestVolatile":15: 13
2020-12-19 20:58:10 DEBUG [t1] "TestVolatile":15: 13
2020-12-19 20:58:10 DEBUG [t1] "TestVolatile":15: 13
2020-12-19 20:58:10 DEBUG [t1] "TestVolatile":15: 13
2020-12-19 20:58:10 DEBUG [t1] "TestVolatile":15: 13
2020-12-19 20:58:10 DEBUG [t1] "TestVolatile":15: 13
2020-12-19 20:58:10 DEBUG [t1] "TestVolatile":15: 13
2020-12-19 20:58:10 DEBUG [t1] "TestVolatile":15: 13
2020-12-19 20:58:10 DEBUG [t1] "TestVolatile":15: 13
2020-12-19 20:58:10 DEBUG [t1] "TestVolatile":15: 13
2020-12-19 20:58:10 DEBUG [t1] "TestVolatile":15: 13
2020-12-19 20:58:10 DEBUG [t1] "TestVolatile":15: 13
2020-12-19 20:58:10 DEBUG [t1] "TestVolatile":15: 13
2020-12-19 20:58:10 DEBUG [t1] "TestVolatile":15: 13
2020-12-19 20:58:10 DEBUG [t1] "TestVolatile":15: 13
2020-12-19 20:58:10 DEBUG [t1] "TestVolatile":15: 13
2020-12-19 20:58:10 DEBUG [t1] "TestVolatile":15: 13
2020-12-19 20:58:10 DEBUG [t1] "TestVolatile":15: 13
2020-12-19 20:58:10 DEBUG [t1] "TestVolatile":15: 13
2020-12-19 20:58:10 DEBUG [t1] "TestVolatile":15: 13
2020-12-19 20:58:10 DEBUG [t1] "TestVolatile":15: 13
2020-12-19 20:58:10 DEBUG [t1] "TestVolatile":15: 13
2020-12-19 20:58:10 DEBUG [t1] "TestVolatile":15: 13
2020-12-19 20:58:10 DEBUG [t1] "TestVolatile":15: 13
2020-12-19 20:58:10 DEBUG [t1] "TestVolatile":15: 13
2020-12-19 20:58:10 DEBUG [t1] "TestVolatile":15: 13
2020-12-19 20:58:10 DEBUG [t1] "TestVolatile":15: 13
2020-12-19 20:58:10 DEBUG [t1] "TestVolatile":15: 13
2020-12-19 20:58:10 DEBUG [t1] "TestVolatile":15: 13
2020-12-19 20:58:10 DEBUG [t1] "TestVolatile":15: 13
2020-12-19 20:58:10 DEBUG [t1] "TestVolatile":15: 13
2020-12-19 20:58:10 DEBUG [t1] "TestVolatile":15: 13
2020-12-19 20:58:10 DEBUG [t1] "TestVolatile":15: 13
2020-12-19 20:58:10 DEBUG [t1] "TestVolatile":15: 13
2020-12-19 20:58:10 DEBUG [t1] "TestVolatile":15: 13
2020-12-19 20:58:10 DEBUG [t1] "TestVolatile":15: 13
2020-12-19 20:58:10 DEBUG [t1] "TestVolatile":15: 13
2020-12-19 20:58:10 DEBUG [t1] "TestVolatile":15: 13
2020-12-19 20:58:10 DEBUG [t1] "TestVolatile":15: 13
2020-12-19 20:58:10 DEBUG [t1] "TestVolatile":15: 13
2020-12-19 20:58:10 DEBUG [t1] "TestVolatile":15: 13
2020-12-19 20:58:10 DEBUG [t1] "TestVolatile":15: 13
2020-12-19 20:58:10 DEBUG [t1] "TestVolatile":15: 13
2020-12-19 20:58:10 DEBUG [t1] "TestVolatile":15: 13
2020-12-19 20:58:10 DEBUG [t1] "TestVolatile":15: 13
2020-12-19 20:58:10 DEBUG [t1] "TestVolatile":15: 13
2020-12-19 20:58:10 DEBUG [t1] "TestVolatile":15: 13
2020-12-19 20:58:10 DEBUG [t1] "TestVolatile":15: 13
2020-12-19 20:58:10 DEBUG [t1] "TestVolatile":15: 13
2020-12-19 20:58:10 DEBUG [t1] "TestVolatile":15: 13
2020-12-19 20:58:10 DEBUG [t1] "TestVolatile":15: 13
2020-12-19 20:58:10 DEBUG [t1] "TestVolatile":15: 13
2020-12-19 20:58:10 DEBUG [t1] "TestVolatile":15: 13
2020-12-19 20:58:10 DEBUG [t1] "TestVolatile":15: 13
2020-12-19 20:58:10 DEBUG [t1] "TestVolatile":15: 13
2020-12-19 20:58:10 DEBUG [t1] "TestVolatile":15: 13
2020-12-19 20:58:10 DEBUG [t1] "TestVolatile":15: 13
2020-12-19 20:58:10 DEBUG [t1] "TestVolatile":15: 13
2020-12-19 20:58:10 DEBUG [t1] "TestVolatile":15: 13
2020-12-19 20:58:10 DEBUG [t1] "TestVolatile":15: 13
2020-12-19 20:58:10 DEBUG [t1] "TestVolatile":15: 13
2020-12-19 20:58:10 DEBUG [t1] "TestVolatile":15: 13
2020-12-19 20:58:10 DEBUG [t1] "TestVolatile":15: 13
2020-12-19 20:58:10 DEBUG [t1] "TestVolatile":15: 13
2020-12-19 20:58:10 DEBUG [t1] "TestVolatile":15: 13
2020-12-19 20:58:10 DEBUG [t1] "TestVolatile":15: 13
2020-12-19 20:58:10 DEBUG [t1] "TestVolatile":15: 13
2020-12-19 20:58:10 DEBUG [t1] "TestVolatile":15: 13
2020-12-19 20:58:10 DEBUG [t1] "TestVolatile":15: 13
2020-12-19 20:58:10 DEBUG [t1] "TestVolatile":15: 13
2020-12-19 20:58:10 DEBUG [t1] "TestVolatile":15: 13
2020-12-19 20:58:10 DEBUG [t1] "TestVolatile":15: 13
2020-12-19 20:58:10 DEBUG [t1] "TestVolatile":15: 13
2020-12-19 20:58:10 DEBUG [t1] "TestVolatile":15: 13
2020-12-19 20:58:10 DEBUG [t1] "TestVolatile":15: 13
2020-12-19 20:58:10 DEBUG [t1] "TestVolatile":15: 13
2020-12-19 20:58:10 DEBUG [t1] "TestVolatile":15: 13
2020-12-19 20:58:10 DEBUG [t1] "TestVolatile":15: 13
2020-12-19 20:58:10 DEBUG [t1] "TestVolatile":15: 13
2020-12-19 20:58:10 DEBUG [t1] "TestVolatile":15: 13
2020-12-19 20:58:10 DEBUG [t1] "TestVolatile":15: 13
2020-12-19 20:58:10 DEBUG [t1] "TestVolatile":15: 13
2020-12-19 20:58:10 DEBUG [t1] "TestVolatile":15: 13
2020-12-19 20:58:10 DEBUG [t1] "TestVolatile":15: 13
2020-12-19 20:58:10 DEBUG [t1] "TestVolatile":15: 13
2020-12-19 20:58:10 DEBUG [t1] "TestVolatile":15: 13
2020-12-19 20:58:10 DEBUG [t1] "TestVolatile":15: 13
2020-12-19 20:58:10 DEBUG [t1] "TestVolatile":15: 13
2020-12-19 20:58:10 DEBUG [t1] "TestVolatile":15: 13
2020-12-19 20:58:10 DEBUG [t1] "TestVolatile":15: 13
2020-12-19 20:58:10 DEBUG [t1] "TestVolatile":15: 13
2020-12-19 20:58:10 DEBUG [t1] "TestVolatile":15: 13
2020-12-19 20:58:10 DEBUG [t1] "TestVolatile":15: 13
2020-12-19 20:58:10 DEBUG [t1] "TestVolatile":15: 13
2020-12-19 20:58:10 DEBUG [t1] "TestVolatile":15: 13
2020-12-19 20:58:10 DEBUG [t1] "TestVolatile":15: 13
2020-12-19 20:58:10 DEBUG [t1] "TestVolatile":15: 13
2020-12-19 20:58:10 DEBUG [t1] "TestVolatile":15: 13
2020-12-19 20:58:10 DEBUG [t1] "TestVolatile":15: 13
2020-12-19 20:58:10 DEBUG [t1] "TestVolatile":15: 13
2020-12-19 20:58:10 DEBUG [t1] "TestVolatile":15: 13
2020-12-19 20:58:10 DEBUG [t1] "TestVolatile":15: 13
2020-12-19 20:58:10 DEBUG [t1] "TestVolatile":15: 13
2020-12-19 20:58:10 DEBUG [t1] "TestVolatile":15: 13
2020-12-19 20:58:10 DEBUG [t1] "TestVolatile":15: 13
2020-12-19 20:58:10 DEBUG [t1] "TestVolatile":15: 13
2020-12-19 20:58:10 DEBUG [t1] "TestVolatile":15: 13
2020-12-19 20:58:10 DEBUG [t1] "TestVolatile":15: 13
2020-12-19 20:58:10 DEBUG [t1] "TestVolatile":15: 13
2020-12-19 20:58:10 DEBUG [t1] "TestVolatile":15: 13
2020-12-19 20:58:10 DEBUG [t1] "TestVolatile":15: 13
2020-12-19 20:58:10 DEBUG [t1] "TestVolatile":15: 13
2020-12-19 20:58:10 DEBUG [t1] "TestVolatile":15: 13
2020-12-19 20:58:10 DEBUG [t1] "TestVolatile":15: 13
2020-12-19 20:58:10 DEBUG [t1] "TestVolatile":15: 13
2020-12-19 20:58:10 DEBUG [t1] "TestVolatile":15: 13
2020-12-19 20:58:10 DEBUG [t1] "TestVolatile":15: 13
2020-12-19 20:58:10 DEBUG [t1] "TestVolatile":15: 13
2020-12-19 20:58:10 DEBUG [t1] "TestVolatile":15: 13
2020-12-19 20:58:10 DEBUG [t1] "TestVolatile":15: 13
2020-12-19 20:58:10 DEBUG [t1] "TestVolatile":15: 13
2020-12-19 20:58:10 DEBUG [t1] "TestVolatile":15: 13
2020-12-19 20:58:10 DEBUG [t1] "TestVolatile":15: 13
2020-12-19 20:58:10 DEBUG [t1] "TestVolatile":15: 13
2020-12-19 20:58:10 DEBUG [t1] "TestVolatile":15: 13
2020-12-19 20:58:10 DEBUG [t1] "TestVolatile":15: 13
2020-12-19 20:58:10 DEBUG [t1] "TestVolatile":15: 13
2020-12-19 20:58:10 DEBUG [t1] "TestVolatile":15: 13
2020-12-19 20:58:10 DEBUG [t1] "TestVolatile":15: 13
2020-12-19 20:58:10 DEBUG [t1] "TestVolatile":15: 13
2020-12-19 20:58:10 DEBUG [t1] "TestVolatile":15: 13
2020-12-19 20:58:10 DEBUG [t1] "TestVolatile":15: 13
2020-12-19 20:58:10 DEBUG [t1] "TestVolatile":15: 13
2020-12-19 20:58:10 DEBUG [t1] "TestVolatile":15: 13
2020-12-19 20:58:10 DEBUG [t1] "TestVolatile":15: 13
2020-12-19 20:58:10 DEBUG [t1] "TestVolatile":15: 13
2020-12-19 20:58:10 DEBUG [t1] "TestVolatile":15: 13
2020-12-19 20:58:10 DEBUG [t1] "TestVolatile":15: 13
2020-12-19 20:58:10 DEBUG [t1] "TestVolatile":15: 13
2020-12-19 20:58:10 DEBUG [t1] "TestVolatile":15: 13
2020-12-19 20:58:10 DEBUG [t1] "TestVolatile":15: 13
2020-12-19 20:58:10 DEBUG [t1] "TestVolatile":15: 13
2020-12-19 20:58:10 DEBUG [t1] "TestVolatile":15: 13
2020-12-19 20:58:10 DEBUG [t1] "TestVolatile":15: 13
2020-12-19 20:58:10 DEBUG [t1] "TestVolatile":15: 13
2020-12-19 20:58:10 DEBUG [t1] "TestVolatile":15: 13
2020-12-19 20:58:10 DEBUG [t1] "TestVolatile":15: 13
2020-12-19 20:58:10 DEBUG [t1] "TestVolatile":15: 13
2020-12-19 20:58:10 DEBUG [t1] "TestVolatile":15: 13
2020-12-19 20:58:10 DEBUG [t1] "TestVolatile":15: 13
2020-12-19 20:58:10 DEBUG [t1] "TestVolatile":15: 13
2020-12-19 20:58:10 DEBUG [t1] "TestVolatile":15: 13
2020-12-19 20:58:10 DEBUG [t1] "TestVolatile":15: 13
2020-12-19 20:58:10 DEBUG [t1] "TestVolatile":15: 13
2020-12-19 20:58:10 DEBUG [t1] "TestVolatile":15: 13
2020-12-19 20:58:10 DEBUG [t1] "TestVolatile":15: 13
2020-12-19 20:58:10 DEBUG [t1] "TestVolatile":15: 13
2020-12-19 20:58:10 DEBUG [t1] "TestVolatile":15: 13
2020-12-19 20:58:10 DEBUG [t1] "TestVolatile":15: 13
2020-12-19 20:58:10 DEBUG [t1] "TestVolatile":15: 13
2020-12-19 20:58:10 DEBUG [t1] "TestVolatile":15: 13
2020-12-19 20:58:10 DEBUG [t1] "TestVolatile":15: 13
2020-12-19 20:58:10 DEBUG [t1] "TestVolatile":15: 13
2020-12-19 20:58:10 DEBUG [t1] "TestVolatile":15: 13
2020-12-19 20:58:10 DEBUG [t1] "TestVolatile":15: 13
2020-12-19 20:58:10 DEBUG [t1] "TestVolatile":15: 13
2020-12-19 20:58:10 DEBUG [t1] "TestVolatile":15: 13
2020-12-19 20:58:10 DEBUG [t1] "TestVolatile":15: 13
2020-12-19 20:58:10 DEBUG [t1] "TestVolatile":15: 13
2020-12-19 20:58:10 DEBUG [t1] "TestVolatile":15: 13
2020-12-19 20:58:10 DEBUG [t1] "TestVolatile":15: 13
2020-12-19 20:58:10 DEBUG [t1] "TestVolatile":15: 13
2020-12-19 20:58:10 DEBUG [t1] "TestVolatile":15: 13
2020-12-19 20:58:10 DEBUG [t1] "TestVolatile":15: 13
2020-12-19 20:58:10 DEBUG [t1] "TestVolatile":15: 13
2020-12-19 20:58:10 DEBUG [t1] "TestVolatile":15: 13
2020-12-19 20:58:10 DEBUG [t1] "TestVolatile":15: 13
2020-12-19 20:58:10 DEBUG [t1] "TestVolatile":15: 13
2020-12-19 20:58:10 DEBUG [t1] "TestVolatile":15: 13
2020-12-19 20:58:10 DEBUG [t1] "TestVolatile":15: 13
2020-12-19 20:58:10 DEBUG [t1] "TestVolatile":15: 13
2020-12-19 20:58:10 DEBUG [t1] "TestVolatile":15: 13
2020-12-19 20:58:10 DEBUG [t1] "TestVolatile":15: 13
2020-12-19 20:58:10 DEBUG [t1] "TestVolatile":15: 13
2020-12-19 20:58:10 DEBUG [t1] "TestVolatile":15: 13
2020-12-19 20:58:10 DEBUG [t1] "TestVolatile":15: 13
2020-12-19 20:58:10 DEBUG [t1] "TestVolatile":15: 13
2020-12-19 20:58:10 DEBUG [t1] "TestVolatile":15: 13
2020-12-19 20:58:10 DEBUG [t1] "TestVolatile":15: 13
2020-12-19 20:58:10 DEBUG [t1] "TestVolatile":15: 13
2020-12-19 20:58:10 DEBUG [t1] "TestVolatile":15: 13
2020-12-19 20:58:10 DEBUG [t1] "TestVolatile":15: 13
2020-12-19 20:58:10 DEBUG [t1] "TestVolatile":15: 13
2020-12-19 20:58:10 DEBUG [t1] "TestVolatile":15: 13
2020-12-19 20:58:10 DEBUG [t1] "TestVolatile":15: 13
2020-12-19 20:58:10 DEBUG [t1] "TestVolatile":15: 13
2020-12-19 20:58:10 DEBUG [t1] "TestVolatile":15: 13
2020-12-19 20:58:10 DEBUG [t1] "TestVolatile":15: 13
2020-12-19 20:58:10 DEBUG [t1] "TestVolatile":15: 13
2020-12-19 20:58:10 DEBUG [t1] "TestVolatile":15: 13
2020-12-19 20:58:10 DEBUG [t1] "TestVolatile":15: 13
2020-12-19 20:58:10 DEBUG [t1] "TestVolatile":15: 13
2020-12-19 20:58:10 DEBUG [t1] "TestVolatile":15: 13
2020-12-19 20:58:10 DEBUG [t1] "TestVolatile":15: 13
2020-12-19 20:58:10 DEBUG [t1] "TestVolatile":15: 13
2020-12-19 20:58:10 DEBUG [t1] "TestVolatile":15: 13
2020-12-19 20:58:10 DEBUG [t1] "TestVolatile":15: 13
2020-12-19 20:58:10 DEBUG [t1] "TestVolatile":15: 13
2020-12-19 20:58:10 DEBUG [t1] "TestVolatile":15: 13
2020-12-19 20:58:10 DEBUG [t1] "TestVolatile":15: 13
2020-12-19 20:58:10 DEBUG [t1] "TestVolatile":15: 13
2020-12-19 20:58:10 DEBUG [t1] "TestVolatile":15: 13
2020-12-19 20:58:10 DEBUG [t1] "TestVolatile":15: 13
2020-12-19 20:58:10 DEBUG [t1] "TestVolatile":15: 13
2020-12-19 20:58:10 DEBUG [t1] "TestVolatile":15: 13
2020-12-19 20:58:10 DEBUG [t1] "TestVolatile":15: 13
2020-12-19 20:58:10 DEBUG [t1] "TestVolatile":15: 13
2020-12-19 20:58:10 DEBUG [t1] "TestVolatile":15: 13
2020-12-19 20:58:10 DEBUG [t1] "TestVolatile":15: 13
2020-12-19 20:58:10 DEBUG [t1] "TestVolatile":15: 13
2020-12-19 20:58:10 DEBUG [t1] "TestVolatile":15: 13
2020-12-19 20:58:10 DEBUG [t1] "TestVolatile":15: 13
2020-12-19 20:58:10 DEBUG [t1] "TestVolatile":15: 13
2020-12-19 20:58:10 DEBUG [t1] "TestVolatile":15: 13
2020-12-19 20:58:10 DEBUG [t1] "TestVolatile":15: 13
2020-12-19 20:58:10 DEBUG [t1] "TestVolatile":15: 13
2020-12-19 20:58:10 DEBUG [t1] "TestVolatile":15: 13
2020-12-19 20:58:10 DEBUG [t1] "TestVolatile":15: 13
2020-12-19 20:58:10 DEBUG [t1] "TestVolatile":15: 13
2020-12-19 20:58:10 DEBUG [t1] "TestVolatile":15: 13
2020-12-19 20:58:10 DEBUG [t1] "TestVolatile":15: 13
2020-12-19 20:58:10 DEBUG [t1] "TestVolatile":15: 13
2020-12-19 20:58:10 DEBUG [t1] "TestVolatile":15: 13
2020-12-19 20:58:10 DEBUG [t1] "TestVolatile":15: 13
2020-12-19 20:58:10 DEBUG [t1] "TestVolatile":15: 13
2020-12-19 20:58:10 DEBUG [t1] "TestVolatile":15: 13
2020-12-19 20:58:10 DEBUG [t1] "TestVolatile":15: 13
2020-12-19 20:58:10 DEBUG [t1] "TestVolatile":15: 13
2020-12-19 20:58:10 DEBUG [t1] "TestVolatile":15: 13
2020-12-19 20:58:10 DEBUG [t1] "TestVolatile":15: 13
2020-12-19 20:58:10 DEBUG [t1] "TestVolatile":15: 13
2020-12-19 20:58:10 DEBUG [t1] "TestVolatile":15: 13
2020-12-19 20:58:10 DEBUG [t1] "TestVolatile":15: 13
2020-12-19 20:58:10 DEBUG [t1] "TestVolatile":15: 13
2020-12-19 20:58:10 DEBUG [t1] "TestVolatile":15: 13
2020-12-19 20:58:10 DEBUG [t1] "TestVolatile":15: 13
2020-12-19 20:58:10 DEBUG [t1] "TestVolatile":15: 13
2020-12-19 20:58:10 DEBUG [t1] "TestVolatile":15: 13
2020-12-19 20:58:10 DEBUG [t1] "TestVolatile":15: 13
2020-12-19 20:58:10 DEBUG [t1] "TestVolatile":15: 13
2020-12-19 20:58:10 DEBUG [t1] "TestVolatile":15: 13
2020-12-19 20:58:10 DEBUG [t1] "TestVolatile":15: 13
2020-12-19 20:58:10 DEBUG [t1] "TestVolatile":15: 13
2020-12-19 20:58:10 DEBUG [t1] "TestVolatile":15: 13
2020-12-19 20:58:10 DEBUG [t1] "TestVolatile":15: 13
2020-12-19 20:58:10 DEBUG [t1] "TestVolatile":15: 13
2020-12-19 20:58:10 DEBUG [t1] "TestVolatile":15: 13
2020-12-19 20:58:10 DEBUG [t1] "TestVolatile":15: 13
2020-12-19 20:58:10 DEBUG [t1] "TestVolatile":15: 13
2020-12-19 20:58:10 DEBUG [t1] "TestVolatile":15: 13
2020-12-19 20:58:10 DEBUG [t1] "TestVolatile":15: 13
2020-12-19 20:58:10 DEBUG [t1] "TestVolatile":15: 13
2020-12-19 20:58:10 DEBUG [t1] "TestVolatile":15: 13
2020-12-19 20:58:10 DEBUG [t1] "TestVolatile":15: 13
2020-12-19 20:58:10 DEBUG [t1] "TestVolatile":15: 13
2020-12-19 20:58:10 DEBUG [t1] "TestVolatile":15: 13
2020-12-19 20:58:10 DEBUG [t1] "TestVolatile":15: 13
2020-12-19 20:58:10 DEBUG [t1] "TestVolatile":15: 13
2020-12-19 20:58:10 DEBUG [t1] "TestVolatile":15: 13
2020-12-19 20:58:10 DEBUG [t1] "TestVolatile":15: 13
2020-12-19 20:58:10 DEBUG [t1] "TestVolatile":15: 13
2020-12-19 20:58:10 DEBUG [t1] "TestVolatile":15: 13
2020-12-19 20:58:10 DEBUG [t1] "TestVolatile":15: 13
2020-12-19 20:58:10 DEBUG [t1] "TestVolatile":15: 13
2020-12-19 20:58:10 DEBUG [t1] "TestVolatile":15: 13
2020-12-19 20:58:10 DEBUG [t1] "TestVolatile":15: 13
2020-12-19 20:58:10 DEBUG [t1] "TestVolatile":15: 13
2020-12-19 20:58:10 DEBUG [t1] "TestVolatile":15: 13
2020-12-19 20:58:10 DEBUG [t1] "TestVolatile":15: 13
2020-12-19 20:58:10 DEBUG [t1] "TestVolatile":15: 13
2020-12-19 20:58:10 DEBUG [t1] "TestVolatile":15: 13
2020-12-19 20:58:10 DEBUG [t1] "TestVolatile":15: 13
2020-12-19 20:58:10 DEBUG [t1] "TestVolatile":15: 13
2020-12-19 20:58:10 DEBUG [t1] "TestVolatile":15: 13
2020-12-19 20:58:10 DEBUG [t1] "TestVolatile":15: 13
2020-12-19 20:58:10 DEBUG [t1] "TestVolatile":15: 13
2020-12-19 20:58:10 DEBUG [t1] "TestVolatile":15: 13
2020-12-19 20:58:10 DEBUG [t1] "TestVolatile":15: 13
2020-12-19 20:58:10 DEBUG [t1] "TestVolatile":15: 13
2020-12-19 20:58:10 DEBUG [t1] "TestVolatile":15: 13
2020-12-19 20:58:10 DEBUG [t1] "TestVolatile":15: 13
2020-12-19 20:58:10 DEBUG [t1] "TestVolatile":15: 13
2020-12-19 20:58:10 DEBUG [t1] "TestVolatile":15: 13
2020-12-19 20:58:10 DEBUG [t1] "TestVolatile":15: 13
2020-12-19 20:58:10 DEBUG [t1] "TestVolatile":15: 13
2020-12-19 20:58:10 DEBUG [t1] "TestVolatile":15: 13
2020-12-19 20:58:10 DEBUG [t1] "TestVolatile":15: 13
2020-12-19 20:58:10 DEBUG [t1] "TestVolatile":15: 13
2020-12-19 20:58:10 DEBUG [t1] "TestVolatile":15: 13
2020-12-19 20:58:10 DEBUG [t1] "TestVolatile":15: 13
2020-12-19 20:58:10 DEBUG [t1] "TestVolatile":15: 13
2020-12-19 20:58:10 DEBUG [t1] "TestVolatile":15: 13
2020-12-19 20:58:10 DEBUG [t1] "TestVolatile":15: 13
2020-12-19 20:58:10 DEBUG [t1] "TestVolatile":15: 13
2020-12-19 20:58:10 DEBUG [t1] "TestVolatile":15: 13
2020-12-19 20:58:10 DEBUG [t1] "TestVolatile":15: 13
2020-12-19 20:58:10 DEBUG [t1] "TestVolatile":15: 13
2020-12-19 20:58:10 DEBUG [t1] "TestVolatile":15: 13
2020-12-19 20:58:10 DEBUG [t1] "TestVolatile":15: 13
2020-12-19 20:58:10 DEBUG [t1] "TestVolatile":15: 13
2020-12-19 20:58:10 DEBUG [t1] "TestVolatile":15: 13
2020-12-19 20:58:10 DEBUG [t1] "TestVolatile":15: 13
2020-12-19 20:58:10 DEBUG [t1] "TestVolatile":15: 13
2020-12-19 20:58:10 DEBUG [t1] "TestVolatile":15: 13
2020-12-19 20:58:10 DEBUG [t1] "TestVolatile":15: 13
2020-12-19 20:58:10 DEBUG [t1] "TestVolatile":15: 13
2020-12-19 20:58:10 DEBUG [t1] "TestVolatile":15: 13
2020-12-19 20:58:10 DEBUG [t1] "TestVolatile":15: 13
2020-12-19 20:58:10 DEBUG [t1] "TestVolatile":15: 13
2020-12-19 20:58:10 DEBUG [t1] "TestVolatile":15: 13
2020-12-19 20:58:10 DEBUG [t1] "TestVolatile":15: 13
2020-12-19 20:58:10 DEBUG [t1] "TestVolatile":15: 13
2020-12-19 20:58:10 DEBUG [t1] "TestVolatile":15: 13
2020-12-19 20:58:10 DEBUG [t1] "TestVolatile":15: 13
2020-12-19 20:58:10 DEBUG [t1] "TestVolatile":15: 13
2020-12-19 20:58:10 DEBUG [t1] "TestVolatile":15: 13
2020-12-19 20:58:10 DEBUG [t1] "TestVolatile":15: 13
2020-12-19 20:58:10 DEBUG [t1] "TestVolatile":15: 13
2020-12-19 20:58:10 DEBUG [t1] "TestVolatile":15: 13
2020-12-19 20:58:10 DEBUG [t1] "TestVolatile":15: 13
2020-12-19 20:58:10 DEBUG [t1] "TestVolatile":15: 13
2020-12-19 20:58:10 DEBUG [t1] "TestVolatile":15: 13
2020-12-19 20:58:10 DEBUG [t1] "TestVolatile":15: 13
2020-12-19 20:58:10 DEBUG [t1] "TestVolatile":15: 13
2020-12-19 20:58:10 DEBUG [t1] "TestVolatile":15: 13
2020-12-19 20:58:10 DEBUG [t1] "TestVolatile":15: 13
2020-12-19 20:58:10 DEBUG [t1] "TestVolatile":15: 13
2020-12-19 20:58:10 DEBUG [t1] "TestVolatile":15: 13
2020-12-19 20:58:10 DEBUG [t1] "TestVolatile":15: 13
2020-12-19 20:58:10 DEBUG [t1] "TestVolatile":15: 13
2020-12-19 20:58:10 DEBUG [t1] "TestVolatile":15: 13
2020-12-19 20:58:10 DEBUG [t1] "TestVolatile":15: 13
2020-12-19 20:58:10 DEBUG [t1] "TestVolatile":15: 13
2020-12-19 20:58:10 DEBUG [t1] "TestVolatile":15: 13
2020-12-19 20:58:10 DEBUG [t1] "TestVolatile":15: 13
2020-12-19 20:58:10 DEBUG [t1] "TestVolatile":15: 13
2020-12-19 20:58:10 DEBUG [t1] "TestVolatile":15: 13
2020-12-19 20:58:10 DEBUG [t1] "TestVolatile":15: 13
2020-12-19 20:58:10 DEBUG [t1] "TestVolatile":15: 13
2020-12-19 20:58:10 DEBUG [t1] "TestVolatile":15: 13
2020-12-19 20:58:10 DEBUG [t1] "TestVolatile":15: 13
2020-12-19 20:58:10 DEBUG [t1] "TestVolatile":15: 13
2020-12-19 20:58:10 DEBUG [t1] "TestVolatile":15: 13
2020-12-19 20:58:10 DEBUG [t1] "TestVolatile":15: 13
2020-12-19 20:58:10 DEBUG [t1] "TestVolatile":15: 13
2020-12-19 20:58:10 DEBUG [t1] "TestVolatile":15: 13
2020-12-19 20:58:10 DEBUG [t1] "TestVolatile":15: 13
2020-12-19 20:58:10 DEBUG [t1] "TestVolatile":15: 13
2020-12-19 20:58:10 DEBUG [t1] "TestVolatile":15: 13
2020-12-19 20:58:10 DEBUG [t1] "TestVolatile":15: 13
2020-12-19 20:58:10 DEBUG [t1] "TestVolatile":15: 13
2020-12-19 20:58:10 DEBUG [t1] "TestVolatile":15: 13
2020-12-19 20:58:10 DEBUG [t1] "TestVolatile":15: 13
2020-12-19 20:58:10 DEBUG [t1] "TestVolatile":15: 13
2020-12-19 20:58:10 DEBUG [t1] "TestVolatile":15: 13
2020-12-19 20:58:10 DEBUG [t1] "TestVolatile":15: 13
2020-12-19 20:58:10 DEBUG [t1] "TestVolatile":15: 13
2020-12-19 20:58:10 DEBUG [t1] "TestVolatile":15: 13
2020-12-19 20:58:10 DEBUG [t1] "TestVolatile":15: 13
2020-12-19 20:58:10 DEBUG [t1] "TestVolatile":15: 13
2020-12-19 20:58:10 DEBUG [t1] "TestVolatile":15: 13
2020-12-19 20:58:10 DEBUG [t1] "TestVolatile":15: 13
2020-12-19 20:58:10 DEBUG [t1] "TestVolatile":15: 13
2020-12-19 20:58:10 DEBUG [t1] "TestVolatile":15: 13
2020-12-19 20:58:10 DEBUG [t1] "TestVolatile":15: 13
2020-12-19 20:58:10 DEBUG [t1] "TestVolatile":15: 13
2020-12-19 20:58:10 DEBUG [t1] "TestVolatile":15: 13
2020-12-19 20:58:10 DEBUG [t1] "TestVolatile":15: 13
2020-12-19 20:58:10 DEBUG [t1] "TestVolatile":15: 13
2020-12-19 20:58:10 DEBUG [t1] "TestVolatile":15: 13
2020-12-19 20:58:10 DEBUG [t1] "TestVolatile":15: 13
2020-12-19 20:58:10 DEBUG [t1] "TestVolatile":15: 13
2020-12-19 20:58:10 DEBUG [t1] "TestVolatile":15: 13
2020-12-19 20:58:10 DEBUG [t1] "TestVolatile":15: 13
2020-12-19 20:58:10 DEBUG [t1] "TestVolatile":15: 13
2020-12-19 20:58:10 DEBUG [t1] "TestVolatile":15: 13
2020-12-19 20:58:10 DEBUG [t1] "TestVolatile":15: 13
2020-12-19 20:58:10 DEBUG [t1] "TestVolatile":15: 13
2020-12-19 20:58:10 DEBUG [t1] "TestVolatile":15: 13
2020-12-19 20:58:10 DEBUG [t1] "TestVolatile":15: 13
2020-12-19 20:58:10 DEBUG [t1] "TestVolatile":15: 13
2020-12-19 20:58:10 DEBUG [t1] "TestVolatile":15: 13
2020-12-19 20:58:10 DEBUG [t1] "TestVolatile":15: 13
2020-12-19 20:58:10 DEBUG [t1] "TestVolatile":15: 13
2020-12-19 20:58:10 DEBUG [t1] "TestVolatile":15: 13
2020-12-19 20:58:10 DEBUG [t1] "TestVolatile":15: 13
2020-12-19 20:58:10 DEBUG [t1] "TestVolatile":15: 13
2020-12-19 20:58:10 DEBUG [t1] "TestVolatile":15: 13
2020-12-19 20:58:10 DEBUG [t1] "TestVolatile":15: 13
2020-12-19 20:58:10 DEBUG [t1] "TestVolatile":15: 13
2020-12-19 20:58:10 DEBUG [t1] "TestVolatile":15: 13
2020-12-19 20:58:10 DEBUG [t1] "TestVolatile":15: 13
2020-12-19 20:58:10 DEBUG [t1] "TestVolatile":15: 13
2020-12-19 20:58:10 DEBUG [t1] "TestVolatile":15: 13
2020-12-19 20:58:10 DEBUG [t1] "TestVolatile":15: 13
2020-12-19 20:58:10 DEBUG [t1] "TestVolatile":15: 13
2020-12-19 20:58:10 DEBUG [t1] "TestVolatile":15: 13
2020-12-19 20:58:10 DEBUG [t1] "TestVolatile":15: 13
2020-12-19 20:58:10 DEBUG [t1] "TestVolatile":15: 13
2020-12-19 20:58:10 DEBUG [t1] "TestVolatile":15: 13
2020-12-19 20:58:10 DEBUG [t1] "TestVolatile":15: 13
2020-12-19 20:58:10 DEBUG [t1] "TestVolatile":15: 13
2020-12-19 20:58:10 DEBUG [t1] "TestVolatile":15: 13
2020-12-19 20:58:10 DEBUG [t1] "TestVolatile":15: 13
2020-12-19 20:58:10 DEBUG [t1] "TestVolatile":15: 13
2020-12-19 20:58:10 DEBUG [t1] "TestVolatile":15: 13
2020-12-19 20:58:10 DEBUG [t1] "TestVolatile":15: 13
2020-12-19 20:58:10 DEBUG [t1] "TestVolatile":15: 13
2020-12-19 20:58:10 DEBUG [t1] "TestVolatile":15: 13
2020-12-19 20:58:10 DEBUG [t1] "TestVolatile":15: 13
2020-12-19 20:58:10 DEBUG [t1] "TestVolatile":15: 13
2020-12-19 20:58:10 DEBUG [t1] "TestVolatile":15: 13
2020-12-19 20:58:10 DEBUG [t1] "TestVolatile":15: 13
2020-12-19 20:58:10 DEBUG [t1] "TestVolatile":15: 13
2020-12-19 20:58:10 DEBUG [t1] "TestVolatile":15: 13
2020-12-19 20:58:10 DEBUG [t1] "TestVolatile":15: 13
2020-12-19 20:58:10 DEBUG [t1] "TestVolatile":15: 13
2020-12-19 20:58:10 DEBUG [t1] "TestVolatile":15: 13
2020-12-19 20:58:10 DEBUG [t1] "TestVolatile":15: 13
2020-12-19 20:58:10 DEBUG [t1] "TestVolatile":15: 13
2020-12-19 20:58:10 DEBUG [t1] "TestVolatile":15: 13
2020-12-19 20:58:10 DEBUG [t1] "TestVolatile":15: 13
2020-12-19 20:58:10 DEBUG [t1] "TestVolatile":15: 13
2020-12-19 20:58:10 DEBUG [t1] "TestVolatile":15: 13
2020-12-19 20:58:10 DEBUG [t1] "TestVolatile":15: 13
2020-12-19 20:58:10 DEBUG [t1] "TestVolatile":15: 13
2020-12-19 20:58:10 DEBUG [t1] "TestVolatile":15: 13
2020-12-19 20:58:10 DEBUG [t1] "TestVolatile":15: 13
2020-12-19 20:58:10 DEBUG [t1] "TestVolatile":15: 13
2020-12-19 20:58:10 DEBUG [t1] "TestVolatile":15: 13
2020-12-19 20:58:10 DEBUG [t1] "TestVolatile":15: 13
2020-12-19 20:58:10 DEBUG [t1] "TestVolatile":15: 13
2020-12-19 20:58:10 DEBUG [t1] "TestVolatile":15: 13
2020-12-19 20:58:10 DEBUG [t1] "TestVolatile":15: 13
2020-12-19 20:58:10 DEBUG [t1] "TestVolatile":15: 13
2020-12-19 20:58:10 DEBUG [t1] "TestVolatile":15: 13
2020-12-19 20:58:10 DEBUG [t1] "TestVolatile":15: 13
2020-12-19 20:58:10 DEBUG [t1] "TestVolatile":15: 13
2020-12-19 20:58:10 DEBUG [t1] "TestVolatile":15: 13
2020-12-19 20:58:10 DEBUG [t1] "TestVolatile":15: 13
2020-12-19 20:58:10 DEBUG [t1] "TestVolatile":15: 13
2020-12-19 20:58:10 DEBUG [t1] "TestVolatile":15: 13
2020-12-19 20:58:10 DEBUG [t1] "TestVolatile":15: 13
2020-12-19 20:58:10 DEBUG [t1] "TestVolatile":15: 13
2020-12-19 20:58:10 DEBUG [t1] "TestVolatile":15: 13
2020-12-19 20:58:10 DEBUG [t1] "TestVolatile":15: 13
2020-12-19 20:58:10 DEBUG [t1] "TestVolatile":15: 13
2020-12-19 20:58:10 DEBUG [t1] "TestVolatile":15: 13
2020-12-19 20:58:10 DEBUG [t1] "TestVolatile":15: 13
2020-12-19 20:58:10 DEBUG [t1] "TestVolatile":15: 13
2020-12-19 20:58:10 DEBUG [t1] "TestVolatile":15: 13
2020-12-19 20:58:10 DEBUG [t1] "TestVolatile":15: 13
2020-12-19 20:58:10 DEBUG [t1] "TestVolatile":15: 13
2020-12-19 20:58:10 DEBUG [t1] "TestVolatile":15: 13
2020-12-19 20:58:10 DEBUG [t1] "TestVolatile":15: 13
2020-12-19 20:58:10 DEBUG [t1] "TestVolatile":15: 13
2020-12-19 20:58:10 DEBUG [t1] "TestVolatile":15: 13
2020-12-19 20:58:10 DEBUG [t1] "TestVolatile":15: 13
2020-12-19 20:58:10 DEBUG [t1] "TestVolatile":15: 13
2020-12-19 20:58:10 DEBUG [t1] "TestVolatile":15: 13
2020-12-19 20:58:10 DEBUG [t1] "TestVolatile":15: 13
2020-12-19 20:58:10 DEBUG [t1] "TestVolatile":15: 13
2020-12-19 20:58:10 DEBUG [t1] "TestVolatile":15: 13
2020-12-19 20:58:10 DEBUG [t1] "TestVolatile":15: 13
2020-12-19 20:58:10 DEBUG [t1] "TestVolatile":15: 13
2020-12-19 20:58:10 DEBUG [t1] "TestVolatile":15: 13
2020-12-19 20:58:10 DEBUG [t1] "TestVolatile":15: 13
2020-12-19 20:58:10 DEBUG [t1] "TestVolatile":15: 13
2020-12-19 20:58:10 DEBUG [t1] "TestVolatile":15: 13
2020-12-19 20:58:10 DEBUG [t1] "TestVolatile":15: 13
2020-12-19 20:58:10 DEBUG [t1] "TestVolatile":15: 13
2020-12-19 20:58:10 DEBUG [t1] "TestVolatile":15: 13
2020-12-19 20:58:10 DEBUG [t1] "TestVolatile":15: 13
2020-12-19 20:58:10 DEBUG [t1] "TestVolatile":15: 13
2020-12-19 20:58:10 DEBUG [t1] "TestVolatile":15: 13
2020-12-19 20:58:10 DEBUG [t1] "TestVolatile":15: 13
2020-12-19 20:58:10 DEBUG [t1] "TestVolatile":15: 13
2020-12-19 20:58:10 DEBUG [t1] "TestVolatile":15: 13
2020-12-19 20:58:10 DEBUG [t1] "TestVolatile":15: 13
2020-12-19 20:58:10 DEBUG [t1] "TestVolatile":15: 13
2020-12-19 20:58:10 DEBUG [t1] "TestVolatile":15: 13
2020-12-19 20:58:10 DEBUG [t1] "TestVolatile":15: 13
2020-12-19 20:58:10 DEBUG [t1] "TestVolatile":15: 13
2020-12-19 20:58:10 DEBUG [t1] "TestVolatile":15: 13
2020-12-19 20:58:10 DEBUG [t1] "TestVolatile":15: 13
2020-12-19 20:58:10 DEBUG [t1] "TestVolatile":15: 13
2020-12-19 20:58:10 DEBUG [t1] "TestVolatile":15: 13
2020-12-19 20:58:10 DEBUG [t1] "TestVolatile":15: 13
2020-12-19 20:58:10 DEBUG [t1] "TestVolatile":15: 13
2020-12-19 20:58:10 DEBUG [t1] "TestVolatile":15: 13
2020-12-19 20:58:10 DEBUG [t1] "TestVolatile":15: 13
2020-12-19 20:58:10 DEBUG [t1] "TestVolatile":15: 13
2020-12-19 20:58:10 DEBUG [t1] "TestVolatile":15: 13
2020-12-19 20:58:10 DEBUG [t1] "TestVolatile":15: 13
2020-12-19 20:58:10 DEBUG [t1] "TestVolatile":15: 13
2020-12-19 20:58:10 DEBUG [t1] "TestVolatile":15: 13
2020-12-19 20:58:10 DEBUG [t1] "TestVolatile":15: 13
2020-12-19 20:58:10 DEBUG [t1] "TestVolatile":15: 13
2020-12-19 20:58:10 DEBUG [t1] "TestVolatile":15: 13
2020-12-19 20:58:10 DEBUG [t1] "TestVolatile":15: 13
2020-12-19 20:58:10 DEBUG [t1] "TestVolatile":15: 13
2020-12-19 20:58:10 DEBUG [t1] "TestVolatile":15: 13
2020-12-19 20:58:10 DEBUG [t1] "TestVolatile":15: 13
2020-12-19 20:58:10 DEBUG [t1] "TestVolatile":15: 13
2020-12-19 20:58:10 DEBUG [t1] "TestVolatile":15: 13
2020-12-19 20:58:10 DEBUG [t1] "TestVolatile":15: 13
2020-12-19 20:58:10 DEBUG [t1] "TestVolatile":15: 13
2020-12-19 20:58:10 DEBUG [t1] "TestVolatile":15: 13
2020-12-19 20:58:10 DEBUG [t1] "TestVolatile":15: 13
2020-12-19 20:58:10 DEBUG [t1] "TestVolatile":15: 13
2020-12-19 20:58:10 DEBUG [t1] "TestVolatile":15: 13
2020-12-19 20:58:10 DEBUG [t1] "TestVolatile":15: 13
2020-12-19 20:58:10 DEBUG [t1] "TestVolatile":15: 13
2020-12-19 20:58:10 DEBUG [t1] "TestVolatile":15: 13
2020-12-19 20:58:10 DEBUG [t1] "TestVolatile":15: 13
2020-12-19 20:58:10 DEBUG [t1] "TestVolatile":15: 13
2020-12-19 20:58:10 DEBUG [t1] "TestVolatile":15: 13
2020-12-19 20:58:10 DEBUG [t1] "TestVolatile":15: 13
2020-12-19 20:58:10 DEBUG [t1] "TestVolatile":15: 13
2020-12-19 20:58:10 DEBUG [t1] "TestVolatile":15: 13
2020-12-19 20:58:10 DEBUG [t1] "TestVolatile":15: 13
2020-12-19 20:58:10 DEBUG [t1] "TestVolatile":15: 13
2020-12-19 20:58:10 DEBUG [t1] "TestVolatile":15: 13
2020-12-19 20:58:10 DEBUG [t1] "TestVolatile":15: 13
2020-12-19 20:58:10 DEBUG [t1] "TestVolatile":15: 13
2020-12-19 20:58:10 DEBUG [t1] "TestVolatile":15: 13
2020-12-19 20:58:10 DEBUG [t1] "TestVolatile":15: 13
2020-12-19 20:58:10 DEBUG [t1] "TestVolatile":15: 13
2020-12-19 20:58:10 DEBUG [t1] "TestVolatile":15: 13
2020-12-19 20:58:10 DEBUG [t1] "TestVolatile":15: 13
2020-12-19 20:58:10 DEBUG [t1] "TestVolatile":15: 13
2020-12-19 20:58:10 DEBUG [t1] "TestVolatile":15: 13
2020-12-19 20:58:10 DEBUG [t1] "TestVolatile":15: 13
2020-12-19 20:58:10 DEBUG [t1] "TestVolatile":15: 13
2020-12-19 20:58:10 DEBUG [t1] "TestVolatile":15: 13
2020-12-19 20:58:10 DEBUG [t1] "TestVolatile":15: 13
2020-12-19 20:58:10 DEBUG [t1] "TestVolatile":15: 13
2020-12-19 20:58:10 DEBUG [t1] "TestVolatile":15: 13
2020-12-19 20:58:10 DEBUG [t1] "TestVolatile":15: 13
2020-12-19 20:58:10 DEBUG [t1] "TestVolatile":15: 13
2020-12-19 20:58:10 DEBUG [t1] "TestVolatile":15: 13
2020-12-19 20:58:10 DEBUG [t1] "TestVolatile":15: 13
2020-12-19 20:58:10 DEBUG [t1] "TestVolatile":15: 13
2020-12-19 20:58:10 DEBUG [t1] "TestVolatile":15: 13
2020-12-19 20:58:10 DEBUG [t1] "TestVolatile":15: 13
2020-12-19 20:58:10 DEBUG [t1] "TestVolatile":15: 13
2020-12-19 20:58:10 DEBUG [t1] "TestVolatile":15: 13
2020-12-19 20:58:10 DEBUG [t1] "TestVolatile":15: 13
2020-12-19 20:58:10 DEBUG [t1] "TestVolatile":15: 13
2020-12-19 20:58:10 DEBUG [t1] "TestVolatile":15: 13
2020-12-19 20:58:10 DEBUG [t1] "TestVolatile":15: 13
2020-12-19 20:58:10 DEBUG [t1] "TestVolatile":15: 13
2020-12-19 20:58:10 DEBUG [t1] "TestVolatile":15: 13
2020-12-19 20:58:10 DEBUG [t1] "TestVolatile":15: 13
2020-12-19 20:58:10 DEBUG [t1] "TestVolatile":15: 13
2020-12-19 20:58:10 DEBUG [t1] "TestVolatile":15: 13
2020-12-19 20:58:10 DEBUG [t1] "TestVolatile":15: 13
2020-12-19 20:58:10 DEBUG [t1] "TestVolatile":15: 13
2020-12-19 20:58:10 DEBUG [t1] "TestVolatile":15: 13
2020-12-19 20:58:10 DEBUG [t1] "TestVolatile":15: 13
2020-12-19 20:58:10 DEBUG [t1] "TestVolatile":15: 13
2020-12-19 20:58:10 DEBUG [t1] "TestVolatile":15: 13
2020-12-19 20:58:10 DEBUG [t1] "TestVolatile":15: 13
2020-12-19 20:58:10 DEBUG [t1] "TestVolatile":15: 13
2020-12-19 20:58:10 DEBUG [t1] "TestVolatile":15: 13
2020-12-19 20:58:10 DEBUG [t1] "TestVolatile":15: 13
2020-12-19 20:58:10 DEBUG [t1] "TestVolatile":15: 13
2020-12-19 20:58:10 DEBUG [t1] "TestVolatile":15: 13
2020-12-19 20:58:10 DEBUG [t1] "TestVolatile":15: 13
2020-12-19 20:58:10 DEBUG [t1] "TestVolatile":15: 13
2020-12-19 20:58:10 DEBUG [t1] "TestVolatile":15: 13
2020-12-19 20:58:10 DEBUG [t1] "TestVolatile":15: 13
2020-12-19 20:58:10 DEBUG [t1] "TestVolatile":15: 13
2020-12-19 20:58:10 DEBUG [t1] "TestVolatile":15: 13
2020-12-19 20:58:10 DEBUG [t1] "TestVolatile":15: 13
2020-12-19 20:58:10 DEBUG [t1] "TestVolatile":15: 13
2020-12-19 20:58:10 DEBUG [t1] "TestVolatile":15: 13
2020-12-19 20:58:10 DEBUG [t1] "TestVolatile":15: 13
2020-12-19 20:58:10 DEBUG [t1] "TestVolatile":15: 13
2020-12-19 20:58:10 DEBUG [t1] "TestVolatile":15: 13
2020-12-19 20:58:10 DEBUG [t1] "TestVolatile":15: 13
2020-12-19 20:58:10 DEBUG [t1] "TestVolatile":15: 13
2020-12-19 20:58:10 DEBUG [t1] "TestVolatile":15: 13
2020-12-19 20:58:10 DEBUG [t1] "TestVolatile":15: 13
2020-12-19 20:58:10 DEBUG [t1] "TestVolatile":15: 13
2020-12-19 20:58:10 DEBUG [t1] "TestVolatile":15: 13
2020-12-19 20:58:10 DEBUG [t1] "TestVolatile":15: 13
2020-12-19 20:58:10 DEBUG [t1] "TestVolatile":15: 13
2020-12-19 20:58:10 DEBUG [t1] "TestVolatile":15: 13
2020-12-19 20:58:10 DEBUG [t1] "TestVolatile":15: 13
2020-12-19 20:58:10 DEBUG [t1] "TestVolatile":15: 13
2020-12-19 20:58:10 DEBUG [t1] "TestVolatile":15: 13
2020-12-19 20:58:10 DEBUG [t1] "TestVolatile":15: 13
2020-12-19 20:58:10 DEBUG [t1] "TestVolatile":15: 13
2020-12-19 20:58:10 DEBUG [t1] "TestVolatile":15: 13
2020-12-19 20:58:10 DEBUG [t1] "TestVolatile":15: 13
2020-12-19 20:58:10 DEBUG [t1] "TestVolatile":15: 13
2020-12-19 20:58:10 DEBUG [t1] "TestVolatile":15: 13
2020-12-19 20:58:10 DEBUG [t1] "TestVolatile":15: 13
2020-12-19 20:58:10 DEBUG [t1] "TestVolatile":15: 13
2020-12-19 20:58:10 DEBUG [t1] "TestVolatile":15: 13
2020-12-19 20:58:10 DEBUG [t1] "TestVolatile":15: 13
2020-12-19 20:58:10 DEBUG [t1] "TestVolatile":15: 13
2020-12-19 20:58:10 DEBUG [t1] "TestVolatile":15: 13
2020-12-19 20:58:10 DEBUG [t1] "TestVolatile":15: 13
2020-12-19 20:58:10 DEBUG [t1] "TestVolatile":15: 13
2020-12-19 20:58:10 DEBUG [t1] "TestVolatile":15: 13
2020-12-19 20:58:10 DEBUG [t1] "TestVolatile":15: 13
2020-12-19 20:58:10 DEBUG [t1] "TestVolatile":15: 13
2020-12-19 20:58:10 DEBUG [t1] "TestVolatile":15: 13
2020-12-19 20:58:10 DEBUG [t1] "TestVolatile":15: 13
2020-12-19 20:58:10 DEBUG [t1] "TestVolatile":15: 13
2020-12-19 20:58:10 DEBUG [t1] "TestVolatile":15: 13
2020-12-19 20:58:10 DEBUG [t1] "TestVolatile":15: 13
2020-12-19 20:58:10 DEBUG [t1] "TestVolatile":15: 13
2020-12-19 20:58:10 DEBUG [t1] "TestVolatile":15: 13
2020-12-19 20:58:10 DEBUG [t1] "TestVolatile":15: 13
2020-12-19 20:58:10 DEBUG [t1] "TestVolatile":15: 13
2020-12-19 20:58:10 DEBUG [t1] "TestVolatile":15: 13
2020-12-19 20:58:10 DEBUG [t1] "TestVolatile":15: 13
2020-12-19 20:58:10 DEBUG [t1] "TestVolatile":15: 13
2020-12-19 20:58:10 DEBUG [t1] "TestVolatile":15: 13
2020-12-19 20:58:10 DEBUG [t1] "TestVolatile":15: 13
2020-12-19 20:58:10 DEBUG [t1] "TestVolatile":15: 13
2020-12-19 20:58:10 DEBUG [t1] "TestVolatile":15: 13
2020-12-19 20:58:10 DEBUG [t1] "TestVolatile":15: 13
2020-12-19 20:58:10 DEBUG [t1] "TestVolatile":15: 13
2020-12-19 20:58:10 DEBUG [t1] "TestVolatile":15: 13
2020-12-19 20:58:10 DEBUG [t1] "TestVolatile":15: 13
2020-12-19 20:58:10 DEBUG [t1] "TestVolatile":15: 13
2020-12-19 20:58:10 DEBUG [t1] "TestVolatile":15: 13
2020-12-19 20:58:10 DEBUG [t1] "TestVolatile":15: 13
2020-12-19 20:58:10 DEBUG [t1] "TestVolatile":15: 13
2020-12-19 20:58:10 DEBUG [t1] "TestVolatile":15: 13
2020-12-19 20:58:10 DEBUG [t1] "TestVolatile":15: 13
2020-12-19 20:58:10 DEBUG [t1] "TestVolatile":15: 13
2020-12-19 20:58:10 DEBUG [t1] "TestVolatile":15: 13
2020-12-19 20:58:10 DEBUG [t1] "TestVolatile":15: 13
2020-12-19 20:58:10 DEBUG [t1] "TestVolatile":15: 13
2020-12-19 20:58:10 DEBUG [t1] "TestVolatile":15: 13
2020-12-19 20:58:10 DEBUG [t1] "TestVolatile":15: 13
2020-12-19 20:58:10 DEBUG [t1] "TestVolatile":15: 13
2020-12-19 20:58:10 DEBUG [t1] "TestVolatile":15: 13
2020-12-19 20:58:10 DEBUG [t1] "TestVolatile":15: 13
2020-12-19 20:58:10 DEBUG [t1] "TestVolatile":15: 13
2020-12-19 20:58:10 DEBUG [t1] "TestVolatile":15: 13
2020-12-19 20:58:10 DEBUG [t1] "TestVolatile":15: 13
2020-12-19 20:58:10 DEBUG [t1] "TestVolatile":15: 13
2020-12-19 20:58:10 DEBUG [t1] "TestVolatile":15: 13
2020-12-19 20:58:10 DEBUG [t1] "TestVolatile":15: 13
2020-12-19 20:58:10 DEBUG [t1] "TestVolatile":15: 13
2020-12-19 20:58:10 DEBUG [t1] "TestVolatile":15: 13
2020-12-19 20:58:10 DEBUG [t1] "TestVolatile":15: 13
2020-12-19 20:58:10 DEBUG [t1] "TestVolatile":15: 13
2020-12-19 20:58:10 DEBUG [t1] "TestVolatile":15: 13
2020-12-19 20:58:10 DEBUG [t1] "TestVolatile":15: 13
2020-12-19 20:58:10 DEBUG [t1] "TestVolatile":15: 13
2020-12-19 20:58:10 DEBUG [t1] "TestVolatile":15: 13
2020-12-19 20:58:10 DEBUG [t1] "TestVolatile":15: 13
2020-12-19 20:58:10 DEBUG [t1] "TestVolatile":15: 13
2020-12-19 20:58:10 DEBUG [t1] "TestVolatile":15: 13
2020-12-19 20:58:10 DEBUG [t1] "TestVolatile":15: 13
2020-12-19 20:58:10 DEBUG [t1] "TestVolatile":15: 13
2020-12-19 20:58:10 DEBUG [t1] "TestVolatile":15: 13
2020-12-19 20:58:10 DEBUG [t1] "TestVolatile":15: 13
2020-12-19 20:58:10 DEBUG [t1] "TestVolatile":15: 13
2020-12-19 20:58:10 DEBUG [t1] "TestVolatile":15: 13
2020-12-19 20:58:10 DEBUG [t1] "TestVolatile":15: 13
2020-12-19 20:58:10 DEBUG [t1] "TestVolatile":15: 13
2020-12-19 20:58:10 DEBUG [t1] "TestVolatile":15: 13
2020-12-19 20:58:10 DEBUG [t1] "TestVolatile":15: 13
2020-12-19 20:58:10 DEBUG [t1] "TestVolatile":15: 13
2020-12-19 20:58:10 DEBUG [t1] "TestVolatile":15: 13
2020-12-19 20:58:10 DEBUG [t1] "TestVolatile":15: 13
2020-12-19 20:58:10 DEBUG [t1] "TestVolatile":15: 13
2020-12-19 20:58:10 DEBUG [t1] "TestVolatile":15: 13
2020-12-19 20:58:10 DEBUG [t1] "TestVolatile":15: 13
2020-12-19 20:58:10 DEBUG [t1] "TestVolatile":15: 13
2020-12-19 20:58:10 DEBUG [t1] "TestVolatile":15: 13
2020-12-19 20:58:10 DEBUG [t1] "TestVolatile":15: 13
2020-12-19 20:58:10 DEBUG [t1] "TestVolatile":15: 13
2020-12-19 20:58:10 DEBUG [t1] "TestVolatile":15: 13
2020-12-19 20:58:10 DEBUG [t1] "TestVolatile":15: 13
2020-12-19 20:58:10 DEBUG [t1] "TestVolatile":15: 13
2020-12-19 20:58:10 DEBUG [t1] "TestVolatile":15: 13
2020-12-19 20:58:10 DEBUG [t1] "TestVolatile":15: 13
2020-12-19 20:58:10 DEBUG [t1] "TestVolatile":15: 13
2020-12-19 20:58:10 DEBUG [t1] "TestVolatile":15: 13
2020-12-19 20:58:10 DEBUG [t1] "TestVolatile":15: 13
2020-12-19 20:58:10 DEBUG [t1] "TestVolatile":15: 13
2020-12-19 20:58:10 DEBUG [t1] "TestVolatile":15: 13
2020-12-19 20:58:10 DEBUG [t1] "TestVolatile":15: 13
2020-12-19 20:58:10 DEBUG [t1] "TestVolatile":15: 13
2020-12-19 20:58:10 DEBUG [t1] "TestVolatile":15: 13
2020-12-19 20:58:10 DEBUG [t1] "TestVolatile":15: 13
2020-12-19 20:58:10 DEBUG [t1] "TestVolatile":15: 13
2020-12-19 20:58:10 DEBUG [t1] "TestVolatile":15: 13
2020-12-19 20:58:10 DEBUG [t1] "TestVolatile":15: 13
2020-12-19 20:58:10 DEBUG [t1] "TestVolatile":15: 13
2020-12-19 20:58:10 DEBUG [t1] "TestVolatile":15: 13
2020-12-19 20:58:10 DEBUG [t1] "TestVolatile":15: 13
2020-12-19 20:58:10 DEBUG [t1] "TestVolatile":15: 13
2020-12-19 20:58:10 DEBUG [t1] "TestVolatile":15: 13
2020-12-19 20:58:10 DEBUG [t1] "TestVolatile":15: 13
2020-12-19 20:58:10 DEBUG [t1] "TestVolatile":15: 13
2020-12-19 20:58:10 DEBUG [t1] "TestVolatile":15: 13
2020-12-19 20:58:10 DEBUG [t1] "TestVolatile":15: 13
2020-12-19 20:58:10 DEBUG [t1] "TestVolatile":15: 13
2020-12-19 20:58:10 DEBUG [t1] "TestVolatile":15: 13
2020-12-19 20:58:10 DEBUG [t1] "TestVolatile":15: 13
2020-12-19 20:58:10 DEBUG [t1] "TestVolatile":15: 13
2020-12-19 20:58:10 DEBUG [t1] "TestVolatile":15: 13
2020-12-19 20:58:10 DEBUG [t1] "TestVolatile":15: 13
2020-12-19 20:58:10 DEBUG [t1] "TestVolatile":15: 13
2020-12-19 20:58:10 DEBUG [t1] "TestVolatile":15: 13
2020-12-19 20:58:10 DEBUG [t1] "TestVolatile":15: 13
2020-12-19 20:58:10 DEBUG [t1] "TestVolatile":15: 13
2020-12-19 20:58:10 DEBUG [t1] "TestVolatile":15: 13
2020-12-19 20:58:10 DEBUG [t1] "TestVolatile":15: 13
2020-12-19 20:58:10 DEBUG [t1] "TestVolatile":15: 13
2020-12-19 20:58:10 DEBUG [t1] "TestVolatile":15: 13
2020-12-19 20:58:10 DEBUG [t1] "TestVolatile":15: 13
2020-12-19 20:58:10 DEBUG [t1] "TestVolatile":15: 13
2020-12-19 20:58:10 DEBUG [t1] "TestVolatile":15: 13
2020-12-19 20:58:10 DEBUG [t1] "TestVolatile":15: 13
2020-12-19 20:58:10 DEBUG [t1] "TestVolatile":15: 13
2020-12-19 20:58:10 DEBUG [t1] "TestVolatile":15: 13
2020-12-19 20:58:10 DEBUG [t1] "TestVolatile":15: 13
2020-12-19 20:58:10 DEBUG [t1] "TestVolatile":15: 13
2020-12-19 20:58:10 DEBUG [t1] "TestVolatile":15: 13
2020-12-19 20:58:10 DEBUG [t1] "TestVolatile":15: 13
2020-12-19 20:58:10 DEBUG [t1] "TestVolatile":15: 13
2020-12-19 20:58:10 DEBUG [t1] "TestVolatile":15: 13
2020-12-19 20:58:10 DEBUG [t1] "TestVolatile":15: 13
2020-12-19 20:58:10 DEBUG [t1] "TestVolatile":15: 13
2020-12-19 20:58:10 DEBUG [t1] "TestVolatile":15: 13
2020-12-19 20:58:10 DEBUG [t1] "TestVolatile":15: 13
2020-12-19 20:58:10 DEBUG [t1] "TestVolatile":15: 13
2020-12-19 20:58:10 DEBUG [t1] "TestVolatile":15: 13
2020-12-19 20:58:10 DEBUG [t1] "TestVolatile":15: 13
2020-12-19 20:58:10 DEBUG [t1] "TestVolatile":15: 13
2020-12-19 20:58:10 DEBUG [t1] "TestVolatile":15: 13
2020-12-19 20:58:10 DEBUG [t1] "TestVolatile":15: 13
2020-12-19 20:58:10 DEBUG [t1] "TestVolatile":15: 13
2020-12-19 20:58:10 DEBUG [t1] "TestVolatile":15: 13
2020-12-19 20:58:10 DEBUG [t1] "TestVolatile":15: 13
2020-12-19 20:58:10 DEBUG [t1] "TestVolatile":15: 13
2020-12-19 20:58:10 DEBUG [t1] "TestVolatile":15: 13
2020-12-19 20:58:10 DEBUG [t1] "TestVolatile":15: 13
2020-12-19 20:58:10 DEBUG [t1] "TestVolatile":15: 13
2020-12-19 20:58:10 DEBUG [t1] "TestVolatile":15: 13
2020-12-19 20:58:10 DEBUG [t1] "TestVolatile":15: 13
2020-12-19 20:58:10 DEBUG [t1] "TestVolatile":15: 13
2020-12-19 20:58:10 DEBUG [t1] "TestVolatile":15: 13
2020-12-19 20:58:10 DEBUG [t1] "TestVolatile":15: 13
2020-12-19 20:58:10 DEBUG [t1] "TestVolatile":15: 13
2020-12-19 20:58:10 DEBUG [t1] "TestVolatile":15: 13
2020-12-19 20:58:10 DEBUG [t1] "TestVolatile":15: 13
2020-12-19 20:58:10 DEBUG [t1] "TestVolatile":15: 13
2020-12-19 20:58:10 DEBUG [t1] "TestVolatile":15: 13
2020-12-19 20:58:10 DEBUG [t1] "TestVolatile":15: 13
2020-12-19 20:58:10 DEBUG [t1] "TestVolatile":15: 13
2020-12-19 20:58:10 DEBUG [t1] "TestVolatile":15: 13
2020-12-19 20:58:10 DEBUG [t1] "TestVolatile":15: 13
2020-12-19 20:58:10 DEBUG [t1] "TestVolatile":15: 13
2020-12-19 20:58:10 DEBUG [t1] "TestVolatile":15: 13
2020-12-19 20:58:10 DEBUG [t1] "TestVolatile":15: 13
2020-12-19 20:58:10 DEBUG [t1] "TestVolatile":15: 13
2020-12-19 20:58:10 DEBUG [t1] "TestVolatile":15: 13
2020-12-19 20:58:10 DEBUG [t1] "TestVolatile":15: 13
2020-12-19 20:58:10 DEBUG [t1] "TestVolatile":15: 13
2020-12-19 20:58:10 DEBUG [t1] "TestVolatile":15: 13
2020-12-19 20:58:10 DEBUG [t1] "TestVolatile":15: 13
2020-12-19 20:58:10 DEBUG [t1] "TestVolatile":15: 13
2020-12-19 20:58:10 DEBUG [t1] "TestVolatile":15: 13
2020-12-19 20:58:10 DEBUG [t1] "TestVolatile":15: 13
2020-12-19 20:58:10 DEBUG [t1] "TestVolatile":15: 13
2020-12-19 20:58:10 DEBUG [t1] "TestVolatile":15: 13
2020-12-19 20:58:10 DEBUG [t1] "TestVolatile":15: 13
2020-12-19 20:58:10 DEBUG [t1] "TestVolatile":15: 13
2020-12-19 20:58:10 DEBUG [t1] "TestVolatile":15: 13
2020-12-19 20:58:10 DEBUG [t1] "TestVolatile":15: 13
2020-12-19 20:58:10 DEBUG [t1] "TestVolatile":15: 13
2020-12-19 20:58:10 DEBUG [t1] "TestVolatile":15: 13
2020-12-19 20:58:10 DEBUG [t1] "TestVolatile":15: 13
2020-12-19 20:58:10 DEBUG [t1] "TestVolatile":15: 13
2020-12-19 20:58:10 DEBUG [t1] "TestVolatile":15: 13
2020-12-19 20:58:10 DEBUG [t1] "TestVolatile":15: 13
2020-12-19 20:58:10 DEBUG [t1] "TestVolatile":15: 13
2020-12-19 20:58:10 DEBUG [t1] "TestVolatile":15: 13
2020-12-19 20:58:10 DEBUG [t1] "TestVolatile":15: 13
2020-12-19 20:58:10 DEBUG [t1] "TestVolatile":15: 13
2020-12-19 20:58:10 DEBUG [t1] "TestVolatile":15: 13
2020-12-19 20:58:10 DEBUG [t1] "TestVolatile":15: 13
2020-12-19 20:58:10 DEBUG [t1] "TestVolatile":15: 13
2020-12-19 20:58:10 DEBUG [t1] "TestVolatile":15: 13
2020-12-19 20:58:10 DEBUG [t1] "TestVolatile":15: 13
2020-12-19 20:58:10 DEBUG [t1] "TestVolatile":15: 13
2020-12-19 20:58:10 DEBUG [t1] "TestVolatile":15: 13
2020-12-19 20:58:10 DEBUG [t1] "TestVolatile":15: 13
2020-12-19 20:58:10 DEBUG [t1] "TestVolatile":15: 13
2020-12-19 20:58:10 DEBUG [t1] "TestVolatile":15: 13
2020-12-19 20:58:10 DEBUG [t1] "TestVolatile":15: 13
2020-12-19 20:58:10 DEBUG [t1] "TestVolatile":15: 13
2020-12-19 20:58:10 DEBUG [t1] "TestVolatile":15: 13
2020-12-19 20:58:10 DEBUG [t1] "TestVolatile":15: 13
2020-12-19 20:58:10 DEBUG [t1] "TestVolatile":15: 13
2020-12-19 20:58:10 DEBUG [t1] "TestVolatile":15: 13
2020-12-19 20:58:10 DEBUG [t1] "TestVolatile":15: 13
2020-12-19 20:58:10 DEBUG [t1] "TestVolatile":15: 13
2020-12-19 20:58:10 DEBUG [t1] "TestVolatile":15: 13
2020-12-19 20:58:10 DEBUG [t1] "TestVolatile":15: 13
2020-12-19 20:58:10 DEBUG [t1] "TestVolatile":15: 13
2020-12-19 20:58:10 DEBUG [t1] "TestVolatile":15: 13
2020-12-19 20:58:10 DEBUG [t1] "TestVolatile":15: 13
2020-12-19 20:58:10 DEBUG [t1] "TestVolatile":15: 13
2020-12-19 20:58:10 DEBUG [t1] "TestVolatile":15: 13
2020-12-19 20:58:10 DEBUG [t1] "TestVolatile":15: 13
2020-12-19 20:58:10 DEBUG [t1] "TestVolatile":15: 13
2020-12-19 20:58:10 DEBUG [t1] "TestVolatile":15: 13
2020-12-19 20:58:10 DEBUG [t1] "TestVolatile":15: 13
2020-12-19 20:58:10 DEBUG [t1] "TestVolatile":15: 13
2020-12-19 20:58:10 DEBUG [t1] "TestVolatile":15: 13
2020-12-19 20:58:10 DEBUG [t1] "TestVolatile":15: 13
2020-12-19 20:58:10 DEBUG [t1] "TestVolatile":15: 13
2020-12-19 20:58:10 DEBUG [t1] "TestVolatile":15: 13
2020-12-19 20:58:10 DEBUG [t1] "TestVolatile":15: 13
2020-12-19 20:58:10 DEBUG [t1] "TestVolatile":15: 13
2020-12-19 20:58:10 DEBUG [t1] "TestVolatile":15: 13
2020-12-19 20:58:10 DEBUG [t1] "TestVolatile":15: 13
2020-12-19 20:58:10 DEBUG [t1] "TestVolatile":15: 13
2020-12-19 20:58:10 DEBUG [t1] "TestVolatile":15: 13
2020-12-19 20:58:10 DEBUG [t1] "TestVolatile":15: 13
2020-12-19 20:58:10 DEBUG [t1] "TestVolatile":15: 13
2020-12-19 20:58:10 DEBUG [t1] "TestVolatile":15: 13
2020-12-19 20:58:10 DEBUG [t1] "TestVolatile":15: 13
2020-12-19 20:58:10 DEBUG [t1] "TestVolatile":15: 13
2020-12-19 20:58:10 DEBUG [t1] "TestVolatile":15: 13
2020-12-19 20:58:10 DEBUG [t1] "TestVolatile":15: 13
2020-12-19 20:58:10 DEBUG [t1] "TestVolatile":15: 13
2020-12-19 20:58:10 DEBUG [t1] "TestVolatile":15: 13
2020-12-19 20:58:10 DEBUG [t1] "TestVolatile":15: 13
2020-12-19 20:58:10 DEBUG [t1] "TestVolatile":15: 13
2020-12-19 20:58:10 DEBUG [t1] "TestVolatile":15: 13
2020-12-19 20:58:10 DEBUG [t1] "TestVolatile":15: 13
2020-12-19 20:58:10 DEBUG [t1] "TestVolatile":15: 13
2020-12-19 20:58:10 DEBUG [t1] "TestVolatile":15: 13
2020-12-19 20:58:10 DEBUG [t1] "TestVolatile":15: 13
2020-12-19 20:58:10 DEBUG [t1] "TestVolatile":15: 13
2020-12-19 20:58:10 DEBUG [t1] "TestVolatile":15: 13
2020-12-19 20:58:10 DEBUG [t1] "TestVolatile":15: 13
2020-12-19 20:58:10 DEBUG [t1] "TestVolatile":15: 13
2020-12-19 20:58:10 DEBUG [t1] "TestVolatile":15: 13
2020-12-19 20:58:10 DEBUG [t1] "TestVolatile":15: 13
2020-12-19 20:58:10 DEBUG [t1] "TestVolatile":15: 13
2020-12-19 20:58:10 DEBUG [t1] "TestVolatile":15: 13
2020-12-19 20:58:10 DEBUG [t1] "TestVolatile":15: 13
2020-12-19 20:58:10 DEBUG [t1] "TestVolatile":15: 13
2020-12-19 20:58:10 DEBUG [t1] "TestVolatile":15: 13
2020-12-19 20:58:10 DEBUG [t1] "TestVolatile":15: 13
2020-12-19 20:58:10 DEBUG [t1] "TestVolatile":15: 13
2020-12-19 20:58:10 DEBUG [t1] "TestVolatile":15: 13
2020-12-19 20:58:10 DEBUG [t1] "TestVolatile":15: 13
2020-12-19 20:58:10 DEBUG [t1] "TestVolatile":15: 13
2020-12-19 20:58:10 DEBUG [t1] "TestVolatile":15: 13
2020-12-19 20:58:10 DEBUG [t1] "TestVolatile":15: 13
2020-12-19 20:58:10 DEBUG [t1] "TestVolatile":15: 13
2020-12-19 20:58:10 DEBUG [t1] "TestVolatile":15: 13
2020-12-19 20:58:10 DEBUG [t1] "TestVolatile":15: 13
2020-12-19 20:58:10 DEBUG [t1] "TestVolatile":15: 13
2020-12-19 20:58:10 DEBUG [t1] "TestVolatile":15: 13
2020-12-19 20:58:10 DEBUG [t1] "TestVolatile":15: 13
2020-12-19 20:58:10 DEBUG [t1] "TestVolatile":15: 13
2020-12-19 20:58:10 DEBUG [t1] "TestVolatile":15: 13
2020-12-19 20:58:10 DEBUG [t1] "TestVolatile":15: 13
2020-12-19 20:58:10 DEBUG [t1] "TestVolatile":15: 13
2020-12-19 20:58:10 DEBUG [t1] "TestVolatile":15: 13
2020-12-19 20:58:10 DEBUG [t1] "TestVolatile":15: 13
2020-12-19 20:58:10 DEBUG [t1] "TestVolatile":15: 13
2020-12-19 20:58:10 DEBUG [t1] "TestVolatile":15: 13
2020-12-19 20:58:10 DEBUG [t1] "TestVolatile":15: 13
2020-12-19 20:58:10 DEBUG [t1] "TestVolatile":15: 13
2020-12-19 20:58:10 DEBUG [t1] "TestVolatile":15: 13
2020-12-19 20:58:10 DEBUG [t1] "TestVolatile":15: 13
2020-12-19 20:58:10 DEBUG [t1] "TestVolatile":15: 13
2020-12-19 20:58:10 DEBUG [t1] "TestVolatile":15: 13
2020-12-19 20:58:10 DEBUG [t1] "TestVolatile":15: 13
2020-12-19 20:58:10 DEBUG [t1] "TestVolatile":15: 13
2020-12-19 20:58:10 DEBUG [t1] "TestVolatile":15: 13
2020-12-19 20:58:10 DEBUG [t1] "TestVolatile":15: 13
2020-12-19 20:58:10 DEBUG [t1] "TestVolatile":15: 13
2020-12-19 20:58:10 DEBUG [t1] "TestVolatile":15: 13
2020-12-19 20:58:10 DEBUG [t1] "TestVolatile":15: 13
2020-12-19 20:58:10 DEBUG [t1] "TestVolatile":15: 13
2020-12-19 20:58:10 DEBUG [t1] "TestVolatile":15: 13
2020-12-19 20:58:10 DEBUG [t1] "TestVolatile":15: 13
2020-12-19 20:58:10 DEBUG [t1] "TestVolatile":15: 13
2020-12-19 20:58:10 DEBUG [t1] "TestVolatile":15: 13
2020-12-19 20:58:10 DEBUG [t1] "TestVolatile":15: 13
2020-12-19 20:58:10 DEBUG [t1] "TestVolatile":15: 13
2020-12-19 20:58:10 DEBUG [t1] "TestVolatile":15: 13
2020-12-19 20:58:10 DEBUG [t1] "TestVolatile":15: 13
2020-12-19 20:58:10 DEBUG [t1] "TestVolatile":15: 13
2020-12-19 20:58:10 DEBUG [t1] "TestVolatile":15: 13
2020-12-19 20:58:10 DEBUG [t1] "TestVolatile":15: 13
2020-12-19 20:58:10 DEBUG [t1] "TestVolatile":15: 13
2020-12-19 20:58:10 DEBUG [t1] "TestVolatile":15: 13
2020-12-19 20:58:10 DEBUG [t1] "TestVolatile":15: 13
2020-12-19 20:58:10 DEBUG [t1] "TestVolatile":15: 13
2020-12-19 20:58:10 DEBUG [t1] "TestVolatile":15: 13
2020-12-19 20:58:10 DEBUG [t1] "TestVolatile":15: 13
2020-12-19 20:58:10 DEBUG [t1] "TestVolatile":15: 13
2020-12-19 20:58:10 DEBUG [t1] "TestVolatile":15: 13
2020-12-19 20:58:10 DEBUG [t1] "TestVolatile":15: 13
2020-12-19 20:58:10 DEBUG [t1] "TestVolatile":15: 13
2020-12-19 20:58:10 DEBUG [t1] "TestVolatile":15: 13
2020-12-19 20:58:10 DEBUG [t1] "TestVolatile":15: 13
2020-12-19 20:58:10 DEBUG [t1] "TestVolatile":15: 13
2020-12-19 20:58:10 DEBUG [t1] "TestVolatile":15: 13
2020-12-19 20:58:10 DEBUG [t1] "TestVolatile":15: 13
2020-12-19 20:58:10 DEBUG [t1] "TestVolatile":15: 13
2020-12-19 20:58:10 DEBUG [t1] "TestVolatile":15: 13
2020-12-19 20:58:10 DEBUG [t1] "TestVolatile":15: 13
2020-12-19 20:58:10 DEBUG [t1] "TestVolatile":15: 13
2020-12-19 20:58:10 DEBUG [t1] "TestVolatile":15: 13
2020-12-19 20:58:10 DEBUG [t1] "TestVolatile":15: 13
2020-12-19 20:58:10 DEBUG [t1] "TestVolatile":15: 13
2020-12-19 20:58:10 DEBUG [t1] "TestVolatile":15: 13
2020-12-19 20:58:10 DEBUG [t1] "TestVolatile":15: 13
2020-12-19 20:58:10 DEBUG [t1] "TestVolatile":15: 13
2020-12-19 20:58:10 DEBUG [t1] "TestVolatile":15: 13
2020-12-19 20:58:10 DEBUG [t1] "TestVolatile":15: 13
2020-12-19 20:58:10 DEBUG [t1] "TestVolatile":15: 13
2020-12-19 20:58:10 DEBUG [t1] "TestVolatile":15: 13
2020-12-19 20:58:10 DEBUG [t1] "TestVolatile":15: 13
2020-12-19 20:58:10 DEBUG [t1] "TestVolatile":15: 13
2020-12-19 20:58:10 DEBUG [t1] "TestVolatile":15: 13
2020-12-19 20:58:10 DEBUG [t1] "TestVolatile":15: 13
2020-12-19 20:58:10 DEBUG [t1] "TestVolatile":15: 13
2020-12-19 20:58:10 DEBUG [t1] "TestVolatile":15: 13
2020-12-19 20:58:10 DEBUG [t1] "TestVolatile":15: 13
2020-12-19 20:58:10 DEBUG [t1] "TestVolatile":15: 13
2020-12-19 20:58:10 DEBUG [t1] "TestVolatile":15: 13
2020-12-19 20:58:10 DEBUG [t1] "TestVolatile":15: 13
2020-12-19 20:58:10 DEBUG [t1] "TestVolatile":15: 13
2020-12-19 20:58:10 DEBUG [t1] "TestVolatile":15: 13
2020-12-19 20:58:10 DEBUG [t1] "TestVolatile":15: 13
2020-12-19 20:58:10 DEBUG [t1] "TestVolatile":15: 13
2020-12-19 20:58:10 DEBUG [t1] "TestVolatile":15: 13
2020-12-19 20:58:10 DEBUG [t1] "TestVolatile":15: 13
2020-12-19 20:58:10 DEBUG [t1] "TestVolatile":15: 13
2020-12-19 20:58:10 DEBUG [t1] "TestVolatile":15: 13
2020-12-19 20:58:10 DEBUG [t1] "TestVolatile":15: 13
2020-12-19 20:58:10 DEBUG [t1] "TestVolatile":15: 13
2020-12-19 20:58:10 DEBUG [t1] "TestVolatile":15: 13
2020-12-19 20:58:10 DEBUG [t1] "TestVolatile":15: 13
2020-12-19 20:58:10 DEBUG [t1] "TestVolatile":15: 13
2020-12-19 20:58:10 DEBUG [t1] "TestVolatile":15: 13
2020-12-19 20:58:10 DEBUG [t1] "TestVolatile":15: 13
2020-12-19 20:58:10 DEBUG [t1] "TestVolatile":15: 13
2020-12-19 20:58:10 DEBUG [t1] "TestVolatile":15: 13
2020-12-19 20:58:10 DEBUG [t1] "TestVolatile":15: 13
2020-12-19 20:58:10 DEBUG [t1] "TestVolatile":15: 13
2020-12-19 20:58:10 DEBUG [t1] "TestVolatile":15: 13
2020-12-19 20:58:10 DEBUG [t1] "TestVolatile":15: 13
2020-12-19 20:58:10 DEBUG [t1] "TestVolatile":15: 13
2020-12-19 20:58:10 DEBUG [t1] "TestVolatile":15: 13
2020-12-19 20:58:10 DEBUG [t1] "TestVolatile":15: 13
2020-12-19 20:58:10 DEBUG [t1] "TestVolatile":15: 13
2020-12-19 20:58:10 DEBUG [t1] "TestVolatile":15: 13
2020-12-19 20:58:10 DEBUG [t1] "TestVolatile":15: 13
2020-12-19 20:58:10 DEBUG [t1] "TestVolatile":15: 13
2020-12-19 20:58:10 DEBUG [t1] "TestVolatile":15: 13
2020-12-19 20:58:10 DEBUG [t1] "TestVolatile":15: 13
2020-12-19 20:58:10 DEBUG [t1] "TestVolatile":15: 13
2020-12-19 20:58:10 DEBUG [t1] "TestVolatile":15: 13
2020-12-19 20:58:10 DEBUG [t1] "TestVolatile":15: 13
2020-12-19 20:58:10 DEBUG [t1] "TestVolatile":15: 13
2020-12-19 20:58:10 DEBUG [t1] "TestVolatile":15: 13
2020-12-19 20:58:10 DEBUG [t1] "TestVolatile":15: 13
2020-12-19 20:58:10 DEBUG [t1] "TestVolatile":15: 13
2020-12-19 20:58:10 DEBUG [t1] "TestVolatile":15: 13
2020-12-19 20:58:10 DEBUG [t1] "TestVolatile":15: 13
2020-12-19 20:58:10 DEBUG [t1] "TestVolatile":15: 13
2020-12-19 20:58:10 DEBUG [t1] "TestVolatile":15: 13
2020-12-19 20:58:10 DEBUG [t1] "TestVolatile":15: 13
2020-12-19 20:58:10 DEBUG [t1] "TestVolatile":15: 13
2020-12-19 20:58:10 DEBUG [t1] "TestVolatile":15: 13
2020-12-19 20:58:10 DEBUG [t1] "TestVolatile":15: 13
2020-12-19 20:58:10 DEBUG [t1] "TestVolatile":15: 13
2020-12-19 20:58:10 DEBUG [t1] "TestVolatile":15: 13
2020-12-19 20:58:10 DEBUG [t1] "TestVolatile":15: 13
2020-12-19 20:58:10 DEBUG [t1] "TestVolatile":15: 13
2020-12-19 20:58:10 DEBUG [t1] "TestVolatile":15: 13
2020-12-19 20:58:10 DEBUG [t1] "TestVolatile":15: 13
2020-12-19 20:58:10 DEBUG [t1] "TestVolatile":15: 13
2020-12-19 20:58:10 DEBUG [t1] "TestVolatile":15: 13
2020-12-19 20:58:10 DEBUG [t1] "TestVolatile":15: 13
2020-12-19 20:58:10 DEBUG [t1] "TestVolatile":15: 13
2020-12-19 20:58:10 DEBUG [t1] "TestVolatile":15: 13
2020-12-19 20:58:10 DEBUG [t1] "TestVolatile":15: 13
2020-12-19 20:58:10 DEBUG [t1] "TestVolatile":15: 13
2020-12-19 20:58:10 DEBUG [t1] "TestVolatile":15: 13
2020-12-19 20:58:10 DEBUG [t1] "TestVolatile":15: 13
2020-12-19 20:58:10 DEBUG [t1] "TestVolatile":15: 13
2020-12-19 20:58:10 DEBUG [t1] "TestVolatile":15: 13
2020-12-19 20:58:10 DEBUG [t1] "TestVolatile":15: 13
2020-12-19 20:58:10 DEBUG [t1] "TestVolatile":15: 13
2020-12-19 20:58:10 DEBUG [t1] "TestVolatile":15: 13
2020-12-19 20:58:10 DEBUG [t1] "TestVolatile":15: 13
2020-12-19 20:58:10 DEBUG [t1] "TestVolatile":15: 13
2020-12-19 20:58:10 DEBUG [t1] "TestVolatile":15: 13
2020-12-19 20:58:10 DEBUG [t1] "TestVolatile":15: 13
2020-12-19 20:58:10 DEBUG [t1] "TestVolatile":15: 13
2020-12-19 20:58:10 DEBUG [t1] "TestVolatile":15: 13
2020-12-19 20:58:10 DEBUG [t1] "TestVolatile":15: 13
2020-12-19 20:58:10 DEBUG [t1] "TestVolatile":15: 13
2020-12-19 20:58:10 DEBUG [t1] "TestVolatile":15: 13
2020-12-19 20:58:10 DEBUG [t1] "TestVolatile":15: 13
2020-12-19 20:58:10 DEBUG [t1] "TestVolatile":15: 13
2020-12-19 20:58:10 DEBUG [t1] "TestVolatile":15: 13
2020-12-19 20:58:10 DEBUG [t1] "TestVolatile":15: 13
2020-12-19 20:58:10 DEBUG [t1] "TestVolatile":15: 13
2020-12-19 20:58:10 DEBUG [t1] "TestVolatile":15: 13
2020-12-19 20:58:10 DEBUG [t1] "TestVolatile":15: 13
2020-12-19 20:58:10 DEBUG [t1] "TestVolatile":15: 13
2020-12-19 20:58:10 DEBUG [t1] "TestVolatile":15: 13
2020-12-19 20:58:10 DEBUG [t1] "TestVolatile":15: 13
2020-12-19 20:58:10 DEBUG [t1] "TestVolatile":15: 13
2020-12-19 20:58:10 DEBUG [t1] "TestVolatile":15: 13
2020-12-19 20:58:10 DEBUG [t1] "TestVolatile":15: 13
2020-12-19 20:58:10 DEBUG [t1] "TestVolatile":15: 13
2020-12-19 20:58:10 DEBUG [t1] "TestVolatile":15: 13
2020-12-19 20:58:10 DEBUG [t1] "TestVolatile":15: 13
2020-12-19 20:58:10 DEBUG [t1] "TestVolatile":15: 13
2020-12-19 20:58:10 DEBUG [t1] "TestVolatile":15: 13
2020-12-19 20:58:10 DEBUG [t1] "TestVolatile":15: 13
2020-12-19 20:58:10 DEBUG [t1] "TestVolatile":15: 13
2020-12-19 20:58:10 DEBUG [t1] "TestVolatile":15: 13
2020-12-19 20:58:10 DEBUG [t1] "TestVolatile":15: 13
2020-12-19 20:58:10 DEBUG [t1] "TestVolatile":15: 13
2020-12-19 20:58:10 DEBUG [t1] "TestVolatile":15: 13
2020-12-19 20:58:10 DEBUG [t1] "TestVolatile":15: 13
2020-12-19 20:58:10 DEBUG [t1] "TestVolatile":15: 13
2020-12-19 20:58:10 DEBUG [t1] "TestVolatile":15: 13
2020-12-19 20:58:10 DEBUG [t1] "TestVolatile":15: 13
2020-12-19 20:58:10 DEBUG [t1] "TestVolatile":15: 13
2020-12-19 20:58:10 DEBUG [t1] "TestVolatile":15: 13
2020-12-19 20:58:10 DEBUG [t1] "TestVolatile":15: 13
2020-12-19 20:58:10 DEBUG [t1] "TestVolatile":15: 13
2020-12-19 20:58:10 DEBUG [t1] "TestVolatile":15: 13
2020-12-19 20:58:10 DEBUG [t1] "TestVolatile":15: 13
2020-12-19 20:58:10 DEBUG [t1] "TestVolatile":15: 13
2020-12-19 20:58:10 DEBUG [t1] "TestVolatile":15: 13
2020-12-19 20:58:10 DEBUG [t1] "TestVolatile":15: 13
2020-12-19 20:58:10 DEBUG [t1] "TestVolatile":15: 13
2020-12-19 20:58:10 DEBUG [t1] "TestVolatile":15: 13
2020-12-19 20:58:10 DEBUG [t1] "TestVolatile":15: 13
2020-12-19 20:58:10 DEBUG [t1] "TestVolatile":15: 13
2020-12-19 20:58:10 DEBUG [t1] "TestVolatile":15: 13
2020-12-19 20:58:10 DEBUG [t1] "TestVolatile":15: 13
2020-12-19 20:58:10 DEBUG [t1] "TestVolatile":15: 13
2020-12-19 20:58:10 DEBUG [t1] "TestVolatile":15: 13
2020-12-19 20:58:10 DEBUG [t1] "TestVolatile":15: 13
2020-12-19 20:58:10 DEBUG [t1] "TestVolatile":15: 13
2020-12-19 20:58:10 DEBUG [t1] "TestVolatile":15: 13
2020-12-19 20:58:10 DEBUG [t1] "TestVolatile":15: 13
2020-12-19 20:58:10 DEBUG [t1] "TestVolatile":15: 13
2020-12-19 20:58:10 DEBUG [t1] "TestVolatile":15: 13
2020-12-19 20:58:10 DEBUG [t1] "TestVolatile":15: 13
2020-12-19 20:58:10 DEBUG [t1] "TestVolatile":15: 13
2020-12-19 20:58:10 DEBUG [t1] "TestVolatile":15: 13
2020-12-19 20:58:10 DEBUG [t1] "TestVolatile":15: 13
2020-12-19 20:58:10 DEBUG [t1] "TestVolatile":15: 13
2020-12-19 20:58:10 DEBUG [t1] "TestVolatile":15: 13
2020-12-19 20:58:10 DEBUG [t1] "TestVolatile":15: 13
2020-12-19 20:58:10 DEBUG [t1] "TestVolatile":15: 13
2020-12-19 20:58:10 DEBUG [t1] "TestVolatile":15: 13
2020-12-19 20:58:10 DEBUG [t1] "TestVolatile":15: 13
2020-12-19 20:58:10 DEBUG [t1] "TestVolatile":15: 13
2020-12-19 20:58:10 DEBUG [t1] "TestVolatile":15: 13
2020-12-19 20:58:10 DEBUG [t1] "TestVolatile":15: 13
2020-12-19 20:58:10 DEBUG [t1] "TestVolatile":15: 13
2020-12-19 20:58:10 DEBUG [t1] "TestVolatile":15: 13
2020-12-19 20:58:10 DEBUG [t1] "TestVolatile":15: 13
2020-12-19 20:58:10 DEBUG [t1] "TestVolatile":15: 13
2020-12-19 20:58:10 DEBUG [t1] "TestVolatile":15: 13
2020-12-19 20:58:10 DEBUG [t1] "TestVolatile":15: 13
2020-12-19 20:58:10 DEBUG [t1] "TestVolatile":15: 13
2020-12-19 20:58:10 DEBUG [t1] "TestVolatile":15: 13
2020-12-19 20:58:10 DEBUG [t1] "TestVolatile":15: 13
2020-12-19 20:58:10 DEBUG [t1] "TestVolatile":15: 13
2020-12-19 20:58:10 DEBUG [t1] "TestVolatile":15: 13
2020-12-19 20:58:10 DEBUG [t1] "TestVolatile":15: 13
2020-12-19 20:58:10 DEBUG [t1] "TestVolatile":15: 13
2020-12-19 20:58:10 DEBUG [t1] "TestVolatile":15: 13
2020-12-19 20:58:10 DEBUG [t1] "TestVolatile":15: 13
2020-12-19 20:58:10 DEBUG [t1] "TestVolatile":15: 13
2020-12-19 20:58:10 DEBUG [t1] "TestVolatile":15: 13
2020-12-19 20:58:10 DEBUG [t1] "TestVolatile":15: 13
2020-12-19 20:58:10 DEBUG [t1] "TestVolatile":15: 13
2020-12-19 20:58:10 DEBUG [t1] "TestVolatile":15: 13
2020-12-19 20:58:10 DEBUG [t1] "TestVolatile":15: 13
2020-12-19 20:58:10 DEBUG [t1] "TestVolatile":15: 13
2020-12-19 20:58:10 DEBUG [t1] "TestVolatile":15: 13
2020-12-19 20:58:10 DEBUG [t1] "TestVolatile":15: 13
2020-12-19 20:58:10 DEBUG [t1] "TestVolatile":15: 13
2020-12-19 20:58:10 DEBUG [t1] "TestVolatile":15: 13
2020-12-19 20:58:10 DEBUG [t1] "TestVolatile":15: 13
2020-12-19 20:58:10 DEBUG [t1] "TestVolatile":15: 13
2020-12-19 20:58:10 DEBUG [t1] "TestVolatile":15: 13
2020-12-19 20:58:10 DEBUG [t1] "TestVolatile":15: 13
2020-12-19 20:58:10 DEBUG [t1] "TestVolatile":15: 13
2020-12-19 20:58:10 DEBUG [t1] "TestVolatile":15: 13
2020-12-19 20:58:10 DEBUG [t1] "TestVolatile":15: 13
2020-12-19 20:58:10 DEBUG [t1] "TestVolatile":15: 13
2020-12-19 20:58:10 DEBUG [t1] "TestVolatile":15: 13
2020-12-19 20:58:10 DEBUG [t1] "TestVolatile":15: 13
2020-12-19 20:58:10 DEBUG [t1] "TestVolatile":15: 13
2020-12-19 20:58:10 DEBUG [t1] "TestVolatile":15: 13
2020-12-19 20:58:10 DEBUG [t1] "TestVolatile":15: 13
2020-12-19 20:58:10 DEBUG [t1] "TestVolatile":15: 13
2020-12-19 20:58:10 DEBUG [t1] "TestVolatile":15: 13
2020-12-19 20:58:10 DEBUG [t1] "TestVolatile":15: 13
2020-12-19 20:58:10 DEBUG [t1] "TestVolatile":15: 13
2020-12-19 20:58:10 DEBUG [t1] "TestVolatile":15: 13
2020-12-19 20:58:10 DEBUG [t1] "TestVolatile":15: 13
2020-12-19 20:58:10 DEBUG [t1] "TestVolatile":15: 13
2020-12-19 20:58:10 DEBUG [t1] "TestVolatile":15: 13
2020-12-19 20:58:10 DEBUG [t1] "TestVolatile":15: 13
2020-12-19 20:58:10 DEBUG [t1] "TestVolatile":15: 13
2020-12-19 20:58:10 DEBUG [t1] "TestVolatile":15: 13
2020-12-19 20:58:10 DEBUG [t1] "TestVolatile":15: 13
2020-12-19 20:58:10 DEBUG [t1] "TestVolatile":15: 13
2020-12-19 20:58:10 DEBUG [t1] "TestVolatile":15: 13
2020-12-19 20:58:10 DEBUG [t1] "TestVolatile":15: 13
2020-12-19 20:58:10 DEBUG [t1] "TestVolatile":15: 13
2020-12-19 20:58:10 DEBUG [t1] "TestVolatile":15: 13
2020-12-19 20:58:10 DEBUG [t1] "TestVolatile":15: 13
2020-12-19 20:58:10 DEBUG [t1] "TestVolatile":15: 13
2020-12-19 20:58:10 DEBUG [t1] "TestVolatile":15: 13
2020-12-19 20:58:10 DEBUG [t1] "TestVolatile":15: 13
2020-12-19 20:58:10 DEBUG [t1] "TestVolatile":15: 13
2020-12-19 20:58:10 DEBUG [t1] "TestVolatile":15: 13
2020-12-19 20:58:10 DEBUG [t1] "TestVolatile":15: 13
2020-12-19 20:58:10 DEBUG [t1] "TestVolatile":15: 13
2020-12-19 20:58:10 DEBUG [t1] "TestVolatile":15: 13
2020-12-19 20:58:10 DEBUG [t1] "TestVolatile":15: 13
2020-12-19 20:58:10 DEBUG [t1] "TestVolatile":15: 13
2020-12-19 20:58:10 DEBUG [t1] "TestVolatile":15: 13
2020-12-19 20:58:10 DEBUG [t1] "TestVolatile":15: 13
2020-12-19 20:58:10 DEBUG [t1] "TestVolatile":15: 13
2020-12-19 20:58:10 DEBUG [t1] "TestVolatile":15: 13
2020-12-19 20:58:10 DEBUG [t1] "TestVolatile":15: 13
2020-12-19 20:58:10 DEBUG [t1] "TestVolatile":15: 13
2020-12-19 20:58:10 DEBUG [t1] "TestVolatile":15: 13
2020-12-19 20:58:10 DEBUG [t1] "TestVolatile":15: 13
2020-12-19 20:58:10 DEBUG [t1] "TestVolatile":15: 13
2020-12-19 20:58:10 DEBUG [t1] "TestVolatile":15: 13
2020-12-19 20:58:10 DEBUG [t1] "TestVolatile":15: 13
2020-12-19 20:58:10 DEBUG [t1] "TestVolatile":15: 13
2020-12-19 20:58:10 DEBUG [t1] "TestVolatile":15: 13
2020-12-19 20:58:10 DEBUG [t1] "TestVolatile":15: 13
2020-12-19 20:58:10 DEBUG [t1] "TestVolatile":15: 13
2020-12-19 20:58:10 DEBUG [t1] "TestVolatile":15: 13
2020-12-19 20:58:10 DEBUG [t1] "TestVolatile":15: 13
2020-12-19 20:58:10 DEBUG [t1] "TestVolatile":15: 13
2020-12-19 20:58:10 DEBUG [t1] "TestVolatile":15: 13
2020-12-19 20:58:10 DEBUG [t1] "TestVolatile":15: 13
2020-12-19 20:58:10 DEBUG [t1] "TestVolatile":15: 13
2020-12-19 20:58:10 DEBUG [t1] "TestVolatile":15: 13
2020-12-19 20:58:10 DEBUG [t1] "TestVolatile":15: 13
2020-12-19 20:58:10 DEBUG [t1] "TestVolatile":15: 13
2020-12-19 20:58:10 DEBUG [t1] "TestVolatile":15: 13
2020-12-19 20:58:10 DEBUG [t1] "TestVolatile":15: 13
2020-12-19 20:58:10 DEBUG [t1] "TestVolatile":15: 13
2020-12-19 20:58:10 DEBUG [t1] "TestVolatile":15: 13
2020-12-19 20:58:10 DEBUG [t1] "TestVolatile":15: 13
2020-12-19 20:58:10 DEBUG [t1] "TestVolatile":15: 13
2020-12-19 20:58:10 DEBUG [t1] "TestVolatile":15: 13
2020-12-19 20:58:10 DEBUG [t1] "TestVolatile":15: 13
2020-12-19 20:58:10 DEBUG [t1] "TestVolatile":15: 13
2020-12-19 20:58:10 DEBUG [t1] "TestVolatile":15: 13
2020-12-19 20:58:10 DEBUG [t1] "TestVolatile":15: 13
2020-12-19 20:58:10 DEBUG [t1] "TestVolatile":15: 13
2020-12-19 20:58:10 DEBUG [t1] "TestVolatile":15: 13
2020-12-19 20:58:10 DEBUG [t1] "TestVolatile":15: 13
2020-12-19 20:58:10 DEBUG [t1] "TestVolatile":15: 13
2020-12-19 20:58:10 DEBUG [t1] "TestVolatile":15: 13
2020-12-19 20:58:10 DEBUG [t1] "TestVolatile":15: 13
2020-12-19 20:58:10 DEBUG [t1] "TestVolatile":15: 13
2020-12-19 20:58:10 DEBUG [t1] "TestVolatile":15: 13
2020-12-19 20:58:10 DEBUG [t1] "TestVolatile":15: 13
2020-12-19 20:58:10 DEBUG [t1] "TestVolatile":15: 13
2020-12-19 20:58:10 DEBUG [t1] "TestVolatile":15: 13
2020-12-19 20:58:10 DEBUG [t1] "TestVolatile":15: 13
2020-12-19 20:58:10 DEBUG [t1] "TestVolatile":15: 13
2020-12-19 20:58:10 DEBUG [t1] "TestVolatile":15: 13
2020-12-19 20:58:10 DEBUG [t1] "TestVolatile":15: 13
2020-12-19 20:58:10 DEBUG [t1] "TestVolatile":15: 13
2020-12-19 20:58:10 DEBUG [t1] "TestVolatile":15: 13
2020-12-19 20:58:10 DEBUG [t1] "TestVolatile":15: 13
2020-12-19 20:58:10 DEBUG [t1] "TestVolatile":15: 13
2020-12-19 20:58:10 DEBUG [t1] "TestVolatile":15: 13
2020-12-19 20:58:10 DEBUG [t1] "TestVolatile":15: 13
2020-12-19 20:58:10 DEBUG [t1] "TestVolatile":15: 13
2020-12-19 20:58:10 DEBUG [t1] "TestVolatile":15: 13
2020-12-19 20:58:10 DEBUG [t1] "TestVolatile":15: 13
2020-12-19 20:58:10 DEBUG [t1] "TestVolatile":15: 13
2020-12-19 20:58:10 DEBUG [t1] "TestVolatile":15: 13
2020-12-19 20:58:10 DEBUG [t1] "TestVolatile":15: 13
2020-12-19 20:58:10 DEBUG [t1] "TestVolatile":15: 13
2020-12-19 20:58:10 DEBUG [t1] "TestVolatile":15: 13
2020-12-19 20:58:10 DEBUG [t1] "TestVolatile":15: 13
2020-12-19 20:58:10 DEBUG [t1] "TestVolatile":15: 13
2020-12-19 20:58:10 DEBUG [t1] "TestVolatile":15: 13
2020-12-19 20:58:10 DEBUG [t1] "TestVolatile":15: 13
2020-12-19 20:58:10 DEBUG [t1] "TestVolatile":15: 13
2020-12-19 20:58:10 DEBUG [t1] "TestVolatile":15: 13
2020-12-19 20:58:10 DEBUG [t1] "TestVolatile":15: 13
2020-12-19 20:58:10 DEBUG [t1] "TestVolatile":15: 13
2020-12-19 20:58:10 DEBUG [t1] "TestVolatile":15: 13
2020-12-19 20:58:10 DEBUG [t1] "TestVolatile":15: 13
2020-12-19 20:58:10 DEBUG [t1] "TestVolatile":15: 13
2020-12-19 20:58:10 DEBUG [t1] "TestVolatile":15: 13
2020-12-19 20:58:10 DEBUG [t1] "TestVolatile":15: 13
2020-12-19 20:58:10 DEBUG [t1] "TestVolatile":15: 13
2020-12-19 20:58:10 DEBUG [t1] "TestVolatile":15: 13
2020-12-19 20:58:10 DEBUG [t1] "TestVolatile":15: 13
2020-12-19 20:58:10 DEBUG [t1] "TestVolatile":15: 13
2020-12-19 20:58:10 DEBUG [t1] "TestVolatile":15: 13
2020-12-19 20:58:10 DEBUG [t1] "TestVolatile":15: 13
2020-12-19 20:58:10 DEBUG [t1] "TestVolatile":15: 13
2020-12-19 20:58:10 DEBUG [t1] "TestVolatile":15: 13
2020-12-19 20:58:10 DEBUG [t1] "TestVolatile":15: 13
2020-12-19 20:58:10 DEBUG [t1] "TestVolatile":15: 13
2020-12-19 20:58:10 DEBUG [t1] "TestVolatile":15: 13
2020-12-19 20:58:10 DEBUG [t1] "TestVolatile":15: 13
2020-12-19 20:58:10 DEBUG [t1] "TestVolatile":15: 13
2020-12-19 20:58:10 DEBUG [t1] "TestVolatile":15: 13
2020-12-19 20:58:10 DEBUG [t1] "TestVolatile":15: 13
2020-12-19 20:58:10 DEBUG [t1] "TestVolatile":15: 13
2020-12-19 20:58:10 DEBUG [t1] "TestVolatile":15: 13
2020-12-19 20:58:10 DEBUG [t1] "TestVolatile":15: 13
2020-12-19 20:58:10 DEBUG [t1] "TestVolatile":15: 13
2020-12-19 20:58:10 DEBUG [t1] "TestVolatile":15: 13
2020-12-19 20:58:10 DEBUG [t1] "TestVolatile":15: 13
2020-12-19 20:58:10 DEBUG [t1] "TestVolatile":15: 13
2020-12-19 20:58:10 DEBUG [t1] "TestVolatile":15: 13
2020-12-19 20:58:10 DEBUG [t1] "TestVolatile":15: 13
2020-12-19 20:58:10 DEBUG [t1] "TestVolatile":15: 13
2020-12-19 20:58:10 DEBUG [t1] "TestVolatile":15: 13
2020-12-19 20:58:10 DEBUG [t1] "TestVolatile":15: 13
2020-12-19 20:58:10 DEBUG [t1] "TestVolatile":15: 13
2020-12-19 20:58:10 DEBUG [t1] "TestVolatile":15: 13
2020-12-19 20:58:10 DEBUG [t1] "TestVolatile":15: 13
2020-12-19 20:58:10 DEBUG [t1] "TestVolatile":15: 13
2020-12-19 20:58:10 DEBUG [t1] "TestVolatile":15: 13
2020-12-19 20:58:10 DEBUG [t1] "TestVolatile":15: 13
2020-12-19 20:58:10 DEBUG [t1] "TestVolatile":15: 13
2020-12-19 20:58:10 DEBUG [t1] "TestVolatile":15: 13
2020-12-19 20:58:10 DEBUG [t1] "TestVolatile":15: 13
2020-12-19 20:58:10 DEBUG [t1] "TestVolatile":15: 13
2020-12-19 20:58:10 DEBUG [t1] "TestVolatile":15: 13
2020-12-19 20:58:10 DEBUG [t1] "TestVolatile":15: 13
2020-12-19 20:58:10 DEBUG [t1] "TestVolatile":15: 13
2020-12-19 20:58:10 DEBUG [t1] "TestVolatile":15: 13
2020-12-19 20:58:10 DEBUG [t1] "TestVolatile":15: 13
2020-12-19 20:58:10 DEBUG [t1] "TestVolatile":15: 13
2020-12-19 20:58:10 DEBUG [t1] "TestVolatile":15: 13
2020-12-19 20:58:10 DEBUG [t1] "TestVolatile":15: 13
2020-12-19 20:58:10 DEBUG [t1] "TestVolatile":15: 13
2020-12-19 20:58:10 DEBUG [t1] "TestVolatile":15: 13
2020-12-19 20:58:10 DEBUG [t1] "TestVolatile":15: 13
2020-12-19 20:58:10 DEBUG [t1] "TestVolatile":15: 13
2020-12-19 20:58:10 DEBUG [t1] "TestVolatile":15: 13
2020-12-19 20:58:10 DEBUG [t1] "TestVolatile":15: 13
2020-12-19 20:58:10 DEBUG [t1] "TestVolatile":15: 13
2020-12-19 20:58:10 DEBUG [t1] "TestVolatile":15: 13
2020-12-19 20:58:10 DEBUG [t1] "TestVolatile":15: 13
2020-12-19 20:58:10 DEBUG [t1] "TestVolatile":15: 13
2020-12-19 20:58:10 DEBUG [t1] "TestVolatile":15: 13
2020-12-19 20:58:10 DEBUG [t1] "TestVolatile":15: 13
2020-12-19 20:58:10 DEBUG [t1] "TestVolatile":15: 13
2020-12-19 20:58:10 DEBUG [t1] "TestVolatile":15: 13
2020-12-19 20:58:10 DEBUG [t1] "TestVolatile":15: 13
2020-12-19 20:58:10 DEBUG [t1] "TestVolatile":15: 13
2020-12-19 20:58:10 DEBUG [t1] "TestVolatile":15: 13
2020-12-19 20:58:10 DEBUG [t1] "TestVolatile":15: 13
2020-12-19 20:58:10 DEBUG [t1] "TestVolatile":15: 13
2020-12-19 20:58:10 DEBUG [t1] "TestVolatile":15: 13
2020-12-19 20:58:10 DEBUG [t1] "TestVolatile":15: 13
2020-12-19 20:58:10 DEBUG [t1] "TestVolatile":15: 13
2020-12-19 20:58:10 DEBUG [t1] "TestVolatile":15: 13
2020-12-19 20:58:10 DEBUG [t1] "TestVolatile":15: 13
2020-12-19 20:58:10 DEBUG [t1] "TestVolatile":15: 13
2020-12-19 20:58:10 DEBUG [t1] "TestVolatile":15: 13
2020-12-19 20:58:10 DEBUG [t1] "TestVolatile":15: 13
2020-12-19 20:58:10 DEBUG [t1] "TestVolatile":15: 13
2020-12-19 20:58:10 DEBUG [t1] "TestVolatile":15: 13
2020-12-19 20:58:10 DEBUG [t1] "TestVolatile":15: 13
2020-12-19 20:58:10 DEBUG [t1] "TestVolatile":15: 13
2020-12-19 20:58:10 DEBUG [t1] "TestVolatile":15: 13
2020-12-19 20:58:10 DEBUG [t1] "TestVolatile":15: 13
2020-12-19 20:58:10 DEBUG [t1] "TestVolatile":15: 13
2020-12-19 20:58:10 DEBUG [t1] "TestVolatile":15: 13
2020-12-19 20:58:10 DEBUG [t1] "TestVolatile":15: 13
2020-12-19 20:58:10 DEBUG [t1] "TestVolatile":15: 13
2020-12-19 20:58:10 DEBUG [t1] "TestVolatile":15: 13
2020-12-19 20:58:10 DEBUG [t1] "TestVolatile":15: 13
2020-12-19 20:58:10 DEBUG [t1] "TestVolatile":15: 13
2020-12-19 20:58:10 DEBUG [t1] "TestVolatile":15: 13
2020-12-19 20:58:10 DEBUG [t1] "TestVolatile":15: 13
2020-12-19 20:58:10 DEBUG [t1] "TestVolatile":15: 13
2020-12-19 20:58:10 DEBUG [t1] "TestVolatile":15: 13
2020-12-19 20:58:10 DEBUG [t1] "TestVolatile":15: 13
2020-12-19 20:58:10 DEBUG [t1] "TestVolatile":15: 13
2020-12-19 20:58:10 DEBUG [t1] "TestVolatile":15: 13
2020-12-19 20:58:10 DEBUG [t1] "TestVolatile":15: 13
2020-12-19 20:58:10 DEBUG [t1] "TestVolatile":15: 13
2020-12-19 20:58:10 DEBUG [t1] "TestVolatile":15: 13
2020-12-19 20:58:10 DEBUG [t1] "TestVolatile":15: 13
2020-12-19 20:58:10 DEBUG [t1] "TestVolatile":15: 13
2020-12-19 20:58:10 DEBUG [t1] "TestVolatile":15: 13
2020-12-19 20:58:10 DEBUG [t1] "TestVolatile":15: 13
2020-12-19 20:58:10 DEBUG [t1] "TestVolatile":15: 13
2020-12-19 20:58:10 DEBUG [t1] "TestVolatile":15: 13
2020-12-19 20:58:10 DEBUG [t1] "TestVolatile":15: 13
2020-12-19 20:58:10 DEBUG [t1] "TestVolatile":15: 13
2020-12-19 20:58:10 DEBUG [t1] "TestVolatile":15: 13
2020-12-19 20:58:10 DEBUG [t1] "TestVolatile":15: 13
2020-12-19 20:58:10 DEBUG [t1] "TestVolatile":15: 13
2020-12-19 20:58:10 DEBUG [t1] "TestVolatile":15: 13
2020-12-19 20:58:10 DEBUG [t1] "TestVolatile":15: 13
2020-12-19 20:58:10 DEBUG [t1] "TestVolatile":15: 13
2020-12-19 20:58:10 DEBUG [t1] "TestVolatile":15: 13
2020-12-19 20:58:10 DEBUG [t1] "TestVolatile":15: 13
2020-12-19 20:58:10 DEBUG [t1] "TestVolatile":15: 13
2020-12-19 20:58:10 DEBUG [t1] "TestVolatile":15: 13
2020-12-19 20:58:10 DEBUG [t1] "TestVolatile":15: 13
2020-12-19 20:58:10 DEBUG [t1] "TestVolatile":15: 13
2020-12-19 20:58:10 DEBUG [t1] "TestVolatile":15: 13
2020-12-19 20:58:10 DEBUG [t1] "TestVolatile":15: 13
2020-12-19 20:58:10 DEBUG [t1] "TestVolatile":15: 13
2020-12-19 20:58:10 DEBUG [t1] "TestVolatile":15: 13
2020-12-19 20:58:10 DEBUG [t1] "TestVolatile":15: 13
2020-12-19 20:58:10 DEBUG [t1] "TestVolatile":15: 13
2020-12-19 20:58:10 DEBUG [t1] "TestVolatile":15: 13
2020-12-19 20:58:10 DEBUG [t1] "TestVolatile":15: 13
2020-12-19 20:58:10 DEBUG [t1] "TestVolatile":15: 13
2020-12-19 20:58:10 DEBUG [t1] "TestVolatile":15: 13
2020-12-19 20:58:10 DEBUG [t1] "TestVolatile":15: 13
2020-12-19 20:58:10 DEBUG [t1] "TestVolatile":15: 13
2020-12-19 20:58:10 DEBUG [t1] "TestVolatile":15: 13
2020-12-19 20:58:10 DEBUG [t1] "TestVolatile":15: 13
2020-12-19 20:58:10 DEBUG [t1] "TestVolatile":15: 13
2020-12-19 20:58:10 DEBUG [t1] "TestVolatile":15: 13
2020-12-19 20:58:10 DEBUG [t1] "TestVolatile":15: 13
2020-12-19 20:58:10 DEBUG [t1] "TestVolatile":15: 13
2020-12-19 20:58:10 DEBUG [t1] "TestVolatile":15: 13
2020-12-19 20:58:10 DEBUG [t1] "TestVolatile":15: 13
2020-12-19 20:58:10 DEBUG [t1] "TestVolatile":15: 13
2020-12-19 20:58:10 DEBUG [t1] "TestVolatile":15: 13
2020-12-19 20:58:10 DEBUG [t1] "TestVolatile":15: 13
2020-12-19 20:58:10 DEBUG [t1] "TestVolatile":15: 13
2020-12-19 20:58:10 DEBUG [t1] "TestVolatile":15: 13
2020-12-19 20:58:10 DEBUG [t1] "TestVolatile":15: 13
2020-12-19 20:58:10 DEBUG [t1] "TestVolatile":15: 13
2020-12-19 20:58:10 DEBUG [t1] "TestVolatile":15: 13
2020-12-19 20:58:10 DEBUG [t1] "TestVolatile":15: 13
2020-12-19 20:58:10 DEBUG [t1] "TestVolatile":15: 13
2020-12-19 20:58:10 DEBUG [t1] "TestVolatile":15: 13
2020-12-19 20:58:10 DEBUG [t1] "TestVolatile":15: 13
2020-12-19 20:58:10 DEBUG [t1] "TestVolatile":15: 13
2020-12-19 20:58:10 DEBUG [t1] "TestVolatile":15: 13
2020-12-19 20:58:10 DEBUG [t1] "TestVolatile":15: 13
2020-12-19 20:58:10 DEBUG [t1] "TestVolatile":15: 13
2020-12-19 20:58:10 DEBUG [t1] "TestVolatile":15: 13
2020-12-19 20:58:10 DEBUG [t1] "TestVolatile":15: 13
2020-12-19 20:58:10 DEBUG [t1] "TestVolatile":15: 13
2020-12-19 20:58:10 DEBUG [t1] "TestVolatile":15: 13
2020-12-19 20:58:10 DEBUG [t1] "TestVolatile":15: 13
2020-12-19 20:58:10 DEBUG [t1] "TestVolatile":15: 13
2020-12-19 20:58:10 DEBUG [t1] "TestVolatile":15: 13
2020-12-19 20:58:10 DEBUG [t1] "TestVolatile":15: 13
2020-12-19 20:58:10 DEBUG [t1] "TestVolatile":15: 13
2020-12-19 20:58:10 DEBUG [t1] "TestVolatile":15: 13
2020-12-19 20:58:10 DEBUG [t1] "TestVolatile":15: 13
2020-12-19 20:58:10 DEBUG [t1] "TestVolatile":15: 13
2020-12-19 20:58:10 DEBUG [t1] "TestVolatile":15: 13
2020-12-19 20:58:10 DEBUG [t1] "TestVolatile":15: 13
2020-12-19 20:58:10 DEBUG [t1] "TestVolatile":15: 13
2020-12-19 20:58:10 DEBUG [t1] "TestVolatile":15: 13
2020-12-19 20:58:10 DEBUG [t1] "TestVolatile":15: 13
2020-12-19 20:58:10 DEBUG [t1] "TestVolatile":15: 13
2020-12-19 20:58:10 DEBUG [t1] "TestVolatile":15: 13
2020-12-19 20:58:10 DEBUG [t1] "TestVolatile":15: 13
2020-12-19 20:58:10 DEBUG [t1] "TestVolatile":15: 13
2020-12-19 20:58:10 DEBUG [t1] "TestVolatile":15: 13
2020-12-19 20:58:10 DEBUG [t1] "TestVolatile":15: 13
2020-12-19 20:58:10 DEBUG [t1] "TestVolatile":15: 13
2020-12-19 20:58:10 DEBUG [t1] "TestVolatile":15: 13
2020-12-19 20:58:10 DEBUG [t1] "TestVolatile":15: 13
2020-12-19 20:58:10 DEBUG [t1] "TestVolatile":15: 13
2020-12-19 20:58:10 DEBUG [t1] "TestVolatile":15: 13
2020-12-19 20:58:10 DEBUG [t1] "TestVolatile":15: 13
2020-12-19 20:58:10 DEBUG [t1] "TestVolatile":15: 13
2020-12-19 20:58:10 DEBUG [t1] "TestVolatile":15: 13
2020-12-19 20:58:10 DEBUG [t1] "TestVolatile":15: 13
2020-12-19 20:58:10 DEBUG [t1] "TestVolatile":15: 13
2020-12-19 20:58:10 DEBUG [t1] "TestVolatile":15: 13
2020-12-19 20:58:10 DEBUG [t1] "TestVolatile":15: 13
2020-12-19 20:58:10 DEBUG [t1] "TestVolatile":15: 13
2020-12-19 20:58:10 DEBUG [t1] "TestVolatile":15: 13
2020-12-19 20:58:10 DEBUG [t1] "TestVolatile":15: 13
2020-12-19 20:58:10 DEBUG [t1] "TestVolatile":15: 13
2020-12-19 20:58:10 DEBUG [t1] "TestVolatile":15: 13
2020-12-19 20:58:10 DEBUG [t1] "TestVolatile":15: 13
2020-12-19 20:58:10 DEBUG [t1] "TestVolatile":15: 13
2020-12-19 20:58:10 DEBUG [t1] "TestVolatile":15: 13
2020-12-19 20:58:10 DEBUG [t1] "TestVolatile":15: 13
2020-12-19 20:58:10 DEBUG [t1] "TestVolatile":15: 13
2020-12-19 20:58:10 DEBUG [t1] "TestVolatile":15: 13
2020-12-19 20:58:10 DEBUG [t1] "TestVolatile":15: 13
2020-12-19 20:58:10 DEBUG [t1] "TestVolatile":15: 13
2020-12-19 20:58:10 DEBUG [t1] "TestVolatile":15: 13
2020-12-19 20:58:10 DEBUG [t1] "TestVolatile":15: 13
2020-12-19 20:58:10 DEBUG [t1] "TestVolatile":15: 13
2020-12-19 20:58:10 DEBUG [t1] "TestVolatile":15: 13
2020-12-19 20:58:10 DEBUG [t1] "TestVolatile":15: 13
2020-12-19 20:58:10 DEBUG [t1] "TestVolatile":15: 13
2020-12-19 20:58:10 DEBUG [t1] "TestVolatile":15: 13
2020-12-19 20:58:10 DEBUG [t1] "TestVolatile":15: 13
2020-12-19 20:58:10 DEBUG [t1] "TestVolatile":15: 13
2020-12-19 20:58:10 DEBUG [t1] "TestVolatile":15: 13
2020-12-19 20:58:10 DEBUG [t1] "TestVolatile":15: 13
2020-12-19 20:58:10 DEBUG [t1] "TestVolatile":15: 13
2020-12-19 20:58:10 DEBUG [t1] "TestVolatile":15: 13
2020-12-19 20:58:10 DEBUG [t1] "TestVolatile":15: 13
2020-12-19 20:58:10 DEBUG [t1] "TestVolatile":15: 13
2020-12-19 20:58:10 DEBUG [t1] "TestVolatile":15: 13
2020-12-19 20:58:10 DEBUG [t1] "TestVolatile":15: 13
2020-12-19 20:58:10 DEBUG [t1] "TestVolatile":15: 13
2020-12-19 20:58:10 DEBUG [t1] "TestVolatile":15: 13
2020-12-19 20:58:10 DEBUG [t1] "TestVolatile":15: 13
2020-12-19 20:58:10 DEBUG [t1] "TestVolatile":15: 13
2020-12-19 20:58:10 DEBUG [t1] "TestVolatile":15: 13
2020-12-19 20:58:10 DEBUG [t1] "TestVolatile":15: 13
2020-12-19 20:58:10 DEBUG [t1] "TestVolatile":15: 13
2020-12-19 20:58:10 DEBUG [t1] "TestVolatile":15: 13
2020-12-19 20:58:10 DEBUG [t1] "TestVolatile":15: 13
2020-12-19 20:58:10 DEBUG [t1] "TestVolatile":15: 13
2020-12-19 20:58:10 DEBUG [t1] "TestVolatile":15: 13
2020-12-19 20:58:10 DEBUG [t1] "TestVolatile":15: 13
2020-12-19 20:58:10 DEBUG [t1] "TestVolatile":15: 13
2020-12-19 20:58:10 DEBUG [t1] "TestVolatile":15: 13
2020-12-19 20:58:10 DEBUG [t1] "TestVolatile":15: 13
2020-12-19 20:58:10 DEBUG [t1] "TestVolatile":15: 13
2020-12-19 20:58:10 DEBUG [t1] "TestVolatile":15: 13
2020-12-19 20:58:10 DEBUG [t1] "TestVolatile":15: 13
2020-12-19 20:58:10 DEBUG [t1] "TestVolatile":15: 13
2020-12-19 20:58:10 DEBUG [t1] "TestVolatile":15: 13
2020-12-19 20:58:10 DEBUG [t1] "TestVolatile":15: 13
2020-12-19 20:58:10 DEBUG [t1] "TestVolatile":15: 13
2020-12-19 20:58:10 DEBUG [t1] "TestVolatile":15: 13
2020-12-19 20:58:10 DEBUG [t1] "TestVolatile":15: 13
2020-12-19 20:58:10 DEBUG [t1] "TestVolatile":15: 13
2020-12-19 20:58:10 DEBUG [t1] "TestVolatile":15: 13
2020-12-19 20:58:10 DEBUG [t1] "TestVolatile":15: 13
2020-12-19 20:58:10 DEBUG [t1] "TestVolatile":15: 13
2020-12-19 20:58:10 DEBUG [t1] "TestVolatile":15: 13
2020-12-19 20:58:10 DEBUG [t1] "TestVolatile":15: 13
2020-12-19 20:58:10 DEBUG [t1] "TestVolatile":15: 13
2020-12-19 20:58:10 DEBUG [t1] "TestVolatile":15: 13
2020-12-19 20:58:10 DEBUG [t1] "TestVolatile":15: 13
2020-12-19 20:58:10 DEBUG [t1] "TestVolatile":15: 13
2020-12-19 20:58:10 DEBUG [t1] "TestVolatile":15: 13
2020-12-19 20:58:10 DEBUG [t1] "TestVolatile":15: 13
2020-12-19 20:58:10 DEBUG [t1] "TestVolatile":15: 13
2020-12-19 20:58:10 DEBUG [t1] "TestVolatile":15: 13
2020-12-19 20:58:10 DEBUG [t1] "TestVolatile":15: 13
2020-12-19 20:58:10 DEBUG [t1] "TestVolatile":15: 13
2020-12-19 20:58:10 DEBUG [t1] "TestVolatile":15: 13
2020-12-19 20:58:10 DEBUG [t1] "TestVolatile":15: 13
2020-12-19 20:58:10 DEBUG [t1] "TestVolatile":15: 13
2020-12-19 20:58:10 DEBUG [t1] "TestVolatile":15: 13
2020-12-19 20:58:10 DEBUG [t1] "TestVolatile":15: 13
2020-12-19 20:58:10 DEBUG [t1] "TestVolatile":15: 13
2020-12-19 20:58:10 DEBUG [t1] "TestVolatile":15: 13
2020-12-19 20:58:10 DEBUG [t1] "TestVolatile":15: 13
2020-12-19 20:58:10 DEBUG [t1] "TestVolatile":15: 13
2020-12-19 20:58:10 DEBUG [t1] "TestVolatile":15: 13
2020-12-19 20:58:10 DEBUG [t1] "TestVolatile":15: 13
2020-12-19 20:58:10 DEBUG [t1] "TestVolatile":15: 13
2020-12-19 20:58:10 DEBUG [t1] "TestVolatile":15: 13
2020-12-19 20:58:10 DEBUG [t1] "TestVolatile":15: 13
2020-12-19 20:58:10 DEBUG [t1] "TestVolatile":15: 13
2020-12-19 20:58:10 DEBUG [t1] "TestVolatile":15: 13
2020-12-19 20:58:10 DEBUG [t1] "TestVolatile":15: 13
2020-12-19 20:58:10 DEBUG [t1] "TestVolatile":15: 13
2020-12-19 20:58:10 DEBUG [t1] "TestVolatile":15: 13
2020-12-19 20:58:10 DEBUG [t1] "TestVolatile":15: 13
2020-12-19 20:58:10 DEBUG [t1] "TestVolatile":15: 13
2020-12-19 20:58:10 DEBUG [t1] "TestVolatile":15: 13
2020-12-19 20:58:10 DEBUG [t1] "TestVolatile":15: 13
2020-12-19 20:58:10 DEBUG [t1] "TestVolatile":15: 13
2020-12-19 20:58:10 DEBUG [t1] "TestVolatile":15: 13
2020-12-19 20:58:10 DEBUG [t1] "TestVolatile":15: 13
2020-12-19 20:58:10 DEBUG [t1] "TestVolatile":15: 13
2020-12-19 20:58:10 DEBUG [t1] "TestVolatile":15: 13
2020-12-19 20:58:10 DEBUG [t1] "TestVolatile":15: 13
2020-12-19 20:58:10 DEBUG [t1] "TestVolatile":15: 13
2020-12-19 20:58:10 DEBUG [t1] "TestVolatile":15: 13
2020-12-19 20:58:10 DEBUG [t1] "TestVolatile":15: 13
2020-12-19 20:58:10 DEBUG [t1] "TestVolatile":15: 13
2020-12-19 20:58:10 DEBUG [t1] "TestVolatile":15: 13
2020-12-19 20:58:10 DEBUG [t1] "TestVolatile":15: 13
2020-12-19 20:58:10 DEBUG [t1] "TestVolatile":15: 13
2020-12-19 20:58:10 DEBUG [t1] "TestVolatile":15: 13
2020-12-19 20:58:10 DEBUG [t1] "TestVolatile":15: 13
2020-12-19 20:58:10 DEBUG [t1] "TestVolatile":15: 13
2020-12-19 20:58:10 DEBUG [t1] "TestVolatile":15: 13
2020-12-19 20:58:10 DEBUG [t1] "TestVolatile":15: 13
2020-12-19 20:58:10 DEBUG [t1] "TestVolatile":15: 13
2020-12-19 20:58:10 DEBUG [t1] "TestVolatile":15: 13
2020-12-19 20:58:10 DEBUG [t1] "TestVolatile":15: 13
2020-12-19 20:58:10 DEBUG [t1] "TestVolatile":15: 13
2020-12-19 20:58:10 DEBUG [t1] "TestVolatile":15: 13
2020-12-19 20:58:10 DEBUG [t1] "TestVolatile":15: 13
2020-12-19 20:58:10 DEBUG [t1] "TestVolatile":15: 13
2020-12-19 20:58:10 DEBUG [t1] "TestVolatile":15: 13
2020-12-19 20:58:10 DEBUG [t1] "TestVolatile":15: 13
2020-12-19 20:58:10 DEBUG [t1] "TestVolatile":15: 13
2020-12-19 20:58:10 DEBUG [t1] "TestVolatile":15: 13
2020-12-19 20:58:10 DEBUG [t1] "TestVolatile":15: 13
2020-12-19 20:58:10 DEBUG [t1] "TestVolatile":15: 13
2020-12-19 20:58:10 DEBUG [t1] "TestVolatile":15: 13
2020-12-19 20:58:10 DEBUG [t1] "TestVolatile":15: 13
2020-12-19 20:58:10 DEBUG [t1] "TestVolatile":15: 13
2020-12-19 20:58:10 DEBUG [t1] "TestVolatile":15: 13
2020-12-19 20:58:10 DEBUG [t1] "TestVolatile":15: 13
2020-12-19 20:58:10 DEBUG [t1] "TestVolatile":15: 13
2020-12-19 20:58:10 DEBUG [t1] "TestVolatile":15: 13
2020-12-19 20:58:10 DEBUG [t1] "TestVolatile":15: 13
2020-12-19 20:58:10 DEBUG [t1] "TestVolatile":15: 13
2020-12-19 20:58:10 DEBUG [t1] "TestVolatile":15: 13
2020-12-19 20:58:10 DEBUG [t1] "TestVolatile":15: 13
2020-12-19 20:58:10 DEBUG [t1] "TestVolatile":15: 13
2020-12-19 20:58:10 DEBUG [t1] "TestVolatile":15: 13
2020-12-19 20:58:10 DEBUG [t1] "TestVolatile":15: 13
2020-12-19 20:58:10 DEBUG [t1] "TestVolatile":15: 13
2020-12-19 20:58:10 DEBUG [t1] "TestVolatile":15: 13
2020-12-19 20:58:10 DEBUG [t1] "TestVolatile":15: 13
2020-12-19 20:58:10 DEBUG [t1] "TestVolatile":15: 13
2020-12-19 20:58:10 DEBUG [t1] "TestVolatile":15: 13
2020-12-19 20:58:10 DEBUG [t1] "TestVolatile":15: 13
2020-12-19 20:58:10 DEBUG [t1] "TestVolatile":15: 13
2020-12-19 20:58:10 DEBUG [t1] "TestVolatile":15: 13
2020-12-19 20:58:10 DEBUG [t1] "TestVolatile":15: 13
2020-12-19 20:58:10 DEBUG [t1] "TestVolatile":15: 13
2020-12-19 20:58:10 DEBUG [t1] "TestVolatile":15: 13
2020-12-19 20:58:10 DEBUG [t1] "TestVolatile":15: 13
2020-12-19 20:58:10 DEBUG [t1] "TestVolatile":15: 13
2020-12-19 20:58:10 DEBUG [t1] "TestVolatile":15: 13
2020-12-19 20:58:10 DEBUG [t1] "TestVolatile":15: 13
2020-12-19 20:58:10 DEBUG [t1] "TestVolatile":15: 13
2020-12-19 20:58:10 DEBUG [t1] "TestVolatile":15: 13
2020-12-19 20:58:10 DEBUG [t1] "TestVolatile":15: 13
2020-12-19 20:58:10 DEBUG [t1] "TestVolatile":15: 13
2020-12-19 20:58:10 DEBUG [t1] "TestVolatile":15: 13
2020-12-19 20:58:10 DEBUG [t1] "TestVolatile":15: 13
2020-12-19 20:58:10 DEBUG [t1] "TestVolatile":15: 13
2020-12-19 20:58:10 DEBUG [t1] "TestVolatile":15: 13
2020-12-19 20:58:10 DEBUG [t1] "TestVolatile":15: 13
2020-12-19 20:58:10 DEBUG [t1] "TestVolatile":15: 13
2020-12-19 20:58:10 DEBUG [t1] "TestVolatile":15: 13
2020-12-19 20:58:10 DEBUG [t1] "TestVolatile":15: 13
2020-12-19 20:58:10 DEBUG [t1] "TestVolatile":15: 13
2020-12-19 20:58:10 DEBUG [t1] "TestVolatile":15: 13
2020-12-19 20:58:10 DEBUG [t1] "TestVolatile":15: 13
2020-12-19 20:58:10 DEBUG [t1] "TestVolatile":15: 13
2020-12-19 20:58:10 DEBUG [t1] "TestVolatile":15: 13
2020-12-19 20:58:10 DEBUG [t1] "TestVolatile":15: 13
2020-12-19 20:58:10 DEBUG [t1] "TestVolatile":15: 13
2020-12-19 20:58:10 DEBUG [t1] "TestVolatile":15: 13
2020-12-19 20:58:10 DEBUG [t1] "TestVolatile":15: 13
2020-12-19 20:58:10 DEBUG [t1] "TestVolatile":15: 13
2020-12-19 20:58:10 DEBUG [t1] "TestVolatile":15: 13
2020-12-19 20:58:10 DEBUG [t1] "TestVolatile":15: 13
2020-12-19 20:58:10 DEBUG [t1] "TestVolatile":15: 13
2020-12-19 20:58:10 DEBUG [t1] "TestVolatile":15: 13
2020-12-19 20:58:10 DEBUG [t1] "TestVolatile":15: 13
2020-12-19 20:58:10 DEBUG [t1] "TestVolatile":15: 13
2020-12-19 20:58:10 DEBUG [t1] "TestVolatile":15: 13
2020-12-19 20:58:10 DEBUG [t1] "TestVolatile":15: 13
2020-12-19 20:58:10 DEBUG [t1] "TestVolatile":15: 13
2020-12-19 20:58:10 DEBUG [t1] "TestVolatile":15: 13
2020-12-19 20:58:10 DEBUG [t1] "TestVolatile":15: 13
2020-12-19 20:58:10 DEBUG [t1] "TestVolatile":15: 13
2020-12-19 20:58:10 DEBUG [t1] "TestVolatile":15: 13
2020-12-19 20:58:10 DEBUG [t1] "TestVolatile":15: 13
2020-12-19 20:58:10 DEBUG [t1] "TestVolatile":15: 13
2020-12-19 20:58:10 DEBUG [t1] "TestVolatile":15: 13
2020-12-19 20:58:10 DEBUG [t1] "TestVolatile":15: 13
2020-12-19 20:58:10 DEBUG [t1] "TestVolatile":15: 13
2020-12-19 20:58:10 DEBUG [t1] "TestVolatile":15: 13
2020-12-19 20:58:10 DEBUG [t1] "TestVolatile":15: 13
2020-12-19 20:58:10 DEBUG [t1] "TestVolatile":15: 13
2020-12-19 20:58:10 DEBUG [t1] "TestVolatile":15: 13
2020-12-19 20:58:10 DEBUG [t1] "TestVolatile":15: 13
2020-12-19 20:58:10 DEBUG [t1] "TestVolatile":15: 13
2020-12-19 20:58:10 DEBUG [t1] "TestVolatile":15: 13
2020-12-19 20:58:10 DEBUG [t1] "TestVolatile":15: 13
2020-12-19 20:58:10 DEBUG [t1] "TestVolatile":15: 13
2020-12-19 20:58:10 DEBUG [t1] "TestVolatile":15: 13
2020-12-19 20:58:10 DEBUG [t1] "TestVolatile":15: 13
2020-12-19 20:58:10 DEBUG [t1] "TestVolatile":15: 13
2020-12-19 20:58:10 DEBUG [t1] "TestVolatile":15: 13
2020-12-19 20:58:10 DEBUG [t1] "TestVolatile":15: 13
2020-12-19 20:58:10 DEBUG [t1] "TestVolatile":15: 13
2020-12-19 20:58:10 DEBUG [t1] "TestVolatile":15: 13
2020-12-19 20:58:10 DEBUG [t1] "TestVolatile":15: 13
2020-12-19 20:58:10 DEBUG [t1] "TestVolatile":15: 13
2020-12-19 20:58:10 DEBUG [t1] "TestVolatile":15: 13
2020-12-19 20:58:10 DEBUG [t1] "TestVolatile":15: 13
2020-12-19 20:58:10 DEBUG [t1] "TestVolatile":15: 13
2020-12-19 20:58:10 DEBUG [t1] "TestVolatile":15: 13
2020-12-19 20:58:10 DEBUG [t1] "TestVolatile":15: 13
2020-12-19 20:58:10 DEBUG [t1] "TestVolatile":15: 13
2020-12-19 20:58:10 DEBUG [t1] "TestVolatile":15: 13
2020-12-19 20:58:10 DEBUG [t1] "TestVolatile":15: 13
2020-12-19 20:58:10 DEBUG [t1] "TestVolatile":15: 13
2020-12-19 20:58:10 DEBUG [t1] "TestVolatile":15: 13
2020-12-19 20:58:10 DEBUG [t1] "TestVolatile":15: 13
2020-12-19 20:58:10 DEBUG [t1] "TestVolatile":15: 13
2020-12-19 20:58:10 DEBUG [t1] "TestVolatile":15: 13
2020-12-19 20:58:10 DEBUG [t1] "TestVolatile":15: 13
2020-12-19 20:58:10 DEBUG [t1] "TestVolatile":15: 13
2020-12-19 20:58:10 DEBUG [t1] "TestVolatile":15: 13
2020-12-19 20:58:10 DEBUG [t1] "TestVolatile":15: 13
2020-12-19 20:58:10 DEBUG [t1] "TestVolatile":15: 13
2020-12-19 20:58:10 DEBUG [t1] "TestVolatile":15: 13
2020-12-19 20:58:10 DEBUG [t1] "TestVolatile":15: 13
2020-12-19 20:58:10 DEBUG [t1] "TestVolatile":15: 13
2020-12-19 20:58:10 DEBUG [t1] "TestVolatile":15: 13
2020-12-19 20:58:10 DEBUG [t1] "TestVolatile":15: 13
2020-12-19 20:58:10 DEBUG [t1] "TestVolatile":15: 13
2020-12-19 20:58:10 DEBUG [t1] "TestVolatile":15: 13
2020-12-19 20:58:10 DEBUG [t1] "TestVolatile":15: 13
2020-12-19 20:58:10 DEBUG [t1] "TestVolatile":15: 13
2020-12-19 20:58:10 DEBUG [t1] "TestVolatile":15: 13
2020-12-19 20:58:10 DEBUG [t1] "TestVolatile":15: 13
2020-12-19 20:58:10 DEBUG [t1] "TestVolatile":15: 13
2020-12-19 20:58:10 DEBUG [t1] "TestVolatile":15: 13
2020-12-19 20:58:10 DEBUG [t1] "TestVolatile":15: 13
2020-12-19 20:58:10 DEBUG [t1] "TestVolatile":15: 13
2020-12-19 20:58:10 DEBUG [t1] "TestVolatile":15: 13
2020-12-19 20:58:10 DEBUG [t1] "TestVolatile":15: 13
2020-12-19 20:58:10 DEBUG [t1] "TestVolatile":15: 13
2020-12-19 20:58:10 DEBUG [t1] "TestVolatile":15: 13
2020-12-19 20:58:10 DEBUG [t1] "TestVolatile":15: 13
2020-12-19 20:58:10 DEBUG [t1] "TestVolatile":15: 13
2020-12-19 20:58:10 DEBUG [t1] "TestVolatile":15: 13
2020-12-19 20:58:10 DEBUG [t1] "TestVolatile":15: 13
2020-12-19 20:58:10 DEBUG [t1] "TestVolatile":15: 13
2020-12-19 20:58:10 DEBUG [t1] "TestVolatile":15: 13
2020-12-19 20:58:10 DEBUG [t1] "TestVolatile":15: 13
2020-12-19 20:58:10 DEBUG [t1] "TestVolatile":15: 13
2020-12-19 20:58:10 DEBUG [t1] "TestVolatile":15: 13
2020-12-19 20:58:10 DEBUG [t1] "TestVolatile":15: 13
2020-12-19 20:58:10 DEBUG [t1] "TestVolatile":15: 13
2020-12-19 20:58:10 DEBUG [t1] "TestVolatile":15: 13
2020-12-19 20:58:10 DEBUG [t1] "TestVolatile":15: 13
2020-12-19 20:58:10 DEBUG [t1] "TestVolatile":15: 13
2020-12-19 20:58:10 DEBUG [t1] "TestVolatile":15: 13
2020-12-19 20:58:10 DEBUG [t1] "TestVolatile":15: 13
2020-12-19 20:58:10 DEBUG [t1] "TestVolatile":15: 13
2020-12-19 20:58:10 DEBUG [t1] "TestVolatile":15: 13
2020-12-19 20:58:10 DEBUG [t1] "TestVolatile":15: 13
2020-12-19 20:58:10 DEBUG [t1] "TestVolatile":15: 13
2020-12-19 20:58:10 DEBUG [t1] "TestVolatile":15: 13
2020-12-19 20:58:10 DEBUG [t1] "TestVolatile":15: 13
2020-12-19 20:58:10 DEBUG [t1] "TestVolatile":15: 13
2020-12-19 20:58:10 DEBUG [t1] "TestVolatile":15: 13
2020-12-19 20:58:10 DEBUG [t1] "TestVolatile":15: 13
2020-12-19 20:58:10 DEBUG [t1] "TestVolatile":15: 13
2020-12-19 20:58:10 DEBUG [t1] "TestVolatile":15: 13
2020-12-19 20:58:10 DEBUG [t1] "TestVolatile":15: 13
2020-12-19 20:58:10 DEBUG [t1] "TestVolatile":15: 13
2020-12-19 20:58:10 DEBUG [t1] "TestVolatile":15: 13
2020-12-19 20:58:10 DEBUG [t1] "TestVolatile":15: 13
2020-12-19 20:58:10 DEBUG [t1] "TestVolatile":15: 13
2020-12-19 20:58:10 DEBUG [t1] "TestVolatile":15: 13
2020-12-19 20:58:10 DEBUG [t1] "TestVolatile":15: 13
2020-12-19 20:58:10 DEBUG [t1] "TestVolatile":15: 13
2020-12-19 20:58:10 DEBUG [t1] "TestVolatile":15: 13
2020-12-19 20:58:10 DEBUG [t1] "TestVolatile":15: 13
2020-12-19 20:58:10 DEBUG [t1] "TestVolatile":15: 13
2020-12-19 20:58:10 DEBUG [t1] "TestVolatile":15: 13
2020-12-19 20:58:10 DEBUG [t1] "TestVolatile":15: 13
2020-12-19 20:58:10 DEBUG [t1] "TestVolatile":15: 13
2020-12-19 20:58:10 DEBUG [t1] "TestVolatile":15: 13
2020-12-19 20:58:10 DEBUG [t1] "TestVolatile":15: 13
2020-12-19 20:58:10 DEBUG [t1] "TestVolatile":15: 13
2020-12-19 20:58:10 DEBUG [t1] "TestVolatile":15: 13
2020-12-19 20:58:10 DEBUG [t1] "TestVolatile":15: 13
2020-12-19 20:58:10 DEBUG [t1] "TestVolatile":15: 13
2020-12-19 20:58:10 DEBUG [t1] "TestVolatile":15: 13
2020-12-19 20:58:10 DEBUG [t1] "TestVolatile":15: 13
2020-12-19 20:58:10 DEBUG [t1] "TestVolatile":15: 13
2020-12-19 20:58:10 DEBUG [t1] "TestVolatile":15: 13
2020-12-19 20:58:10 DEBUG [t1] "TestVolatile":15: 13
2020-12-19 20:58:10 DEBUG [t1] "TestVolatile":15: 13
2020-12-19 20:58:10 DEBUG [t1] "TestVolatile":15: 13
2020-12-19 20:58:10 DEBUG [t1] "TestVolatile":15: 13
2020-12-19 20:58:10 DEBUG [t1] "TestVolatile":15: 13
2020-12-19 20:58:10 DEBUG [t1] "TestVolatile":15: 13
2020-12-19 20:58:10 DEBUG [t1] "TestVolatile":15: 13
2020-12-19 20:58:10 DEBUG [t1] "TestVolatile":15: 13
2020-12-19 20:58:10 DEBUG [t1] "TestVolatile":15: 13
2020-12-19 20:58:10 DEBUG [t1] "TestVolatile":15: 13
2020-12-19 20:58:10 DEBUG [t1] "TestVolatile":15: 13
2020-12-19 20:58:10 DEBUG [t1] "TestVolatile":15: 13
2020-12-19 20:58:10 DEBUG [t1] "TestVolatile":15: 13
2020-12-19 20:58:10 DEBUG [t1] "TestVolatile":15: 13
2020-12-19 20:58:10 DEBUG [t1] "TestVolatile":15: 13
2020-12-19 20:58:10 DEBUG [t1] "TestVolatile":15: 13
2020-12-19 20:58:10 DEBUG [t1] "TestVolatile":15: 13
2020-12-19 20:58:10 DEBUG [t1] "TestVolatile":15: 13
2020-12-19 20:58:10 DEBUG [t1] "TestVolatile":15: 13
2020-12-19 20:58:10 DEBUG [t1] "TestVolatile":15: 13
2020-12-19 20:58:10 DEBUG [t1] "TestVolatile":15: 13
2020-12-19 20:58:10 DEBUG [t1] "TestVolatile":15: 13
2020-12-19 20:58:10 DEBUG [t1] "TestVolatile":15: 13
2020-12-19 20:58:10 DEBUG [t1] "TestVolatile":15: 13
2020-12-19 20:58:10 DEBUG [t1] "TestVolatile":15: 13
2020-12-19 20:58:10 DEBUG [t1] "TestVolatile":15: 13
2020-12-19 20:58:10 DEBUG [t1] "TestVolatile":15: 13
2020-12-19 20:58:10 DEBUG [t1] "TestVolatile":15: 13
2020-12-19 20:58:10 DEBUG [t1] "TestVolatile":15: 13
2020-12-19 20:58:10 DEBUG [t1] "TestVolatile":15: 13
2020-12-19 20:58:10 DEBUG [t1] "TestVolatile":15: 13
2020-12-19 20:58:10 DEBUG [t1] "TestVolatile":15: 13
2020-12-19 20:58:10 DEBUG [t1] "TestVolatile":15: 13
2020-12-19 20:58:10 DEBUG [t1] "TestVolatile":15: 13
2020-12-19 20:58:10 DEBUG [t1] "TestVolatile":15: 13
2020-12-19 20:58:10 DEBUG [t1] "TestVolatile":15: 13
2020-12-19 20:58:10 DEBUG [t1] "TestVolatile":15: 13
2020-12-19 20:58:10 DEBUG [t1] "TestVolatile":15: 13
2020-12-19 20:58:10 DEBUG [t1] "TestVolatile":15: 13
2020-12-19 20:58:10 DEBUG [t1] "TestVolatile":15: 13
2020-12-19 20:58:10 DEBUG [t1] "TestVolatile":15: 13
2020-12-19 20:58:10 DEBUG [t1] "TestVolatile":15: 13
2020-12-19 20:58:10 DEBUG [t1] "TestVolatile":15: 13
2020-12-19 20:58:10 DEBUG [t1] "TestVolatile":15: 13
2020-12-19 20:58:10 DEBUG [t1] "TestVolatile":15: 13
2020-12-19 20:58:10 DEBUG [t1] "TestVolatile":15: 13
2020-12-19 20:58:10 DEBUG [t1] "TestVolatile":15: 13
2020-12-19 20:58:10 DEBUG [t1] "TestVolatile":15: 13
2020-12-19 20:58:10 DEBUG [t1] "TestVolatile":15: 13
2020-12-19 20:58:10 DEBUG [t1] "TestVolatile":15: 13
2020-12-19 20:58:10 DEBUG [t1] "TestVolatile":15: 13
2020-12-19 20:58:10 DEBUG [t1] "TestVolatile":15: 13
2020-12-19 20:58:10 DEBUG [t1] "TestVolatile":15: 13
2020-12-19 20:58:10 DEBUG [t1] "TestVolatile":15: 13
2020-12-19 20:58:10 DEBUG [t1] "TestVolatile":15: 13
2020-12-19 20:58:10 DEBUG [t1] "TestVolatile":15: 13
2020-12-19 20:58:10 DEBUG [t1] "TestVolatile":15: 13
2020-12-19 20:58:10 DEBUG [t1] "TestVolatile":15: 13
2020-12-19 20:58:10 DEBUG [t1] "TestVolatile":15: 13
2020-12-19 20:58:10 DEBUG [t1] "TestVolatile":15: 13
2020-12-19 20:58:10 DEBUG [t1] "TestVolatile":15: 13
2020-12-19 20:58:10 DEBUG [t1] "TestVolatile":15: 13
2020-12-19 20:58:10 DEBUG [t1] "TestVolatile":15: 13
2020-12-19 20:58:10 DEBUG [t1] "TestVolatile":15: 13
2020-12-19 20:58:10 DEBUG [t1] "TestVolatile":15: 13
2020-12-19 20:58:10 DEBUG [t1] "TestVolatile":15: 13
2020-12-19 20:58:10 DEBUG [t1] "TestVolatile":15: 13
2020-12-19 20:58:10 DEBUG [t1] "TestVolatile":15: 13
2020-12-19 20:58:10 DEBUG [t1] "TestVolatile":15: 13
2020-12-19 20:58:10 DEBUG [t1] "TestVolatile":15: 13
2020-12-19 20:58:10 DEBUG [t1] "TestVolatile":15: 13
2020-12-19 20:58:10 DEBUG [t1] "TestVolatile":15: 13
2020-12-19 20:58:10 DEBUG [t1] "TestVolatile":15: 13
2020-12-19 20:58:10 DEBUG [t1] "TestVolatile":15: 13
2020-12-19 20:58:10 DEBUG [t1] "TestVolatile":15: 13
2020-12-19 20:58:10 DEBUG [t1] "TestVolatile":15: 13
2020-12-19 20:58:10 DEBUG [t1] "TestVolatile":15: 13
2020-12-19 20:58:10 DEBUG [t1] "TestVolatile":15: 13
2020-12-19 20:58:10 DEBUG [t1] "TestVolatile":15: 13
2020-12-19 20:58:10 DEBUG [t1] "TestVolatile":15: 13
2020-12-19 20:58:10 DEBUG [t1] "TestVolatile":15: 13
2020-12-19 20:58:10 DEBUG [t1] "TestVolatile":15: 13
2020-12-19 20:58:10 DEBUG [t1] "TestVolatile":15: 13
2020-12-19 20:58:10 DEBUG [t1] "TestVolatile":15: 13
2020-12-19 20:58:10 DEBUG [t1] "TestVolatile":15: 13
2020-12-19 20:58:10 DEBUG [t1] "TestVolatile":15: 13
2020-12-19 20:58:10 DEBUG [t1] "TestVolatile":15: 13
2020-12-19 20:58:10 DEBUG [t1] "TestVolatile":15: 13
2020-12-19 20:58:10 DEBUG [t1] "TestVolatile":15: 13
2020-12-19 20:58:10 DEBUG [t1] "TestVolatile":15: 13
2020-12-19 20:58:10 DEBUG [t1] "TestVolatile":15: 13
2020-12-19 20:58:10 DEBUG [t1] "TestVolatile":15: 13
2020-12-19 20:58:10 DEBUG [t1] "TestVolatile":15: 13
2020-12-19 20:58:10 DEBUG [t1] "TestVolatile":15: 13
2020-12-19 20:58:10 DEBUG [t1] "TestVolatile":15: 13
2020-12-19 20:58:10 DEBUG [t1] "TestVolatile":15: 13
2020-12-19 20:58:10 DEBUG [t1] "TestVolatile":15: 13
2020-12-19 20:58:10 DEBUG [t1] "TestVolatile":15: 13
2020-12-19 20:58:10 DEBUG [t1] "TestVolatile":15: 13
2020-12-19 20:58:10 DEBUG [t1] "TestVolatile":15: 13
2020-12-19 20:58:10 DEBUG [t1] "TestVolatile":15: 13
2020-12-19 20:58:10 DEBUG [t1] "TestVolatile":15: 13
2020-12-19 20:58:10 DEBUG [t1] "TestVolatile":15: 13
2020-12-19 20:58:10 DEBUG [t1] "TestVolatile":15: 13
2020-12-19 20:58:10 DEBUG [t1] "TestVolatile":15: 13
2020-12-19 20:58:10 DEBUG [t1] "TestVolatile":15: 13
2020-12-19 20:58:10 DEBUG [t1] "TestVolatile":15: 13
2020-12-19 20:58:10 DEBUG [t1] "TestVolatile":15: 13
2020-12-19 20:58:10 DEBUG [t1] "TestVolatile":15: 13
2020-12-19 20:58:10 DEBUG [t1] "TestVolatile":15: 13
2020-12-19 20:58:10 DEBUG [t1] "TestVolatile":15: 13
2020-12-19 20:58:10 DEBUG [t1] "TestVolatile":15: 13
2020-12-19 20:58:10 DEBUG [t1] "TestVolatile":15: 13
2020-12-19 20:58:10 DEBUG [t1] "TestVolatile":15: 13
2020-12-19 20:58:10 DEBUG [t1] "TestVolatile":15: 13
2020-12-19 20:58:10 DEBUG [t1] "TestVolatile":15: 13
2020-12-19 20:58:10 DEBUG [t1] "TestVolatile":15: 13
2020-12-19 20:58:10 DEBUG [t1] "TestVolatile":15: 13
2020-12-19 20:58:10 DEBUG [t1] "TestVolatile":15: 13
2020-12-19 20:58:10 DEBUG [t1] "TestVolatile":15: 13
2020-12-19 20:58:10 DEBUG [t1] "TestVolatile":15: 13
2020-12-19 20:58:10 DEBUG [t1] "TestVolatile":15: 13
2020-12-19 20:58:10 DEBUG [t1] "TestVolatile":15: 13
2020-12-19 20:58:10 DEBUG [t1] "TestVolatile":15: 13
2020-12-19 20:58:10 DEBUG [t1] "TestVolatile":15: 13
2020-12-19 20:58:10 DEBUG [t1] "TestVolatile":15: 13
2020-12-19 20:58:10 DEBUG [t1] "TestVolatile":15: 13
2020-12-19 20:58:10 DEBUG [t1] "TestVolatile":15: 13
2020-12-19 20:58:10 DEBUG [t1] "TestVolatile":15: 13
2020-12-19 20:58:10 DEBUG [t1] "TestVolatile":15: 13
2020-12-19 20:58:10 DEBUG [t1] "TestVolatile":15: 13
2020-12-19 20:58:10 DEBUG [t1] "TestVolatile":15: 13
2020-12-19 20:58:10 DEBUG [t1] "TestVolatile":15: 13
2020-12-19 20:58:10 DEBUG [t1] "TestVolatile":15: 13
2020-12-19 20:58:10 DEBUG [t1] "TestVolatile":15: 13
2020-12-19 20:58:10 DEBUG [t1] "TestVolatile":15: 13
2020-12-19 20:58:10 DEBUG [t1] "TestVolatile":15: 13
2020-12-19 20:58:10 DEBUG [t1] "TestVolatile":15: 13
2020-12-19 20:58:10 DEBUG [t1] "TestVolatile":15: 13
2020-12-19 20:58:10 DEBUG [t1] "TestVolatile":15: 13
2020-12-19 20:58:10 DEBUG [t1] "TestVolatile":15: 13
2020-12-19 20:58:10 DEBUG [t1] "TestVolatile":15: 13
2020-12-19 20:58:10 DEBUG [t1] "TestVolatile":15: 13
2020-12-19 20:58:10 DEBUG [t1] "TestVolatile":15: 13
2020-12-19 20:58:10 DEBUG [t1] "TestVolatile":15: 13
2020-12-19 20:58:10 DEBUG [t1] "TestVolatile":15: 13
2020-12-19 20:58:10 DEBUG [t1] "TestVolatile":15: 13
2020-12-19 20:58:10 DEBUG [t1] "TestVolatile":15: 13
2020-12-19 20:58:10 DEBUG [t1] "TestVolatile":15: 13
2020-12-19 20:58:10 DEBUG [t1] "TestVolatile":15: 13
2020-12-19 20:58:10 DEBUG [t1] "TestVolatile":15: 13
2020-12-19 20:58:10 DEBUG [t1] "TestVolatile":15: 13
2020-12-19 20:58:10 DEBUG [t1] "TestVolatile":15: 13
2020-12-19 20:58:10 DEBUG [t1] "TestVolatile":15: 13
2020-12-19 20:58:10 DEBUG [t1] "TestVolatile":15: 13
2020-12-19 20:58:10 DEBUG [t1] "TestVolatile":15: 13
2020-12-19 20:58:10 DEBUG [t1] "TestVolatile":15: 13
2020-12-19 20:58:10 DEBUG [t1] "TestVolatile":15: 13
2020-12-19 20:58:10 DEBUG [t1] "TestVolatile":15: 13
2020-12-19 20:58:10 DEBUG [t1] "TestVolatile":15: 13
2020-12-19 20:58:10 DEBUG [t1] "TestVolatile":15: 13
2020-12-19 20:58:10 DEBUG [t1] "TestVolatile":15: 13
2020-12-19 20:58:10 DEBUG [t1] "TestVolatile":15: 13
2020-12-19 20:58:10 DEBUG [t1] "TestVolatile":15: 13
2020-12-19 20:58:10 DEBUG [t1] "TestVolatile":15: 13
2020-12-19 20:58:10 DEBUG [t1] "TestVolatile":15: 13
2020-12-19 20:58:10 DEBUG [t1] "TestVolatile":15: 13
2020-12-19 20:58:10 DEBUG [t1] "TestVolatile":15: 13
2020-12-19 20:58:10 DEBUG [t1] "TestVolatile":15: 13
2020-12-19 20:58:10 DEBUG [t1] "TestVolatile":15: 13
2020-12-19 20:58:10 DEBUG [t1] "TestVolatile":15: 13
2020-12-19 20:58:10 DEBUG [t1] "TestVolatile":15: 13
2020-12-19 20:58:10 DEBUG [t1] "TestVolatile":15: 13
2020-12-19 20:58:10 DEBUG [t1] "TestVolatile":15: 13
2020-12-19 20:58:10 DEBUG [t1] "TestVolatile":15: 13
2020-12-19 20:58:10 DEBUG [t1] "TestVolatile":15: 13
2020-12-19 20:58:10 DEBUG [t1] "TestVolatile":15: 13
2020-12-19 20:58:10 DEBUG [t1] "TestVolatile":15: 13
2020-12-19 20:58:10 DEBUG [t1] "TestVolatile":15: 13
2020-12-19 20:58:10 DEBUG [t1] "TestVolatile":15: 13
2020-12-19 20:58:10 DEBUG [t1] "TestVolatile":15: 13
2020-12-19 20:58:10 DEBUG [t1] "TestVolatile":15: 13
2020-12-19 20:58:10 DEBUG [t1] "TestVolatile":15: 13
2020-12-19 20:58:10 DEBUG [t1] "TestVolatile":15: 13
2020-12-19 20:58:10 DEBUG [t1] "TestVolatile":15: 13
2020-12-19 20:58:10 DEBUG [t1] "TestVolatile":15: 13
2020-12-19 20:58:10 DEBUG [t1] "TestVolatile":15: 13
2020-12-19 20:58:10 DEBUG [t1] "TestVolatile":15: 13
2020-12-19 20:58:10 DEBUG [t1] "TestVolatile":15: 13
2020-12-19 20:58:10 DEBUG [t1] "TestVolatile":15: 13
2020-12-19 20:58:10 DEBUG [t1] "TestVolatile":15: 13
2020-12-19 20:58:10 DEBUG [t1] "TestVolatile":15: 13
2020-12-19 20:58:10 DEBUG [t1] "TestVolatile":15: 13
2020-12-19 20:58:10 DEBUG [t1] "TestVolatile":15: 13
2020-12-19 20:58:10 DEBUG [t1] "TestVolatile":15: 13
2020-12-19 20:58:10 DEBUG [t1] "TestVolatile":15: 13
2020-12-19 20:58:10 DEBUG [t1] "TestVolatile":15: 13
2020-12-19 20:58:10 DEBUG [t1] "TestVolatile":15: 13
2020-12-19 20:58:10 DEBUG [t1] "TestVolatile":15: 13
2020-12-19 20:58:10 DEBUG [t1] "TestVolatile":15: 13
2020-12-19 20:58:10 DEBUG [t1] "TestVolatile":15: 13
2020-12-19 20:58:10 DEBUG [t1] "TestVolatile":15: 13
2020-12-19 20:58:10 DEBUG [t1] "TestVolatile":15: 13
2020-12-19 20:58:10 DEBUG [t1] "TestVolatile":15: 13
2020-12-19 20:58:10 DEBUG [t1] "TestVolatile":15: 13
2020-12-19 20:58:10 DEBUG [t1] "TestVolatile":15: 13
2020-12-19 20:58:10 DEBUG [t1] "TestVolatile":15: 13
2020-12-19 20:58:10 DEBUG [t1] "TestVolatile":15: 13
2020-12-19 20:58:10 DEBUG [t1] "TestVolatile":15: 13
2020-12-19 20:58:10 DEBUG [t1] "TestVolatile":15: 13
2020-12-19 20:58:10 DEBUG [t1] "TestVolatile":15: 13
2020-12-19 20:58:10 DEBUG [t1] "TestVolatile":15: 13
2020-12-19 20:58:10 DEBUG [t1] "TestVolatile":15: 13
2020-12-19 20:58:10 DEBUG [t1] "TestVolatile":15: 13
2020-12-19 20:58:10 DEBUG [t1] "TestVolatile":15: 13
2020-12-19 20:58:10 DEBUG [t1] "TestVolatile":15: 13
2020-12-19 20:58:10 DEBUG [t1] "TestVolatile":15: 13
2020-12-19 20:58:10 DEBUG [t1] "TestVolatile":15: 13
2020-12-19 20:58:10 DEBUG [t1] "TestVolatile":15: 13
2020-12-19 20:58:10 DEBUG [t1] "TestVolatile":15: 13
2020-12-19 20:58:10 DEBUG [t1] "TestVolatile":15: 13
2020-12-19 20:58:10 DEBUG [t1] "TestVolatile":15: 13
2020-12-19 20:58:10 DEBUG [t1] "TestVolatile":15: 13
2020-12-19 20:58:10 DEBUG [t1] "TestVolatile":15: 13
2020-12-19 20:58:10 DEBUG [t1] "TestVolatile":15: 13
2020-12-19 20:58:10 DEBUG [t1] "TestVolatile":15: 13
2020-12-19 20:58:10 DEBUG [t1] "TestVolatile":15: 13
2020-12-19 20:58:10 DEBUG [t1] "TestVolatile":15: 13
2020-12-19 20:58:10 DEBUG [t1] "TestVolatile":15: 13
2020-12-19 20:58:10 DEBUG [t1] "TestVolatile":15: 13
2020-12-19 20:58:10 DEBUG [t1] "TestVolatile":15: 13
2020-12-19 20:58:10 DEBUG [t1] "TestVolatile":15: 13
2020-12-19 20:58:10 DEBUG [t1] "TestVolatile":15: 13
2020-12-19 20:58:10 DEBUG [t1] "TestVolatile":15: 13
2020-12-19 20:58:10 DEBUG [t1] "TestVolatile":15: 13
2020-12-19 20:58:10 DEBUG [t1] "TestVolatile":15: 13
2020-12-19 20:58:10 DEBUG [t1] "TestVolatile":15: 13
2020-12-19 20:58:10 DEBUG [t1] "TestVolatile":15: 13
2020-12-19 20:58:10 DEBUG [t1] "TestVolatile":15: 13
2020-12-19 20:58:10 DEBUG [t1] "TestVolatile":15: 13
2020-12-19 20:58:10 DEBUG [t1] "TestVolatile":15: 13
2020-12-19 20:58:10 DEBUG [t1] "TestVolatile":15: 13
2020-12-19 20:58:10 DEBUG [t1] "TestVolatile":15: 13
2020-12-19 20:58:10 DEBUG [t1] "TestVolatile":15: 13
2020-12-19 20:58:10 DEBUG [t1] "TestVolatile":15: 13
2020-12-19 20:58:10 DEBUG [t1] "TestVolatile":15: 13
2020-12-19 20:58:10 DEBUG [t1] "TestVolatile":15: 13
2020-12-19 20:58:10 DEBUG [t1] "TestVolatile":15: 13
2020-12-19 20:58:10 DEBUG [t1] "TestVolatile":15: 13
2020-12-19 20:58:10 DEBUG [t1] "TestVolatile":15: 13
2020-12-19 20:58:10 DEBUG [t1] "TestVolatile":15: 13
2020-12-19 20:58:10 DEBUG [t1] "TestVolatile":15: 13
2020-12-19 20:58:10 DEBUG [t1] "TestVolatile":15: 13
2020-12-19 20:58:10 DEBUG [t1] "TestVolatile":15: 13
2020-12-19 20:58:10 DEBUG [t1] "TestVolatile":15: 13
2020-12-19 20:58:10 DEBUG [t1] "TestVolatile":15: 13
2020-12-19 20:58:10 DEBUG [t1] "TestVolatile":15: 13
2020-12-19 20:58:10 DEBUG [t1] "TestVolatile":15: 13
2020-12-19 20:58:10 DEBUG [t1] "TestVolatile":15: 13
2020-12-19 20:58:10 DEBUG [t1] "TestVolatile":15: 13
2020-12-19 20:58:10 DEBUG [t1] "TestVolatile":15: 13
2020-12-19 20:58:10 DEBUG [t1] "TestVolatile":15: 13
2020-12-19 20:58:10 DEBUG [t1] "TestVolatile":15: 13
2020-12-19 20:58:10 DEBUG [t1] "TestVolatile":15: 13
2020-12-19 20:58:10 DEBUG [t1] "TestVolatile":15: 13
2020-12-19 20:58:10 DEBUG [t1] "TestVolatile":15: 13
2020-12-19 20:58:10 DEBUG [t1] "TestVolatile":15: 13
2020-12-19 20:58:10 DEBUG [t1] "TestVolatile":15: 13
2020-12-19 20:58:10 DEBUG [t1] "TestVolatile":15: 13
2020-12-19 20:58:10 DEBUG [t1] "TestVolatile":15: 13
2020-12-19 20:58:10 DEBUG [t1] "TestVolatile":15: 13
2020-12-19 20:58:10 DEBUG [t1] "TestVolatile":15: 13
2020-12-19 20:58:10 DEBUG [t1] "TestVolatile":15: 13
2020-12-19 20:58:10 DEBUG [t1] "TestVolatile":15: 13
2020-12-19 20:58:10 DEBUG [t1] "TestVolatile":15: 13
2020-12-19 20:58:10 DEBUG [t1] "TestVolatile":15: 13
2020-12-19 20:58:10 DEBUG [t1] "TestVolatile":15: 13
2020-12-19 20:58:10 DEBUG [t1] "TestVolatile":15: 13
2020-12-19 20:58:10 DEBUG [t1] "TestVolatile":15: 13
2020-12-19 20:58:10 DEBUG [t1] "TestVolatile":15: 13
2020-12-19 20:58:10 DEBUG [t1] "TestVolatile":15: 13
2020-12-19 20:58:10 DEBUG [t1] "TestVolatile":15: 13
2020-12-19 20:58:10 DEBUG [t1] "TestVolatile":15: 13
2020-12-19 20:58:10 DEBUG [t1] "TestVolatile":15: 13
2020-12-19 20:58:10 DEBUG [t1] "TestVolatile":15: 13
2020-12-19 20:58:10 DEBUG [t1] "TestVolatile":15: 13
2020-12-19 20:58:10 DEBUG [t1] "TestVolatile":15: 13
2020-12-19 20:58:10 DEBUG [t1] "TestVolatile":15: 13
2020-12-19 20:58:10 DEBUG [t1] "TestVolatile":15: 13
2020-12-19 20:58:10 DEBUG [t1] "TestVolatile":15: 13
2020-12-19 20:58:10 DEBUG [t1] "TestVolatile":15: 13
2020-12-19 20:58:10 DEBUG [t1] "TestVolatile":15: 13
2020-12-19 20:58:10 DEBUG [t1] "TestVolatile":15: 13
2020-12-19 20:58:10 DEBUG [t1] "TestVolatile":15: 13
2020-12-19 20:58:10 DEBUG [t1] "TestVolatile":15: 13
2020-12-19 20:58:10 DEBUG [t1] "TestVolatile":15: 13
2020-12-19 20:58:10 DEBUG [t1] "TestVolatile":15: 13
2020-12-19 20:58:10 DEBUG [t1] "TestVolatile":15: 13
2020-12-19 20:58:10 DEBUG [t1] "TestVolatile":15: 13
2020-12-19 20:58:10 DEBUG [t1] "TestVolatile":15: 13
2020-12-19 20:58:10 DEBUG [t1] "TestVolatile":15: 13
2020-12-19 20:58:10 DEBUG [t1] "TestVolatile":15: 13
2020-12-19 20:58:10 DEBUG [t1] "TestVolatile":15: 13
2020-12-19 20:58:10 DEBUG [t1] "TestVolatile":15: 13
2020-12-19 20:58:10 DEBUG [t1] "TestVolatile":15: 13
2020-12-19 20:58:10 DEBUG [t1] "TestVolatile":15: 13
2020-12-19 20:58:10 DEBUG [t1] "TestVolatile":15: 13
2020-12-19 20:58:10 DEBUG [t1] "TestVolatile":15: 13
2020-12-19 20:58:10 DEBUG [t1] "TestVolatile":15: 13
2020-12-19 20:58:10 DEBUG [t1] "TestVolatile":15: 13
2020-12-19 20:58:10 DEBUG [t1] "TestVolatile":15: 13
2020-12-19 20:58:10 DEBUG [t1] "TestVolatile":15: 13
2020-12-19 20:58:10 DEBUG [t1] "TestVolatile":15: 13
2020-12-19 20:58:10 DEBUG [t1] "TestVolatile":15: 13
2020-12-19 20:58:10 DEBUG [t1] "TestVolatile":15: 13
2020-12-19 20:58:10 DEBUG [t1] "TestVolatile":15: 13
2020-12-19 20:58:10 DEBUG [t1] "TestVolatile":15: 13
2020-12-19 20:58:10 DEBUG [t1] "TestVolatile":15: 13
2020-12-19 20:58:10 DEBUG [t1] "TestVolatile":15: 13
2020-12-19 20:58:10 DEBUG [t1] "TestVolatile":15: 13
2020-12-19 20:58:10 DEBUG [t1] "TestVolatile":15: 13
2020-12-19 20:58:10 DEBUG [t1] "TestVolatile":15: 13
2020-12-19 20:58:10 DEBUG [t1] "TestVolatile":15: 13
2020-12-19 20:58:10 DEBUG [t1] "TestVolatile":15: 13
2020-12-19 20:58:10 DEBUG [t1] "TestVolatile":15: 13
2020-12-19 20:58:10 DEBUG [t1] "TestVolatile":15: 13
2020-12-19 20:58:10 DEBUG [t1] "TestVolatile":15: 13
2020-12-19 20:58:10 DEBUG [t1] "TestVolatile":15: 13
2020-12-19 20:58:10 DEBUG [t1] "TestVolatile":15: 13
2020-12-19 20:58:10 DEBUG [t1] "TestVolatile":15: 13
2020-12-19 20:58:10 DEBUG [t1] "TestVolatile":15: 13
2020-12-19 20:58:10 DEBUG [t1] "TestVolatile":15: 13
2020-12-19 20:58:10 DEBUG [t1] "TestVolatile":15: 13
2020-12-19 20:58:10 DEBUG [t1] "TestVolatile":15: 13
2020-12-19 20:58:10 DEBUG [t1] "TestVolatile":15: 13
2020-12-19 20:58:10 DEBUG [t1] "TestVolatile":15: 13
2020-12-19 20:58:10 DEBUG [t1] "TestVolatile":15: 13
2020-12-19 20:58:10 DEBUG [t1] "TestVolatile":15: 13
2020-12-19 20:58:10 DEBUG [t1] "TestVolatile":15: 13
2020-12-19 20:58:10 DEBUG [t1] "TestVolatile":15: 13
2020-12-19 20:58:10 DEBUG [t1] "TestVolatile":15: 13
2020-12-19 20:58:10 DEBUG [t1] "TestVolatile":15: 13
2020-12-19 20:58:10 DEBUG [t1] "TestVolatile":15: 13
2020-12-19 20:58:10 DEBUG [t1] "TestVolatile":15: 13
2020-12-19 20:58:10 DEBUG [t1] "TestVolatile":15: 13
2020-12-19 20:58:10 DEBUG [t1] "TestVolatile":15: 13
2020-12-19 20:58:10 DEBUG [t1] "TestVolatile":15: 13
2020-12-19 20:58:10 DEBUG [t1] "TestVolatile":15: 13
2020-12-19 20:58:10 DEBUG [t1] "TestVolatile":15: 13
2020-12-19 20:58:10 DEBUG [t1] "TestVolatile":15: 13
2020-12-19 20:58:10 DEBUG [t1] "TestVolatile":15: 13
2020-12-19 20:58:10 DEBUG [t1] "TestVolatile":15: 13
2020-12-19 20:58:10 DEBUG [t1] "TestVolatile":15: 13
2020-12-19 20:58:10 DEBUG [t1] "TestVolatile":15: 13
2020-12-19 20:58:10 DEBUG [t1] "TestVolatile":15: 13
2020-12-19 20:58:10 DEBUG [t1] "TestVolatile":15: 13
2020-12-19 20:58:10 DEBUG [t1] "TestVolatile":15: 13
2020-12-19 20:58:10 DEBUG [t1] "TestVolatile":15: 13
2020-12-19 20:58:10 DEBUG [t1] "TestVolatile":15: 13
2020-12-19 20:58:10 DEBUG [t1] "TestVolatile":15: 13
2020-12-19 20:58:10 DEBUG [t1] "TestVolatile":15: 13
2020-12-19 20:58:10 DEBUG [t1] "TestVolatile":15: 13
2020-12-19 20:58:10 DEBUG [t1] "TestVolatile":15: 13
2020-12-19 20:58:10 DEBUG [t1] "TestVolatile":15: 13
2020-12-19 20:58:10 DEBUG [t1] "TestVolatile":15: 13
2020-12-19 20:58:10 DEBUG [t1] "TestVolatile":15: 13
2020-12-19 20:58:10 DEBUG [t1] "TestVolatile":15: 13
2020-12-19 20:58:10 DEBUG [t1] "TestVolatile":15: 13
2020-12-19 20:58:10 DEBUG [t1] "TestVolatile":15: 13
2020-12-19 20:58:10 DEBUG [t1] "TestVolatile":15: 13
2020-12-19 20:58:10 DEBUG [t1] "TestVolatile":15: 13
2020-12-19 20:58:10 DEBUG [t1] "TestVolatile":15: 13
2020-12-19 20:58:10 DEBUG [t1] "TestVolatile":15: 13
2020-12-19 20:58:10 DEBUG [t1] "TestVolatile":15: 13
2020-12-19 20:58:10 DEBUG [t1] "TestVolatile":15: 13
2020-12-19 20:58:10 DEBUG [t1] "TestVolatile":15: 13
2020-12-19 20:58:10 DEBUG [t1] "TestVolatile":15: 13
2020-12-19 20:58:10 DEBUG [t1] "TestVolatile":15: 13
2020-12-19 20:58:10 DEBUG [t1] "TestVolatile":15: 13
2020-12-19 20:58:10 DEBUG [t1] "TestVolatile":15: 13
2020-12-19 20:58:10 DEBUG [t1] "TestVolatile":15: 13
2020-12-19 20:58:10 DEBUG [t1] "TestVolatile":15: 13
2020-12-19 20:58:10 DEBUG [t1] "TestVolatile":15: 13
2020-12-19 20:58:10 DEBUG [t1] "TestVolatile":15: 13
2020-12-19 20:58:10 DEBUG [t1] "TestVolatile":15: 13
2020-12-19 20:58:10 DEBUG [t1] "TestVolatile":15: 13
2020-12-19 20:58:10 DEBUG [t1] "TestVolatile":15: 13
2020-12-19 20:58:10 DEBUG [t1] "TestVolatile":15: 13
2020-12-19 20:58:10 DEBUG [t1] "TestVolatile":15: 13
2020-12-19 20:58:10 DEBUG [t1] "TestVolatile":15: 13
2020-12-19 20:58:10 DEBUG [t1] "TestVolatile":15: 13
2020-12-19 20:58:10 DEBUG [t1] "TestVolatile":15: 13
2020-12-19 20:58:10 DEBUG [t1] "TestVolatile":15: 13
2020-12-19 20:58:10 DEBUG [t1] "TestVolatile":15: 13
2020-12-19 20:58:10 DEBUG [t1] "TestVolatile":15: 13
2020-12-19 20:58:10 DEBUG [t1] "TestVolatile":15: 13
2020-12-19 20:58:10 DEBUG [t1] "TestVolatile":15: 13
2020-12-19 20:58:10 DEBUG [t1] "TestVolatile":15: 13
2020-12-19 20:58:10 DEBUG [t1] "TestVolatile":15: 13
2020-12-19 20:58:10 DEBUG [t1] "TestVolatile":15: 13
2020-12-19 20:58:10 DEBUG [t1] "TestVolatile":15: 13
2020-12-19 20:58:10 DEBUG [t1] "TestVolatile":15: 13
2020-12-19 20:58:10 DEBUG [t1] "TestVolatile":15: 13
2020-12-19 20:58:10 DEBUG [t1] "TestVolatile":15: 13
2020-12-19 20:58:10 DEBUG [t1] "TestVolatile":15: 13
2020-12-19 20:58:10 DEBUG [t1] "TestVolatile":15: 13
2020-12-19 20:58:10 DEBUG [t1] "TestVolatile":15: 13
2020-12-19 20:58:10 DEBUG [t1] "TestVolatile":15: 13
2020-12-19 20:58:10 DEBUG [t1] "TestVolatile":15: 13
2020-12-19 20:58:10 DEBUG [t1] "TestVolatile":15: 13
2020-12-19 20:58:10 DEBUG [t1] "TestVolatile":15: 13
2020-12-19 20:58:10 DEBUG [t1] "TestVolatile":15: 13
2020-12-19 20:58:10 DEBUG [t1] "TestVolatile":15: 13
2020-12-19 20:58:10 DEBUG [t1] "TestVolatile":15: 13
2020-12-19 20:58:10 DEBUG [t1] "TestVolatile":15: 13
2020-12-19 20:58:10 DEBUG [t1] "TestVolatile":15: 13
2020-12-19 20:58:10 DEBUG [t1] "TestVolatile":15: 13
2020-12-19 20:58:10 DEBUG [t1] "TestVolatile":15: 13
2020-12-19 20:58:10 DEBUG [t1] "TestVolatile":15: 13
2020-12-19 20:58:10 DEBUG [t1] "TestVolatile":15: 13
2020-12-19 20:58:10 DEBUG [t1] "TestVolatile":15: 13
2020-12-19 20:58:10 DEBUG [t1] "TestVolatile":15: 13
2020-12-19 20:58:10 DEBUG [t1] "TestVolatile":15: 13
2020-12-19 20:58:10 DEBUG [t1] "TestVolatile":15: 13
2020-12-19 20:58:10 DEBUG [t1] "TestVolatile":15: 13
2020-12-19 20:58:10 DEBUG [t1] "TestVolatile":15: 13
2020-12-19 20:58:10 DEBUG [t1] "TestVolatile":15: 13
2020-12-19 20:58:10 DEBUG [t1] "TestVolatile":15: 13
2020-12-19 20:58:10 DEBUG [t1] "TestVolatile":15: 13
2020-12-19 20:58:10 DEBUG [t1] "TestVolatile":15: 13
2020-12-19 20:58:10 DEBUG [t1] "TestVolatile":15: 13
2020-12-19 20:58:10 DEBUG [t1] "TestVolatile":15: 13
2020-12-19 20:58:10 DEBUG [t1] "TestVolatile":15: 13
2020-12-19 20:58:10 DEBUG [t1] "TestVolatile":15: 13
2020-12-19 20:58:10 DEBUG [t1] "TestVolatile":15: 13
2020-12-19 20:58:10 DEBUG [t1] "TestVolatile":15: 13
2020-12-19 20:58:10 DEBUG [t1] "TestVolatile":15: 13
2020-12-19 20:58:10 DEBUG [t1] "TestVolatile":15: 13
2020-12-19 20:58:10 DEBUG [t1] "TestVolatile":15: 13
2020-12-19 20:58:10 DEBUG [t1] "TestVolatile":15: 13
2020-12-19 20:58:10 DEBUG [t1] "TestVolatile":15: 13
2020-12-19 20:58:10 DEBUG [t1] "TestVolatile":15: 13
2020-12-19 20:58:10 DEBUG [t1] "TestVolatile":15: 13
2020-12-19 20:58:10 DEBUG [t1] "TestVolatile":15: 13
2020-12-19 20:58:10 DEBUG [t1] "TestVolatile":15: 13
2020-12-19 20:58:10 DEBUG [t1] "TestVolatile":15: 13
2020-12-19 20:58:10 DEBUG [t1] "TestVolatile":15: 13
2020-12-19 20:58:10 DEBUG [t1] "TestVolatile":15: 13
2020-12-19 20:58:10 DEBUG [t1] "TestVolatile":15: 13
2020-12-19 20:58:10 DEBUG [t1] "TestVolatile":15: 13
2020-12-19 20:58:10 DEBUG [t1] "TestVolatile":15: 13
2020-12-19 20:58:10 DEBUG [t1] "TestVolatile":15: 13
2020-12-19 20:58:10 DEBUG [t1] "TestVolatile":15: 13
2020-12-19 20:58:10 DEBUG [t1] "TestVolatile":15: 13
2020-12-19 20:58:10 DEBUG [t1] "TestVolatile":15: 13
2020-12-19 20:58:10 DEBUG [t1] "TestVolatile":15: 13
2020-12-19 20:58:10 DEBUG [t1] "TestVolatile":15: 13
2020-12-19 20:58:10 DEBUG [t1] "TestVolatile":15: 13
2020-12-19 20:58:10 DEBUG [t1] "TestVolatile":15: 13
2020-12-19 20:58:10 DEBUG [t1] "TestVolatile":15: 13
2020-12-19 20:58:10 DEBUG [t1] "TestVolatile":15: 13
2020-12-19 20:58:10 DEBUG [t1] "TestVolatile":15: 13
2020-12-19 20:58:10 DEBUG [t1] "TestVolatile":15: 13
2020-12-19 20:58:10 DEBUG [t1] "TestVolatile":15: 13
2020-12-19 20:58:10 DEBUG [t1] "TestVolatile":15: 13
2020-12-19 20:58:10 DEBUG [t1] "TestVolatile":15: 13
2020-12-19 20:58:10 DEBUG [t1] "TestVolatile":15: 13
2020-12-19 20:58:10 DEBUG [t1] "TestVolatile":15: 13
2020-12-19 20:58:10 DEBUG [t1] "TestVolatile":15: 13
2020-12-19 20:58:10 DEBUG [t1] "TestVolatile":15: 13
2020-12-19 20:58:10 DEBUG [t1] "TestVolatile":15: 13
2020-12-19 20:58:10 DEBUG [t1] "TestVolatile":15: 13
2020-12-19 20:58:10 DEBUG [t1] "TestVolatile":15: 13
2020-12-19 20:58:10 DEBUG [t1] "TestVolatile":15: 13
2020-12-19 20:58:10 DEBUG [t1] "TestVolatile":15: 13
2020-12-19 20:58:10 DEBUG [t1] "TestVolatile":15: 13
2020-12-19 20:58:10 DEBUG [t1] "TestVolatile":15: 13
2020-12-19 20:58:10 DEBUG [t1] "TestVolatile":15: 13
2020-12-19 20:58:10 DEBUG [t1] "TestVolatile":15: 13
2020-12-19 20:58:10 DEBUG [t1] "TestVolatile":15: 13
2020-12-19 20:58:10 DEBUG [t1] "TestVolatile":15: 13
2020-12-19 20:58:10 DEBUG [t1] "TestVolatile":15: 13
2020-12-19 20:58:10 DEBUG [t1] "TestVolatile":15: 13
2020-12-19 20:58:10 DEBUG [t1] "TestVolatile":15: 13
2020-12-19 20:58:10 DEBUG [t1] "TestVolatile":15: 13
2020-12-19 20:58:10 DEBUG [t1] "TestVolatile":15: 13
2020-12-19 20:58:10 DEBUG [t1] "TestVolatile":15: 13
2020-12-19 20:58:10 DEBUG [t1] "TestVolatile":15: 13
2020-12-19 20:58:10 DEBUG [t1] "TestVolatile":15: 13
2020-12-19 20:58:10 DEBUG [t1] "TestVolatile":15: 13
2020-12-19 20:58:10 DEBUG [t1] "TestVolatile":15: 13
2020-12-19 20:58:10 DEBUG [t1] "TestVolatile":15: 13
2020-12-19 20:58:10 DEBUG [t1] "TestVolatile":15: 13
2020-12-19 20:58:10 DEBUG [t1] "TestVolatile":15: 13
2020-12-19 20:58:10 DEBUG [t1] "TestVolatile":15: 13
2020-12-19 20:58:10 DEBUG [t1] "TestVolatile":15: 13
2020-12-19 20:58:10 DEBUG [t1] "TestVolatile":15: 13
2020-12-19 20:58:10 DEBUG [t1] "TestVolatile":15: 13
2020-12-19 20:58:10 DEBUG [t1] "TestVolatile":15: 13
2020-12-19 20:58:10 DEBUG [t1] "TestVolatile":15: 13
2020-12-19 20:58:10 DEBUG [t1] "TestVolatile":15: 13
2020-12-19 20:58:10 DEBUG [t1] "TestVolatile":15: 13
2020-12-19 20:58:10 DEBUG [t1] "TestVolatile":15: 13
2020-12-19 20:58:10 DEBUG [t1] "TestVolatile":15: 13
2020-12-19 20:58:10 DEBUG [t1] "TestVolatile":15: 13
2020-12-19 20:58:10 DEBUG [t1] "TestVolatile":15: 13
2020-12-19 20:58:10 DEBUG [t1] "TestVolatile":15: 13
2020-12-19 20:58:10 DEBUG [t1] "TestVolatile":15: 13
2020-12-19 20:58:10 DEBUG [t1] "TestVolatile":15: 13
2020-12-19 20:58:10 DEBUG [t1] "TestVolatile":15: 13
2020-12-19 20:58:10 DEBUG [t1] "TestVolatile":15: 13
2020-12-19 20:58:10 DEBUG [t1] "TestVolatile":15: 13
2020-12-19 20:58:10 DEBUG [t1] "TestVolatile":15: 13
2020-12-19 20:58:10 DEBUG [t1] "TestVolatile":15: 13
2020-12-19 20:58:10 DEBUG [t1] "TestVolatile":15: 13
2020-12-19 20:58:10 DEBUG [t1] "TestVolatile":15: 13
2020-12-19 20:58:10 DEBUG [t1] "TestVolatile":15: 13
2020-12-19 20:58:10 DEBUG [t1] "TestVolatile":15: 13
2020-12-19 20:58:10 DEBUG [t1] "TestVolatile":15: 13
2020-12-19 20:58:10 DEBUG [t1] "TestVolatile":15: 13
2020-12-19 20:58:10 DEBUG [t1] "TestVolatile":15: 13
2020-12-19 20:58:10 DEBUG [t1] "TestVolatile":15: 13
2020-12-19 20:58:10 DEBUG [t1] "TestVolatile":15: 13
2020-12-19 20:58:10 DEBUG [t1] "TestVolatile":15: 13
2020-12-19 20:58:10 DEBUG [t1] "TestVolatile":15: 13
2020-12-19 20:58:10 DEBUG [t1] "TestVolatile":15: 13
2020-12-19 20:58:10 DEBUG [t1] "TestVolatile":15: 13
2020-12-19 20:58:10 DEBUG [t1] "TestVolatile":15: 13
2020-12-19 20:58:10 DEBUG [t1] "TestVolatile":15: 13
2020-12-19 20:58:10 DEBUG [t1] "TestVolatile":15: 13
2020-12-19 20:58:10 DEBUG [t1] "TestVolatile":15: 13
2020-12-19 20:58:10 DEBUG [t1] "TestVolatile":15: 13
2020-12-19 20:58:10 DEBUG [t1] "TestVolatile":15: 13
2020-12-19 20:58:10 DEBUG [t1] "TestVolatile":15: 13
2020-12-19 20:58:10 DEBUG [t1] "TestVolatile":15: 13
2020-12-19 20:58:10 DEBUG [t1] "TestVolatile":15: 13
2020-12-19 20:58:10 DEBUG [t1] "TestVolatile":15: 13
2020-12-19 20:58:10 DEBUG [t1] "TestVolatile":15: 13
2020-12-19 20:58:10 DEBUG [t1] "TestVolatile":15: 13
2020-12-19 20:58:10 DEBUG [t1] "TestVolatile":15: 13
2020-12-19 20:58:10 DEBUG [t1] "TestVolatile":15: 13
2020-12-19 20:58:10 DEBUG [t1] "TestVolatile":15: 13
2020-12-19 20:58:10 DEBUG [t1] "TestVolatile":15: 13
2020-12-19 20:58:10 DEBUG [t1] "TestVolatile":15: 13
2020-12-19 20:58:10 DEBUG [t1] "TestVolatile":15: 13
2020-12-19 20:58:10 DEBUG [t1] "TestVolatile":15: 13
2020-12-19 20:58:10 DEBUG [t1] "TestVolatile":15: 13
2020-12-19 20:58:10 DEBUG [t1] "TestVolatile":15: 13
2020-12-19 20:58:10 DEBUG [t1] "TestVolatile":15: 13
2020-12-19 20:58:10 DEBUG [t1] "TestVolatile":15: 13
2020-12-19 20:58:10 DEBUG [t1] "TestVolatile":15: 13
2020-12-19 20:58:10 DEBUG [t1] "TestVolatile":15: 13
2020-12-19 20:58:10 DEBUG [t1] "TestVolatile":15: 13
2020-12-19 20:58:10 DEBUG [t1] "TestVolatile":15: 13
2020-12-19 20:58:10 DEBUG [t1] "TestVolatile":15: 13
2020-12-19 20:58:10 DEBUG [t1] "TestVolatile":15: 13
2020-12-19 20:58:10 DEBUG [t1] "TestVolatile":15: 13
2020-12-19 20:58:10 DEBUG [t1] "TestVolatile":15: 13
2020-12-19 20:58:10 DEBUG [t1] "TestVolatile":15: 13
2020-12-19 20:58:10 DEBUG [t1] "TestVolatile":15: 13
2020-12-19 20:58:10 DEBUG [t1] "TestVolatile":15: 13
2020-12-19 20:58:10 DEBUG [t1] "TestVolatile":15: 13
2020-12-19 20:58:10 DEBUG [t1] "TestVolatile":15: 13
2020-12-19 20:58:10 DEBUG [t1] "TestVolatile":15: 13
2020-12-19 20:58:10 DEBUG [t1] "TestVolatile":15: 13
2020-12-19 20:58:10 DEBUG [t1] "TestVolatile":15: 13
2020-12-19 20:58:10 DEBUG [t1] "TestVolatile":15: 13
2020-12-19 20:58:10 DEBUG [t1] "TestVolatile":15: 13
2020-12-19 20:58:10 DEBUG [t1] "TestVolatile":15: 13
2020-12-19 20:58:10 DEBUG [t1] "TestVolatile":15: 13
2020-12-19 20:58:10 DEBUG [t1] "TestVolatile":15: 13
2020-12-19 20:58:10 DEBUG [t1] "TestVolatile":15: 13
2020-12-19 20:58:10 DEBUG [t1] "TestVolatile":15: 13
2020-12-19 20:58:10 DEBUG [t1] "TestVolatile":15: 13
2020-12-19 20:58:10 DEBUG [t1] "TestVolatile":15: 13
2020-12-19 20:58:10 DEBUG [t1] "TestVolatile":15: 13
2020-12-19 20:58:10 DEBUG [t1] "TestVolatile":15: 13
2020-12-19 20:58:10 DEBUG [t1] "TestVolatile":15: 13
2020-12-19 20:58:10 DEBUG [t1] "TestVolatile":15: 13
2020-12-19 20:58:10 DEBUG [t1] "TestVolatile":15: 13
2020-12-19 20:58:10 DEBUG [t1] "TestVolatile":15: 13
2020-12-19 20:58:10 DEBUG [t1] "TestVolatile":15: 13
2020-12-19 20:58:10 DEBUG [t1] "TestVolatile":15: 13
2020-12-19 20:58:10 DEBUG [t1] "TestVolatile":15: 13
2020-12-19 20:58:10 DEBUG [t1] "TestVolatile":15: 13
2020-12-19 20:58:10 DEBUG [t1] "TestVolatile":15: 13
2020-12-19 20:58:10 DEBUG [t1] "TestVolatile":15: 13
2020-12-19 20:58:10 DEBUG [t1] "TestVolatile":15: 13
2020-12-19 20:58:10 DEBUG [t1] "TestVolatile":15: 13
2020-12-19 20:58:10 DEBUG [t1] "TestVolatile":15: 13
2020-12-19 20:58:10 DEBUG [t1] "TestVolatile":15: 13
2020-12-19 20:58:10 DEBUG [t1] "TestVolatile":15: 13
2020-12-19 20:58:10 DEBUG [t1] "TestVolatile":15: 13
2020-12-19 20:58:10 DEBUG [t1] "TestVolatile":15: 13
2020-12-19 20:58:10 DEBUG [t1] "TestVolatile":15: 13
2020-12-19 20:58:10 DEBUG [t1] "TestVolatile":15: 13
2020-12-19 20:58:10 DEBUG [t1] "TestVolatile":15: 13
2020-12-19 20:58:10 DEBUG [t1] "TestVolatile":15: 13
2020-12-19 20:58:10 DEBUG [t1] "TestVolatile":15: 13
2020-12-19 20:58:10 DEBUG [t1] "TestVolatile":15: 13
2020-12-19 20:58:10 DEBUG [t1] "TestVolatile":15: 13
2020-12-19 20:58:10 DEBUG [t1] "TestVolatile":15: 13
2020-12-19 20:58:10 DEBUG [t1] "TestVolatile":15: 13
2020-12-19 20:58:10 DEBUG [t1] "TestVolatile":15: 13
2020-12-19 20:58:10 DEBUG [t1] "TestVolatile":15: 13
2020-12-19 20:58:10 DEBUG [t1] "TestVolatile":15: 13
2020-12-19 20:58:10 DEBUG [t1] "TestVolatile":15: 13
2020-12-19 20:58:10 DEBUG [t1] "TestVolatile":15: 13
2020-12-19 20:58:10 DEBUG [t1] "TestVolatile":15: 13
2020-12-19 20:58:10 DEBUG [t1] "TestVolatile":15: 13
2020-12-19 20:58:10 DEBUG [t1] "TestVolatile":15: 13
2020-12-19 20:58:10 DEBUG [t1] "TestVolatile":15: 13
2020-12-19 20:58:10 DEBUG [t1] "TestVolatile":15: 13
2020-12-19 20:58:10 DEBUG [t1] "TestVolatile":15: 13
2020-12-19 20:58:10 DEBUG [t1] "TestVolatile":15: 13
2020-12-19 20:58:10 DEBUG [t1] "TestVolatile":15: 13
2020-12-19 20:58:10 DEBUG [t1] "TestVolatile":15: 13
2020-12-19 20:58:10 DEBUG [t1] "TestVolatile":15: 13
2020-12-19 20:58:10 DEBUG [t1] "TestVolatile":15: 13
2020-12-19 20:58:10 DEBUG [t1] "TestVolatile":15: 13
2020-12-19 20:58:10 DEBUG [t1] "TestVolatile":15: 13
2020-12-19 20:58:10 DEBUG [t1] "TestVolatile":15: 13
2020-12-19 20:58:10 DEBUG [t1] "TestVolatile":15: 13
2020-12-19 20:58:10 DEBUG [t1] "TestVolatile":15: 13
2020-12-19 20:58:10 DEBUG [t1] "TestVolatile":15: 13
2020-12-19 20:58:10 DEBUG [t1] "TestVolatile":15: 13
2020-12-19 20:58:10 DEBUG [t1] "TestVolatile":15: 13
2020-12-19 20:58:10 DEBUG [t1] "TestVolatile":15: 13
2020-12-19 20:58:10 DEBUG [t1] "TestVolatile":15: 13
2020-12-19 20:58:10 DEBUG [t1] "TestVolatile":15: 13
2020-12-19 20:58:10 DEBUG [t1] "TestVolatile":15: 13
2020-12-19 20:58:10 DEBUG [t1] "TestVolatile":15: 13
2020-12-19 20:58:10 DEBUG [t1] "TestVolatile":15: 13
2020-12-19 20:58:10 DEBUG [t1] "TestVolatile":15: 13
2020-12-19 20:58:10 DEBUG [t1] "TestVolatile":15: 13
2020-12-19 20:58:10 DEBUG [t1] "TestVolatile":15: 13
2020-12-19 20:58:10 DEBUG [t1] "TestVolatile":15: 13
2020-12-19 20:58:10 DEBUG [t1] "TestVolatile":15: 13
2020-12-19 20:58:10 DEBUG [t1] "TestVolatile":15: 13
2020-12-19 20:58:10 DEBUG [t1] "TestVolatile":15: 13
2020-12-19 20:58:10 DEBUG [t1] "TestVolatile":15: 13
2020-12-19 20:58:10 DEBUG [t1] "TestVolatile":15: 13
2020-12-19 20:58:10 DEBUG [t1] "TestVolatile":15: 13
2020-12-19 20:58:10 DEBUG [t1] "TestVolatile":15: 13
2020-12-19 20:58:10 DEBUG [t1] "TestVolatile":15: 13
2020-12-19 20:58:10 DEBUG [t1] "TestVolatile":15: 13
2020-12-19 20:58:10 DEBUG [t1] "TestVolatile":15: 13
2020-12-19 20:58:10 DEBUG [t1] "TestVolatile":15: 13
2020-12-19 20:58:10 DEBUG [t1] "TestVolatile":15: 13
2020-12-19 20:58:10 DEBUG [t1] "TestVolatile":15: 13
2020-12-19 20:58:10 DEBUG [t1] "TestVolatile":15: 13
2020-12-19 20:58:10 DEBUG [t1] "TestVolatile":15: 13
2020-12-19 20:58:10 DEBUG [t1] "TestVolatile":15: 13
2020-12-19 20:58:10 DEBUG [t1] "TestVolatile":15: 13
2020-12-19 20:58:10 DEBUG [t1] "TestVolatile":15: 13
2020-12-19 20:58:10 DEBUG [t1] "TestVolatile":15: 13
2020-12-19 20:58:10 DEBUG [t1] "TestVolatile":15: 13
2020-12-19 20:58:10 DEBUG [t1] "TestVolatile":15: 13
2020-12-19 20:58:10 DEBUG [t1] "TestVolatile":15: 13
2020-12-19 20:58:10 DEBUG [t1] "TestVolatile":15: 13
2020-12-19 20:58:10 DEBUG [t1] "TestVolatile":15: 13
2020-12-19 20:58:10 DEBUG [t1] "TestVolatile":15: 13
2020-12-19 20:58:10 DEBUG [t1] "TestVolatile":15: 13
2020-12-19 20:58:10 DEBUG [t1] "TestVolatile":15: 13
2020-12-19 20:58:10 DEBUG [t1] "TestVolatile":15: 13
2020-12-19 20:58:10 DEBUG [t1] "TestVolatile":15: 13
2020-12-19 20:58:10 DEBUG [t1] "TestVolatile":15: 13
2020-12-19 20:58:10 DEBUG [t1] "TestVolatile":15: 13
2020-12-19 20:58:10 DEBUG [t1] "TestVolatile":15: 13
2020-12-19 20:58:10 DEBUG [t1] "TestVolatile":15: 13
2020-12-19 20:58:10 DEBUG [t1] "TestVolatile":15: 13
2020-12-19 20:58:10 DEBUG [t1] "TestVolatile":15: 13
2020-12-19 20:58:10 DEBUG [t1] "TestVolatile":15: 13
2020-12-19 20:58:10 DEBUG [t1] "TestVolatile":15: 13
2020-12-19 20:58:10 DEBUG [t1] "TestVolatile":15: 13
2020-12-19 20:58:10 DEBUG [t1] "TestVolatile":15: 13
2020-12-19 20:58:10 DEBUG [t1] "TestVolatile":15: 13
2020-12-19 20:58:10 DEBUG [t1] "TestVolatile":15: 13
2020-12-19 20:58:10 DEBUG [t1] "TestVolatile":15: 13
2020-12-19 20:58:10 DEBUG [t1] "TestVolatile":15: 13
2020-12-19 20:58:10 DEBUG [t1] "TestVolatile":15: 13
2020-12-19 20:58:10 DEBUG [t1] "TestVolatile":15: 13
2020-12-19 20:58:10 DEBUG [t1] "TestVolatile":15: 13
2020-12-19 20:58:10 DEBUG [t1] "TestVolatile":15: 13
2020-12-19 20:58:10 DEBUG [t1] "TestVolatile":15: 13
2020-12-19 20:58:10 DEBUG [t1] "TestVolatile":15: 13
2020-12-19 20:58:10 DEBUG [t1] "TestVolatile":15: 13
2020-12-19 20:58:10 DEBUG [t1] "TestVolatile":15: 13
2020-12-19 20:58:10 DEBUG [t1] "TestVolatile":15: 13
2020-12-19 20:58:10 DEBUG [t1] "TestVolatile":15: 13
2020-12-19 20:58:10 DEBUG [t1] "TestVolatile":15: 13
2020-12-19 20:58:10 DEBUG [t1] "TestVolatile":15: 13
2020-12-19 20:58:10 DEBUG [t1] "TestVolatile":15: 13
2020-12-19 20:58:10 DEBUG [t1] "TestVolatile":15: 13
2020-12-19 20:58:10 DEBUG [t1] "TestVolatile":15: 13
2020-12-19 20:58:10 DEBUG [t1] "TestVolatile":15: 13
2020-12-19 20:58:10 DEBUG [t1] "TestVolatile":15: 13
2020-12-19 20:58:10 DEBUG [t1] "TestVolatile":15: 13
2020-12-19 20:58:10 DEBUG [t1] "TestVolatile":15: 13
2020-12-19 20:58:10 DEBUG [t1] "TestVolatile":15: 13
2020-12-19 20:58:10 DEBUG [t1] "TestVolatile":15: 13
2020-12-19 20:58:10 DEBUG [t1] "TestVolatile":15: 13
2020-12-19 20:58:10 DEBUG [t1] "TestVolatile":15: 13
2020-12-19 20:58:10 DEBUG [t1] "TestVolatile":15: 13
2020-12-19 20:58:10 DEBUG [t1] "TestVolatile":15: 13
2020-12-19 20:58:10 DEBUG [t1] "TestVolatile":15: 13
2020-12-19 20:58:10 DEBUG [t1] "TestVolatile":15: 13
2020-12-19 20:58:10 DEBUG [t1] "TestVolatile":15: 13
2020-12-19 20:58:10 DEBUG [t1] "TestVolatile":15: 13
2020-12-19 20:58:10 DEBUG [t1] "TestVolatile":15: 13
2020-12-19 20:58:10 DEBUG [t1] "TestVolatile":15: 13
2020-12-19 20:58:10 DEBUG [t1] "TestVolatile":15: 13
2020-12-19 20:58:10 DEBUG [t1] "TestVolatile":15: 13
2020-12-19 20:58:10 DEBUG [t1] "TestVolatile":15: 13
2020-12-19 20:58:10 DEBUG [t1] "TestVolatile":15: 13
2020-12-19 20:58:10 DEBUG [t1] "TestVolatile":15: 13
2020-12-19 20:58:10 DEBUG [t1] "TestVolatile":15: 13
2020-12-19 20:58:10 DEBUG [t1] "TestVolatile":15: 13
2020-12-19 20:58:10 DEBUG [t1] "TestVolatile":15: 13
2020-12-19 20:58:10 DEBUG [t1] "TestVolatile":15: 13
2020-12-19 20:58:10 DEBUG [t1] "TestVolatile":15: 13
2020-12-19 20:58:10 DEBUG [t1] "TestVolatile":15: 13
2020-12-19 20:58:10 DEBUG [t1] "TestVolatile":15: 13
2020-12-19 20:58:10 DEBUG [t1] "TestVolatile":15: 13
2020-12-19 20:58:10 DEBUG [t1] "TestVolatile":15: 13
2020-12-19 20:58:10 DEBUG [t1] "TestVolatile":15: 13
2020-12-19 20:58:10 DEBUG [t1] "TestVolatile":15: 13
2020-12-19 20:58:10 DEBUG [t1] "TestVolatile":15: 13
2020-12-19 20:58:10 DEBUG [t1] "TestVolatile":15: 13
2020-12-19 20:58:10 DEBUG [t1] "TestVolatile":15: 13
2020-12-19 20:58:10 DEBUG [t1] "TestVolatile":15: 13
2020-12-19 20:58:10 DEBUG [t1] "TestVolatile":15: 13
2020-12-19 20:58:10 DEBUG [t1] "TestVolatile":15: 13
2020-12-19 20:58:10 DEBUG [t1] "TestVolatile":15: 13
2020-12-19 20:58:10 DEBUG [t1] "TestVolatile":15: 13
2020-12-19 20:58:10 DEBUG [t1] "TestVolatile":15: 13
2020-12-19 20:58:10 DEBUG [t1] "TestVolatile":15: 13
2020-12-19 20:58:10 DEBUG [t1] "TestVolatile":15: 13
2020-12-19 20:58:10 DEBUG [t1] "TestVolatile":15: 13
2020-12-19 20:58:10 DEBUG [t1] "TestVolatile":15: 13
2020-12-19 20:58:10 DEBUG [t1] "TestVolatile":15: 13
2020-12-19 20:58:10 DEBUG [t1] "TestVolatile":15: 13
2020-12-19 20:58:10 DEBUG [t1] "TestVolatile":15: 13
2020-12-19 20:58:10 DEBUG [t1] "TestVolatile":15: 13
2020-12-19 20:58:10 DEBUG [t1] "TestVolatile":15: 13
2020-12-19 20:58:10 DEBUG [t1] "TestVolatile":15: 13
2020-12-19 20:58:10 DEBUG [t1] "TestVolatile":15: 13
2020-12-19 20:58:10 DEBUG [t1] "TestVolatile":15: 13
2020-12-19 20:58:10 DEBUG [t1] "TestVolatile":15: 13
2020-12-19 20:58:10 DEBUG [t1] "TestVolatile":15: 13
2020-12-19 20:58:10 DEBUG [t1] "TestVolatile":15: 13
2020-12-19 20:58:10 DEBUG [t1] "TestVolatile":15: 13
2020-12-19 20:58:10 DEBUG [t1] "TestVolatile":15: 13
2020-12-19 20:58:10 DEBUG [t1] "TestVolatile":15: 13
2020-12-19 20:58:10 DEBUG [t1] "TestVolatile":15: 13
2020-12-19 20:58:10 DEBUG [t1] "TestVolatile":15: 13
2020-12-19 20:58:10 DEBUG [t1] "TestVolatile":15: 13
2020-12-19 20:58:10 DEBUG [t1] "TestVolatile":15: 13
2020-12-19 20:58:10 DEBUG [t1] "TestVolatile":15: 13
2020-12-19 20:58:10 DEBUG [t1] "TestVolatile":15: 13
2020-12-19 20:58:10 DEBUG [t1] "TestVolatile":15: 13
2020-12-19 20:58:10 DEBUG [t1] "TestVolatile":15: 13
2020-12-19 20:58:10 DEBUG [t1] "TestVolatile":15: 13
2020-12-19 20:58:10 DEBUG [t1] "TestVolatile":15: 13
2020-12-19 20:58:10 DEBUG [t1] "TestVolatile":15: 13
2020-12-19 20:58:10 DEBUG [t1] "TestVolatile":15: 13
2020-12-19 20:58:10 DEBUG [t1] "TestVolatile":15: 13
2020-12-19 20:58:10 DEBUG [t1] "TestVolatile":15: 13
2020-12-19 20:58:10 DEBUG [t1] "TestVolatile":15: 13
2020-12-19 20:58:10 DEBUG [t1] "TestVolatile":15: 13
2020-12-19 20:58:10 DEBUG [t1] "TestVolatile":15: 13
2020-12-19 20:58:10 DEBUG [t1] "TestVolatile":15: 13
2020-12-19 20:58:10 DEBUG [t1] "TestVolatile":15: 13
2020-12-19 20:58:10 DEBUG [t1] "TestVolatile":15: 13
2020-12-19 20:58:10 DEBUG [t1] "TestVolatile":15: 13
2020-12-19 20:58:10 DEBUG [t1] "TestVolatile":15: 13
2020-12-19 20:58:10 DEBUG [t1] "TestVolatile":15: 13
2020-12-19 20:58:10 DEBUG [t1] "TestVolatile":15: 13
2020-12-19 20:58:10 DEBUG [t1] "TestVolatile":15: 13
2020-12-19 20:58:10 DEBUG [t1] "TestVolatile":15: 13
2020-12-19 20:58:10 DEBUG [t1] "TestVolatile":15: 13
2020-12-19 20:58:10 DEBUG [t1] "TestVolatile":15: 13
2020-12-19 20:58:10 DEBUG [t1] "TestVolatile":15: 13
2020-12-19 20:58:10 DEBUG [t1] "TestVolatile":15: 13
2020-12-19 20:58:10 DEBUG [t1] "TestVolatile":15: 13
2020-12-19 20:58:10 DEBUG [t1] "TestVolatile":15: 13
2020-12-19 20:58:10 DEBUG [t1] "TestVolatile":15: 13
2020-12-19 20:58:10 DEBUG [t1] "TestVolatile":15: 13
2020-12-19 20:58:10 DEBUG [t1] "TestVolatile":15: 13
2020-12-19 20:58:10 DEBUG [t1] "TestVolatile":15: 13
2020-12-19 20:58:10 DEBUG [t1] "TestVolatile":15: 13
2020-12-19 20:58:10 DEBUG [t1] "TestVolatile":15: 13
2020-12-19 20:58:10 DEBUG [t1] "TestVolatile":15: 13
2020-12-19 20:58:10 DEBUG [t1] "TestVolatile":15: 13
2020-12-19 20:58:10 DEBUG [t1] "TestVolatile":15: 13
2020-12-19 20:58:10 DEBUG [t1] "TestVolatile":15: 13
2020-12-19 20:58:10 DEBUG [t1] "TestVolatile":15: 13
2020-12-19 20:58:10 DEBUG [t1] "TestVolatile":15: 13
2020-12-19 20:58:10 DEBUG [t1] "TestVolatile":15: 13
2020-12-19 20:58:10 DEBUG [t1] "TestVolatile":15: 13
2020-12-19 20:58:10 DEBUG [t1] "TestVolatile":15: 13
2020-12-19 20:58:10 DEBUG [t1] "TestVolatile":15: 13
2020-12-19 20:58:10 DEBUG [t1] "TestVolatile":15: 13
2020-12-19 20:58:10 DEBUG [t1] "TestVolatile":15: 13
2020-12-19 20:58:10 DEBUG [t1] "TestVolatile":15: 13
2020-12-19 20:58:10 DEBUG [t1] "TestVolatile":15: 13
2020-12-19 20:58:10 DEBUG [t1] "TestVolatile":15: 13
2020-12-19 20:58:10 DEBUG [t1] "TestVolatile":15: 13
2020-12-19 20:58:10 DEBUG [t1] "TestVolatile":15: 13
2020-12-19 20:58:10 DEBUG [t1] "TestVolatile":15: 13
2020-12-19 20:58:10 DEBUG [t1] "TestVolatile":15: 13
2020-12-19 20:58:10 DEBUG [t1] "TestVolatile":15: 13
2020-12-19 20:58:10 DEBUG [t1] "TestVolatile":15: 13
2020-12-19 20:58:10 DEBUG [t1] "TestVolatile":15: 13
2020-12-19 20:58:10 DEBUG [t1] "TestVolatile":15: 13
2020-12-19 20:58:10 DEBUG [t1] "TestVolatile":15: 13
2020-12-19 20:58:10 DEBUG [t1] "TestVolatile":15: 13
2020-12-19 20:58:10 DEBUG [t1] "TestVolatile":15: 13
2020-12-19 20:58:10 DEBUG [t1] "TestVolatile":15: 13
2020-12-19 20:58:10 DEBUG [t1] "TestVolatile":15: 13
2020-12-19 20:58:10 DEBUG [t1] "TestVolatile":15: 13
2020-12-19 20:58:10 DEBUG [t1] "TestVolatile":15: 13
2020-12-19 20:58:10 DEBUG [t1] "TestVolatile":15: 13
2020-12-19 20:58:10 DEBUG [t1] "TestVolatile":15: 13
2020-12-19 20:58:10 DEBUG [t1] "TestVolatile":15: 13
2020-12-19 20:58:10 DEBUG [t1] "TestVolatile":15: 13
2020-12-19 20:58:10 DEBUG [t1] "TestVolatile":15: 13
2020-12-19 20:58:10 DEBUG [t1] "TestVolatile":15: 13
2020-12-19 20:58:10 DEBUG [t1] "TestVolatile":15: 13
2020-12-19 20:58:10 DEBUG [t1] "TestVolatile":15: 13
2020-12-19 20:58:10 DEBUG [t1] "TestVolatile":15: 13
2020-12-19 20:58:10 DEBUG [t1] "TestVolatile":15: 13
2020-12-19 20:58:10 DEBUG [t1] "TestVolatile":15: 13
2020-12-19 20:58:10 DEBUG [t1] "TestVolatile":15: 13
2020-12-19 20:58:10 DEBUG [t1] "TestVolatile":15: 13
2020-12-19 20:58:10 DEBUG [t1] "TestVolatile":15: 13
2020-12-19 20:58:10 DEBUG [t1] "TestVolatile":15: 13
2020-12-19 20:58:10 DEBUG [t1] "TestVolatile":15: 13
2020-12-19 20:58:10 DEBUG [t1] "TestVolatile":15: 13
2020-12-19 20:58:10 DEBUG [t1] "TestVolatile":15: 13
2020-12-19 20:58:10 DEBUG [t1] "TestVolatile":15: 13
2020-12-19 20:58:10 DEBUG [t1] "TestVolatile":15: 13
2020-12-19 20:58:10 DEBUG [t1] "TestVolatile":15: 13
2020-12-19 20:58:10 DEBUG [t1] "TestVolatile":15: 13
2020-12-19 20:58:10 DEBUG [t1] "TestVolatile":15: 13
2020-12-19 20:58:10 DEBUG [t1] "TestVolatile":15: 13
2020-12-19 20:58:10 DEBUG [t1] "TestVolatile":15: 13
2020-12-19 20:58:10 DEBUG [t1] "TestVolatile":15: 13
2020-12-19 20:58:10 DEBUG [t1] "TestVolatile":15: 13
2020-12-19 20:58:10 DEBUG [t1] "TestVolatile":15: 13
2020-12-19 20:58:10 DEBUG [t1] "TestVolatile":15: 13
2020-12-19 20:58:10 DEBUG [t1] "TestVolatile":15: 13
2020-12-19 20:58:10 DEBUG [t1] "TestVolatile":15: 13
2020-12-19 20:58:10 DEBUG [t1] "TestVolatile":15: 13
2020-12-19 20:58:10 DEBUG [t1] "TestVolatile":15: 13
2020-12-19 20:58:10 DEBUG [t1] "TestVolatile":15: 13
2020-12-19 20:58:10 DEBUG [t1] "TestVolatile":15: 13
2020-12-19 20:58:10 DEBUG [t1] "TestVolatile":15: 13
2020-12-19 20:58:10 DEBUG [t1] "TestVolatile":15: 13
2020-12-19 20:58:10 DEBUG [t1] "TestVolatile":15: 13
2020-12-19 20:58:10 DEBUG [t1] "TestVolatile":15: 13
2020-12-19 20:58:10 DEBUG [t1] "TestVolatile":15: 13
2020-12-19 20:58:10 DEBUG [t1] "TestVolatile":15: 13
2020-12-19 20:58:10 DEBUG [t1] "TestVolatile":15: 13
2020-12-19 20:58:10 DEBUG [t1] "TestVolatile":15: 13
2020-12-19 20:58:10 DEBUG [t1] "TestVolatile":15: 13
2020-12-19 20:58:10 DEBUG [t1] "TestVolatile":15: 13
2020-12-19 20:58:10 DEBUG [t1] "TestVolatile":15: 13
2020-12-19 20:58:10 DEBUG [t1] "TestVolatile":15: 13
2020-12-19 20:58:10 DEBUG [t1] "TestVolatile":15: 13
2020-12-19 20:58:10 DEBUG [t1] "TestVolatile":15: 13
2020-12-19 20:58:10 DEBUG [t1] "TestVolatile":15: 13
2020-12-19 20:58:10 DEBUG [t1] "TestVolatile":15: 13
2020-12-19 20:58:10 DEBUG [t1] "TestVolatile":15: 13
2020-12-19 20:58:10 DEBUG [t1] "TestVolatile":15: 13
2020-12-19 20:58:10 DEBUG [t1] "TestVolatile":15: 13
2020-12-19 20:58:10 DEBUG [t1] "TestVolatile":15: 13
2020-12-19 20:58:10 DEBUG [t1] "TestVolatile":15: 13
2020-12-19 20:58:10 DEBUG [t1] "TestVolatile":15: 13
2020-12-19 20:58:10 DEBUG [t1] "TestVolatile":15: 13
2020-12-19 20:58:10 DEBUG [t1] "TestVolatile":15: 13
2020-12-19 20:58:10 DEBUG [t1] "TestVolatile":15: 13
2020-12-19 20:58:10 DEBUG [t1] "TestVolatile":15: 13
2020-12-19 20:58:10 DEBUG [t1] "TestVolatile":15: 13
2020-12-19 20:58:10 DEBUG [t1] "TestVolatile":15: 13
2020-12-19 20:58:10 DEBUG [t1] "TestVolatile":15: 13
2020-12-19 20:58:10 DEBUG [t1] "TestVolatile":15: 13
2020-12-19 20:58:10 DEBUG [t1] "TestVolatile":15: 13
2020-12-19 20:58:10 DEBUG [t1] "TestVolatile":15: 13
2020-12-19 20:58:10 DEBUG [t1] "TestVolatile":15: 13
2020-12-19 20:58:10 DEBUG [t1] "TestVolatile":15: 13
2020-12-19 20:58:10 DEBUG [t1] "TestVolatile":15: 13
2020-12-19 20:58:10 DEBUG [t1] "TestVolatile":15: 13
2020-12-19 20:58:10 DEBUG [t1] "TestVolatile":15: 13
2020-12-19 20:58:10 DEBUG [t1] "TestVolatile":15: 13
2020-12-19 20:58:10 DEBUG [t1] "TestVolatile":15: 13
2020-12-19 20:58:10 DEBUG [t1] "TestVolatile":15: 13
2020-12-19 20:58:10 DEBUG [t1] "TestVolatile":15: 13
2020-12-19 20:58:10 DEBUG [t1] "TestVolatile":15: 13
2020-12-19 20:58:10 DEBUG [t1] "TestVolatile":15: 13
2020-12-19 20:58:10 DEBUG [t1] "TestVolatile":15: 13
2020-12-19 20:58:10 DEBUG [t1] "TestVolatile":15: 13
2020-12-19 20:58:10 DEBUG [t1] "TestVolatile":15: 13
2020-12-19 20:58:10 DEBUG [t1] "TestVolatile":15: 13
2020-12-19 20:58:10 DEBUG [t1] "TestVolatile":15: 13
2020-12-19 20:58:10 DEBUG [t1] "TestVolatile":15: 13
2020-12-19 20:58:10 DEBUG [t1] "TestVolatile":15: 13
2020-12-19 20:58:10 DEBUG [t1] "TestVolatile":15: 13
2020-12-19 20:58:10 DEBUG [t1] "TestVolatile":15: 13
2020-12-19 20:58:10 DEBUG [t1] "TestVolatile":15: 13
2020-12-19 20:58:10 DEBUG [t1] "TestVolatile":15: 13
2020-12-19 20:58:10 DEBUG [t1] "TestVolatile":15: 13
2020-12-19 20:58:10 DEBUG [t1] "TestVolatile":15: 13
2020-12-19 20:58:10 DEBUG [t1] "TestVolatile":15: 13
2020-12-19 20:58:10 DEBUG [t1] "TestVolatile":15: 13
2020-12-19 20:58:10 DEBUG [t1] "TestVolatile":15: 13
2020-12-19 20:58:10 DEBUG [t1] "TestVolatile":15: 13
2020-12-19 20:58:10 DEBUG [t1] "TestVolatile":15: 13
2020-12-19 20:58:10 DEBUG [t1] "TestVolatile":15: 13
2020-12-19 20:58:10 DEBUG [t1] "TestVolatile":15: 13
2020-12-19 20:58:10 DEBUG [t1] "TestVolatile":15: 13
2020-12-19 20:58:10 DEBUG [t1] "TestVolatile":15: 13
2020-12-19 20:58:10 DEBUG [t1] "TestVolatile":15: 13
2020-12-19 20:58:10 DEBUG [t1] "TestVolatile":15: 13
2020-12-19 20:58:10 DEBUG [t1] "TestVolatile":15: 13
2020-12-19 20:58:10 DEBUG [t1] "TestVolatile":15: 13
2020-12-19 20:58:10 DEBUG [t1] "TestVolatile":15: 13
2020-12-19 20:58:10 DEBUG [t1] "TestVolatile":15: 13
2020-12-19 20:58:10 DEBUG [t1] "TestVolatile":15: 13
2020-12-19 20:58:10 DEBUG [t1] "TestVolatile":15: 13
2020-12-19 20:58:10 DEBUG [t1] "TestVolatile":15: 13
2020-12-19 20:58:10 DEBUG [t1] "TestVolatile":15: 13
2020-12-19 20:58:10 DEBUG [t1] "TestVolatile":15: 13
2020-12-19 20:58:10 DEBUG [t1] "TestVolatile":15: 13
2020-12-19 20:58:10 DEBUG [t1] "TestVolatile":15: 13
2020-12-19 20:58:10 DEBUG [t1] "TestVolatile":15: 13
2020-12-19 20:58:10 DEBUG [t1] "TestVolatile":15: 13
2020-12-19 20:58:10 DEBUG [t1] "TestVolatile":15: 13
2020-12-19 20:58:10 DEBUG [t1] "TestVolatile":15: 13
2020-12-19 20:58:10 DEBUG [t1] "TestVolatile":15: 13
2020-12-19 20:58:10 DEBUG [t1] "TestVolatile":15: 13
2020-12-19 20:58:10 DEBUG [t1] "TestVolatile":15: 13
2020-12-19 20:58:10 DEBUG [t1] "TestVolatile":15: 13
2020-12-19 20:58:10 DEBUG [t1] "TestVolatile":15: 13
2020-12-19 20:58:10 DEBUG [t1] "TestVolatile":15: 13
2020-12-19 20:58:10 DEBUG [t1] "TestVolatile":15: 13
2020-12-19 20:58:10 DEBUG [t1] "TestVolatile":15: 13
2020-12-19 20:58:10 DEBUG [t1] "TestVolatile":15: 13
2020-12-19 20:58:10 DEBUG [t1] "TestVolatile":15: 13
2020-12-19 20:58:10 DEBUG [t1] "TestVolatile":15: 13
2020-12-19 20:58:10 DEBUG [t1] "TestVolatile":15: 13
2020-12-19 20:58:10 DEBUG [t1] "TestVolatile":15: 13
2020-12-19 20:58:10 DEBUG [t1] "TestVolatile":15: 13
2020-12-19 20:58:10 DEBUG [t1] "TestVolatile":15: 13
2020-12-19 20:58:10 DEBUG [t1] "TestVolatile":15: 13
2020-12-19 20:58:10 DEBUG [t1] "TestVolatile":15: 13
2020-12-19 20:58:10 DEBUG [t1] "TestVolatile":15: 13
2020-12-19 20:58:10 DEBUG [t1] "TestVolatile":15: 13
2020-12-19 20:58:10 DEBUG [t1] "TestVolatile":15: 13
2020-12-19 20:58:10 DEBUG [t1] "TestVolatile":15: 13
2020-12-19 20:58:10 DEBUG [t1] "TestVolatile":15: 13
2020-12-19 20:58:10 DEBUG [t1] "TestVolatile":15: 13
2020-12-19 20:58:10 DEBUG [t1] "TestVolatile":15: 13
2020-12-19 20:58:10 DEBUG [t1] "TestVolatile":15: 13
2020-12-19 20:58:10 DEBUG [t1] "TestVolatile":15: 13
2020-12-19 20:58:10 DEBUG [t1] "TestVolatile":15: 13
2020-12-19 20:58:10 DEBUG [t1] "TestVolatile":15: 13
2020-12-19 20:58:10 DEBUG [t1] "TestVolatile":15: 13
2020-12-19 20:58:10 DEBUG [t1] "TestVolatile":15: 13
2020-12-19 20:58:10 DEBUG [t1] "TestVolatile":15: 13
2020-12-19 20:58:10 DEBUG [t1] "TestVolatile":15: 13
2020-12-19 20:58:10 DEBUG [t1] "TestVolatile":15: 13
2020-12-19 20:58:10 DEBUG [t1] "TestVolatile":15: 13
2020-12-19 20:58:10 DEBUG [t1] "TestVolatile":15: 13
2020-12-19 20:58:10 DEBUG [t1] "TestVolatile":15: 13
2020-12-19 20:58:10 DEBUG [t1] "TestVolatile":15: 13
2020-12-19 20:58:10 DEBUG [t1] "TestVolatile":15: 13
2020-12-19 20:58:10 DEBUG [t1] "TestVolatile":15: 13
2020-12-19 20:58:10 DEBUG [t1] "TestVolatile":15: 13
2020-12-19 20:58:10 DEBUG [t1] "TestVolatile":15: 13
2020-12-19 20:58:10 DEBUG [t1] "TestVolatile":15: 13
2020-12-19 20:58:10 DEBUG [t1] "TestVolatile":15: 13
2020-12-19 20:58:10 DEBUG [t1] "TestVolatile":15: 13
2020-12-19 20:58:10 DEBUG [t1] "TestVolatile":15: 13
2020-12-19 20:58:10 DEBUG [t1] "TestVolatile":15: 13
2020-12-19 20:58:10 DEBUG [t1] "TestVolatile":15: 13
2020-12-19 20:58:10 DEBUG [t1] "TestVolatile":15: 13
2020-12-19 20:58:10 DEBUG [t1] "TestVolatile":15: 13
2020-12-19 20:58:10 DEBUG [t1] "TestVolatile":15: 13
2020-12-19 20:58:10 DEBUG [t1] "TestVolatile":15: 13
2020-12-19 20:58:10 DEBUG [t1] "TestVolatile":15: 13
2020-12-19 20:58:10 DEBUG [t1] "TestVolatile":15: 13
2020-12-19 20:58:10 DEBUG [t1] "TestVolatile":15: 13
2020-12-19 20:58:10 DEBUG [t1] "TestVolatile":15: 13
2020-12-19 20:58:10 DEBUG [t1] "TestVolatile":15: 13
2020-12-19 20:58:10 DEBUG [t1] "TestVolatile":15: 13
2020-12-19 20:58:10 DEBUG [t1] "TestVolatile":15: 13
2020-12-19 20:58:10 DEBUG [t1] "TestVolatile":15: 13
2020-12-19 20:58:10 DEBUG [t1] "TestVolatile":15: 13
2020-12-19 20:58:10 DEBUG [t1] "TestVolatile":15: 13
2020-12-19 20:58:10 DEBUG [t1] "TestVolatile":15: 13
2020-12-19 20:58:10 DEBUG [t1] "TestVolatile":15: 13
2020-12-19 20:58:10 DEBUG [t1] "TestVolatile":15: 13
2020-12-19 20:58:10 DEBUG [t1] "TestVolatile":15: 13
2020-12-19 20:58:10 DEBUG [t1] "TestVolatile":15: 13
2020-12-19 20:58:10 DEBUG [t1] "TestVolatile":15: 13
2020-12-19 20:58:10 DEBUG [t1] "TestVolatile":15: 13
2020-12-19 20:58:10 DEBUG [t1] "TestVolatile":15: 13
2020-12-19 20:58:10 DEBUG [t1] "TestVolatile":15: 13
2020-12-19 20:58:10 DEBUG [t1] "TestVolatile":15: 13
2020-12-19 20:58:10 DEBUG [t1] "TestVolatile":15: 13
2020-12-19 20:58:10 DEBUG [t1] "TestVolatile":15: 13
2020-12-19 20:58:10 DEBUG [t1] "TestVolatile":15: 13
2020-12-19 20:58:10 DEBUG [t1] "TestVolatile":15: 13
2020-12-19 20:58:10 DEBUG [t1] "TestVolatile":15: 13
2020-12-19 20:58:10 DEBUG [t1] "TestVolatile":15: 13
2020-12-19 20:58:10 DEBUG [t1] "TestVolatile":15: 13
2020-12-19 20:58:10 DEBUG [t1] "TestVolatile":15: 13
2020-12-19 20:58:10 DEBUG [t1] "TestVolatile":15: 13
2020-12-19 20:58:10 DEBUG [t1] "TestVolatile":15: 13
2020-12-19 20:58:10 DEBUG [t1] "TestVolatile":15: 13
2020-12-19 20:58:10 DEBUG [t1] "TestVolatile":15: 13
2020-12-19 20:58:10 DEBUG [t1] "TestVolatile":15: 13
2020-12-19 20:58:10 DEBUG [t1] "TestVolatile":15: 13
2020-12-19 20:58:10 DEBUG [t1] "TestVolatile":15: 13
2020-12-19 20:58:10 DEBUG [t1] "TestVolatile":15: 13
2020-12-19 20:58:10 DEBUG [t1] "TestVolatile":15: 13
2020-12-19 20:58:10 DEBUG [t1] "TestVolatile":15: 13
2020-12-19 20:58:10 DEBUG [t1] "TestVolatile":15: 13
2020-12-19 20:58:10 DEBUG [t1] "TestVolatile":15: 13
2020-12-19 20:58:10 DEBUG [t1] "TestVolatile":15: 13
2020-12-19 20:58:10 DEBUG [t1] "TestVolatile":15: 13
2020-12-19 20:58:10 DEBUG [t1] "TestVolatile":15: 13
2020-12-19 20:58:10 DEBUG [t1] "TestVolatile":15: 13
2020-12-19 20:58:10 DEBUG [t1] "TestVolatile":15: 13
2020-12-19 20:58:10 DEBUG [t1] "TestVolatile":15: 13
2020-12-19 20:58:10 DEBUG [t1] "TestVolatile":15: 13
2020-12-19 20:58:10 DEBUG [t1] "TestVolatile":15: 13
2020-12-19 20:58:10 DEBUG [t1] "TestVolatile":15: 13
2020-12-19 20:58:10 DEBUG [t1] "TestVolatile":15: 13
2020-12-19 20:58:10 DEBUG [t1] "TestVolatile":15: 13
2020-12-19 20:58:10 DEBUG [t1] "TestVolatile":15: 13
2020-12-19 20:58:10 DEBUG [t1] "TestVolatile":15: 13
2020-12-19 20:58:10 DEBUG [t1] "TestVolatile":15: 13
2020-12-19 20:58:10 DEBUG [t1] "TestVolatile":15: 13
2020-12-19 20:58:10 DEBUG [t1] "TestVolatile":15: 13
2020-12-19 20:58:10 DEBUG [t1] "TestVolatile":15: 13
2020-12-19 20:58:10 DEBUG [t1] "TestVolatile":15: 13
2020-12-19 20:58:10 DEBUG [t1] "TestVolatile":15: 13
2020-12-19 20:58:10 DEBUG [t1] "TestVolatile":15: 13
2020-12-19 20:58:10 DEBUG [t1] "TestVolatile":15: 13
2020-12-19 20:58:10 DEBUG [t1] "TestVolatile":15: 13
2020-12-19 20:58:10 DEBUG [t1] "TestVolatile":15: 13
2020-12-19 20:58:10 DEBUG [t1] "TestVolatile":15: 13
2020-12-19 20:58:10 DEBUG [t1] "TestVolatile":15: 13
2020-12-19 20:58:10 DEBUG [t1] "TestVolatile":15: 13
2020-12-19 20:58:10 DEBUG [t1] "TestVolatile":15: 13
2020-12-19 20:58:10 DEBUG [t1] "TestVolatile":15: 13
2020-12-19 20:58:10 DEBUG [t1] "TestVolatile":15: 13
2020-12-19 20:58:10 DEBUG [t1] "TestVolatile":15: 13
2020-12-19 20:58:10 DEBUG [t1] "TestVolatile":15: 13
2020-12-19 20:58:10 DEBUG [t1] "TestVolatile":15: 13
2020-12-19 20:58:10 DEBUG [t1] "TestVolatile":15: 13
2020-12-19 20:58:10 DEBUG [t1] "TestVolatile":15: 13
2020-12-19 20:58:10 DEBUG [t1] "TestVolatile":15: 13
2020-12-19 20:58:10 DEBUG [t1] "TestVolatile":15: 13
2020-12-19 20:58:10 DEBUG [t1] "TestVolatile":15: 13
2020-12-19 20:58:10 DEBUG [t1] "TestVolatile":15: 13
2020-12-19 20:58:10 DEBUG [t1] "TestVolatile":15: 13
2020-12-19 20:58:10 DEBUG [t1] "TestVolatile":15: 13
2020-12-19 20:58:10 DEBUG [t1] "TestVolatile":15: 13
2020-12-19 20:58:10 DEBUG [t1] "TestVolatile":15: 13
2020-12-19 20:58:10 DEBUG [t1] "TestVolatile":15: 13
2020-12-19 20:58:10 DEBUG [t1] "TestVolatile":15: 13
2020-12-19 20:58:10 DEBUG [t1] "TestVolatile":15: 13
2020-12-19 20:58:10 DEBUG [t1] "TestVolatile":15: 13
2020-12-19 20:58:10 DEBUG [t1] "TestVolatile":15: 13
2020-12-19 20:58:10 DEBUG [t1] "TestVolatile":15: 13
2020-12-19 20:58:10 DEBUG [t1] "TestVolatile":15: 13
2020-12-19 20:58:10 DEBUG [t1] "TestVolatile":15: 13
2020-12-19 20:58:10 DEBUG [t1] "TestVolatile":15: 13
2020-12-19 20:58:10 DEBUG [t1] "TestVolatile":15: 13
2020-12-19 20:58:10 DEBUG [t1] "TestVolatile":15: 13
2020-12-19 20:58:10 DEBUG [t1] "TestVolatile":15: 13
2020-12-19 20:58:10 DEBUG [t1] "TestVolatile":15: 13
2020-12-19 20:58:10 DEBUG [t1] "TestVolatile":15: 13
2020-12-19 20:58:10 DEBUG [t1] "TestVolatile":15: 13
2020-12-19 20:58:10 DEBUG [t1] "TestVolatile":15: 13
2020-12-19 20:58:10 DEBUG [t1] "TestVolatile":15: 13
2020-12-19 20:58:10 DEBUG [t1] "TestVolatile":15: 13
2020-12-19 20:58:10 DEBUG [t1] "TestVolatile":15: 13
2020-12-19 20:58:10 DEBUG [t1] "TestVolatile":15: 13
2020-12-19 20:58:10 DEBUG [t1] "TestVolatile":15: 13
2020-12-19 20:58:10 DEBUG [t1] "TestVolatile":15: 13
2020-12-19 20:58:10 DEBUG [t1] "TestVolatile":15: 13
2020-12-19 20:58:10 DEBUG [t1] "TestVolatile":15: 13
2020-12-19 20:58:10 DEBUG [t1] "TestVolatile":15: 13
2020-12-19 20:58:10 DEBUG [t1] "TestVolatile":15: 13
2020-12-19 20:58:10 DEBUG [t1] "TestVolatile":15: 13
2020-12-19 20:58:10 DEBUG [t1] "TestVolatile":15: 13
2020-12-19 20:58:10 DEBUG [t1] "TestVolatile":15: 13
2020-12-19 20:58:10 DEBUG [t1] "TestVolatile":15: 13
2020-12-19 20:58:10 DEBUG [t1] "TestVolatile":15: 13
2020-12-19 20:58:10 DEBUG [t1] "TestVolatile":15: 13
2020-12-19 20:58:10 DEBUG [t1] "TestVolatile":15: 13
2020-12-19 20:58:10 DEBUG [t1] "TestVolatile":15: 13
2020-12-19 20:58:10 DEBUG [t1] "TestVolatile":15: 13
2020-12-19 20:58:10 DEBUG [t1] "TestVolatile":15: 13
2020-12-19 20:58:10 DEBUG [t1] "TestVolatile":15: 13
2020-12-19 20:58:10 DEBUG [t1] "TestVolatile":15: 13
2020-12-19 20:58:10 DEBUG [t1] "TestVolatile":15: 13
2020-12-19 20:58:10 DEBUG [t1] "TestVolatile":15: 13
2020-12-19 20:58:10 DEBUG [t1] "TestVolatile":15: 13
2020-12-19 20:58:10 DEBUG [t1] "TestVolatile":15: 13
2020-12-19 20:58:10 DEBUG [t1] "TestVolatile":15: 13
2020-12-19 20:58:10 DEBUG [t1] "TestVolatile":15: 13
2020-12-19 20:58:10 DEBUG [t1] "TestVolatile":15: 13
2020-12-19 20:58:10 DEBUG [t1] "TestVolatile":15: 13
2020-12-19 20:58:10 DEBUG [t1] "TestVolatile":15: 13
2020-12-19 20:58:10 DEBUG [t1] "TestVolatile":15: 13
2020-12-19 20:58:10 DEBUG [t1] "TestVolatile":15: 13
2020-12-19 20:58:10 DEBUG [t1] "TestVolatile":15: 13
2020-12-19 20:58:10 DEBUG [t1] "TestVolatile":15: 13
2020-12-19 20:58:10 DEBUG [t1] "TestVolatile":15: 13
2020-12-19 20:58:10 DEBUG [t1] "TestVolatile":15: 13
2020-12-19 20:58:10 DEBUG [t1] "TestVolatile":15: 13
2020-12-19 20:58:10 DEBUG [t1] "TestVolatile":15: 13
2020-12-19 20:58:10 DEBUG [t1] "TestVolatile":15: 13
2020-12-19 20:58:10 DEBUG [t1] "TestVolatile":15: 13
2020-12-19 20:58:10 DEBUG [t1] "TestVolatile":15: 13
2020-12-19 20:58:10 DEBUG [t1] "TestVolatile":15: 13
2020-12-19 20:58:10 DEBUG [t1] "TestVolatile":15: 13
2020-12-19 20:58:10 DEBUG [t1] "TestVolatile":15: 13
2020-12-19 20:58:10 DEBUG [t1] "TestVolatile":15: 13
2020-12-19 20:58:10 DEBUG [t1] "TestVolatile":15: 13
2020-12-19 20:58:10 DEBUG [t1] "TestVolatile":15: 13
2020-12-19 20:58:10 DEBUG [t1] "TestVolatile":15: 13
2020-12-19 20:58:10 DEBUG [t1] "TestVolatile":15: 13
2020-12-19 20:58:10 DEBUG [t1] "TestVolatile":15: 13
2020-12-19 20:58:10 DEBUG [t1] "TestVolatile":15: 13
2020-12-19 20:58:10 DEBUG [t1] "TestVolatile":15: 13
2020-12-19 20:58:10 DEBUG [t1] "TestVolatile":15: 13
2020-12-19 20:58:10 DEBUG [t1] "TestVolatile":15: 13
2020-12-19 20:58:10 DEBUG [t1] "TestVolatile":15: 13
2020-12-19 20:58:10 DEBUG [t1] "TestVolatile":15: 13
2020-12-19 20:58:10 DEBUG [t1] "TestVolatile":15: 13
2020-12-19 20:58:10 DEBUG [t1] "TestVolatile":15: 13
2020-12-19 20:58:10 DEBUG [t1] "TestVolatile":15: 13
2020-12-19 20:58:10 DEBUG [t1] "TestVolatile":15: 13
2020-12-19 20:58:10 DEBUG [t1] "TestVolatile":15: 13
2020-12-19 20:58:10 DEBUG [t1] "TestVolatile":15: 13
2020-12-19 20:58:10 DEBUG [t1] "TestVolatile":15: 13
2020-12-19 20:58:10 DEBUG [t1] "TestVolatile":15: 13
2020-12-19 20:58:10 DEBUG [t1] "TestVolatile":15: 13
2020-12-19 20:58:10 DEBUG [t1] "TestVolatile":15: 13
2020-12-19 20:58:10 DEBUG [t1] "TestVolatile":15: 13
2020-12-19 20:58:10 DEBUG [t1] "TestVolatile":15: 13
2020-12-19 20:58:10 DEBUG [t1] "TestVolatile":15: 13
2020-12-19 20:58:10 DEBUG [t1] "TestVolatile":15: 13
2020-12-19 20:58:10 DEBUG [t1] "TestVolatile":15: 13
2020-12-19 20:58:10 DEBUG [t1] "TestVolatile":15: 13
2020-12-19 20:58:10 DEBUG [t1] "TestVolatile":15: 13
2020-12-19 20:58:10 DEBUG [t1] "TestVolatile":15: 13
2020-12-19 20:58:10 DEBUG [t1] "TestVolatile":15: 13
2020-12-19 20:58:10 DEBUG [t1] "TestVolatile":15: 13
2020-12-19 20:58:10 DEBUG [t1] "TestVolatile":15: 13
2020-12-19 20:58:10 DEBUG [t1] "TestVolatile":15: 13
2020-12-19 20:58:10 DEBUG [t1] "TestVolatile":15: 13
2020-12-19 20:58:10 DEBUG [t1] "TestVolatile":15: 13
2020-12-19 20:58:10 DEBUG [t1] "TestVolatile":15: 13
2020-12-19 20:58:10 DEBUG [t1] "TestVolatile":15: 13
2020-12-19 20:58:10 DEBUG [t1] "TestVolatile":15: 13
2020-12-19 20:58:10 DEBUG [t1] "TestVolatile":15: 13
2020-12-19 20:58:10 DEBUG [t1] "TestVolatile":15: 13
2020-12-19 20:58:10 DEBUG [t1] "TestVolatile":15: 13
2020-12-19 20:58:10 DEBUG [t1] "TestVolatile":15: 13
2020-12-19 20:58:10 DEBUG [t1] "TestVolatile":15: 13
2020-12-19 20:58:10 DEBUG [t1] "TestVolatile":15: 13
2020-12-19 20:58:10 DEBUG [t1] "TestVolatile":15: 13
2020-12-19 20:58:10 DEBUG [t1] "TestVolatile":15: 13
2020-12-19 20:58:10 DEBUG [t1] "TestVolatile":15: 13
2020-12-19 20:58:10 DEBUG [t1] "TestVolatile":15: 13
2020-12-19 20:58:10 DEBUG [t1] "TestVolatile":15: 13
2020-12-19 20:58:10 DEBUG [t1] "TestVolatile":15: 13
2020-12-19 20:58:10 DEBUG [t1] "TestVolatile":15: 13
2020-12-19 20:58:10 DEBUG [t1] "TestVolatile":15: 13
2020-12-19 20:58:10 DEBUG [t1] "TestVolatile":15: 13
2020-12-19 20:58:10 DEBUG [t1] "TestVolatile":15: 13
2020-12-19 20:58:10 DEBUG [t1] "TestVolatile":15: 13
2020-12-19 20:58:10 DEBUG [t1] "TestVolatile":15: 13
2020-12-19 20:58:10 DEBUG [t1] "TestVolatile":15: 13
2020-12-19 20:58:10 DEBUG [t1] "TestVolatile":15: 13
2020-12-19 20:58:10 DEBUG [t1] "TestVolatile":15: 13
2020-12-19 20:58:10 DEBUG [t1] "TestVolatile":15: 13
2020-12-19 20:58:10 DEBUG [t1] "TestVolatile":15: 13
2020-12-19 20:58:10 DEBUG [t1] "TestVolatile":15: 13
2020-12-19 20:58:10 DEBUG [t1] "TestVolatile":15: 13
2020-12-19 20:58:10 DEBUG [t1] "TestVolatile":15: 13
2020-12-19 20:58:10 DEBUG [t1] "TestVolatile":15: 13
2020-12-19 20:58:10 DEBUG [t1] "TestVolatile":15: 13
2020-12-19 20:58:10 DEBUG [t1] "TestVolatile":15: 13
2020-12-19 20:58:10 DEBUG [t1] "TestVolatile":15: 13
2020-12-19 20:58:10 DEBUG [t1] "TestVolatile":15: 13
2020-12-19 20:58:10 DEBUG [t1] "TestVolatile":15: 13
2020-12-19 20:58:10 DEBUG [t1] "TestVolatile":15: 13
2020-12-19 20:58:10 DEBUG [t1] "TestVolatile":15: 13
2020-12-19 20:58:10 DEBUG [t1] "TestVolatile":15: 13
2020-12-19 20:58:10 DEBUG [t1] "TestVolatile":15: 13
2020-12-19 20:58:10 DEBUG [t1] "TestVolatile":15: 13
2020-12-19 20:58:10 DEBUG [t1] "TestVolatile":15: 13
2020-12-19 20:58:10 DEBUG [t1] "TestVolatile":15: 13
2020-12-19 20:58:10 DEBUG [t1] "TestVolatile":15: 13
2020-12-19 20:58:10 DEBUG [t1] "TestVolatile":15: 13
2020-12-19 20:58:10 DEBUG [t1] "TestVolatile":15: 13
2020-12-19 20:58:10 DEBUG [t1] "TestVolatile":15: 13
2020-12-19 20:58:10 DEBUG [t1] "TestVolatile":15: 13
2020-12-19 20:58:10 DEBUG [t1] "TestVolatile":15: 13
2020-12-19 20:58:10 DEBUG [t1] "TestVolatile":15: 13
2020-12-19 20:58:10 DEBUG [t1] "TestVolatile":15: 13
2020-12-19 20:58:10 DEBUG [t1] "TestVolatile":15: 13
2020-12-19 20:58:10 DEBUG [t1] "TestVolatile":15: 13
2020-12-19 20:58:10 DEBUG [t1] "TestVolatile":15: 13
2020-12-19 20:58:10 DEBUG [t1] "TestVolatile":15: 13
2020-12-19 20:58:10 DEBUG [t1] "TestVolatile":15: 13
2020-12-19 20:58:10 DEBUG [t1] "TestVolatile":15: 13
2020-12-19 20:58:10 DEBUG [t1] "TestVolatile":15: 13
2020-12-19 20:58:10 DEBUG [t1] "TestVolatile":15: 13
2020-12-19 20:58:10 DEBUG [t1] "TestVolatile":15: 13
2020-12-19 20:58:10 DEBUG [t1] "TestVolatile":15: 13
2020-12-19 20:58:10 DEBUG [t1] "TestVolatile":15: 13
2020-12-19 20:58:10 DEBUG [t1] "TestVolatile":15: 13
2020-12-19 20:58:10 DEBUG [t1] "TestVolatile":15: 13
2020-12-19 20:58:10 DEBUG [t1] "TestVolatile":15: 13
2020-12-19 20:58:10 DEBUG [t1] "TestVolatile":15: 13
2020-12-19 20:58:10 DEBUG [t1] "TestVolatile":15: 13
2020-12-19 20:58:10 DEBUG [t1] "TestVolatile":15: 13
2020-12-19 20:58:10 DEBUG [t1] "TestVolatile":15: 13
2020-12-19 20:58:10 DEBUG [t1] "TestVolatile":15: 13
2020-12-19 20:58:10 DEBUG [t1] "TestVolatile":15: 13
2020-12-19 20:58:10 DEBUG [t1] "TestVolatile":15: 13
2020-12-19 20:58:10 DEBUG [t1] "TestVolatile":15: 13
2020-12-19 20:58:10 DEBUG [t1] "TestVolatile":15: 13
2020-12-19 20:58:10 DEBUG [t1] "TestVolatile":15: 13
2020-12-19 20:58:10 DEBUG [t1] "TestVolatile":15: 13
2020-12-19 20:58:10 DEBUG [t1] "TestVolatile":15: 13
2020-12-19 20:58:10 DEBUG [t1] "TestVolatile":15: 13
2020-12-19 20:58:10 DEBUG [t1] "TestVolatile":15: 13
2020-12-19 20:58:10 DEBUG [t1] "TestVolatile":15: 13
2020-12-19 20:58:10 DEBUG [t1] "TestVolatile":15: 13
2020-12-19 20:58:10 DEBUG [t1] "TestVolatile":15: 13
2020-12-19 20:58:10 DEBUG [t1] "TestVolatile":15: 13
2020-12-19 20:58:10 DEBUG [t1] "TestVolatile":15: 13
2020-12-19 20:58:10 DEBUG [t1] "TestVolatile":15: 13
2020-12-19 20:58:10 DEBUG [t1] "TestVolatile":15: 13
2020-12-19 20:58:10 DEBUG [t1] "TestVolatile":15: 13
2020-12-19 20:58:10 DEBUG [t1] "TestVolatile":15: 13
2020-12-19 20:58:10 DEBUG [t1] "TestVolatile":15: 13
2020-12-19 20:58:10 DEBUG [t1] "TestVolatile":15: 13
2020-12-19 20:58:10 DEBUG [t1] "TestVolatile":15: 13
2020-12-19 20:58:10 DEBUG [t1] "TestVolatile":15: 13
2020-12-19 20:58:10 DEBUG [t1] "TestVolatile":15: 13
2020-12-19 20:58:10 DEBUG [t1] "TestVolatile":15: 13
2020-12-19 20:58:10 DEBUG [t1] "TestVolatile":15: 13
2020-12-19 20:58:10 DEBUG [t1] "TestVolatile":15: 13
2020-12-19 20:58:10 DEBUG [t1] "TestVolatile":15: 13
2020-12-19 20:58:10 DEBUG [t1] "TestVolatile":15: 13
2020-12-19 20:58:10 DEBUG [t1] "TestVolatile":15: 13
2020-12-19 20:58:10 DEBUG [t1] "TestVolatile":15: 13
2020-12-19 20:58:10 DEBUG [t1] "TestVolatile":15: 13
2020-12-19 20:58:10 DEBUG [t1] "TestVolatile":15: 13
2020-12-19 20:58:10 DEBUG [t1] "TestVolatile":15: 13
2020-12-19 20:58:10 DEBUG [t1] "TestVolatile":15: 13
2020-12-19 20:58:10 DEBUG [t1] "TestVolatile":15: 13
2020-12-19 20:58:10 DEBUG [t1] "TestVolatile":15: 13
2020-12-19 20:58:10 DEBUG [t1] "TestVolatile":15: 13
2020-12-19 20:58:10 DEBUG [t1] "TestVolatile":15: 13
2020-12-19 20:58:10 DEBUG [t1] "TestVolatile":15: 13
2020-12-19 20:58:10 DEBUG [t1] "TestVolatile":15: 13
2020-12-19 20:58:10 DEBUG [t1] "TestVolatile":15: 13
2020-12-19 20:58:10 DEBUG [t1] "TestVolatile":15: 13
2020-12-19 20:58:10 DEBUG [t1] "TestVolatile":15: 13
2020-12-19 20:58:10 DEBUG [t1] "TestVolatile":15: 13
2020-12-19 20:58:10 DEBUG [t1] "TestVolatile":15: 13
2020-12-19 20:58:10 DEBUG [t1] "TestVolatile":15: 13
2020-12-19 20:58:10 DEBUG [t1] "TestVolatile":15: 13
2020-12-19 20:58:10 DEBUG [t1] "TestVolatile":15: 13
2020-12-19 20:58:10 DEBUG [t1] "TestVolatile":15: 13
2020-12-19 20:58:10 DEBUG [t1] "TestVolatile":15: 13
2020-12-19 20:58:10 DEBUG [t1] "TestVolatile":15: 13
2020-12-19 20:58:10 DEBUG [t1] "TestVolatile":15: 13
2020-12-19 20:58:10 DEBUG [t1] "TestVolatile":15: 13
2020-12-19 20:58:10 DEBUG [t1] "TestVolatile":15: 13
2020-12-19 20:58:10 DEBUG [t1] "TestVolatile":15: 13
2020-12-19 20:58:10 DEBUG [t1] "TestVolatile":15: 13
2020-12-19 20:58:10 DEBUG [t1] "TestVolatile":15: 13
2020-12-19 20:58:10 DEBUG [t1] "TestVolatile":15: 13
2020-12-19 20:58:10 DEBUG [t1] "TestVolatile":15: 13
2020-12-19 20:58:10 DEBUG [t1] "TestVolatile":15: 13
2020-12-19 20:58:10 DEBUG [t1] "TestVolatile":15: 13
2020-12-19 20:58:10 DEBUG [t1] "TestVolatile":15: 13
2020-12-19 20:58:10 DEBUG [t1] "TestVolatile":15: 13
2020-12-19 20:58:10 DEBUG [t1] "TestVolatile":15: 13
2020-12-19 20:58:10 DEBUG [t1] "TestVolatile":15: 13
2020-12-19 20:58:10 DEBUG [t1] "TestVolatile":15: 13
2020-12-19 20:58:10 DEBUG [t1] "TestVolatile":15: 13
2020-12-19 20:58:10 DEBUG [t1] "TestVolatile":15: 13
2020-12-19 20:58:10 DEBUG [t1] "TestVolatile":15: 13
2020-12-19 20:58:10 DEBUG [t1] "TestVolatile":15: 13
2020-12-19 20:58:10 DEBUG [t1] "TestVolatile":15: 13
2020-12-19 20:58:10 DEBUG [t1] "TestVolatile":15: 13
2020-12-19 20:58:10 DEBUG [t1] "TestVolatile":15: 13
2020-12-19 20:58:10 DEBUG [t1] "TestVolatile":15: 13
2020-12-19 20:58:10 DEBUG [t1] "TestVolatile":15: 13
2020-12-19 20:58:10 DEBUG [t1] "TestVolatile":15: 13
2020-12-19 20:58:10 DEBUG [t1] "TestVolatile":15: 13
2020-12-19 20:58:10 DEBUG [t1] "TestVolatile":15: 13
2020-12-19 20:58:10 DEBUG [t1] "TestVolatile":15: 13
2020-12-19 20:58:10 DEBUG [t1] "TestVolatile":15: 13
2020-12-19 20:58:10 DEBUG [t1] "TestVolatile":15: 13
2020-12-19 20:58:10 DEBUG [t1] "TestVolatile":15: 13
2020-12-19 20:58:10 DEBUG [t1] "TestVolatile":15: 13
2020-12-19 20:58:10 DEBUG [t1] "TestVolatile":15: 13
2020-12-19 20:58:10 DEBUG [t1] "TestVolatile":15: 13
2020-12-19 20:58:10 DEBUG [t1] "TestVolatile":15: 13
2020-12-19 20:58:10 DEBUG [t1] "TestVolatile":15: 13
2020-12-19 20:58:10 DEBUG [t1] "TestVolatile":15: 13
2020-12-19 20:58:10 DEBUG [t1] "TestVolatile":15: 13
2020-12-19 20:58:10 DEBUG [t1] "TestVolatile":15: 13
2020-12-19 20:58:10 DEBUG [t1] "TestVolatile":15: 13
2020-12-19 20:58:10 DEBUG [t1] "TestVolatile":15: 13
2020-12-19 20:58:10 DEBUG [t1] "TestVolatile":15: 13
2020-12-19 20:58:10 DEBUG [t1] "TestVolatile":15: 13
2020-12-19 20:58:10 DEBUG [t1] "TestVolatile":15: 13
2020-12-19 20:58:10 DEBUG [t1] "TestVolatile":15: 13
2020-12-19 20:58:10 DEBUG [t1] "TestVolatile":15: 13
2020-12-19 20:58:10 DEBUG [t1] "TestVolatile":15: 13
2020-12-19 20:58:10 DEBUG [t1] "TestVolatile":15: 13
2020-12-19 20:58:10 DEBUG [t1] "TestVolatile":15: 13
2020-12-19 20:58:10 DEBUG [t1] "TestVolatile":15: 13
2020-12-19 20:58:10 DEBUG [t1] "TestVolatile":15: 13
2020-12-19 20:58:10 DEBUG [t1] "TestVolatile":15: 13
2020-12-19 20:58:10 DEBUG [t1] "TestVolatile":15: 13
2020-12-19 20:58:10 DEBUG [t1] "TestVolatile":15: 13
2020-12-19 20:58:10 DEBUG [t1] "TestVolatile":15: 13
2020-12-19 20:58:10 DEBUG [t1] "TestVolatile":15: 13
2020-12-19 20:58:10 DEBUG [t1] "TestVolatile":15: 13
2020-12-19 20:58:10 DEBUG [t1] "TestVolatile":15: 13
2020-12-19 20:58:10 DEBUG [t1] "TestVolatile":15: 13
2020-12-19 20:58:10 DEBUG [t1] "TestVolatile":15: 13
2020-12-19 20:58:10 DEBUG [t1] "TestVolatile":15: 13
2020-12-19 20:58:10 DEBUG [t1] "TestVolatile":15: 13
2020-12-19 20:58:10 DEBUG [t1] "TestVolatile":15: 13
2020-12-19 20:58:10 DEBUG [t1] "TestVolatile":15: 13
2020-12-19 20:58:10 DEBUG [t1] "TestVolatile":15: 13
2020-12-19 20:58:10 DEBUG [t1] "TestVolatile":15: 13
2020-12-19 20:58:10 DEBUG [t1] "TestVolatile":15: 13
2020-12-19 20:58:10 DEBUG [t1] "TestVolatile":15: 13
2020-12-19 20:58:10 DEBUG [t1] "TestVolatile":15: 13
2020-12-19 20:58:10 DEBUG [t1] "TestVolatile":15: 13
2020-12-19 20:58:10 DEBUG [t1] "TestVolatile":15: 13
2020-12-19 20:58:10 DEBUG [t1] "TestVolatile":15: 13
2020-12-19 20:58:10 DEBUG [t1] "TestVolatile":15: 13
2020-12-19 20:58:10 DEBUG [t1] "TestVolatile":15: 13
2020-12-19 20:58:10 DEBUG [t1] "TestVolatile":15: 13
2020-12-19 20:58:10 DEBUG [t1] "TestVolatile":15: 13
2020-12-19 20:58:10 DEBUG [t1] "TestVolatile":15: 13
2020-12-19 20:58:10 DEBUG [t1] "TestVolatile":15: 13
2020-12-19 20:58:10 DEBUG [t1] "TestVolatile":15: 13
2020-12-19 20:58:10 DEBUG [t1] "TestVolatile":15: 13
2020-12-19 20:58:10 DEBUG [t1] "TestVolatile":15: 13
2020-12-19 20:58:10 DEBUG [t1] "TestVolatile":15: 13
2020-12-19 20:58:10 DEBUG [t1] "TestVolatile":15: 13
2020-12-19 20:58:10 DEBUG [t1] "TestVolatile":15: 13
2020-12-19 20:58:10 DEBUG [t1] "TestVolatile":15: 13
2020-12-19 20:58:10 DEBUG [t1] "TestVolatile":15: 13
2020-12-19 20:58:10 DEBUG [t1] "TestVolatile":15: 13
2020-12-19 20:58:10 DEBUG [t1] "TestVolatile":15: 13
2020-12-19 20:58:10 DEBUG [t1] "TestVolatile":15: 13
2020-12-19 20:58:10 DEBUG [t1] "TestVolatile":15: 13
2020-12-19 20:58:10 DEBUG [t1] "TestVolatile":15: 13
2020-12-19 20:58:10 DEBUG [t1] "TestVolatile":15: 13
2020-12-19 20:58:10 DEBUG [t1] "TestVolatile":15: 13
2020-12-19 20:58:10 DEBUG [t1] "TestVolatile":15: 13
2020-12-19 20:58:10 DEBUG [t1] "TestVolatile":15: 13
2020-12-19 20:58:10 DEBUG [t1] "TestVolatile":15: 13
2020-12-19 20:58:10 DEBUG [t1] "TestVolatile":15: 13
2020-12-19 20:58:10 DEBUG [t1] "TestVolatile":15: 13
2020-12-19 20:58:10 DEBUG [t1] "TestVolatile":15: 13
2020-12-19 20:58:10 DEBUG [t1] "TestVolatile":15: 13
2020-12-19 20:58:10 DEBUG [t1] "TestVolatile":15: 13
2020-12-19 20:58:10 DEBUG [t1] "TestVolatile":15: 13
2020-12-19 20:58:10 DEBUG [t1] "TestVolatile":15: 13
2020-12-19 20:58:10 DEBUG [t1] "TestVolatile":15: 13
2020-12-19 20:58:10 DEBUG [t1] "TestVolatile":15: 13
2020-12-19 20:58:10 DEBUG [t1] "TestVolatile":15: 13
2020-12-19 20:58:10 DEBUG [t1] "TestVolatile":15: 13
2020-12-19 20:58:10 DEBUG [t1] "TestVolatile":15: 13
2020-12-19 20:58:10 DEBUG [t1] "TestVolatile":15: 13
2020-12-19 20:58:10 DEBUG [t1] "TestVolatile":15: 13
2020-12-19 20:58:10 DEBUG [t1] "TestVolatile":15: 13
2020-12-19 20:58:10 DEBUG [t1] "TestVolatile":15: 13
2020-12-19 20:58:10 DEBUG [t1] "TestVolatile":15: 13
2020-12-19 20:58:10 DEBUG [t1] "TestVolatile":15: 13
2020-12-19 20:58:10 DEBUG [t1] "TestVolatile":15: 13
2020-12-19 20:58:10 DEBUG [t1] "TestVolatile":15: 13
2020-12-19 20:58:10 DEBUG [t1] "TestVolatile":15: 13
2020-12-19 20:58:10 DEBUG [t1] "TestVolatile":15: 13
2020-12-19 20:58:10 DEBUG [t1] "TestVolatile":15: 13
2020-12-19 20:58:10 DEBUG [t1] "TestVolatile":15: 13
2020-12-19 20:58:10 DEBUG [t1] "TestVolatile":15: 13
2020-12-19 20:58:10 DEBUG [t1] "TestVolatile":15: 13
2020-12-19 20:58:10 DEBUG [t1] "TestVolatile":15: 13
2020-12-19 20:58:10 DEBUG [t1] "TestVolatile":15: 13
2020-12-19 20:58:10 DEBUG [t1] "TestVolatile":15: 13
2020-12-19 20:58:10 DEBUG [t1] "TestVolatile":15: 13
2020-12-19 20:58:10 DEBUG [t1] "TestVolatile":15: 13
2020-12-19 20:58:10 DEBUG [t1] "TestVolatile":15: 13
2020-12-19 20:58:10 DEBUG [t1] "TestVolatile":15: 13
2020-12-19 20:58:10 DEBUG [t1] "TestVolatile":15: 13
2020-12-19 20:58:10 DEBUG [t1] "TestVolatile":15: 13
2020-12-19 20:58:10 DEBUG [t1] "TestVolatile":15: 13
2020-12-19 20:58:10 DEBUG [t1] "TestVolatile":15: 13
2020-12-19 20:58:10 DEBUG [t1] "TestVolatile":15: 13
2020-12-19 20:58:10 DEBUG [t1] "TestVolatile":15: 13
2020-12-19 20:58:10 DEBUG [t1] "TestVolatile":15: 13
2020-12-19 20:58:10 DEBUG [t1] "TestVolatile":15: 13
2020-12-19 20:58:10 DEBUG [t1] "TestVolatile":15: 13
2020-12-19 20:58:10 DEBUG [t1] "TestVolatile":15: 13
2020-12-19 20:58:10 DEBUG [t1] "TestVolatile":15: 13
2020-12-19 20:58:10 DEBUG [t1] "TestVolatile":15: 13
2020-12-19 20:58:10 DEBUG [t1] "TestVolatile":15: 13
2020-12-19 20:58:10 DEBUG [t1] "TestVolatile":15: 13
2020-12-19 20:58:10 DEBUG [t1] "TestVolatile":15: 13
2020-12-19 20:58:10 DEBUG [t1] "TestVolatile":15: 13
2020-12-19 20:58:10 DEBUG [t1] "TestVolatile":15: 13
2020-12-19 20:58:10 DEBUG [t1] "TestVolatile":15: 13
2020-12-19 20:58:10 DEBUG [t1] "TestVolatile":15: 13
2020-12-19 20:58:10 DEBUG [t1] "TestVolatile":15: 13
2020-12-19 20:58:10 DEBUG [t1] "TestVolatile":15: 13
2020-12-19 20:58:10 DEBUG [t1] "TestVolatile":15: 13
2020-12-19 20:58:10 DEBUG [t1] "TestVolatile":15: 13
2020-12-19 20:58:10 DEBUG [t1] "TestVolatile":15: 13
2020-12-19 20:58:10 DEBUG [t1] "TestVolatile":15: 13
2020-12-19 20:58:10 DEBUG [t1] "TestVolatile":15: 13
2020-12-19 20:58:10 DEBUG [t1] "TestVolatile":15: 13
2020-12-19 20:58:10 DEBUG [t1] "TestVolatile":15: 13
2020-12-19 20:58:10 DEBUG [t1] "TestVolatile":15: 13
2020-12-19 20:58:10 DEBUG [t1] "TestVolatile":15: 13
2020-12-19 20:58:10 DEBUG [t1] "TestVolatile":15: 13
2020-12-19 20:58:10 DEBUG [t1] "TestVolatile":15: 13
2020-12-19 20:58:10 DEBUG [t1] "TestVolatile":15: 13
2020-12-19 20:58:10 DEBUG [t1] "TestVolatile":15: 13
2020-12-19 20:58:10 DEBUG [t1] "TestVolatile":15: 13
2020-12-19 20:58:10 DEBUG [t1] "TestVolatile":15: 13
2020-12-19 20:58:10 DEBUG [t1] "TestVolatile":15: 13
2020-12-19 20:58:10 DEBUG [t1] "TestVolatile":15: 13
2020-12-19 20:58:10 DEBUG [t1] "TestVolatile":15: 13
2020-12-19 20:58:10 DEBUG [t1] "TestVolatile":15: 13
2020-12-19 20:58:10 DEBUG [t1] "TestVolatile":15: 13
2020-12-19 20:58:10 DEBUG [t1] "TestVolatile":15: 13
2020-12-19 20:58:10 DEBUG [t1] "TestVolatile":15: 13
2020-12-19 20:58:10 DEBUG [t1] "TestVolatile":15: 13
2020-12-19 20:58:10 DEBUG [t1] "TestVolatile":15: 13
2020-12-19 20:58:10 DEBUG [t1] "TestVolatile":15: 13
2020-12-19 20:58:10 DEBUG [t1] "TestVolatile":15: 13
2020-12-19 20:58:10 DEBUG [t1] "TestVolatile":15: 13
2020-12-19 20:58:10 DEBUG [t1] "TestVolatile":15: 13
2020-12-19 20:58:10 DEBUG [t1] "TestVolatile":15: 13
2020-12-19 20:58:10 DEBUG [t1] "TestVolatile":15: 13
2020-12-19 20:58:10 DEBUG [t1] "TestVolatile":15: 13
2020-12-19 20:58:10 DEBUG [t1] "TestVolatile":15: 13
2020-12-19 20:58:10 DEBUG [t1] "TestVolatile":15: 13
2020-12-19 20:58:10 DEBUG [t1] "TestVolatile":15: 13
2020-12-19 20:58:10 DEBUG [t1] "TestVolatile":15: 13
2020-12-19 20:58:10 DEBUG [t1] "TestVolatile":15: 13
2020-12-19 20:58:10 DEBUG [t1] "TestVolatile":15: 13
2020-12-19 20:58:10 DEBUG [t1] "TestVolatile":15: 13
2020-12-19 20:58:10 DEBUG [t1] "TestVolatile":15: 13
2020-12-19 20:58:10 DEBUG [t1] "TestVolatile":15: 13
2020-12-19 20:58:10 DEBUG [t1] "TestVolatile":15: 13
2020-12-19 20:58:10 DEBUG [t1] "TestVolatile":15: 13
2020-12-19 20:58:10 DEBUG [t1] "TestVolatile":15: 13
2020-12-19 20:58:10 DEBUG [t1] "TestVolatile":15: 13
2020-12-19 20:58:10 DEBUG [t1] "TestVolatile":15: 13
2020-12-19 20:58:10 DEBUG [t1] "TestVolatile":15: 13
2020-12-19 20:58:10 DEBUG [t1] "TestVolatile":15: 13
2020-12-19 20:58:10 DEBUG [t1] "TestVolatile":15: 13
2020-12-19 20:58:10 DEBUG [t1] "TestVolatile":15: 13
2020-12-19 20:58:10 DEBUG [t1] "TestVolatile":15: 13
2020-12-19 20:58:10 DEBUG [t1] "TestVolatile":15: 13
2020-12-19 20:58:10 DEBUG [t1] "TestVolatile":15: 13
2020-12-19 20:58:10 DEBUG [t1] "TestVolatile":15: 13
2020-12-19 20:58:10 DEBUG [t1] "TestVolatile":15: 13
2020-12-19 20:58:10 DEBUG [t1] "TestVolatile":15: 13
2020-12-19 20:58:10 DEBUG [t1] "TestVolatile":15: 13
2020-12-19 20:58:10 DEBUG [t1] "TestVolatile":15: 13
2020-12-19 20:58:10 DEBUG [t1] "TestVolatile":15: 13
2020-12-19 20:58:10 DEBUG [t1] "TestVolatile":15: 13
2020-12-19 20:58:10 DEBUG [t1] "TestVolatile":15: 13
2020-12-19 20:58:10 DEBUG [t1] "TestVolatile":15: 13
2020-12-19 20:58:10 DEBUG [t1] "TestVolatile":15: 13
2020-12-19 20:58:10 DEBUG [t1] "TestVolatile":15: 13
2020-12-19 20:58:10 DEBUG [t1] "TestVolatile":15: 13
2020-12-19 20:58:10 DEBUG [t1] "TestVolatile":15: 13
2020-12-19 20:58:10 DEBUG [t1] "TestVolatile":15: 13
2020-12-19 20:58:10 DEBUG [t1] "TestVolatile":15: 13
2020-12-19 20:58:10 DEBUG [t1] "TestVolatile":15: 13
2020-12-19 20:58:10 DEBUG [t1] "TestVolatile":15: 13
2020-12-19 20:58:10 DEBUG [t1] "TestVolatile":15: 13
2020-12-19 20:58:10 DEBUG [t1] "TestVolatile":15: 13
2020-12-19 20:58:10 DEBUG [t1] "TestVolatile":15: 13
2020-12-19 20:58:10 DEBUG [t1] "TestVolatile":15: 13
2020-12-19 20:58:10 DEBUG [t1] "TestVolatile":15: 13
2020-12-19 20:58:10 DEBUG [t1] "TestVolatile":15: 13
2020-12-19 20:58:10 DEBUG [t1] "TestVolatile":15: 13
2020-12-19 20:58:10 DEBUG [t1] "TestVolatile":15: 13
2020-12-19 20:58:10 DEBUG [t1] "TestVolatile":15: 13
2020-12-19 20:58:10 DEBUG [t1] "TestVolatile":15: 13
2020-12-19 20:58:10 DEBUG [t1] "TestVolatile":15: 13
2020-12-19 20:58:10 DEBUG [t1] "TestVolatile":15: 13
2020-12-19 20:58:10 DEBUG [t1] "TestVolatile":15: 13
2020-12-19 20:58:10 DEBUG [t1] "TestVolatile":15: 13
2020-12-19 20:58:10 DEBUG [t1] "TestVolatile":15: 13
2020-12-19 20:58:10 DEBUG [t1] "TestVolatile":15: 13
2020-12-19 20:58:10 DEBUG [t1] "TestVolatile":15: 13
2020-12-19 20:58:10 DEBUG [t1] "TestVolatile":15: 13
2020-12-19 20:58:10 DEBUG [t1] "TestVolatile":15: 13
2020-12-19 20:58:10 DEBUG [t1] "TestVolatile":15: 13
2020-12-19 20:58:10 DEBUG [t1] "TestVolatile":15: 13
2020-12-19 20:58:10 DEBUG [t1] "TestVolatile":15: 13
2020-12-19 20:58:10 DEBUG [t1] "TestVolatile":15: 13
2020-12-19 20:58:10 DEBUG [t1] "TestVolatile":15: 13
2020-12-19 20:58:10 DEBUG [t1] "TestVolatile":15: 13
2020-12-19 20:58:10 DEBUG [t1] "TestVolatile":15: 13
2020-12-19 20:58:10 DEBUG [t1] "TestVolatile":15: 13
2020-12-19 20:58:10 DEBUG [t1] "TestVolatile":15: 13
2020-12-19 20:58:10 DEBUG [t1] "TestVolatile":15: 13
2020-12-19 20:58:10 DEBUG [t1] "TestVolatile":15: 13
2020-12-19 20:58:10 DEBUG [t1] "TestVolatile":15: 13
2020-12-19 20:58:10 DEBUG [t1] "TestVolatile":15: 13
2020-12-19 20:58:10 DEBUG [t1] "TestVolatile":15: 13
2020-12-19 20:58:10 DEBUG [t1] "TestVolatile":15: 13
2020-12-19 20:58:10 DEBUG [t1] "TestVolatile":15: 13
2020-12-19 20:58:10 DEBUG [t1] "TestVolatile":15: 13
2020-12-19 20:58:10 DEBUG [t1] "TestVolatile":15: 13
2020-12-19 20:58:10 DEBUG [t1] "TestVolatile":15: 13
2020-12-19 20:58:10 DEBUG [t1] "TestVolatile":15: 13
2020-12-19 20:58:10 DEBUG [t1] "TestVolatile":15: 13
2020-12-19 20:58:10 DEBUG [t1] "TestVolatile":15: 13
2020-12-19 20:58:10 DEBUG [t1] "TestVolatile":15: 13
2020-12-19 20:58:10 DEBUG [t1] "TestVolatile":15: 13
2020-12-19 20:58:10 DEBUG [t1] "TestVolatile":15: 13
2020-12-19 20:58:10 DEBUG [t1] "TestVolatile":15: 13
2020-12-19 20:58:10 DEBUG [t1] "TestVolatile":15: 13
2020-12-19 20:58:10 DEBUG [t1] "TestVolatile":15: 13
2020-12-19 20:58:10 DEBUG [t1] "TestVolatile":15: 13
2020-12-19 20:58:10 DEBUG [t1] "TestVolatile":15: 13
2020-12-19 20:58:10 DEBUG [t1] "TestVolatile":15: 13
2020-12-19 20:58:10 DEBUG [t1] "TestVolatile":15: 13
2020-12-19 20:58:10 DEBUG [t1] "TestVolatile":15: 13
2020-12-19 20:58:10 DEBUG [t1] "TestVolatile":15: 13
2020-12-19 20:58:10 DEBUG [t1] "TestVolatile":15: 13
2020-12-19 20:58:10 DEBUG [t1] "TestVolatile":15: 13
2020-12-19 20:58:10 DEBUG [t1] "TestVolatile":15: 13
2020-12-19 20:58:10 DEBUG [t1] "TestVolatile":15: 13
2020-12-19 20:58:10 DEBUG [t1] "TestVolatile":15: 13
2020-12-19 20:58:10 DEBUG [t1] "TestVolatile":15: 13
2020-12-19 20:58:10 DEBUG [t1] "TestVolatile":15: 13
2020-12-19 20:58:10 DEBUG [t1] "TestVolatile":15: 13
2020-12-19 20:58:10 DEBUG [t1] "TestVolatile":15: 13
2020-12-19 20:58:10 DEBUG [t1] "TestVolatile":15: 13
2020-12-19 20:58:10 DEBUG [t1] "TestVolatile":15: 13
2020-12-19 20:58:10 DEBUG [t1] "TestVolatile":15: 13
2020-12-19 20:58:10 DEBUG [t1] "TestVolatile":15: 13
2020-12-19 20:58:10 DEBUG [t1] "TestVolatile":15: 13
2020-12-19 20:58:10 DEBUG [t1] "TestVolatile":15: 13
2020-12-19 20:58:10 DEBUG [t1] "TestVolatile":15: 13
2020-12-19 20:58:10 DEBUG [t1] "TestVolatile":15: 13
2020-12-19 20:58:10 DEBUG [t1] "TestVolatile":15: 13
2020-12-19 20:58:10 DEBUG [t1] "TestVolatile":15: 13
2020-12-19 20:58:10 DEBUG [t1] "TestVolatile":15: 13
2020-12-19 20:58:10 DEBUG [t1] "TestVolatile":15: 13
2020-12-19 20:58:10 DEBUG [t1] "TestVolatile":15: 13
2020-12-19 20:58:10 DEBUG [t1] "TestVolatile":15: 13
2020-12-19 20:58:10 DEBUG [t1] "TestVolatile":15: 13
2020-12-19 20:58:10 DEBUG [t1] "TestVolatile":15: 13
2020-12-19 20:58:10 DEBUG [t1] "TestVolatile":15: 13
2020-12-19 20:58:10 DEBUG [t1] "TestVolatile":15: 13
2020-12-19 20:58:10 DEBUG [t1] "TestVolatile":15: 13
2020-12-19 20:58:10 DEBUG [t1] "TestVolatile":15: 13
2020-12-19 20:58:10 DEBUG [t1] "TestVolatile":15: 13
2020-12-19 20:58:10 DEBUG [t1] "TestVolatile":15: 13
2020-12-19 20:58:10 DEBUG [t1] "TestVolatile":15: 13
2020-12-19 20:58:10 DEBUG [t1] "TestVolatile":15: 13
2020-12-19 20:58:10 DEBUG [t1] "TestVolatile":15: 13
2020-12-19 20:58:10 DEBUG [t1] "TestVolatile":15: 13
2020-12-19 20:58:10 DEBUG [t1] "TestVolatile":15: 13
2020-12-19 20:58:10 DEBUG [t1] "TestVolatile":15: 13
2020-12-19 20:58:10 DEBUG [t1] "TestVolatile":15: 13
2020-12-19 20:58:10 DEBUG [t1] "TestVolatile":15: 13
2020-12-19 20:58:10 DEBUG [t1] "TestVolatile":15: 13
2020-12-19 20:58:10 DEBUG [t1] "TestVolatile":15: 13
2020-12-19 20:58:10 DEBUG [t1] "TestVolatile":15: 13
2020-12-19 20:58:10 DEBUG [t1] "TestVolatile":15: 13
2020-12-19 20:58:10 DEBUG [t1] "TestVolatile":15: 13
2020-12-19 20:58:10 DEBUG [t1] "TestVolatile":15: 13
2020-12-19 20:58:10 DEBUG [t1] "TestVolatile":15: 13
2020-12-19 20:58:10 DEBUG [t1] "TestVolatile":15: 13
2020-12-19 20:58:10 DEBUG [t1] "TestVolatile":15: 13
2020-12-19 20:58:10 DEBUG [t1] "TestVolatile":15: 13
2020-12-19 20:58:10 DEBUG [t1] "TestVolatile":15: 13
2020-12-19 20:58:10 DEBUG [t1] "TestVolatile":15: 13
2020-12-19 20:58:10 DEBUG [t1] "TestVolatile":15: 13
2020-12-19 20:58:10 DEBUG [t1] "TestVolatile":15: 13
2020-12-19 20:58:10 DEBUG [t1] "TestVolatile":15: 13
2020-12-19 20:58:10 DEBUG [t1] "TestVolatile":15: 13
2020-12-19 20:58:10 DEBUG [t1] "TestVolatile":15: 13
2020-12-19 20:58:10 DEBUG [t1] "TestVolatile":15: 13
2020-12-19 20:58:10 DEBUG [t1] "TestVolatile":15: 13
2020-12-19 20:58:10 DEBUG [t1] "TestVolatile":15: 13
2020-12-19 20:58:10 DEBUG [t1] "TestVolatile":15: 13
2020-12-19 20:58:10 DEBUG [t1] "TestVolatile":15: 13
2020-12-19 20:58:10 DEBUG [t1] "TestVolatile":15: 13
2020-12-19 20:58:10 DEBUG [t1] "TestVolatile":15: 13
2020-12-19 20:58:10 DEBUG [t1] "TestVolatile":15: 13
2020-12-19 20:58:10 DEBUG [t1] "TestVolatile":15: 13
2020-12-19 20:58:10 DEBUG [t1] "TestVolatile":15: 13
2020-12-19 20:58:10 DEBUG [t1] "TestVolatile":15: 13
2020-12-19 20:58:10 DEBUG [t1] "TestVolatile":15: 13
2020-12-19 20:58:10 DEBUG [t1] "TestVolatile":15: 13
2020-12-19 20:58:10 DEBUG [t1] "TestVolatile":15: 13
2020-12-19 20:58:10 DEBUG [t1] "TestVolatile":15: 13
2020-12-19 20:58:10 DEBUG [t1] "TestVolatile":15: 13
2020-12-19 20:58:10 DEBUG [t1] "TestVolatile":15: 13
2020-12-19 20:58:10 DEBUG [t1] "TestVolatile":15: 13
2020-12-19 20:58:10 DEBUG [t1] "TestVolatile":15: 13
2020-12-19 20:58:10 DEBUG [t1] "TestVolatile":15: 13
2020-12-19 20:58:10 DEBUG [t1] "TestVolatile":15: 13
2020-12-19 20:58:10 DEBUG [t1] "TestVolatile":15: 13
2020-12-19 20:58:10 DEBUG [t1] "TestVolatile":15: 13
2020-12-19 20:58:10 DEBUG [t1] "TestVolatile":15: 13
2020-12-19 20:58:10 DEBUG [t1] "TestVolatile":15: 13
2020-12-19 20:58:10 DEBUG [t1] "TestVolatile":15: 13
2020-12-19 20:58:10 DEBUG [t1] "TestVolatile":15: 13
2020-12-19 20:58:10 DEBUG [t1] "TestVolatile":15: 13
2020-12-19 20:58:10 DEBUG [t1] "TestVolatile":15: 13
2020-12-19 20:58:10 DEBUG [t1] "TestVolatile":15: 13
2020-12-19 20:58:10 DEBUG [t1] "TestVolatile":15: 13
2020-12-19 20:58:10 DEBUG [t1] "TestVolatile":15: 13
2020-12-19 20:58:10 DEBUG [t1] "TestVolatile":15: 13
2020-12-19 20:58:10 DEBUG [t1] "TestVolatile":15: 13
2020-12-19 20:58:10 DEBUG [t1] "TestVolatile":15: 13
2020-12-19 20:58:10 DEBUG [t1] "TestVolatile":15: 13
2020-12-19 20:58:10 DEBUG [t1] "TestVolatile":15: 13
2020-12-19 20:58:10 DEBUG [t1] "TestVolatile":15: 13
2020-12-19 20:58:10 DEBUG [t1] "TestVolatile":15: 13
2020-12-19 20:58:10 DEBUG [t1] "TestVolatile":15: 13
2020-12-19 20:58:10 DEBUG [t1] "TestVolatile":15: 13
2020-12-19 20:58:10 DEBUG [t1] "TestVolatile":15: 13
2020-12-19 20:58:10 DEBUG [t1] "TestVolatile":15: 13
2020-12-19 20:58:10 DEBUG [t1] "TestVolatile":15: 13
2020-12-19 20:58:10 DEBUG [t1] "TestVolatile":15: 13
2020-12-19 20:58:10 DEBUG [t1] "TestVolatile":15: 13
2020-12-19 20:58:10 DEBUG [t1] "TestVolatile":15: 13
2020-12-19 20:58:10 DEBUG [t1] "TestVolatile":15: 13
2020-12-19 20:58:10 DEBUG [t1] "TestVolatile":15: 13
2020-12-19 20:58:10 DEBUG [t1] "TestVolatile":15: 13
2020-12-19 20:58:10 DEBUG [t1] "TestVolatile":15: 13
2020-12-19 20:58:10 DEBUG [t1] "TestVolatile":15: 13
2020-12-19 20:58:10 DEBUG [t1] "TestVolatile":15: 13
2020-12-19 20:58:10 DEBUG [t1] "TestVolatile":15: 13
2020-12-19 20:58:10 DEBUG [t1] "TestVolatile":15: 13
2020-12-19 20:58:10 DEBUG [t1] "TestVolatile":15: 13
2020-12-19 20:58:10 DEBUG [t1] "TestVolatile":15: 13
2020-12-19 20:58:10 DEBUG [t1] "TestVolatile":15: 13
2020-12-19 20:58:10 DEBUG [t1] "TestVolatile":15: 13
2020-12-19 20:58:10 DEBUG [t1] "TestVolatile":15: 13
2020-12-19 20:58:10 DEBUG [t1] "TestVolatile":15: 13
2020-12-19 20:58:10 DEBUG [t1] "TestVolatile":15: 13
2020-12-19 20:58:10 DEBUG [t1] "TestVolatile":15: 13
2020-12-19 20:58:10 DEBUG [t1] "TestVolatile":15: 13
2020-12-19 20:58:10 DEBUG [t1] "TestVolatile":15: 13
2020-12-19 20:58:10 DEBUG [t1] "TestVolatile":15: 13
2020-12-19 20:58:10 DEBUG [t1] "TestVolatile":15: 13
2020-12-19 20:58:10 DEBUG [t1] "TestVolatile":15: 13
2020-12-19 20:58:10 DEBUG [t1] "TestVolatile":15: 13
2020-12-19 20:58:10 DEBUG [t1] "TestVolatile":15: 13
2020-12-19 20:58:10 DEBUG [t1] "TestVolatile":15: 13
2020-12-19 20:58:10 DEBUG [t1] "TestVolatile":15: 13
2020-12-19 20:58:10 DEBUG [t1] "TestVolatile":15: 13
2020-12-19 20:58:10 DEBUG [t1] "TestVolatile":15: 13
2020-12-19 20:58:10 DEBUG [t1] "TestVolatile":15: 13
2020-12-19 20:58:10 DEBUG [t1] "TestVolatile":15: 13
2020-12-19 20:58:10 DEBUG [t1] "TestVolatile":15: 13
2020-12-19 20:58:10 DEBUG [t1] "TestVolatile":15: 13
2020-12-19 20:58:10 DEBUG [t1] "TestVolatile":15: 13
2020-12-19 20:58:10 DEBUG [t1] "TestVolatile":15: 13
2020-12-19 20:58:10 DEBUG [t1] "TestVolatile":15: 13
2020-12-19 20:58:10 DEBUG [t1] "TestVolatile":15: 13
2020-12-19 20:58:10 DEBUG [t1] "TestVolatile":15: 13
2020-12-19 20:58:10 DEBUG [t1] "TestVolatile":15: 13
2020-12-19 20:58:10 DEBUG [t1] "TestVolatile":15: 13
2020-12-19 20:58:10 DEBUG [t1] "TestVolatile":15: 13
2020-12-19 20:58:10 DEBUG [t1] "TestVolatile":15: 13
2020-12-19 20:58:10 DEBUG [t1] "TestVolatile":15: 13
2020-12-19 20:58:10 DEBUG [t1] "TestVolatile":15: 13
2020-12-19 20:58:10 DEBUG [t1] "TestVolatile":15: 13
2020-12-19 20:58:10 DEBUG [t1] "TestVolatile":15: 13
2020-12-19 20:58:10 DEBUG [t1] "TestVolatile":15: 13
2020-12-19 20:58:10 DEBUG [t1] "TestVolatile":15: 13
2020-12-19 20:58:10 DEBUG [t1] "TestVolatile":15: 13
2020-12-19 20:58:10 DEBUG [t1] "TestVolatile":15: 13
2020-12-19 20:58:10 DEBUG [t1] "TestVolatile":15: 13
2020-12-19 20:58:10 DEBUG [t1] "TestVolatile":15: 13
2020-12-19 20:58:10 DEBUG [t1] "TestVolatile":15: 13
2020-12-19 20:58:10 DEBUG [t1] "TestVolatile":15: 13
2020-12-19 20:58:10 DEBUG [t1] "TestVolatile":15: 13
2020-12-19 20:58:10 DEBUG [t1] "TestVolatile":15: 13
2020-12-19 20:58:10 DEBUG [t1] "TestVolatile":15: 13
2020-12-19 20:58:10 DEBUG [t1] "TestVolatile":15: 13
2020-12-19 20:58:10 DEBUG [t1] "TestVolatile":15: 13
2020-12-19 20:58:10 DEBUG [t1] "TestVolatile":15: 13
2020-12-19 20:58:10 DEBUG [t1] "TestVolatile":15: 13
2020-12-19 20:58:10 DEBUG [t1] "TestVolatile":15: 13
2020-12-19 20:58:10 DEBUG [t1] "TestVolatile":15: 13
2020-12-19 20:58:10 DEBUG [t1] "TestVolatile":15: 13
2020-12-19 20:58:10 DEBUG [t1] "TestVolatile":15: 13
2020-12-19 20:58:10 DEBUG [t1] "TestVolatile":15: 13
2020-12-19 20:58:10 DEBUG [t1] "TestVolatile":15: 13
2020-12-19 20:58:10 DEBUG [t1] "TestVolatile":15: 13
2020-12-19 20:58:10 DEBUG [t1] "TestVolatile":15: 13
2020-12-19 20:58:10 DEBUG [t1] "TestVolatile":15: 13
2020-12-19 20:58:10 DEBUG [t1] "TestVolatile":15: 13
2020-12-19 20:58:10 DEBUG [t1] "TestVolatile":15: 13
2020-12-19 20:58:10 DEBUG [t1] "TestVolatile":15: 13
2020-12-19 20:58:10 DEBUG [t1] "TestVolatile":15: 13
2020-12-19 20:58:10 DEBUG [t1] "TestVolatile":15: 13
2020-12-19 20:58:10 DEBUG [t1] "TestVolatile":15: 13
2020-12-19 20:58:10 DEBUG [t1] "TestVolatile":15: 13
2020-12-19 20:58:10 DEBUG [t1] "TestVolatile":15: 13
2020-12-19 20:58:10 DEBUG [t1] "TestVolatile":15: 13
2020-12-19 20:58:10 DEBUG [t1] "TestVolatile":15: 13
2020-12-19 20:58:10 DEBUG [t1] "TestVolatile":15: 13
2020-12-19 20:58:10 DEBUG [t1] "TestVolatile":15: 13
2020-12-19 20:58:10 DEBUG [t1] "TestVolatile":15: 13
2020-12-19 20:58:10 DEBUG [t1] "TestVolatile":15: 13
2020-12-19 20:58:10 DEBUG [t1] "TestVolatile":15: 13
2020-12-19 20:58:10 DEBUG [t1] "TestVolatile":15: 13
2020-12-19 20:58:10 DEBUG [t1] "TestVolatile":15: 13
2020-12-19 20:58:10 DEBUG [t1] "TestVolatile":15: 13
2020-12-19 20:58:10 DEBUG [t1] "TestVolatile":15: 13
2020-12-19 20:58:10 DEBUG [t1] "TestVolatile":15: 13
2020-12-19 20:58:10 DEBUG [t1] "TestVolatile":15: 13
2020-12-19 20:58:10 DEBUG [t1] "TestVolatile":15: 13
2020-12-19 20:58:10 DEBUG [t1] "TestVolatile":15: 13
2020-12-19 20:58:10 DEBUG [t1] "TestVolatile":15: 13
2020-12-19 20:58:10 DEBUG [t1] "TestVolatile":15: 13
2020-12-19 20:58:10 DEBUG [t1] "TestVolatile":15: 13
2020-12-19 20:58:10 DEBUG [t1] "TestVolatile":15: 13
2020-12-19 20:58:10 DEBUG [t1] "TestVolatile":15: 13
2020-12-19 20:58:10 DEBUG [t1] "TestVolatile":15: 13
2020-12-19 20:58:10 DEBUG [t1] "TestVolatile":15: 13
2020-12-19 20:58:10 DEBUG [t1] "TestVolatile":15: 13
2020-12-19 20:58:10 DEBUG [t1] "TestVolatile":15: 13
2020-12-19 20:58:10 DEBUG [t1] "TestVolatile":15: 13
2020-12-19 20:58:10 DEBUG [t1] "TestVolatile":15: 13
2020-12-19 20:58:10 DEBUG [t1] "TestVolatile":15: 13
2020-12-19 20:58:10 DEBUG [t1] "TestVolatile":15: 13
2020-12-19 20:58:10 DEBUG [t1] "TestVolatile":15: 13
2020-12-19 20:58:10 DEBUG [t1] "TestVolatile":15: 13
2020-12-19 20:58:10 DEBUG [t1] "TestVolatile":15: 13
2020-12-19 20:58:10 DEBUG [t1] "TestVolatile":15: 13
2020-12-19 20:58:10 DEBUG [t1] "TestVolatile":15: 13
2020-12-19 20:58:10 DEBUG [t1] "TestVolatile":15: 13
2020-12-19 20:58:10 DEBUG [t1] "TestVolatile":15: 13
2020-12-19 20:58:10 DEBUG [t1] "TestVolatile":15: 13
2020-12-19 20:58:10 DEBUG [t1] "TestVolatile":15: 13
2020-12-19 20:58:10 DEBUG [t1] "TestVolatile":15: 13
2020-12-19 20:58:10 DEBUG [t1] "TestVolatile":15: 13
2020-12-19 20:58:10 DEBUG [t1] "TestVolatile":15: 13
2020-12-19 20:58:10 DEBUG [t1] "TestVolatile":15: 13
2020-12-19 20:58:10 DEBUG [t1] "TestVolatile":15: 13
2020-12-19 20:58:10 DEBUG [t1] "TestVolatile":15: 13
2020-12-19 20:58:10 DEBUG [t1] "TestVolatile":15: 13
2020-12-19 20:58:10 DEBUG [t1] "TestVolatile":15: 13
2020-12-19 20:58:10 DEBUG [t1] "TestVolatile":15: 13
2020-12-19 20:58:10 DEBUG [t1] "TestVolatile":15: 13
2020-12-19 20:58:10 DEBUG [t1] "TestVolatile":15: 13
2020-12-19 20:58:10 DEBUG [t1] "TestVolatile":15: 13
2020-12-19 20:58:10 DEBUG [t1] "TestVolatile":15: 13
2020-12-19 20:58:10 DEBUG [t1] "TestVolatile":15: 13
2020-12-19 20:58:10 DEBUG [t1] "TestVolatile":15: 13
2020-12-19 20:58:10 DEBUG [t1] "TestVolatile":15: 13
2020-12-19 20:58:10 DEBUG [t1] "TestVolatile":15: 13
2020-12-19 20:58:10 DEBUG [t1] "TestVolatile":15: 13
2020-12-19 20:58:10 DEBUG [t1] "TestVolatile":15: 13
2020-12-19 20:58:10 DEBUG [t1] "TestVolatile":15: 13
2020-12-19 20:58:10 DEBUG [t1] "TestVolatile":15: 13
2020-12-19 20:58:10 DEBUG [t1] "TestVolatile":15: 13
2020-12-19 20:58:10 DEBUG [t1] "TestVolatile":15: 13
2020-12-19 20:58:10 DEBUG [t1] "TestVolatile":15: 13
2020-12-19 20:58:10 DEBUG [t1] "TestVolatile":15: 13
2020-12-19 20:58:10 DEBUG [t1] "TestVolatile":15: 13
2020-12-19 20:58:10 DEBUG [t1] "TestVolatile":15: 13
2020-12-19 20:58:10 DEBUG [t1] "TestVolatile":15: 13
2020-12-19 20:58:10 DEBUG [t1] "TestVolatile":15: 13
2020-12-19 20:58:10 DEBUG [t1] "TestVolatile":15: 13
2020-12-19 20:58:10 DEBUG [t1] "TestVolatile":15: 13
2020-12-19 20:58:10 DEBUG [t1] "TestVolatile":15: 13
2020-12-19 20:58:10 DEBUG [t1] "TestVolatile":15: 13
2020-12-19 20:58:10 DEBUG [t1] "TestVolatile":15: 13
2020-12-19 20:58:10 DEBUG [t1] "TestVolatile":15: 13
2020-12-19 20:58:10 DEBUG [t1] "TestVolatile":15: 13
2020-12-19 20:58:10 DEBUG [t1] "TestVolatile":15: 13
2020-12-19 20:58:10 DEBUG [t1] "TestVolatile":15: 13
2020-12-19 20:58:10 DEBUG [t1] "TestVolatile":15: 13
2020-12-19 20:58:10 DEBUG [t1] "TestVolatile":15: 13
2020-12-19 20:58:10 DEBUG [t1] "TestVolatile":15: 13
2020-12-19 20:58:10 DEBUG [t1] "TestVolatile":15: 13
2020-12-19 20:58:10 DEBUG [t1] "TestVolatile":15: 13
2020-12-19 20:58:10 DEBUG [t1] "TestVolatile":15: 13
2020-12-19 20:58:10 DEBUG [t1] "TestVolatile":15: 13
2020-12-19 20:58:10 DEBUG [t1] "TestVolatile":15: 13
2020-12-19 20:58:10 DEBUG [t1] "TestVolatile":15: 13
2020-12-19 20:58:10 DEBUG [t1] "TestVolatile":15: 13
2020-12-19 20:58:10 DEBUG [t1] "TestVolatile":15: 13
2020-12-19 20:58:10 DEBUG [t1] "TestVolatile":15: 13
2020-12-19 20:58:10 DEBUG [t1] "TestVolatile":15: 13
2020-12-19 20:58:10 DEBUG [t1] "TestVolatile":15: 13
2020-12-19 20:58:10 DEBUG [t1] "TestVolatile":15: 13
2020-12-19 20:58:10 DEBUG [t1] "TestVolatile":15: 13
2020-12-19 20:58:10 DEBUG [t1] "TestVolatile":15: 13
2020-12-19 20:58:10 DEBUG [t1] "TestVolatile":15: 13
2020-12-19 20:58:10 DEBUG [t1] "TestVolatile":15: 13
2020-12-19 20:58:10 DEBUG [t1] "TestVolatile":15: 13
2020-12-19 20:58:10 DEBUG [t1] "TestVolatile":15: 13
2020-12-19 20:58:10 DEBUG [t1] "TestVolatile":15: 13
2020-12-19 20:58:10 DEBUG [t1] "TestVolatile":15: 13
2020-12-19 20:58:10 DEBUG [t1] "TestVolatile":15: 13
2020-12-19 20:58:10 DEBUG [t1] "TestVolatile":15: 13
2020-12-19 20:58:10 DEBUG [t1] "TestVolatile":15: 13
2020-12-19 20:58:10 DEBUG [t1] "TestVolatile":15: 13
2020-12-19 20:58:10 DEBUG [t1] "TestVolatile":15: 13
2020-12-19 20:58:10 DEBUG [t1] "TestVolatile":15: 13
2020-12-19 20:58:10 DEBUG [t1] "TestVolatile":15: 13
2020-12-19 20:58:10 DEBUG [t1] "TestVolatile":15: 13
2020-12-19 20:58:10 DEBUG [t1] "TestVolatile":15: 13
2020-12-19 20:58:10 DEBUG [t1] "TestVolatile":15: 13
2020-12-19 20:58:10 DEBUG [t1] "TestVolatile":15: 13
2020-12-19 20:58:10 DEBUG [t1] "TestVolatile":15: 13
2020-12-19 20:58:10 DEBUG [t1] "TestVolatile":15: 13
2020-12-19 20:58:10 DEBUG [t1] "TestVolatile":15: 13
2020-12-19 20:58:10 DEBUG [t1] "TestVolatile":15: 13
2020-12-19 20:58:10 DEBUG [t1] "TestVolatile":15: 13
2020-12-19 20:58:10 DEBUG [t1] "TestVolatile":15: 13
2020-12-19 20:58:10 DEBUG [t1] "TestVolatile":15: 13
2020-12-19 20:58:10 DEBUG [t1] "TestVolatile":15: 13
2020-12-19 20:58:10 DEBUG [t1] "TestVolatile":15: 13
2020-12-19 20:58:10 DEBUG [t1] "TestVolatile":15: 13
2020-12-19 20:58:10 DEBUG [t1] "TestVolatile":15: 13
2020-12-19 20:58:10 DEBUG [t1] "TestVolatile":15: 13
2020-12-19 20:58:10 DEBUG [t1] "TestVolatile":15: 13
2020-12-19 20:58:10 DEBUG [t1] "TestVolatile":15: 13
2020-12-19 20:58:10 DEBUG [t1] "TestVolatile":15: 13
2020-12-19 20:58:10 DEBUG [t1] "TestVolatile":15: 13
2020-12-19 20:58:10 DEBUG [t1] "TestVolatile":15: 13
2020-12-19 20:58:10 DEBUG [t1] "TestVolatile":15: 13
2020-12-19 20:58:10 DEBUG [t1] "TestVolatile":15: 13
2020-12-19 20:58:10 DEBUG [t1] "TestVolatile":15: 13
2020-12-19 20:58:10 DEBUG [t1] "TestVolatile":15: 13
2020-12-19 20:58:10 DEBUG [t1] "TestVolatile":15: 13
2020-12-19 20:58:10 DEBUG [t1] "TestVolatile":15: 13
2020-12-19 20:58:10 DEBUG [t1] "TestVolatile":15: 13
2020-12-19 20:58:10 DEBUG [t1] "TestVolatile":15: 13
2020-12-19 20:58:10 DEBUG [t1] "TestVolatile":15: 13
2020-12-19 20:58:10 DEBUG [t1] "TestVolatile":15: 13
2020-12-19 20:58:10 DEBUG [t1] "TestVolatile":15: 13
2020-12-19 20:58:10 DEBUG [t1] "TestVolatile":15: 13
2020-12-19 20:58:10 DEBUG [t1] "TestVolatile":15: 13
2020-12-19 20:58:10 DEBUG [t1] "TestVolatile":15: 13
2020-12-19 20:58:10 DEBUG [t1] "TestVolatile":15: 13
2020-12-19 20:58:10 DEBUG [t1] "TestVolatile":15: 13
2020-12-19 20:58:10 DEBUG [t1] "TestVolatile":15: 13
2020-12-19 20:58:10 DEBUG [t1] "TestVolatile":15: 13
2020-12-19 20:58:10 DEBUG [t1] "TestVolatile":15: 13
2020-12-19 20:58:10 DEBUG [t1] "TestVolatile":15: 13
2020-12-19 20:58:10 DEBUG [t1] "TestVolatile":15: 13
2020-12-19 20:58:10 DEBUG [t1] "TestVolatile":15: 13
2020-12-19 20:58:10 DEBUG [t1] "TestVolatile":15: 13
2020-12-19 20:58:10 DEBUG [t1] "TestVolatile":15: 13
2020-12-19 20:58:10 DEBUG [t1] "TestVolatile":15: 13
2020-12-19 20:58:10 DEBUG [t1] "TestVolatile":15: 13
2020-12-19 20:58:10 DEBUG [t1] "TestVolatile":15: 13
2020-12-19 20:58:10 DEBUG [t1] "TestVolatile":15: 13
2020-12-19 20:58:10 DEBUG [t1] "TestVolatile":15: 13
2020-12-19 20:58:10 DEBUG [t1] "TestVolatile":15: 13
2020-12-19 20:58:10 DEBUG [t1] "TestVolatile":15: 13
2020-12-19 20:58:10 DEBUG [t1] "TestVolatile":15: 13
2020-12-19 20:58:10 DEBUG [t1] "TestVolatile":15: 13
2020-12-19 20:58:10 DEBUG [t1] "TestVolatile":15: 13
2020-12-19 20:58:10 DEBUG [t1] "TestVolatile":15: 13
2020-12-19 20:58:10 DEBUG [t1] "TestVolatile":15: 13
2020-12-19 20:58:10 DEBUG [t1] "TestVolatile":15: 13
2020-12-19 20:58:10 DEBUG [t1] "TestVolatile":15: 13
2020-12-19 20:58:10 DEBUG [t1] "TestVolatile":15: 13
2020-12-19 20:58:10 DEBUG [t1] "TestVolatile":15: 13
2020-12-19 20:58:10 DEBUG [t1] "TestVolatile":15: 13
2020-12-19 20:58:10 DEBUG [t1] "TestVolatile":15: 13
2020-12-19 20:58:10 DEBUG [t1] "TestVolatile":15: 13
2020-12-19 20:58:10 DEBUG [t1] "TestVolatile":15: 13
2020-12-19 20:58:10 DEBUG [t1] "TestVolatile":15: 13
2020-12-19 20:58:10 DEBUG [t1] "TestVolatile":15: 13
2020-12-19 20:58:10 DEBUG [t1] "TestVolatile":15: 13
2020-12-19 20:58:10 DEBUG [t1] "TestVolatile":15: 13
2020-12-19 20:58:10 DEBUG [t1] "TestVolatile":15: 13
2020-12-19 20:58:10 DEBUG [t1] "TestVolatile":15: 13
2020-12-19 20:58:10 DEBUG [t1] "TestVolatile":15: 13
2020-12-19 20:58:10 DEBUG [t1] "TestVolatile":15: 13
2020-12-19 20:58:10 DEBUG [t1] "TestVolatile":15: 13
2020-12-19 20:58:10 DEBUG [t1] "TestVolatile":15: 13
2020-12-19 20:58:10 DEBUG [t1] "TestVolatile":15: 13
2020-12-19 20:58:10 DEBUG [t1] "TestVolatile":15: 13
2020-12-19 20:58:10 DEBUG [t1] "TestVolatile":15: 13
2020-12-19 20:58:10 DEBUG [t1] "TestVolatile":15: 13
2020-12-19 20:58:10 DEBUG [t1] "TestVolatile":15: 13
2020-12-19 20:58:10 DEBUG [t1] "TestVolatile":15: 13
2020-12-19 20:58:10 DEBUG [t1] "TestVolatile":15: 13
2020-12-19 20:58:10 DEBUG [t1] "TestVolatile":15: 13
2020-12-19 20:58:10 DEBUG [t1] "TestVolatile":15: 13
2020-12-19 20:58:10 DEBUG [t1] "TestVolatile":15: 13
2020-12-19 20:58:10 DEBUG [t1] "TestVolatile":15: 13
2020-12-19 20:58:10 DEBUG [t1] "TestVolatile":15: 13
2020-12-19 20:58:10 DEBUG [t1] "TestVolatile":15: 13
2020-12-19 20:58:10 DEBUG [t1] "TestVolatile":15: 13
2020-12-19 20:58:10 DEBUG [t1] "TestVolatile":15: 13
2020-12-19 20:58:10 DEBUG [t1] "TestVolatile":15: 13
2020-12-19 20:58:10 DEBUG [t1] "TestVolatile":15: 13
2020-12-19 20:58:10 DEBUG [t1] "TestVolatile":15: 13
2020-12-19 20:58:10 DEBUG [t1] "TestVolatile":15: 13
2020-12-19 20:58:10 DEBUG [t1] "TestVolatile":15: 13
2020-12-19 20:58:10 DEBUG [t1] "TestVolatile":15: 13
2020-12-19 20:58:10 DEBUG [t1] "TestVolatile":15: 13
2020-12-19 20:58:10 DEBUG [t1] "TestVolatile":15: 13
2020-12-19 20:58:10 DEBUG [t1] "TestVolatile":15: 13
2020-12-19 20:58:10 DEBUG [t1] "TestVolatile":15: 13
2020-12-19 20:58:10 DEBUG [t1] "TestVolatile":15: 13
2020-12-19 20:58:10 DEBUG [t1] "TestVolatile":15: 13
2020-12-19 20:58:10 DEBUG [t1] "TestVolatile":15: 13
2020-12-19 20:58:10 DEBUG [t1] "TestVolatile":15: 13
2020-12-19 20:58:10 DEBUG [t1] "TestVolatile":15: 13
2020-12-19 20:58:10 DEBUG [t1] "TestVolatile":15: 13
2020-12-19 20:58:10 DEBUG [t1] "TestVolatile":15: 13
2020-12-19 20:58:10 DEBUG [t1] "TestVolatile":15: 13
2020-12-19 20:58:10 DEBUG [t1] "TestVolatile":15: 13
2020-12-19 20:58:10 DEBUG [t1] "TestVolatile":15: 13
2020-12-19 20:58:10 DEBUG [t1] "TestVolatile":15: 13
2020-12-19 20:58:10 DEBUG [t1] "TestVolatile":15: 13
2020-12-19 20:58:10 DEBUG [t1] "TestVolatile":15: 13
2020-12-19 20:58:10 DEBUG [t1] "TestVolatile":15: 13
2020-12-19 20:58:10 DEBUG [t1] "TestVolatile":15: 13
2020-12-19 20:58:10 DEBUG [t1] "TestVolatile":15: 13
2020-12-19 20:58:10 DEBUG [t1] "TestVolatile":15: 13
2020-12-19 20:58:10 DEBUG [t1] "TestVolatile":15: 13
2020-12-19 20:58:10 DEBUG [t1] "TestVolatile":15: 13
2020-12-19 20:58:10 DEBUG [t1] "TestVolatile":15: 13
2020-12-19 20:58:10 DEBUG [t1] "TestVolatile":15: 13
2020-12-19 20:58:10 DEBUG [t1] "TestVolatile":15: 13
2020-12-19 20:58:10 DEBUG [t1] "TestVolatile":15: 13
2020-12-19 20:58:10 DEBUG [t1] "TestVolatile":15: 13
2020-12-19 20:58:10 DEBUG [t1] "TestVolatile":15: 13
2020-12-19 20:58:10 DEBUG [t1] "TestVolatile":15: 13
2020-12-19 20:58:10 DEBUG [t1] "TestVolatile":15: 13
2020-12-19 20:58:10 DEBUG [t1] "TestVolatile":15: 13
2020-12-19 20:58:10 DEBUG [t1] "TestVolatile":15: 13
2020-12-19 20:58:10 DEBUG [t1] "TestVolatile":15: 13
2020-12-19 20:58:10 DEBUG [t1] "TestVolatile":15: 13
2020-12-19 20:58:10 DEBUG [t1] "TestVolatile":15: 13
2020-12-19 20:58:10 DEBUG [t1] "TestVolatile":15: 13
2020-12-19 20:58:10 DEBUG [t1] "TestVolatile":15: 13
2020-12-19 20:58:10 DEBUG [t1] "TestVolatile":15: 13
2020-12-19 20:58:10 DEBUG [t1] "TestVolatile":15: 13
2020-12-19 20:58:10 DEBUG [t1] "TestVolatile":15: 13
2020-12-19 20:58:10 DEBUG [t1] "TestVolatile":15: 13
2020-12-19 20:58:10 DEBUG [t1] "TestVolatile":15: 13
2020-12-19 20:58:10 DEBUG [t1] "TestVolatile":15: 13
2020-12-19 20:58:10 DEBUG [t1] "TestVolatile":15: 13
2020-12-19 20:58:10 DEBUG [t1] "TestVolatile":15: 13
2020-12-19 20:58:10 DEBUG [t1] "TestVolatile":15: 13
2020-12-19 20:58:10 DEBUG [t1] "TestVolatile":15: 13
2020-12-19 20:58:10 DEBUG [t1] "TestVolatile":15: 13
2020-12-19 20:58:10 DEBUG [t1] "TestVolatile":15: 13
2020-12-19 20:58:10 DEBUG [t1] "TestVolatile":15: 13
2020-12-19 20:58:10 DEBUG [t1] "TestVolatile":15: 13
2020-12-19 20:58:10 DEBUG [t1] "TestVolatile":15: 13
2020-12-19 20:58:10 DEBUG [t1] "TestVolatile":15: 13
2020-12-19 20:58:10 DEBUG [t1] "TestVolatile":15: 13
2020-12-19 20:58:10 DEBUG [t1] "TestVolatile":15: 13
2020-12-19 20:58:10 DEBUG [t1] "TestVolatile":15: 13
2020-12-19 20:58:10 DEBUG [t1] "TestVolatile":15: 13
2020-12-19 20:58:10 DEBUG [t1] "TestVolatile":15: 13
2020-12-19 20:58:10 DEBUG [t1] "TestVolatile":15: 13
2020-12-19 20:58:10 DEBUG [t1] "TestVolatile":15: 13
2020-12-19 20:58:10 DEBUG [t1] "TestVolatile":15: 13
2020-12-19 20:58:10 DEBUG [t1] "TestVolatile":15: 13
2020-12-19 20:58:10 DEBUG [t1] "TestVolatile":15: 13
2020-12-19 20:58:10 DEBUG [t1] "TestVolatile":15: 13
2020-12-19 20:58:10 DEBUG [t1] "TestVolatile":15: 13
2020-12-19 20:58:10 DEBUG [t1] "TestVolatile":15: 13
2020-12-19 20:58:10 DEBUG [t1] "TestVolatile":15: 13
2020-12-19 20:58:10 DEBUG [t1] "TestVolatile":15: 13
2020-12-19 20:58:10 DEBUG [t1] "TestVolatile":15: 13
2020-12-19 20:58:10 DEBUG [t1] "TestVolatile":15: 13
2020-12-19 20:58:10 DEBUG [t1] "TestVolatile":15: 13
2020-12-19 20:58:10 DEBUG [t1] "TestVolatile":15: 13
2020-12-19 20:58:10 DEBUG [t1] "TestVolatile":15: 13
2020-12-19 20:58:10 DEBUG [t1] "TestVolatile":15: 13
2020-12-19 20:58:10 DEBUG [t1] "TestVolatile":15: 13
2020-12-19 20:58:10 DEBUG [t1] "TestVolatile":15: 13
2020-12-19 20:58:10 DEBUG [t1] "TestVolatile":15: 13
2020-12-19 20:58:10 DEBUG [t1] "TestVolatile":15: 13
2020-12-19 20:58:10 DEBUG [t1] "TestVolatile":15: 13
2020-12-19 20:58:10 DEBUG [t1] "TestVolatile":15: 13
2020-12-19 20:58:10 DEBUG [t1] "TestVolatile":15: 13
2020-12-19 20:58:10 DEBUG [t1] "TestVolatile":15: 13
2020-12-19 20:58:10 DEBUG [t1] "TestVolatile":15: 13
2020-12-19 20:58:10 DEBUG [t1] "TestVolatile":15: 13
2020-12-19 20:58:10 DEBUG [t1] "TestVolatile":15: 13
2020-12-19 20:58:10 DEBUG [t1] "TestVolatile":15: 13
2020-12-19 20:58:10 DEBUG [t1] "TestVolatile":15: 13
2020-12-19 20:58:10 DEBUG [t1] "TestVolatile":15: 13
2020-12-19 20:58:10 DEBUG [t1] "TestVolatile":15: 13
2020-12-19 20:58:10 DEBUG [t1] "TestVolatile":15: 13
2020-12-19 20:58:10 DEBUG [t1] "TestVolatile":15: 13
2020-12-19 20:58:10 DEBUG [t1] "TestVolatile":15: 13
2020-12-19 20:58:10 DEBUG [t1] "TestVolatile":15: 13
2020-12-19 20:58:10 DEBUG [t1] "TestVolatile":15: 13
2020-12-19 20:58:10 DEBUG [t1] "TestVolatile":15: 13
2020-12-19 20:58:10 DEBUG [t1] "TestVolatile":15: 13
2020-12-19 20:58:10 DEBUG [t1] "TestVolatile":15: 13
2020-12-19 20:58:10 DEBUG [t1] "TestVolatile":15: 13
2020-12-19 20:58:10 DEBUG [t1] "TestVolatile":15: 13
2020-12-19 20:58:10 DEBUG [t1] "TestVolatile":15: 13
2020-12-19 20:58:10 DEBUG [t1] "TestVolatile":15: 13
2020-12-19 20:58:10 DEBUG [t1] "TestVolatile":15: 13
2020-12-19 20:58:10 DEBUG [t1] "TestVolatile":15: 13
2020-12-19 20:58:10 DEBUG [t1] "TestVolatile":15: 13
2020-12-19 20:58:10 DEBUG [t1] "TestVolatile":15: 13
2020-12-19 20:58:10 DEBUG [t1] "TestVolatile":15: 13
2020-12-19 20:58:10 DEBUG [t1] "TestVolatile":15: 13
2020-12-19 20:58:10 DEBUG [t1] "TestVolatile":15: 13
2020-12-19 20:58:10 DEBUG [t1] "TestVolatile":15: 13
2020-12-19 20:58:10 DEBUG [t1] "TestVolatile":15: 13
2020-12-19 20:58:10 DEBUG [t1] "TestVolatile":15: 13
2020-12-19 20:58:10 DEBUG [t1] "TestVolatile":15: 13
2020-12-19 20:58:10 DEBUG [t1] "TestVolatile":15: 13
2020-12-19 20:58:10 DEBUG [t1] "TestVolatile":15: 13
2020-12-19 20:58:10 DEBUG [t1] "TestVolatile":15: 13
2020-12-19 20:58:10 DEBUG [t1] "TestVolatile":15: 13
2020-12-19 20:58:10 DEBUG [t1] "TestVolatile":15: 13
2020-12-19 20:58:10 DEBUG [t1] "TestVolatile":15: 13
2020-12-19 20:58:10 DEBUG [t1] "TestVolatile":15: 13
2020-12-19 20:58:10 DEBUG [t1] "TestVolatile":15: 13
2020-12-19 20:58:10 DEBUG [t1] "TestVolatile":15: 13
2020-12-19 20:58:10 DEBUG [t1] "TestVolatile":15: 13
2020-12-19 20:58:10 DEBUG [t1] "TestVolatile":15: 13
2020-12-19 20:58:10 DEBUG [t1] "TestVolatile":15: 13
2020-12-19 20:58:10 DEBUG [t1] "TestVolatile":15: 13
2020-12-19 20:58:10 DEBUG [t1] "TestVolatile":15: 13
2020-12-19 20:58:10 DEBUG [t1] "TestVolatile":15: 13
2020-12-19 20:58:10 DEBUG [t1] "TestVolatile":15: 13
2020-12-19 20:58:10 DEBUG [t1] "TestVolatile":15: 13
2020-12-19 20:58:10 DEBUG [t1] "TestVolatile":15: 13
2020-12-19 20:58:10 DEBUG [t1] "TestVolatile":15: 13
2020-12-19 20:58:10 DEBUG [t1] "TestVolatile":15: 13
2020-12-19 20:58:10 DEBUG [t1] "TestVolatile":15: 13
2020-12-19 20:58:10 DEBUG [t1] "TestVolatile":15: 13
2020-12-19 20:58:10 DEBUG [t1] "TestVolatile":15: 13
2020-12-19 20:58:10 DEBUG [t1] "TestVolatile":15: 13
2020-12-19 20:58:10 DEBUG [t1] "TestVolatile":15: 13
2020-12-19 20:58:10 DEBUG [t1] "TestVolatile":15: 13
2020-12-19 20:58:10 DEBUG [t1] "TestVolatile":15: 13
2020-12-19 20:58:10 DEBUG [t1] "TestVolatile":15: 13
2020-12-19 20:58:10 DEBUG [t1] "TestVolatile":15: 13
2020-12-19 20:58:10 DEBUG [t1] "TestVolatile":15: 13
2020-12-19 20:58:10 DEBUG [t1] "TestVolatile":15: 13
2020-12-19 20:58:10 DEBUG [t1] "TestVolatile":15: 13
2020-12-19 20:58:10 DEBUG [t1] "TestVolatile":15: 13
2020-12-19 20:58:10 DEBUG [t1] "TestVolatile":15: 13
2020-12-19 20:58:10 DEBUG [t1] "TestVolatile":15: 13
2020-12-19 20:58:10 DEBUG [t1] "TestVolatile":15: 13
2020-12-19 20:58:10 DEBUG [t1] "TestVolatile":15: 13
2020-12-19 20:58:10 DEBUG [t1] "TestVolatile":15: 13
2020-12-19 20:58:10 DEBUG [t1] "TestVolatile":15: 13
2020-12-19 20:58:10 DEBUG [t1] "TestVolatile":15: 13
2020-12-19 20:58:10 DEBUG [t1] "TestVolatile":15: 13
2020-12-19 20:58:10 DEBUG [t1] "TestVolatile":15: 13
2020-12-19 20:58:10 DEBUG [t1] "TestVolatile":15: 13
2020-12-19 20:58:10 DEBUG [t1] "TestVolatile":15: 13
2020-12-19 20:58:10 DEBUG [t1] "TestVolatile":15: 13
2020-12-19 20:58:10 DEBUG [t1] "TestVolatile":15: 13
2020-12-19 20:58:10 DEBUG [t1] "TestVolatile":15: 13
2020-12-19 20:58:10 DEBUG [t1] "TestVolatile":15: 13
2020-12-19 20:58:10 DEBUG [t1] "TestVolatile":15: 13
2020-12-19 20:58:10 DEBUG [t1] "TestVolatile":15: 13
2020-12-19 20:58:10 DEBUG [t1] "TestVolatile":15: 13
2020-12-19 20:58:10 DEBUG [t1] "TestVolatile":15: 13
2020-12-19 20:58:10 DEBUG [t1] "TestVolatile":15: 13
2020-12-19 20:58:10 DEBUG [t1] "TestVolatile":15: 13
2020-12-19 20:58:10 DEBUG [t1] "TestVolatile":15: 13
2020-12-19 20:58:10 DEBUG [t1] "TestVolatile":15: 13
2020-12-19 20:58:10 DEBUG [t1] "TestVolatile":15: 13
2020-12-19 20:58:10 DEBUG [t1] "TestVolatile":15: 13
2020-12-19 20:58:10 DEBUG [t1] "TestVolatile":15: 13
2020-12-19 20:58:10 DEBUG [t1] "TestVolatile":15: 13
2020-12-19 20:58:10 DEBUG [t1] "TestVolatile":15: 13
2020-12-19 20:58:10 DEBUG [t1] "TestVolatile":15: 13
2020-12-19 20:58:10 DEBUG [t1] "TestVolatile":15: 13
2020-12-19 20:58:10 DEBUG [t1] "TestVolatile":15: 13
2020-12-19 20:58:10 DEBUG [t1] "TestVolatile":15: 13
2020-12-19 20:58:10 DEBUG [t1] "TestVolatile":15: 13
2020-12-19 20:58:10 DEBUG [t1] "TestVolatile":15: 13
2020-12-19 20:58:10 DEBUG [t1] "TestVolatile":15: 13
2020-12-19 20:58:10 DEBUG [t1] "TestVolatile":15: 13
2020-12-19 20:58:10 DEBUG [t1] "TestVolatile":15: 13
2020-12-19 20:58:10 DEBUG [t1] "TestVolatile":15: 13
2020-12-19 20:58:10 DEBUG [t1] "TestVolatile":15: 13
2020-12-19 20:58:10 DEBUG [t1] "TestVolatile":15: 13
2020-12-19 20:58:10 DEBUG [t1] "TestVolatile":15: 13
2020-12-19 20:58:10 DEBUG [t1] "TestVolatile":15: 13
2020-12-19 20:58:10 DEBUG [t1] "TestVolatile":15: 13
2020-12-19 20:58:10 DEBUG [t1] "TestVolatile":15: 13
2020-12-19 20:58:10 DEBUG [t1] "TestVolatile":15: 13
2020-12-19 20:58:10 DEBUG [t1] "TestVolatile":15: 13
2020-12-19 20:58:10 DEBUG [t1] "TestVolatile":15: 13
2020-12-19 20:58:10 DEBUG [t1] "TestVolatile":15: 13
2020-12-19 20:58:10 DEBUG [t1] "TestVolatile":15: 13
2020-12-19 20:58:10 DEBUG [t1] "TestVolatile":15: 13
2020-12-19 20:58:10 DEBUG [t1] "TestVolatile":15: 13
2020-12-19 20:58:10 DEBUG [t1] "TestVolatile":15: 13
2020-12-19 20:58:10 DEBUG [t1] "TestVolatile":15: 13
2020-12-19 20:58:10 DEBUG [t1] "TestVolatile":15: 13
2020-12-19 20:58:10 DEBUG [t1] "TestVolatile":15: 13
2020-12-19 20:58:10 DEBUG [t1] "TestVolatile":15: 13
2020-12-19 20:58:10 DEBUG [t1] "TestVolatile":15: 13
2020-12-19 20:58:10 DEBUG [t1] "TestVolatile":15: 13
2020-12-19 20:58:10 DEBUG [t1] "TestVolatile":15: 13
2020-12-19 20:58:10 DEBUG [t1] "TestVolatile":15: 13
2020-12-19 20:58:10 DEBUG [t1] "TestVolatile":15: 13
2020-12-19 20:58:10 DEBUG [t1] "TestVolatile":15: 13
2020-12-19 20:58:10 DEBUG [t1] "TestVolatile":15: 13
2020-12-19 20:58:10 DEBUG [t1] "TestVolatile":15: 13
2020-12-19 20:58:10 DEBUG [t1] "TestVolatile":15: 13
2020-12-19 20:58:10 DEBUG [t1] "TestVolatile":15: 13
2020-12-19 20:58:10 DEBUG [t1] "TestVolatile":15: 13
2020-12-19 20:58:10 DEBUG [t1] "TestVolatile":15: 13
2020-12-19 20:58:10 DEBUG [t1] "TestVolatile":15: 13
2020-12-19 20:58:10 DEBUG [t1] "TestVolatile":15: 13
2020-12-19 20:58:10 DEBUG [t1] "TestVolatile":15: 13
2020-12-19 20:58:10 DEBUG [t1] "TestVolatile":15: 13
2020-12-19 20:58:10 DEBUG [t1] "TestVolatile":15: 13
2020-12-19 20:58:10 DEBUG [t1] "TestVolatile":15: 13
2020-12-19 20:58:10 DEBUG [t1] "TestVolatile":15: 13
2020-12-19 20:58:10 DEBUG [t1] "TestVolatile":15: 13
2020-12-19 20:58:10 DEBUG [t1] "TestVolatile":15: 13
2020-12-19 20:58:10 DEBUG [t1] "TestVolatile":15: 13
2020-12-19 20:58:10 DEBUG [t1] "TestVolatile":15: 13
2020-12-19 20:58:10 DEBUG [t1] "TestVolatile":15: 13
2020-12-19 20:58:10 DEBUG [t1] "TestVolatile":15: 13
2020-12-19 20:58:10 DEBUG [t1] "TestVolatile":15: 13
2020-12-19 20:58:10 DEBUG [t1] "TestVolatile":15: 13
2020-12-19 20:58:10 DEBUG [t1] "TestVolatile":15: 13
2020-12-19 20:58:10 DEBUG [t1] "TestVolatile":15: 13
2020-12-19 20:58:10 DEBUG [t1] "TestVolatile":15: 13
2020-12-19 20:58:10 DEBUG [t1] "TestVolatile":15: 13
2020-12-19 20:58:10 DEBUG [t1] "TestVolatile":15: 13
2020-12-19 20:58:10 DEBUG [t1] "TestVolatile":15: 13
2020-12-19 20:58:10 DEBUG [t1] "TestVolatile":15: 13
2020-12-19 20:58:10 DEBUG [t1] "TestVolatile":15: 13
2020-12-19 20:58:10 DEBUG [t1] "TestVolatile":15: 13
2020-12-19 20:58:10 DEBUG [t1] "TestVolatile":15: 13
2020-12-19 20:58:10 DEBUG [t1] "TestVolatile":15: 13
2020-12-19 20:58:10 DEBUG [t1] "TestVolatile":15: 13
2020-12-19 20:58:10 DEBUG [t1] "TestVolatile":15: 13
2020-12-19 20:58:10 DEBUG [t1] "TestVolatile":15: 13
2020-12-19 20:58:10 DEBUG [t1] "TestVolatile":15: 13
2020-12-19 20:58:10 DEBUG [t1] "TestVolatile":15: 13
2020-12-19 20:58:10 DEBUG [t1] "TestVolatile":15: 13
2020-12-19 20:58:10 DEBUG [t1] "TestVolatile":15: 13
2020-12-19 20:58:10 DEBUG [t1] "TestVolatile":15: 13
2020-12-19 20:58:10 DEBUG [t1] "TestVolatile":15: 13
2020-12-19 20:58:10 DEBUG [t1] "TestVolatile":15: 13
2020-12-19 20:58:10 DEBUG [t1] "TestVolatile":15: 13
2020-12-19 20:58:10 DEBUG [t1] "TestVolatile":15: 13
2020-12-19 20:58:10 DEBUG [t1] "TestVolatile":15: 13
2020-12-19 20:58:10 DEBUG [t1] "TestVolatile":15: 13
2020-12-19 20:58:10 DEBUG [t1] "TestVolatile":15: 13
2020-12-19 20:58:10 DEBUG [t1] "TestVolatile":15: 13
2020-12-19 20:58:10 DEBUG [t1] "TestVolatile":15: 13
2020-12-19 20:58:10 DEBUG [t1] "TestVolatile":15: 13
2020-12-19 20:58:10 DEBUG [t1] "TestVolatile":15: 13
2020-12-19 20:58:10 DEBUG [t1] "TestVolatile":15: 13
2020-12-19 20:58:10 DEBUG [t1] "TestVolatile":15: 13
2020-12-19 20:58:10 DEBUG [t1] "TestVolatile":15: 13
2020-12-19 20:58:10 DEBUG [t1] "TestVolatile":15: 13
2020-12-19 20:58:10 DEBUG [t1] "TestVolatile":15: 13
2020-12-19 20:58:10 DEBUG [t1] "TestVolatile":15: 13
2020-12-19 20:58:10 DEBUG [t1] "TestVolatile":15: 13
2020-12-19 20:58:10 DEBUG [t1] "TestVolatile":15: 13
2020-12-19 20:58:10 DEBUG [t1] "TestVolatile":15: 13
2020-12-19 20:58:10 DEBUG [t1] "TestVolatile":15: 13
2020-12-19 20:58:10 DEBUG [t1] "TestVolatile":15: 13
2020-12-19 20:58:10 DEBUG [t1] "TestVolatile":15: 13
2020-12-19 20:58:10 DEBUG [t1] "TestVolatile":15: 13
2020-12-19 20:58:10 DEBUG [t1] "TestVolatile":15: 13
2020-12-19 20:58:10 DEBUG [t1] "TestVolatile":15: 13
2020-12-19 20:58:10 DEBUG [t1] "TestVolatile":15: 13
2020-12-19 20:58:10 DEBUG [t1] "TestVolatile":15: 13
2020-12-19 20:58:10 DEBUG [t1] "TestVolatile":15: 13
2020-12-19 20:58:10 DEBUG [t1] "TestVolatile":15: 13
2020-12-19 20:58:10 DEBUG [t1] "TestVolatile":15: 13
2020-12-19 20:58:10 DEBUG [t1] "TestVolatile":15: 13
2020-12-19 20:58:10 DEBUG [t1] "TestVolatile":15: 13
2020-12-19 20:58:10 DEBUG [t1] "TestVolatile":15: 13
2020-12-19 20:58:10 DEBUG [t1] "TestVolatile":15: 13
2020-12-19 20:58:10 DEBUG [t1] "TestVolatile":15: 13
2020-12-19 20:58:10 DEBUG [t1] "TestVolatile":15: 13
2020-12-19 20:58:10 DEBUG [t1] "TestVolatile":15: 13
2020-12-19 20:58:10 DEBUG [t1] "TestVolatile":15: 13
2020-12-19 20:58:10 DEBUG [t1] "TestVolatile":15: 13
2020-12-19 20:58:10 DEBUG [t1] "TestVolatile":15: 13
2020-12-19 20:58:10 DEBUG [t1] "TestVolatile":15: 13
2020-12-19 20:58:10 DEBUG [t1] "TestVolatile":15: 13
2020-12-19 20:58:10 DEBUG [t1] "TestVolatile":15: 13
2020-12-19 20:58:10 DEBUG [t1] "TestVolatile":15: 13
2020-12-19 20:58:10 DEBUG [t1] "TestVolatile":15: 13
2020-12-19 20:58:10 DEBUG [t1] "TestVolatile":15: 13
2020-12-19 20:58:10 DEBUG [t1] "TestVolatile":15: 13
2020-12-19 20:58:10 DEBUG [t1] "TestVolatile":15: 13
2020-12-19 20:58:10 DEBUG [t1] "TestVolatile":15: 13
2020-12-19 20:58:10 DEBUG [t1] "TestVolatile":15: 13
2020-12-19 20:58:10 DEBUG [t1] "TestVolatile":15: 13
2020-12-19 20:58:10 DEBUG [t1] "TestVolatile":15: 13
2020-12-19 20:58:10 DEBUG [t1] "TestVolatile":15: 13
2020-12-19 20:58:10 DEBUG [t1] "TestVolatile":15: 13
2020-12-19 20:58:10 DEBUG [t1] "TestVolatile":15: 13
2020-12-19 20:58:10 DEBUG [t1] "TestVolatile":15: 13
2020-12-19 20:58:10 DEBUG [t1] "TestVolatile":15: 13
2020-12-19 20:58:10 DEBUG [t1] "TestVolatile":15: 13
2020-12-19 20:58:10 DEBUG [t1] "TestVolatile":15: 13
2020-12-19 20:58:10 DEBUG [t1] "TestVolatile":15: 13
2020-12-19 20:58:10 DEBUG [t1] "TestVolatile":15: 13
2020-12-19 20:58:10 DEBUG [t1] "TestVolatile":15: 13
2020-12-19 20:58:10 DEBUG [t1] "TestVolatile":15: 13
2020-12-19 20:58:10 DEBUG [t1] "TestVolatile":15: 13
2020-12-19 20:58:10 DEBUG [t1] "TestVolatile":15: 13
2020-12-19 20:58:10 DEBUG [t1] "TestVolatile":15: 13
2020-12-19 20:58:10 DEBUG [t1] "TestVolatile":15: 13
2020-12-19 20:58:10 DEBUG [t1] "TestVolatile":15: 13
2020-12-19 20:58:10 DEBUG [t1] "TestVolatile":15: 13
2020-12-19 20:58:10 DEBUG [t1] "TestVolatile":15: 13
2020-12-19 20:58:10 DEBUG [t1] "TestVolatile":15: 13
2020-12-19 20:58:10 DEBUG [t1] "TestVolatile":15: 13
2020-12-19 20:58:10 DEBUG [t1] "TestVolatile":15: 13
2020-12-19 20:58:10 DEBUG [t1] "TestVolatile":15: 13
2020-12-19 20:58:10 DEBUG [t1] "TestVolatile":15: 13
2020-12-19 20:58:10 DEBUG [t1] "TestVolatile":15: 13
2020-12-19 20:58:10 DEBUG [t1] "TestVolatile":15: 13
2020-12-19 20:58:10 DEBUG [t1] "TestVolatile":15: 13
2020-12-19 20:58:10 DEBUG [t1] "TestVolatile":15: 13
2020-12-19 20:58:10 DEBUG [t1] "TestVolatile":15: 13
2020-12-19 20:58:10 DEBUG [t1] "TestVolatile":15: 13
2020-12-19 20:58:10 DEBUG [t1] "TestVolatile":15: 13
2020-12-19 20:58:10 DEBUG [t1] "TestVolatile":15: 13
2020-12-19 20:58:10 DEBUG [t1] "TestVolatile":15: 13
2020-12-19 20:58:10 DEBUG [t1] "TestVolatile":15: 13
2020-12-19 20:58:10 DEBUG [t1] "TestVolatile":15: 13
2020-12-19 20:58:10 DEBUG [t1] "TestVolatile":15: 13
2020-12-19 20:58:10 DEBUG [t1] "TestVolatile":15: 13
2020-12-19 20:58:10 DEBUG [t1] "TestVolatile":15: 13
2020-12-19 20:58:10 DEBUG [t1] "TestVolatile":15: 13
2020-12-19 20:58:10 DEBUG [t1] "TestVolatile":15: 13
2020-12-19 20:58:10 DEBUG [t1] "TestVolatile":15: 13
2020-12-19 20:58:10 DEBUG [t1] "TestVolatile":15: 13
2020-12-19 20:58:10 DEBUG [t1] "TestVolatile":15: 13
2020-12-19 20:58:10 DEBUG [t1] "TestVolatile":15: 13
2020-12-19 20:58:10 DEBUG [t1] "TestVolatile":15: 13
2020-12-19 20:58:10 DEBUG [t1] "TestVolatile":15: 13
2020-12-19 20:58:10 DEBUG [t1] "TestVolatile":15: 13
2020-12-19 20:58:10 DEBUG [t1] "TestVolatile":15: 13
2020-12-19 20:58:10 DEBUG [t1] "TestVolatile":15: 13
2020-12-19 20:58:10 DEBUG [t1] "TestVolatile":15: 13
2020-12-19 20:58:10 DEBUG [t1] "TestVolatile":15: 13
2020-12-19 20:58:10 DEBUG [t1] "TestVolatile":15: 13
2020-12-19 20:58:10 DEBUG [t1] "TestVolatile":15: 13
2020-12-19 20:58:10 DEBUG [t1] "TestVolatile":15: 13
2020-12-19 20:58:10 DEBUG [t1] "TestVolatile":15: 13
2020-12-19 20:58:10 DEBUG [t1] "TestVolatile":15: 13
2020-12-19 20:58:10 DEBUG [t1] "TestVolatile":15: 13
2020-12-19 20:58:10 DEBUG [t1] "TestVolatile":15: 13
2020-12-19 20:58:10 DEBUG [t1] "TestVolatile":15: 13
2020-12-19 20:58:10 DEBUG [t1] "TestVolatile":15: 13
2020-12-19 20:58:10 DEBUG [t1] "TestVolatile":15: 13
2020-12-19 20:58:10 DEBUG [t1] "TestVolatile":15: 13
2020-12-19 20:58:10 DEBUG [t1] "TestVolatile":15: 13
2020-12-19 20:58:10 DEBUG [t1] "TestVolatile":15: 13
2020-12-19 20:58:10 DEBUG [t1] "TestVolatile":15: 13
2020-12-19 20:58:10 DEBUG [t1] "TestVolatile":15: 13
2020-12-19 20:58:10 DEBUG [t1] "TestVolatile":15: 13
2020-12-19 20:58:10 DEBUG [t1] "TestVolatile":15: 13
2020-12-19 20:58:10 DEBUG [t1] "TestVolatile":15: 13
2020-12-19 20:58:10 DEBUG [t1] "TestVolatile":15: 13
2020-12-19 20:58:10 DEBUG [t1] "TestVolatile":15: 13
2020-12-19 20:58:10 DEBUG [t1] "TestVolatile":15: 13
2020-12-19 20:58:10 DEBUG [t1] "TestVolatile":15: 13
2020-12-19 20:58:10 DEBUG [t1] "TestVolatile":15: 13
2020-12-19 20:58:10 DEBUG [t1] "TestVolatile":15: 13
2020-12-19 20:58:10 DEBUG [t1] "TestVolatile":15: 13
2020-12-19 20:58:10 DEBUG [t1] "TestVolatile":15: 13
2020-12-19 20:58:10 DEBUG [t1] "TestVolatile":15: 13
2020-12-19 20:58:10 DEBUG [t1] "TestVolatile":15: 13
2020-12-19 20:58:10 DEBUG [t1] "TestVolatile":15: 13
2020-12-19 20:58:10 DEBUG [t1] "TestVolatile":15: 13
2020-12-19 20:58:10 DEBUG [t1] "TestVolatile":15: 13
2020-12-19 20:58:10 DEBUG [t1] "TestVolatile":15: 13
2020-12-19 20:58:10 DEBUG [t1] "TestVolatile":15: 13
2020-12-19 20:58:10 DEBUG [t1] "TestVolatile":15: 13
2020-12-19 20:58:10 DEBUG [t1] "TestVolatile":15: 13
2020-12-19 20:58:10 DEBUG [t1] "TestVolatile":15: 13
2020-12-19 20:58:10 DEBUG [t1] "TestVolatile":15: 13
2020-12-19 20:58:10 DEBUG [t1] "TestVolatile":15: 13
2020-12-19 20:58:10 DEBUG [t1] "TestVolatile":15: 13
2020-12-19 20:58:10 DEBUG [t1] "TestVolatile":15: 13
2020-12-19 20:58:10 DEBUG [t1] "TestVolatile":15: 13
2020-12-19 20:58:10 DEBUG [t1] "TestVolatile":15: 13
2020-12-19 20:58:10 DEBUG [t1] "TestVolatile":15: 13
2020-12-19 20:58:10 DEBUG [t1] "TestVolatile":15: 13
2020-12-19 20:58:10 DEBUG [t1] "TestVolatile":15: 13
2020-12-19 20:58:10 DEBUG [t1] "TestVolatile":15: 13
2020-12-19 20:58:10 DEBUG [t1] "TestVolatile":15: 13
2020-12-19 20:58:10 DEBUG [t1] "TestVolatile":15: 13
2020-12-19 20:58:10 DEBUG [t1] "TestVolatile":15: 13
2020-12-19 20:58:10 DEBUG [t1] "TestVolatile":15: 13
2020-12-19 20:58:10 DEBUG [t1] "TestVolatile":15: 13
2020-12-19 20:58:10 DEBUG [t1] "TestVolatile":15: 13
2020-12-19 20:58:10 DEBUG [t1] "TestVolatile":15: 13
2020-12-19 20:58:10 DEBUG [t1] "TestVolatile":15: 13
2020-12-19 20:58:10 DEBUG [t1] "TestVolatile":15: 13
2020-12-19 20:58:10 DEBUG [t1] "TestVolatile":15: 13
2020-12-19 20:58:10 DEBUG [t1] "TestVolatile":15: 13
2020-12-19 20:58:10 DEBUG [t1] "TestVolatile":15: 13
2020-12-19 20:58:10 DEBUG [t1] "TestVolatile":15: 13
2020-12-19 20:58:10 DEBUG [t1] "TestVolatile":15: 13
2020-12-19 20:58:10 DEBUG [t1] "TestVolatile":15: 13
2020-12-19 20:58:10 DEBUG [t1] "TestVolatile":15: 13
2020-12-19 20:58:10 DEBUG [t1] "TestVolatile":15: 13
2020-12-19 20:58:10 DEBUG [t1] "TestVolatile":15: 13
2020-12-19 20:58:10 DEBUG [t1] "TestVolatile":15: 13
2020-12-19 20:58:10 DEBUG [t1] "TestVolatile":15: 13
2020-12-19 20:58:10 DEBUG [t1] "TestVolatile":15: 13
2020-12-19 20:58:10 DEBUG [t1] "TestVolatile":15: 13
2020-12-19 20:58:10 DEBUG [t1] "TestVolatile":15: 13
2020-12-19 20:58:10 DEBUG [t1] "TestVolatile":15: 13
2020-12-19 20:58:10 DEBUG [t1] "TestVolatile":15: 13
2020-12-19 20:58:10 DEBUG [t1] "TestVolatile":15: 13
2020-12-19 20:58:10 DEBUG [t1] "TestVolatile":15: 13
2020-12-19 20:58:10 DEBUG [t1] "TestVolatile":15: 13
2020-12-19 20:58:10 DEBUG [t1] "TestVolatile":15: 13
2020-12-19 20:58:10 DEBUG [t1] "TestVolatile":15: 13
2020-12-19 20:58:10 DEBUG [t1] "TestVolatile":15: 13
2020-12-19 20:58:10 DEBUG [t1] "TestVolatile":15: 13
2020-12-19 20:58:10 DEBUG [t1] "TestVolatile":15: 13
2020-12-19 20:58:10 DEBUG [t1] "TestVolatile":15: 13
2020-12-19 20:58:10 DEBUG [t1] "TestVolatile":15: 13
2020-12-19 20:58:10 DEBUG [t1] "TestVolatile":15: 13
2020-12-19 20:58:10 DEBUG [t1] "TestVolatile":15: 13
2020-12-19 20:58:10 DEBUG [t1] "TestVolatile":15: 13
2020-12-19 20:58:10 DEBUG [t1] "TestVolatile":15: 13
2020-12-19 20:58:10 DEBUG [t1] "TestVolatile":15: 13
2020-12-19 20:58:10 DEBUG [t1] "TestVolatile":15: 13
2020-12-19 20:58:10 DEBUG [t1] "TestVolatile":15: 13
2020-12-19 20:58:10 DEBUG [t1] "TestVolatile":15: 13
2020-12-19 20:58:10 DEBUG [t1] "TestVolatile":15: 13
2020-12-19 20:58:10 DEBUG [t1] "TestVolatile":15: 13
2020-12-19 20:58:10 DEBUG [t1] "TestVolatile":15: 13
2020-12-19 20:58:10 DEBUG [t1] "TestVolatile":15: 13
2020-12-19 20:58:10 DEBUG [t1] "TestVolatile":15: 13
2020-12-19 20:58:10 DEBUG [t1] "TestVolatile":15: 13
2020-12-19 20:58:10 DEBUG [t1] "TestVolatile":15: 13
2020-12-19 20:58:10 DEBUG [t1] "TestVolatile":15: 13
2020-12-19 20:58:10 DEBUG [t1] "TestVolatile":15: 13
2020-12-19 20:58:10 DEBUG [t1] "TestVolatile":15: 13
2020-12-19 20:58:10 DEBUG [t1] "TestVolatile":15: 13
2020-12-19 20:58:10 DEBUG [t1] "TestVolatile":15: 13
2020-12-19 20:58:10 DEBUG [t1] "TestVolatile":15: 13
2020-12-19 20:58:10 DEBUG [t1] "TestVolatile":15: 13
2020-12-19 20:58:10 DEBUG [t1] "TestVolatile":15: 13
2020-12-19 20:58:10 DEBUG [t1] "TestVolatile":15: 13
2020-12-19 20:58:10 DEBUG [t1] "TestVolatile":15: 13
2020-12-19 20:58:10 DEBUG [t1] "TestVolatile":15: 13
2020-12-19 20:58:10 DEBUG [t1] "TestVolatile":15: 13
2020-12-19 20:58:10 DEBUG [t1] "TestVolatile":15: 13
2020-12-19 20:58:10 DEBUG [t1] "TestVolatile":15: 13
2020-12-19 20:58:10 DEBUG [t1] "TestVolatile":15: 13
2020-12-19 20:58:10 DEBUG [t1] "TestVolatile":15: 13
2020-12-19 20:58:10 DEBUG [t1] "TestVolatile":15: 13
2020-12-19 20:58:10 DEBUG [t1] "TestVolatile":15: 13
2020-12-19 20:58:10 DEBUG [t1] "TestVolatile":15: 13
2020-12-19 20:58:10 DEBUG [t1] "TestVolatile":15: 13
2020-12-19 20:58:10 DEBUG [t1] "TestVolatile":15: 13
2020-12-19 20:58:10 DEBUG [t1] "TestVolatile":15: 13
2020-12-19 20:58:10 DEBUG [t1] "TestVolatile":15: 13
2020-12-19 20:58:10 DEBUG [t1] "TestVolatile":15: 13
2020-12-19 20:58:10 DEBUG [t1] "TestVolatile":15: 13
2020-12-19 20:58:10 DEBUG [t1] "TestVolatile":15: 13
2020-12-19 20:58:10 DEBUG [t1] "TestVolatile":15: 13
2020-12-19 20:58:10 DEBUG [t1] "TestVolatile":15: 13
2020-12-19 20:58:10 DEBUG [t1] "TestVolatile":15: 13
2020-12-19 20:58:10 DEBUG [t1] "TestVolatile":15: 13
2020-12-19 20:58:10 DEBUG [t1] "TestVolatile":15: 13
2020-12-19 20:58:10 DEBUG [t1] "TestVolatile":15: 13
2020-12-19 20:58:10 DEBUG [t1] "TestVolatile":15: 13
2020-12-19 20:58:10 DEBUG [t1] "TestVolatile":15: 13
2020-12-19 20:58:10 DEBUG [t1] "TestVolatile":15: 13
2020-12-19 20:58:10 DEBUG [t1] "TestVolatile":15: 13
2020-12-19 20:58:10 DEBUG [t1] "TestVolatile":15: 13
2020-12-19 20:58:10 DEBUG [t1] "TestVolatile":15: 13
2020-12-19 20:58:10 DEBUG [t1] "TestVolatile":15: 13
2020-12-19 20:58:10 DEBUG [t1] "TestVolatile":15: 13
2020-12-19 20:58:10 DEBUG [t1] "TestVolatile":15: 13
2020-12-19 20:58:10 DEBUG [t1] "TestVolatile":15: 13
2020-12-19 20:58:10 DEBUG [t1] "TestVolatile":15: 13
2020-12-19 20:58:10 DEBUG [t1] "TestVolatile":15: 13
2020-12-19 20:58:10 DEBUG [t1] "TestVolatile":15: 13
2020-12-19 20:58:10 DEBUG [t1] "TestVolatile":15: 13
2020-12-19 20:58:10 DEBUG [t1] "TestVolatile":15: 13
2020-12-19 20:58:10 DEBUG [t1] "TestVolatile":15: 13
2020-12-19 20:58:10 DEBUG [t1] "TestVolatile":15: 13
2020-12-19 20:58:10 DEBUG [t1] "TestVolatile":15: 13
2020-12-19 20:58:10 DEBUG [t1] "TestVolatile":15: 13
2020-12-19 20:58:10 DEBUG [t1] "TestVolatile":15: 13
2020-12-19 20:58:10 DEBUG [t1] "TestVolatile":15: 13
2020-12-19 20:58:10 DEBUG [t1] "TestVolatile":15: 13
2020-12-19 20:58:10 DEBUG [t1] "TestVolatile":15: 13
2020-12-19 20:58:10 DEBUG [t1] "TestVolatile":15: 13
2020-12-19 20:58:10 DEBUG [t1] "TestVolatile":15: 13
2020-12-19 20:58:10 DEBUG [t1] "TestVolatile":15: 13
2020-12-19 20:58:10 DEBUG [t1] "TestVolatile":15: 13
2020-12-19 20:58:10 DEBUG [t1] "TestVolatile":15: 13
2020-12-19 20:58:10 DEBUG [t1] "TestVolatile":15: 13
2020-12-19 20:58:10 DEBUG [t1] "TestVolatile":15: 13
2020-12-19 20:58:10 DEBUG [t1] "TestVolatile":15: 13
2020-12-19 20:58:10 DEBUG [t1] "TestVolatile":15: 13
2020-12-19 20:58:10 DEBUG [t1] "TestVolatile":15: 13
2020-12-19 20:58:10 DEBUG [t1] "TestVolatile":15: 13
2020-12-19 20:58:10 DEBUG [t1] "TestVolatile":15: 13
2020-12-19 20:58:10 DEBUG [t1] "TestVolatile":15: 13
2020-12-19 20:58:10 DEBUG [t1] "TestVolatile":15: 13
2020-12-19 20:58:10 DEBUG [t1] "TestVolatile":15: 13
2020-12-19 20:58:10 DEBUG [t1] "TestVolatile":15: 13
2020-12-19 20:58:10 DEBUG [t1] "TestVolatile":15: 13
2020-12-19 20:58:10 DEBUG [t1] "TestVolatile":15: 13
2020-12-19 20:58:10 DEBUG [t1] "TestVolatile":15: 13
2020-12-19 20:58:10 DEBUG [t1] "TestVolatile":15: 13
2020-12-19 20:58:10 DEBUG [t1] "TestVolatile":15: 13
2020-12-19 20:58:10 DEBUG [t1] "TestVolatile":15: 13
2020-12-19 20:58:10 DEBUG [t1] "TestVolatile":15: 13
2020-12-19 20:58:10 DEBUG [t1] "TestVolatile":15: 13
2020-12-19 20:58:10 DEBUG [t1] "TestVolatile":15: 13
2020-12-19 20:58:10 DEBUG [t1] "TestVolatile":15: 13
2020-12-19 20:58:10 DEBUG [t1] "TestVolatile":15: 13
2020-12-19 20:58:10 DEBUG [t1] "TestVolatile":15: 13
2020-12-19 20:58:10 DEBUG [t1] "TestVolatile":15: 13
2020-12-19 20:58:10 DEBUG [t1] "TestVolatile":15: 13
2020-12-19 20:58:10 DEBUG [t1] "TestVolatile":15: 13
2020-12-19 20:58:10 DEBUG [t1] "TestVolatile":15: 13
2020-12-19 20:58:10 DEBUG [t1] "TestVolatile":15: 13
2020-12-19 20:58:10 DEBUG [t1] "TestVolatile":15: 13
2020-12-19 20:58:10 DEBUG [t1] "TestVolatile":15: 13
2020-12-19 20:58:10 DEBUG [t1] "TestVolatile":15: 13
2020-12-19 20:58:10 DEBUG [t1] "TestVolatile":15: 13
2020-12-19 20:58:10 DEBUG [t1] "TestVolatile":15: 13
2020-12-19 20:58:10 DEBUG [t1] "TestVolatile":15: 13
2020-12-19 20:58:10 DEBUG [t1] "TestVolatile":15: 13
2020-12-19 20:58:10 DEBUG [t1] "TestVolatile":15: 13
2020-12-19 20:58:10 DEBUG [t1] "TestVolatile":15: 13
2020-12-19 20:58:10 DEBUG [t1] "TestVolatile":15: 13
2020-12-19 20:58:10 DEBUG [t1] "TestVolatile":15: 13
2020-12-19 20:58:10 DEBUG [t1] "TestVolatile":15: 13
2020-12-19 20:58:10 DEBUG [t1] "TestVolatile":15: 13
2020-12-19 20:58:10 DEBUG [t1] "TestVolatile":15: 13
2020-12-19 20:58:10 DEBUG [t1] "TestVolatile":15: 13
2020-12-19 20:58:10 DEBUG [t1] "TestVolatile":15: 13
2020-12-19 20:58:10 DEBUG [t1] "TestVolatile":15: 13
2020-12-19 20:58:10 DEBUG [t1] "TestVolatile":15: 13
2020-12-19 20:58:10 DEBUG [t1] "TestVolatile":15: 13
2020-12-19 20:58:10 DEBUG [t1] "TestVolatile":15: 13
2020-12-19 20:58:10 DEBUG [t1] "TestVolatile":15: 13
2020-12-19 20:58:10 DEBUG [t1] "TestVolatile":15: 13
2020-12-19 20:58:10 DEBUG [t1] "TestVolatile":15: 13
2020-12-19 20:58:10 DEBUG [t1] "TestVolatile":15: 13
2020-12-19 20:58:10 DEBUG [t1] "TestVolatile":15: 13
2020-12-19 20:58:10 DEBUG [t1] "TestVolatile":15: 13
2020-12-19 20:58:10 DEBUG [t1] "TestVolatile":15: 13
2020-12-19 20:58:10 DEBUG [t1] "TestVolatile":15: 13
2020-12-19 20:58:10 DEBUG [t1] "TestVolatile":15: 13
2020-12-19 20:58:10 DEBUG [t1] "TestVolatile":15: 13
2020-12-19 20:58:10 DEBUG [t1] "TestVolatile":15: 13
2020-12-19 20:58:10 DEBUG [t1] "TestVolatile":15: 13
2020-12-19 20:58:10 DEBUG [t1] "TestVolatile":15: 13
2020-12-19 20:58:10 DEBUG [t1] "TestVolatile":15: 13
2020-12-19 20:58:10 DEBUG [t1] "TestVolatile":15: 13
2020-12-19 20:58:10 DEBUG [t1] "TestVolatile":15: 13
2020-12-19 20:58:10 DEBUG [t1] "TestVolatile":15: 13
2020-12-19 20:58:10 DEBUG [t1] "TestVolatile":15: 13
2020-12-19 20:58:10 DEBUG [t1] "TestVolatile":15: 13
2020-12-19 20:58:10 DEBUG [t1] "TestVolatile":15: 13
2020-12-19 20:58:10 DEBUG [t1] "TestVolatile":15: 13
2020-12-19 20:58:10 DEBUG [t1] "TestVolatile":15: 13
2020-12-19 20:58:10 DEBUG [t1] "TestVolatile":15: 13
2020-12-19 20:58:10 DEBUG [t1] "TestVolatile":15: 13
2020-12-19 20:58:10 DEBUG [t1] "TestVolatile":15: 13
2020-12-19 20:58:10 DEBUG [t1] "TestVolatile":15: 13
2020-12-19 20:58:10 DEBUG [t1] "TestVolatile":15: 13
2020-12-19 20:58:10 DEBUG [t1] "TestVolatile":15: 13
2020-12-19 20:58:10 DEBUG [t1] "TestVolatile":15: 13
2020-12-19 20:58:10 DEBUG [t1] "TestVolatile":15: 13
2020-12-19 20:58:10 DEBUG [t1] "TestVolatile":15: 13
2020-12-19 20:58:10 DEBUG [t1] "TestVolatile":15: 13
2020-12-19 20:58:10 DEBUG [t1] "TestVolatile":15: 13
2020-12-19 20:58:10 DEBUG [t1] "TestVolatile":15: 13
2020-12-19 20:58:10 DEBUG [t1] "TestVolatile":15: 13
2020-12-19 20:58:10 DEBUG [t1] "TestVolatile":15: 13
2020-12-19 20:58:10 DEBUG [t1] "TestVolatile":15: 13
2020-12-19 20:58:10 DEBUG [t1] "TestVolatile":15: 13
2020-12-19 20:58:10 DEBUG [t1] "TestVolatile":15: 13
2020-12-19 20:58:10 DEBUG [t1] "TestVolatile":15: 13
2020-12-19 20:58:10 DEBUG [t1] "TestVolatile":15: 13
2020-12-19 20:58:10 DEBUG [t1] "TestVolatile":15: 13
2020-12-19 20:58:10 DEBUG [t1] "TestVolatile":15: 13
2020-12-19 20:58:10 DEBUG [t1] "TestVolatile":15: 13
2020-12-19 20:58:10 DEBUG [t1] "TestVolatile":15: 13
2020-12-19 20:58:10 DEBUG [t1] "TestVolatile":15: 13
2020-12-19 20:58:10 DEBUG [t1] "TestVolatile":15: 13
2020-12-19 20:58:10 DEBUG [t1] "TestVolatile":15: 13
2020-12-19 20:58:10 DEBUG [t1] "TestVolatile":15: 13
2020-12-19 20:58:10 DEBUG [t1] "TestVolatile":15: 13
2020-12-19 20:58:10 DEBUG [t1] "TestVolatile":15: 13
2020-12-19 20:58:10 DEBUG [t1] "TestVolatile":15: 13
2020-12-19 20:58:10 DEBUG [t1] "TestVolatile":15: 13
2020-12-19 20:58:10 DEBUG [t1] "TestVolatile":15: 13
2020-12-19 20:58:10 DEBUG [t1] "TestVolatile":15: 13
2020-12-19 20:58:10 DEBUG [t1] "TestVolatile":15: 13
2020-12-19 20:58:10 DEBUG [t1] "TestVolatile":15: 13
2020-12-19 20:58:10 DEBUG [t1] "TestVolatile":15: 13
2020-12-19 20:58:10 DEBUG [t1] "TestVolatile":15: 13
2020-12-19 20:58:10 DEBUG [t1] "TestVolatile":15: 13
2020-12-19 20:58:10 DEBUG [t1] "TestVolatile":15: 13
2020-12-19 20:58:10 DEBUG [t1] "TestVolatile":15: 13
2020-12-19 20:58:10 DEBUG [t1] "TestVolatile":15: 13
2020-12-19 20:58:10 DEBUG [t1] "TestVolatile":15: 13
2020-12-19 20:58:10 DEBUG [t1] "TestVolatile":15: 13
2020-12-19 20:58:10 DEBUG [t1] "TestVolatile":15: 13
2020-12-19 20:58:10 DEBUG [t1] "TestVolatile":15: 13
2020-12-19 20:58:10 DEBUG [t1] "TestVolatile":15: 13
2020-12-19 20:58:10 DEBUG [t1] "TestVolatile":15: 13
2020-12-19 20:58:10 DEBUG [t1] "TestVolatile":15: 13
2020-12-19 20:58:10 DEBUG [t1] "TestVolatile":15: 13
2020-12-19 20:58:10 DEBUG [t1] "TestVolatile":15: 13
2020-12-19 20:58:10 DEBUG [t1] "TestVolatile":15: 13
2020-12-19 20:58:10 DEBUG [t1] "TestVolatile":15: 13
2020-12-19 20:58:10 DEBUG [t1] "TestVolatile":15: 13
2020-12-19 20:58:10 DEBUG [t1] "TestVolatile":15: 13
2020-12-19 20:58:10 DEBUG [t1] "TestVolatile":15: 13
2020-12-19 20:58:10 DEBUG [t1] "TestVolatile":15: 13
2020-12-19 20:58:10 DEBUG [t1] "TestVolatile":15: 13
2020-12-19 20:58:10 DEBUG [t1] "TestVolatile":15: 13
2020-12-19 20:58:10 DEBUG [t1] "TestVolatile":15: 13
2020-12-19 20:58:10 DEBUG [t1] "TestVolatile":15: 13
2020-12-19 20:58:10 DEBUG [t1] "TestVolatile":15: 13
2020-12-19 20:58:10 DEBUG [t1] "TestVolatile":15: 13
2020-12-19 20:58:10 DEBUG [t1] "TestVolatile":15: 13
2020-12-19 20:58:10 DEBUG [t1] "TestVolatile":15: 13
2020-12-19 20:58:10 DEBUG [t1] "TestVolatile":15: 13
2020-12-19 20:58:10 DEBUG [t1] "TestVolatile":15: 13
2020-12-19 20:58:10 DEBUG [t1] "TestVolatile":15: 13
2020-12-19 20:58:10 DEBUG [t1] "TestVolatile":15: 13
2020-12-19 20:58:10 DEBUG [t1] "TestVolatile":15: 13
2020-12-19 20:58:10 DEBUG [t1] "TestVolatile":15: 13
2020-12-19 20:58:10 DEBUG [t1] "TestVolatile":15: 13
2020-12-19 20:58:10 DEBUG [t1] "TestVolatile":15: 13
2020-12-19 20:58:10 DEBUG [t1] "TestVolatile":15: 13
2020-12-19 20:58:10 DEBUG [t1] "TestVolatile":15: 13
2020-12-19 20:58:10 DEBUG [t1] "TestVolatile":15: 13
2020-12-19 20:58:10 DEBUG [t1] "TestVolatile":15: 13
2020-12-19 20:58:10 DEBUG [t1] "TestVolatile":15: 13
2020-12-19 20:58:10 DEBUG [t1] "TestVolatile":15: 13
2020-12-19 20:58:10 DEBUG [t1] "TestVolatile":15: 13
2020-12-19 20:58:10 DEBUG [t1] "TestVolatile":15: 13
2020-12-19 20:58:10 DEBUG [t1] "TestVolatile":15: 13
2020-12-19 20:58:10 DEBUG [t1] "TestVolatile":15: 13
2020-12-19 20:58:10 DEBUG [t1] "TestVolatile":15: 13
2020-12-19 20:58:10 DEBUG [t1] "TestVolatile":15: 13
2020-12-19 20:58:10 DEBUG [t1] "TestVolatile":15: 13
2020-12-19 20:58:10 DEBUG [t1] "TestVolatile":15: 13
2020-12-19 20:58:10 DEBUG [t1] "TestVolatile":15: 13
2020-12-19 20:58:10 DEBUG [t1] "TestVolatile":15: 13
2020-12-19 20:58:10 DEBUG [t1] "TestVolatile":15: 13
2020-12-19 20:58:10 DEBUG [t1] "TestVolatile":15: 13
2020-12-19 20:58:10 DEBUG [t1] "TestVolatile":15: 13
2020-12-19 20:58:10 DEBUG [t1] "TestVolatile":15: 13
2020-12-19 20:58:10 DEBUG [t1] "TestVolatile":15: 13
2020-12-19 20:58:10 DEBUG [t1] "TestVolatile":15: 13
2020-12-19 20:58:10 DEBUG [t1] "TestVolatile":15: 13
2020-12-19 20:58:10 DEBUG [t1] "TestVolatile":15: 13
2020-12-19 20:58:10 DEBUG [t1] "TestVolatile":15: 13
2020-12-19 20:58:10 DEBUG [t1] "TestVolatile":15: 13
2020-12-19 20:58:10 DEBUG [t1] "TestVolatile":15: 13
2020-12-19 20:58:10 DEBUG [t1] "TestVolatile":15: 13
2020-12-19 20:58:10 DEBUG [t1] "TestVolatile":15: 13
2020-12-19 20:58:10 DEBUG [t1] "TestVolatile":15: 13
2020-12-19 20:58:10 DEBUG [t1] "TestVolatile":15: 13
2020-12-19 20:58:10 DEBUG [t1] "TestVolatile":15: 13
2020-12-19 20:58:10 DEBUG [t1] "TestVolatile":15: 13
2020-12-19 20:58:10 DEBUG [t1] "TestVolatile":15: 13
2020-12-19 20:58:10 DEBUG [t1] "TestVolatile":15: 13
2020-12-19 20:58:10 DEBUG [t1] "TestVolatile":15: 13
2020-12-19 20:58:10 DEBUG [t1] "TestVolatile":15: 13
2020-12-19 20:58:10 DEBUG [t1] "TestVolatile":15: 13
2020-12-19 20:58:10 DEBUG [t1] "TestVolatile":15: 13
2020-12-19 20:58:10 DEBUG [t1] "TestVolatile":15: 13
2020-12-19 20:58:10 DEBUG [t1] "TestVolatile":15: 13
2020-12-19 20:58:10 DEBUG [t1] "TestVolatile":15: 13
2020-12-19 20:58:10 DEBUG [t1] "TestVolatile":15: 13
2020-12-19 20:58:10 DEBUG [t1] "TestVolatile":15: 13
2020-12-19 20:58:10 DEBUG [t1] "TestVolatile":15: 13
2020-12-19 20:58:10 DEBUG [t1] "TestVolatile":15: 13
2020-12-19 20:58:10 DEBUG [t1] "TestVolatile":15: 13
2020-12-19 20:58:10 DEBUG [t1] "TestVolatile":15: 13
2020-12-19 20:58:10 DEBUG [t1] "TestVolatile":15: 13
2020-12-19 20:58:10 DEBUG [t1] "TestVolatile":15: 13
2020-12-19 20:58:10 DEBUG [t1] "TestVolatile":15: 13
2020-12-19 20:58:10 DEBUG [t1] "TestVolatile":15: 13
2020-12-19 20:58:10 DEBUG [t1] "TestVolatile":15: 13
2020-12-19 20:58:10 DEBUG [t1] "TestVolatile":15: 13
2020-12-19 20:58:10 DEBUG [t1] "TestVolatile":15: 13
2020-12-19 20:58:10 DEBUG [t1] "TestVolatile":15: 13
2020-12-19 20:58:10 DEBUG [t1] "TestVolatile":15: 13
2020-12-19 20:58:10 DEBUG [t1] "TestVolatile":15: 13
2020-12-19 20:58:10 DEBUG [t1] "TestVolatile":15: 13
2020-12-19 20:58:10 DEBUG [t1] "TestVolatile":15: 13
2020-12-19 20:58:10 DEBUG [t1] "TestVolatile":15: 13
2020-12-19 20:58:10 DEBUG [t1] "TestVolatile":15: 13
2020-12-19 20:58:10 DEBUG [t1] "TestVolatile":15: 13
2020-12-19 20:58:10 DEBUG [t1] "TestVolatile":15: 13
2020-12-19 20:58:10 DEBUG [t1] "TestVolatile":15: 13
2020-12-19 20:58:10 DEBUG [t1] "TestVolatile":15: 13
2020-12-19 20:58:10 DEBUG [t1] "TestVolatile":15: 13
2020-12-19 20:58:10 DEBUG [t1] "TestVolatile":15: 13
2020-12-19 20:58:10 DEBUG [t1] "TestVolatile":15: 13
2020-12-19 20:58:10 DEBUG [t1] "TestVolatile":15: 13
2020-12-19 20:58:10 DEBUG [t1] "TestVolatile":15: 13
2020-12-19 20:58:10 DEBUG [t1] "TestVolatile":15: 13
2020-12-19 20:58:10 DEBUG [t1] "TestVolatile":15: 13
2020-12-19 20:58:10 DEBUG [t1] "TestVolatile":15: 13
2020-12-19 20:58:10 DEBUG [t1] "TestVolatile":15: 13
2020-12-19 20:58:10 DEBUG [t1] "TestVolatile":15: 13
2020-12-19 20:58:10 DEBUG [t1] "TestVolatile":15: 13
2020-12-19 20:58:10 DEBUG [t1] "TestVolatile":15: 13
2020-12-19 20:58:10 DEBUG [t1] "TestVolatile":15: 13
2020-12-19 20:58:10 DEBUG [t1] "TestVolatile":15: 13
2020-12-19 20:58:10 DEBUG [t1] "TestVolatile":15: 13
2020-12-19 20:58:10 DEBUG [t1] "TestVolatile":15: 13
2020-12-19 20:58:10 DEBUG [t1] "TestVolatile":15: 13
2020-12-19 20:58:10 DEBUG [t1] "TestVolatile":15: 13
2020-12-19 20:58:10 DEBUG [t1] "TestVolatile":15: 13
2020-12-19 20:58:10 DEBUG [t1] "TestVolatile":15: 13
2020-12-19 20:58:10 DEBUG [t1] "TestVolatile":15: 13
2020-12-19 20:58:10 DEBUG [t1] "TestVolatile":15: 13
2020-12-19 20:58:10 DEBUG [t1] "TestVolatile":15: 13
2020-12-19 20:58:10 DEBUG [t1] "TestVolatile":15: 13
2020-12-19 20:58:10 DEBUG [t1] "TestVolatile":15: 13
2020-12-19 20:58:10 DEBUG [t1] "TestVolatile":15: 13
2020-12-19 20:58:10 DEBUG [t1] "TestVolatile":15: 13
2020-12-19 20:58:10 DEBUG [t1] "TestVolatile":15: 13
2020-12-19 20:58:10 DEBUG [t1] "TestVolatile":15: 13
2020-12-19 20:58:10 DEBUG [t1] "TestVolatile":15: 13
2020-12-19 20:58:10 DEBUG [t1] "TestVolatile":15: 13
2020-12-19 20:58:10 DEBUG [t1] "TestVolatile":15: 13
2020-12-19 20:58:10 DEBUG [t1] "TestVolatile":15: 13
2020-12-19 20:58:10 DEBUG [t1] "TestVolatile":15: 13
2020-12-19 20:58:10 DEBUG [t1] "TestVolatile":15: 13
2020-12-19 20:58:10 DEBUG [t1] "TestVolatile":15: 13
2020-12-19 20:58:10 DEBUG [t1] "TestVolatile":15: 13
2020-12-19 20:58:10 DEBUG [t1] "TestVolatile":15: 13
2020-12-19 20:58:10 DEBUG [t1] "TestVolatile":15: 13
2020-12-19 20:58:10 DEBUG [t1] "TestVolatile":15: 13
2020-12-19 20:58:10 DEBUG [t1] "TestVolatile":15: 13
2020-12-19 20:58:10 DEBUG [t1] "TestVolatile":15: 13
2020-12-19 20:58:10 DEBUG [t1] "TestVolatile":15: 13
2020-12-19 20:58:10 DEBUG [t1] "TestVolatile":15: 13
2020-12-19 20:58:10 DEBUG [t1] "TestVolatile":15: 13
2020-12-19 20:58:10 DEBUG [t1] "TestVolatile":15: 13
2020-12-19 20:58:10 DEBUG [t1] "TestVolatile":15: 13
2020-12-19 20:58:10 DEBUG [t1] "TestVolatile":15: 13
2020-12-19 20:58:10 DEBUG [t1] "TestVolatile":15: 13
2020-12-19 20:58:10 DEBUG [t1] "TestVolatile":15: 13
2020-12-19 20:58:10 DEBUG [t1] "TestVolatile":15: 13
2020-12-19 20:58:10 DEBUG [t1] "TestVolatile":15: 13
2020-12-19 20:58:10 DEBUG [t1] "TestVolatile":15: 13
2020-12-19 20:58:10 DEBUG [t1] "TestVolatile":15: 13
2020-12-19 20:58:10 DEBUG [t1] "TestVolatile":15: 13
2020-12-19 20:58:10 DEBUG [t1] "TestVolatile":15: 13
2020-12-19 20:58:10 DEBUG [t1] "TestVolatile":15: 13
2020-12-19 20:58:10 DEBUG [t1] "TestVolatile":15: 13
2020-12-19 20:58:10 DEBUG [t1] "TestVolatile":15: 13
2020-12-19 20:58:10 DEBUG [t1] "TestVolatile":15: 13
2020-12-19 20:58:10 DEBUG [t1] "TestVolatile":15: 13
2020-12-19 20:58:10 DEBUG [t1] "TestVolatile":15: 13
2020-12-19 20:58:10 DEBUG [t1] "TestVolatile":15: 13
2020-12-19 20:58:10 DEBUG [t1] "TestVolatile":15: 13
2020-12-19 20:58:10 DEBUG [t1] "TestVolatile":15: 13
2020-12-19 20:58:10 DEBUG [t1] "TestVolatile":15: 13
2020-12-19 20:58:10 DEBUG [t1] "TestVolatile":15: 13
2020-12-19 20:58:10 DEBUG [t1] "TestVolatile":15: 13
2020-12-19 20:58:10 DEBUG [t1] "TestVolatile":15: 13
2020-12-19 20:58:10 DEBUG [t1] "TestVolatile":15: 13
2020-12-19 20:58:10 DEBUG [t1] "TestVolatile":15: 13
2020-12-19 20:58:10 DEBUG [t1] "TestVolatile":15: 13
2020-12-19 20:58:10 DEBUG [t1] "TestVolatile":15: 13
2020-12-19 20:58:10 DEBUG [t1] "TestVolatile":15: 13
2020-12-19 20:58:10 DEBUG [t1] "TestVolatile":15: 13
2020-12-19 20:58:10 DEBUG [t1] "TestVolatile":15: 13
2020-12-19 20:58:10 DEBUG [t1] "TestVolatile":15: 13
2020-12-19 20:58:10 DEBUG [t1] "TestVolatile":15: 13
2020-12-19 20:58:10 DEBUG [t1] "TestVolatile":15: 13
2020-12-19 20:58:10 DEBUG [t1] "TestVolatile":15: 13
2020-12-19 20:58:10 DEBUG [t1] "TestVolatile":15: 13
2020-12-19 20:58:10 DEBUG [t1] "TestVolatile":15: 13
2020-12-19 20:58:10 DEBUG [t1] "TestVolatile":15: 13
2020-12-19 20:58:10 DEBUG [t1] "TestVolatile":15: 13
2020-12-19 20:58:10 DEBUG [t1] "TestVolatile":15: 13
2020-12-19 20:58:10 DEBUG [t1] "TestVolatile":15: 13
2020-12-19 20:58:10 DEBUG [t1] "TestVolatile":15: 13
2020-12-19 20:58:10 DEBUG [t1] "TestVolatile":15: 13
2020-12-19 20:58:10 DEBUG [t1] "TestVolatile":15: 13
2020-12-19 20:58:10 DEBUG [t1] "TestVolatile":15: 13
2020-12-19 20:58:10 DEBUG [t1] "TestVolatile":15: 13
2020-12-19 20:58:10 DEBUG [t1] "TestVolatile":15: 13
2020-12-19 20:58:10 DEBUG [t1] "TestVolatile":15: 13
2020-12-19 20:58:10 DEBUG [t1] "TestVolatile":15: 13
2020-12-19 20:58:10 DEBUG [t1] "TestVolatile":15: 13
2020-12-19 20:58:10 DEBUG [t1] "TestVolatile":15: 13
2020-12-19 20:58:10 DEBUG [t1] "TestVolatile":15: 13
2020-12-19 20:58:10 DEBUG [t1] "TestVolatile":15: 13
2020-12-19 20:58:10 DEBUG [t1] "TestVolatile":15: 13
2020-12-19 20:58:10 DEBUG [t1] "TestVolatile":15: 13
2020-12-19 20:58:10 DEBUG [t1] "TestVolatile":15: 13
2020-12-19 20:58:10 DEBUG [t1] "TestVolatile":15: 13
2020-12-19 20:58:10 DEBUG [t1] "TestVolatile":15: 13
2020-12-19 20:58:10 DEBUG [t1] "TestVolatile":15: 13
2020-12-19 20:58:10 DEBUG [t1] "TestVolatile":15: 13
2020-12-19 20:58:10 DEBUG [t1] "TestVolatile":15: 13
2020-12-19 20:58:10 DEBUG [t1] "TestVolatile":15: 13
2020-12-19 20:58:10 DEBUG [t1] "TestVolatile":15: 13
2020-12-19 20:58:10 DEBUG [t1] "TestVolatile":15: 13
2020-12-19 20:58:10 DEBUG [t1] "TestVolatile":15: 13
2020-12-19 20:58:10 DEBUG [t1] "TestVolatile":15: 13
2020-12-19 20:58:10 DEBUG [t1] "TestVolatile":15: 13
2020-12-19 20:58:10 DEBUG [t1] "TestVolatile":15: 13
2020-12-19 20:58:10 DEBUG [t1] "TestVolatile":15: 13
2020-12-19 20:58:10 DEBUG [t1] "TestVolatile":15: 13
2020-12-19 20:58:10 DEBUG [t1] "TestVolatile":15: 13
2020-12-19 20:58:10 DEBUG [t1] "TestVolatile":15: 13
2020-12-19 20:58:10 DEBUG [t1] "TestVolatile":15: 13
2020-12-19 20:58:10 DEBUG [t1] "TestVolatile":15: 13
2020-12-19 20:58:10 DEBUG [t1] "TestVolatile":15: 13
2020-12-19 20:58:10 DEBUG [t1] "TestVolatile":15: 13
2020-12-19 20:58:10 DEBUG [t1] "TestVolatile":15: 13
2020-12-19 20:58:10 DEBUG [t1] "TestVolatile":15: 13
2020-12-19 20:58:10 DEBUG [t1] "TestVolatile":15: 13
2020-12-19 20:58:10 DEBUG [t1] "TestVolatile":15: 13
2020-12-19 20:58:10 DEBUG [t1] "TestVolatile":15: 13
2020-12-19 20:58:10 DEBUG [t1] "TestVolatile":15: 13
2020-12-19 20:58:10 DEBUG [t1] "TestVolatile":15: 13
2020-12-19 20:58:10 DEBUG [t1] "TestVolatile":15: 13
2020-12-19 20:58:10 DEBUG [t1] "TestVolatile":15: 13
2020-12-19 20:58:10 DEBUG [t1] "TestVolatile":15: 13
2020-12-19 20:58:10 DEBUG [t1] "TestVolatile":15: 13
2020-12-19 20:58:10 DEBUG [t1] "TestVolatile":15: 13
2020-12-19 20:58:10 DEBUG [t1] "TestVolatile":15: 13
2020-12-19 20:58:10 DEBUG [t1] "TestVolatile":15: 13
2020-12-19 20:58:10 DEBUG [t1] "TestVolatile":15: 13
2020-12-19 20:58:10 DEBUG [t1] "TestVolatile":15: 13
2020-12-19 20:58:10 DEBUG [t1] "TestVolatile":15: 13
2020-12-19 20:58:10 DEBUG [t1] "TestVolatile":15: 13
2020-12-19 20:58:10 DEBUG [t1] "TestVolatile":15: 13
2020-12-19 20:58:10 DEBUG [t1] "TestVolatile":15: 13
2020-12-19 20:58:10 DEBUG [t1] "TestVolatile":15: 13
2020-12-19 20:58:10 DEBUG [t1] "TestVolatile":15: 13
2020-12-19 20:58:10 DEBUG [t1] "TestVolatile":15: 13
2020-12-19 20:58:10 DEBUG [t1] "TestVolatile":15: 13
2020-12-19 20:58:10 DEBUG [t1] "TestVolatile":15: 13
2020-12-19 20:58:10 DEBUG [t1] "TestVolatile":15: 13
2020-12-19 20:58:10 DEBUG [t1] "TestVolatile":15: 13
2020-12-19 20:58:10 DEBUG [t1] "TestVolatile":15: 13
2020-12-19 20:58:10 DEBUG [t1] "TestVolatile":15: 13
2020-12-19 20:58:10 DEBUG [t1] "TestVolatile":15: 13
2020-12-19 20:58:10 DEBUG [t1] "TestVolatile":15: 13
2020-12-19 20:58:10 DEBUG [t1] "TestVolatile":15: 13
2020-12-19 20:58:10 DEBUG [t1] "TestVolatile":15: 13
2020-12-19 20:58:10 DEBUG [t1] "TestVolatile":15: 13
2020-12-19 20:58:10 DEBUG [t1] "TestVolatile":15: 13
2020-12-19 20:58:10 DEBUG [t1] "TestVolatile":15: 13
2020-12-19 20:58:10 DEBUG [t1] "TestVolatile":15: 13
2020-12-19 20:58:10 DEBUG [t1] "TestVolatile":15: 13
2020-12-19 20:58:10 DEBUG [t1] "TestVolatile":15: 13
2020-12-19 20:58:10 DEBUG [t1] "TestVolatile":15: 13
2020-12-19 20:58:10 DEBUG [t1] "TestVolatile":15: 13
2020-12-19 20:58:10 DEBUG [t1] "TestVolatile":15: 13
2020-12-19 20:58:10 DEBUG [t1] "TestVolatile":15: 13
2020-12-19 20:58:10 DEBUG [t1] "TestVolatile":15: 13
2020-12-19 20:58:10 DEBUG [t1] "TestVolatile":15: 13
2020-12-19 20:58:10 DEBUG [t1] "TestVolatile":15: 13
2020-12-19 20:58:10 DEBUG [t1] "TestVolatile":15: 13
2020-12-19 20:58:10 DEBUG [t1] "TestVolatile":15: 13
2020-12-19 20:58:10 DEBUG [t1] "TestVolatile":15: 13
2020-12-19 20:58:10 DEBUG [t1] "TestVolatile":15: 13
2020-12-19 20:58:10 DEBUG [t1] "TestVolatile":15: 13
2020-12-19 20:58:10 DEBUG [t1] "TestVolatile":15: 13
2020-12-19 20:58:10 DEBUG [t1] "TestVolatile":15: 13
2020-12-19 20:58:10 DEBUG [t1] "TestVolatile":15: 13
2020-12-19 20:58:10 DEBUG [t1] "TestVolatile":15: 13
2020-12-19 20:58:10 DEBUG [t1] "TestVolatile":15: 13
2020-12-19 20:58:10 DEBUG [t1] "TestVolatile":15: 13
2020-12-19 20:58:10 DEBUG [t1] "TestVolatile":15: 13
2020-12-19 20:58:10 DEBUG [t1] "TestVolatile":15: 13
2020-12-19 20:58:10 DEBUG [t1] "TestVolatile":15: 13
2020-12-19 20:58:10 DEBUG [t1] "TestVolatile":15: 13
2020-12-19 20:58:10 DEBUG [t1] "TestVolatile":15: 13
2020-12-19 20:58:10 DEBUG [t1] "TestVolatile":15: 13
2020-12-19 20:58:10 DEBUG [t1] "TestVolatile":15: 13
2020-12-19 20:58:10 DEBUG [t1] "TestVolatile":15: 13
2020-12-19 20:58:10 DEBUG [t1] "TestVolatile":15: 13
2020-12-19 20:58:10 DEBUG [t1] "TestVolatile":15: 13
2020-12-19 20:58:10 DEBUG [t1] "TestVolatile":15: 13
2020-12-19 20:58:10 DEBUG [t1] "TestVolatile":15: 13
2020-12-19 20:58:10 DEBUG [t1] "TestVolatile":15: 13
2020-12-19 20:58:10 DEBUG [t1] "TestVolatile":15: 13
2020-12-19 20:58:10 DEBUG [t1] "TestVolatile":15: 13
2020-12-19 20:58:10 DEBUG [t1] "TestVolatile":15: 13
2020-12-19 20:58:10 DEBUG [t1] "TestVolatile":15: 13
2020-12-19 20:58:10 DEBUG [t1] "TestVolatile":15: 13
2020-12-19 20:58:10 DEBUG [t1] "TestVolatile":15: 13
2020-12-19 20:58:10 DEBUG [t1] "TestVolatile":15: 13
2020-12-19 20:58:10 DEBUG [t1] "TestVolatile":15: 13
2020-12-19 20:58:10 DEBUG [t1] "TestVolatile":15: 13
2020-12-19 20:58:10 DEBUG [t1] "TestVolatile":15: 13
2020-12-19 20:58:10 DEBUG [t1] "TestVolatile":15: 13
2020-12-19 20:58:10 DEBUG [t1] "TestVolatile":15: 13
2020-12-19 20:58:10 DEBUG [t1] "TestVolatile":15: 13
2020-12-19 20:58:10 DEBUG [t1] "TestVolatile":15: 13
2020-12-19 20:58:10 DEBUG [t1] "TestVolatile":15: 13
2020-12-19 20:58:10 DEBUG [t1] "TestVolatile":15: 13
2020-12-19 20:58:10 DEBUG [t1] "TestVolatile":15: 13
2020-12-19 20:58:10 DEBUG [t1] "TestVolatile":15: 13
2020-12-19 20:58:10 DEBUG [t1] "TestVolatile":15: 13
2020-12-19 20:58:10 DEBUG [t1] "TestVolatile":15: 13
2020-12-19 20:58:10 DEBUG [t1] "TestVolatile":15: 13
2020-12-19 20:58:10 DEBUG [t1] "TestVolatile":15: 13
2020-12-19 20:58:10 DEBUG [t1] "TestVolatile":15: 13
2020-12-19 20:58:10 DEBUG [t1] "TestVolatile":15: 13
2020-12-19 20:58:10 DEBUG [t1] "TestVolatile":15: 13
2020-12-19 20:58:10 DEBUG [t1] "TestVolatile":15: 13
2020-12-19 20:58:10 DEBUG [t1] "TestVolatile":15: 13
2020-12-19 20:58:10 DEBUG [t1] "TestVolatile":15: 13
2020-12-19 20:58:10 DEBUG [t1] "TestVolatile":15: 13
2020-12-19 20:58:10 DEBUG [t1] "TestVolatile":15: 13
2020-12-19 20:58:10 DEBUG [t1] "TestVolatile":15: 13
2020-12-19 20:58:10 DEBUG [t1] "TestVolatile":15: 13
2020-12-19 20:58:10 DEBUG [t1] "TestVolatile":15: 13
2020-12-19 20:58:10 DEBUG [t1] "TestVolatile":15: 13
2020-12-19 20:58:10 DEBUG [t1] "TestVolatile":15: 13
2020-12-19 20:58:10 DEBUG [t1] "TestVolatile":15: 13
2020-12-19 20:58:10 DEBUG [t1] "TestVolatile":15: 13
2020-12-19 20:58:10 DEBUG [t1] "TestVolatile":15: 13
2020-12-19 20:58:10 DEBUG [t1] "TestVolatile":15: 13
2020-12-19 20:58:10 DEBUG [t1] "TestVolatile":15: 13
2020-12-19 20:58:10 DEBUG [t1] "TestVolatile":15: 13
2020-12-19 20:58:10 DEBUG [t1] "TestVolatile":15: 13
2020-12-19 20:58:10 DEBUG [t1] "TestVolatile":15: 13
2020-12-19 20:58:10 DEBUG [t1] "TestVolatile":15: 13
2020-12-19 20:58:10 DEBUG [t1] "TestVolatile":15: 13
2020-12-19 20:58:10 DEBUG [t1] "TestVolatile":15: 13
2020-12-19 20:58:10 DEBUG [t1] "TestVolatile":15: 13
2020-12-19 20:58:10 DEBUG [t1] "TestVolatile":15: 13
2020-12-19 20:58:10 DEBUG [t1] "TestVolatile":15: 13
2020-12-19 20:58:10 DEBUG [t1] "TestVolatile":15: 13
2020-12-19 20:58:10 DEBUG [t1] "TestVolatile":15: 13
2020-12-19 20:58:10 DEBUG [t1] "TestVolatile":15: 13
2020-12-19 20:58:10 DEBUG [t1] "TestVolatile":15: 13
2020-12-19 20:58:10 DEBUG [t1] "TestVolatile":15: 13
2020-12-19 20:58:10 DEBUG [t1] "TestVolatile":15: 13
2020-12-19 20:58:10 DEBUG [t1] "TestVolatile":15: 13
2020-12-19 20:58:10 DEBUG [t1] "TestVolatile":15: 13
2020-12-19 20:58:10 DEBUG [t1] "TestVolatile":15: 13
2020-12-19 20:58:10 DEBUG [t1] "TestVolatile":15: 13
2020-12-19 20:58:10 DEBUG [t1] "TestVolatile":15: 13
2020-12-19 20:58:10 DEBUG [t1] "TestVolatile":15: 13
2020-12-19 20:58:10 DEBUG [t1] "TestVolatile":15: 13
2020-12-19 20:58:10 DEBUG [t1] "TestVolatile":15: 13
2020-12-19 20:58:10 DEBUG [t1] "TestVolatile":15: 13
2020-12-19 20:58:10 DEBUG [t1] "TestVolatile":15: 13
2020-12-19 20:58:10 DEBUG [t1] "TestVolatile":15: 13
2020-12-19 20:58:10 DEBUG [t1] "TestVolatile":15: 13
2020-12-19 20:58:10 DEBUG [t1] "TestVolatile":15: 13
2020-12-19 20:58:10 DEBUG [t1] "TestVolatile":15: 13
2020-12-19 20:58:10 DEBUG [t1] "TestVolatile":15: 13
2020-12-19 20:58:10 DEBUG [t1] "TestVolatile":15: 13
2020-12-19 20:58:10 DEBUG [t1] "TestVolatile":15: 13
2020-12-19 20:58:10 DEBUG [t1] "TestVolatile":15: 13
2020-12-19 20:58:10 DEBUG [t1] "TestVolatile":15: 13
2020-12-19 20:58:10 DEBUG [t1] "TestVolatile":15: 13
2020-12-19 20:58:10 DEBUG [t1] "TestVolatile":15: 13
2020-12-19 20:58:10 DEBUG [t1] "TestVolatile":15: 13
2020-12-19 20:58:10 DEBUG [t1] "TestVolatile":15: 13
2020-12-19 20:58:10 DEBUG [t1] "TestVolatile":15: 13
2020-12-19 20:58:10 DEBUG [t1] "TestVolatile":15: 13
2020-12-19 20:58:10 DEBUG [t1] "TestVolatile":15: 13
2020-12-19 20:58:10 DEBUG [t1] "TestVolatile":15: 13
2020-12-19 20:58:10 DEBUG [t1] "TestVolatile":15: 13
2020-12-19 20:58:10 DEBUG [t1] "TestVolatile":15: 13
2020-12-19 20:58:10 DEBUG [t1] "TestVolatile":15: 13
2020-12-19 20:58:10 DEBUG [t1] "TestVolatile":15: 13
2020-12-19 20:58:10 DEBUG [t1] "TestVolatile":15: 13
2020-12-19 20:58:10 DEBUG [t1] "TestVolatile":15: 13
2020-12-19 20:58:10 DEBUG [t1] "TestVolatile":15: 13
2020-12-19 20:58:10 DEBUG [t1] "TestVolatile":15: 13
2020-12-19 20:58:10 DEBUG [t1] "TestVolatile":15: 13
2020-12-19 20:58:10 DEBUG [t1] "TestVolatile":15: 13
2020-12-19 20:58:10 DEBUG [t1] "TestVolatile":15: 13
2020-12-19 20:58:10 DEBUG [t1] "TestVolatile":15: 13
2020-12-19 20:58:10 DEBUG [t1] "TestVolatile":15: 13
2020-12-19 20:58:10 DEBUG [t1] "TestVolatile":15: 13
2020-12-19 20:58:10 DEBUG [t1] "TestVolatile":15: 13
2020-12-19 20:58:10 DEBUG [t1] "TestVolatile":15: 13
2020-12-19 20:58:10 DEBUG [t1] "TestVolatile":15: 13
2020-12-19 20:58:10 DEBUG [t1] "TestVolatile":15: 13
2020-12-19 20:58:10 DEBUG [t1] "TestVolatile":15: 13
2020-12-19 20:58:10 DEBUG [t1] "TestVolatile":15: 13
2020-12-19 20:58:10 DEBUG [t1] "TestVolatile":15: 13
2020-12-19 20:58:10 DEBUG [t1] "TestVolatile":15: 13
2020-12-19 20:58:10 DEBUG [t1] "TestVolatile":15: 13
2020-12-19 20:58:10 DEBUG [t1] "TestVolatile":15: 13
2020-12-19 20:58:10 DEBUG [t1] "TestVolatile":15: 13
2020-12-19 20:58:10 DEBUG [t1] "TestVolatile":15: 13
2020-12-19 20:58:10 DEBUG [t1] "TestVolatile":15: 13
2020-12-19 20:58:10 DEBUG [t1] "TestVolatile":15: 13
2020-12-19 20:58:10 DEBUG [t1] "TestVolatile":15: 13
2020-12-19 20:58:10 DEBUG [t1] "TestVolatile":15: 13
2020-12-19 20:58:10 DEBUG [t1] "TestVolatile":15: 13
2020-12-19 20:58:10 DEBUG [t1] "TestVolatile":15: 13
2020-12-19 20:58:10 DEBUG [t1] "TestVolatile":15: 13
2020-12-19 20:58:10 DEBUG [t1] "TestVolatile":15: 13
2020-12-19 20:58:10 DEBUG [t1] "TestVolatile":15: 13
2020-12-19 20:58:10 DEBUG [t1] "TestVolatile":15: 13
2020-12-19 20:58:10 DEBUG [t1] "TestVolatile":15: 13
2020-12-19 20:58:10 DEBUG [t1] "TestVolatile":15: 13
2020-12-19 20:58:10 DEBUG [t1] "TestVolatile":15: 13
2020-12-19 20:58:10 DEBUG [t1] "TestVolatile":15: 13
2020-12-19 20:58:10 DEBUG [t1] "TestVolatile":15: 13
2020-12-19 20:58:10 DEBUG [t1] "TestVolatile":15: 13
2020-12-19 20:58:10 DEBUG [t1] "TestVolatile":15: 13
2020-12-19 20:58:10 DEBUG [t1] "TestVolatile":15: 13
2020-12-19 20:58:10 DEBUG [t1] "TestVolatile":15: 13
2020-12-19 20:58:10 DEBUG [t1] "TestVolatile":15: 13
2020-12-19 20:58:10 DEBUG [t1] "TestVolatile":15: 13
2020-12-19 20:58:10 DEBUG [t1] "TestVolatile":15: 13
2020-12-19 20:58:10 DEBUG [t1] "TestVolatile":15: 13
2020-12-19 20:58:10 DEBUG [t1] "TestVolatile":15: 13
2020-12-19 20:58:10 DEBUG [t1] "TestVolatile":15: 13
2020-12-19 20:58:10 DEBUG [t1] "TestVolatile":15: 13
2020-12-19 20:58:10 DEBUG [t1] "TestVolatile":15: 13
2020-12-19 20:58:10 DEBUG [t1] "TestVolatile":15: 13
2020-12-19 20:58:10 DEBUG [t1] "TestVolatile":15: 13
2020-12-19 20:58:10 DEBUG [t1] "TestVolatile":15: 13
2020-12-19 20:58:10 DEBUG [t1] "TestVolatile":15: 13
2020-12-19 20:58:10 DEBUG [t1] "TestVolatile":15: 13
2020-12-19 20:58:10 DEBUG [t1] "TestVolatile":15: 13
2020-12-19 20:58:10 DEBUG [t1] "TestVolatile":15: 13
2020-12-19 20:58:10 DEBUG [t1] "TestVolatile":15: 13
2020-12-19 20:58:10 DEBUG [t1] "TestVolatile":15: 13
2020-12-19 20:58:10 DEBUG [t1] "TestVolatile":15: 13
2020-12-19 20:58:10 DEBUG [t1] "TestVolatile":15: 13
2020-12-19 20:58:10 DEBUG [t1] "TestVolatile":15: 13
2020-12-19 20:58:10 DEBUG [t1] "TestVolatile":15: 13
2020-12-19 20:58:10 DEBUG [t1] "TestVolatile":15: 13
2020-12-19 20:58:10 DEBUG [t1] "TestVolatile":15: 13
2020-12-19 20:58:10 DEBUG [t1] "TestVolatile":15: 13
2020-12-19 20:58:10 DEBUG [t1] "TestVolatile":15: 13
2020-12-19 20:58:10 DEBUG [t1] "TestVolatile":15: 13
2020-12-19 20:58:10 DEBUG [t1] "TestVolatile":15: 13
2020-12-19 20:58:10 DEBUG [t1] "TestVolatile":15: 13
2020-12-19 20:58:10 DEBUG [t1] "TestVolatile":15: 13
2020-12-19 20:58:10 DEBUG [t1] "TestVolatile":15: 13
2020-12-19 20:58:10 DEBUG [t1] "TestVolatile":15: 13
2020-12-19 20:58:10 DEBUG [t1] "TestVolatile":15: 13
2020-12-19 20:58:10 DEBUG [t1] "TestVolatile":15: 13
2020-12-19 20:58:10 DEBUG [t1] "TestVolatile":15: 13
2020-12-19 20:58:10 DEBUG [t1] "TestVolatile":15: 13
2020-12-19 20:58:10 DEBUG [t1] "TestVolatile":15: 13
2020-12-19 20:58:10 DEBUG [t1] "TestVolatile":15: 13
2020-12-19 20:58:10 DEBUG [t1] "TestVolatile":15: 13
2020-12-19 20:58:10 DEBUG [t1] "TestVolatile":15: 13
2020-12-19 20:58:10 DEBUG [t1] "TestVolatile":15: 13
2020-12-19 20:58:10 DEBUG [t1] "TestVolatile":15: 13
2020-12-19 20:58:10 DEBUG [t1] "TestVolatile":15: 13
2020-12-19 20:58:10 DEBUG [t1] "TestVolatile":15: 13
2020-12-19 20:58:10 DEBUG [t1] "TestVolatile":15: 13
2020-12-19 20:58:10 DEBUG [t1] "TestVolatile":15: 13
2020-12-19 20:58:10 DEBUG [t1] "TestVolatile":15: 13
2020-12-19 20:58:10 DEBUG [t1] "TestVolatile":15: 13
2020-12-19 20:58:10 DEBUG [t1] "TestVolatile":15: 13
2020-12-19 20:58:10 DEBUG [t1] "TestVolatile":15: 13
2020-12-19 20:58:10 DEBUG [t1] "TestVolatile":15: 13
2020-12-19 20:58:10 DEBUG [t1] "TestVolatile":15: 13
2020-12-19 20:58:10 DEBUG [t1] "TestVolatile":15: 13
2020-12-19 20:58:10 DEBUG [t1] "TestVolatile":15: 13
2020-12-19 20:58:10 DEBUG [t1] "TestVolatile":15: 13
2020-12-19 20:58:10 DEBUG [t1] "TestVolatile":15: 13
2020-12-19 20:58:10 DEBUG [t1] "TestVolatile":15: 13
2020-12-19 20:58:10 DEBUG [t1] "TestVolatile":15: 13
2020-12-19 20:58:10 DEBUG [t1] "TestVolatile":15: 13
2020-12-19 20:58:10 DEBUG [t1] "TestVolatile":15: 13
2020-12-19 20:58:10 DEBUG [t1] "TestVolatile":15: 13
2020-12-19 20:58:10 DEBUG [t1] "TestVolatile":15: 13
2020-12-19 20:58:10 DEBUG [t1] "TestVolatile":15: 13
2020-12-19 20:58:10 DEBUG [t1] "TestVolatile":15: 13
2020-12-19 20:58:10 DEBUG [t1] "TestVolatile":15: 13
2020-12-19 20:58:10 DEBUG [t1] "TestVolatile":15: 13
2020-12-19 20:58:10 DEBUG [t1] "TestVolatile":15: 13
2020-12-19 20:58:10 DEBUG [t1] "TestVolatile":15: 13
2020-12-19 20:58:10 DEBUG [t1] "TestVolatile":15: 13
2020-12-19 20:58:10 DEBUG [t1] "TestVolatile":15: 13
2020-12-19 20:58:10 DEBUG [t1] "TestVolatile":15: 13
2020-12-19 20:58:10 DEBUG [t1] "TestVolatile":15: 13
2020-12-19 20:58:10 DEBUG [t1] "TestVolatile":15: 13
2020-12-19 20:58:10 DEBUG [t1] "TestVolatile":15: 13
2020-12-19 20:58:10 DEBUG [t1] "TestVolatile":15: 13
2020-12-19 20:58:10 DEBUG [t1] "TestVolatile":15: 13
2020-12-19 20:58:10 DEBUG [t1] "TestVolatile":15: 13
2020-12-19 20:58:10 DEBUG [t1] "TestVolatile":15: 13
2020-12-19 20:58:10 DEBUG [t1] "TestVolatile":15: 13
2020-12-19 20:58:10 DEBUG [t1] "TestVolatile":15: 13
2020-12-19 20:58:10 DEBUG [t1] "TestVolatile":15: 13
2020-12-19 20:58:10 DEBUG [t1] "TestVolatile":15: 13
2020-12-19 20:58:10 DEBUG [t1] "TestVolatile":15: 13
2020-12-19 20:58:10 DEBUG [t1] "TestVolatile":15: 13
2020-12-19 20:58:10 DEBUG [t1] "TestVolatile":15: 13
2020-12-19 20:58:10 DEBUG [t1] "TestVolatile":15: 13
2020-12-19 20:58:10 DEBUG [t1] "TestVolatile":15: 13
2020-12-19 20:58:10 DEBUG [t1] "TestVolatile":15: 13
2020-12-19 20:58:10 DEBUG [t1] "TestVolatile":15: 13
2020-12-19 20:58:10 DEBUG [t1] "TestVolatile":15: 13
2020-12-19 20:58:10 DEBUG [t1] "TestVolatile":15: 13
2020-12-19 20:58:10 DEBUG [t1] "TestVolatile":15: 13
2020-12-19 20:58:10 DEBUG [t1] "TestVolatile":15: 13
2020-12-19 20:58:10 DEBUG [t1] "TestVolatile":15: 13
2020-12-19 20:58:10 DEBUG [t1] "TestVolatile":15: 13
2020-12-19 20:58:10 DEBUG [t1] "TestVolatile":15: 13
2020-12-19 20:58:10 DEBUG [t1] "TestVolatile":15: 13
2020-12-19 20:58:10 DEBUG [t1] "TestVolatile":15: 13
2020-12-19 20:58:10 DEBUG [t1] "TestVolatile":15: 13
2020-12-19 20:58:10 DEBUG [t1] "TestVolatile":15: 13
2020-12-19 20:58:10 DEBUG [t1] "TestVolatile":15: 13
2020-12-19 20:58:10 DEBUG [t1] "TestVolatile":15: 13
2020-12-19 20:58:10 DEBUG [t1] "TestVolatile":15: 13
2020-12-19 20:58:10 DEBUG [t1] "TestVolatile":15: 13
2020-12-19 20:58:10 DEBUG [t1] "TestVolatile":15: 13
2020-12-19 20:58:10 DEBUG [t1] "TestVolatile":15: 13
2020-12-19 20:58:10 DEBUG [t1] "TestVolatile":15: 13
2020-12-19 20:58:10 DEBUG [t1] "TestVolatile":15: 13
2020-12-19 20:58:10 DEBUG [t1] "TestVolatile":15: 13
2020-12-19 20:58:10 DEBUG [t1] "TestVolatile":15: 13
2020-12-19 20:58:10 DEBUG [t1] "TestVolatile":15: 13
2020-12-19 20:58:10 DEBUG [t1] "TestVolatile":15: 13
2020-12-19 20:58:10 DEBUG [t1] "TestVolatile":15: 13
2020-12-19 20:58:10 DEBUG [t1] "TestVolatile":15: 13
2020-12-19 20:58:10 DEBUG [t1] "TestVolatile":15: 13
2020-12-19 20:58:10 DEBUG [t1] "TestVolatile":15: 13
2020-12-19 20:58:10 DEBUG [t1] "TestVolatile":15: 13
2020-12-19 20:58:10 DEBUG [t1] "TestVolatile":15: 13
2020-12-19 20:58:10 DEBUG [t1] "TestVolatile":15: 13
2020-12-19 20:58:10 DEBUG [t1] "TestVolatile":15: 13
2020-12-19 20:58:10 DEBUG [t1] "TestVolatile":15: 13
2020-12-19 20:58:10 DEBUG [t1] "TestVolatile":15: 13
2020-12-19 20:58:10 DEBUG [t1] "TestVolatile":15: 13
2020-12-19 20:58:10 DEBUG [t1] "TestVolatile":15: 13
2020-12-19 20:58:10 DEBUG [t1] "TestVolatile":15: 13
2020-12-19 20:58:10 DEBUG [t1] "TestVolatile":15: 13
2020-12-19 20:58:10 DEBUG [t1] "TestVolatile":15: 13
2020-12-19 20:58:10 DEBUG [t1] "TestVolatile":15: 13
2020-12-19 20:58:10 DEBUG [t1] "TestVolatile":15: 13
2020-12-19 20:58:10 DEBUG [t1] "TestVolatile":15: 13
2020-12-19 20:58:10 DEBUG [t1] "TestVolatile":15: 13
2020-12-19 20:58:10 DEBUG [t1] "TestVolatile":15: 13
2020-12-19 20:58:10 DEBUG [t1] "TestVolatile":15: 13
2020-12-19 20:58:10 DEBUG [t1] "TestVolatile":15: 13
2020-12-19 20:58:10 DEBUG [t1] "TestVolatile":15: 13
2020-12-19 20:58:10 DEBUG [t1] "TestVolatile":15: 13
2020-12-19 20:58:10 DEBUG [t1] "TestVolatile":15: 13
2020-12-19 20:58:10 DEBUG [t1] "TestVolatile":15: 13
2020-12-19 20:58:10 DEBUG [t1] "TestVolatile":15: 13
2020-12-19 20:58:10 DEBUG [t1] "TestVolatile":15: 13
2020-12-19 20:58:10 DEBUG [t1] "TestVolatile":15: 13
2020-12-19 20:58:10 DEBUG [t1] "TestVolatile":15: 13
2020-12-19 20:58:10 DEBUG [t1] "TestVolatile":15: 13
2020-12-19 20:58:10 DEBUG [t1] "TestVolatile":15: 13
2020-12-19 20:58:10 DEBUG [t1] "TestVolatile":15: 13
2020-12-19 20:58:10 DEBUG [t1] "TestVolatile":15: 13
2020-12-19 20:58:10 DEBUG [t1] "TestVolatile":15: 13
2020-12-19 20:58:10 DEBUG [t1] "TestVolatile":15: 13
2020-12-19 20:58:10 DEBUG [t1] "TestVolatile":15: 13
2020-12-19 20:58:10 DEBUG [t1] "TestVolatile":15: 13
2020-12-19 20:58:10 DEBUG [t1] "TestVolatile":15: 13
2020-12-19 20:58:10 DEBUG [t1] "TestVolatile":15: 13
2020-12-19 20:58:10 DEBUG [t1] "TestVolatile":15: 13
2020-12-19 20:58:10 DEBUG [t1] "TestVolatile":15: 13
2020-12-19 20:58:10 DEBUG [t1] "TestVolatile":15: 13
2020-12-19 20:58:10 DEBUG [t1] "TestVolatile":15: 13
2020-12-19 20:58:10 DEBUG [t1] "TestVolatile":15: 13
2020-12-19 20:58:10 DEBUG [t1] "TestVolatile":15: 13
2020-12-19 20:58:10 DEBUG [t1] "TestVolatile":15: 13
2020-12-19 20:58:10 DEBUG [t1] "TestVolatile":15: 13
2020-12-19 20:58:10 DEBUG [t1] "TestVolatile":15: 13
2020-12-19 20:58:10 DEBUG [t1] "TestVolatile":15: 13
2020-12-19 20:58:10 DEBUG [t1] "TestVolatile":15: 13
2020-12-19 20:58:10 DEBUG [t1] "TestVolatile":15: 13
2020-12-19 20:58:10 DEBUG [t1] "TestVolatile":15: 13
2020-12-19 20:58:10 DEBUG [t1] "TestVolatile":15: 13
2020-12-19 20:58:10 DEBUG [t1] "TestVolatile":15: 13
2020-12-19 20:58:10 DEBUG [t1] "TestVolatile":15: 13
2020-12-19 20:58:10 DEBUG [t1] "TestVolatile":15: 13
2020-12-19 20:58:10 DEBUG [t1] "TestVolatile":15: 13
2020-12-19 20:58:10 DEBUG [t1] "TestVolatile":15: 13
2020-12-19 20:58:10 DEBUG [t1] "TestVolatile":15: 13
2020-12-19 20:58:10 DEBUG [t1] "TestVolatile":15: 13
2020-12-19 20:58:10 DEBUG [t1] "TestVolatile":15: 13
2020-12-19 20:58:10 DEBUG [t1] "TestVolatile":15: 13
2020-12-19 20:58:10 DEBUG [t1] "TestVolatile":15: 13
2020-12-19 20:58:10 DEBUG [t1] "TestVolatile":15: 13
2020-12-19 20:58:10 DEBUG [t1] "TestVolatile":15: 13
2020-12-19 20:58:10 DEBUG [t1] "TestVolatile":15: 13
2020-12-19 20:58:10 DEBUG [t1] "TestVolatile":15: 13
2020-12-19 20:58:10 DEBUG [t1] "TestVolatile":15: 13
2020-12-19 20:58:10 DEBUG [t1] "TestVolatile":15: 13
2020-12-19 20:58:10 DEBUG [t1] "TestVolatile":15: 13
2020-12-19 20:58:10 DEBUG [t1] "TestVolatile":15: 13
2020-12-19 20:58:10 DEBUG [t1] "TestVolatile":15: 13
2020-12-19 20:58:10 DEBUG [t1] "TestVolatile":15: 13
2020-12-19 20:58:10 DEBUG [t1] "TestVolatile":15: 13
2020-12-19 20:58:10 DEBUG [t1] "TestVolatile":15: 13
2020-12-19 20:58:10 DEBUG [t1] "TestVolatile":15: 13
2020-12-19 20:58:10 DEBUG [t1] "TestVolatile":15: 13
2020-12-19 20:58:10 DEBUG [t1] "TestVolatile":15: 13
2020-12-19 20:58:10 DEBUG [t1] "TestVolatile":15: 13
2020-12-19 20:58:10 DEBUG [t1] "TestVolatile":15: 13
2020-12-19 20:58:10 DEBUG [t1] "TestVolatile":15: 13
2020-12-19 20:58:10 DEBUG [t1] "TestVolatile":15: 13
2020-12-19 20:58:10 DEBUG [t1] "TestVolatile":15: 13
2020-12-19 20:58:10 DEBUG [t1] "TestVolatile":15: 13
2020-12-19 20:58:10 DEBUG [t1] "TestVolatile":15: 13
2020-12-19 20:58:10 DEBUG [t1] "TestVolatile":15: 13
2020-12-19 20:58:10 DEBUG [t1] "TestVolatile":15: 13
2020-12-19 20:58:10 DEBUG [t1] "TestVolatile":15: 13
2020-12-19 20:58:10 DEBUG [t1] "TestVolatile":15: 13
2020-12-19 20:58:10 DEBUG [t1] "TestVolatile":15: 13
2020-12-19 20:58:10 DEBUG [t1] "TestVolatile":15: 13
2020-12-19 20:58:10 DEBUG [t1] "TestVolatile":15: 13
2020-12-19 20:58:10 DEBUG [t1] "TestVolatile":15: 13
2020-12-19 20:58:10 DEBUG [t1] "TestVolatile":15: 13
2020-12-19 20:58:10 DEBUG [t1] "TestVolatile":15: 13
2020-12-19 20:58:10 DEBUG [t1] "TestVolatile":15: 13
2020-12-19 20:58:10 DEBUG [t1] "TestVolatile":15: 13
2020-12-19 20:58:10 DEBUG [t1] "TestVolatile":15: 13
2020-12-19 20:58:10 DEBUG [t1] "TestVolatile":15: 13
2020-12-19 20:58:10 DEBUG [t1] "TestVolatile":15: 13
2020-12-19 20:58:10 DEBUG [t1] "TestVolatile":15: 13
2020-12-19 20:58:10 DEBUG [t1] "TestVolatile":15: 13
2020-12-19 20:58:10 DEBUG [t1] "TestVolatile":15: 13
2020-12-19 20:58:10 DEBUG [t1] "TestVolatile":15: 13
2020-12-19 20:58:10 DEBUG [t1] "TestVolatile":15: 13
2020-12-19 20:58:10 DEBUG [t1] "TestVolatile":15: 13
2020-12-19 20:58:10 DEBUG [t1] "TestVolatile":15: 13
2020-12-19 20:58:10 DEBUG [t1] "TestVolatile":15: 13
2020-12-19 20:58:10 DEBUG [t1] "TestVolatile":15: 13
2020-12-19 20:58:10 DEBUG [t1] "TestVolatile":15: 13
2020-12-19 20:58:10 DEBUG [t1] "TestVolatile":15: 13
2020-12-19 20:58:10 DEBUG [t1] "TestVolatile":15: 13
2020-12-19 20:58:10 DEBUG [t1] "TestVolatile":15: 13
2020-12-19 20:58:10 DEBUG [t1] "TestVolatile":15: 13
2020-12-19 20:58:10 DEBUG [t1] "TestVolatile":15: 13
2020-12-19 20:58:10 DEBUG [t1] "TestVolatile":15: 13
2020-12-19 20:58:10 DEBUG [t1] "TestVolatile":15: 13
2020-12-19 20:58:10 DEBUG [t1] "TestVolatile":15: 13
2020-12-19 20:58:10 DEBUG [t1] "TestVolatile":15: 13
2020-12-19 20:58:10 DEBUG [t1] "TestVolatile":15: 13
2020-12-19 20:58:10 DEBUG [t1] "TestVolatile":15: 13
2020-12-19 20:58:10 DEBUG [t1] "TestVolatile":15: 13
2020-12-19 20:58:10 DEBUG [t1] "TestVolatile":15: 13
2020-12-19 20:58:10 DEBUG [t1] "TestVolatile":15: 13
2020-12-19 20:58:10 DEBUG [t1] "TestVolatile":15: 13
2020-12-19 20:58:10 DEBUG [t1] "TestVolatile":15: 13
2020-12-19 20:58:10 DEBUG [t1] "TestVolatile":15: 13
2020-12-19 20:58:10 DEBUG [t1] "TestVolatile":15: 13
2020-12-19 20:58:10 DEBUG [t1] "TestVolatile":15: 13
2020-12-19 20:58:10 DEBUG [t1] "TestVolatile":15: 13
2020-12-19 20:58:10 DEBUG [t1] "TestVolatile":15: 13
2020-12-19 20:58:10 DEBUG [t1] "TestVolatile":15: 13
2020-12-19 20:58:10 DEBUG [t1] "TestVolatile":15: 13
2020-12-19 20:58:10 DEBUG [t1] "TestVolatile":15: 13
2020-12-19 20:58:10 DEBUG [t1] "TestVolatile":15: 13
2020-12-19 20:58:10 DEBUG [t1] "TestVolatile":15: 13
2020-12-19 20:58:10 DEBUG [t1] "TestVolatile":15: 13
2020-12-19 20:58:10 DEBUG [t1] "TestVolatile":15: 13
2020-12-19 20:58:10 DEBUG [t1] "TestVolatile":15: 13
2020-12-19 20:58:10 DEBUG [t1] "TestVolatile":15: 13
2020-12-19 20:58:10 DEBUG [t1] "TestVolatile":15: 13
2020-12-19 20:58:10 DEBUG [t1] "TestVolatile":15: 13
2020-12-19 20:58:10 DEBUG [t1] "TestVolatile":15: 13
2020-12-19 20:58:10 DEBUG [t1] "TestVolatile":15: 13
2020-12-19 20:58:10 DEBUG [t1] "TestVolatile":15: 13
2020-12-19 20:58:10 DEBUG [t1] "TestVolatile":15: 13
2020-12-19 20:58:10 DEBUG [t1] "TestVolatile":15: 13
2020-12-19 20:58:10 DEBUG [t1] "TestVolatile":15: 13
2020-12-19 20:58:10 DEBUG [t1] "TestVolatile":15: 13
2020-12-19 20:58:10 DEBUG [t1] "TestVolatile":15: 13
2020-12-19 20:58:10 DEBUG [t1] "TestVolatile":15: 13
2020-12-19 20:58:10 DEBUG [t1] "TestVolatile":15: 13
2020-12-19 20:58:10 DEBUG [t1] "TestVolatile":15: 13
2020-12-19 20:58:10 DEBUG [t1] "TestVolatile":15: 13
2020-12-19 20:58:10 DEBUG [t1] "TestVolatile":15: 13
2020-12-19 20:58:10 DEBUG [t1] "TestVolatile":15: 13
2020-12-19 20:58:10 DEBUG [t1] "TestVolatile":15: 13
2020-12-19 20:58:10 DEBUG [t1] "TestVolatile":15: 13
2020-12-19 20:58:10 DEBUG [t1] "TestVolatile":15: 13
2020-12-19 20:58:10 DEBUG [t1] "TestVolatile":15: 13
2020-12-19 20:58:10 DEBUG [t1] "TestVolatile":15: 13
2020-12-19 20:58:10 DEBUG [t1] "TestVolatile":15: 13
2020-12-19 20:58:10 DEBUG [t1] "TestVolatile":15: 13
2020-12-19 20:58:10 DEBUG [t1] "TestVolatile":15: 13
2020-12-19 20:58:10 DEBUG [t1] "TestVolatile":15: 13
2020-12-19 20:58:10 DEBUG [t1] "TestVolatile":15: 13
2020-12-19 20:58:10 DEBUG [t1] "TestVolatile":15: 13
2020-12-19 20:58:10 DEBUG [t1] "TestVolatile":15: 13
2020-12-19 20:58:10 DEBUG [t1] "TestVolatile":15: 13
2020-12-19 20:58:10 DEBUG [t1] "TestVolatile":15: 13
2020-12-19 20:58:10 DEBUG [t1] "TestVolatile":15: 13
2020-12-19 20:58:10 DEBUG [t1] "TestVolatile":15: 13
2020-12-19 20:58:10 DEBUG [t1] "TestVolatile":15: 13
2020-12-19 20:58:10 DEBUG [t1] "TestVolatile":15: 13
2020-12-19 20:58:10 DEBUG [t1] "TestVolatile":15: 13
2020-12-19 20:58:10 DEBUG [t1] "TestVolatile":15: 13
2020-12-19 20:58:10 DEBUG [t1] "TestVolatile":15: 13
2020-12-19 20:58:10 DEBUG [t1] "TestVolatile":15: 13
2020-12-19 20:58:10 DEBUG [t1] "TestVolatile":15: 13
2020-12-19 20:58:10 DEBUG [t1] "TestVolatile":15: 13
2020-12-19 20:58:10 DEBUG [t1] "TestVolatile":15: 13
2020-12-19 20:58:10 DEBUG [t1] "TestVolatile":15: 13
2020-12-19 20:58:10 DEBUG [t1] "TestVolatile":15: 13
2020-12-19 20:58:10 DEBUG [t1] "TestVolatile":15: 13
2020-12-19 20:58:10 DEBUG [t1] "TestVolatile":15: 13
2020-12-19 20:58:10 DEBUG [t1] "TestVolatile":15: 13
2020-12-19 20:58:10 DEBUG [t1] "TestVolatile":15: 13
2020-12-19 20:58:10 DEBUG [t1] "TestVolatile":15: 13
2020-12-19 20:58:10 DEBUG [t1] "TestVolatile":15: 13
2020-12-19 20:58:10 DEBUG [t1] "TestVolatile":15: 13
2020-12-19 20:58:10 DEBUG [t1] "TestVolatile":15: 13
2020-12-19 20:58:10 DEBUG [t1] "TestVolatile":15: 13
2020-12-19 20:58:10 DEBUG [t1] "TestVolatile":15: 13
2020-12-19 20:58:10 DEBUG [t1] "TestVolatile":15: 13
2020-12-19 20:58:10 DEBUG [t1] "TestVolatile":15: 13
2020-12-19 20:58:10 DEBUG [t1] "TestVolatile":15: 13
2020-12-19 20:58:10 DEBUG [t1] "TestVolatile":15: 13
2020-12-19 20:58:10 DEBUG [t1] "TestVolatile":15: 13
2020-12-19 20:58:10 DEBUG [t1] "TestVolatile":15: 13
2020-12-19 20:58:10 DEBUG [t1] "TestVolatile":15: 13
2020-12-19 20:58:10 DEBUG [t1] "TestVolatile":15: 13
2020-12-19 20:58:10 DEBUG [t1] "TestVolatile":15: 13
2020-12-19 20:58:10 DEBUG [t1] "TestVolatile":15: 13
2020-12-19 20:58:10 DEBUG [t1] "TestVolatile":15: 13
2020-12-19 20:58:10 DEBUG [t1] "TestVolatile":15: 13
2020-12-19 20:58:10 DEBUG [t1] "TestVolatile":15: 13
2020-12-19 20:58:10 DEBUG [t1] "TestVolatile":15: 13
2020-12-19 20:58:10 DEBUG [t1] "TestVolatile":15: 13
2020-12-19 20:58:10 DEBUG [t1] "TestVolatile":15: 13
2020-12-19 20:58:10 DEBUG [t1] "TestVolatile":15: 13
2020-12-19 20:58:10 DEBUG [t1] "TestVolatile":15: 13
2020-12-19 20:58:10 DEBUG [t1] "TestVolatile":15: 13
2020-12-19 20:58:10 DEBUG [t1] "TestVolatile":15: 13
2020-12-19 20:58:10 DEBUG [t1] "TestVolatile":15: 13
2020-12-19 20:58:10 DEBUG [t1] "TestVolatile":15: 13
2020-12-19 20:58:10 DEBUG [t1] "TestVolatile":15: 13
2020-12-19 20:58:10 DEBUG [t1] "TestVolatile":15: 13
2020-12-19 20:58:10 DEBUG [t1] "TestVolatile":15: 13
2020-12-19 20:58:10 DEBUG [t1] "TestVolatile":15: 13
2020-12-19 20:58:10 DEBUG [t1] "TestVolatile":15: 13
2020-12-19 20:58:10 DEBUG [t1] "TestVolatile":15: 13
2020-12-19 20:58:10 DEBUG [t1] "TestVolatile":15: 13
2020-12-19 20:58:10 DEBUG [t1] "TestVolatile":15: 13
2020-12-19 20:58:10 DEBUG [t1] "TestVolatile":15: 13
2020-12-19 20:58:10 DEBUG [t1] "TestVolatile":15: 13
2020-12-19 20:58:10 DEBUG [t1] "TestVolatile":15: 13
2020-12-19 20:58:10 DEBUG [t1] "TestVolatile":15: 13
2020-12-19 20:58:10 DEBUG [t1] "TestVolatile":15: 13
2020-12-19 20:58:10 DEBUG [t1] "TestVolatile":15: 13
2020-12-19 20:58:10 DEBUG [t1] "TestVolatile":15: 13
2020-12-19 20:58:10 DEBUG [t1] "TestVolatile":15: 13
2020-12-19 20:58:10 DEBUG [t1] "TestVolatile":15: 13
2020-12-19 20:58:10 DEBUG [t1] "TestVolatile":15: 13
2020-12-19 20:58:10 DEBUG [t1] "TestVolatile":15: 13
2020-12-19 20:58:10 DEBUG [t1] "TestVolatile":15: 13
2020-12-19 20:58:10 DEBUG [t1] "TestVolatile":15: 13
2020-12-19 20:58:10 DEBUG [t1] "TestVolatile":15: 13
2020-12-19 20:58:10 DEBUG [t1] "TestVolatile":15: 13
2020-12-19 20:58:10 DEBUG [t1] "TestVolatile":15: 13
2020-12-19 20:58:10 DEBUG [t1] "TestVolatile":15: 13
2020-12-19 20:58:10 DEBUG [t1] "TestVolatile":15: 13
2020-12-19 20:58:10 DEBUG [t1] "TestVolatile":15: 13
2020-12-19 20:58:10 DEBUG [t1] "TestVolatile":15: 13
2020-12-19 20:58:10 DEBUG [t1] "TestVolatile":15: 13
2020-12-19 20:58:10 DEBUG [t1] "TestVolatile":15: 13
2020-12-19 20:58:10 DEBUG [t1] "TestVolatile":15: 13
2020-12-19 20:58:10 DEBUG [t1] "TestVolatile":15: 13
2020-12-19 20:58:10 DEBUG [t1] "TestVolatile":15: 13
2020-12-19 20:58:10 DEBUG [t1] "TestVolatile":15: 13
2020-12-19 20:58:10 DEBUG [t1] "TestVolatile":15: 13
2020-12-19 20:58:10 DEBUG [t1] "TestVolatile":15: 13
2020-12-19 20:58:10 DEBUG [t1] "TestVolatile":15: 13
2020-12-19 20:58:10 DEBUG [t1] "TestVolatile":15: 13
2020-12-19 20:58:10 DEBUG [t1] "TestVolatile":15: 13
2020-12-19 20:58:10 DEBUG [t1] "TestVolatile":15: 13
2020-12-19 20:58:10 DEBUG [t1] "TestVolatile":15: 13
2020-12-19 20:58:10 DEBUG [t1] "TestVolatile":15: 13
2020-12-19 20:58:10 DEBUG [t1] "TestVolatile":15: 13
2020-12-19 20:58:10 DEBUG [t1] "TestVolatile":15: 13
2020-12-19 20:58:10 DEBUG [t1] "TestVolatile":15: 13
2020-12-19 20:58:10 DEBUG [t1] "TestVolatile":15: 13
2020-12-19 20:58:10 DEBUG [t1] "TestVolatile":15: 13
2020-12-19 20:58:10 DEBUG [t1] "TestVolatile":15: 13
2020-12-19 20:58:10 DEBUG [t1] "TestVolatile":15: 13
2020-12-19 20:58:10 DEBUG [t1] "TestVolatile":15: 13
2020-12-19 20:58:10 DEBUG [t1] "TestVolatile":15: 13
2020-12-19 20:58:10 DEBUG [t1] "TestVolatile":15: 13
2020-12-19 20:58:10 DEBUG [t1] "TestVolatile":15: 13
2020-12-19 20:58:10 DEBUG [t1] "TestVolatile":15: 13
2020-12-19 20:58:10 DEBUG [t1] "TestVolatile":15: 13
2020-12-19 20:58:10 DEBUG [t1] "TestVolatile":15: 13
2020-12-19 20:58:10 DEBUG [t1] "TestVolatile":15: 13
2020-12-19 20:58:10 DEBUG [t1] "TestVolatile":15: 13
2020-12-19 20:58:10 DEBUG [t1] "TestVolatile":15: 13
2020-12-19 20:58:10 DEBUG [t1] "TestVolatile":15: 13
2020-12-19 20:58:10 DEBUG [t1] "TestVolatile":15: 13
2020-12-19 20:58:10 DEBUG [t1] "TestVolatile":15: 13
2020-12-19 20:58:10 DEBUG [t1] "TestVolatile":15: 13
2020-12-19 20:58:10 DEBUG [t1] "TestVolatile":15: 13
2020-12-19 20:58:10 DEBUG [t1] "TestVolatile":15: 13
2020-12-19 20:58:10 DEBUG [t1] "TestVolatile":15: 13
2020-12-19 20:58:10 DEBUG [t1] "TestVolatile":15: 13
2020-12-19 20:58:10 DEBUG [t1] "TestVolatile":15: 13
2020-12-19 20:58:10 DEBUG [t1] "TestVolatile":15: 13
2020-12-19 20:58:10 DEBUG [t1] "TestVolatile":15: 13
2020-12-19 20:58:10 DEBUG [t1] "TestVolatile":15: 13
2020-12-19 20:58:10 DEBUG [t1] "TestVolatile":15: 13
2020-12-19 20:58:10 DEBUG [t1] "TestVolatile":15: 13
2020-12-19 20:58:10 DEBUG [t1] "TestVolatile":15: 13
2020-12-19 20:58:10 DEBUG [t1] "TestVolatile":15: 13
2020-12-19 20:58:10 DEBUG [t1] "TestVolatile":15: 13
2020-12-19 20:58:10 DEBUG [t1] "TestVolatile":15: 13
2020-12-19 20:58:10 DEBUG [t1] "TestVolatile":15: 13
2020-12-19 20:58:10 DEBUG [t1] "TestVolatile":15: 13
2020-12-19 20:58:10 DEBUG [t1] "TestVolatile":15: 13
2020-12-19 20:58:10 DEBUG [t1] "TestVolatile":15: 13
2020-12-19 20:58:10 DEBUG [t1] "TestVolatile":15: 13
2020-12-19 20:58:10 DEBUG [t1] "TestVolatile":15: 13
2020-12-19 20:58:10 DEBUG [t1] "TestVolatile":15: 13
2020-12-19 20:58:10 DEBUG [t1] "TestVolatile":15: 13
2020-12-19 20:58:10 DEBUG [t1] "TestVolatile":15: 13
2020-12-19 20:58:10 DEBUG [t1] "TestVolatile":15: 13
2020-12-19 20:58:10 DEBUG [t1] "TestVolatile":15: 13
2020-12-19 20:58:10 DEBUG [t1] "TestVolatile":15: 13
2020-12-19 20:58:10 DEBUG [t1] "TestVolatile":15: 13
2020-12-19 20:58:10 DEBUG [t1] "TestVolatile":15: 13
2020-12-19 20:58:10 DEBUG [t1] "TestVolatile":15: 13
2020-12-19 20:58:10 DEBUG [t1] "TestVolatile":15: 13
2020-12-19 20:58:10 DEBUG [t1] "TestVolatile":15: 13
2020-12-19 20:58:10 DEBUG [t1] "TestVolatile":15: 13
2020-12-19 20:58:10 DEBUG [t1] "TestVolatile":15: 13
2020-12-19 20:58:10 DEBUG [t1] "TestVolatile":15: 13
2020-12-19 20:58:10 DEBUG [t1] "TestVolatile":15: 13
2020-12-19 20:58:10 DEBUG [t1] "TestVolatile":15: 13
2020-12-19 20:58:10 DEBUG [t1] "TestVolatile":15: 13
2020-12-19 20:58:10 DEBUG [t1] "TestVolatile":15: 13
2020-12-19 20:58:10 DEBUG [t1] "TestVolatile":15: 13
2020-12-19 20:58:10 DEBUG [t1] "TestVolatile":15: 13
2020-12-19 20:58:10 DEBUG [t1] "TestVolatile":15: 13
2020-12-19 20:58:10 DEBUG [t1] "TestVolatile":15: 13
2020-12-19 20:58:10 DEBUG [t1] "TestVolatile":15: 13
2020-12-19 20:58:10 DEBUG [t1] "TestVolatile":15: 13
2020-12-19 20:58:10 DEBUG [t1] "TestVolatile":15: 13
2020-12-19 20:58:10 DEBUG [t1] "TestVolatile":15: 13
2020-12-19 20:58:10 DEBUG [t1] "TestVolatile":15: 13
2020-12-19 20:58:10 DEBUG [t1] "TestVolatile":15: 13
2020-12-19 20:58:10 DEBUG [t1] "TestVolatile":15: 13
2020-12-19 20:58:10 DEBUG [t1] "TestVolatile":15: 13
2020-12-19 20:58:10 DEBUG [t1] "TestVolatile":15: 13
2020-12-19 20:58:10 DEBUG [t1] "TestVolatile":15: 13
2020-12-19 20:58:10 DEBUG [t1] "TestVolatile":15: 13
2020-12-19 20:58:10 DEBUG [t1] "TestVolatile":15: 13
2020-12-19 20:58:10 DEBUG [t1] "TestVolatile":15: 13
2020-12-19 20:58:10 DEBUG [t1] "TestVolatile":15: 13
2020-12-19 20:58:10 DEBUG [t1] "TestVolatile":15: 13
2020-12-19 20:58:10 DEBUG [t1] "TestVolatile":15: 13
2020-12-19 20:58:10 DEBUG [t1] "TestVolatile":15: 13
2020-12-19 20:58:10 DEBUG [t1] "TestVolatile":15: 13
2020-12-19 20:58:10 DEBUG [t1] "TestVolatile":15: 13
2020-12-19 20:58:10 DEBUG [t1] "TestVolatile":15: 13
2020-12-19 20:58:10 DEBUG [t1] "TestVolatile":15: 13
2020-12-19 20:58:10 DEBUG [t1] "TestVolatile":15: 13
2020-12-19 20:58:10 DEBUG [t1] "TestVolatile":15: 13
2020-12-19 20:58:10 DEBUG [t1] "TestVolatile":15: 13
2020-12-19 20:58:10 DEBUG [t1] "TestVolatile":15: 13
2020-12-19 20:58:10 DEBUG [t1] "TestVolatile":15: 13
2020-12-19 20:58:10 DEBUG [t1] "TestVolatile":15: 13
2020-12-19 20:58:10 DEBUG [t1] "TestVolatile":15: 13
2020-12-19 20:58:10 DEBUG [t1] "TestVolatile":15: 13
2020-12-19 20:58:10 DEBUG [t1] "TestVolatile":15: 13
2020-12-19 20:58:10 DEBUG [t1] "TestVolatile":15: 13
2020-12-19 20:58:10 DEBUG [t1] "TestVolatile":15: 13
2020-12-19 20:58:10 DEBUG [t1] "TestVolatile":15: 13
2020-12-19 20:58:10 DEBUG [t1] "TestVolatile":15: 13
2020-12-19 20:58:10 DEBUG [t1] "TestVolatile":15: 13
2020-12-19 20:58:10 DEBUG [t1] "TestVolatile":15: 13
2020-12-19 20:58:10 DEBUG [t1] "TestVolatile":15: 13
2020-12-19 20:58:10 DEBUG [t1] "TestVolatile":15: 13
2020-12-19 20:58:10 DEBUG [t1] "TestVolatile":15: 13
2020-12-19 20:58:10 DEBUG [t1] "TestVolatile":15: 13
2020-12-19 20:58:10 DEBUG [t1] "TestVolatile":15: 13
2020-12-19 20:58:10 DEBUG [t1] "TestVolatile":15: 13
2020-12-19 20:58:10 DEBUG [t1] "TestVolatile":15: 13
2020-12-19 20:58:10 DEBUG [t1] "TestVolatile":15: 13
2020-12-19 20:58:10 DEBUG [t1] "TestVolatile":15: 13
2020-12-19 20:58:10 DEBUG [t1] "TestVolatile":15: 13
2020-12-19 20:58:10 DEBUG [t1] "TestVolatile":15: 13
2020-12-19 20:58:10 DEBUG [t1] "TestVolatile":15: 13
2020-12-19 20:58:10 DEBUG [t1] "TestVolatile":15: 13
2020-12-19 20:58:10 DEBUG [t1] "TestVolatile":15: 13
2020-12-19 20:58:10 DEBUG [t1] "TestVolatile":15: 13
2020-12-19 20:58:10 DEBUG [t1] "TestVolatile":15: 13
2020-12-19 20:58:10 DEBUG [t1] "TestVolatile":15: 13
2020-12-19 20:58:10 DEBUG [t1] "TestVolatile":15: 13
2020-12-19 20:58:10 DEBUG [t1] "TestVolatile":15: 13
2020-12-19 20:58:10 DEBUG [t1] "TestVolatile":15: 13
2020-12-19 20:58:10 DEBUG [t1] "TestVolatile":15: 13
2020-12-19 20:58:10 DEBUG [t1] "TestVolatile":15: 13
2020-12-19 20:58:10 DEBUG [t1] "TestVolatile":15: 13
2020-12-19 20:58:10 DEBUG [t1] "TestVolatile":15: 13
2020-12-19 20:58:10 DEBUG [t1] "TestVolatile":15: 13
2020-12-19 20:58:10 DEBUG [t1] "TestVolatile":15: 13
2020-12-19 20:58:10 DEBUG [t1] "TestVolatile":15: 13
2020-12-19 20:58:10 DEBUG [t1] "TestVolatile":15: 13
2020-12-19 20:58:10 DEBUG [t1] "TestVolatile":15: 13
2020-12-19 20:58:10 DEBUG [t1] "TestVolatile":15: 13
2020-12-19 20:58:10 DEBUG [t1] "TestVolatile":15: 13
2020-12-19 20:58:10 DEBUG [t1] "TestVolatile":15: 13
2020-12-19 20:58:10 DEBUG [t1] "TestVolatile":15: 13
2020-12-19 20:58:10 DEBUG [t1] "TestVolatile":15: 13
2020-12-19 20:58:10 DEBUG [t1] "TestVolatile":15: 13
2020-12-19 20:58:10 DEBUG [t1] "TestVolatile":15: 13
2020-12-19 20:58:10 DEBUG [t1] "TestVolatile":15: 13
2020-12-19 20:58:10 DEBUG [t1] "TestVolatile":15: 13
2020-12-19 20:58:10 DEBUG [t1] "TestVolatile":15: 13
2020-12-19 20:58:10 DEBUG [t1] "TestVolatile":15: 13
2020-12-19 20:58:10 DEBUG [t1] "TestVolatile":15: 13
2020-12-19 20:58:10 DEBUG [t1] "TestVolatile":15: 13
2020-12-19 20:58:10 DEBUG [t1] "TestVolatile":15: 13
2020-12-19 20:58:10 DEBUG [t1] "TestVolatile":15: 13
2020-12-19 20:58:10 DEBUG [t1] "TestVolatile":15: 13
2020-12-19 20:58:10 DEBUG [t1] "TestVolatile":15: 13
2020-12-19 20:58:10 DEBUG [t1] "TestVolatile":15: 13
2020-12-19 20:58:10 DEBUG [t1] "TestVolatile":15: 13
2020-12-19 20:58:10 DEBUG [t1] "TestVolatile":15: 13
2020-12-19 20:58:10 DEBUG [t1] "TestVolatile":15: 13
2020-12-19 20:58:10 DEBUG [t1] "TestVolatile":15: 13
2020-12-19 20:58:10 DEBUG [t1] "TestVolatile":15: 13
2020-12-19 20:58:10 DEBUG [t1] "TestVolatile":15: 13
2020-12-19 20:58:10 DEBUG [t1] "TestVolatile":15: 13
2020-12-19 20:58:10 DEBUG [t1] "TestVolatile":15: 13
2020-12-19 20:58:10 DEBUG [t1] "TestVolatile":15: 13
2020-12-19 20:58:10 DEBUG [t1] "TestVolatile":15: 13
2020-12-19 20:58:10 DEBUG [t1] "TestVolatile":15: 13
2020-12-19 20:58:10 DEBUG [t1] "TestVolatile":15: 13
2020-12-19 20:58:10 DEBUG [t1] "TestVolatile":15: 13
2020-12-19 20:58:10 DEBUG [t1] "TestVolatile":15: 13
2020-12-19 20:58:10 DEBUG [t1] "TestVolatile":15: 13
2020-12-19 20:58:10 DEBUG [t1] "TestVolatile":15: 13
2020-12-19 20:58:10 DEBUG [t1] "TestVolatile":15: 13
2020-12-19 20:58:10 DEBUG [t1] "TestVolatile":15: 13
2020-12-19 20:58:10 DEBUG [t1] "TestVolatile":15: 13
2020-12-19 20:58:10 DEBUG [t1] "TestVolatile":15: 13
2020-12-19 20:58:10 DEBUG [t1] "TestVolatile":15: 13
2020-12-19 20:58:10 DEBUG [t1] "TestVolatile":15: 13
2020-12-19 20:58:10 DEBUG [t1] "TestVolatile":15: 13
2020-12-19 20:58:10 DEBUG [t1] "TestVolatile":15: 13
2020-12-19 20:58:10 DEBUG [t1] "TestVolatile":15: 13
2020-12-19 20:58:10 DEBUG [t1] "TestVolatile":15: 13
2020-12-19 20:58:10 DEBUG [t1] "TestVolatile":15: 13
2020-12-19 20:58:10 DEBUG [t1] "TestVolatile":15: 13
2020-12-19 20:58:10 DEBUG [t1] "TestVolatile":15: 13
2020-12-19 20:58:10 DEBUG [t1] "TestVolatile":15: 13
2020-12-19 20:58:10 DEBUG [t1] "TestVolatile":15: 13
2020-12-19 20:58:10 DEBUG [t1] "TestVolatile":15: 13
2020-12-19 20:58:10 DEBUG [t1] "TestVolatile":15: 13
2020-12-19 20:58:10 DEBUG [t1] "TestVolatile":15: 13
2020-12-19 20:58:10 DEBUG [t1] "TestVolatile":15: 13
2020-12-19 20:58:10 DEBUG [t1] "TestVolatile":15: 13
2020-12-19 20:58:10 DEBUG [t1] "TestVolatile":15: 13
2020-12-19 20:58:10 DEBUG [t1] "TestVolatile":15: 13
2020-12-19 20:58:10 DEBUG [t1] "TestVolatile":15: 13
2020-12-19 20:58:10 DEBUG [t1] "TestVolatile":15: 13
2020-12-19 20:58:10 DEBUG [t1] "TestVolatile":15: 13
2020-12-19 20:58:10 DEBUG [t1] "TestVolatile":15: 13
2020-12-19 20:58:10 DEBUG [t1] "TestVolatile":15: 13
2020-12-19 20:58:10 DEBUG [t1] "TestVolatile":15: 13
2020-12-19 20:58:10 DEBUG [t1] "TestVolatile":15: 13
2020-12-19 20:58:10 DEBUG [t1] "TestVolatile":15: 13
2020-12-19 20:58:10 DEBUG [t1] "TestVolatile":15: 13
2020-12-19 20:58:10 DEBUG [t1] "TestVolatile":15: 13
2020-12-19 20:58:10 DEBUG [t1] "TestVolatile":15: 13
2020-12-19 20:58:10 DEBUG [t1] "TestVolatile":15: 13
2020-12-19 20:58:10 DEBUG [t1] "TestVolatile":15: 13
2020-12-19 20:58:10 DEBUG [t1] "TestVolatile":15: 13
2020-12-19 20:58:10 DEBUG [t1] "TestVolatile":15: 13
2020-12-19 20:58:10 DEBUG [t1] "TestVolatile":15: 13
2020-12-19 20:58:10 DEBUG [t1] "TestVolatile":15: 13
2020-12-19 20:58:10 DEBUG [t1] "TestVolatile":15: 13
2020-12-19 20:58:10 DEBUG [t1] "TestVolatile":15: 13
2020-12-19 20:58:10 DEBUG [t1] "TestVolatile":15: 13
2020-12-19 20:58:10 DEBUG [t1] "TestVolatile":15: 13
2020-12-19 20:58:10 DEBUG [t1] "TestVolatile":15: 13
2020-12-19 20:58:10 DEBUG [t1] "TestVolatile":15: 13
2020-12-19 20:58:10 DEBUG [t1] "TestVolatile":15: 13
2020-12-19 20:58:10 DEBUG [t1] "TestVolatile":15: 13
2020-12-19 20:58:10 DEBUG [t1] "TestVolatile":15: 13
2020-12-19 20:58:10 DEBUG [t1] "TestVolatile":15: 13
2020-12-19 20:58:10 DEBUG [t1] "TestVolatile":15: 13
2020-12-19 20:58:10 DEBUG [t1] "TestVolatile":15: 13
2020-12-19 20:58:10 DEBUG [t1] "TestVolatile":15: 13
2020-12-19 20:58:10 DEBUG [t1] "TestVolatile":15: 13
2020-12-19 20:58:10 DEBUG [t1] "TestVolatile":15: 13
2020-12-19 20:58:10 DEBUG [t1] "TestVolatile":15: 13
2020-12-19 20:58:10 DEBUG [t1] "TestVolatile":15: 13
2020-12-19 20:58:10 DEBUG [t1] "TestVolatile":15: 13
2020-12-19 20:58:10 DEBUG [t1] "TestVolatile":15: 13
2020-12-19 20:58:10 DEBUG [t1] "TestVolatile":15: 13
2020-12-19 20:58:10 DEBUG [t1] "TestVolatile":15: 13
2020-12-19 20:58:10 DEBUG [t1] "TestVolatile":15: 13
2020-12-19 20:58:10 DEBUG [t1] "TestVolatile":15: 13
2020-12-19 20:58:10 DEBUG [t1] "TestVolatile":15: 13
2020-12-19 20:58:10 DEBUG [t1] "TestVolatile":15: 13
2020-12-19 20:58:10 DEBUG [t1] "TestVolatile":15: 13
2020-12-19 20:58:10 DEBUG [t1] "TestVolatile":15: 13
2020-12-19 20:58:10 DEBUG [t1] "TestVolatile":15: 13
2020-12-19 20:58:10 DEBUG [t1] "TestVolatile":15: 13
2020-12-19 20:58:10 DEBUG [t1] "TestVolatile":15: 13
2020-12-19 20:58:10 DEBUG [t1] "TestVolatile":15: 13
2020-12-19 20:58:10 DEBUG [t1] "TestVolatile":15: 13
2020-12-19 20:58:10 DEBUG [t1] "TestVolatile":15: 13
2020-12-19 20:58:10 DEBUG [t1] "TestVolatile":15: 13
2020-12-19 20:58:10 DEBUG [t1] "TestVolatile":15: 13
2020-12-19 20:58:10 DEBUG [t1] "TestVolatile":15: 13
2020-12-19 20:58:10 DEBUG [t1] "TestVolatile":15: 13
2020-12-19 20:58:10 DEBUG [t1] "TestVolatile":15: 13
2020-12-19 20:58:10 DEBUG [t1] "TestVolatile":15: 13
2020-12-19 20:58:10 DEBUG [t1] "TestVolatile":15: 13
2020-12-19 20:58:10 DEBUG [t1] "TestVolatile":15: 13
2020-12-19 20:58:10 DEBUG [t1] "TestVolatile":15: 13
2020-12-19 20:58:10 DEBUG [t1] "TestVolatile":15: 13
2020-12-19 20:58:10 DEBUG [t1] "TestVolatile":15: 13
2020-12-19 20:58:10 DEBUG [t1] "TestVolatile":15: 13
2020-12-19 20:58:10 DEBUG [t1] "TestVolatile":15: 13
2020-12-19 20:58:10 DEBUG [t1] "TestVolatile":15: 13
2020-12-19 20:58:10 DEBUG [t1] "TestVolatile":15: 13
2020-12-19 20:58:10 DEBUG [t1] "TestVolatile":15: 13
2020-12-19 20:58:10 DEBUG [t1] "TestVolatile":15: 13
2020-12-19 20:58:10 DEBUG [t1] "TestVolatile":15: 13
2020-12-19 20:58:10 DEBUG [t1] "TestVolatile":15: 13
2020-12-19 20:58:10 DEBUG [t1] "TestVolatile":15: 13
2020-12-19 20:58:10 DEBUG [t1] "TestVolatile":15: 13
2020-12-19 20:58:10 DEBUG [t1] "TestVolatile":15: 13
2020-12-19 20:58:10 DEBUG [t1] "TestVolatile":15: 13
2020-12-19 20:58:10 DEBUG [t1] "TestVolatile":15: 13
2020-12-19 20:58:10 DEBUG [t1] "TestVolatile":15: 13
2020-12-19 20:58:10 DEBUG [t1] "TestVolatile":15: 13
2020-12-19 20:58:10 DEBUG [t1] "TestVolatile":15: 13
2020-12-19 20:58:10 DEBUG [t1] "TestVolatile":15: 13
2020-12-19 20:58:10 DEBUG [t1] "TestVolatile":15: 13
2020-12-19 20:58:10 DEBUG [t1] "TestVolatile":15: 13
2020-12-19 20:58:10 DEBUG [t1] "TestVolatile":15: 13
2020-12-19 20:58:10 DEBUG [t1] "TestVolatile":15: 13
2020-12-19 20:58:10 DEBUG [t1] "TestVolatile":15: 13
2020-12-19 20:58:10 DEBUG [t1] "TestVolatile":15: 13
2020-12-19 20:58:10 DEBUG [t1] "TestVolatile":15: 13
2020-12-19 20:58:10 DEBUG [t1] "TestVolatile":15: 13
2020-12-19 20:58:10 DEBUG [t1] "TestVolatile":15: 13
2020-12-19 20:58:10 DEBUG [t1] "TestVolatile":15: 13
2020-12-19 20:58:10 DEBUG [t1] "TestVolatile":15: 13
2020-12-19 20:58:10 DEBUG [t1] "TestVolatile":15: 13
2020-12-19 20:58:10 DEBUG [t1] "TestVolatile":15: 13
2020-12-19 20:58:10 DEBUG [t1] "TestVolatile":15: 13
2020-12-19 20:58:10 DEBUG [t1] "TestVolatile":15: 13
2020-12-19 20:58:10 DEBUG [t1] "TestVolatile":15: 13
2020-12-19 20:58:10 DEBUG [t1] "TestVolatile":15: 13
2020-12-19 20:58:10 DEBUG [t1] "TestVolatile":15: 13
2020-12-19 20:58:10 DEBUG [t1] "TestVolatile":15: 13
2020-12-19 20:58:10 DEBUG [t1] "TestVolatile":15: 13
2020-12-19 20:58:10 DEBUG [t1] "TestVolatile":15: 13
2020-12-19 20:58:10 DEBUG [t1] "TestVolatile":15: 13
2020-12-19 20:58:10 DEBUG [t1] "TestVolatile":15: 13
2020-12-19 20:58:10 DEBUG [t1] "TestVolatile":15: 13
2020-12-19 20:58:10 DEBUG [t1] "TestVolatile":15: 13
2020-12-19 20:58:10 DEBUG [t1] "TestVolatile":15: 13
2020-12-19 20:58:10 DEBUG [t1] "TestVolatile":15: 13
2020-12-19 20:58:10 DEBUG [t1] "TestVolatile":15: 13
2020-12-19 20:58:10 DEBUG [t1] "TestVolatile":15: 13
2020-12-19 20:58:10 DEBUG [t1] "TestVolatile":15: 13
2020-12-19 20:58:10 DEBUG [t1] "TestVolatile":15: 13
2020-12-19 20:58:10 DEBUG [t1] "TestVolatile":15: 13
2020-12-19 20:58:10 DEBUG [t1] "TestVolatile":15: 13
2020-12-19 20:58:10 DEBUG [t1] "TestVolatile":15: 13
2020-12-19 20:58:10 DEBUG [t1] "TestVolatile":15: 13
2020-12-19 20:58:10 DEBUG [t1] "TestVolatile":15: 13
2020-12-19 20:58:10 DEBUG [t1] "TestVolatile":15: 13
2020-12-19 20:58:10 DEBUG [t1] "TestVolatile":15: 13
2020-12-19 20:58:10 DEBUG [t1] "TestVolatile":15: 13
2020-12-19 20:58:10 DEBUG [t1] "TestVolatile":15: 13
2020-12-19 20:58:10 DEBUG [t1] "TestVolatile":15: 13
2020-12-19 20:58:10 DEBUG [t1] "TestVolatile":15: 13
2020-12-19 20:58:10 DEBUG [t1] "TestVolatile":15: 13
2020-12-19 20:58:10 DEBUG [t1] "TestVolatile":15: 13
2020-12-19 20:58:10 DEBUG [t1] "TestVolatile":15: 13
2020-12-19 20:58:10 DEBUG [t1] "TestVolatile":15: 13
2020-12-19 20:58:10 DEBUG [t1] "TestVolatile":15: 13
2020-12-19 20:58:10 DEBUG [t1] "TestVolatile":15: 13
2020-12-19 20:58:10 DEBUG [t1] "TestVolatile":15: 13
2020-12-19 20:58:10 DEBUG [t1] "TestVolatile":15: 13
2020-12-19 20:58:10 DEBUG [t1] "TestVolatile":15: 13
2020-12-19 20:58:10 DEBUG [t1] "TestVolatile":15: 13
2020-12-19 20:58:10 DEBUG [t1] "TestVolatile":15: 13
2020-12-19 20:58:10 DEBUG [t1] "TestVolatile":15: 13
2020-12-19 20:58:10 DEBUG [t1] "TestVolatile":15: 13
2020-12-19 20:58:10 DEBUG [t1] "TestVolatile":15: 13
2020-12-19 20:58:10 DEBUG [t1] "TestVolatile":15: 13
2020-12-19 20:58:10 DEBUG [t1] "TestVolatile":15: 13
2020-12-19 20:58:10 DEBUG [t1] "TestVolatile":15: 13
2020-12-19 20:58:10 DEBUG [t1] "TestVolatile":15: 13
2020-12-19 20:58:10 DEBUG [t1] "TestVolatile":15: 13
2020-12-19 20:58:10 DEBUG [t1] "TestVolatile":15: 13
2020-12-19 20:58:10 DEBUG [t1] "TestVolatile":15: 13
2020-12-19 20:58:10 DEBUG [t1] "TestVolatile":15: 13
2020-12-19 20:58:10 DEBUG [t1] "TestVolatile":15: 13
2020-12-19 20:58:10 DEBUG [t1] "TestVolatile":15: 13
2020-12-19 20:58:10 DEBUG [t1] "TestVolatile":15: 13
2020-12-19 20:58:10 DEBUG [t1] "TestVolatile":15: 13
2020-12-19 20:58:10 DEBUG [t1] "TestVolatile":15: 13
2020-12-19 20:58:10 DEBUG [t1] "TestVolatile":15: 13
2020-12-19 20:58:10 DEBUG [t1] "TestVolatile":15: 13
2020-12-19 20:58:10 DEBUG [t1] "TestVolatile":15: 13
2020-12-19 20:58:10 DEBUG [t1] "TestVolatile":15: 13
2020-12-19 20:58:10 DEBUG [t1] "TestVolatile":15: 13
2020-12-19 20:58:10 DEBUG [t1] "TestVolatile":15: 13
2020-12-19 20:58:10 DEBUG [t1] "TestVolatile":15: 13
2020-12-19 20:58:10 DEBUG [t1] "TestVolatile":15: 13
2020-12-19 20:58:10 DEBUG [t1] "TestVolatile":15: 13
2020-12-19 20:58:10 DEBUG [t1] "TestVolatile":15: 13
2020-12-19 20:58:10 DEBUG [t1] "TestVolatile":15: 13
2020-12-19 20:58:10 DEBUG [t1] "TestVolatile":15: 13
2020-12-19 20:58:10 DEBUG [t1] "TestVolatile":15: 13
2020-12-19 20:58:10 DEBUG [t1] "TestVolatile":15: 13
2020-12-19 20:58:10 DEBUG [t1] "TestVolatile":15: 13
2020-12-19 20:58:10 DEBUG [t1] "TestVolatile":15: 13
2020-12-19 20:58:10 DEBUG [t1] "TestVolatile":15: 13
2020-12-19 20:58:10 DEBUG [t1] "TestVolatile":15: 13
2020-12-19 20:58:10 DEBUG [t1] "TestVolatile":15: 13
2020-12-19 20:58:10 DEBUG [t1] "TestVolatile":15: 13
2020-12-19 20:58:10 DEBUG [t1] "TestVolatile":15: 13
2020-12-19 20:58:10 DEBUG [t1] "TestVolatile":15: 13
2020-12-19 20:58:10 DEBUG [t1] "TestVolatile":15: 13
2020-12-19 20:58:10 DEBUG [t1] "TestVolatile":15: 13
2020-12-19 20:58:10 DEBUG [t1] "TestVolatile":15: 13
2020-12-19 20:58:10 DEBUG [t1] "TestVolatile":15: 13
2020-12-19 20:58:10 DEBUG [t1] "TestVolatile":15: 13
2020-12-19 20:58:10 DEBUG [t1] "TestVolatile":15: 13
2020-12-19 20:58:10 DEBUG [t1] "TestVolatile":15: 13
2020-12-19 20:58:10 DEBUG [t1] "TestVolatile":15: 13
2020-12-19 20:58:10 DEBUG [t1] "TestVolatile":15: 13
2020-12-19 20:58:10 DEBUG [t1] "TestVolatile":15: 13
2020-12-19 20:58:10 DEBUG [t1] "TestVolatile":15: 13
2020-12-19 20:58:10 DEBUG [t1] "TestVolatile":15: 13
2020-12-19 20:58:10 DEBUG [t1] "TestVolatile":15: 13
2020-12-19 20:58:10 DEBUG [t1] "TestVolatile":15: 13
2020-12-19 20:58:10 DEBUG [t1] "TestVolatile":15: 13
2020-12-19 20:58:10 DEBUG [t1] "TestVolatile":15: 13
2020-12-19 20:58:10 DEBUG [t1] "TestVolatile":15: 13
2020-12-19 20:58:10 DEBUG [t1] "TestVolatile":15: 13
2020-12-19 20:58:10 DEBUG [t1] "TestVolatile":15: 13
2020-12-19 20:58:10 DEBUG [t1] "TestVolatile":15: 13
2020-12-19 20:58:10 DEBUG [t1] "TestVolatile":15: 13
2020-12-19 20:58:10 DEBUG [t1] "TestVolatile":15: 13
2020-12-19 20:58:10 DEBUG [t1] "TestVolatile":15: 13
2020-12-19 20:58:10 DEBUG [t1] "TestVolatile":15: 13
2020-12-19 20:58:10 DEBUG [t1] "TestVolatile":15: 13
2020-12-19 20:58:10 DEBUG [t1] "TestVolatile":15: 13
2020-12-19 20:58:10 DEBUG [t1] "TestVolatile":15: 13
2020-12-19 20:58:10 DEBUG [t1] "TestVolatile":15: 13
2020-12-19 20:58:10 DEBUG [t1] "TestVolatile":15: 13
2020-12-19 20:58:10 DEBUG [t1] "TestVolatile":15: 13
2020-12-19 20:58:10 DEBUG [t1] "TestVolatile":15: 13
2020-12-19 20:58:10 DEBUG [t1] "TestVolatile":15: 13
2020-12-19 20:58:10 DEBUG [t1] "TestVolatile":15: 13
2020-12-19 20:58:10 DEBUG [t1] "TestVolatile":15: 13
2020-12-19 20:58:10 DEBUG [t1] "TestVolatile":15: 13
2020-12-19 20:58:10 DEBUG [t1] "TestVolatile":15: 13
2020-12-19 20:58:10 DEBUG [t1] "TestVolatile":15: 13
2020-12-19 20:58:10 DEBUG [t1] "TestVolatile":15: 13
2020-12-19 20:58:10 DEBUG [t1] "TestVolatile":15: 13
2020-12-19 20:58:10 DEBUG [t1] "TestVolatile":15: 13
2020-12-19 20:58:10 DEBUG [t1] "TestVolatile":15: 13
2020-12-19 20:58:10 DEBUG [t1] "TestVolatile":15: 13
2020-12-19 20:58:10 DEBUG [t1] "TestVolatile":15: 13
2020-12-19 20:58:10 DEBUG [t1] "TestVolatile":15: 13
2020-12-19 20:58:10 DEBUG [t1] "TestVolatile":15: 13
2020-12-19 20:58:10 DEBUG [t1] "TestVolatile":15: 13
2020-12-19 20:58:10 DEBUG [t1] "TestVolatile":15: 13
2020-12-19 20:58:10 DEBUG [t1] "TestVolatile":15: 13
2020-12-19 20:58:10 DEBUG [t1] "TestVolatile":15: 13
2020-12-19 20:58:10 DEBUG [t1] "TestVolatile":15: 13
2020-12-19 20:58:10 DEBUG [t1] "TestVolatile":15: 13
2020-12-19 20:58:10 DEBUG [t1] "TestVolatile":15: 13
2020-12-19 20:58:10 DEBUG [t1] "TestVolatile":15: 13
2020-12-19 20:58:10 DEBUG [t1] "TestVolatile":15: 13
2020-12-19 20:58:10 DEBUG [t1] "TestVolatile":15: 13
2020-12-19 20:58:10 DEBUG [t1] "TestVolatile":15: 13
2020-12-19 20:58:10 DEBUG [t1] "TestVolatile":15: 13
2020-12-19 20:58:10 DEBUG [t1] "TestVolatile":15: 13
2020-12-19 20:58:10 DEBUG [t1] "TestVolatile":15: 13
2020-12-19 20:58:10 DEBUG [t1] "TestVolatile":15: 13
2020-12-19 20:58:10 DEBUG [t1] "TestVolatile":15: 13
2020-12-19 20:58:10 DEBUG [t1] "TestVolatile":15: 13
2020-12-19 20:58:10 DEBUG [t1] "TestVolatile":15: 13
2020-12-19 20:58:10 DEBUG [t1] "TestVolatile":15: 13
2020-12-19 20:58:10 DEBUG [t1] "TestVolatile":15: 13
2020-12-19 20:58:10 DEBUG [t1] "TestVolatile":15: 13
2020-12-19 20:58:10 DEBUG [t1] "TestVolatile":15: 13
2020-12-19 20:58:10 DEBUG [t1] "TestVolatile":15: 13
2020-12-19 20:58:10 DEBUG [t1] "TestVolatile":15: 13
2020-12-19 20:58:10 DEBUG [t1] "TestVolatile":15: 13
2020-12-19 20:58:10 DEBUG [t1] "TestVolatile":15: 13
2020-12-19 20:58:10 DEBUG [t1] "TestVolatile":15: 13
2020-12-19 20:58:10 DEBUG [t1] "TestVolatile":15: 13
2020-12-19 20:58:10 DEBUG [t1] "TestVolatile":15: 13
2020-12-19 20:58:10 DEBUG [t1] "TestVolatile":15: 13
2020-12-19 20:58:10 DEBUG [t1] "TestVolatile":15: 13
2020-12-19 20:58:10 DEBUG [t1] "TestVolatile":15: 13
2020-12-19 20:58:10 DEBUG [t1] "TestVolatile":15: 13
2020-12-19 20:58:10 DEBUG [t1] "TestVolatile":15: 13
2020-12-19 20:58:10 DEBUG [t1] "TestVolatile":15: 13
2020-12-19 20:58:10 DEBUG [t1] "TestVolatile":15: 13
2020-12-19 20:58:10 DEBUG [t1] "TestVolatile":15: 13
2020-12-19 20:58:10 DEBUG [t1] "TestVolatile":15: 13
2020-12-19 20:58:10 DEBUG [t1] "TestVolatile":15: 13
2020-12-19 20:58:10 DEBUG [t1] "TestVolatile":15: 13
2020-12-19 20:58:10 DEBUG [t1] "TestVolatile":15: 13
2020-12-19 20:58:10 DEBUG [t1] "TestVolatile":15: 13
2020-12-19 20:58:10 DEBUG [t1] "TestVolatile":15: 13
2020-12-19 20:58:10 DEBUG [t1] "TestVolatile":15: 13
2020-12-19 20:58:10 DEBUG [t1] "TestVolatile":15: 13
2020-12-19 20:58:10 DEBUG [t1] "TestVolatile":15: 13
2020-12-19 20:58:10 DEBUG [t1] "TestVolatile":15: 13
2020-12-19 20:58:10 DEBUG [t1] "TestVolatile":15: 13
2020-12-19 20:58:10 DEBUG [t1] "TestVolatile":15: 13
2020-12-19 20:58:10 DEBUG [t1] "TestVolatile":15: 13
2020-12-19 20:58:10 DEBUG [t1] "TestVolatile":15: 13
2020-12-19 20:58:10 DEBUG [t1] "TestVolatile":15: 13
2020-12-19 20:58:10 DEBUG [t1] "TestVolatile":15: 13
2020-12-19 20:58:10 DEBUG [t1] "TestVolatile":15: 13
2020-12-19 20:58:10 DEBUG [t1] "TestVolatile":15: 13
2020-12-19 20:58:10 DEBUG [t1] "TestVolatile":15: 13
2020-12-19 20:58:10 DEBUG [t1] "TestVolatile":15: 13
2020-12-19 20:58:10 DEBUG [t1] "TestVolatile":15: 13
2020-12-19 20:58:10 DEBUG [t1] "TestVolatile":15: 13
2020-12-19 20:58:10 DEBUG [t1] "TestVolatile":15: 13
2020-12-19 20:58:10 DEBUG [t1] "TestVolatile":15: 13
2020-12-19 20:58:10 DEBUG [t1] "TestVolatile":15: 13
2020-12-19 20:58:10 DEBUG [t1] "TestVolatile":15: 13
2020-12-19 20:58:10 DEBUG [t1] "TestVolatile":15: 13
2020-12-19 20:58:10 DEBUG [t1] "TestVolatile":15: 13
2020-12-19 20:58:10 DEBUG [t1] "TestVolatile":15: 13
2020-12-19 20:58:10 DEBUG [t1] "TestVolatile":15: 13
2020-12-19 20:58:10 DEBUG [t1] "TestVolatile":15: 13
2020-12-19 20:58:10 DEBUG [t1] "TestVolatile":15: 13
2020-12-19 20:58:10 DEBUG [t1] "TestVolatile":15: 13
2020-12-19 20:58:10 DEBUG [t1] "TestVolatile":15: 13
2020-12-19 20:58:10 DEBUG [t1] "TestVolatile":15: 13
2020-12-19 20:58:10 DEBUG [t1] "TestVolatile":15: 13
2020-12-19 20:58:10 DEBUG [t1] "TestVolatile":15: 13
2020-12-19 20:58:10 DEBUG [t1] "TestVolatile":15: 13
2020-12-19 20:58:10 DEBUG [t1] "TestVolatile":15: 13
2020-12-19 20:58:10 DEBUG [t1] "TestVolatile":15: 13
2020-12-19 20:58:10 DEBUG [t1] "TestVolatile":15: 13
2020-12-19 20:58:10 DEBUG [t1] "TestVolatile":15: 13
2020-12-19 20:58:10 DEBUG [t1] "TestVolatile":15: 13
2020-12-19 20:58:10 DEBUG [t1] "TestVolatile":15: 13
2020-12-19 20:58:10 DEBUG [t1] "TestVolatile":15: 13
2020-12-19 20:58:10 DEBUG [t1] "TestVolatile":15: 13
2020-12-19 20:58:10 DEBUG [t1] "TestVolatile":15: 13
2020-12-19 20:58:10 DEBUG [t1] "TestVolatile":15: 13
2020-12-19 20:58:10 DEBUG [t1] "TestVolatile":15: 13
2020-12-19 20:58:10 DEBUG [t1] "TestVolatile":15: 13
2020-12-19 20:58:10 DEBUG [t1] "TestVolatile":15: 13
2020-12-19 20:58:10 DEBUG [t1] "TestVolatile":15: 13
2020-12-19 20:58:10 DEBUG [t1] "TestVolatile":15: 13
2020-12-19 20:58:10 DEBUG [t1] "TestVolatile":15: 13
2020-12-19 20:58:10 DEBUG [t1] "TestVolatile":15: 13
2020-12-19 20:58:10 DEBUG [t1] "TestVolatile":15: 13
2020-12-19 20:58:10 DEBUG [t1] "TestVolatile":15: 13
2020-12-19 20:58:10 DEBUG [t1] "TestVolatile":15: 13
2020-12-19 20:58:10 DEBUG [t1] "TestVolatile":15: 13
2020-12-19 20:58:10 DEBUG [t1] "TestVolatile":15: 13
2020-12-19 20:58:10 DEBUG [t1] "TestVolatile":15: 13
2020-12-19 20:58:10 DEBUG [t1] "TestVolatile":15: 13
2020-12-19 20:58:10 DEBUG [t1] "TestVolatile":15: 13
2020-12-19 20:58:10 DEBUG [t1] "TestVolatile":15: 13
2020-12-19 20:58:10 DEBUG [t1] "TestVolatile":15: 13
2020-12-19 20:58:10 DEBUG [t1] "TestVolatile":15: 13
2020-12-19 20:58:10 DEBUG [t1] "TestVolatile":15: 13
2020-12-19 20:58:10 DEBUG [t1] "TestVolatile":15: 13
2020-12-19 20:58:10 DEBUG [t1] "TestVolatile":15: 13
2020-12-19 20:58:10 DEBUG [t1] "TestVolatile":15: 13
2020-12-19 20:58:10 DEBUG [t1] "TestVolatile":15: 13
2020-12-19 20:58:10 DEBUG [t1] "TestVolatile":15: 13
2020-12-19 20:58:10 DEBUG [t1] "TestVolatile":15: 13
2020-12-19 20:58:10 DEBUG [t1] "TestVolatile":15: 13
2020-12-19 20:58:10 DEBUG [t1] "TestVolatile":15: 13
2020-12-19 20:58:10 DEBUG [t1] "TestVolatile":15: 13
2020-12-19 20:58:10 DEBUG [t1] "TestVolatile":15: 13
2020-12-19 20:58:10 DEBUG [t1] "TestVolatile":15: 13
2020-12-19 20:58:10 DEBUG [t1] "TestVolatile":15: 13
2020-12-19 20:58:10 DEBUG [t1] "TestVolatile":15: 13
2020-12-19 20:58:10 DEBUG [t1] "TestVolatile":15: 13
2020-12-19 20:58:10 DEBUG [t1] "TestVolatile":15: 13
2020-12-19 20:58:10 DEBUG [t1] "TestVolatile":15: 13
2020-12-19 20:58:10 DEBUG [t1] "TestVolatile":15: 13
2020-12-19 20:58:10 DEBUG [t1] "TestVolatile":15: 13
2020-12-19 20:58:10 DEBUG [t1] "TestVolatile":15: 13
2020-12-19 20:58:10 DEBUG [t1] "TestVolatile":15: 13
2020-12-19 20:58:10 DEBUG [t1] "TestVolatile":15: 13
2020-12-19 20:58:10 DEBUG [t1] "TestVolatile":15: 13
2020-12-19 20:58:10 DEBUG [t1] "TestVolatile":15: 13
2020-12-19 20:58:10 DEBUG [t1] "TestVolatile":15: 13
2020-12-19 20:58:10 DEBUG [t1] "TestVolatile":15: 13
2020-12-19 20:58:10 DEBUG [t1] "TestVolatile":15: 13
2020-12-19 20:58:10 DEBUG [t1] "TestVolatile":15: 13
2020-12-19 20:58:10 DEBUG [t1] "TestVolatile":15: 13
2020-12-19 20:58:10 DEBUG [t1] "TestVolatile":15: 13
2020-12-19 20:58:10 DEBUG [t1] "TestVolatile":15: 13
2020-12-19 20:58:10 DEBUG [t1] "TestVolatile":15: 13
2020-12-19 20:58:10 DEBUG [t1] "TestVolatile":15: 13
2020-12-19 20:58:10 DEBUG [t1] "TestVolatile":15: 13
2020-12-19 20:58:10 DEBUG [t1] "TestVolatile":15: 13
2020-12-19 20:58:10 DEBUG [t1] "TestVolatile":15: 13
2020-12-19 20:58:10 DEBUG [t1] "TestVolatile":15: 13
2020-12-19 20:58:10 DEBUG [t1] "TestVolatile":15: 13
2020-12-19 20:58:10 DEBUG [t1] "TestVolatile":15: 13
2020-12-19 20:58:10 DEBUG [t1] "TestVolatile":15: 13
2020-12-19 20:58:10 DEBUG [t1] "TestVolatile":15: 13
2020-12-19 20:58:10 DEBUG [t1] "TestVolatile":15: 13
2020-12-19 20:58:10 DEBUG [t1] "TestVolatile":15: 13
2020-12-19 20:58:10 DEBUG [t1] "TestVolatile":15: 13
2020-12-19 20:58:10 DEBUG [t1] "TestVolatile":15: 13
2020-12-19 20:58:10 DEBUG [t1] "TestVolatile":15: 13
2020-12-19 20:58:10 DEBUG [t1] "TestVolatile":15: 13
2020-12-19 20:58:10 DEBUG [t1] "TestVolatile":15: 13
2020-12-19 20:58:10 DEBUG [t1] "TestVolatile":15: 13
2020-12-19 20:58:10 DEBUG [t1] "TestVolatile":15: 13
2020-12-19 20:58:10 DEBUG [t1] "TestVolatile":15: 13
2020-12-19 20:58:10 DEBUG [t1] "TestVolatile":15: 13
2020-12-19 20:58:10 DEBUG [t1] "TestVolatile":15: 13
2020-12-19 20:58:10 DEBUG [t1] "TestVolatile":15: 13
2020-12-19 20:58:10 DEBUG [t1] "TestVolatile":15: 13
2020-12-19 20:58:10 DEBUG [t1] "TestVolatile":15: 13
2020-12-19 20:58:10 DEBUG [t1] "TestVolatile":15: 13
2020-12-19 20:58:10 DEBUG [t1] "TestVolatile":15: 13
2020-12-19 20:58:10 DEBUG [t1] "TestVolatile":15: 13
2020-12-19 20:58:10 DEBUG [t1] "TestVolatile":15: 13
2020-12-19 20:58:10 DEBUG [t1] "TestVolatile":15: 13
2020-12-19 20:58:10 DEBUG [t1] "TestVolatile":15: 13
2020-12-19 20:58:10 DEBUG [t1] "TestVolatile":15: 13
2020-12-19 20:58:10 DEBUG [t1] "TestVolatile":15: 13
2020-12-19 20:58:10 DEBUG [t1] "TestVolatile":15: 13
2020-12-19 20:58:10 DEBUG [t1] "TestVolatile":15: 13
2020-12-19 20:58:10 DEBUG [t1] "TestVolatile":15: 13
2020-12-19 20:58:10 DEBUG [t1] "TestVolatile":15: 13
2020-12-19 20:58:10 DEBUG [t1] "TestVolatile":15: 13
2020-12-19 20:58:10 DEBUG [t1] "TestVolatile":15: 13
2020-12-19 20:58:10 DEBUG [t1] "TestVolatile":15: 13
2020-12-19 20:58:10 DEBUG [t1] "TestVolatile":15: 13
2020-12-19 20:58:10 DEBUG [t1] "TestVolatile":15: 13
2020-12-19 20:58:10 DEBUG [t1] "TestVolatile":15: 13
2020-12-19 20:58:10 DEBUG [t1] "TestVolatile":15: 13
2020-12-19 20:58:10 DEBUG [t1] "TestVolatile":15: 13
2020-12-19 20:58:10 DEBUG [t1] "TestVolatile":15: 13
2020-12-19 20:58:10 DEBUG [t1] "TestVolatile":15: 13
2020-12-19 20:58:10 DEBUG [t1] "TestVolatile":15: 13
2020-12-19 20:58:10 DEBUG [t1] "TestVolatile":15: 13
2020-12-19 20:58:10 DEBUG [t1] "TestVolatile":15: 13
2020-12-19 20:58:10 DEBUG [t1] "TestVolatile":15: 13
2020-12-19 20:58:10 DEBUG [t1] "TestVolatile":15: 13
2020-12-19 20:58:10 DEBUG [t1] "TestVolatile":15: 13
2020-12-19 20:58:10 DEBUG [t1] "TestVolatile":15: 13
2020-12-19 20:58:10 DEBUG [t1] "TestVolatile":15: 13
2020-12-19 20:58:10 DEBUG [t1] "TestVolatile":15: 13
2020-12-19 20:58:10 DEBUG [t1] "TestVolatile":15: 13
2020-12-19 20:58:10 DEBUG [t1] "TestVolatile":15: 13
2020-12-19 20:58:10 DEBUG [t1] "TestVolatile":15: 13
2020-12-19 20:58:10 DEBUG [t1] "TestVolatile":15: 13
2020-12-19 20:58:10 DEBUG [t1] "TestVolatile":15: 13
2020-12-19 20:58:10 DEBUG [t1] "TestVolatile":15: 13
2020-12-19 20:58:10 DEBUG [t1] "TestVolatile":15: 13
2020-12-19 20:58:10 DEBUG [t1] "TestVolatile":15: 13
2020-12-19 20:58:10 DEBUG [t1] "TestVolatile":15: 13
2020-12-19 20:58:10 DEBUG [t1] "TestVolatile":15: 13
2020-12-19 20:58:10 DEBUG [t1] "TestVolatile":15: 13
2020-12-19 20:58:10 DEBUG [t1] "TestVolatile":15: 13
2020-12-19 20:58:10 DEBUG [t1] "TestVolatile":15: 13
2020-12-19 20:58:10 DEBUG [t1] "TestVolatile":15: 13
2020-12-19 20:58:10 DEBUG [t1] "TestVolatile":15: 13
2020-12-19 20:58:10 DEBUG [t1] "TestVolatile":15: 13
2020-12-19 20:58:10 DEBUG [t1] "TestVolatile":15: 13
2020-12-19 20:58:10 DEBUG [t1] "TestVolatile":15: 13
2020-12-19 20:58:10 DEBUG [t1] "TestVolatile":15: 13
2020-12-19 20:58:10 DEBUG [t1] "TestVolatile":15: 13
2020-12-19 20:58:10 DEBUG [t1] "TestVolatile":15: 13
2020-12-19 20:58:10 DEBUG [t1] "TestVolatile":15: 13
2020-12-19 20:58:10 DEBUG [t1] "TestVolatile":15: 13
2020-12-19 20:58:10 DEBUG [t1] "TestVolatile":15: 13
2020-12-19 20:58:10 DEBUG [t1] "TestVolatile":15: 13
2020-12-19 20:58:10 DEBUG [t1] "TestVolatile":15: 13
2020-12-19 20:58:10 DEBUG [t1] "TestVolatile":15: 13
2020-12-19 20:58:10 DEBUG [t1] "TestVolatile":15: 13
2020-12-19 20:58:10 DEBUG [t1] "TestVolatile":15: 13
2020-12-19 20:58:10 DEBUG [t1] "TestVolatile":15: 13
2020-12-19 20:58:10 DEBUG [t1] "TestVolatile":15: 13
2020-12-19 20:58:10 DEBUG [t1] "TestVolatile":15: 13
2020-12-19 20:58:10 DEBUG [t1] "TestVolatile":15: 13
2020-12-19 20:58:10 DEBUG [t1] "TestVolatile":15: 13
2020-12-19 20:58:10 DEBUG [t1] "TestVolatile":15: 13
2020-12-19 20:58:10 DEBUG [t1] "TestVolatile":15: 13
2020-12-19 20:58:10 DEBUG [t1] "TestVolatile":15: 13
2020-12-19 20:58:10 DEBUG [t1] "TestVolatile":15: 13
2020-12-19 20:58:10 DEBUG [t1] "TestVolatile":15: 13
2020-12-19 20:58:10 DEBUG [t1] "TestVolatile":15: 13
2020-12-19 20:58:10 DEBUG [t1] "TestVolatile":15: 13
2020-12-19 20:58:10 DEBUG [t1] "TestVolatile":15: 13
2020-12-19 20:58:10 DEBUG [t1] "TestVolatile":15: 13
2020-12-19 20:58:10 DEBUG [t1] "TestVolatile":15: 13
2020-12-19 20:58:10 DEBUG [t1] "TestVolatile":15: 13
2020-12-19 20:58:10 DEBUG [t1] "TestVolatile":15: 13
2020-12-19 20:58:10 DEBUG [t1] "TestVolatile":15: 13
2020-12-19 20:58:10 DEBUG [t1] "TestVolatile":15: 13
2020-12-19 20:58:10 DEBUG [t1] "TestVolatile":15: 13
2020-12-19 20:58:10 DEBUG [t1] "TestVolatile":15: 13
2020-12-19 20:58:10 DEBUG [t1] "TestVolatile":15: 13
2020-12-19 20:58:10 DEBUG [t1] "TestVolatile":15: 13
2020-12-19 20:58:10 DEBUG [t1] "TestVolatile":15: 13
2020-12-19 20:58:10 DEBUG [t1] "TestVolatile":15: 13
2020-12-19 20:58:10 DEBUG [t1] "TestVolatile":15: 13
2020-12-19 20:58:10 DEBUG [t1] "TestVolatile":15: 13
2020-12-19 20:58:10 DEBUG [t1] "TestVolatile":15: 13
2020-12-19 20:58:10 DEBUG [t1] "TestVolatile":15: 13
2020-12-19 20:58:10 DEBUG [t1] "TestVolatile":15: 13
2020-12-19 20:58:10 DEBUG [t1] "TestVolatile":15: 13
2020-12-19 20:58:10 DEBUG [t1] "TestVolatile":15: 13
2020-12-19 20:58:10 DEBUG [t1] "TestVolatile":15: 13
2020-12-19 20:58:10 DEBUG [t1] "TestVolatile":15: 13
2020-12-19 20:58:10 DEBUG [t1] "TestVolatile":15: 13
2020-12-19 20:58:10 DEBUG [t1] "TestVolatile":15: 13
2020-12-19 20:58:10 DEBUG [t1] "TestVolatile":15: 13
2020-12-19 20:58:10 DEBUG [t1] "TestVolatile":15: 13
2020-12-19 20:58:10 DEBUG [t1] "TestVolatile":15: 13
2020-12-19 20:58:10 DEBUG [t1] "TestVolatile":15: 13
2020-12-19 20:58:10 DEBUG [t1] "TestVolatile":15: 13
2020-12-19 20:58:10 DEBUG [t1] "TestVolatile":15: 13
2020-12-19 20:58:10 DEBUG [t1] "TestVolatile":15: 13
2020-12-19 20:58:10 DEBUG [t1] "TestVolatile":15: 13
2020-12-19 20:58:10 DEBUG [t1] "TestVolatile":15: 13
2020-12-19 20:58:10 DEBUG [t1] "TestVolatile":15: 13
2020-12-19 20:58:10 DEBUG [t1] "TestVolatile":15: 13
2020-12-19 20:58:10 DEBUG [t1] "TestVolatile":15: 13
2020-12-19 20:58:10 DEBUG [t1] "TestVolatile":15: 13
2020-12-19 20:58:10 DEBUG [t1] "TestVolatile":15: 13
2020-12-19 20:58:10 DEBUG [t1] "TestVolatile":15: 13
2020-12-19 20:58:10 DEBUG [t1] "TestVolatile":15: 13
2020-12-19 20:58:10 DEBUG [t1] "TestVolatile":15: 13
2020-12-19 20:58:10 DEBUG [t1] "TestVolatile":15: 13
2020-12-19 20:58:10 DEBUG [t1] "TestVolatile":15: 13
2020-12-19 20:58:10 DEBUG [t1] "TestVolatile":15: 13
2020-12-19 20:58:10 DEBUG [t1] "TestVolatile":15: 13
2020-12-19 20:58:10 DEBUG [t1] "TestVolatile":15: 13
2020-12-19 20:58:10 DEBUG [t1] "TestVolatile":15: 13
2020-12-19 20:58:10 DEBUG [t1] "TestVolatile":15: 13
2020-12-19 20:58:10 DEBUG [t1] "TestVolatile":15: 13
2020-12-19 20:58:10 DEBUG [t1] "TestVolatile":15: 13
2020-12-19 20:58:10 DEBUG [t1] "TestVolatile":15: 13
2020-12-19 20:58:10 DEBUG [t1] "TestVolatile":15: 13
2020-12-19 20:58:10 DEBUG [t1] "TestVolatile":15: 13
2020-12-19 20:58:10 DEBUG [t1] "TestVolatile":15: 13
2020-12-19 20:58:10 DEBUG [t1] "TestVolatile":15: 13
2020-12-19 20:58:10 DEBUG [t1] "TestVolatile":15: 13
2020-12-19 20:58:10 DEBUG [t1] "TestVolatile":15: 13
2020-12-19 20:58:10 DEBUG [t1] "TestVolatile":15: 13
2020-12-19 20:58:10 DEBUG [t1] "TestVolatile":15: 13
2020-12-19 20:58:10 DEBUG [t1] "TestVolatile":15: 13
2020-12-19 20:58:10 DEBUG [t1] "TestVolatile":15: 13
2020-12-19 20:58:10 DEBUG [t1] "TestVolatile":15: 13
2020-12-19 20:58:10 DEBUG [t1] "TestVolatile":15: 13
2020-12-19 20:58:10 DEBUG [t1] "TestVolatile":15: 13
2020-12-19 20:58:10 DEBUG [t1] "TestVolatile":15: 13
2020-12-19 20:58:10 DEBUG [t1] "TestVolatile":15: 13
2020-12-19 20:58:10 DEBUG [t1] "TestVolatile":15: 13
2020-12-19 20:58:10 DEBUG [t1] "TestVolatile":15: 13
2020-12-19 20:58:10 DEBUG [t1] "TestVolatile":15: 13
2020-12-19 20:58:10 DEBUG [t1] "TestVolatile":15: 13
2020-12-19 20:58:10 DEBUG [t1] "TestVolatile":15: 13
2020-12-19 20:58:10 DEBUG [t1] "TestVolatile":15: 13
2020-12-19 20:58:10 DEBUG [t1] "TestVolatile":15: 13
2020-12-19 20:58:10 DEBUG [t1] "TestVolatile":15: 13
2020-12-19 20:58:10 DEBUG [t1] "TestVolatile":15: 13
2020-12-19 20:58:10 DEBUG [t1] "TestVolatile":15: 13
2020-12-19 20:58:10 DEBUG [t1] "TestVolatile":15: 13
2020-12-19 20:58:10 DEBUG [t1] "TestVolatile":15: 13
2020-12-19 20:58:10 DEBUG [t1] "TestVolatile":15: 13
2020-12-19 20:58:10 DEBUG [t1] "TestVolatile":15: 13
2020-12-19 20:58:10 DEBUG [t1] "TestVolatile":15: 13
2020-12-19 20:58:10 DEBUG [t1] "TestVolatile":15: 13
2020-12-19 20:58:10 DEBUG [t1] "TestVolatile":15: 13
2020-12-19 20:58:10 DEBUG [t1] "TestVolatile":15: 13
2020-12-19 20:58:10 DEBUG [t1] "TestVolatile":15: 13
2020-12-19 20:58:10 DEBUG [t1] "TestVolatile":15: 13
2020-12-19 20:58:10 DEBUG [t1] "TestVolatile":15: 13
2020-12-19 20:58:10 DEBUG [t1] "TestVolatile":15: 13
2020-12-19 20:58:10 DEBUG [t1] "TestVolatile":15: 13
2020-12-19 20:58:10 DEBUG [t1] "TestVolatile":15: 13
2020-12-19 20:58:10 DEBUG [t1] "TestVolatile":15: 13
2020-12-19 20:58:10 DEBUG [t1] "TestVolatile":15: 13
2020-12-19 20:58:10 DEBUG [t1] "TestVolatile":15: 13
2020-12-19 20:58:10 DEBUG [t1] "TestVolatile":15: 13
2020-12-19 20:58:10 DEBUG [t1] "TestVolatile":15: 13
2020-12-19 20:58:10 DEBUG [t1] "TestVolatile":15: 13
2020-12-19 20:58:10 DEBUG [t1] "TestVolatile":15: 13
2020-12-19 20:58:10 DEBUG [t1] "TestVolatile":15: 13
2020-12-19 20:58:10 DEBUG [t1] "TestVolatile":15: 13
2020-12-19 20:58:10 DEBUG [t1] "TestVolatile":15: 13
2020-12-19 20:58:10 DEBUG [t1] "TestVolatile":15: 13
2020-12-19 20:58:10 DEBUG [t1] "TestVolatile":15: 13
2020-12-19 20:58:10 DEBUG [t1] "TestVolatile":15: 13
2020-12-19 20:58:10 DEBUG [t1] "TestVolatile":15: 13
2020-12-19 20:58:10 DEBUG [t1] "TestVolatile":15: 13
2020-12-19 20:58:10 DEBUG [t1] "TestVolatile":15: 13
2020-12-19 20:58:10 DEBUG [t1] "TestVolatile":15: 13
2020-12-19 20:58:10 DEBUG [t1] "TestVolatile":15: 13
2020-12-19 20:58:10 DEBUG [t1] "TestVolatile":15: 13
2020-12-19 20:58:10 DEBUG [t1] "TestVolatile":15: 13
2020-12-19 20:58:10 DEBUG [t1] "TestVolatile":15: 13
2020-12-19 20:58:10 DEBUG [t1] "TestVolatile":15: 13
2020-12-19 20:58:10 DEBUG [t1] "TestVolatile":15: 13
2020-12-19 20:58:10 DEBUG [t1] "TestVolatile":15: 13
2020-12-19 20:58:10 DEBUG [t1] "TestVolatile":15: 13
2020-12-19 20:58:10 DEBUG [t1] "TestVolatile":15: 13
2020-12-19 20:58:10 DEBUG [t1] "TestVolatile":15: 13
2020-12-19 20:58:10 DEBUG [t1] "TestVolatile":15: 13
2020-12-19 20:58:10 DEBUG [t1] "TestVolatile":15: 13
2020-12-19 20:58:10 DEBUG [t1] "TestVolatile":15: 13
2020-12-19 20:58:10 DEBUG [t1] "TestVolatile":15: 13
2020-12-19 20:58:10 DEBUG [t1] "TestVolatile":15: 13
2020-12-19 20:58:10 DEBUG [t1] "TestVolatile":15: 13
2020-12-19 20:58:10 DEBUG [t1] "TestVolatile":15: 13
2020-12-19 20:58:10 DEBUG [t1] "TestVolatile":15: 13
2020-12-19 20:58:10 DEBUG [t1] "TestVolatile":15: 13
2020-12-19 20:58:10 DEBUG [t1] "TestVolatile":15: 13
2020-12-19 20:58:10 DEBUG [t1] "TestVolatile":15: 13
2020-12-19 20:58:10 DEBUG [t1] "TestVolatile":15: 13
2020-12-19 20:58:10 DEBUG [t1] "TestVolatile":15: 13
2020-12-19 20:58:10 DEBUG [t1] "TestVolatile":15: 13
2020-12-19 20:58:10 DEBUG [t1] "TestVolatile":15: 13
2020-12-19 20:58:10 DEBUG [t1] "TestVolatile":15: 13
2020-12-19 20:58:10 DEBUG [t1] "TestVolatile":15: 13
2020-12-19 20:58:10 DEBUG [t1] "TestVolatile":15: 13
2020-12-19 20:58:10 DEBUG [t1] "TestVolatile":15: 13
2020-12-19 20:58:10 DEBUG [t1] "TestVolatile":15: 13
2020-12-19 20:58:10 DEBUG [t1] "TestVolatile":15: 13
2020-12-19 20:58:10 DEBUG [t1] "TestVolatile":15: 13
2020-12-19 20:58:10 DEBUG [t1] "TestVolatile":15: 13
2020-12-19 20:58:10 DEBUG [t1] "TestVolatile":15: 13
2020-12-19 20:58:10 DEBUG [t1] "TestVolatile":15: 13
2020-12-19 20:58:10 DEBUG [t1] "TestVolatile":15: 13
2020-12-19 20:58:10 DEBUG [t1] "TestVolatile":15: 13
2020-12-19 20:58:10 DEBUG [t1] "TestVolatile":15: 13
2020-12-19 20:58:10 DEBUG [t1] "TestVolatile":15: 13
2020-12-19 20:58:10 DEBUG [t1] "TestVolatile":15: 13
2020-12-19 20:58:10 DEBUG [t1] "TestVolatile":15: 13
2020-12-19 20:58:10 DEBUG [t1] "TestVolatile":15: 13
2020-12-19 20:58:10 DEBUG [t1] "TestVolatile":15: 13
2020-12-19 20:58:10 DEBUG [t1] "TestVolatile":15: 13
2020-12-19 20:58:10 DEBUG [t1] "TestVolatile":15: 13
2020-12-19 20:58:10 DEBUG [t1] "TestVolatile":15: 13
2020-12-19 20:58:10 DEBUG [t1] "TestVolatile":15: 13
2020-12-19 20:58:10 DEBUG [t1] "TestVolatile":15: 13
2020-12-19 20:58:10 DEBUG [t1] "TestVolatile":15: 13
2020-12-19 20:58:10 DEBUG [t1] "TestVolatile":15: 13
2020-12-19 20:58:10 DEBUG [t1] "TestVolatile":15: 13
2020-12-19 20:58:10 DEBUG [t1] "TestVolatile":15: 13
2020-12-19 20:58:10 DEBUG [t1] "TestVolatile":15: 13
2020-12-19 20:58:10 DEBUG [t1] "TestVolatile":15: 13
2020-12-19 20:58:10 DEBUG [t1] "TestVolatile":15: 13
2020-12-19 20:58:10 DEBUG [t1] "TestVolatile":15: 13
2020-12-19 20:58:10 DEBUG [t1] "TestVolatile":15: 13
2020-12-19 20:58:10 DEBUG [t1] "TestVolatile":15: 13
2020-12-19 20:58:10 DEBUG [t1] "TestVolatile":15: 13
2020-12-19 20:58:10 DEBUG [t1] "TestVolatile":15: 13
2020-12-19 20:58:10 DEBUG [t1] "TestVolatile":15: 13
2020-12-19 20:58:10 DEBUG [t1] "TestVolatile":15: 13
2020-12-19 20:58:10 DEBUG [t1] "TestVolatile":15: 13
2020-12-19 20:58:10 DEBUG [t1] "TestVolatile":15: 13
2020-12-19 20:58:10 DEBUG [t1] "TestVolatile":15: 13
2020-12-19 20:58:10 DEBUG [t1] "TestVolatile":15: 13
2020-12-19 20:58:10 DEBUG [t1] "TestVolatile":15: 13
2020-12-19 20:58:10 DEBUG [t1] "TestVolatile":15: 13
2020-12-19 20:58:10 DEBUG [t1] "TestVolatile":15: 13
2020-12-19 20:58:10 DEBUG [t1] "TestVolatile":15: 13
2020-12-19 20:58:10 DEBUG [t1] "TestVolatile":15: 13
2020-12-19 20:58:10 DEBUG [t1] "TestVolatile":15: 13
2020-12-19 20:58:10 DEBUG [t1] "TestVolatile":15: 13
2020-12-19 20:58:10 DEBUG [t1] "TestVolatile":15: 13
2020-12-19 20:58:10 DEBUG [t1] "TestVolatile":15: 13
2020-12-19 20:58:10 DEBUG [t1] "TestVolatile":15: 13
2020-12-19 20:58:10 DEBUG [t1] "TestVolatile":15: 13
2020-12-19 20:58:10 DEBUG [t1] "TestVolatile":15: 13
2020-12-19 20:58:10 DEBUG [t1] "TestVolatile":15: 13
2020-12-19 20:58:10 DEBUG [t1] "TestVolatile":15: 13
2020-12-19 20:58:10 DEBUG [t1] "TestVolatile":15: 13
2020-12-19 20:58:10 DEBUG [t1] "TestVolatile":15: 13
2020-12-19 20:58:10 DEBUG [t1] "TestVolatile":15: 13
2020-12-19 20:58:10 DEBUG [t1] "TestVolatile":15: 13
2020-12-19 20:58:10 DEBUG [t1] "TestVolatile":15: 13
2020-12-19 20:58:10 DEBUG [t1] "TestVolatile":15: 13
2020-12-19 20:58:10 DEBUG [t1] "TestVolatile":15: 13
2020-12-19 20:58:10 DEBUG [t1] "TestVolatile":15: 13
2020-12-19 20:58:10 DEBUG [t1] "TestVolatile":15: 13
2020-12-19 20:58:10 DEBUG [t1] "TestVolatile":15: 13
2020-12-19 20:58:10 DEBUG [t1] "TestVolatile":15: 13
2020-12-19 20:58:10 DEBUG [t1] "TestVolatile":15: 13
2020-12-19 20:58:10 DEBUG [t1] "TestVolatile":15: 13
2020-12-19 20:58:10 DEBUG [t1] "TestVolatile":15: 13
2020-12-19 20:58:10 DEBUG [t1] "TestVolatile":15: 13
2020-12-19 20:58:10 DEBUG [t1] "TestVolatile":15: 13
2020-12-19 20:58:10 DEBUG [t1] "TestVolatile":15: 13
2020-12-19 20:58:10 DEBUG [t1] "TestVolatile":15: 13
2020-12-19 20:58:10 DEBUG [t1] "TestVolatile":15: 13
2020-12-19 20:58:10 DEBUG [t1] "TestVolatile":15: 13
2020-12-19 20:58:10 DEBUG [t1] "TestVolatile":15: 13
2020-12-19 20:58:10 DEBUG [t1] "TestVolatile":15: 13
2020-12-19 20:58:10 DEBUG [t1] "TestVolatile":15: 13
2020-12-19 20:58:10 DEBUG [t1] "TestVolatile":15: 13
2020-12-19 20:58:10 DEBUG [t1] "TestVolatile":15: 13
2020-12-19 20:58:10 DEBUG [t1] "TestVolatile":15: 13
2020-12-19 20:58:10 DEBUG [t1] "TestVolatile":15: 13
2020-12-19 20:58:10 DEBUG [t1] "TestVolatile":15: 13
2020-12-19 20:58:10 DEBUG [t1] "TestVolatile":15: 13
2020-12-19 20:58:10 DEBUG [t1] "TestVolatile":15: 13
2020-12-19 20:58:10 DEBUG [t1] "TestVolatile":15: 13
2020-12-19 20:58:10 DEBUG [t1] "TestVolatile":15: 13
2020-12-19 20:58:10 DEBUG [t1] "TestVolatile":15: 13
2020-12-19 20:58:10 DEBUG [t1] "TestVolatile":15: 13
2020-12-19 20:58:10 DEBUG [t1] "TestVolatile":15: 13
2020-12-19 20:58:10 DEBUG [t1] "TestVolatile":15: 13
2020-12-19 20:58:10 DEBUG [t1] "TestVolatile":15: 13
2020-12-19 20:58:10 DEBUG [t1] "TestVolatile":15: 13
2020-12-19 20:58:10 DEBUG [t1] "TestVolatile":15: 13
2020-12-19 20:58:10 DEBUG [t1] "TestVolatile":15: 13
2020-12-19 20:58:10 DEBUG [t1] "TestVolatile":15: 13
2020-12-19 20:58:10 DEBUG [t1] "TestVolatile":15: 13
2020-12-19 20:58:10 DEBUG [t1] "TestVolatile":15: 13
2020-12-19 20:58:10 DEBUG [t1] "TestVolatile":15: 13
2020-12-19 20:58:10 DEBUG [t1] "TestVolatile":15: 13
2020-12-19 20:58:10 DEBUG [t1] "TestVolatile":15: 13
2020-12-19 20:58:10 DEBUG [t1] "TestVolatile":15: 13
2020-12-19 20:58:10 DEBUG [t1] "TestVolatile":15: 13
2020-12-19 20:58:10 DEBUG [t1] "TestVolatile":15: 13
2020-12-19 20:58:10 DEBUG [t1] "TestVolatile":15: 13
2020-12-19 20:58:10 DEBUG [t1] "TestVolatile":15: 13
2020-12-19 20:58:10 DEBUG [t1] "TestVolatile":15: 13
2020-12-19 20:58:10 DEBUG [t1] "TestVolatile":15: 13
2020-12-19 20:58:10 DEBUG [t1] "TestVolatile":15: 13
2020-12-19 20:58:10 DEBUG [t1] "TestVolatile":15: 13
2020-12-19 20:58:10 DEBUG [t1] "TestVolatile":15: 13
2020-12-19 20:58:10 DEBUG [t1] "TestVolatile":15: 13
2020-12-19 20:58:10 DEBUG [t1] "TestVolatile":15: 13
2020-12-19 20:58:10 DEBUG [t1] "TestVolatile":15: 13
2020-12-19 20:58:10 DEBUG [t1] "TestVolatile":15: 13
2020-12-19 20:58:10 DEBUG [t1] "TestVolatile":15: 13
2020-12-19 20:58:10 DEBUG [t1] "TestVolatile":15: 13
2020-12-19 20:58:10 DEBUG [t1] "TestVolatile":15: 13
2020-12-19 20:58:10 DEBUG [t1] "TestVolatile":15: 13
2020-12-19 20:58:10 DEBUG [t1] "TestVolatile":15: 13
2020-12-19 20:58:10 DEBUG [t1] "TestVolatile":15: 13
2020-12-19 20:58:10 DEBUG [t1] "TestVolatile":15: 13
2020-12-19 20:58:10 DEBUG [t1] "TestVolatile":15: 13
2020-12-19 20:58:10 DEBUG [t1] "TestVolatile":15: 13
2020-12-19 20:58:10 DEBUG [t1] "TestVolatile":15: 13
2020-12-19 20:58:10 DEBUG [t1] "TestVolatile":15: 13
2020-12-19 20:58:10 DEBUG [t1] "TestVolatile":15: 13
2020-12-19 20:58:10 DEBUG [t1] "TestVolatile":15: 13
2020-12-19 20:58:10 DEBUG [t1] "TestVolatile":15: 13
2020-12-19 20:58:10 DEBUG [t1] "TestVolatile":15: 13
2020-12-19 20:58:10 DEBUG [t1] "TestVolatile":15: 13
2020-12-19 20:58:10 DEBUG [t1] "TestVolatile":15: 13
2020-12-19 20:58:10 DEBUG [t1] "TestVolatile":15: 13
2020-12-19 20:58:10 DEBUG [t1] "TestVolatile":15: 13
2020-12-19 20:58:10 DEBUG [t1] "TestVolatile":15: 13
2020-12-19 20:58:10 DEBUG [t1] "TestVolatile":15: 13
2020-12-19 20:58:10 DEBUG [t1] "TestVolatile":15: 13
2020-12-19 20:58:10 DEBUG [t1] "TestVolatile":15: 13
2020-12-19 20:58:10 DEBUG [t1] "TestVolatile":15: 13
2020-12-19 20:58:10 DEBUG [t1] "TestVolatile":15: 13
2020-12-19 20:58:10 DEBUG [t1] "TestVolatile":15: 13
2020-12-19 20:58:10 DEBUG [t1] "TestVolatile":15: 13
2020-12-19 20:58:10 DEBUG [t1] "TestVolatile":15: 13
2020-12-19 20:58:10 DEBUG [t1] "TestVolatile":15: 13
2020-12-19 20:58:10 DEBUG [t1] "TestVolatile":15: 13
2020-12-19 20:58:10 DEBUG [t1] "TestVolatile":15: 13
2020-12-19 20:58:10 DEBUG [t1] "TestVolatile":15: 13
2020-12-19 20:58:10 DEBUG [t1] "TestVolatile":15: 13
2020-12-19 20:58:10 DEBUG [t1] "TestVolatile":15: 13
2020-12-19 20:58:10 DEBUG [t1] "TestVolatile":15: 13
2020-12-19 20:58:10 DEBUG [t1] "TestVolatile":15: 13
2020-12-19 20:58:10 DEBUG [t1] "TestVolatile":15: 13
2020-12-19 20:58:10 DEBUG [t1] "TestVolatile":15: 13
2020-12-19 20:58:10 DEBUG [t1] "TestVolatile":15: 13
2020-12-19 20:58:10 DEBUG [t1] "TestVolatile":15: 13
2020-12-19 20:58:10 DEBUG [t1] "TestVolatile":15: 13
2020-12-19 20:58:10 DEBUG [t1] "TestVolatile":15: 13
2020-12-19 20:58:10 DEBUG [t1] "TestVolatile":15: 13
2020-12-19 20:58:10 DEBUG [t1] "TestVolatile":15: 13
2020-12-19 20:58:10 DEBUG [t1] "TestVolatile":15: 13
2020-12-19 20:58:10 DEBUG [t1] "TestVolatile":15: 13
2020-12-19 20:58:10 DEBUG [t1] "TestVolatile":15: 13
2020-12-19 20:58:10 DEBUG [t1] "TestVolatile":15: 13
2020-12-19 20:58:10 DEBUG [t1] "TestVolatile":15: 13
2020-12-19 20:58:10 DEBUG [t1] "TestVolatile":15: 13
2020-12-19 20:58:10 DEBUG [t1] "TestVolatile":15: 13
2020-12-19 20:58:10 DEBUG [t1] "TestVolatile":15: 13
2020-12-19 20:58:10 DEBUG [t1] "TestVolatile":15: 13
2020-12-19 20:58:10 DEBUG [t1] "TestVolatile":15: 13
2020-12-19 20:58:10 DEBUG [t1] "TestVolatile":15: 13
2020-12-19 20:58:10 DEBUG [t1] "TestVolatile":15: 13
2020-12-19 20:58:10 DEBUG [t1] "TestVolatile":15: 13
2020-12-19 20:58:10 DEBUG [t1] "TestVolatile":15: 13
2020-12-19 20:58:10 DEBUG [t1] "TestVolatile":15: 13
2020-12-19 20:58:10 DEBUG [t1] "TestVolatile":15: 13
2020-12-19 20:58:10 DEBUG [t1] "TestVolatile":15: 13
2020-12-19 20:58:10 DEBUG [t1] "TestVolatile":15: 13
2020-12-19 20:58:10 DEBUG [t1] "TestVolatile":15: 13
2020-12-19 20:58:10 DEBUG [t1] "TestVolatile":15: 13
2020-12-19 20:58:10 DEBUG [t1] "TestVolatile":15: 13
2020-12-19 20:58:10 DEBUG [t1] "TestVolatile":15: 13
2020-12-19 20:58:10 DEBUG [t1] "TestVolatile":15: 13
2020-12-19 20:58:10 DEBUG [t1] "TestVolatile":15: 13
2020-12-19 20:58:10 DEBUG [t1] "TestVolatile":15: 13
2020-12-19 20:58:10 DEBUG [t1] "TestVolatile":15: 13
2020-12-19 20:58:10 DEBUG [t1] "TestVolatile":15: 13
2020-12-19 20:58:10 DEBUG [t1] "TestVolatile":15: 13
2020-12-19 20:58:10 DEBUG [t1] "TestVolatile":15: 13
2020-12-19 20:58:10 DEBUG [t1] "TestVolatile":15: 13
2020-12-19 20:58:10 DEBUG [t1] "TestVolatile":15: 13
2020-12-19 20:58:10 DEBUG [t1] "TestVolatile":15: 13
2020-12-19 20:58:10 DEBUG [t1] "TestVolatile":15: 13
2020-12-19 20:58:10 DEBUG [t1] "TestVolatile":15: 13
2020-12-19 20:58:10 DEBUG [t1] "TestVolatile":15: 13
2020-12-19 20:58:10 DEBUG [t1] "TestVolatile":15: 13
2020-12-19 20:58:10 DEBUG [t1] "TestVolatile":15: 13
2020-12-19 20:58:10 DEBUG [t1] "TestVolatile":15: 13
2020-12-19 20:58:10 DEBUG [t1] "TestVolatile":15: 13
2020-12-19 20:58:10 DEBUG [t1] "TestVolatile":15: 13
2020-12-19 20:58:10 DEBUG [t1] "TestVolatile":15: 13
2020-12-19 20:58:10 DEBUG [t1] "TestVolatile":15: 13
2020-12-19 20:58:10 DEBUG [t1] "TestVolatile":15: 13
2020-12-19 20:58:10 DEBUG [t1] "TestVolatile":15: 13
2020-12-19 20:58:10 DEBUG [t1] "TestVolatile":15: 13
2020-12-19 20:58:10 DEBUG [t1] "TestVolatile":15: 13
2020-12-19 20:58:10 DEBUG [t1] "TestVolatile":15: 13
2020-12-19 20:58:10 DEBUG [t1] "TestVolatile":15: 13
2020-12-19 20:58:10 DEBUG [t1] "TestVolatile":15: 13
2020-12-19 20:58:10 DEBUG [t1] "TestVolatile":15: 13
2020-12-19 20:58:10 DEBUG [t1] "TestVolatile":15: 13
2020-12-19 20:58:10 DEBUG [t1] "TestVolatile":15: 13
2020-12-19 20:58:10 DEBUG [t1] "TestVolatile":15: 13
2020-12-19 20:58:10 DEBUG [t1] "TestVolatile":15: 13
2020-12-19 20:58:10 DEBUG [t1] "TestVolatile":15: 13
2020-12-19 20:58:10 DEBUG [t1] "TestVolatile":15: 13
2020-12-19 20:58:10 DEBUG [t1] "TestVolatile":15: 13
2020-12-19 20:58:10 DEBUG [t1] "TestVolatile":15: 13
2020-12-19 20:58:10 DEBUG [t1] "TestVolatile":15: 13
2020-12-19 20:58:10 DEBUG [t1] "TestVolatile":15: 13
2020-12-19 20:58:10 DEBUG [t1] "TestVolatile":15: 13
2020-12-19 20:58:10 DEBUG [t1] "TestVolatile":15: 13
2020-12-19 20:58:10 DEBUG [t1] "TestVolatile":15: 13
2020-12-19 20:58:10 DEBUG [t1] "TestVolatile":15: 13
2020-12-19 20:58:10 DEBUG [t1] "TestVolatile":15: 13
2020-12-19 20:58:10 DEBUG [t1] "TestVolatile":15: 13
2020-12-19 20:58:10 DEBUG [t1] "TestVolatile":15: 13
2020-12-19 20:58:10 DEBUG [t1] "TestVolatile":15: 13
2020-12-19 20:58:10 DEBUG [t1] "TestVolatile":15: 13
2020-12-19 20:58:10 DEBUG [t1] "TestVolatile":15: 13
2020-12-19 20:58:10 DEBUG [t1] "TestVolatile":15: 13
2020-12-19 20:58:10 DEBUG [t1] "TestVolatile":15: 13
2020-12-19 20:58:10 DEBUG [t1] "TestVolatile":15: 13
2020-12-19 20:58:10 DEBUG [t1] "TestVolatile":15: 13
2020-12-19 20:58:10 DEBUG [t1] "TestVolatile":15: 13
2020-12-19 20:58:10 DEBUG [t1] "TestVolatile":15: 13
2020-12-19 20:58:10 DEBUG [t1] "TestVolatile":15: 13
2020-12-19 20:58:10 DEBUG [t1] "TestVolatile":15: 13
2020-12-19 20:58:10 DEBUG [t1] "TestVolatile":15: 13
2020-12-19 20:58:10 DEBUG [t1] "TestVolatile":15: 13
2020-12-19 20:58:10 DEBUG [t1] "TestVolatile":15: 13
2020-12-19 20:58:10 DEBUG [t1] "TestVolatile":15: 13
2020-12-19 20:58:10 DEBUG [t1] "TestVolatile":15: 13
2020-12-19 20:58:10 DEBUG [t1] "TestVolatile":15: 13
2020-12-19 20:58:10 DEBUG [t1] "TestVolatile":15: 13
2020-12-19 20:58:10 DEBUG [t1] "TestVolatile":15: 13
2020-12-19 20:58:10 DEBUG [t1] "TestVolatile":15: 13
2020-12-19 20:58:10 DEBUG [t1] "TestVolatile":15: 13
2020-12-19 20:58:10 DEBUG [t1] "TestVolatile":15: 13
2020-12-19 20:58:10 DEBUG [t1] "TestVolatile":15: 13
2020-12-19 20:58:10 DEBUG [t1] "TestVolatile":15: 13
2020-12-19 20:58:10 DEBUG [t1] "TestVolatile":15: 13
2020-12-19 20:58:10 DEBUG [t1] "TestVolatile":15: 13
2020-12-19 20:58:10 DEBUG [t1] "TestVolatile":15: 13
2020-12-19 20:58:10 DEBUG [t1] "TestVolatile":15: 13
2020-12-19 20:58:10 DEBUG [t1] "TestVolatile":15: 13
2020-12-19 20:58:10 DEBUG [t1] "TestVolatile":15: 13
2020-12-19 20:58:10 DEBUG [t1] "TestVolatile":15: 13
2020-12-19 20:58:10 DEBUG [t1] "TestVolatile":15: 13
2020-12-19 20:58:10 DEBUG [t1] "TestVolatile":15: 13
2020-12-19 20:58:10 DEBUG [t1] "TestVolatile":15: 13
2020-12-19 20:58:10 DEBUG [t1] "TestVolatile":15: 13
2020-12-19 20:58:10 DEBUG [t1] "TestVolatile":15: 13
2020-12-19 20:58:10 DEBUG [t1] "TestVolatile":15: 13
2020-12-19 20:58:10 DEBUG [t1] "TestVolatile":15: 13
2020-12-19 20:58:10 DEBUG [t1] "TestVolatile":15: 13
2020-12-19 20:58:10 DEBUG [t1] "TestVolatile":15: 13
2020-12-19 20:58:10 DEBUG [t1] "TestVolatile":15: 13
2020-12-19 20:58:10 DEBUG [t1] "TestVolatile":15: 13
2020-12-19 20:58:10 DEBUG [t1] "TestVolatile":15: 13
2020-12-19 20:58:10 DEBUG [t1] "TestVolatile":15: 13
2020-12-19 20:58:10 DEBUG [t1] "TestVolatile":15: 13
2020-12-19 20:58:10 DEBUG [t1] "TestVolatile":15: 13
2020-12-19 20:58:10 DEBUG [t1] "TestVolatile":15: 13
2020-12-19 20:58:10 DEBUG [t1] "TestVolatile":15: 13
2020-12-19 20:58:10 DEBUG [t1] "TestVolatile":15: 13
2020-12-19 20:58:10 DEBUG [t1] "TestVolatile":15: 13
2020-12-19 20:58:10 DEBUG [t1] "TestVolatile":15: 13
2020-12-19 20:58:10 DEBUG [t1] "TestVolatile":15: 13
2020-12-19 20:58:10 DEBUG [t1] "TestVolatile":15: 13
2020-12-19 20:58:10 DEBUG [t1] "TestVolatile":15: 13
2020-12-19 20:58:10 DEBUG [t1] "TestVolatile":15: 13
2020-12-19 20:58:10 DEBUG [t1] "TestVolatile":15: 13
2020-12-19 20:58:10 DEBUG [t1] "TestVolatile":15: 13
2020-12-19 20:58:10 DEBUG [t1] "TestVolatile":15: 13
2020-12-19 20:58:10 DEBUG [t1] "TestVolatile":15: 13
2020-12-19 20:58:10 DEBUG [t1] "TestVolatile":15: 13
2020-12-19 20:58:10 DEBUG [t1] "TestVolatile":15: 13
2020-12-19 20:58:10 DEBUG [t1] "TestVolatile":15: 13
2020-12-19 20:58:10 DEBUG [t1] "TestVolatile":15: 13
2020-12-19 20:58:10 DEBUG [t1] "TestVolatile":15: 13
2020-12-19 20:58:10 DEBUG [t1] "TestVolatile":15: 13
2020-12-19 20:58:10 DEBUG [t1] "TestVolatile":15: 13
2020-12-19 20:58:10 DEBUG [t1] "TestVolatile":15: 13
2020-12-19 20:58:10 DEBUG [t1] "TestVolatile":15: 13
2020-12-19 20:58:10 DEBUG [t1] "TestVolatile":15: 13
2020-12-19 20:58:10 DEBUG [t1] "TestVolatile":15: 13
2020-12-19 20:58:10 DEBUG [t1] "TestVolatile":15: 13
2020-12-19 20:58:10 DEBUG [t1] "TestVolatile":15: 13
2020-12-19 20:58:10 DEBUG [t1] "TestVolatile":15: 13
2020-12-19 20:58:10 DEBUG [t1] "TestVolatile":15: 13
2020-12-19 20:58:10 DEBUG [t1] "TestVolatile":15: 13
2020-12-19 20:58:10 DEBUG [t1] "TestVolatile":15: 13
2020-12-19 20:58:10 DEBUG [t1] "TestVolatile":15: 13
2020-12-19 20:58:10 DEBUG [t1] "TestVolatile":15: 13
2020-12-19 20:58:10 DEBUG [t1] "TestVolatile":15: 13
2020-12-19 20:58:10 DEBUG [t1] "TestVolatile":15: 13
2020-12-19 20:58:10 DEBUG [t1] "TestVolatile":15: 13
2020-12-19 20:58:10 DEBUG [t1] "TestVolatile":15: 13
2020-12-19 20:58:10 DEBUG [t1] "TestVolatile":15: 13
2020-12-19 20:58:10 DEBUG [t1] "TestVolatile":15: 13
2020-12-19 20:58:10 DEBUG [t1] "TestVolatile":15: 13
2020-12-19 20:58:10 DEBUG [t1] "TestVolatile":15: 13
2020-12-19 20:58:10 DEBUG [t1] "TestVolatile":15: 13
2020-12-19 20:58:10 DEBUG [t1] "TestVolatile":15: 13
2020-12-19 20:58:10 DEBUG [t1] "TestVolatile":15: 13
2020-12-19 20:58:10 DEBUG [t1] "TestVolatile":15: 13
2020-12-19 20:58:10 DEBUG [t1] "TestVolatile":15: 13
2020-12-19 20:58:10 DEBUG [t1] "TestVolatile":15: 13
2020-12-19 20:58:10 DEBUG [t1] "TestVolatile":15: 13
2020-12-19 20:58:10 DEBUG [t1] "TestVolatile":15: 13
2020-12-19 20:58:10 DEBUG [t1] "TestVolatile":15: 13
2020-12-19 20:58:10 DEBUG [t1] "TestVolatile":15: 13
2020-12-19 20:58:10 DEBUG [t1] "TestVolatile":15: 13
2020-12-19 20:58:10 DEBUG [t1] "TestVolatile":15: 13
2020-12-19 20:58:10 DEBUG [t1] "TestVolatile":15: 13
2020-12-19 20:58:10 DEBUG [t1] "TestVolatile":15: 13
2020-12-19 20:58:10 DEBUG [t1] "TestVolatile":15: 13
2020-12-19 20:58:10 DEBUG [t1] "TestVolatile":15: 13
2020-12-19 20:58:10 DEBUG [t1] "TestVolatile":15: 13
2020-12-19 20:58:10 DEBUG [t1] "TestVolatile":15: 13
2020-12-19 20:58:10 DEBUG [t1] "TestVolatile":15: 13
2020-12-19 20:58:10 DEBUG [t1] "TestVolatile":15: 13
2020-12-19 20:58:10 DEBUG [t1] "TestVolatile":15: 13
2020-12-19 20:58:10 DEBUG [t1] "TestVolatile":15: 13
2020-12-19 20:58:10 DEBUG [t1] "TestVolatile":15: 13
2020-12-19 20:58:10 DEBUG [t1] "TestVolatile":15: 13
2020-12-19 20:58:10 DEBUG [t1] "TestVolatile":15: 13
2020-12-19 20:58:10 DEBUG [t1] "TestVolatile":15: 13
2020-12-19 20:58:10 DEBUG [t1] "TestVolatile":15: 13
2020-12-19 20:58:10 DEBUG [t1] "TestVolatile":15: 13
2020-12-19 20:58:10 DEBUG [t1] "TestVolatile":15: 13
2020-12-19 20:58:10 DEBUG [t1] "TestVolatile":15: 13
2020-12-19 20:58:10 DEBUG [t1] "TestVolatile":15: 13
2020-12-19 20:58:10 DEBUG [t1] "TestVolatile":15: 13
2020-12-19 20:58:10 DEBUG [t1] "TestVolatile":15: 13
2020-12-19 20:58:10 DEBUG [t1] "TestVolatile":15: 13
2020-12-19 20:58:10 DEBUG [t1] "TestVolatile":15: 13
2020-12-19 20:58:10 DEBUG [t1] "TestVolatile":15: 13
2020-12-19 20:58:10 DEBUG [t1] "TestVolatile":15: 13
2020-12-19 20:58:10 DEBUG [t1] "TestVolatile":15: 13
2020-12-19 20:58:10 DEBUG [t1] "TestVolatile":15: 13
2020-12-19 20:58:10 DEBUG [t1] "TestVolatile":15: 13
2020-12-19 20:58:10 DEBUG [t1] "TestVolatile":15: 13
2020-12-19 20:58:10 DEBUG [t1] "TestVolatile":15: 13
2020-12-19 20:58:10 DEBUG [t1] "TestVolatile":15: 13
2020-12-19 20:58:10 DEBUG [t1] "TestVolatile":15: 13
2020-12-19 20:58:10 DEBUG [t1] "TestVolatile":15: 13
2020-12-19 20:58:10 DEBUG [t1] "TestVolatile":15: 13
2020-12-19 20:58:10 DEBUG [t1] "TestVolatile":15: 13
2020-12-19 20:58:10 DEBUG [t1] "TestVolatile":15: 13
2020-12-19 20:58:10 DEBUG [t1] "TestVolatile":15: 13
2020-12-19 20:58:10 DEBUG [t1] "TestVolatile":15: 13
2020-12-19 20:58:10 DEBUG [t1] "TestVolatile":15: 13
2020-12-19 20:58:10 DEBUG [t1] "TestVolatile":15: 13
2020-12-19 20:58:10 DEBUG [t1] "TestVolatile":15: 13
2020-12-19 20:58:10 DEBUG [t1] "TestVolatile":15: 13
2020-12-19 20:58:10 DEBUG [t1] "TestVolatile":15: 13
2020-12-19 20:58:10 DEBUG [t1] "TestVolatile":15: 13
2020-12-19 20:58:10 DEBUG [t1] "TestVolatile":15: 13
2020-12-19 20:58:10 DEBUG [t1] "TestVolatile":15: 13
2020-12-19 20:58:10 DEBUG [t1] "TestVolatile":15: 13
2020-12-19 20:58:10 DEBUG [t1] "TestVolatile":15: 13
2020-12-19 20:58:10 DEBUG [t1] "TestVolatile":15: 13
2020-12-19 20:58:10 DEBUG [t1] "TestVolatile":15: 13
2020-12-19 20:58:10 DEBUG [t1] "TestVolatile":15: 13
2020-12-19 20:58:10 DEBUG [t1] "TestVolatile":15: 13
2020-12-19 20:58:10 DEBUG [t1] "TestVolatile":15: 13
2020-12-19 20:58:10 DEBUG [t1] "TestVolatile":15: 13
2020-12-19 20:58:10 DEBUG [t1] "TestVolatile":15: 13
2020-12-19 20:58:10 DEBUG [t1] "TestVolatile":15: 13
2020-12-19 20:58:10 DEBUG [t1] "TestVolatile":15: 13
2020-12-19 20:58:10 DEBUG [t1] "TestVolatile":15: 13
2020-12-19 20:58:10 DEBUG [t1] "TestVolatile":15: 13
2020-12-19 20:58:10 DEBUG [t1] "TestVolatile":15: 13
2020-12-19 20:58:10 DEBUG [t1] "TestVolatile":15: 13
2020-12-19 20:58:10 DEBUG [t1] "TestVolatile":15: 13
2020-12-19 20:58:10 DEBUG [t1] "TestVolatile":15: 13
2020-12-19 20:58:10 DEBUG [t1] "TestVolatile":15: 13
2020-12-19 20:58:10 DEBUG [t1] "TestVolatile":15: 13
2020-12-19 20:58:10 DEBUG [t1] "TestVolatile":15: 13
2020-12-19 20:58:10 DEBUG [t1] "TestVolatile":15: 13
2020-12-19 20:58:10 DEBUG [t1] "TestVolatile":15: 13
2020-12-19 20:58:10 DEBUG [t1] "TestVolatile":15: 13
2020-12-19 20:58:10 DEBUG [t1] "TestVolatile":15: 13
2020-12-19 20:58:10 DEBUG [t1] "TestVolatile":15: 13
2020-12-19 20:58:10 DEBUG [t1] "TestVolatile":15: 13
2020-12-19 20:58:10 DEBUG [t1] "TestVolatile":15: 13
2020-12-19 20:58:10 DEBUG [t1] "TestVolatile":15: 13
2020-12-19 20:58:10 DEBUG [t1] "TestVolatile":15: 13
2020-12-19 20:58:10 DEBUG [t1] "TestVolatile":15: 13
2020-12-19 20:58:10 DEBUG [t1] "TestVolatile":15: 13
2020-12-19 20:58:10 DEBUG [t1] "TestVolatile":15: 13
2020-12-19 20:58:10 DEBUG [t1] "TestVolatile":15: 13
2020-12-19 20:58:10 DEBUG [t1] "TestVolatile":15: 13
2020-12-19 20:58:10 DEBUG [t1] "TestVolatile":15: 13
2020-12-19 20:58:10 DEBUG [t1] "TestVolatile":15: 13
2020-12-19 20:58:10 DEBUG [t1] "TestVolatile":15: 13
2020-12-19 20:58:10 DEBUG [t1] "TestVolatile":15: 13
2020-12-19 20:58:10 DEBUG [t1] "TestVolatile":15: 13
2020-12-19 20:58:10 DEBUG [t1] "TestVolatile":15: 13
2020-12-19 20:58:10 DEBUG [t1] "TestVolatile":15: 13
2020-12-19 20:58:10 DEBUG [t1] "TestVolatile":15: 13
2020-12-19 20:58:10 DEBUG [t1] "TestVolatile":15: 13
2020-12-19 20:58:10 DEBUG [t1] "TestVolatile":15: 13
2020-12-19 20:58:10 DEBUG [t1] "TestVolatile":15: 13
2020-12-19 20:58:10 DEBUG [t1] "TestVolatile":15: 13
2020-12-19 20:58:10 DEBUG [t1] "TestVolatile":15: 13
2020-12-19 20:58:10 DEBUG [t1] "TestVolatile":15: 13
2020-12-19 20:58:10 DEBUG [t1] "TestVolatile":15: 13
2020-12-19 20:58:10 DEBUG [t1] "TestVolatile":15: 13
2020-12-19 20:58:10 DEBUG [t1] "TestVolatile":15: 13
2020-12-19 20:58:10 DEBUG [t1] "TestVolatile":15: 13
2020-12-19 20:58:10 DEBUG [t1] "TestVolatile":15: 13
2020-12-19 20:58:10 DEBUG [t1] "TestVolatile":15: 13
2020-12-19 20:58:10 DEBUG [t1] "TestVolatile":15: 13
2020-12-19 20:58:10 DEBUG [t1] "TestVolatile":15: 13
2020-12-19 20:58:10 DEBUG [t1] "TestVolatile":15: 13
2020-12-19 20:58:10 DEBUG [t1] "TestVolatile":15: 13
2020-12-19 20:58:10 DEBUG [t1] "TestVolatile":15: 13
2020-12-19 20:58:10 DEBUG [t1] "TestVolatile":15: 13
2020-12-19 20:58:10 DEBUG [t1] "TestVolatile":15: 13
2020-12-19 20:58:10 DEBUG [t1] "TestVolatile":15: 13
2020-12-19 20:58:10 DEBUG [t1] "TestVolatile":15: 13
2020-12-19 20:58:10 DEBUG [t1] "TestVolatile":15: 13
2020-12-19 20:58:10 DEBUG [t1] "TestVolatile":15: 13
2020-12-19 20:58:10 DEBUG [t1] "TestVolatile":15: 13
2020-12-19 20:58:10 DEBUG [t1] "TestVolatile":15: 13
2020-12-19 20:58:10 DEBUG [t1] "TestVolatile":15: 13
2020-12-19 20:58:10 DEBUG [t1] "TestVolatile":15: 13
2020-12-19 20:58:10 DEBUG [t1] "TestVolatile":15: 13
2020-12-19 20:58:10 DEBUG [t1] "TestVolatile":15: 13
2020-12-19 20:58:10 DEBUG [t1] "TestVolatile":15: 13
2020-12-19 20:58:10 DEBUG [t1] "TestVolatile":15: 13
2020-12-19 20:58:10 DEBUG [t1] "TestVolatile":15: 13
2020-12-19 20:58:10 DEBUG [t1] "TestVolatile":15: 13
2020-12-19 20:58:10 DEBUG [t1] "TestVolatile":15: 13
2020-12-19 20:58:10 DEBUG [t1] "TestVolatile":15: 13
2020-12-19 20:58:10 DEBUG [t1] "TestVolatile":15: 13
2020-12-19 20:58:10 DEBUG [t1] "TestVolatile":15: 13
2020-12-19 20:58:10 DEBUG [t1] "TestVolatile":15: 13
2020-12-19 20:58:10 DEBUG [t1] "TestVolatile":15: 13
2020-12-19 20:58:10 DEBUG [t1] "TestVolatile":15: 13
2020-12-19 20:58:10 DEBUG [t1] "TestVolatile":15: 13
2020-12-19 20:58:10 DEBUG [t1] "TestVolatile":15: 13
2020-12-19 20:58:10 DEBUG [t1] "TestVolatile":15: 13
2020-12-19 20:58:10 DEBUG [t1] "TestVolatile":15: 13
2020-12-19 20:58:10 DEBUG [t1] "TestVolatile":15: 13
2020-12-19 20:58:10 DEBUG [t1] "TestVolatile":15: 13
2020-12-19 20:58:10 DEBUG [t1] "TestVolatile":15: 13
2020-12-19 20:58:10 DEBUG [t1] "TestVolatile":15: 13
2020-12-19 20:58:10 DEBUG [t1] "TestVolatile":15: 13
2020-12-19 20:58:10 DEBUG [t1] "TestVolatile":15: 13
2020-12-19 20:58:10 DEBUG [t1] "TestVolatile":15: 13
2020-12-19 20:58:10 DEBUG [t1] "TestVolatile":15: 13
2020-12-19 20:58:10 DEBUG [t1] "TestVolatile":15: 13
2020-12-19 20:58:10 DEBUG [t1] "TestVolatile":15: 13
2020-12-19 20:58:10 DEBUG [t1] "TestVolatile":15: 13
2020-12-19 20:58:10 DEBUG [t1] "TestVolatile":15: 13
2020-12-19 20:58:10 DEBUG [t1] "TestVolatile":15: 13
2020-12-19 20:58:10 DEBUG [t1] "TestVolatile":15: 13
2020-12-19 20:58:10 DEBUG [t1] "TestVolatile":15: 13
2020-12-19 20:58:10 DEBUG [t1] "TestVolatile":15: 13
2020-12-19 20:58:10 DEBUG [t1] "TestVolatile":15: 13
2020-12-19 20:58:10 DEBUG [t1] "TestVolatile":15: 13
2020-12-19 20:58:10 DEBUG [t1] "TestVolatile":15: 13
2020-12-19 20:58:10 DEBUG [t1] "TestVolatile":15: 13
2020-12-19 20:58:10 DEBUG [t1] "TestVolatile":15: 13
2020-12-19 20:58:10 DEBUG [t1] "TestVolatile":15: 13
2020-12-19 20:58:10 DEBUG [t1] "TestVolatile":15: 13
2020-12-19 20:58:10 DEBUG [t1] "TestVolatile":15: 13
2020-12-19 20:58:10 DEBUG [t1] "TestVolatile":15: 13
2020-12-19 20:58:10 DEBUG [t1] "TestVolatile":15: 13
2020-12-19 20:58:10 DEBUG [t1] "TestVolatile":15: 13
2020-12-19 20:58:10 DEBUG [t1] "TestVolatile":15: 13
2020-12-19 20:58:10 DEBUG [t1] "TestVolatile":15: 13
2020-12-19 20:58:10 DEBUG [t1] "TestVolatile":15: 13
2020-12-19 20:58:10 DEBUG [t1] "TestVolatile":15: 13
2020-12-19 20:58:10 DEBUG [t1] "TestVolatile":15: 13
2020-12-19 20:58:10 DEBUG [t1] "TestVolatile":15: 13
2020-12-19 20:58:10 DEBUG [t1] "TestVolatile":15: 13
2020-12-19 20:58:10 DEBUG [t1] "TestVolatile":15: 13
2020-12-19 20:58:10 DEBUG [t1] "TestVolatile":15: 13
2020-12-19 20:58:10 DEBUG [t1] "TestVolatile":15: 13
2020-12-19 20:58:10 DEBUG [t1] "TestVolatile":15: 13
2020-12-19 20:58:10 DEBUG [t1] "TestVolatile":15: 13
2020-12-19 20:58:10 DEBUG [t1] "TestVolatile":15: 13
2020-12-19 20:58:10 DEBUG [t1] "TestVolatile":15: 13
2020-12-19 20:58:10 DEBUG [t1] "TestVolatile":15: 13
2020-12-19 20:58:10 DEBUG [t1] "TestVolatile":15: 13
2020-12-19 20:58:10 DEBUG [t1] "TestVolatile":15: 13
2020-12-19 20:58:10 DEBUG [t1] "TestVolatile":15: 13
2020-12-19 20:58:10 DEBUG [t1] "TestVolatile":15: 13
2020-12-19 20:58:10 DEBUG [t1] "TestVolatile":15: 13
2020-12-19 20:58:10 DEBUG [t1] "TestVolatile":15: 13
2020-12-19 20:58:10 DEBUG [t1] "TestVolatile":15: 13
2020-12-19 20:58:10 DEBUG [t1] "TestVolatile":15: 13
2020-12-19 20:58:10 DEBUG [t1] "TestVolatile":15: 13
2020-12-19 20:58:10 DEBUG [t1] "TestVolatile":15: 13
2020-12-19 20:58:10 DEBUG [t1] "TestVolatile":15: 13
2020-12-19 20:58:10 DEBUG [t1] "TestVolatile":15: 13
2020-12-19 20:58:10 DEBUG [t1] "TestVolatile":15: 13
2020-12-19 20:58:10 DEBUG [t1] "TestVolatile":15: 13
2020-12-19 20:58:10 DEBUG [t1] "TestVolatile":15: 13
2020-12-19 20:58:10 DEBUG [t1] "TestVolatile":15: 13
2020-12-19 20:58:10 DEBUG [t1] "TestVolatile":15: 13
2020-12-19 20:58:10 DEBUG [t1] "TestVolatile":15: 13
2020-12-19 20:58:10 DEBUG [t1] "TestVolatile":15: 13
2020-12-19 20:58:10 DEBUG [t1] "TestVolatile":15: 13
2020-12-19 20:58:10 DEBUG [t1] "TestVolatile":15: 13
2020-12-19 20:58:10 DEBUG [t1] "TestVolatile":15: 13
2020-12-19 20:58:10 DEBUG [t1] "TestVolatile":15: 13
2020-12-19 20:58:10 DEBUG [t1] "TestVolatile":15: 13
2020-12-19 20:58:10 DEBUG [t1] "TestVolatile":15: 13
2020-12-19 20:58:10 DEBUG [t1] "TestVolatile":15: 13
2020-12-19 20:58:10 DEBUG [t1] "TestVolatile":15: 13
2020-12-19 20:58:10 DEBUG [t1] "TestVolatile":15: 13
2020-12-19 20:58:10 DEBUG [t1] "TestVolatile":15: 13
2020-12-19 20:58:10 DEBUG [t1] "TestVolatile":15: 13
2020-12-19 20:58:10 DEBUG [t1] "TestVolatile":15: 13
2020-12-19 20:58:10 DEBUG [t1] "TestVolatile":15: 13
2020-12-19 20:58:10 DEBUG [t1] "TestVolatile":15: 13
2020-12-19 20:58:10 DEBUG [t1] "TestVolatile":15: 13
2020-12-19 20:58:10 DEBUG [t1] "TestVolatile":15: 13
2020-12-19 20:58:10 DEBUG [t1] "TestVolatile":15: 13
2020-12-19 20:58:10 DEBUG [t1] "TestVolatile":15: 13
2020-12-19 20:58:10 DEBUG [t1] "TestVolatile":15: 13
2020-12-19 20:58:10 DEBUG [t1] "TestVolatile":15: 13
2020-12-19 20:58:10 DEBUG [t1] "TestVolatile":15: 13
2020-12-19 20:58:10 DEBUG [t1] "TestVolatile":15: 13
2020-12-19 20:58:10 DEBUG [t1] "TestVolatile":15: 13
2020-12-19 20:58:10 DEBUG [t1] "TestVolatile":15: 13
2020-12-19 20:58:10 DEBUG [t1] "TestVolatile":15: 13
2020-12-19 20:58:10 DEBUG [t1] "TestVolatile":15: 13
2020-12-19 20:58:10 DEBUG [t1] "TestVolatile":15: 13
2020-12-19 20:58:10 DEBUG [t1] "TestVolatile":15: 13
2020-12-19 20:58:10 DEBUG [t1] "TestVolatile":15: 13
2020-12-19 20:58:10 DEBUG [t1] "TestVolatile":15: 13
2020-12-19 20:58:10 DEBUG [t1] "TestVolatile":15: 13
2020-12-19 20:58:10 DEBUG [t1] "TestVolatile":15: 13
2020-12-19 20:58:10 DEBUG [t1] "TestVolatile":15: 13
2020-12-19 20:58:10 DEBUG [t1] "TestVolatile":15: 13
2020-12-19 20:58:10 DEBUG [t1] "TestVolatile":15: 13
2020-12-19 20:58:10 DEBUG [t1] "TestVolatile":15: 13
2020-12-19 20:58:10 DEBUG [t1] "TestVolatile":15: 13
2020-12-19 20:58:10 DEBUG [t1] "TestVolatile":15: 13
2020-12-19 20:58:10 DEBUG [t1] "TestVolatile":15: 13
2020-12-19 20:58:10 DEBUG [t1] "TestVolatile":15: 13
2020-12-19 20:58:10 DEBUG [t1] "TestVolatile":15: 13
2020-12-19 20:58:10 DEBUG [t1] "TestVolatile":15: 13
2020-12-19 20:58:10 DEBUG [t1] "TestVolatile":15: 13
2020-12-19 20:58:10 DEBUG [t1] "TestVolatile":15: 13
2020-12-19 20:58:10 DEBUG [t1] "TestVolatile":15: 13
2020-12-19 20:58:10 DEBUG [t1] "TestVolatile":15: 13
2020-12-19 20:58:10 DEBUG [t1] "TestVolatile":15: 13
2020-12-19 20:58:10 DEBUG [t1] "TestVolatile":15: 13
2020-12-19 20:58:10 DEBUG [t1] "TestVolatile":15: 13
2020-12-19 20:58:10 DEBUG [t1] "TestVolatile":15: 13
2020-12-19 20:58:10 DEBUG [t1] "TestVolatile":15: 13
2020-12-19 20:58:10 DEBUG [t1] "TestVolatile":15: 13
2020-12-19 20:58:10 DEBUG [t1] "TestVolatile":15: 13
2020-12-19 20:58:10 DEBUG [t1] "TestVolatile":15: 13
2020-12-19 20:58:10 DEBUG [t1] "TestVolatile":15: 13
2020-12-19 20:58:10 DEBUG [t1] "TestVolatile":15: 13
2020-12-19 20:58:10 DEBUG [t1] "TestVolatile":15: 13
2020-12-19 20:58:10 DEBUG [t1] "TestVolatile":15: 13
2020-12-19 20:58:10 DEBUG [t1] "TestVolatile":15: 13
2020-12-19 20:58:10 DEBUG [t1] "TestVolatile":15: 13
2020-12-19 20:58:10 DEBUG [t1] "TestVolatile":15: 13
2020-12-19 20:58:10 DEBUG [t1] "TestVolatile":15: 13
2020-12-19 20:58:10 DEBUG [t1] "TestVolatile":15: 13
2020-12-19 20:58:10 DEBUG [t1] "TestVolatile":15: 13
2020-12-19 20:58:10 DEBUG [t1] "TestVolatile":15: 13
2020-12-19 20:58:10 DEBUG [t1] "TestVolatile":15: 13
2020-12-19 20:58:10 DEBUG [t1] "TestVolatile":15: 13
2020-12-19 20:58:10 DEBUG [t1] "TestVolatile":15: 13
2020-12-19 20:58:10 DEBUG [t1] "TestVolatile":15: 13
2020-12-19 20:58:10 DEBUG [t1] "TestVolatile":15: 13
2020-12-19 20:58:10 DEBUG [t1] "TestVolatile":15: 13
2020-12-19 20:58:10 DEBUG [t1] "TestVolatile":15: 13
2020-12-19 20:58:10 DEBUG [t1] "TestVolatile":15: 13
2020-12-19 20:58:10 DEBUG [t1] "TestVolatile":15: 13
2020-12-19 20:58:10 DEBUG [t1] "TestVolatile":15: 13
2020-12-19 20:58:10 DEBUG [t1] "TestVolatile":15: 13
2020-12-19 20:58:10 DEBUG [t1] "TestVolatile":15: 13
2020-12-19 20:58:10 DEBUG [t1] "TestVolatile":15: 13
2020-12-19 20:58:10 DEBUG [t1] "TestVolatile":15: 13
2020-12-19 20:58:10 DEBUG [t1] "TestVolatile":15: 13
2020-12-19 20:58:10 DEBUG [t1] "TestVolatile":15: 13
2020-12-19 20:58:10 DEBUG [t1] "TestVolatile":15: 13
2020-12-19 20:58:10 DEBUG [t1] "TestVolatile":15: 13
2020-12-19 20:58:10 DEBUG [t1] "TestVolatile":15: 13
2020-12-19 20:58:10 DEBUG [t1] "TestVolatile":15: 13
2020-12-19 20:58:10 DEBUG [t1] "TestVolatile":15: 13
2020-12-19 20:58:10 DEBUG [t1] "TestVolatile":15: 13
2020-12-19 20:58:10 DEBUG [t1] "TestVolatile":15: 13
2020-12-19 20:58:10 DEBUG [t1] "TestVolatile":15: 13
2020-12-19 20:58:10 DEBUG [t1] "TestVolatile":15: 13
2020-12-19 20:58:10 DEBUG [t1] "TestVolatile":15: 13
2020-12-19 20:58:10 DEBUG [t1] "TestVolatile":15: 13
2020-12-19 20:58:10 DEBUG [t1] "TestVolatile":15: 13
2020-12-19 20:58:10 DEBUG [t1] "TestVolatile":15: 13
2020-12-19 20:58:10 DEBUG [t1] "TestVolatile":15: 13
2020-12-19 20:58:10 DEBUG [t1] "TestVolatile":15: 13
2020-12-19 20:58:10 DEBUG [t1] "TestVolatile":15: 13
2020-12-19 20:58:10 DEBUG [t1] "TestVolatile":15: 13
2020-12-19 20:58:10 DEBUG [t1] "TestVolatile":15: 13
2020-12-19 20:58:10 DEBUG [t1] "TestVolatile":15: 13
2020-12-19 20:58:10 DEBUG [t1] "TestVolatile":15: 13
2020-12-19 20:58:10 DEBUG [t1] "TestVolatile":15: 13
2020-12-19 20:58:10 DEBUG [t1] "TestVolatile":15: 13
2020-12-19 20:58:10 DEBUG [t1] "TestVolatile":15: 13
2020-12-19 20:58:10 DEBUG [t1] "TestVolatile":15: 13
2020-12-19 20:58:10 DEBUG [t1] "TestVolatile":15: 13
2020-12-19 20:58:10 DEBUG [t1] "TestVolatile":15: 13
2020-12-19 20:58:10 DEBUG [t1] "TestVolatile":15: 13
2020-12-19 20:58:10 DEBUG [t1] "TestVolatile":15: 13
2020-12-19 20:58:10 DEBUG [t1] "TestVolatile":15: 13
2020-12-19 20:58:10 DEBUG [t1] "TestVolatile":15: 13
2020-12-19 20:58:10 DEBUG [t1] "TestVolatile":15: 13
2020-12-19 20:58:10 DEBUG [t1] "TestVolatile":15: 13
2020-12-19 20:58:10 DEBUG [t1] "TestVolatile":15: 13
2020-12-19 20:58:10 DEBUG [t1] "TestVolatile":15: 13
2020-12-19 20:58:10 DEBUG [t1] "TestVolatile":15: 13
2020-12-19 20:58:10 DEBUG [t1] "TestVolatile":15: 13
2020-12-19 20:58:10 DEBUG [t1] "TestVolatile":15: 13
2020-12-19 20:58:10 DEBUG [t1] "TestVolatile":15: 13
2020-12-19 20:58:10 DEBUG [t1] "TestVolatile":15: 13
2020-12-19 20:58:10 DEBUG [t1] "TestVolatile":15: 13
2020-12-19 20:58:10 DEBUG [t1] "TestVolatile":15: 13
2020-12-19 20:58:10 DEBUG [t1] "TestVolatile":15: 13
2020-12-19 20:58:10 DEBUG [t1] "TestVolatile":15: 13
2020-12-19 20:58:10 DEBUG [t1] "TestVolatile":15: 13
2020-12-19 20:58:10 DEBUG [t1] "TestVolatile":15: 13
2020-12-19 20:58:10 DEBUG [t1] "TestVolatile":15: 13
2020-12-19 20:58:10 DEBUG [t1] "TestVolatile":15: 13
2020-12-19 20:58:10 DEBUG [t1] "TestVolatile":15: 13
2020-12-19 20:58:10 DEBUG [t1] "TestVolatile":15: 13
2020-12-19 20:58:10 DEBUG [t1] "TestVolatile":15: 13
2020-12-19 20:58:10 DEBUG [t1] "TestVolatile":15: 13
2020-12-19 20:58:10 DEBUG [t1] "TestVolatile":15: 13
2020-12-19 20:58:10 DEBUG [t1] "TestVolatile":15: 13
2020-12-19 20:58:10 DEBUG [t1] "TestVolatile":15: 13
2020-12-19 20:58:10 DEBUG [t1] "TestVolatile":15: 13
2020-12-19 20:58:10 DEBUG [t1] "TestVolatile":15: 13
2020-12-19 20:58:10 DEBUG [t1] "TestVolatile":15: 13
2020-12-19 20:58:10 DEBUG [t1] "TestVolatile":15: 13
2020-12-19 20:58:10 DEBUG [t1] "TestVolatile":15: 13
2020-12-19 20:58:10 DEBUG [t1] "TestVolatile":15: 13
2020-12-19 20:58:10 DEBUG [t1] "TestVolatile":15: 13
2020-12-19 20:58:10 DEBUG [t1] "TestVolatile":15: 13
2020-12-19 20:58:10 DEBUG [t1] "TestVolatile":15: 13
2020-12-19 20:58:10 DEBUG [t1] "TestVolatile":15: 13
2020-12-19 20:58:10 DEBUG [t1] "TestVolatile":15: 13
2020-12-19 20:58:10 DEBUG [t1] "TestVolatile":15: 13
2020-12-19 20:58:10 DEBUG [t1] "TestVolatile":15: 13
2020-12-19 20:58:10 DEBUG [t1] "TestVolatile":15: 13
2020-12-19 20:58:10 DEBUG [t1] "TestVolatile":15: 13
2020-12-19 20:58:10 DEBUG [t1] "TestVolatile":15: 13
2020-12-19 20:58:10 DEBUG [t1] "TestVolatile":15: 13
2020-12-19 20:58:10 DEBUG [t1] "TestVolatile":15: 13
2020-12-19 20:58:10 DEBUG [t1] "TestVolatile":15: 13
2020-12-19 20:58:10 DEBUG [t1] "TestVolatile":15: 13
2020-12-19 20:58:10 DEBUG [t1] "TestVolatile":15: 13
2020-12-19 20:58:10 DEBUG [t1] "TestVolatile":15: 13
2020-12-19 20:58:10 DEBUG [t1] "TestVolatile":15: 13
2020-12-19 20:58:10 DEBUG [t1] "TestVolatile":15: 13
2020-12-19 20:58:10 DEBUG [t1] "TestVolatile":15: 13
2020-12-19 20:58:10 DEBUG [t1] "TestVolatile":15: 13
2020-12-19 20:58:10 DEBUG [t1] "TestVolatile":15: 13
2020-12-19 20:58:10 DEBUG [t1] "TestVolatile":15: 13
2020-12-19 20:58:10 DEBUG [t1] "TestVolatile":15: 13
2020-12-19 20:58:10 DEBUG [t1] "TestVolatile":15: 13
2020-12-19 20:58:10 DEBUG [t1] "TestVolatile":15: 13
2020-12-19 20:58:10 DEBUG [t1] "TestVolatile":15: 13
2020-12-19 20:58:10 DEBUG [t1] "TestVolatile":15: 13
2020-12-19 20:58:10 DEBUG [t1] "TestVolatile":15: 13
2020-12-19 20:58:10 DEBUG [t1] "TestVolatile":15: 13
2020-12-19 20:58:10 DEBUG [t1] "TestVolatile":15: 13
2020-12-19 20:58:10 DEBUG [t1] "TestVolatile":15: 13
2020-12-19 20:58:10 DEBUG [t1] "TestVolatile":15: 13
2020-12-19 20:58:10 DEBUG [t1] "TestVolatile":15: 13
2020-12-19 20:58:10 DEBUG [t1] "TestVolatile":15: 13
2020-12-19 20:58:10 DEBUG [t1] "TestVolatile":15: 13
2020-12-19 20:58:10 DEBUG [t1] "TestVolatile":15: 13
2020-12-19 20:58:10 DEBUG [t1] "TestVolatile":15: 13
2020-12-19 20:58:10 DEBUG [t1] "TestVolatile":15: 13
2020-12-19 20:58:10 DEBUG [t1] "TestVolatile":15: 13
2020-12-19 20:58:10 DEBUG [t1] "TestVolatile":15: 13
2020-12-19 20:58:10 DEBUG [t1] "TestVolatile":15: 13
2020-12-19 20:58:10 DEBUG [t1] "TestVolatile":15: 13
2020-12-19 20:58:10 DEBUG [t1] "TestVolatile":15: 13
2020-12-19 20:58:10 DEBUG [t1] "TestVolatile":15: 13
2020-12-19 20:58:10 DEBUG [t1] "TestVolatile":15: 13
2020-12-19 20:58:10 DEBUG [t1] "TestVolatile":15: 13
2020-12-19 20:58:10 DEBUG [t1] "TestVolatile":15: 13
2020-12-19 20:58:10 DEBUG [t1] "TestVolatile":15: 13
2020-12-19 20:58:10 DEBUG [t1] "TestVolatile":15: 13
2020-12-19 20:58:10 DEBUG [t1] "TestVolatile":15: 13
2020-12-19 20:58:10 DEBUG [t1] "TestVolatile":15: 13
2020-12-19 20:58:10 DEBUG [t1] "TestVolatile":15: 13
2020-12-19 20:58:10 DEBUG [t1] "TestVolatile":15: 13
2020-12-19 20:58:10 DEBUG [t1] "TestVolatile":15: 13
2020-12-19 20:58:10 DEBUG [t1] "TestVolatile":15: 13
2020-12-19 20:58:10 DEBUG [t1] "TestVolatile":15: 13
2020-12-19 20:58:10 DEBUG [t1] "TestVolatile":15: 13
2020-12-19 20:58:10 DEBUG [t1] "TestVolatile":15: 13
2020-12-19 20:58:10 DEBUG [t1] "TestVolatile":15: 13
2020-12-19 20:58:10 DEBUG [t1] "TestVolatile":15: 13
2020-12-19 20:58:10 DEBUG [t1] "TestVolatile":15: 13
2020-12-19 20:58:10 DEBUG [t1] "TestVolatile":15: 13
2020-12-19 20:58:10 DEBUG [t1] "TestVolatile":15: 13
2020-12-19 20:58:10 DEBUG [t1] "TestVolatile":15: 13
2020-12-19 20:58:10 DEBUG [t1] "TestVolatile":15: 13
2020-12-19 20:58:10 DEBUG [t1] "TestVolatile":15: 13
2020-12-19 20:58:10 DEBUG [t1] "TestVolatile":15: 13
2020-12-19 20:58:10 DEBUG [t1] "TestVolatile":15: 13
2020-12-19 20:58:10 DEBUG [t1] "TestVolatile":15: 13
2020-12-19 20:58:10 DEBUG [t1] "TestVolatile":15: 13
2020-12-19 20:58:10 DEBUG [t1] "TestVolatile":15: 13
2020-12-19 20:58:10 DEBUG [t1] "TestVolatile":15: 13
2020-12-19 20:58:10 DEBUG [t1] "TestVolatile":15: 13
2020-12-19 20:58:10 DEBUG [t1] "TestVolatile":15: 13
2020-12-19 20:58:10 DEBUG [t1] "TestVolatile":15: 13
2020-12-19 20:58:10 DEBUG [t1] "TestVolatile":15: 13
2020-12-19 20:58:10 DEBUG [t1] "TestVolatile":15: 13
2020-12-19 20:58:10 DEBUG [t1] "TestVolatile":15: 13
2020-12-19 20:58:10 DEBUG [t1] "TestVolatile":15: 13
2020-12-19 20:58:10 DEBUG [t1] "TestVolatile":15: 13
2020-12-19 20:58:10 DEBUG [t1] "TestVolatile":15: 13
2020-12-19 20:58:10 DEBUG [t1] "TestVolatile":15: 13
2020-12-19 20:58:10 DEBUG [t1] "TestVolatile":15: 13
2020-12-19 20:58:10 DEBUG [t1] "TestVolatile":15: 13
2020-12-19 20:58:10 DEBUG [t1] "TestVolatile":15: 13
2020-12-19 20:58:10 DEBUG [t1] "TestVolatile":15: 13
2020-12-19 20:58:10 DEBUG [t1] "TestVolatile":15: 13
2020-12-19 20:58:10 DEBUG [t1] "TestVolatile":15: 13
2020-12-19 20:58:10 DEBUG [t1] "TestVolatile":15: 13
2020-12-19 20:58:10 DEBUG [t1] "TestVolatile":15: 13
2020-12-19 20:58:10 DEBUG [t1] "TestVolatile":15: 13
2020-12-19 20:58:10 DEBUG [t1] "TestVolatile":15: 13
2020-12-19 20:58:10 DEBUG [t1] "TestVolatile":15: 13
2020-12-19 20:58:10 DEBUG [t1] "TestVolatile":15: 13
2020-12-19 20:58:10 DEBUG [t1] "TestVolatile":15: 13
2020-12-19 20:58:10 DEBUG [t1] "TestVolatile":15: 13
2020-12-19 20:58:10 DEBUG [t1] "TestVolatile":15: 13
2020-12-19 20:58:10 DEBUG [t1] "TestVolatile":15: 13
2020-12-19 20:58:10 DEBUG [t1] "TestVolatile":15: 13
2020-12-19 20:58:10 DEBUG [t1] "TestVolatile":15: 13
2020-12-19 20:58:10 DEBUG [t1] "TestVolatile":15: 13
2020-12-19 20:58:10 DEBUG [t1] "TestVolatile":15: 13
2020-12-19 20:58:10 DEBUG [t1] "TestVolatile":15: 13
2020-12-19 20:58:10 DEBUG [t1] "TestVolatile":15: 13
2020-12-19 20:58:10 DEBUG [t1] "TestVolatile":15: 13
2020-12-19 20:58:10 DEBUG [t1] "TestVolatile":15: 13
2020-12-19 20:58:10 DEBUG [t1] "TestVolatile":15: 13
2020-12-19 20:58:10 DEBUG [t1] "TestVolatile":15: 13
2020-12-19 20:58:10 DEBUG [t1] "TestVolatile":15: 13
2020-12-19 20:58:10 DEBUG [t1] "TestVolatile":15: 13
2020-12-19 20:58:10 DEBUG [t1] "TestVolatile":15: 13
2020-12-19 20:58:10 DEBUG [t1] "TestVolatile":15: 13
2020-12-19 20:58:10 DEBUG [t1] "TestVolatile":15: 13
2020-12-19 20:58:10 DEBUG [t1] "TestVolatile":15: 13
2020-12-19 20:58:10 DEBUG [t1] "TestVolatile":15: 13
2020-12-19 20:58:10 DEBUG [t1] "TestVolatile":15: 13
2020-12-19 20:58:10 DEBUG [t1] "TestVolatile":15: 13
2020-12-19 20:58:10 DEBUG [t1] "TestVolatile":15: 13
2020-12-19 20:58:10 DEBUG [t1] "TestVolatile":15: 13
2020-12-19 20:58:10 DEBUG [t1] "TestVolatile":15: 13
2020-12-19 20:58:10 DEBUG [t1] "TestVolatile":15: 13
2020-12-19 20:58:10 DEBUG [t1] "TestVolatile":15: 13
2020-12-19 20:58:10 DEBUG [t1] "TestVolatile":15: 13
2020-12-19 20:58:10 DEBUG [t1] "TestVolatile":15: 13
2020-12-19 20:58:10 DEBUG [t1] "TestVolatile":15: 13
2020-12-19 20:58:10 DEBUG [t1] "TestVolatile":15: 13
2020-12-19 20:58:10 DEBUG [t1] "TestVolatile":15: 13
2020-12-19 20:58:10 DEBUG [t1] "TestVolatile":15: 13
2020-12-19 20:58:10 DEBUG [t1] "TestVolatile":15: 13
2020-12-19 20:58:10 DEBUG [t1] "TestVolatile":15: 13
2020-12-19 20:58:10 DEBUG [t1] "TestVolatile":15: 13
2020-12-19 20:58:10 DEBUG [t1] "TestVolatile":15: 13
2020-12-19 20:58:10 DEBUG [t1] "TestVolatile":15: 13
2020-12-19 20:58:10 DEBUG [t1] "TestVolatile":15: 13
2020-12-19 20:58:10 DEBUG [t1] "TestVolatile":15: 13
2020-12-19 20:58:10 DEBUG [t1] "TestVolatile":15: 13
2020-12-19 20:58:10 DEBUG [t1] "TestVolatile":15: 13
2020-12-19 20:58:10 DEBUG [t1] "TestVolatile":15: 13
2020-12-19 20:58:10 DEBUG [t1] "TestVolatile":15: 13
2020-12-19 20:58:10 DEBUG [t1] "TestVolatile":15: 13
2020-12-19 20:58:10 DEBUG [t1] "TestVolatile":15: 13
2020-12-19 20:58:10 DEBUG [t1] "TestVolatile":15: 13
2020-12-19 20:58:10 DEBUG [t1] "TestVolatile":15: 13
2020-12-19 20:58:10 DEBUG [t1] "TestVolatile":15: 13
2020-12-19 20:58:10 DEBUG [t1] "TestVolatile":15: 13
2020-12-19 20:58:10 DEBUG [t1] "TestVolatile":15: 13
2020-12-19 20:58:10 DEBUG [t1] "TestVolatile":15: 13
2020-12-19 20:58:10 DEBUG [t1] "TestVolatile":15: 13
2020-12-19 20:58:10 DEBUG [t1] "TestVolatile":15: 13
2020-12-19 20:58:10 DEBUG [t1] "TestVolatile":15: 13
2020-12-19 20:58:10 DEBUG [t1] "TestVolatile":15: 13
2020-12-19 20:58:10 DEBUG [t1] "TestVolatile":15: 13
2020-12-19 20:58:10 DEBUG [t1] "TestVolatile":15: 13
2020-12-19 20:58:10 DEBUG [t1] "TestVolatile":15: 13
2020-12-19 20:58:10 DEBUG [t1] "TestVolatile":15: 13
2020-12-19 20:58:10 DEBUG [t1] "TestVolatile":15: 13
2020-12-19 20:58:10 DEBUG [t1] "TestVolatile":15: 13
2020-12-19 20:58:10 DEBUG [t1] "TestVolatile":15: 13
2020-12-19 20:58:10 DEBUG [t1] "TestVolatile":15: 13
2020-12-19 20:58:10 DEBUG [t1] "TestVolatile":15: 13
2020-12-19 20:58:10 DEBUG [t1] "TestVolatile":15: 13
2020-12-19 20:58:10 DEBUG [t1] "TestVolatile":15: 13
2020-12-19 20:58:10 DEBUG [t1] "TestVolatile":15: 13
2020-12-19 20:58:10 DEBUG [t1] "TestVolatile":15: 13
2020-12-19 20:58:10 DEBUG [t1] "TestVolatile":15: 13
2020-12-19 20:58:10 DEBUG [t1] "TestVolatile":15: 13
2020-12-19 20:58:10 DEBUG [t1] "TestVolatile":15: 13
2020-12-19 20:58:10 DEBUG [t1] "TestVolatile":15: 13
2020-12-19 20:58:10 DEBUG [t1] "TestVolatile":15: 13
2020-12-19 20:58:10 DEBUG [t1] "TestVolatile":15: 13
2020-12-19 20:58:10 DEBUG [t1] "TestVolatile":15: 13
2020-12-19 20:58:10 DEBUG [t1] "TestVolatile":15: 13
2020-12-19 20:58:10 DEBUG [t1] "TestVolatile":15: 13
2020-12-19 20:58:10 DEBUG [t1] "TestVolatile":15: 13
2020-12-19 20:58:10 DEBUG [t1] "TestVolatile":15: 13
2020-12-19 20:58:10 DEBUG [t1] "TestVolatile":15: 13
2020-12-19 20:58:10 DEBUG [t1] "TestVolatile":15: 13
2020-12-19 20:58:10 DEBUG [t1] "TestVolatile":15: 13
2020-12-19 20:58:10 DEBUG [t1] "TestVolatile":15: 13
2020-12-19 20:58:10 DEBUG [t1] "TestVolatile":15: 13
2020-12-19 20:58:10 DEBUG [t1] "TestVolatile":15: 13
2020-12-19 20:58:10 DEBUG [t1] "TestVolatile":15: 13
2020-12-19 20:58:10 DEBUG [t1] "TestVolatile":15: 13
2020-12-19 20:58:10 DEBUG [t1] "TestVolatile":15: 13
2020-12-19 20:58:10 DEBUG [t1] "TestVolatile":15: 13
2020-12-19 20:58:10 DEBUG [t1] "TestVolatile":15: 13
2020-12-19 20:58:10 DEBUG [t1] "TestVolatile":15: 13
2020-12-19 20:58:10 DEBUG [t1] "TestVolatile":15: 13
2020-12-19 20:58:10 DEBUG [t1] "TestVolatile":15: 13
2020-12-19 20:58:10 DEBUG [t1] "TestVolatile":15: 13
2020-12-19 20:58:10 DEBUG [t1] "TestVolatile":15: 13
2020-12-19 20:58:10 DEBUG [t1] "TestVolatile":15: 13
2020-12-19 20:58:10 DEBUG [t1] "TestVolatile":15: 13
2020-12-19 20:58:10 DEBUG [t1] "TestVolatile":15: 13
2020-12-19 20:58:10 DEBUG [t1] "TestVolatile":15: 13
2020-12-19 20:58:10 DEBUG [t1] "TestVolatile":15: 13
2020-12-19 20:58:10 DEBUG [t1] "TestVolatile":15: 13
2020-12-19 20:58:10 DEBUG [t1] "TestVolatile":15: 13
2020-12-19 20:58:10 DEBUG [t1] "TestVolatile":15: 13
2020-12-19 20:58:10 DEBUG [t1] "TestVolatile":15: 13
2020-12-19 20:58:10 DEBUG [t1] "TestVolatile":15: 13
2020-12-19 20:58:10 DEBUG [t1] "TestVolatile":15: 13
2020-12-19 20:58:10 DEBUG [t1] "TestVolatile":15: 13
2020-12-19 20:58:10 DEBUG [t1] "TestVolatile":15: 13
2020-12-19 20:58:10 DEBUG [t1] "TestVolatile":15: 13
2020-12-19 20:58:10 DEBUG [t1] "TestVolatile":15: 13
2020-12-19 20:58:10 DEBUG [t1] "TestVolatile":15: 13
2020-12-19 20:58:10 DEBUG [t1] "TestVolatile":15: 13
2020-12-19 20:58:10 DEBUG [t1] "TestVolatile":15: 13
2020-12-19 20:58:10 DEBUG [t1] "TestVolatile":15: 13
2020-12-19 20:58:10 DEBUG [t1] "TestVolatile":15: 13
2020-12-19 20:58:10 DEBUG [t1] "TestVolatile":15: 13
2020-12-19 20:58:10 DEBUG [t1] "TestVolatile":15: 13
2020-12-19 20:58:10 DEBUG [t1] "TestVolatile":15: 13
2020-12-19 20:58:10 DEBUG [t1] "TestVolatile":15: 13
2020-12-19 20:58:10 DEBUG [t1] "TestVolatile":15: 13
2020-12-19 20:58:10 DEBUG [t1] "TestVolatile":15: 13
2020-12-19 20:58:10 DEBUG [t1] "TestVolatile":15: 13
2020-12-19 20:58:10 DEBUG [t1] "TestVolatile":15: 13
2020-12-19 20:58:10 DEBUG [t1] "TestVolatile":15: 13
2020-12-19 20:58:10 DEBUG [t1] "TestVolatile":15: 13
2020-12-19 20:58:10 DEBUG [t1] "TestVolatile":15: 13
2020-12-19 20:58:10 DEBUG [t1] "TestVolatile":15: 13
2020-12-19 20:58:10 DEBUG [t1] "TestVolatile":15: 13
2020-12-19 20:58:10 DEBUG [t1] "TestVolatile":15: 13
2020-12-19 20:58:10 DEBUG [t1] "TestVolatile":15: 13
2020-12-19 20:58:10 DEBUG [t1] "TestVolatile":15: 13
2020-12-19 20:58:10 DEBUG [t1] "TestVolatile":15: 13
2020-12-19 20:58:10 DEBUG [t1] "TestVolatile":15: 13
2020-12-19 20:58:10 DEBUG [t1] "TestVolatile":15: 13
2020-12-19 20:58:10 DEBUG [t1] "TestVolatile":15: 13
2020-12-19 20:58:10 DEBUG [t1] "TestVolatile":15: 13
2020-12-19 20:58:10 DEBUG [t1] "TestVolatile":15: 13
2020-12-19 20:58:10 DEBUG [t1] "TestVolatile":15: 13
2020-12-19 20:58:10 DEBUG [t1] "TestVolatile":15: 13
2020-12-19 20:58:10 DEBUG [t1] "TestVolatile":15: 13
2020-12-19 20:58:10 DEBUG [t1] "TestVolatile":15: 13
2020-12-19 20:58:10 DEBUG [t1] "TestVolatile":15: 13
2020-12-19 20:58:10 DEBUG [t1] "TestVolatile":15: 13
2020-12-19 20:58:10 DEBUG [t1] "TestVolatile":15: 13
2020-12-19 20:58:10 DEBUG [t1] "TestVolatile":15: 13
2020-12-19 20:58:10 DEBUG [t1] "TestVolatile":15: 13
2020-12-19 20:58:10 DEBUG [t1] "TestVolatile":15: 13
2020-12-19 20:58:10 DEBUG [t1] "TestVolatile":15: 13
2020-12-19 20:58:10 DEBUG [t1] "TestVolatile":15: 13
2020-12-19 20:58:10 DEBUG [t1] "TestVolatile":15: 13
2020-12-19 20:58:10 DEBUG [t1] "TestVolatile":15: 13
2020-12-19 20:58:10 DEBUG [t1] "TestVolatile":15: 13
2020-12-19 20:58:10 DEBUG [t1] "TestVolatile":15: 13
2020-12-19 20:58:10 DEBUG [t1] "TestVolatile":15: 13
2020-12-19 20:58:10 DEBUG [t1] "TestVolatile":15: 13
2020-12-19 20:58:10 DEBUG [t1] "TestVolatile":15: 13
2020-12-19 20:58:10 DEBUG [t1] "TestVolatile":15: 13
2020-12-19 20:58:10 DEBUG [t1] "TestVolatile":15: 13
2020-12-19 20:58:10 DEBUG [t1] "TestVolatile":15: 13
2020-12-19 20:58:10 DEBUG [t1] "TestVolatile":15: 13
2020-12-19 20:58:10 DEBUG [t1] "TestVolatile":15: 13
2020-12-19 20:58:10 DEBUG [t1] "TestVolatile":15: 13
2020-12-19 20:58:10 DEBUG [t1] "TestVolatile":15: 13
2020-12-19 20:58:10 DEBUG [t1] "TestVolatile":15: 13
2020-12-19 20:58:10 DEBUG [t1] "TestVolatile":15: 13
2020-12-19 20:58:10 DEBUG [t1] "TestVolatile":15: 13
2020-12-19 20:58:10 DEBUG [t1] "TestVolatile":15: 13
2020-12-19 20:58:10 DEBUG [t1] "TestVolatile":15: 13
2020-12-19 20:58:10 DEBUG [t1] "TestVolatile":15: 13
2020-12-19 20:58:10 DEBUG [t1] "TestVolatile":15: 13
2020-12-19 20:58:10 DEBUG [t1] "TestVolatile":15: 13
2020-12-19 20:58:10 DEBUG [t1] "TestVolatile":15: 13
2020-12-19 20:58:10 DEBUG [t1] "TestVolatile":15: 13
2020-12-19 20:58:10 DEBUG [t1] "TestVolatile":15: 13
2020-12-19 20:58:10 DEBUG [t1] "TestVolatile":15: 13
2020-12-19 20:58:10 DEBUG [t1] "TestVolatile":15: 13
2020-12-19 20:58:10 DEBUG [t1] "TestVolatile":15: 13
2020-12-19 20:58:10 DEBUG [t1] "TestVolatile":15: 13
2020-12-19 20:58:10 DEBUG [t1] "TestVolatile":15: 13
2020-12-19 20:58:10 DEBUG [t1] "TestVolatile":15: 13
2020-12-19 20:58:10 DEBUG [t1] "TestVolatile":15: 13
2020-12-19 20:58:10 DEBUG [t1] "TestVolatile":15: 13
2020-12-19 20:58:10 DEBUG [t1] "TestVolatile":15: 13
2020-12-19 20:58:10 DEBUG [t1] "TestVolatile":15: 13
2020-12-19 20:58:10 DEBUG [t1] "TestVolatile":15: 13
2020-12-19 20:58:10 DEBUG [t1] "TestVolatile":15: 13
2020-12-19 20:58:10 DEBUG [t1] "TestVolatile":15: 13
2020-12-19 20:58:10 DEBUG [t1] "TestVolatile":15: 13
2020-12-19 20:58:10 DEBUG [t1] "TestVolatile":15: 13
2020-12-19 20:58:10 DEBUG [t1] "TestVolatile":15: 13
2020-12-19 20:58:10 DEBUG [t1] "TestVolatile":15: 13
2020-12-19 20:58:10 DEBUG [t1] "TestVolatile":15: 13
2020-12-19 20:58:10 DEBUG [t1] "TestVolatile":15: 13
2020-12-19 20:58:10 DEBUG [t1] "TestVolatile":15: 13
2020-12-19 20:58:10 DEBUG [t1] "TestVolatile":15: 13
2020-12-19 20:58:10 DEBUG [t1] "TestVolatile":15: 13
2020-12-19 20:58:10 DEBUG [t1] "TestVolatile":15: 13
2020-12-19 20:58:10 DEBUG [t1] "TestVolatile":15: 13
2020-12-19 20:58:10 DEBUG [t1] "TestVolatile":15: 13
2020-12-19 20:58:10 DEBUG [t1] "TestVolatile":15: 13
2020-12-19 20:58:10 DEBUG [t1] "TestVolatile":15: 13
2020-12-19 20:58:10 DEBUG [t1] "TestVolatile":15: 13
2020-12-19 20:58:10 DEBUG [t1] "TestVolatile":15: 13
2020-12-19 20:58:10 DEBUG [t1] "TestVolatile":15: 13
2020-12-19 20:58:10 DEBUG [t1] "TestVolatile":15: 13
2020-12-19 20:58:10 DEBUG [t1] "TestVolatile":15: 13
2020-12-19 20:58:10 DEBUG [t1] "TestVolatile":15: 13
2020-12-19 20:58:10 DEBUG [t1] "TestVolatile":15: 13
2020-12-19 20:58:10 DEBUG [t1] "TestVolatile":15: 13
2020-12-19 20:58:10 DEBUG [t1] "TestVolatile":15: 13
2020-12-19 20:58:10 DEBUG [t1] "TestVolatile":15: 13
2020-12-19 20:58:10 DEBUG [t1] "TestVolatile":15: 13
2020-12-19 20:58:10 DEBUG [t1] "TestVolatile":15: 13
2020-12-19 20:58:10 DEBUG [t1] "TestVolatile":15: 13
2020-12-19 20:58:10 DEBUG [t1] "TestVolatile":15: 13
2020-12-19 20:58:10 DEBUG [t1] "TestVolatile":15: 13
2020-12-19 20:58:10 DEBUG [t1] "TestVolatile":15: 13
2020-12-19 20:58:10 DEBUG [t1] "TestVolatile":15: 13
2020-12-19 20:58:10 DEBUG [t1] "TestVolatile":15: 13
2020-12-19 20:58:10 DEBUG [t1] "TestVolatile":15: 13
2020-12-19 20:58:10 DEBUG [t1] "TestVolatile":15: 13
2020-12-19 20:58:10 DEBUG [t1] "TestVolatile":15: 13
2020-12-19 20:58:10 DEBUG [t1] "TestVolatile":15: 13
2020-12-19 20:58:10 DEBUG [t1] "TestVolatile":15: 13
2020-12-19 20:58:10 DEBUG [t1] "TestVolatile":15: 13
2020-12-19 20:58:10 DEBUG [t1] "TestVolatile":15: 13
2020-12-19 20:58:10 DEBUG [t1] "TestVolatile":15: 13
2020-12-19 20:58:10 DEBUG [t1] "TestVolatile":15: 13
2020-12-19 20:58:10 DEBUG [t1] "TestVolatile":15: 13
2020-12-19 20:58:10 DEBUG [t1] "TestVolatile":15: 13
2020-12-19 20:58:10 DEBUG [t1] "TestVolatile":15: 13
2020-12-19 20:58:10 DEBUG [t1] "TestVolatile":15: 13
2020-12-19 20:58:10 DEBUG [t1] "TestVolatile":15: 13
2020-12-19 20:58:10 DEBUG [t1] "TestVolatile":15: 13
2020-12-19 20:58:10 DEBUG [t1] "TestVolatile":15: 13
2020-12-19 20:58:10 DEBUG [t1] "TestVolatile":15: 13
2020-12-19 20:58:10 DEBUG [t1] "TestVolatile":15: 13
2020-12-19 20:58:10 DEBUG [t1] "TestVolatile":15: 13
2020-12-19 20:58:10 DEBUG [t1] "TestVolatile":15: 13
2020-12-19 20:58:10 DEBUG [t1] "TestVolatile":15: 13
2020-12-19 20:58:10 DEBUG [t1] "TestVolatile":15: 13
2020-12-19 20:58:10 DEBUG [t1] "TestVolatile":15: 13
2020-12-19 20:58:10 DEBUG [t1] "TestVolatile":15: 13
2020-12-19 20:58:10 DEBUG [t1] "TestVolatile":15: 13
2020-12-19 20:58:10 DEBUG [t1] "TestVolatile":15: 13
2020-12-19 20:58:10 DEBUG [t1] "TestVolatile":15: 13
2020-12-19 20:58:10 DEBUG [t1] "TestVolatile":15: 13
2020-12-19 20:58:10 DEBUG [t1] "TestVolatile":15: 13
2020-12-19 20:58:10 DEBUG [t1] "TestVolatile":15: 13
2020-12-19 20:58:10 DEBUG [t1] "TestVolatile":15: 13
2020-12-19 20:58:10 DEBUG [t1] "TestVolatile":15: 13
2020-12-19 20:58:10 DEBUG [t1] "TestVolatile":15: 13
2020-12-19 20:58:10 DEBUG [t1] "TestVolatile":15: 13
2020-12-19 20:58:10 DEBUG [t1] "TestVolatile":15: 13
2020-12-19 20:58:10 DEBUG [t1] "TestVolatile":15: 13
2020-12-19 20:58:10 DEBUG [t1] "TestVolatile":15: 13
2020-12-19 20:58:10 DEBUG [t1] "TestVolatile":15: 13
2020-12-19 20:58:10 DEBUG [t1] "TestVolatile":15: 13
2020-12-19 20:58:10 DEBUG [t1] "TestVolatile":15: 13
2020-12-19 20:58:10 DEBUG [t1] "TestVolatile":15: 13
2020-12-19 20:58:10 DEBUG [t1] "TestVolatile":15: 13
2020-12-19 20:58:10 DEBUG [t1] "TestVolatile":15: 13
2020-12-19 20:58:10 DEBUG [t1] "TestVolatile":15: 13
2020-12-19 20:58:10 DEBUG [t1] "TestVolatile":15: 13
2020-12-19 20:58:10 DEBUG [t1] "TestVolatile":15: 13
2020-12-19 20:58:10 DEBUG [t1] "TestVolatile":15: 13
2020-12-19 20:58:10 DEBUG [t1] "TestVolatile":15: 13
2020-12-19 20:58:10 DEBUG [t1] "TestVolatile":15: 13
2020-12-19 20:58:10 DEBUG [t1] "TestVolatile":15: 13
2020-12-19 20:58:10 DEBUG [t1] "TestVolatile":15: 13
2020-12-19 20:58:10 DEBUG [t1] "TestVolatile":15: 13
2020-12-19 20:58:10 DEBUG [t1] "TestVolatile":15: 13
2020-12-19 20:58:10 DEBUG [t1] "TestVolatile":15: 13
2020-12-19 20:58:10 DEBUG [t1] "TestVolatile":15: 13
2020-12-19 20:58:10 DEBUG [t1] "TestVolatile":15: 13
2020-12-19 20:58:10 DEBUG [t1] "TestVolatile":15: 13
2020-12-19 20:58:10 DEBUG [t1] "TestVolatile":15: 13
2020-12-19 20:58:10 DEBUG [t1] "TestVolatile":15: 13
2020-12-19 20:58:10 DEBUG [t1] "TestVolatile":15: 13
2020-12-19 20:58:10 DEBUG [t1] "TestVolatile":15: 13
2020-12-19 20:58:10 DEBUG [t1] "TestVolatile":15: 13
2020-12-19 20:58:10 DEBUG [t1] "TestVolatile":15: 13
2020-12-19 20:58:10 DEBUG [t1] "TestVolatile":15: 13
2020-12-19 20:58:10 DEBUG [t1] "TestVolatile":15: 13
2020-12-19 20:58:10 DEBUG [t1] "TestVolatile":15: 13
2020-12-19 20:58:10 DEBUG [t1] "TestVolatile":15: 13
2020-12-19 20:58:10 DEBUG [t1] "TestVolatile":15: 13
2020-12-19 20:58:10 DEBUG [t1] "TestVolatile":15: 13
2020-12-19 20:58:10 DEBUG [t1] "TestVolatile":15: 13
2020-12-19 20:58:10 DEBUG [t1] "TestVolatile":15: 13
2020-12-19 20:58:10 DEBUG [t1] "TestVolatile":15: 13
2020-12-19 20:58:10 DEBUG [t1] "TestVolatile":15: 13
2020-12-19 20:58:10 DEBUG [t1] "TestVolatile":15: 13
2020-12-19 20:58:10 DEBUG [t1] "TestVolatile":15: 13
2020-12-19 20:58:10 DEBUG [t1] "TestVolatile":15: 13
2020-12-19 20:58:10 DEBUG [t1] "TestVolatile":15: 13
2020-12-19 20:58:10 DEBUG [t1] "TestVolatile":15: 13
2020-12-19 20:58:10 DEBUG [t1] "TestVolatile":15: 13
2020-12-19 20:58:10 DEBUG [t1] "TestVolatile":15: 13
2020-12-19 20:58:10 DEBUG [t1] "TestVolatile":15: 13
2020-12-19 20:58:10 DEBUG [t1] "TestVolatile":15: 13
2020-12-19 20:58:10 DEBUG [t1] "TestVolatile":15: 13
2020-12-19 20:58:10 DEBUG [t1] "TestVolatile":15: 13
2020-12-19 20:58:10 DEBUG [t1] "TestVolatile":15: 13
2020-12-19 20:58:10 DEBUG [t1] "TestVolatile":15: 13
2020-12-19 20:58:10 DEBUG [t1] "TestVolatile":15: 13
2020-12-19 20:58:10 DEBUG [t1] "TestVolatile":15: 13
2020-12-19 20:58:10 DEBUG [t1] "TestVolatile":15: 13
2020-12-19 20:58:10 DEBUG [t1] "TestVolatile":15: 13
2020-12-19 20:58:10 DEBUG [t1] "TestVolatile":15: 13
2020-12-19 20:58:10 DEBUG [t1] "TestVolatile":15: 13
2020-12-19 20:58:10 DEBUG [t1] "TestVolatile":15: 13
2020-12-19 20:58:10 DEBUG [t1] "TestVolatile":15: 13
2020-12-19 20:58:10 DEBUG [t1] "TestVolatile":15: 13
2020-12-19 20:58:10 DEBUG [t1] "TestVolatile":15: 13
2020-12-19 20:58:10 DEBUG [t1] "TestVolatile":15: 13
2020-12-19 20:58:10 DEBUG [t1] "TestVolatile":15: 13
2020-12-19 20:58:10 DEBUG [t1] "TestVolatile":15: 13
2020-12-19 20:58:10 DEBUG [t1] "TestVolatile":15: 13
2020-12-19 20:58:10 DEBUG [t1] "TestVolatile":15: 13
2020-12-19 20:58:10 DEBUG [t1] "TestVolatile":15: 13
2020-12-19 20:58:10 DEBUG [t1] "TestVolatile":15: 13
2020-12-19 20:58:10 DEBUG [t1] "TestVolatile":15: 13
2020-12-19 20:58:10 DEBUG [t1] "TestVolatile":15: 13
2020-12-19 20:58:10 DEBUG [t1] "TestVolatile":15: 13
2020-12-19 20:58:10 DEBUG [t1] "TestVolatile":15: 13
2020-12-19 20:58:10 DEBUG [t1] "TestVolatile":15: 13
2020-12-19 20:58:10 DEBUG [t1] "TestVolatile":15: 13
2020-12-19 20:58:10 DEBUG [t1] "TestVolatile":15: 13
2020-12-19 20:58:10 DEBUG [t1] "TestVolatile":15: 13
2020-12-19 20:58:10 DEBUG [t1] "TestVolatile":15: 13
2020-12-19 20:58:10 DEBUG [t1] "TestVolatile":15: 13
2020-12-19 20:58:10 DEBUG [t1] "TestVolatile":15: 13
2020-12-19 20:58:10 DEBUG [t1] "TestVolatile":15: 13
2020-12-19 20:58:10 DEBUG [t1] "TestVolatile":15: 13
2020-12-19 20:58:10 DEBUG [t1] "TestVolatile":15: 13
2020-12-19 20:58:10 DEBUG [t1] "TestVolatile":15: 13
2020-12-19 20:58:10 DEBUG [t1] "TestVolatile":15: 13
2020-12-19 20:58:10 DEBUG [t1] "TestVolatile":15: 13
2020-12-19 20:58:10 DEBUG [t1] "TestVolatile":15: 13
2020-12-19 20:58:10 DEBUG [t1] "TestVolatile":15: 13
2020-12-19 20:58:10 DEBUG [t1] "TestVolatile":15: 13
2020-12-19 20:58:10 DEBUG [t1] "TestVolatile":15: 13
2020-12-19 20:58:10 DEBUG [t1] "TestVolatile":15: 13
2020-12-19 20:58:10 DEBUG [t1] "TestVolatile":15: 13
2020-12-19 20:58:10 DEBUG [t1] "TestVolatile":15: 13
2020-12-19 20:58:10 DEBUG [t1] "TestVolatile":15: 13
2020-12-19 20:58:10 DEBUG [t1] "TestVolatile":15: 13
2020-12-19 20:58:10 DEBUG [t1] "TestVolatile":15: 13
2020-12-19 20:58:10 DEBUG [t1] "TestVolatile":15: 13
2020-12-19 20:58:10 DEBUG [t1] "TestVolatile":15: 13
2020-12-19 20:58:10 DEBUG [t1] "TestVolatile":15: 13
2020-12-19 20:58:10 DEBUG [t1] "TestVolatile":15: 13
2020-12-19 20:58:10 DEBUG [t1] "TestVolatile":15: 13
2020-12-19 20:58:10 DEBUG [t1] "TestVolatile":15: 13
2020-12-19 20:58:10 DEBUG [t1] "TestVolatile":15: 13
2020-12-19 20:58:10 DEBUG [t1] "TestVolatile":15: 13
2020-12-19 20:58:10 DEBUG [t1] "TestVolatile":15: 13
2020-12-19 20:58:10 DEBUG [t1] "TestVolatile":15: 13
2020-12-19 20:58:10 DEBUG [t1] "TestVolatile":15: 13
2020-12-19 20:58:10 DEBUG [t1] "TestVolatile":15: 13
2020-12-19 20:58:10 DEBUG [t1] "TestVolatile":15: 13
2020-12-19 20:58:10 DEBUG [t1] "TestVolatile":15: 13
2020-12-19 20:58:10 DEBUG [t1] "TestVolatile":15: 13
2020-12-19 20:58:10 DEBUG [t1] "TestVolatile":15: 13
2020-12-19 20:58:10 DEBUG [t1] "TestVolatile":15: 13
2020-12-19 20:58:10 DEBUG [t1] "TestVolatile":15: 13
2020-12-19 20:58:10 DEBUG [t1] "TestVolatile":15: 13
2020-12-19 20:58:10 DEBUG [t1] "TestVolatile":15: 13
2020-12-19 20:58:10 DEBUG [t1] "TestVolatile":15: 13
2020-12-19 20:58:10 DEBUG [t1] "TestVolatile":15: 13
2020-12-19 20:58:10 DEBUG [t1] "TestVolatile":15: 13
2020-12-19 20:58:10 DEBUG [t1] "TestVolatile":15: 13
2020-12-19 20:58:10 DEBUG [t1] "TestVolatile":15: 13
2020-12-19 20:58:10 DEBUG [t1] "TestVolatile":15: 13
2020-12-19 20:58:10 DEBUG [t1] "TestVolatile":15: 13
2020-12-19 20:58:10 DEBUG [t1] "TestVolatile":15: 13
2020-12-19 20:58:10 DEBUG [t1] "TestVolatile":15: 13
2020-12-19 20:58:10 DEBUG [t1] "TestVolatile":15: 13
2020-12-19 20:58:10 DEBUG [t1] "TestVolatile":15: 13
2020-12-19 20:58:10 DEBUG [t1] "TestVolatile":15: 13
2020-12-19 20:58:10 DEBUG [t1] "TestVolatile":15: 13
2020-12-19 20:58:10 DEBUG [t1] "TestVolatile":15: 13
2020-12-19 20:58:10 DEBUG [t1] "TestVolatile":15: 13
2020-12-19 20:58:10 DEBUG [t1] "TestVolatile":15: 13
2020-12-19 20:58:10 DEBUG [t1] "TestVolatile":15: 13
2020-12-19 20:58:10 DEBUG [t1] "TestVolatile":15: 13
2020-12-19 20:58:10 DEBUG [t1] "TestVolatile":15: 13
2020-12-19 20:58:10 DEBUG [t1] "TestVolatile":15: 13
2020-12-19 20:58:10 DEBUG [t1] "TestVolatile":15: 13
2020-12-19 20:58:10 DEBUG [t1] "TestVolatile":15: 13
2020-12-19 20:58:10 DEBUG [t1] "TestVolatile":15: 13
2020-12-19 20:58:10 DEBUG [t1] "TestVolatile":15: 13
2020-12-19 20:58:10 DEBUG [t1] "TestVolatile":15: 13
2020-12-19 20:58:10 DEBUG [t1] "TestVolatile":15: 13
2020-12-19 20:58:10 DEBUG [t1] "TestVolatile":15: 13
2020-12-19 20:58:10 DEBUG [t1] "TestVolatile":15: 13
2020-12-19 20:58:10 DEBUG [t1] "TestVolatile":15: 13
2020-12-19 20:58:10 DEBUG [t1] "TestVolatile":15: 13
2020-12-19 20:58:10 DEBUG [t1] "TestVolatile":15: 13
2020-12-19 20:58:10 DEBUG [t1] "TestVolatile":15: 13
2020-12-19 20:58:10 DEBUG [t1] "TestVolatile":15: 13
2020-12-19 20:58:10 DEBUG [t1] "TestVolatile":15: 13
2020-12-19 20:58:10 DEBUG [t1] "TestVolatile":15: 13
2020-12-19 20:58:10 DEBUG [t1] "TestVolatile":15: 13
2020-12-19 20:58:10 DEBUG [t1] "TestVolatile":15: 13
2020-12-19 20:58:10 DEBUG [t1] "TestVolatile":15: 13
2020-12-19 20:58:10 DEBUG [t1] "TestVolatile":15: 13
2020-12-19 20:58:10 DEBUG [t1] "TestVolatile":15: 13
2020-12-19 20:58:10 DEBUG [t1] "TestVolatile":15: 13
2020-12-19 20:58:10 DEBUG [t1] "TestVolatile":15: 13
2020-12-19 20:58:10 DEBUG [t1] "TestVolatile":15: 13
2020-12-19 20:58:10 DEBUG [t1] "TestVolatile":15: 13
2020-12-19 20:58:10 DEBUG [t1] "TestVolatile":15: 13
2020-12-19 20:58:10 DEBUG [t1] "TestVolatile":15: 13
2020-12-19 20:58:10 DEBUG [t1] "TestVolatile":15: 13
2020-12-19 20:58:10 DEBUG [t1] "TestVolatile":15: 13
2020-12-19 20:58:10 DEBUG [t1] "TestVolatile":15: 13
2020-12-19 20:58:10 DEBUG [t1] "TestVolatile":15: 13
2020-12-19 20:58:10 DEBUG [t1] "TestVolatile":15: 13
2020-12-19 20:58:10 DEBUG [t1] "TestVolatile":15: 13
2020-12-19 20:58:10 DEBUG [t1] "TestVolatile":15: 13
2020-12-19 20:58:10 DEBUG [t1] "TestVolatile":15: 13
2020-12-19 20:58:10 DEBUG [t1] "TestVolatile":15: 13
2020-12-19 20:58:10 DEBUG [t1] "TestVolatile":15: 13
2020-12-19 20:58:10 DEBUG [t1] "TestVolatile":15: 13
2020-12-19 20:58:10 DEBUG [t1] "TestVolatile":15: 13
2020-12-19 20:58:10 DEBUG [t1] "TestVolatile":15: 13
2020-12-19 20:58:10 DEBUG [t1] "TestVolatile":15: 13
2020-12-19 20:58:10 DEBUG [t1] "TestVolatile":15: 13
2020-12-19 20:58:10 DEBUG [t1] "TestVolatile":15: 13
2020-12-19 20:58:10 DEBUG [t1] "TestVolatile":15: 13
2020-12-19 20:58:10 DEBUG [t1] "TestVolatile":15: 13
2020-12-19 20:58:10 DEBUG [t1] "TestVolatile":15: 13
2020-12-19 20:58:10 DEBUG [t1] "TestVolatile":15: 13
2020-12-19 20:58:10 DEBUG [t1] "TestVolatile":15: 13
2020-12-19 20:58:10 DEBUG [t1] "TestVolatile":15: 13
2020-12-19 20:58:10 DEBUG [t1] "TestVolatile":15: 13
2020-12-19 20:58:10 DEBUG [t1] "TestVolatile":15: 13
2020-12-19 20:58:10 DEBUG [t1] "TestVolatile":15: 13
2020-12-19 20:58:10 DEBUG [t1] "TestVolatile":15: 13
2020-12-19 20:58:10 DEBUG [t1] "TestVolatile":15: 13
2020-12-19 20:58:10 DEBUG [t1] "TestVolatile":15: 13
2020-12-19 20:58:10 DEBUG [t1] "TestVolatile":15: 13
2020-12-19 20:58:10 DEBUG [t1] "TestVolatile":15: 13
2020-12-19 20:58:10 DEBUG [t1] "TestVolatile":15: 13
2020-12-19 20:58:10 DEBUG [t1] "TestVolatile":15: 13
2020-12-19 20:58:10 DEBUG [t1] "TestVolatile":15: 13
2020-12-19 20:58:10 DEBUG [t1] "TestVolatile":15: 13
2020-12-19 20:58:10 DEBUG [t1] "TestVolatile":15: 13
2020-12-19 20:58:10 DEBUG [t1] "TestVolatile":15: 13
2020-12-19 20:58:10 DEBUG [t1] "TestVolatile":15: 13
2020-12-19 20:58:10 DEBUG [t1] "TestVolatile":15: 13
2020-12-19 20:58:10 DEBUG [t1] "TestVolatile":15: 13
2020-12-19 20:58:10 DEBUG [t1] "TestVolatile":15: 13
2020-12-19 20:58:10 DEBUG [t1] "TestVolatile":15: 13
2020-12-19 20:58:10 DEBUG [t1] "TestVolatile":15: 13
2020-12-19 20:58:10 DEBUG [t1] "TestVolatile":15: 13
2020-12-19 20:58:10 DEBUG [t1] "TestVolatile":15: 13
2020-12-19 20:58:10 DEBUG [t1] "TestVolatile":15: 13
2020-12-19 20:58:10 DEBUG [t1] "TestVolatile":15: 13
2020-12-19 20:58:10 DEBUG [t1] "TestVolatile":15: 13
2020-12-19 20:58:10 DEBUG [t1] "TestVolatile":15: 13
2020-12-19 20:58:10 DEBUG [t1] "TestVolatile":15: 13
2020-12-19 20:58:10 DEBUG [t1] "TestVolatile":15: 13
2020-12-19 20:58:10 DEBUG [t1] "TestVolatile":15: 13
2020-12-19 20:58:10 DEBUG [t1] "TestVolatile":15: 13
2020-12-19 20:58:10 DEBUG [t1] "TestVolatile":15: 13
2020-12-19 20:58:10 DEBUG [t1] "TestVolatile":15: 13
2020-12-19 20:58:10 DEBUG [t1] "TestVolatile":15: 13
2020-12-19 20:58:10 DEBUG [t1] "TestVolatile":15: 13
2020-12-19 20:58:10 DEBUG [t1] "TestVolatile":15: 13
2020-12-19 20:58:10 DEBUG [t1] "TestVolatile":15: 13
2020-12-19 20:58:10 DEBUG [t1] "TestVolatile":15: 13
2020-12-19 20:58:10 DEBUG [t1] "TestVolatile":15: 13
2020-12-19 20:58:10 DEBUG [t1] "TestVolatile":15: 13
2020-12-19 20:58:10 DEBUG [t1] "TestVolatile":15: 13
2020-12-19 20:58:10 DEBUG [t1] "TestVolatile":15: 13
2020-12-19 20:58:10 DEBUG [t1] "TestVolatile":15: 13
2020-12-19 20:58:10 DEBUG [t1] "TestVolatile":15: 13
2020-12-19 20:58:10 DEBUG [t1] "TestVolatile":15: 13
2020-12-19 20:58:10 DEBUG [t1] "TestVolatile":15: 13
2020-12-19 20:58:10 DEBUG [t1] "TestVolatile":15: 13
2020-12-19 20:58:10 DEBUG [t1] "TestVolatile":15: 13
2020-12-19 20:58:10 DEBUG [t1] "TestVolatile":15: 13
2020-12-19 20:58:10 DEBUG [t1] "TestVolatile":15: 13
2020-12-19 20:58:10 DEBUG [t1] "TestVolatile":15: 13
2020-12-19 20:58:10 DEBUG [t1] "TestVolatile":15: 13
2020-12-19 20:58:10 DEBUG [t1] "TestVolatile":15: 13
2020-12-19 20:58:10 DEBUG [t1] "TestVolatile":15: 13
2020-12-19 20:58:10 DEBUG [t1] "TestVolatile":15: 13
2020-12-19 20:58:10 DEBUG [t1] "TestVolatile":15: 13
2020-12-19 20:58:10 DEBUG [t1] "TestVolatile":15: 13
2020-12-19 20:58:10 DEBUG [t1] "TestVolatile":15: 13
2020-12-19 20:58:10 DEBUG [t1] "TestVolatile":15: 13
2020-12-19 20:58:10 DEBUG [t1] "TestVolatile":15: 13
2020-12-19 20:58:10 DEBUG [t1] "TestVolatile":15: 13
2020-12-19 20:58:10 DEBUG [t1] "TestVolatile":15: 13
2020-12-19 20:58:10 DEBUG [t1] "TestVolatile":15: 13
2020-12-19 20:58:10 DEBUG [t1] "TestVolatile":15: 13
2020-12-19 20:58:10 DEBUG [t1] "TestVolatile":15: 13
2020-12-19 20:58:10 DEBUG [t1] "TestVolatile":15: 13
2020-12-19 20:58:10 DEBUG [t1] "TestVolatile":15: 13
2020-12-19 20:58:10 DEBUG [t1] "TestVolatile":15: 13
2020-12-19 20:58:10 DEBUG [t1] "TestVolatile":15: 13
2020-12-19 20:58:10 DEBUG [t1] "TestVolatile":15: 13
2020-12-19 20:58:10 DEBUG [t1] "TestVolatile":15: 13
2020-12-19 20:58:10 DEBUG [t1] "TestVolatile":15: 13
2020-12-19 20:58:10 DEBUG [t1] "TestVolatile":15: 13
2020-12-19 20:58:10 DEBUG [t1] "TestVolatile":15: 13
2020-12-19 20:58:10 DEBUG [t1] "TestVolatile":15: 13
2020-12-19 20:58:10 DEBUG [t1] "TestVolatile":15: 13
2020-12-19 20:58:10 DEBUG [t1] "TestVolatile":15: 13
2020-12-19 20:58:10 DEBUG [t1] "TestVolatile":15: 13
2020-12-19 20:58:10 DEBUG [t1] "TestVolatile":15: 13
2020-12-19 20:58:10 DEBUG [t1] "TestVolatile":15: 13
2020-12-19 20:58:10 DEBUG [t1] "TestVolatile":15: 13
2020-12-19 20:58:10 DEBUG [t1] "TestVolatile":15: 13
2020-12-19 20:58:10 DEBUG [t1] "TestVolatile":15: 13
2020-12-19 20:58:10 DEBUG [t1] "TestVolatile":15: 13
2020-12-19 20:58:10 DEBUG [t1] "TestVolatile":15: 13
2020-12-19 20:58:10 DEBUG [t1] "TestVolatile":15: 13
2020-12-19 20:58:10 DEBUG [t1] "TestVolatile":15: 13
2020-12-19 20:58:10 DEBUG [t1] "TestVolatile":15: 13
2020-12-19 20:58:10 DEBUG [t1] "TestVolatile":15: 13
2020-12-19 20:58:10 DEBUG [t1] "TestVolatile":15: 13
2020-12-19 20:58:10 DEBUG [t1] "TestVolatile":15: 13
2020-12-19 20:58:10 DEBUG [t1] "TestVolatile":15: 13
2020-12-19 20:58:10 DEBUG [t1] "TestVolatile":15: 13
2020-12-19 20:58:10 DEBUG [t1] "TestVolatile":15: 13
2020-12-19 20:58:10 DEBUG [t1] "TestVolatile":15: 13
2020-12-19 20:58:10 DEBUG [t1] "TestVolatile":15: 13
2020-12-19 20:58:10 DEBUG [t1] "TestVolatile":15: 13
2020-12-19 20:58:10 DEBUG [t1] "TestVolatile":15: 13
2020-12-19 20:58:10 DEBUG [t1] "TestVolatile":15: 13
2020-12-19 20:58:10 DEBUG [t1] "TestVolatile":15: 13
2020-12-19 20:58:10 DEBUG [t1] "TestVolatile":15: 13
2020-12-19 20:58:10 DEBUG [t1] "TestVolatile":15: 13
2020-12-19 20:58:10 DEBUG [t1] "TestVolatile":15: 13
2020-12-19 20:58:10 DEBUG [t1] "TestVolatile":15: 13
2020-12-19 20:58:10 DEBUG [t1] "TestVolatile":15: 13
2020-12-19 20:58:10 DEBUG [t1] "TestVolatile":15: 13
2020-12-19 20:58:10 DEBUG [t1] "TestVolatile":15: 13
2020-12-19 20:58:10 DEBUG [t1] "TestVolatile":15: 13
2020-12-19 20:58:10 DEBUG [t1] "TestVolatile":15: 13
2020-12-19 20:58:10 DEBUG [t1] "TestVolatile":15: 13
2020-12-19 20:58:10 DEBUG [t1] "TestVolatile":15: 13
2020-12-19 20:58:10 DEBUG [t1] "TestVolatile":15: 13
2020-12-19 20:58:10 DEBUG [t1] "TestVolatile":15: 13
2020-12-19 20:58:10 DEBUG [t1] "TestVolatile":15: 13
2020-12-19 20:58:10 DEBUG [t1] "TestVolatile":15: 13
2020-12-19 20:58:10 DEBUG [t1] "TestVolatile":15: 13
2020-12-19 20:58:10 DEBUG [t1] "TestVolatile":15: 13
2020-12-19 20:58:10 DEBUG [t1] "TestVolatile":15: 13
2020-12-19 20:58:10 DEBUG [t1] "TestVolatile":15: 13
2020-12-19 20:58:10 DEBUG [t1] "TestVolatile":15: 13
2020-12-19 20:58:10 DEBUG [t1] "TestVolatile":15: 13
2020-12-19 20:58:10 DEBUG [t1] "TestVolatile":15: 13
2020-12-19 20:58:10 DEBUG [t1] "TestVolatile":15: 13
2020-12-19 20:58:10 DEBUG [t1] "TestVolatile":15: 13
2020-12-19 20:58:10 DEBUG [t1] "TestVolatile":15: 13
2020-12-19 20:58:10 DEBUG [t1] "TestVolatile":15: 13
2020-12-19 20:58:10 DEBUG [t1] "TestVolatile":15: 13
2020-12-19 20:58:10 DEBUG [t1] "TestVolatile":15: 13
2020-12-19 20:58:10 DEBUG [t1] "TestVolatile":15: 13
2020-12-19 20:58:10 DEBUG [t1] "TestVolatile":15: 13
2020-12-19 20:58:10 DEBUG [t1] "TestVolatile":15: 13
2020-12-19 20:58:10 DEBUG [t1] "TestVolatile":15: 13
2020-12-19 20:58:10 DEBUG [t1] "TestVolatile":15: 13
2020-12-19 20:58:10 DEBUG [t1] "TestVolatile":15: 13
2020-12-19 20:58:10 DEBUG [t1] "TestVolatile":15: 13
2020-12-19 20:58:10 DEBUG [t1] "TestVolatile":15: 13
2020-12-19 20:58:10 DEBUG [t1] "TestVolatile":15: 13
2020-12-19 20:58:10 DEBUG [t1] "TestVolatile":15: 13
2020-12-19 20:58:10 DEBUG [t1] "TestVolatile":15: 13
2020-12-19 20:58:10 DEBUG [t1] "TestVolatile":15: 13
2020-12-19 20:58:10 DEBUG [t1] "TestVolatile":15: 13
2020-12-19 20:58:10 DEBUG [t1] "TestVolatile":15: 13
2020-12-19 20:58:10 DEBUG [t1] "TestVolatile":15: 13
2020-12-19 20:58:10 DEBUG [t1] "TestVolatile":15: 13
2020-12-19 20:58:10 DEBUG [t1] "TestVolatile":15: 13
2020-12-19 20:58:10 DEBUG [t1] "TestVolatile":15: 13
2020-12-19 20:58:10 DEBUG [t1] "TestVolatile":15: 13
2020-12-19 20:58:10 DEBUG [t1] "TestVolatile":15: 13
2020-12-19 20:58:10 DEBUG [t1] "TestVolatile":15: 13
2020-12-19 20:58:10 DEBUG [t1] "TestVolatile":15: 13
2020-12-19 20:58:10 DEBUG [t1] "TestVolatile":15: 13
2020-12-19 20:58:10 DEBUG [t1] "TestVolatile":15: 13
2020-12-19 20:58:10 DEBUG [t1] "TestVolatile":15: 13
2020-12-19 20:58:10 DEBUG [t1] "TestVolatile":15: 13
2020-12-19 20:58:10 DEBUG [t1] "TestVolatile":15: 13
2020-12-19 20:58:10 DEBUG [t1] "TestVolatile":15: 13
2020-12-19 20:58:10 DEBUG [t1] "TestVolatile":15: 13
2020-12-19 20:58:10 DEBUG [t1] "TestVolatile":15: 13
2020-12-19 20:58:10 DEBUG [t1] "TestVolatile":15: 13
2020-12-19 20:58:10 DEBUG [t1] "TestVolatile":15: 13
2020-12-19 20:58:10 DEBUG [t1] "TestVolatile":15: 13
2020-12-19 20:58:10 DEBUG [t1] "TestVolatile":15: 13
2020-12-19 20:58:10 DEBUG [t1] "TestVolatile":15: 13
2020-12-19 20:58:10 DEBUG [t1] "TestVolatile":15: 13
2020-12-19 20:58:10 DEBUG [t1] "TestVolatile":15: 13
2020-12-19 20:58:10 DEBUG [t1] "TestVolatile":15: 13
2020-12-19 20:58:10 DEBUG [t1] "TestVolatile":15: 13
2020-12-19 20:58:10 DEBUG [t1] "TestVolatile":15: 13
2020-12-19 20:58:10 DEBUG [t1] "TestVolatile":15: 13
2020-12-19 20:58:10 DEBUG [t1] "TestVolatile":15: 13
2020-12-19 20:58:10 DEBUG [t1] "TestVolatile":15: 13
2020-12-19 20:58:10 DEBUG [t1] "TestVolatile":15: 13
2020-12-19 20:58:10 DEBUG [t1] "TestVolatile":15: 13
2020-12-19 20:58:10 DEBUG [t1] "TestVolatile":15: 13
2020-12-19 20:58:10 DEBUG [t1] "TestVolatile":15: 13
2020-12-19 20:58:10 DEBUG [t1] "TestVolatile":15: 13
2020-12-19 20:58:10 DEBUG [t1] "TestVolatile":15: 13
2020-12-19 20:58:10 DEBUG [t1] "TestVolatile":15: 13
2020-12-19 20:58:10 DEBUG [t1] "TestVolatile":15: 13
2020-12-19 20:58:10 DEBUG [t1] "TestVolatile":15: 13
2020-12-19 20:58:10 DEBUG [t1] "TestVolatile":15: 13
2020-12-19 20:58:10 DEBUG [t1] "TestVolatile":15: 13
2020-12-19 20:58:10 DEBUG [t1] "TestVolatile":15: 13
2020-12-19 20:58:10 DEBUG [t1] "TestVolatile":15: 13
2020-12-19 20:58:10 DEBUG [t1] "TestVolatile":15: 13
2020-12-19 20:58:10 DEBUG [t1] "TestVolatile":15: 13
2020-12-19 20:58:10 DEBUG [t1] "TestVolatile":15: 13
2020-12-19 20:58:10 DEBUG [t1] "TestVolatile":15: 13
2020-12-19 20:58:10 DEBUG [t1] "TestVolatile":15: 13
2020-12-19 20:58:10 DEBUG [t1] "TestVolatile":15: 13
2020-12-19 20:58:10 DEBUG [t1] "TestVolatile":15: 13
2020-12-19 20:58:10 DEBUG [t1] "TestVolatile":15: 13
2020-12-19 20:58:10 DEBUG [t1] "TestVolatile":15: 13
2020-12-19 20:58:10 DEBUG [t1] "TestVolatile":15: 13
2020-12-19 20:58:10 DEBUG [t1] "TestVolatile":15: 13
2020-12-19 20:58:10 DEBUG [t1] "TestVolatile":15: 13
2020-12-19 20:58:10 DEBUG [t1] "TestVolatile":15: 13
2020-12-19 20:58:10 DEBUG [t1] "TestVolatile":15: 13
2020-12-19 20:58:10 DEBUG [t1] "TestVolatile":15: 13
2020-12-19 20:58:10 DEBUG [t1] "TestVolatile":15: 13
2020-12-19 20:58:10 DEBUG [t1] "TestVolatile":15: 13
2020-12-19 20:58:10 DEBUG [t1] "TestVolatile":15: 13
2020-12-19 20:58:10 DEBUG [t1] "TestVolatile":15: 13
2020-12-19 20:58:10 DEBUG [t1] "TestVolatile":15: 13
2020-12-19 20:58:10 DEBUG [t1] "TestVolatile":15: 13
2020-12-19 20:58:10 DEBUG [t1] "TestVolatile":15: 13
2020-12-19 20:58:10 DEBUG [t1] "TestVolatile":15: 13
2020-12-19 20:58:10 DEBUG [t1] "TestVolatile":15: 13
2020-12-19 20:58:10 DEBUG [t1] "TestVolatile":15: 13
2020-12-19 20:58:10 DEBUG [t1] "TestVolatile":15: 13
2020-12-19 20:58:10 DEBUG [t1] "TestVolatile":15: 13
2020-12-19 20:58:10 DEBUG [t1] "TestVolatile":15: 13
2020-12-19 20:58:10 DEBUG [t1] "TestVolatile":15: 13
2020-12-19 20:58:10 DEBUG [t1] "TestVolatile":15: 13
2020-12-19 20:58:10 DEBUG [t1] "TestVolatile":15: 13
2020-12-19 20:58:10 DEBUG [t1] "TestVolatile":15: 13
2020-12-19 20:58:10 DEBUG [t1] "TestVolatile":15: 13
2020-12-19 20:58:10 DEBUG [t1] "TestVolatile":15: 13
2020-12-19 20:58:10 DEBUG [t1] "TestVolatile":15: 13
2020-12-19 20:58:10 DEBUG [t1] "TestVolatile":15: 13
2020-12-19 20:58:10 DEBUG [t1] "TestVolatile":15: 13
2020-12-19 20:58:10 DEBUG [t1] "TestVolatile":15: 13
2020-12-19 20:58:10 DEBUG [t1] "TestVolatile":15: 13
2020-12-19 20:58:10 DEBUG [t1] "TestVolatile":15: 13
2020-12-19 20:58:10 DEBUG [t1] "TestVolatile":15: 13
2020-12-19 20:58:10 DEBUG [t1] "TestVolatile":15: 13
2020-12-19 20:58:10 DEBUG [t1] "TestVolatile":15: 13
2020-12-19 20:58:10 DEBUG [t1] "TestVolatile":15: 13
2020-12-19 20:58:10 DEBUG [t1] "TestVolatile":15: 13
2020-12-19 20:58:10 DEBUG [t1] "TestVolatile":15: 13
2020-12-19 20:58:10 DEBUG [t1] "TestVolatile":15: 13
2020-12-19 20:58:10 DEBUG [t1] "TestVolatile":15: 13
2020-12-19 20:58:10 DEBUG [t1] "TestVolatile":15: 13
2020-12-19 20:58:10 DEBUG [t1] "TestVolatile":15: 13
2020-12-19 20:58:10 DEBUG [t1] "TestVolatile":15: 13
2020-12-19 20:58:10 DEBUG [t1] "TestVolatile":15: 13
2020-12-19 20:58:10 DEBUG [t1] "TestVolatile":15: 13
2020-12-19 20:58:10 DEBUG [t1] "TestVolatile":15: 13
2020-12-19 20:58:10 DEBUG [t1] "TestVolatile":15: 13
2020-12-19 20:58:10 DEBUG [t1] "TestVolatile":15: 13
2020-12-19 20:58:10 DEBUG [t1] "TestVolatile":15: 13
2020-12-19 20:58:10 DEBUG [t1] "TestVolatile":15: 13
2020-12-19 20:58:10 DEBUG [t1] "TestVolatile":15: 13
2020-12-19 20:58:10 DEBUG [t1] "TestVolatile":15: 13
2020-12-19 20:58:10 DEBUG [t1] "TestVolatile":15: 13
2020-12-19 20:58:10 DEBUG [t1] "TestVolatile":15: 13
2020-12-19 20:58:10 DEBUG [t1] "TestVolatile":15: 13
2020-12-19 20:58:10 DEBUG [t1] "TestVolatile":15: 13
2020-12-19 20:58:10 DEBUG [t1] "TestVolatile":15: 13
2020-12-19 20:58:10 DEBUG [t1] "TestVolatile":15: 13
2020-12-19 20:58:10 DEBUG [t1] "TestVolatile":15: 13
2020-12-19 20:58:10 DEBUG [t1] "TestVolatile":15: 13
2020-12-19 20:58:10 DEBUG [t1] "TestVolatile":15: 13
2020-12-19 20:58:10 DEBUG [t1] "TestVolatile":15: 13
2020-12-19 20:58:10 DEBUG [t1] "TestVolatile":15: 13
2020-12-19 20:58:10 DEBUG [t1] "TestVolatile":15: 13
2020-12-19 20:58:10 DEBUG [t1] "TestVolatile":15: 13
2020-12-19 20:58:10 DEBUG [t1] "TestVolatile":15: 13
2020-12-19 20:58:10 DEBUG [t1] "TestVolatile":15: 13
2020-12-19 20:58:10 DEBUG [t1] "TestVolatile":15: 13
2020-12-19 20:58:10 DEBUG [t1] "TestVolatile":15: 13
2020-12-19 20:58:10 DEBUG [t1] "TestVolatile":15: 13
2020-12-19 20:58:10 DEBUG [t1] "TestVolatile":15: 13
2020-12-19 20:58:10 DEBUG [t1] "TestVolatile":15: 13
2020-12-19 20:58:10 DEBUG [t1] "TestVolatile":15: 13
2020-12-19 20:58:10 DEBUG [t1] "TestVolatile":15: 13
2020-12-19 20:58:10 DEBUG [t1] "TestVolatile":15: 13
2020-12-19 20:58:10 DEBUG [t1] "TestVolatile":15: 13
2020-12-19 20:58:10 DEBUG [t1] "TestVolatile":15: 13
2020-12-19 20:58:10 DEBUG [t1] "TestVolatile":15: 13
2020-12-19 20:58:10 DEBUG [t1] "TestVolatile":15: 13
2020-12-19 20:58:10 DEBUG [t1] "TestVolatile":15: 13
2020-12-19 20:58:10 DEBUG [t1] "TestVolatile":15: 13
2020-12-19 20:58:10 DEBUG [t1] "TestVolatile":15: 13
2020-12-19 20:58:10 DEBUG [t1] "TestVolatile":15: 13
2020-12-19 20:58:10 DEBUG [t1] "TestVolatile":15: 13
2020-12-19 20:58:10 DEBUG [t1] "TestVolatile":15: 13
2020-12-19 20:58:10 DEBUG [t1] "TestVolatile":15: 13
2020-12-19 20:58:10 DEBUG [t1] "TestVolatile":15: 13
2020-12-19 20:58:10 DEBUG [t1] "TestVolatile":15: 13
2020-12-19 20:58:10 DEBUG [t1] "TestVolatile":15: 13
2020-12-19 20:58:10 DEBUG [t1] "TestVolatile":15: 13
2020-12-19 20:58:10 DEBUG [t1] "TestVolatile":15: 13
2020-12-19 20:58:10 DEBUG [t1] "TestVolatile":15: 13
2020-12-19 20:58:10 DEBUG [t1] "TestVolatile":15: 13
2020-12-19 20:58:10 DEBUG [t1] "TestVolatile":15: 13
2020-12-19 20:58:10 DEBUG [t1] "TestVolatile":15: 13
2020-12-19 20:58:10 DEBUG [t1] "TestVolatile":15: 13
2020-12-19 20:58:10 DEBUG [t1] "TestVolatile":15: 13
2020-12-19 20:58:10 DEBUG [t1] "TestVolatile":15: 13
2020-12-19 20:58:10 DEBUG [t1] "TestVolatile":15: 13
2020-12-19 20:58:10 DEBUG [t1] "TestVolatile":15: 13
2020-12-19 20:58:10 DEBUG [t1] "TestVolatile":15: 13
2020-12-19 20:58:10 DEBUG [t1] "TestVolatile":15: 13
2020-12-19 20:58:10 DEBUG [t1] "TestVolatile":15: 13
2020-12-19 20:58:10 DEBUG [t1] "TestVolatile":15: 13
2020-12-19 20:58:10 DEBUG [t1] "TestVolatile":15: 13
2020-12-19 20:58:10 DEBUG [t1] "TestVolatile":15: 13
2020-12-19 20:58:10 DEBUG [t1] "TestVolatile":15: 13
2020-12-19 20:58:10 DEBUG [t1] "TestVolatile":15: 13
2020-12-19 20:58:10 DEBUG [t1] "TestVolatile":15: 13
2020-12-19 20:58:10 DEBUG [t1] "TestVolatile":15: 13
2020-12-19 20:58:10 DEBUG [t1] "TestVolatile":15: 13
2020-12-19 20:58:10 DEBUG [t1] "TestVolatile":15: 13
2020-12-19 20:58:10 DEBUG [t1] "TestVolatile":15: 13
2020-12-19 20:58:10 DEBUG [t1] "TestVolatile":15: 13
2020-12-19 20:58:10 DEBUG [t1] "TestVolatile":15: 13
2020-12-19 20:58:10 DEBUG [t1] "TestVolatile":15: 13
2020-12-19 20:58:10 DEBUG [t1] "TestVolatile":15: 13
2020-12-19 20:58:10 DEBUG [t1] "TestVolatile":15: 13
2020-12-19 20:58:10 DEBUG [t1] "TestVolatile":15: 13
2020-12-19 20:58:10 DEBUG [t1] "TestVolatile":15: 13
2020-12-19 20:58:10 DEBUG [t1] "TestVolatile":15: 13
2020-12-19 20:58:10 DEBUG [t1] "TestVolatile":15: 13
2020-12-19 20:58:10 DEBUG [t1] "TestVolatile":15: 13
2020-12-19 20:58:10 DEBUG [t1] "TestVolatile":15: 13
2020-12-19 20:58:10 DEBUG [t1] "TestVolatile":15: 13
2020-12-19 20:58:10 DEBUG [t1] "TestVolatile":15: 13
2020-12-19 20:58:10 DEBUG [t1] "TestVolatile":15: 13
2020-12-19 20:58:10 DEBUG [t1] "TestVolatile":15: 13
2020-12-19 20:58:10 DEBUG [t1] "TestVolatile":15: 13
2020-12-19 20:58:10 DEBUG [t1] "TestVolatile":15: 13
2020-12-19 20:58:10 DEBUG [t1] "TestVolatile":15: 13
2020-12-19 20:58:10 DEBUG [t1] "TestVolatile":15: 13
2020-12-19 20:58:10 DEBUG [t1] "TestVolatile":15: 13
2020-12-19 20:58:10 DEBUG [t1] "TestVolatile":15: 13
2020-12-19 20:58:10 DEBUG [t1] "TestVolatile":15: 13
2020-12-19 20:58:10 DEBUG [t1] "TestVolatile":15: 13
2020-12-19 20:58:10 DEBUG [t1] "TestVolatile":15: 13
2020-12-19 20:58:10 DEBUG [t1] "TestVolatile":15: 13
2020-12-19 20:58:10 DEBUG [t1] "TestVolatile":15: 13
2020-12-19 20:58:10 DEBUG [t1] "TestVolatile":15: 13
2020-12-19 20:58:10 DEBUG [t1] "TestVolatile":15: 13
2020-12-19 20:58:10 DEBUG [t1] "TestVolatile":15: 13
2020-12-19 20:58:10 DEBUG [t1] "TestVolatile":15: 13
2020-12-19 20:58:10 DEBUG [t1] "TestVolatile":15: 13
2020-12-19 20:58:10 DEBUG [t1] "TestVolatile":15: 13
2020-12-19 20:58:10 DEBUG [t1] "TestVolatile":15: 13
2020-12-19 20:58:10 DEBUG [t1] "TestVolatile":15: 13
2020-12-19 20:58:10 DEBUG [t1] "TestVolatile":15: 13
2020-12-19 20:58:10 DEBUG [t1] "TestVolatile":15: 13
2020-12-19 20:58:10 DEBUG [t1] "TestVolatile":15: 13
2020-12-19 20:58:10 DEBUG [t1] "TestVolatile":15: 13
2020-12-19 20:58:10 DEBUG [t1] "TestVolatile":15: 13
2020-12-19 20:58:10 DEBUG [t1] "TestVolatile":15: 13
2020-12-19 20:58:10 DEBUG [t1] "TestVolatile":15: 13
2020-12-19 20:58:10 DEBUG [t1] "TestVolatile":15: 13
2020-12-19 20:58:10 DEBUG [t1] "TestVolatile":15: 13
2020-12-19 20:58:10 DEBUG [t1] "TestVolatile":15: 13
2020-12-19 20:58:10 DEBUG [t1] "TestVolatile":15: 13
2020-12-19 20:58:10 DEBUG [t1] "TestVolatile":15: 13
2020-12-19 20:58:10 DEBUG [t1] "TestVolatile":15: 13
2020-12-19 20:58:10 DEBUG [t1] "TestVolatile":15: 13
2020-12-19 20:58:10 DEBUG [t1] "TestVolatile":15: 13
2020-12-19 20:58:10 DEBUG [t1] "TestVolatile":15: 13
2020-12-19 20:58:10 DEBUG [t1] "TestVolatile":15: 13
2020-12-19 20:58:10 DEBUG [t1] "TestVolatile":15: 13
2020-12-19 20:58:10 DEBUG [t1] "TestVolatile":15: 13
2020-12-19 20:58:10 DEBUG [t1] "TestVolatile":15: 13
2020-12-19 20:58:10 DEBUG [t1] "TestVolatile":15: 13
2020-12-19 20:58:10 DEBUG [t1] "TestVolatile":15: 13
2020-12-19 20:58:10 DEBUG [t1] "TestVolatile":15: 13
2020-12-19 20:58:10 DEBUG [t1] "TestVolatile":15: 13
2020-12-19 20:58:10 DEBUG [t1] "TestVolatile":15: 13
2020-12-19 20:58:10 DEBUG [t1] "TestVolatile":15: 13
2020-12-19 20:58:10 DEBUG [t1] "TestVolatile":15: 13
2020-12-19 20:58:10 DEBUG [t1] "TestVolatile":15: 13
2020-12-19 20:58:10 DEBUG [t1] "TestVolatile":15: 13
2020-12-19 20:58:10 DEBUG [t1] "TestVolatile":15: 13
2020-12-19 20:58:10 DEBUG [t1] "TestVolatile":15: 13
2020-12-19 20:58:10 DEBUG [t1] "TestVolatile":15: 13
2020-12-19 20:58:10 DEBUG [t1] "TestVolatile":15: 13
2020-12-19 20:58:10 DEBUG [t1] "TestVolatile":15: 13
2020-12-19 20:58:10 DEBUG [t1] "TestVolatile":15: 13
2020-12-19 20:58:10 DEBUG [t1] "TestVolatile":15: 13
2020-12-19 20:58:10 DEBUG [t1] "TestVolatile":15: 13
2020-12-19 20:58:10 DEBUG [t1] "TestVolatile":15: 13
2020-12-19 20:58:10 DEBUG [t1] "TestVolatile":15: 13
2020-12-19 20:58:10 DEBUG [t1] "TestVolatile":15: 13
2020-12-19 20:58:10 DEBUG [t1] "TestVolatile":15: 13
2020-12-19 20:58:10 DEBUG [t1] "TestVolatile":15: 13
2020-12-19 20:58:10 DEBUG [t1] "TestVolatile":15: 13
2020-12-19 20:58:10 DEBUG [t1] "TestVolatile":15: 13
2020-12-19 20:58:10 DEBUG [t1] "TestVolatile":15: 13
2020-12-19 20:58:10 DEBUG [t1] "TestVolatile":15: 13
2020-12-19 20:58:10 DEBUG [t1] "TestVolatile":15: 13
2020-12-19 20:58:10 DEBUG [t1] "TestVolatile":15: 13
2020-12-19 20:58:10 DEBUG [t1] "TestVolatile":15: 13
2020-12-19 20:58:10 DEBUG [t1] "TestVolatile":15: 13
2020-12-19 20:58:10 DEBUG [t1] "TestVolatile":15: 13
2020-12-19 20:58:10 DEBUG [t1] "TestVolatile":15: 13
2020-12-19 20:58:10 DEBUG [t1] "TestVolatile":15: 13
2020-12-19 20:58:10 DEBUG [t1] "TestVolatile":15: 13
2020-12-19 20:58:10 DEBUG [t1] "TestVolatile":15: 13
2020-12-19 20:58:10 DEBUG [t1] "TestVolatile":15: 13
2020-12-19 20:58:10 DEBUG [t1] "TestVolatile":15: 13
2020-12-19 20:58:10 DEBUG [t1] "TestVolatile":15: 13
2020-12-19 20:58:10 DEBUG [t1] "TestVolatile":15: 13
2020-12-19 20:58:10 DEBUG [t1] "TestVolatile":15: 13
2020-12-19 20:58:10 DEBUG [t1] "TestVolatile":15: 13
2020-12-19 20:58:10 DEBUG [t1] "TestVolatile":15: 13
2020-12-19 20:58:10 DEBUG [t1] "TestVolatile":15: 13
2020-12-19 20:58:10 DEBUG [t1] "TestVolatile":15: 13
2020-12-19 20:58:10 DEBUG [t1] "TestVolatile":15: 13
2020-12-19 20:58:10 DEBUG [t1] "TestVolatile":15: 13
2020-12-19 20:58:10 DEBUG [t1] "TestVolatile":15: 13
2020-12-19 20:58:10 DEBUG [t1] "TestVolatile":15: 13
2020-12-19 20:58:10 DEBUG [t1] "TestVolatile":15: 13
2020-12-19 20:58:10 DEBUG [t1] "TestVolatile":15: 13
2020-12-19 20:58:10 DEBUG [t1] "TestVolatile":15: 13
2020-12-19 20:58:10 DEBUG [t1] "TestVolatile":15: 13
2020-12-19 20:58:10 DEBUG [t1] "TestVolatile":15: 13
2020-12-19 20:58:10 DEBUG [t1] "TestVolatile":15: 13
2020-12-19 20:58:10 DEBUG [t1] "TestVolatile":15: 13
2020-12-19 20:58:10 DEBUG [t1] "TestVolatile":15: 13
2020-12-19 20:58:10 DEBUG [t1] "TestVolatile":15: 13
2020-12-19 20:58:10 DEBUG [t1] "TestVolatile":15: 13
2020-12-19 20:58:10 DEBUG [t1] "TestVolatile":15: 13
2020-12-19 20:58:10 DEBUG [t1] "TestVolatile":15: 13
2020-12-19 20:58:10 DEBUG [t1] "TestVolatile":15: 13
2020-12-19 20:58:10 DEBUG [t1] "TestVolatile":15: 13
2020-12-19 20:58:10 DEBUG [t1] "TestVolatile":15: 13
2020-12-19 20:58:10 DEBUG [t1] "TestVolatile":15: 13
2020-12-19 20:58:10 DEBUG [t1] "TestVolatile":15: 13
2020-12-19 20:58:10 DEBUG [t1] "TestVolatile":15: 13
2020-12-19 20:58:10 DEBUG [t1] "TestVolatile":15: 13
2020-12-19 20:58:10 DEBUG [t1] "TestVolatile":15: 13
2020-12-19 20:58:10 DEBUG [t1] "TestVolatile":15: 13
2020-12-19 20:58:10 DEBUG [t1] "TestVolatile":15: 13
2020-12-19 20:58:10 DEBUG [t1] "TestVolatile":15: 13
2020-12-19 20:58:10 DEBUG [t1] "TestVolatile":15: 13
2020-12-19 20:58:10 DEBUG [t1] "TestVolatile":15: 13
2020-12-19 20:58:10 DEBUG [t1] "TestVolatile":15: 13
2020-12-19 20:58:10 DEBUG [t1] "TestVolatile":15: 13
2020-12-19 20:58:10 DEBUG [t1] "TestVolatile":15: 13
2020-12-19 20:58:10 DEBUG [t1] "TestVolatile":15: 13
2020-12-19 20:58:10 DEBUG [t1] "TestVolatile":15: 13
2020-12-19 20:58:10 DEBUG [t1] "TestVolatile":15: 13
2020-12-19 20:58:10 DEBUG [t1] "TestVolatile":15: 13
2020-12-19 20:58:10 DEBUG [t1] "TestVolatile":15: 13
2020-12-19 20:58:10 DEBUG [t1] "TestVolatile":15: 13
2020-12-19 20:58:10 DEBUG [t1] "TestVolatile":15: 13
2020-12-19 20:58:10 DEBUG [t1] "TestVolatile":15: 13
2020-12-19 20:58:10 DEBUG [t1] "TestVolatile":15: 13
2020-12-19 20:58:10 DEBUG [t1] "TestVolatile":15: 13
2020-12-19 20:58:10 DEBUG [t1] "TestVolatile":15: 13
2020-12-19 20:58:10 DEBUG [t1] "TestVolatile":15: 13
2020-12-19 20:58:10 DEBUG [t1] "TestVolatile":15: 13
2020-12-19 20:58:10 DEBUG [t1] "TestVolatile":15: 13
2020-12-19 20:58:10 DEBUG [t1] "TestVolatile":15: 13
2020-12-19 20:58:10 DEBUG [t1] "TestVolatile":15: 13
2020-12-19 20:58:10 DEBUG [t1] "TestVolatile":15: 13
2020-12-19 20:58:10 DEBUG [t1] "TestVolatile":15: 13
2020-12-19 20:58:10 DEBUG [t1] "TestVolatile":15: 13
2020-12-19 20:58:10 DEBUG [t1] "TestVolatile":15: 13
2020-12-19 20:58:10 DEBUG [t1] "TestVolatile":15: 13
2020-12-19 20:58:10 DEBUG [t1] "TestVolatile":15: 13
2020-12-19 20:58:10 DEBUG [t1] "TestVolatile":15: 13
2020-12-19 20:58:10 DEBUG [t1] "TestVolatile":15: 13
2020-12-19 20:58:10 DEBUG [t1] "TestVolatile":15: 13
2020-12-19 20:58:10 DEBUG [t1] "TestVolatile":15: 13
2020-12-19 20:58:10 DEBUG [t1] "TestVolatile":15: 13
2020-12-19 20:58:10 DEBUG [t1] "TestVolatile":15: 13
2020-12-19 20:58:10 DEBUG [t1] "TestVolatile":15: 13
2020-12-19 20:58:10 DEBUG [t1] "TestVolatile":15: 13
2020-12-19 20:58:10 DEBUG [t1] "TestVolatile":15: 13
2020-12-19 20:58:10 DEBUG [t1] "TestVolatile":15: 13
2020-12-19 20:58:10 DEBUG [t1] "TestVolatile":15: 13
2020-12-19 20:58:10 DEBUG [t1] "TestVolatile":15: 13
2020-12-19 20:58:10 DEBUG [t1] "TestVolatile":15: 13
2020-12-19 20:58:10 DEBUG [t1] "TestVolatile":15: 13
2020-12-19 20:58:10 DEBUG [t1] "TestVolatile":15: 13
2020-12-19 20:58:10 DEBUG [t1] "TestVolatile":15: 13
2020-12-19 20:58:10 DEBUG [t1] "TestVolatile":15: 13
2020-12-19 20:58:10 DEBUG [t1] "TestVolatile":15: 13
2020-12-19 20:58:10 DEBUG [t1] "TestVolatile":15: 13
2020-12-19 20:58:10 DEBUG [t1] "TestVolatile":15: 13
2020-12-19 20:58:10 DEBUG [t1] "TestVolatile":15: 13
2020-12-19 20:58:10 DEBUG [t1] "TestVolatile":15: 13
2020-12-19 20:58:10 DEBUG [t1] "TestVolatile":15: 13
2020-12-19 20:58:10 DEBUG [t1] "TestVolatile":15: 13
2020-12-19 20:58:10 DEBUG [t1] "TestVolatile":15: 13
2020-12-19 20:58:10 DEBUG [t1] "TestVolatile":15: 13
2020-12-19 20:58:10 DEBUG [t1] "TestVolatile":15: 13
2020-12-19 20:58:10 DEBUG [t1] "TestVolatile":15: 13
2020-12-19 20:58:10 DEBUG [t1] "TestVolatile":15: 13
2020-12-19 20:58:10 DEBUG [t1] "TestVolatile":15: 13
2020-12-19 20:58:10 DEBUG [t1] "TestVolatile":15: 13
2020-12-19 20:58:10 DEBUG [t1] "TestVolatile":15: 13
2020-12-19 20:58:10 DEBUG [t1] "TestVolatile":15: 13
2020-12-19 20:58:10 DEBUG [t1] "TestVolatile":15: 13
2020-12-19 20:58:10 DEBUG [t1] "TestVolatile":15: 13
2020-12-19 20:58:10 DEBUG [t1] "TestVolatile":15: 13
2020-12-19 20:58:10 DEBUG [t1] "TestVolatile":15: 13
2020-12-19 20:58:10 DEBUG [t1] "TestVolatile":15: 13
2020-12-19 20:58:10 DEBUG [t1] "TestVolatile":15: 13
2020-12-19 20:58:10 DEBUG [t1] "TestVolatile":15: 13
2020-12-19 20:58:10 DEBUG [t1] "TestVolatile":15: 13
2020-12-19 20:58:10 DEBUG [t1] "TestVolatile":15: 13
2020-12-19 20:58:10 DEBUG [t1] "TestVolatile":15: 13
2020-12-19 20:58:10 DEBUG [t1] "TestVolatile":15: 13
2020-12-19 20:58:10 DEBUG [t1] "TestVolatile":15: 13
2020-12-19 20:58:10 DEBUG [t1] "TestVolatile":15: 13
2020-12-19 20:58:10 DEBUG [t1] "TestVolatile":15: 13
2020-12-19 20:58:10 DEBUG [t1] "TestVolatile":15: 13
2020-12-19 20:58:10 DEBUG [t1] "TestVolatile":15: 13
2020-12-19 20:58:10 DEBUG [t1] "TestVolatile":15: 13
2020-12-19 20:58:10 DEBUG [t1] "TestVolatile":15: 13
2020-12-19 20:58:10 DEBUG [t1] "TestVolatile":15: 13
2020-12-19 20:58:10 DEBUG [t1] "TestVolatile":15: 13
2020-12-19 20:58:10 DEBUG [t1] "TestVolatile":15: 13
2020-12-19 20:58:10 DEBUG [t1] "TestVolatile":15: 13
2020-12-19 20:58:10 DEBUG [t1] "TestVolatile":15: 13
2020-12-19 20:58:10 DEBUG [t1] "TestVolatile":15: 13
2020-12-19 20:58:10 DEBUG [t1] "TestVolatile":15: 13
2020-12-19 20:58:10 DEBUG [t1] "TestVolatile":15: 13
2020-12-19 20:58:10 DEBUG [t1] "TestVolatile":15: 13
2020-12-19 20:58:10 DEBUG [t1] "TestVolatile":15: 13
2020-12-19 20:58:10 DEBUG [t1] "TestVolatile":15: 13
2020-12-19 20:58:10 DEBUG [t1] "TestVolatile":15: 13
2020-12-19 20:58:10 DEBUG [t1] "TestVolatile":15: 13
2020-12-19 20:58:10 DEBUG [t1] "TestVolatile":15: 13
2020-12-19 20:58:10 DEBUG [t1] "TestVolatile":15: 13
2020-12-19 20:58:10 DEBUG [t1] "TestVolatile":15: 13
2020-12-19 20:58:10 DEBUG [t1] "TestVolatile":15: 13
2020-12-19 20:58:10 DEBUG [t1] "TestVolatile":15: 13
2020-12-19 20:58:10 DEBUG [t1] "TestVolatile":15: 13
2020-12-19 20:58:10 DEBUG [t1] "TestVolatile":15: 13
2020-12-19 20:58:10 DEBUG [t1] "TestVolatile":15: 13
2020-12-19 20:58:10 DEBUG [t1] "TestVolatile":15: 13
2020-12-19 20:58:10 DEBUG [t1] "TestVolatile":15: 13
2020-12-19 20:58:10 DEBUG [t1] "TestVolatile":15: 13
2020-12-19 20:58:10 DEBUG [t1] "TestVolatile":15: 13
2020-12-19 20:58:10 DEBUG [t1] "TestVolatile":15: 13
2020-12-19 20:58:10 DEBUG [t1] "TestVolatile":15: 13
2020-12-19 20:58:10 DEBUG [t1] "TestVolatile":15: 13
2020-12-19 20:58:10 DEBUG [t1] "TestVolatile":15: 13
2020-12-19 20:58:10 DEBUG [t1] "TestVolatile":15: 13
2020-12-19 20:58:10 DEBUG [t1] "TestVolatile":15: 13
2020-12-19 20:58:10 DEBUG [t1] "TestVolatile":15: 13
2020-12-19 20:58:10 DEBUG [t1] "TestVolatile":15: 13
2020-12-19 20:58:10 DEBUG [t1] "TestVolatile":15: 13
2020-12-19 20:58:10 DEBUG [t1] "TestVolatile":15: 13
2020-12-19 20:58:10 DEBUG [t1] "TestVolatile":15: 13
2020-12-19 20:58:10 DEBUG [t1] "TestVolatile":15: 13
2020-12-19 20:58:10 DEBUG [t1] "TestVolatile":15: 13
2020-12-19 20:58:10 DEBUG [t1] "TestVolatile":15: 13
2020-12-19 20:58:10 DEBUG [t1] "TestVolatile":15: 13
2020-12-19 20:58:10 DEBUG [t1] "TestVolatile":15: 13
2020-12-19 20:58:10 DEBUG [t1] "TestVolatile":15: 13
2020-12-19 20:58:10 DEBUG [t1] "TestVolatile":15: 13
2020-12-19 20:58:10 DEBUG [t1] "TestVolatile":15: 13
2020-12-19 20:58:10 DEBUG [t1] "TestVolatile":15: 13
2020-12-19 20:58:10 DEBUG [t1] "TestVolatile":15: 13
2020-12-19 20:58:10 DEBUG [t1] "TestVolatile":15: 13
2020-12-19 20:58:10 DEBUG [t1] "TestVolatile":15: 13
2020-12-19 20:58:10 DEBUG [t1] "TestVolatile":15: 13
2020-12-19 20:58:10 DEBUG [t1] "TestVolatile":15: 13
2020-12-19 20:58:10 DEBUG [t1] "TestVolatile":15: 13
2020-12-19 20:58:10 DEBUG [t1] "TestVolatile":15: 13
2020-12-19 20:58:10 DEBUG [t1] "TestVolatile":15: 13
2020-12-19 20:58:10 DEBUG [t1] "TestVolatile":15: 13
2020-12-19 20:58:10 DEBUG [t1] "TestVolatile":15: 13
2020-12-19 20:58:10 DEBUG [t1] "TestVolatile":15: 13
2020-12-19 20:58:10 DEBUG [t1] "TestVolatile":15: 13
2020-12-19 20:58:10 DEBUG [t1] "TestVolatile":15: 13
2020-12-19 20:58:10 DEBUG [t1] "TestVolatile":15: 13
2020-12-19 20:58:10 DEBUG [t1] "TestVolatile":15: 13
2020-12-19 20:58:10 DEBUG [t1] "TestVolatile":15: 13
2020-12-19 20:58:10 DEBUG [t1] "TestVolatile":15: 13
2020-12-19 20:58:10 DEBUG [t1] "TestVolatile":15: 13
2020-12-19 20:58:10 DEBUG [t1] "TestVolatile":15: 13
2020-12-19 20:58:10 DEBUG [t1] "TestVolatile":15: 13
2020-12-19 20:58:10 DEBUG [t1] "TestVolatile":15: 13
2020-12-19 20:58:10 DEBUG [t1] "TestVolatile":15: 13
2020-12-19 20:58:10 DEBUG [t1] "TestVolatile":15: 13
2020-12-19 20:58:10 DEBUG [t1] "TestVolatile":15: 13
2020-12-19 20:58:10 DEBUG [t1] "TestVolatile":15: 13
2020-12-19 20:58:10 DEBUG [t1] "TestVolatile":15: 13
2020-12-19 20:58:10 DEBUG [t1] "TestVolatile":15: 13
2020-12-19 20:58:10 DEBUG [t1] "TestVolatile":15: 13
2020-12-19 20:58:10 DEBUG [t1] "TestVolatile":15: 13
2020-12-19 20:58:10 DEBUG [t1] "TestVolatile":15: 13
2020-12-19 20:58:10 DEBUG [t1] "TestVolatile":15: 13
2020-12-19 20:58:10 DEBUG [t1] "TestVolatile":15: 13
2020-12-19 20:58:10 DEBUG [t1] "TestVolatile":15: 13
2020-12-19 20:58:10 DEBUG [t1] "TestVolatile":15: 13
2020-12-19 20:58:10 DEBUG [t1] "TestVolatile":15: 13
2020-12-19 20:58:10 DEBUG [t1] "TestVolatile":15: 13
2020-12-19 20:58:10 DEBUG [t1] "TestVolatile":15: 13
2020-12-19 20:58:10 DEBUG [t1] "TestVolatile":15: 13
2020-12-19 20:58:10 DEBUG [t1] "TestVolatile":15: 13
2020-12-19 20:58:10 DEBUG [t1] "TestVolatile":15: 13
2020-12-19 20:58:10 DEBUG [t1] "TestVolatile":15: 13
2020-12-19 20:58:10 DEBUG [t1] "TestVolatile":15: 13
2020-12-19 20:58:10 DEBUG [t1] "TestVolatile":15: 13
2020-12-19 20:58:10 DEBUG [t1] "TestVolatile":15: 13
2020-12-19 20:58:10 DEBUG [t1] "TestVolatile":15: 13
2020-12-19 20:58:10 DEBUG [t1] "TestVolatile":15: 13
2020-12-19 20:58:10 DEBUG [t1] "TestVolatile":15: 13
2020-12-19 20:58:10 DEBUG [t1] "TestVolatile":15: 13
2020-12-19 20:58:10 DEBUG [t1] "TestVolatile":15: 13
2020-12-19 20:58:10 DEBUG [t1] "TestVolatile":15: 13
2020-12-19 20:58:10 DEBUG [t1] "TestVolatile":15: 13
2020-12-19 20:58:10 DEBUG [t1] "TestVolatile":15: 13
2020-12-19 20:58:10 DEBUG [t1] "TestVolatile":15: 13
2020-12-19 20:58:10 DEBUG [t1] "TestVolatile":15: 13
2020-12-19 20:58:10 DEBUG [t1] "TestVolatile":15: 13
2020-12-19 20:58:10 DEBUG [t1] "TestVolatile":15: 13
2020-12-19 20:58:10 DEBUG [t1] "TestVolatile":15: 13
2020-12-19 20:58:10 DEBUG [t1] "TestVolatile":15: 13
2020-12-19 20:58:10 DEBUG [t1] "TestVolatile":15: 13
2020-12-19 20:58:10 DEBUG [t1] "TestVolatile":15: 13
2020-12-19 20:58:10 DEBUG [t1] "TestVolatile":15: 13
2020-12-19 20:58:10 DEBUG [t1] "TestVolatile":15: 13
2020-12-19 20:58:10 DEBUG [t1] "TestVolatile":15: 13
2020-12-19 20:58:10 DEBUG [t1] "TestVolatile":15: 13
2020-12-19 20:58:10 DEBUG [t1] "TestVolatile":15: 13
2020-12-19 20:58:10 DEBUG [t1] "TestVolatile":15: 13
2020-12-19 20:58:10 DEBUG [t1] "TestVolatile":15: 13
2020-12-19 20:58:10 DEBUG [t1] "TestVolatile":15: 13
2020-12-19 20:58:10 DEBUG [t1] "TestVolatile":15: 13
2020-12-19 20:58:10 DEBUG [t1] "TestVolatile":15: 13
2020-12-19 20:58:10 DEBUG [t1] "TestVolatile":15: 13
2020-12-19 20:58:10 DEBUG [t1] "TestVolatile":15: 13
2020-12-19 20:58:10 DEBUG [t1] "TestVolatile":15: 13
2020-12-19 20:58:10 DEBUG [t1] "TestVolatile":15: 13
2020-12-19 20:58:10 DEBUG [t1] "TestVolatile":15: 13
2020-12-19 20:58:10 DEBUG [t1] "TestVolatile":15: 13
2020-12-19 20:58:10 DEBUG [t1] "TestVolatile":15: 13
2020-12-19 20:58:10 DEBUG [t1] "TestVolatile":15: 13
2020-12-19 20:58:10 DEBUG [t1] "TestVolatile":15: 13
2020-12-19 20:58:10 DEBUG [t1] "TestVolatile":15: 13
2020-12-19 20:58:10 DEBUG [t1] "TestVolatile":15: 13
2020-12-19 20:58:10 DEBUG [t1] "TestVolatile":15: 13
2020-12-19 20:58:10 DEBUG [t1] "TestVolatile":15: 13
2020-12-19 20:58:10 DEBUG [t1] "TestVolatile":15: 13
2020-12-19 20:58:10 DEBUG [t1] "TestVolatile":15: 13
2020-12-19 20:58:10 DEBUG [t1] "TestVolatile":15: 13
2020-12-19 20:58:10 DEBUG [t1] "TestVolatile":15: 13
2020-12-19 20:58:10 DEBUG [t1] "TestVolatile":15: 13
2020-12-19 20:58:10 DEBUG [t1] "TestVolatile":15: 13
2020-12-19 20:58:10 DEBUG [t1] "TestVolatile":15: 13
2020-12-19 20:58:10 DEBUG [t1] "TestVolatile":15: 13
2020-12-19 20:58:10 DEBUG [t1] "TestVolatile":15: 13
2020-12-19 20:58:10 DEBUG [t1] "TestVolatile":15: 13
2020-12-19 20:58:10 DEBUG [t1] "TestVolatile":15: 13
2020-12-19 20:58:10 DEBUG [t1] "TestVolatile":15: 13
2020-12-19 20:58:10 DEBUG [t1] "TestVolatile":15: 13
2020-12-19 20:58:10 DEBUG [t1] "TestVolatile":15: 13
2020-12-19 20:58:10 DEBUG [t1] "TestVolatile":15: 13
2020-12-19 20:58:10 DEBUG [t1] "TestVolatile":15: 13
2020-12-19 20:58:10 DEBUG [t1] "TestVolatile":15: 13
2020-12-19 20:58:10 DEBUG [t1] "TestVolatile":15: 13
2020-12-19 20:58:10 DEBUG [t1] "TestVolatile":15: 13
2020-12-19 20:58:10 DEBUG [t1] "TestVolatile":15: 13
2020-12-19 20:58:10 DEBUG [t1] "TestVolatile":15: 13
2020-12-19 20:58:10 DEBUG [t1] "TestVolatile":15: 13
2020-12-19 20:58:10 DEBUG [t1] "TestVolatile":15: 13
2020-12-19 20:58:10 DEBUG [t1] "TestVolatile":15: 13
2020-12-19 20:58:10 DEBUG [t1] "TestVolatile":15: 13
2020-12-19 20:58:10 DEBUG [t1] "TestVolatile":15: 13
2020-12-19 20:58:10 DEBUG [t1] "TestVolatile":15: 13
2020-12-19 20:58:10 DEBUG [t1] "TestVolatile":15: 13
2020-12-19 20:58:10 DEBUG [t1] "TestVolatile":15: 13
2020-12-19 20:58:10 DEBUG [t1] "TestVolatile":15: 13
2020-12-19 20:58:10 DEBUG [t1] "TestVolatile":15: 13
2020-12-19 20:58:10 DEBUG [t1] "TestVolatile":15: 13
2020-12-19 20:58:10 DEBUG [t1] "TestVolatile":15: 13
2020-12-19 20:58:10 DEBUG [t1] "TestVolatile":15: 13
2020-12-19 20:58:10 DEBUG [t1] "TestVolatile":15: 13
2020-12-19 20:58:10 DEBUG [t1] "TestVolatile":15: 13
2020-12-19 20:58:10 DEBUG [t1] "TestVolatile":15: 13
2020-12-19 20:58:10 DEBUG [t1] "TestVolatile":15: 13
2020-12-19 20:58:10 DEBUG [t1] "TestVolatile":15: 13
2020-12-19 20:58:10 DEBUG [t1] "TestVolatile":15: 13
2020-12-19 20:58:10 DEBUG [t1] "TestVolatile":15: 13
2020-12-19 20:58:10 DEBUG [t1] "TestVolatile":15: 13
2020-12-19 20:58:10 DEBUG [t1] "TestVolatile":15: 13
2020-12-19 20:58:10 DEBUG [t1] "TestVolatile":15: 13
2020-12-19 20:58:10 DEBUG [t1] "TestVolatile":15: 13
2020-12-19 20:58:10 DEBUG [t1] "TestVolatile":15: 13
2020-12-19 20:58:10 DEBUG [t1] "TestVolatile":15: 13
2020-12-19 20:58:10 DEBUG [t1] "TestVolatile":15: 13
2020-12-19 20:58:10 DEBUG [t1] "TestVolatile":15: 13
2020-12-19 20:58:10 DEBUG [t1] "TestVolatile":15: 13
2020-12-19 20:58:10 DEBUG [t1] "TestVolatile":15: 13
2020-12-19 20:58:10 DEBUG [t1] "TestVolatile":15: 13
2020-12-19 20:58:10 DEBUG [t1] "TestVolatile":15: 13
2020-12-19 20:58:10 DEBUG [t1] "TestVolatile":15: 13
2020-12-19 20:58:10 DEBUG [t1] "TestVolatile":15: 13
2020-12-19 20:58:10 DEBUG [t1] "TestVolatile":15: 13
2020-12-19 20:58:10 DEBUG [t1] "TestVolatile":15: 13
2020-12-19 20:58:10 DEBUG [t1] "TestVolatile":15: 13
2020-12-19 20:58:10 DEBUG [t1] "TestVolatile":15: 13
2020-12-19 20:58:10 DEBUG [t1] "TestVolatile":15: 13
2020-12-19 20:58:10 DEBUG [t1] "TestVolatile":15: 13
2020-12-19 20:58:10 DEBUG [t1] "TestVolatile":15: 13
2020-12-19 20:58:10 DEBUG [t1] "TestVolatile":15: 13
2020-12-19 20:58:10 DEBUG [t1] "TestVolatile":15: 13
2020-12-19 20:58:10 DEBUG [t1] "TestVolatile":15: 13
2020-12-19 20:58:10 DEBUG [t1] "TestVolatile":15: 13
2020-12-19 20:58:10 DEBUG [t1] "TestVolatile":15: 13
2020-12-19 20:58:10 DEBUG [t1] "TestVolatile":15: 13
2020-12-19 20:58:10 DEBUG [t1] "TestVolatile":15: 13
2020-12-19 20:58:10 DEBUG [t1] "TestVolatile":15: 13
2020-12-19 20:58:10 DEBUG [t1] "TestVolatile":15: 13
2020-12-19 20:58:10 DEBUG [t1] "TestVolatile":15: 13
2020-12-19 20:58:10 DEBUG [t1] "TestVolatile":15: 13
2020-12-19 20:58:10 DEBUG [t1] "TestVolatile":15: 13
2020-12-19 20:58:10 DEBUG [t1] "TestVolatile":15: 13
2020-12-19 20:58:10 DEBUG [t1] "TestVolatile":15: 13
2020-12-19 20:58:10 DEBUG [t1] "TestVolatile":15: 13
2020-12-19 20:58:10 DEBUG [t1] "TestVolatile":15: 13
2020-12-19 20:58:10 DEBUG [t1] "TestVolatile":15: 13
2020-12-19 20:58:10 DEBUG [t1] "TestVolatile":15: 13
2020-12-19 20:58:10 DEBUG [t1] "TestVolatile":15: 13
2020-12-19 20:58:10 DEBUG [t1] "TestVolatile":15: 13
2020-12-19 20:58:10 DEBUG [t1] "TestVolatile":15: 13
2020-12-19 20:58:10 DEBUG [t1] "TestVolatile":15: 13
2020-12-19 20:58:10 DEBUG [t1] "TestVolatile":15: 13
2020-12-19 20:58:10 DEBUG [t1] "TestVolatile":15: 13
2020-12-19 20:58:10 DEBUG [t1] "TestVolatile":15: 13
2020-12-19 20:58:10 DEBUG [t1] "TestVolatile":15: 13
2020-12-19 20:58:10 DEBUG [t1] "TestVolatile":15: 13
2020-12-19 20:58:10 DEBUG [t1] "TestVolatile":15: 13
2020-12-19 20:58:10 DEBUG [t1] "TestVolatile":15: 13
2020-12-19 20:58:10 DEBUG [t1] "TestVolatile":15: 13
2020-12-19 20:58:10 DEBUG [t1] "TestVolatile":15: 13
2020-12-19 20:58:10 DEBUG [t1] "TestVolatile":15: 13
2020-12-19 20:58:10 DEBUG [t1] "TestVolatile":15: 13
2020-12-19 20:58:10 DEBUG [t1] "TestVolatile":15: 13
2020-12-19 20:58:10 DEBUG [t1] "TestVolatile":15: 13
2020-12-19 20:58:10 DEBUG [t1] "TestVolatile":15: 13
2020-12-19 20:58:10 DEBUG [t1] "TestVolatile":15: 13
2020-12-19 20:58:10 DEBUG [t1] "TestVolatile":15: 13
2020-12-19 20:58:10 DEBUG [t1] "TestVolatile":15: 13
2020-12-19 20:58:10 DEBUG [t1] "TestVolatile":15: 13
2020-12-19 20:58:10 DEBUG [t1] "TestVolatile":15: 13
2020-12-19 20:58:10 DEBUG [t1] "TestVolatile":15: 13
2020-12-19 20:58:10 DEBUG [t1] "TestVolatile":15: 13
2020-12-19 20:58:10 DEBUG [t1] "TestVolatile":15: 13
2020-12-19 20:58:10 DEBUG [t1] "TestVolatile":15: 13
2020-12-19 20:58:10 DEBUG [t1] "TestVolatile":15: 13
2020-12-19 20:58:10 DEBUG [t1] "TestVolatile":15: 13
2020-12-19 20:58:10 DEBUG [t1] "TestVolatile":15: 13
2020-12-19 20:58:10 DEBUG [t1] "TestVolatile":15: 13
2020-12-19 20:58:10 DEBUG [t1] "TestVolatile":15: 13
2020-12-19 20:58:10 DEBUG [t1] "TestVolatile":15: 13
2020-12-19 20:58:10 DEBUG [t1] "TestVolatile":15: 13
2020-12-19 20:58:10 DEBUG [t1] "TestVolatile":15: 13
2020-12-19 20:58:10 DEBUG [t1] "TestVolatile":15: 13
2020-12-19 20:58:10 DEBUG [t1] "TestVolatile":15: 13
2020-12-19 20:58:10 DEBUG [t1] "TestVolatile":15: 13
2020-12-19 20:58:10 DEBUG [t1] "TestVolatile":15: 13
2020-12-19 20:58:10 DEBUG [t1] "TestVolatile":15: 13
2020-12-19 20:58:10 DEBUG [t1] "TestVolatile":15: 13
2020-12-19 20:58:10 DEBUG [t1] "TestVolatile":15: 13
2020-12-19 20:58:10 DEBUG [t1] "TestVolatile":15: 13
2020-12-19 20:58:10 DEBUG [t1] "TestVolatile":15: 13
2020-12-19 20:58:10 DEBUG [t1] "TestVolatile":15: 13
2020-12-19 20:58:10 DEBUG [t1] "TestVolatile":15: 13
2020-12-19 20:58:10 DEBUG [t1] "TestVolatile":15: 13
2020-12-19 20:58:10 DEBUG [t1] "TestVolatile":15: 13
2020-12-19 20:58:10 DEBUG [t1] "TestVolatile":15: 13
2020-12-19 20:58:10 DEBUG [t1] "TestVolatile":15: 13
2020-12-19 20:58:10 DEBUG [t1] "TestVolatile":15: 13
2020-12-19 20:58:10 DEBUG [t1] "TestVolatile":15: 13
2020-12-19 20:58:10 DEBUG [t1] "TestVolatile":15: 13
2020-12-19 20:58:10 DEBUG [t1] "TestVolatile":15: 13
2020-12-19 20:58:10 DEBUG [t1] "TestVolatile":15: 13
2020-12-19 20:58:10 DEBUG [t1] "TestVolatile":15: 13
2020-12-19 20:58:10 DEBUG [t1] "TestVolatile":15: 13
2020-12-19 20:58:10 DEBUG [t1] "TestVolatile":15: 13
2020-12-19 20:58:10 DEBUG [t1] "TestVolatile":15: 13
2020-12-19 20:58:10 DEBUG [t1] "TestVolatile":15: 13
2020-12-19 20:58:10 DEBUG [t1] "TestVolatile":15: 13
2020-12-19 20:58:10 DEBUG [t1] "TestVolatile":15: 13
2020-12-19 20:58:10 DEBUG [t1] "TestVolatile":15: 13
2020-12-19 20:58:10 DEBUG [t1] "TestVolatile":15: 13
2020-12-19 20:58:10 DEBUG [t1] "TestVolatile":15: 13
2020-12-19 20:58:10 DEBUG [t1] "TestVolatile":15: 13
2020-12-19 20:58:10 DEBUG [t1] "TestVolatile":15: 13
2020-12-19 20:58:10 DEBUG [t1] "TestVolatile":15: 13
2020-12-19 20:58:10 DEBUG [t1] "TestVolatile":15: 13
2020-12-19 20:58:10 DEBUG [t1] "TestVolatile":15: 13
2020-12-19 20:58:10 DEBUG [t1] "TestVolatile":15: 13
2020-12-19 20:58:10 DEBUG [t1] "TestVolatile":15: 13
2020-12-19 20:58:10 DEBUG [t1] "TestVolatile":15: 13
2020-12-19 20:58:10 DEBUG [t1] "TestVolatile":15: 13
2020-12-19 20:58:10 DEBUG [t1] "TestVolatile":15: 13
2020-12-19 20:58:10 DEBUG [t1] "TestVolatile":15: 13
2020-12-19 20:58:10 DEBUG [t1] "TestVolatile":15: 13
2020-12-19 20:58:10 DEBUG [t1] "TestVolatile":15: 13
2020-12-19 20:58:10 DEBUG [t1] "TestVolatile":15: 13
2020-12-19 20:58:10 DEBUG [t1] "TestVolatile":15: 13
2020-12-19 20:58:10 DEBUG [t1] "TestVolatile":15: 13
2020-12-19 20:58:10 DEBUG [t1] "TestVolatile":15: 13
2020-12-19 20:58:10 DEBUG [t1] "TestVolatile":15: 13
2020-12-19 20:58:10 DEBUG [t1] "TestVolatile":15: 13
2020-12-19 20:58:10 DEBUG [t1] "TestVolatile":15: 13
2020-12-19 20:58:10 DEBUG [t1] "TestVolatile":15: 13
2020-12-19 20:58:10 DEBUG [t1] "TestVolatile":15: 13
2020-12-19 20:58:10 DEBUG [t1] "TestVolatile":15: 13
2020-12-19 20:58:10 DEBUG [t1] "TestVolatile":15: 13
2020-12-19 20:58:10 DEBUG [t1] "TestVolatile":15: 13
2020-12-19 20:58:10 DEBUG [t1] "TestVolatile":15: 13
2020-12-19 20:58:10 DEBUG [t1] "TestVolatile":15: 13
2020-12-19 20:58:10 DEBUG [t1] "TestVolatile":15: 13
2020-12-19 20:58:10 DEBUG [t1] "TestVolatile":15: 13
2020-12-19 20:58:10 DEBUG [t1] "TestVolatile":15: 13
2020-12-19 20:58:10 DEBUG [t1] "TestVolatile":15: 13
2020-12-19 20:58:10 DEBUG [t1] "TestVolatile":15: 13
2020-12-19 20:58:10 DEBUG [t1] "TestVolatile":15: 13
2020-12-19 20:58:10 DEBUG [t1] "TestVolatile":15: 13
2020-12-19 20:58:10 DEBUG [t1] "TestVolatile":15: 13
2020-12-19 20:58:10 DEBUG [t1] "TestVolatile":15: 13
2020-12-19 20:58:10 DEBUG [t1] "TestVolatile":15: 13
2020-12-19 20:58:10 DEBUG [t1] "TestVolatile":15: 13
2020-12-19 20:58:10 DEBUG [t1] "TestVolatile":15: 13
2020-12-19 20:58:10 DEBUG [t1] "TestVolatile":15: 13
2020-12-19 20:58:10 DEBUG [t1] "TestVolatile":15: 13
2020-12-19 20:58:10 DEBUG [t1] "TestVolatile":15: 13
2020-12-19 20:58:10 DEBUG [t1] "TestVolatile":15: 13
2020-12-19 20:58:10 DEBUG [t1] "TestVolatile":15: 13
2020-12-19 20:58:10 DEBUG [t1] "TestVolatile":15: 13
2020-12-19 20:58:10 DEBUG [t1] "TestVolatile":15: 13
2020-12-19 20:58:10 DEBUG [t1] "TestVolatile":15: 13
2020-12-19 20:58:10 DEBUG [t1] "TestVolatile":15: 13
2020-12-19 20:58:10 DEBUG [t1] "TestVolatile":15: 13
2020-12-19 20:58:10 DEBUG [t1] "TestVolatile":15: 13
2020-12-19 20:58:10 DEBUG [t1] "TestVolatile":15: 13
2020-12-19 20:58:10 DEBUG [t1] "TestVolatile":15: 13
2020-12-19 20:58:10 DEBUG [t1] "TestVolatile":15: 13
2020-12-19 20:58:10 DEBUG [t1] "TestVolatile":15: 13
2020-12-19 20:58:10 DEBUG [t1] "TestVolatile":15: 13
2020-12-19 20:58:10 DEBUG [t1] "TestVolatile":15: 13
2020-12-19 20:58:10 DEBUG [t1] "TestVolatile":15: 13
2020-12-19 20:58:10 DEBUG [t1] "TestVolatile":15: 13
2020-12-19 20:58:10 DEBUG [t1] "TestVolatile":15: 13
2020-12-19 20:58:10 DEBUG [t1] "TestVolatile":15: 13
2020-12-19 20:58:10 DEBUG [t1] "TestVolatile":15: 13
2020-12-19 20:58:10 DEBUG [t1] "TestVolatile":15: 13
2020-12-19 20:58:10 DEBUG [t1] "TestVolatile":15: 13
2020-12-19 20:58:10 DEBUG [t1] "TestVolatile":15: 13
2020-12-19 20:58:10 DEBUG [t1] "TestVolatile":15: 13
2020-12-19 20:58:10 DEBUG [t1] "TestVolatile":15: 13
2020-12-19 20:58:10 DEBUG [t1] "TestVolatile":15: 13
2020-12-19 20:58:10 DEBUG [t1] "TestVolatile":15: 13
2020-12-19 20:58:10 DEBUG [t1] "TestVolatile":15: 13
2020-12-19 20:58:10 DEBUG [t1] "TestVolatile":15: 13
2020-12-19 20:58:10 DEBUG [t1] "TestVolatile":15: 13
2020-12-19 20:58:10 DEBUG [t1] "TestVolatile":15: 13
2020-12-19 20:58:10 DEBUG [t1] "TestVolatile":15: 13
2020-12-19 20:58:10 DEBUG [t1] "TestVolatile":15: 13
2020-12-19 20:58:10 DEBUG [t1] "TestVolatile":15: 13
2020-12-19 20:58:10 DEBUG [t1] "TestVolatile":15: 13
2020-12-19 20:58:10 DEBUG [t1] "TestVolatile":15: 13
2020-12-19 20:58:10 DEBUG [t1] "TestVolatile":15: 13
2020-12-19 20:58:10 DEBUG [t1] "TestVolatile":15: 13
2020-12-19 20:58:10 DEBUG [t1] "TestVolatile":15: 13
2020-12-19 20:58:10 DEBUG [t1] "TestVolatile":15: 13
2020-12-19 20:58:10 DEBUG [t1] "TestVolatile":15: 13
2020-12-19 20:58:10 DEBUG [t1] "TestVolatile":15: 13
2020-12-19 20:58:10 DEBUG [t1] "TestVolatile":15: 13
2020-12-19 20:58:10 DEBUG [t1] "TestVolatile":15: 13
2020-12-19 20:58:10 DEBUG [t1] "TestVolatile":15: 13
2020-12-19 20:58:10 DEBUG [t1] "TestVolatile":15: 13
2020-12-19 20:58:10 DEBUG [t1] "TestVolatile":15: 13
2020-12-19 20:58:10 DEBUG [t1] "TestVolatile":15: 13
2020-12-19 20:58:10 DEBUG [t1] "TestVolatile":15: 13
2020-12-19 20:58:10 DEBUG [t1] "TestVolatile":15: 13
2020-12-19 20:58:10 DEBUG [t1] "TestVolatile":15: 13
2020-12-19 20:58:10 DEBUG [t1] "TestVolatile":15: 13
2020-12-19 20:58:10 DEBUG [t1] "TestVolatile":15: 13
2020-12-19 20:58:10 DEBUG [t1] "TestVolatile":15: 13
2020-12-19 20:58:10 DEBUG [t1] "TestVolatile":15: 13
2020-12-19 20:58:10 DEBUG [t1] "TestVolatile":15: 13
2020-12-19 20:58:10 DEBUG [t1] "TestVolatile":15: 13
2020-12-19 20:58:10 DEBUG [t1] "TestVolatile":15: 13
2020-12-19 20:58:10 DEBUG [t1] "TestVolatile":15: 13
2020-12-19 20:58:10 DEBUG [t1] "TestVolatile":15: 13
2020-12-19 20:58:10 DEBUG [t1] "TestVolatile":15: 13
2020-12-19 20:58:10 DEBUG [t1] "TestVolatile":15: 13
2020-12-19 20:58:10 DEBUG [t1] "TestVolatile":15: 13
2020-12-19 20:58:10 DEBUG [t1] "TestVolatile":15: 13
2020-12-19 20:58:10 DEBUG [t1] "TestVolatile":15: 13
2020-12-19 20:58:10 DEBUG [t1] "TestVolatile":15: 13
2020-12-19 20:58:10 DEBUG [t1] "TestVolatile":15: 13
2020-12-19 20:58:10 DEBUG [t1] "TestVolatile":15: 13
2020-12-19 20:58:10 DEBUG [t1] "TestVolatile":15: 13
2020-12-19 20:58:10 DEBUG [t1] "TestVolatile":15: 13
2020-12-19 20:58:10 DEBUG [t1] "TestVolatile":15: 13
2020-12-19 20:58:10 DEBUG [t1] "TestVolatile":15: 13
2020-12-19 20:58:10 DEBUG [t1] "TestVolatile":15: 13
2020-12-19 20:58:10 DEBUG [t1] "TestVolatile":15: 13
2020-12-19 20:58:10 DEBUG [t1] "TestVolatile":15: 13
2020-12-19 20:58:10 DEBUG [t1] "TestVolatile":15: 13
2020-12-19 20:58:10 DEBUG [t1] "TestVolatile":15: 13
2020-12-19 20:58:10 DEBUG [t1] "TestVolatile":15: 13
2020-12-19 20:58:10 DEBUG [t1] "TestVolatile":15: 13
2020-12-19 20:58:10 DEBUG [t1] "TestVolatile":15: 13
2020-12-19 20:58:10 DEBUG [t1] "TestVolatile":15: 13
2020-12-19 20:58:10 DEBUG [t1] "TestVolatile":15: 13
2020-12-19 20:58:10 DEBUG [t1] "TestVolatile":15: 13
2020-12-19 20:58:10 DEBUG [t1] "TestVolatile":15: 13
2020-12-19 20:58:10 DEBUG [t1] "TestVolatile":15: 13
2020-12-19 20:58:10 DEBUG [t1] "TestVolatile":15: 13
2020-12-19 20:58:10 DEBUG [t1] "TestVolatile":15: 13
2020-12-19 20:58:10 DEBUG [t1] "TestVolatile":15: 13
2020-12-19 20:58:10 DEBUG [t1] "TestVolatile":15: 13
2020-12-19 20:58:10 DEBUG [t1] "TestVolatile":15: 13
2020-12-19 20:58:10 DEBUG [t1] "TestVolatile":15: 13
2020-12-19 20:58:10 DEBUG [t1] "TestVolatile":15: 13
2020-12-19 20:58:10 DEBUG [t1] "TestVolatile":15: 13
2020-12-19 20:58:10 DEBUG [t1] "TestVolatile":15: 13
2020-12-19 20:58:10 DEBUG [t1] "TestVolatile":15: 13
2020-12-19 20:58:10 DEBUG [t1] "TestVolatile":15: 13
2020-12-19 20:58:10 DEBUG [t1] "TestVolatile":15: 13
2020-12-19 20:58:10 DEBUG [t1] "TestVolatile":15: 13
2020-12-19 20:58:10 DEBUG [t1] "TestVolatile":15: 13
2020-12-19 20:58:10 DEBUG [t1] "TestVolatile":15: 13
2020-12-19 20:58:10 DEBUG [t1] "TestVolatile":15: 13
2020-12-19 20:58:10 DEBUG [t1] "TestVolatile":15: 13
2020-12-19 20:58:10 DEBUG [t1] "TestVolatile":15: 13
2020-12-19 20:58:10 DEBUG [t1] "TestVolatile":15: 13
2020-12-19 20:58:10 DEBUG [t1] "TestVolatile":15: 13
2020-12-19 20:58:10 DEBUG [t1] "TestVolatile":15: 13
2020-12-19 20:58:10 DEBUG [t1] "TestVolatile":15: 13
2020-12-19 20:58:10 DEBUG [t1] "TestVolatile":15: 13
2020-12-19 20:58:10 DEBUG [t1] "TestVolatile":15: 13
2020-12-19 20:58:10 DEBUG [t1] "TestVolatile":15: 13
2020-12-19 20:58:10 DEBUG [t1] "TestVolatile":15: 13
2020-12-19 20:58:10 DEBUG [t1] "TestVolatile":15: 13
2020-12-19 20:58:10 DEBUG [t1] "TestVolatile":15: 13
2020-12-19 20:58:10 DEBUG [t1] "TestVolatile":15: 13
2020-12-19 20:58:10 DEBUG [t1] "TestVolatile":15: 13
2020-12-19 20:58:10 DEBUG [t1] "TestVolatile":15: 13
2020-12-19 20:58:10 DEBUG [t1] "TestVolatile":15: 13
2020-12-19 20:58:10 DEBUG [t1] "TestVolatile":15: 13
2020-12-19 20:58:10 DEBUG [t1] "TestVolatile":15: 13
2020-12-19 20:58:10 DEBUG [t1] "TestVolatile":15: 13
2020-12-19 20:58:10 DEBUG [t1] "TestVolatile":15: 13
2020-12-19 20:58:10 DEBUG [t1] "TestVolatile":15: 13
2020-12-19 20:58:10 DEBUG [t1] "TestVolatile":15: 13
2020-12-19 20:58:10 DEBUG [t1] "TestVolatile":15: 13
2020-12-19 20:58:10 DEBUG [t1] "TestVolatile":15: 13
2020-12-19 20:58:10 DEBUG [t1] "TestVolatile":15: 13
2020-12-19 20:58:10 DEBUG [t1] "TestVolatile":15: 13
2020-12-19 20:58:10 DEBUG [t1] "TestVolatile":15: 13
2020-12-19 20:58:10 DEBUG [t1] "TestVolatile":15: 13
2020-12-19 20:58:10 DEBUG [t1] "TestVolatile":15: 13
2020-12-19 20:58:10 DEBUG [t1] "TestVolatile":15: 13
2020-12-19 20:58:10 DEBUG [t1] "TestVolatile":15: 13
2020-12-19 20:58:10 DEBUG [t1] "TestVolatile":15: 13
2020-12-19 20:58:10 DEBUG [t1] "TestVolatile":15: 13
2020-12-19 20:58:10 DEBUG [t1] "TestVolatile":15: 13
2020-12-19 20:58:10 DEBUG [t1] "TestVolatile":15: 13
2020-12-19 20:58:10 DEBUG [t1] "TestVolatile":15: 13
2020-12-19 20:58:10 DEBUG [t1] "TestVolatile":15: 13
2020-12-19 20:58:10 DEBUG [t1] "TestVolatile":15: 13
2020-12-19 20:58:10 DEBUG [t1] "TestVolatile":15: 13
2020-12-19 20:58:10 DEBUG [t1] "TestVolatile":15: 13
2020-12-19 20:58:10 DEBUG [t1] "TestVolatile":15: 13
2020-12-19 20:58:10 DEBUG [t1] "TestVolatile":15: 13
2020-12-19 20:58:10 DEBUG [t1] "TestVolatile":15: 13
2020-12-19 20:58:10 DEBUG [t1] "TestVolatile":15: 13
2020-12-19 20:58:10 DEBUG [t1] "TestVolatile":15: 13
2020-12-19 20:58:10 DEBUG [t1] "TestVolatile":15: 13
2020-12-19 20:58:10 DEBUG [t1] "TestVolatile":15: 13
2020-12-19 20:58:10 DEBUG [t1] "TestVolatile":15: 13
2020-12-19 20:58:10 DEBUG [t1] "TestVolatile":15: 13
2020-12-19 20:58:10 DEBUG [t1] "TestVolatile":15: 13
2020-12-19 20:58:10 DEBUG [t1] "TestVolatile":15: 13
2020-12-19 20:58:10 DEBUG [t1] "TestVolatile":15: 13
2020-12-19 20:58:10 DEBUG [t1] "TestVolatile":15: 13
2020-12-19 20:58:10 DEBUG [t1] "TestVolatile":15: 13
2020-12-19 20:58:10 DEBUG [t1] "TestVolatile":15: 13
2020-12-19 20:58:10 DEBUG [t1] "TestVolatile":15: 13
2020-12-19 20:58:10 DEBUG [t1] "TestVolatile":15: 13
2020-12-19 20:58:10 DEBUG [t1] "TestVolatile":15: 13
2020-12-19 20:58:10 DEBUG [t1] "TestVolatile":15: 13
2020-12-19 20:58:10 DEBUG [t1] "TestVolatile":15: 13
2020-12-19 20:58:10 DEBUG [t1] "TestVolatile":15: 13
2020-12-19 20:58:10 DEBUG [t1] "TestVolatile":15: 13
2020-12-19 20:58:10 DEBUG [t1] "TestVolatile":15: 13
2020-12-19 20:58:10 DEBUG [t1] "TestVolatile":15: 13
2020-12-19 20:58:10 DEBUG [t1] "TestVolatile":15: 13
2020-12-19 20:58:10 DEBUG [t1] "TestVolatile":15: 13
2020-12-19 20:58:10 DEBUG [t1] "TestVolatile":15: 13
2020-12-19 20:58:10 DEBUG [t1] "TestVolatile":15: 13
2020-12-19 20:58:10 DEBUG [t1] "TestVolatile":15: 13
2020-12-19 20:58:10 DEBUG [t1] "TestVolatile":15: 13
2020-12-19 20:58:10 DEBUG [t1] "TestVolatile":15: 13
2020-12-19 20:58:10 DEBUG [t1] "TestVolatile":15: 13
2020-12-19 20:58:10 DEBUG [t1] "TestVolatile":15: 13
2020-12-19 20:58:10 DEBUG [t1] "TestVolatile":15: 13
2020-12-19 20:58:10 DEBUG [t1] "TestVolatile":15: 13
2020-12-19 20:58:10 DEBUG [t1] "TestVolatile":15: 13
2020-12-19 20:58:10 DEBUG [t1] "TestVolatile":15: 13
2020-12-19 20:58:10 DEBUG [t1] "TestVolatile":15: 13
2020-12-19 20:58:10 DEBUG [t1] "TestVolatile":15: 13
2020-12-19 20:58:10 DEBUG [t1] "TestVolatile":15: 13
2020-12-19 20:58:10 DEBUG [t1] "TestVolatile":15: 13
2020-12-19 20:58:10 DEBUG [t1] "TestVolatile":15: 13
2020-12-19 20:58:10 DEBUG [t1] "TestVolatile":15: 13
2020-12-19 20:58:10 DEBUG [t1] "TestVolatile":15: 13
2020-12-19 20:58:10 DEBUG [t1] "TestVolatile":15: 13
2020-12-19 20:58:10 DEBUG [t1] "TestVolatile":15: 13
2020-12-19 20:58:10 DEBUG [t1] "TestVolatile":15: 13
2020-12-19 20:58:10 DEBUG [t1] "TestVolatile":15: 13
2020-12-19 20:58:10 DEBUG [t1] "TestVolatile":15: 13
2020-12-19 20:58:10 DEBUG [t1] "TestVolatile":15: 13
2020-12-19 20:58:10 DEBUG [t1] "TestVolatile":15: 13
2020-12-19 20:58:10 DEBUG [t1] "TestVolatile":15: 13
2020-12-19 20:58:10 DEBUG [t1] "TestVolatile":15: 13
2020-12-19 20:58:10 DEBUG [t1] "TestVolatile":15: 13
2020-12-19 20:58:10 DEBUG [t1] "TestVolatile":15: 13
2020-12-19 20:58:10 DEBUG [t1] "TestVolatile":15: 13
2020-12-19 20:58:10 DEBUG [t1] "TestVolatile":15: 13
2020-12-19 20:58:10 DEBUG [t1] "TestVolatile":15: 13
2020-12-19 20:58:10 DEBUG [t1] "TestVolatile":15: 13
2020-12-19 20:58:10 DEBUG [t1] "TestVolatile":15: 13
2020-12-19 20:58:10 DEBUG [t1] "TestVolatile":15: 13
2020-12-19 20:58:10 DEBUG [t1] "TestVolatile":15: 13
2020-12-19 20:58:10 DEBUG [t1] "TestVolatile":15: 13
2020-12-19 20:58:10 DEBUG [t1] "TestVolatile":15: 13
2020-12-19 20:58:10 DEBUG [t1] "TestVolatile":15: 13
2020-12-19 20:58:10 DEBUG [t1] "TestVolatile":15: 13
2020-12-19 20:58:10 DEBUG [t1] "TestVolatile":15: 13
2020-12-19 20:58:10 DEBUG [t1] "TestVolatile":15: 13
2020-12-19 20:58:10 DEBUG [t1] "TestVolatile":15: 13
2020-12-19 20:58:10 DEBUG [t1] "TestVolatile":15: 13
2020-12-19 20:58:10 DEBUG [t1] "TestVolatile":15: 13
2020-12-19 20:58:10 DEBUG [t1] "TestVolatile":15: 13
2020-12-19 20:58:10 DEBUG [t1] "TestVolatile":15: 13
2020-12-19 20:58:10 DEBUG [t1] "TestVolatile":15: 13
2020-12-19 20:58:10 DEBUG [t1] "TestVolatile":15: 13
2020-12-19 20:58:10 DEBUG [t1] "TestVolatile":15: 13
2020-12-19 20:58:10 DEBUG [t1] "TestVolatile":15: 13
2020-12-19 20:58:10 DEBUG [t1] "TestVolatile":15: 13
2020-12-19 20:58:10 DEBUG [t1] "TestVolatile":15: 13
2020-12-19 20:58:10 DEBUG [t1] "TestVolatile":15: 13
2020-12-19 20:58:10 DEBUG [t1] "TestVolatile":15: 13
2020-12-19 20:58:10 DEBUG [t1] "TestVolatile":15: 13
2020-12-19 20:58:10 DEBUG [t1] "TestVolatile":15: 13
2020-12-19 20:58:10 DEBUG [t1] "TestVolatile":15: 13
2020-12-19 20:58:10 DEBUG [t1] "TestVolatile":15: 13
2020-12-19 20:58:10 DEBUG [t1] "TestVolatile":15: 13
2020-12-19 20:58:10 DEBUG [t1] "TestVolatile":15: 13
2020-12-19 20:58:10 DEBUG [t1] "TestVolatile":15: 13
2020-12-19 20:58:10 DEBUG [t1] "TestVolatile":15: 13
2020-12-19 20:58:10 DEBUG [t1] "TestVolatile":15: 13
2020-12-19 20:58:10 DEBUG [t1] "TestVolatile":15: 13
2020-12-19 20:58:10 DEBUG [t1] "TestVolatile":15: 13
2020-12-19 20:58:10 DEBUG [t1] "TestVolatile":15: 13
2020-12-19 20:58:10 DEBUG [t1] "TestVolatile":15: 13
2020-12-19 20:58:10 DEBUG [t1] "TestVolatile":15: 13
2020-12-19 20:58:10 DEBUG [t1] "TestVolatile":15: 13
2020-12-19 20:58:10 DEBUG [t1] "TestVolatile":15: 13
2020-12-19 20:58:10 DEBUG [t1] "TestVolatile":15: 13
2020-12-19 20:58:10 DEBUG [t1] "TestVolatile":15: 13
2020-12-19 20:58:10 DEBUG [t1] "TestVolatile":15: 13
2020-12-19 20:58:10 DEBUG [t1] "TestVolatile":15: 13
2020-12-19 20:58:10 DEBUG [t1] "TestVolatile":15: 13
2020-12-19 20:58:10 DEBUG [t1] "TestVolatile":15: 13
2020-12-19 20:58:10 DEBUG [t1] "TestVolatile":15: 13
2020-12-19 20:58:10 DEBUG [t1] "TestVolatile":15: 13
2020-12-19 20:58:10 DEBUG [t1] "TestVolatile":15: 13
2020-12-19 20:58:10 DEBUG [t1] "TestVolatile":15: 13
2020-12-19 20:58:10 DEBUG [t1] "TestVolatile":15: 13
2020-12-19 20:58:10 DEBUG [t1] "TestVolatile":15: 13
2020-12-19 20:58:10 DEBUG [t1] "TestVolatile":15: 13
2020-12-19 20:58:10 DEBUG [t1] "TestVolatile":15: 13
2020-12-19 20:58:10 DEBUG [t1] "TestVolatile":15: 13
2020-12-19 20:58:10 DEBUG [t1] "TestVolatile":15: 13
2020-12-19 20:58:10 DEBUG [t1] "TestVolatile":15: 13
2020-12-19 20:58:10 DEBUG [t1] "TestVolatile":15: 13
2020-12-19 20:58:10 DEBUG [t1] "TestVolatile":15: 13
2020-12-19 20:58:10 DEBUG [t1] "TestVolatile":15: 13
2020-12-19 20:58:10 DEBUG [t1] "TestVolatile":15: 13
2020-12-19 20:58:10 DEBUG [t1] "TestVolatile":15: 13
2020-12-19 20:58:10 DEBUG [t1] "TestVolatile":15: 13
2020-12-19 20:58:10 DEBUG [t1] "TestVolatile":15: 13
2020-12-19 20:58:10 DEBUG [t1] "TestVolatile":15: 13
2020-12-19 20:58:10 DEBUG [t1] "TestVolatile":15: 13
2020-12-19 20:58:10 DEBUG [t1] "TestVolatile":15: 13
2020-12-19 20:58:10 DEBUG [t1] "TestVolatile":15: 13
2020-12-19 20:58:10 DEBUG [t1] "TestVolatile":15: 13
2020-12-19 20:58:10 DEBUG [t1] "TestVolatile":15: 13
2020-12-19 20:58:10 DEBUG [t1] "TestVolatile":15: 13
2020-12-19 20:58:10 DEBUG [t1] "TestVolatile":15: 13
2020-12-19 20:58:10 DEBUG [t1] "TestVolatile":15: 13
2020-12-19 20:58:10 DEBUG [t1] "TestVolatile":15: 13
2020-12-19 20:58:10 DEBUG [t1] "TestVolatile":15: 13
2020-12-19 20:58:10 DEBUG [t1] "TestVolatile":15: 13
2020-12-19 20:58:10 DEBUG [t1] "TestVolatile":15: 13
2020-12-19 20:58:10 DEBUG [t1] "TestVolatile":15: 13
2020-12-19 20:58:10 DEBUG [t1] "TestVolatile":15: 13
2020-12-19 20:58:10 DEBUG [t1] "TestVolatile":15: 13
2020-12-19 20:58:10 DEBUG [t1] "TestVolatile":15: 13
2020-12-19 20:58:10 DEBUG [t1] "TestVolatile":15: 13
2020-12-19 20:58:10 DEBUG [t1] "TestVolatile":15: 13
2020-12-19 20:58:10 DEBUG [t1] "TestVolatile":15: 13
2020-12-19 20:58:10 DEBUG [t1] "TestVolatile":15: 13
2020-12-19 20:58:10 DEBUG [t1] "TestVolatile":15: 13
2020-12-19 20:58:10 DEBUG [t1] "TestVolatile":15: 13
2020-12-19 20:58:10 DEBUG [t1] "TestVolatile":15: 13
2020-12-19 20:58:10 DEBUG [t1] "TestVolatile":15: 13
2020-12-19 20:58:10 DEBUG [t1] "TestVolatile":15: 13
2020-12-19 20:58:10 DEBUG [t1] "TestVolatile":15: 13
2020-12-19 20:58:10 DEBUG [t1] "TestVolatile":15: 13
2020-12-19 20:58:10 DEBUG [t1] "TestVolatile":15: 13
2020-12-19 20:58:10 DEBUG [t1] "TestVolatile":15: 13
2020-12-19 20:58:10 DEBUG [t1] "TestVolatile":15: 13
2020-12-19 20:58:10 DEBUG [t1] "TestVolatile":15: 13
2020-12-19 20:58:10 DEBUG [t1] "TestVolatile":15: 13
2020-12-19 20:58:10 DEBUG [t1] "TestVolatile":15: 13
2020-12-19 20:58:10 DEBUG [t1] "TestVolatile":15: 13
2020-12-19 20:58:10 DEBUG [t1] "TestVolatile":15: 13
2020-12-19 20:58:10 DEBUG [t1] "TestVolatile":15: 13
2020-12-19 20:58:10 DEBUG [t1] "TestVolatile":15: 13
2020-12-19 20:58:10 DEBUG [t1] "TestVolatile":15: 13
2020-12-19 20:58:10 DEBUG [t1] "TestVolatile":15: 13
2020-12-19 20:58:10 DEBUG [t1] "TestVolatile":15: 13
2020-12-19 20:58:10 DEBUG [t1] "TestVolatile":15: 13
2020-12-19 20:58:10 DEBUG [t1] "TestVolatile":15: 13
2020-12-19 20:58:10 DEBUG [t1] "TestVolatile":15: 13
2020-12-19 20:58:10 DEBUG [t1] "TestVolatile":15: 13
2020-12-19 20:58:10 DEBUG [t1] "TestVolatile":15: 13
2020-12-19 20:58:10 DEBUG [t1] "TestVolatile":15: 13
2020-12-19 20:58:10 DEBUG [t1] "TestVolatile":15: 13
2020-12-19 20:58:10 DEBUG [t1] "TestVolatile":15: 13
2020-12-19 20:58:10 DEBUG [t1] "TestVolatile":15: 13
2020-12-19 20:58:10 DEBUG [t1] "TestVolatile":15: 13
2020-12-19 20:58:10 DEBUG [t1] "TestVolatile":15: 13
2020-12-19 20:58:10 DEBUG [t1] "TestVolatile":15: 13
2020-12-19 20:58:10 DEBUG [t1] "TestVolatile":15: 13
2020-12-19 20:58:10 DEBUG [t1] "TestVolatile":15: 13
2020-12-19 20:58:10 DEBUG [t1] "TestVolatile":15: 13
2020-12-19 20:58:10 DEBUG [t1] "TestVolatile":15: 13
2020-12-19 20:58:10 DEBUG [t1] "TestVolatile":15: 13
2020-12-19 20:58:10 DEBUG [t1] "TestVolatile":15: 13
2020-12-19 20:58:10 DEBUG [t1] "TestVolatile":15: 13
2020-12-19 20:58:10 DEBUG [t1] "TestVolatile":15: 13
2020-12-19 20:58:10 DEBUG [t1] "TestVolatile":15: 13
2020-12-19 20:58:10 DEBUG [t1] "TestVolatile":15: 13
2020-12-19 20:58:10 DEBUG [t1] "TestVolatile":15: 13
2020-12-19 20:58:10 DEBUG [t1] "TestVolatile":15: 13
2020-12-19 20:58:10 DEBUG [t1] "TestVolatile":15: 13
2020-12-19 20:58:10 DEBUG [t1] "TestVolatile":15: 13
2020-12-19 20:58:10 DEBUG [t1] "TestVolatile":15: 13
2020-12-19 20:58:10 DEBUG [t1] "TestVolatile":15: 13
2020-12-19 20:58:10 DEBUG [t1] "TestVolatile":15: 13
2020-12-19 20:58:10 DEBUG [t1] "TestVolatile":15: 13
2020-12-19 20:58:10 DEBUG [t1] "TestVolatile":15: 13
2020-12-19 20:58:10 DEBUG [t1] "TestVolatile":15: 13
2020-12-19 20:58:10 DEBUG [t1] "TestVolatile":15: 13
2020-12-19 20:58:10 DEBUG [t1] "TestVolatile":15: 13
2020-12-19 20:58:10 DEBUG [t1] "TestVolatile":15: 13
2020-12-19 20:58:10 DEBUG [t1] "TestVolatile":15: 13
2020-12-19 20:58:10 DEBUG [t1] "TestVolatile":15: 13
2020-12-19 20:58:10 DEBUG [t1] "TestVolatile":15: 13
2020-12-19 20:58:10 DEBUG [t1] "TestVolatile":15: 13
2020-12-19 20:58:10 DEBUG [t1] "TestVolatile":15: 13
2020-12-19 20:58:10 DEBUG [t1] "TestVolatile":15: 13
2020-12-19 20:58:10 DEBUG [t1] "TestVolatile":15: 13
2020-12-19 20:58:10 DEBUG [t1] "TestVolatile":15: 13
2020-12-19 20:58:10 DEBUG [t1] "TestVolatile":15: 13
2020-12-19 20:58:10 DEBUG [t1] "TestVolatile":15: 13
2020-12-19 20:58:10 DEBUG [t1] "TestVolatile":15: 13
2020-12-19 20:58:10 DEBUG [t1] "TestVolatile":15: 13
2020-12-19 20:58:10 DEBUG [t1] "TestVolatile":15: 13
2020-12-19 20:58:10 DEBUG [t1] "TestVolatile":15: 13
2020-12-19 20:58:10 DEBUG [t1] "TestVolatile":15: 13
2020-12-19 20:58:10 DEBUG [t1] "TestVolatile":15: 13
2020-12-19 20:58:10 DEBUG [t1] "TestVolatile":15: 13
2020-12-19 20:58:10 DEBUG [t1] "TestVolatile":15: 13
2020-12-19 20:58:10 DEBUG [t1] "TestVolatile":15: 13
2020-12-19 20:58:10 DEBUG [t1] "TestVolatile":15: 13
2020-12-19 20:58:10 DEBUG [t1] "TestVolatile":15: 13
2020-12-19 20:58:10 DEBUG [t1] "TestVolatile":15: 13
2020-12-19 20:58:10 DEBUG [t1] "TestVolatile":15: 13
2020-12-19 20:58:10 DEBUG [t1] "TestVolatile":15: 13
2020-12-19 20:58:10 DEBUG [t1] "TestVolatile":15: 13
2020-12-19 20:58:10 DEBUG [t1] "TestVolatile":15: 13
2020-12-19 20:58:10 DEBUG [t1] "TestVolatile":15: 13
2020-12-19 20:58:10 DEBUG [t1] "TestVolatile":15: 13
2020-12-19 20:58:10 DEBUG [t1] "TestVolatile":15: 13
2020-12-19 20:58:10 DEBUG [t1] "TestVolatile":15: 13
2020-12-19 20:58:10 DEBUG [t1] "TestVolatile":15: 13
2020-12-19 20:58:10 DEBUG [t1] "TestVolatile":15: 13
2020-12-19 20:58:10 DEBUG [t1] "TestVolatile":15: 13
2020-12-19 20:58:10 DEBUG [t1] "TestVolatile":15: 13
2020-12-19 20:58:10 DEBUG [t1] "TestVolatile":15: 13
2020-12-19 20:58:10 DEBUG [t1] "TestVolatile":15: 13
2020-12-19 20:58:10 DEBUG [t1] "TestVolatile":15: 13
2020-12-19 20:58:10 DEBUG [t1] "TestVolatile":15: 13
2020-12-19 20:58:10 DEBUG [t1] "TestVolatile":15: 13
2020-12-19 20:58:10 DEBUG [t1] "TestVolatile":15: 13
2020-12-19 20:58:10 DEBUG [t1] "TestVolatile":15: 13
2020-12-19 20:58:10 DEBUG [t1] "TestVolatile":15: 13
2020-12-19 20:58:10 DEBUG [t1] "TestVolatile":15: 13
2020-12-19 20:58:10 DEBUG [t1] "TestVolatile":15: 13
2020-12-19 20:58:10 DEBUG [t1] "TestVolatile":15: 13
2020-12-19 20:58:10 DEBUG [t1] "TestVolatile":15: 13
2020-12-19 20:58:10 DEBUG [t1] "TestVolatile":15: 13
2020-12-19 20:58:10 DEBUG [t1] "TestVolatile":15: 13
2020-12-19 20:58:10 DEBUG [t1] "TestVolatile":15: 13
2020-12-19 20:58:10 DEBUG [t1] "TestVolatile":15: 13
2020-12-19 20:58:10 DEBUG [t1] "TestVolatile":15: 13
2020-12-19 20:58:10 DEBUG [t1] "TestVolatile":15: 13
2020-12-19 20:58:10 DEBUG [t1] "TestVolatile":15: 13
2020-12-19 20:58:10 DEBUG [t1] "TestVolatile":15: 13
2020-12-19 20:58:10 DEBUG [t1] "TestVolatile":15: 13
2020-12-19 20:58:10 DEBUG [t1] "TestVolatile":15: 13
2020-12-19 20:58:10 DEBUG [t1] "TestVolatile":15: 13
2020-12-19 20:58:10 DEBUG [t1] "TestVolatile":15: 13
2020-12-19 20:58:10 DEBUG [t1] "TestVolatile":15: 13
2020-12-19 20:58:10 DEBUG [t1] "TestVolatile":15: 13
2020-12-19 20:58:10 DEBUG [t1] "TestVolatile":15: 13
2020-12-19 20:58:10 DEBUG [t1] "TestVolatile":15: 13
2020-12-19 20:58:10 DEBUG [t1] "TestVolatile":15: 13
2020-12-19 20:58:10 DEBUG [t1] "TestVolatile":15: 13
2020-12-19 20:58:10 DEBUG [t1] "TestVolatile":15: 13
2020-12-19 20:58:10 DEBUG [t1] "TestVolatile":15: 13
2020-12-19 20:58:10 DEBUG [t1] "TestVolatile":15: 13
2020-12-19 20:58:10 DEBUG [t1] "TestVolatile":15: 13
2020-12-19 20:58:10 DEBUG [t1] "TestVolatile":15: 13
2020-12-19 20:58:10 DEBUG [t1] "TestVolatile":15: 13
2020-12-19 20:58:10 DEBUG [t1] "TestVolatile":15: 13
2020-12-19 20:58:10 DEBUG [t1] "TestVolatile":15: 13
2020-12-19 20:58:10 DEBUG [t1] "TestVolatile":15: 13
2020-12-19 20:58:10 DEBUG [t1] "TestVolatile":15: 13
2020-12-19 20:58:10 DEBUG [t1] "TestVolatile":15: 13
2020-12-19 20:58:10 DEBUG [t1] "TestVolatile":15: 13
2020-12-19 20:58:10 DEBUG [t1] "TestVolatile":15: 13
2020-12-19 20:58:10 DEBUG [t1] "TestVolatile":15: 13
2020-12-19 20:58:10 DEBUG [t1] "TestVolatile":15: 13
2020-12-19 20:58:10 DEBUG [t1] "TestVolatile":15: 13
2020-12-19 20:58:10 DEBUG [t1] "TestVolatile":15: 13
2020-12-19 20:58:10 DEBUG [t1] "TestVolatile":15: 13
2020-12-19 20:58:10 DEBUG [t1] "TestVolatile":15: 13
2020-12-19 20:58:10 DEBUG [t1] "TestVolatile":15: 13
2020-12-19 20:58:10 DEBUG [t1] "TestVolatile":15: 13
2020-12-19 20:58:10 DEBUG [t1] "TestVolatile":15: 13
2020-12-19 20:58:10 DEBUG [t1] "TestVolatile":15: 13
2020-12-19 20:58:10 DEBUG [t1] "TestVolatile":15: 13
2020-12-19 20:58:10 DEBUG [t1] "TestVolatile":15: 13
2020-12-19 20:58:10 DEBUG [t1] "TestVolatile":15: 13
2020-12-19 20:58:10 DEBUG [t1] "TestVolatile":15: 13
2020-12-19 20:58:10 DEBUG [t1] "TestVolatile":15: 13
2020-12-19 20:58:10 DEBUG [t1] "TestVolatile":15: 13
2020-12-19 20:58:10 DEBUG [t1] "TestVolatile":15: 13
2020-12-19 20:58:10 DEBUG [t1] "TestVolatile":15: 13
2020-12-19 20:58:10 DEBUG [t1] "TestVolatile":15: 13
2020-12-19 20:58:10 DEBUG [t1] "TestVolatile":15: 13
2020-12-19 20:58:10 DEBUG [t1] "TestVolatile":15: 13
2020-12-19 20:58:10 DEBUG [t1] "TestVolatile":15: 13
2020-12-19 20:58:10 DEBUG [t1] "TestVolatile":15: 13
2020-12-19 20:58:10 DEBUG [t1] "TestVolatile":15: 13
2020-12-19 20:58:10 DEBUG [t1] "TestVolatile":15: 13
2020-12-19 20:58:10 DEBUG [t1] "TestVolatile":15: 13
2020-12-19 20:58:10 DEBUG [t1] "TestVolatile":15: 13
2020-12-19 20:58:10 DEBUG [t1] "TestVolatile":15: 13
2020-12-19 20:58:10 DEBUG [t1] "TestVolatile":15: 13
2020-12-19 20:58:10 DEBUG [t1] "TestVolatile":15: 13
2020-12-19 20:58:10 DEBUG [t1] "TestVolatile":15: 13
2020-12-19 20:58:10 DEBUG [t1] "TestVolatile":15: 13
2020-12-19 20:58:10 DEBUG [t1] "TestVolatile":15: 13
2020-12-19 20:58:10 DEBUG [t1] "TestVolatile":15: 13
2020-12-19 20:58:10 DEBUG [t1] "TestVolatile":15: 13
2020-12-19 20:58:10 DEBUG [t1] "TestVolatile":15: 13
2020-12-19 20:58:10 DEBUG [t1] "TestVolatile":15: 13
2020-12-19 20:58:10 DEBUG [t1] "TestVolatile":15: 13
2020-12-19 20:58:10 DEBUG [t1] "TestVolatile":15: 13
2020-12-19 20:58:10 DEBUG [t1] "TestVolatile":15: 13
2020-12-19 20:58:10 DEBUG [t1] "TestVolatile":15: 13
2020-12-19 20:58:10 DEBUG [t1] "TestVolatile":15: 13
2020-12-19 20:58:10 DEBUG [t1] "TestVolatile":15: 13
2020-12-19 20:58:10 DEBUG [t1] "TestVolatile":15: 13
2020-12-19 20:58:10 DEBUG [t1] "TestVolatile":15: 13
2020-12-19 20:58:10 DEBUG [t1] "TestVolatile":15: 13
2020-12-19 20:58:10 DEBUG [t1] "TestVolatile":15: 13
2020-12-19 20:58:10 DEBUG [t1] "TestVolatile":15: 13
2020-12-19 20:58:10 DEBUG [t1] "TestVolatile":15: 13
2020-12-19 20:58:10 DEBUG [t1] "TestVolatile":15: 13
2020-12-19 20:58:10 DEBUG [t1] "TestVolatile":15: 13
2020-12-19 20:58:10 DEBUG [t1] "TestVolatile":15: 13
2020-12-19 20:58:10 DEBUG [t1] "TestVolatile":15: 13
2020-12-19 20:58:10 DEBUG [t1] "TestVolatile":15: 13
2020-12-19 20:58:10 DEBUG [t1] "TestVolatile":15: 13
2020-12-19 20:58:10 DEBUG [t1] "TestVolatile":15: 13
2020-12-19 20:58:10 DEBUG [t1] "TestVolatile":15: 13
2020-12-19 20:58:10 DEBUG [t1] "TestVolatile":15: 13
2020-12-19 20:58:10 DEBUG [t1] "TestVolatile":15: 13
2020-12-19 20:58:10 DEBUG [t1] "TestVolatile":15: 13
2020-12-19 20:58:10 DEBUG [t1] "TestVolatile":15: 13
2020-12-19 20:58:10 DEBUG [t1] "TestVolatile":15: 13
2020-12-19 20:58:10 DEBUG [t1] "TestVolatile":15: 13
2020-12-19 20:58:10 DEBUG [t1] "TestVolatile":15: 13
2020-12-19 20:58:10 DEBUG [t1] "TestVolatile":15: 13
2020-12-19 20:58:10 DEBUG [t1] "TestVolatile":15: 13
2020-12-19 20:58:10 DEBUG [t1] "TestVolatile":15: 13
2020-12-19 20:58:10 DEBUG [t1] "TestVolatile":15: 13
2020-12-19 20:58:10 DEBUG [t1] "TestVolatile":15: 13
2020-12-19 20:58:10 DEBUG [t1] "TestVolatile":15: 13
2020-12-19 20:58:10 DEBUG [t1] "TestVolatile":15: 13
2020-12-19 20:58:10 DEBUG [t1] "TestVolatile":15: 13
2020-12-19 20:58:10 DEBUG [t1] "TestVolatile":15: 13
2020-12-19 20:58:10 DEBUG [t1] "TestVolatile":15: 13
2020-12-19 20:58:10 DEBUG [t1] "TestVolatile":15: 13
2020-12-19 20:58:10 DEBUG [t1] "TestVolatile":15: 13
2020-12-19 20:58:10 DEBUG [t1] "TestVolatile":15: 13
2020-12-19 20:58:10 DEBUG [t1] "TestVolatile":15: 13
2020-12-19 20:58:10 DEBUG [t1] "TestVolatile":15: 13
2020-12-19 20:58:10 DEBUG [t1] "TestVolatile":15: 13
2020-12-19 20:58:10 DEBUG [t1] "TestVolatile":15: 13
2020-12-19 20:58:10 DEBUG [t1] "TestVolatile":15: 13
2020-12-19 20:58:10 DEBUG [t1] "TestVolatile":15: 13
2020-12-19 20:58:10 DEBUG [t1] "TestVolatile":15: 13
2020-12-19 20:58:10 DEBUG [t1] "TestVolatile":15: 13
2020-12-19 20:58:10 DEBUG [t1] "TestVolatile":15: 13
2020-12-19 20:58:10 DEBUG [t1] "TestVolatile":15: 13
2020-12-19 20:58:10 DEBUG [t1] "TestVolatile":15: 13
2020-12-19 20:58:10 DEBUG [t1] "TestVolatile":15: 13
2020-12-19 20:58:10 DEBUG [t1] "TestVolatile":15: 13
2020-12-19 20:58:10 DEBUG [t1] "TestVolatile":15: 13
2020-12-19 20:58:10 DEBUG [t1] "TestVolatile":15: 13
2020-12-19 20:58:10 DEBUG [t1] "TestVolatile":15: 13
2020-12-19 20:58:10 DEBUG [t1] "TestVolatile":15: 13
2020-12-19 20:58:10 DEBUG [t1] "TestVolatile":15: 13
2020-12-19 20:58:10 DEBUG [t1] "TestVolatile":15: 13
2020-12-19 20:58:10 DEBUG [t1] "TestVolatile":15: 13
2020-12-19 20:58:10 DEBUG [t1] "TestVolatile":15: 13
2020-12-19 20:58:10 DEBUG [t1] "TestVolatile":15: 13
2020-12-19 20:58:10 DEBUG [t1] "TestVolatile":15: 13
2020-12-19 20:58:10 DEBUG [t1] "TestVolatile":15: 13
2020-12-19 20:58:10 DEBUG [t1] "TestVolatile":15: 13
2020-12-19 20:58:10 DEBUG [t1] "TestVolatile":15: 13
2020-12-19 20:58:10 DEBUG [t1] "TestVolatile":15: 13
2020-12-19 20:58:10 DEBUG [t1] "TestVolatile":15: 13
2020-12-19 20:58:10 DEBUG [t1] "TestVolatile":15: 13
2020-12-19 20:58:10 DEBUG [t1] "TestVolatile":15: 13
2020-12-19 20:58:10 DEBUG [t1] "TestVolatile":15: 13
2020-12-19 20:58:10 DEBUG [t1] "TestVolatile":15: 13
2020-12-19 20:58:10 DEBUG [t1] "TestVolatile":15: 13
2020-12-19 20:58:10 DEBUG [t1] "TestVolatile":15: 13
2020-12-19 20:58:10 DEBUG [t1] "TestVolatile":15: 13
2020-12-19 20:58:10 DEBUG [t1] "TestVolatile":15: 13
2020-12-19 20:58:10 DEBUG [t1] "TestVolatile":15: 13
2020-12-19 20:58:10 DEBUG [t1] "TestVolatile":15: 13
2020-12-19 20:58:10 DEBUG [t1] "TestVolatile":15: 13
2020-12-19 20:58:10 DEBUG [t1] "TestVolatile":15: 13
2020-12-19 20:58:10 DEBUG [t1] "TestVolatile":15: 13
2020-12-19 20:58:10 DEBUG [t1] "TestVolatile":15: 13
2020-12-19 20:58:10 DEBUG [t1] "TestVolatile":15: 13
2020-12-19 20:58:10 DEBUG [t1] "TestVolatile":15: 13
2020-12-19 20:58:10 DEBUG [t1] "TestVolatile":15: 13
2020-12-19 20:58:10 DEBUG [t1] "TestVolatile":15: 13
2020-12-19 20:58:10 DEBUG [t1] "TestVolatile":15: 13
2020-12-19 20:58:10 DEBUG [t1] "TestVolatile":15: 13
2020-12-19 20:58:10 DEBUG [t1] "TestVolatile":15: 13
2020-12-19 20:58:10 DEBUG [t1] "TestVolatile":15: 13
2020-12-19 20:58:10 DEBUG [t1] "TestVolatile":15: 13
2020-12-19 20:58:10 DEBUG [t1] "TestVolatile":15: 13
2020-12-19 20:58:10 DEBUG [t1] "TestVolatile":15: 13
2020-12-19 20:58:10 DEBUG [t1] "TestVolatile":15: 13
2020-12-19 20:58:10 DEBUG [t1] "TestVolatile":15: 13
2020-12-19 20:58:10 DEBUG [t1] "TestVolatile":15: 13
2020-12-19 20:58:10 DEBUG [t1] "TestVolatile":15: 13
2020-12-19 20:58:10 DEBUG [t1] "TestVolatile":15: 13
2020-12-19 20:58:10 DEBUG [t1] "TestVolatile":15: 13
2020-12-19 20:58:10 DEBUG [t1] "TestVolatile":15: 13
2020-12-19 20:58:10 DEBUG [t1] "TestVolatile":15: 13
2020-12-19 20:58:10 DEBUG [t1] "TestVolatile":15: 13
2020-12-19 20:58:10 DEBUG [t1] "TestVolatile":15: 13
2020-12-19 20:58:10 DEBUG [t1] "TestVolatile":15: 13
2020-12-19 20:58:10 DEBUG [t1] "TestVolatile":15: 13
2020-12-19 20:58:10 DEBUG [t1] "TestVolatile":15: 13
2020-12-19 20:58:10 DEBUG [t1] "TestVolatile":15: 13
2020-12-19 20:58:10 DEBUG [t1] "TestVolatile":15: 13
2020-12-19 20:58:10 DEBUG [t1] "TestVolatile":15: 13
2020-12-19 20:58:10 DEBUG [t1] "TestVolatile":15: 13
2020-12-19 20:58:10 DEBUG [t1] "TestVolatile":15: 13
2020-12-19 20:58:10 DEBUG [t1] "TestVolatile":15: 13
2020-12-19 20:58:10 DEBUG [t1] "TestVolatile":15: 13
2020-12-19 20:58:10 DEBUG [t1] "TestVolatile":15: 13
2020-12-19 20:58:10 DEBUG [t1] "TestVolatile":15: 13
2020-12-19 20:58:10 DEBUG [t1] "TestVolatile":15: 13
2020-12-19 20:58:10 DEBUG [t1] "TestVolatile":15: 13
2020-12-19 20:58:10 DEBUG [t1] "TestVolatile":15: 13
2020-12-19 20:58:10 DEBUG [t1] "TestVolatile":15: 13
2020-12-19 20:58:10 DEBUG [t1] "TestVolatile":15: 13
2020-12-19 20:58:10 DEBUG [t1] "TestVolatile":15: 13
2020-12-19 20:58:10 DEBUG [t1] "TestVolatile":15: 13
2020-12-19 20:58:10 DEBUG [t1] "TestVolatile":15: 13
2020-12-19 20:58:10 DEBUG [t1] "TestVolatile":15: 13
2020-12-19 20:58:10 DEBUG [t1] "TestVolatile":15: 13
2020-12-19 20:58:10 DEBUG [t1] "TestVolatile":15: 13
2020-12-19 20:58:10 DEBUG [t1] "TestVolatile":15: 13
2020-12-19 20:58:10 DEBUG [t1] "TestVolatile":15: 13
2020-12-19 20:58:10 DEBUG [t1] "TestVolatile":15: 13
2020-12-19 20:58:10 DEBUG [t1] "TestVolatile":15: 13
2020-12-19 20:58:10 DEBUG [t1] "TestVolatile":15: 13
2020-12-19 20:58:10 DEBUG [t1] "TestVolatile":15: 13
2020-12-19 20:58:10 DEBUG [t1] "TestVolatile":15: 13
2020-12-19 20:58:10 DEBUG [t1] "TestVolatile":15: 13
2020-12-19 20:58:10 DEBUG [t1] "TestVolatile":15: 13
2020-12-19 20:58:10 DEBUG [t1] "TestVolatile":15: 13
2020-12-19 20:58:10 DEBUG [t1] "TestVolatile":15: 13
2020-12-19 20:58:10 DEBUG [t1] "TestVolatile":15: 13
2020-12-19 20:58:10 DEBUG [t1] "TestVolatile":15: 13
2020-12-19 20:58:10 DEBUG [t1] "TestVolatile":15: 13
2020-12-19 20:58:10 DEBUG [t1] "TestVolatile":15: 13
2020-12-19 20:58:10 DEBUG [t1] "TestVolatile":15: 13
2020-12-19 20:58:10 DEBUG [t1] "TestVolatile":15: 13
2020-12-19 20:58:10 DEBUG [t1] "TestVolatile":15: 13
2020-12-19 20:58:10 DEBUG [t1] "TestVolatile":15: 13
2020-12-19 20:58:10 DEBUG [t1] "TestVolatile":15: 13
2020-12-19 20:58:10 DEBUG [t1] "TestVolatile":15: 13
2020-12-19 20:58:10 DEBUG [t1] "TestVolatile":15: 13
2020-12-19 20:58:10 DEBUG [t1] "TestVolatile":15: 13
2020-12-19 20:58:10 DEBUG [t1] "TestVolatile":15: 13
2020-12-19 20:58:10 DEBUG [t1] "TestVolatile":15: 13
2020-12-19 20:58:10 DEBUG [t1] "TestVolatile":15: 13
2020-12-19 20:58:10 DEBUG [t1] "TestVolatile":15: 13
2020-12-19 20:58:10 DEBUG [t1] "TestVolatile":15: 13
2020-12-19 20:58:10 DEBUG [t1] "TestVolatile":15: 13
2020-12-19 20:58:10 DEBUG [t1] "TestVolatile":15: 13
2020-12-19 20:58:10 DEBUG [t1] "TestVolatile":15: 13
2020-12-19 20:58:10 DEBUG [t1] "TestVolatile":15: 13
2020-12-19 20:58:10 DEBUG [t1] "TestVolatile":15: 13
2020-12-19 20:58:10 DEBUG [t1] "TestVolatile":15: 13
2020-12-19 20:58:10 DEBUG [t1] "TestVolatile":15: 13
2020-12-19 20:58:10 DEBUG [t1] "TestVolatile":15: 13
2020-12-19 20:58:10 DEBUG [t1] "TestVolatile":15: 13
2020-12-19 20:58:10 DEBUG [t1] "TestVolatile":15: 13
2020-12-19 20:58:10 DEBUG [t1] "TestVolatile":15: 13
2020-12-19 20:58:10 DEBUG [t1] "TestVolatile":15: 13
2020-12-19 20:58:10 DEBUG [t1] "TestVolatile":15: 13
2020-12-19 20:58:10 DEBUG [t1] "TestVolatile":15: 13
2020-12-19 20:58:10 DEBUG [t1] "TestVolatile":15: 13
2020-12-19 20:58:10 DEBUG [t1] "TestVolatile":15: 13
2020-12-19 20:58:10 DEBUG [t1] "TestVolatile":15: 13
2020-12-19 20:58:10 DEBUG [t1] "TestVolatile":15: 13
2020-12-19 20:58:10 DEBUG [t1] "TestVolatile":15: 13
2020-12-19 20:58:10 DEBUG [t1] "TestVolatile":15: 13
2020-12-19 20:58:10 DEBUG [t1] "TestVolatile":15: 13
2020-12-19 20:58:10 DEBUG [t1] "TestVolatile":15: 13
2020-12-19 20:58:10 DEBUG [t1] "TestVolatile":15: 13
2020-12-19 20:58:10 DEBUG [t1] "TestVolatile":15: 13
2020-12-19 20:58:10 DEBUG [t1] "TestVolatile":15: 13
2020-12-19 20:58:10 DEBUG [t1] "TestVolatile":15: 13
2020-12-19 20:58:10 DEBUG [t1] "TestVolatile":15: 13
2020-12-19 20:58:10 DEBUG [t1] "TestVolatile":15: 13
2020-12-19 20:58:10 DEBUG [t1] "TestVolatile":15: 13
2020-12-19 20:58:10 DEBUG [t1] "TestVolatile":15: 13
2020-12-19 20:58:10 DEBUG [t1] "TestVolatile":15: 13
2020-12-19 20:58:10 DEBUG [t1] "TestVolatile":15: 13
2020-12-19 20:58:10 DEBUG [t1] "TestVolatile":15: 13
2020-12-19 20:58:10 DEBUG [t1] "TestVolatile":15: 13
2020-12-19 20:58:10 DEBUG [t1] "TestVolatile":15: 13
2020-12-19 20:58:10 DEBUG [t1] "TestVolatile":15: 13
2020-12-19 20:58:10 DEBUG [t1] "TestVolatile":15: 13
2020-12-19 20:58:10 DEBUG [t1] "TestVolatile":15: 13
2020-12-19 20:58:10 DEBUG [t1] "TestVolatile":15: 13
2020-12-19 20:58:10 DEBUG [t1] "TestVolatile":15: 13
2020-12-19 20:58:10 DEBUG [t1] "TestVolatile":15: 13
2020-12-19 20:58:10 DEBUG [t1] "TestVolatile":15: 13
2020-12-19 20:58:10 DEBUG [t1] "TestVolatile":15: 13
2020-12-19 20:58:10 DEBUG [t1] "TestVolatile":15: 13
2020-12-19 20:58:10 DEBUG [t1] "TestVolatile":15: 13
2020-12-19 20:58:10 DEBUG [t1] "TestVolatile":15: 13
2020-12-19 20:58:10 DEBUG [t1] "TestVolatile":15: 13
2020-12-19 20:58:10 DEBUG [t1] "TestVolatile":15: 13
2020-12-19 20:58:10 DEBUG [t1] "TestVolatile":15: 13
2020-12-19 20:58:10 DEBUG [t1] "TestVolatile":15: 13
2020-12-19 20:58:10 DEBUG [t1] "TestVolatile":15: 13
2020-12-19 20:58:10 DEBUG [t1] "TestVolatile":15: 13
2020-12-19 20:58:10 DEBUG [t1] "TestVolatile":15: 13
2020-12-19 20:58:10 DEBUG [t1] "TestVolatile":15: 13
2020-12-19 20:58:10 DEBUG [t1] "TestVolatile":15: 13
2020-12-19 20:58:10 DEBUG [t1] "TestVolatile":15: 13
2020-12-19 20:58:10 DEBUG [t1] "TestVolatile":15: 13
2020-12-19 20:58:10 DEBUG [t1] "TestVolatile":15: 13
2020-12-19 20:58:10 DEBUG [t1] "TestVolatile":15: 13
2020-12-19 20:58:10 DEBUG [t1] "TestVolatile":15: 13
2020-12-19 20:58:10 DEBUG [t1] "TestVolatile":15: 13
2020-12-19 20:58:10 DEBUG [t1] "TestVolatile":15: 13
2020-12-19 20:58:10 DEBUG [t1] "TestVolatile":15: 13
2020-12-19 20:58:10 DEBUG [t1] "TestVolatile":15: 13
2020-12-19 20:58:10 DEBUG [t1] "TestVolatile":15: 13
2020-12-19 20:58:10 DEBUG [t1] "TestVolatile":15: 13
2020-12-19 20:58:10 DEBUG [t1] "TestVolatile":15: 13
2020-12-19 20:58:10 DEBUG [t1] "TestVolatile":15: 13
2020-12-19 20:58:10 DEBUG [t1] "TestVolatile":15: 13
2020-12-19 20:58:10 DEBUG [t1] "TestVolatile":15: 13
2020-12-19 20:58:10 DEBUG [t1] "TestVolatile":15: 13
2020-12-19 20:58:10 DEBUG [t1] "TestVolatile":15: 13
2020-12-19 20:58:10 DEBUG [t1] "TestVolatile":15: 13
2020-12-19 20:58:10 DEBUG [t1] "TestVolatile":15: 13
2020-12-19 20:58:10 DEBUG [t1] "TestVolatile":15: 13
2020-12-19 20:58:10 DEBUG [t1] "TestVolatile":15: 13
2020-12-19 20:58:10 DEBUG [t1] "TestVolatile":15: 13
2020-12-19 20:58:10 DEBUG [t1] "TestVolatile":15: 13
2020-12-19 20:58:10 DEBUG [t1] "TestVolatile":15: 13
2020-12-19 20:58:10 DEBUG [t1] "TestVolatile":15: 13
2020-12-19 20:58:10 DEBUG [t1] "TestVolatile":15: 13
2020-12-19 20:58:10 DEBUG [t1] "TestVolatile":15: 13
2020-12-19 20:58:10 DEBUG [t1] "TestVolatile":15: 13
2020-12-19 20:58:10 DEBUG [t1] "TestVolatile":15: 13
2020-12-19 20:58:10 DEBUG [t1] "TestVolatile":15: 13
2020-12-19 20:58:10 DEBUG [t1] "TestVolatile":15: 13
2020-12-19 20:58:10 DEBUG [t1] "TestVolatile":15: 13
2020-12-19 20:58:10 DEBUG [t1] "TestVolatile":15: 13
2020-12-19 20:58:10 DEBUG [t1] "TestVolatile":15: 13
2020-12-19 20:58:10 DEBUG [t1] "TestVolatile":15: 13
2020-12-19 20:58:10 DEBUG [t1] "TestVolatile":15: 13
2020-12-19 20:58:10 DEBUG [t1] "TestVolatile":15: 13
2020-12-19 20:58:10 DEBUG [t1] "TestVolatile":15: 13
2020-12-19 20:58:10 DEBUG [t1] "TestVolatile":15: 13
2020-12-19 20:58:10 DEBUG [t1] "TestVolatile":15: 13
2020-12-19 20:58:10 DEBUG [t1] "TestVolatile":15: 13
2020-12-19 20:58:10 DEBUG [t1] "TestVolatile":15: 13
2020-12-19 20:58:10 DEBUG [t1] "TestVolatile":15: 13
2020-12-19 20:58:10 DEBUG [t1] "TestVolatile":15: 13
2020-12-19 20:58:10 DEBUG [t1] "TestVolatile":15: 13
2020-12-19 20:58:10 DEBUG [t1] "TestVolatile":15: 13
2020-12-19 20:58:10 DEBUG [t1] "TestVolatile":15: 13
2020-12-19 20:58:10 DEBUG [t1] "TestVolatile":15: 13
2020-12-19 20:58:10 DEBUG [t1] "TestVolatile":15: 13
2020-12-19 20:58:10 DEBUG [t1] "TestVolatile":15: 13
2020-12-19 20:58:10 DEBUG [t1] "TestVolatile":15: 13
2020-12-19 20:58:10 DEBUG [t1] "TestVolatile":15: 13
2020-12-19 20:58:10 DEBUG [t1] "TestVolatile":15: 13
2020-12-19 20:58:10 DEBUG [t1] "TestVolatile":15: 13
2020-12-19 20:58:10 DEBUG [t1] "TestVolatile":15: 13
2020-12-19 20:58:10 DEBUG [t1] "TestVolatile":15: 13
2020-12-19 20:58:10 DEBUG [t1] "TestVolatile":15: 13
2020-12-19 20:58:10 DEBUG [t1] "TestVolatile":15: 13
2020-12-19 20:58:10 DEBUG [t1] "TestVolatile":15: 13
2020-12-19 20:58:10 DEBUG [t1] "TestVolatile":15: 13
2020-12-19 20:58:10 DEBUG [t1] "TestVolatile":15: 13
2020-12-19 20:58:10 DEBUG [t1] "TestVolatile":15: 13
2020-12-19 20:58:10 DEBUG [t1] "TestVolatile":15: 13
2020-12-19 20:58:10 DEBUG [t1] "TestVolatile":15: 13
2020-12-19 20:58:10 DEBUG [t1] "TestVolatile":15: 13
2020-12-19 20:58:10 DEBUG [t1] "TestVolatile":15: 13
2020-12-19 20:58:10 DEBUG [t1] "TestVolatile":15: 13
2020-12-19 20:58:10 DEBUG [t1] "TestVolatile":15: 13
2020-12-19 20:58:10 DEBUG [t1] "TestVolatile":15: 13
2020-12-19 20:58:10 DEBUG [t1] "TestVolatile":15: 13
2020-12-19 20:58:10 DEBUG [t1] "TestVolatile":15: 13
2020-12-19 20:58:10 DEBUG [t1] "TestVolatile":15: 13
2020-12-19 20:58:10 DEBUG [t1] "TestVolatile":15: 13
2020-12-19 20:58:10 DEBUG [t1] "TestVolatile":15: 13
2020-12-19 20:58:10 DEBUG [t1] "TestVolatile":15: 13
2020-12-25 11:10:55 DEBUG [生产者2] "MessageQueue":56: 已经生产消息Message{id=2, val=值2}
2020-12-25 11:10:55 DEBUG [生产者0] "MessageQueue":56: 已经生产消息Message{id=0, val=值0}
2020-12-25 11:10:55 DEBUG [生产者1] "MessageQueue":47: 队列满了，生产者线程等待
2020-12-25 11:10:56 DEBUG [消费者] "MessageQueue":37: 已经消费消息Message{id=2, val=值2}
2020-12-25 11:10:56 DEBUG [生产者1] "MessageQueue":56: 已经生产消息Message{id=1, val=值1}
2020-12-25 11:10:57 DEBUG [消费者] "MessageQueue":37: 已经消费消息Message{id=0, val=值0}
2020-12-25 11:10:58 DEBUG [消费者] "MessageQueue":37: 已经消费消息Message{id=1, val=值1}
2020-12-25 11:10:59 DEBUG [消费者] "MessageQueue":30: 队列为空，消费者线程等待
2020-12-25 11:13:17 DEBUG [生产者2] "MessageQueue":56: 已经生产消息Message{id=2, val=值2}
2020-12-25 11:13:17 DEBUG [生产者98] "MessageQueue":56: 已经生产消息Message{id=98, val=值98}
2020-12-25 11:13:17 DEBUG [生产者96] "MessageQueue":47: 队列满了，生产者线程等待
2020-12-25 11:13:17 DEBUG [生产者90] "MessageQueue":47: 队列满了，生产者线程等待
2020-12-25 11:13:17 DEBUG [生产者94] "MessageQueue":47: 队列满了，生产者线程等待
2020-12-25 11:13:17 DEBUG [生产者92] "MessageQueue":47: 队列满了，生产者线程等待
2020-12-25 11:13:17 DEBUG [生产者88] "MessageQueue":47: 队列满了，生产者线程等待
2020-12-25 11:13:17 DEBUG [生产者84] "MessageQueue":47: 队列满了，生产者线程等待
2020-12-25 11:13:17 DEBUG [生产者86] "MessageQueue":47: 队列满了，生产者线程等待
2020-12-25 11:13:17 DEBUG [生产者82] "MessageQueue":47: 队列满了，生产者线程等待
2020-12-25 11:13:17 DEBUG [生产者80] "MessageQueue":47: 队列满了，生产者线程等待
2020-12-25 11:13:17 DEBUG [生产者78] "MessageQueue":47: 队列满了，生产者线程等待
2020-12-25 11:13:17 DEBUG [生产者76] "MessageQueue":47: 队列满了，生产者线程等待
2020-12-25 11:13:17 DEBUG [生产者74] "MessageQueue":47: 队列满了，生产者线程等待
2020-12-25 11:13:17 DEBUG [生产者72] "MessageQueue":47: 队列满了，生产者线程等待
2020-12-25 11:13:17 DEBUG [生产者68] "MessageQueue":47: 队列满了，生产者线程等待
2020-12-25 11:13:17 DEBUG [生产者70] "MessageQueue":47: 队列满了，生产者线程等待
2020-12-25 11:13:17 DEBUG [生产者66] "MessageQueue":47: 队列满了，生产者线程等待
2020-12-25 11:13:17 DEBUG [生产者64] "MessageQueue":47: 队列满了，生产者线程等待
2020-12-25 11:13:17 DEBUG [生产者62] "MessageQueue":47: 队列满了，生产者线程等待
2020-12-25 11:13:17 DEBUG [生产者60] "MessageQueue":47: 队列满了，生产者线程等待
2020-12-25 11:13:17 DEBUG [生产者58] "MessageQueue":47: 队列满了，生产者线程等待
2020-12-25 11:13:17 DEBUG [生产者56] "MessageQueue":47: 队列满了，生产者线程等待
2020-12-25 11:13:17 DEBUG [生产者54] "MessageQueue":47: 队列满了，生产者线程等待
2020-12-25 11:13:17 DEBUG [生产者52] "MessageQueue":47: 队列满了，生产者线程等待
2020-12-25 11:13:17 DEBUG [生产者48] "MessageQueue":47: 队列满了，生产者线程等待
2020-12-25 11:13:17 DEBUG [生产者50] "MessageQueue":47: 队列满了，生产者线程等待
2020-12-25 11:13:17 DEBUG [生产者46] "MessageQueue":47: 队列满了，生产者线程等待
2020-12-25 11:13:17 DEBUG [生产者44] "MessageQueue":47: 队列满了，生产者线程等待
2020-12-25 11:13:17 DEBUG [生产者42] "MessageQueue":47: 队列满了，生产者线程等待
2020-12-25 11:13:17 DEBUG [生产者40] "MessageQueue":47: 队列满了，生产者线程等待
2020-12-25 11:13:17 DEBUG [生产者36] "MessageQueue":47: 队列满了，生产者线程等待
2020-12-25 11:13:17 DEBUG [生产者38] "MessageQueue":47: 队列满了，生产者线程等待
2020-12-25 11:13:17 DEBUG [生产者34] "MessageQueue":47: 队列满了，生产者线程等待
2020-12-25 11:13:17 DEBUG [生产者32] "MessageQueue":47: 队列满了，生产者线程等待
2020-12-25 11:13:17 DEBUG [生产者30] "MessageQueue":47: 队列满了，生产者线程等待
2020-12-25 11:13:17 DEBUG [生产者28] "MessageQueue":47: 队列满了，生产者线程等待
2020-12-25 11:13:17 DEBUG [生产者18] "MessageQueue":47: 队列满了，生产者线程等待
2020-12-25 11:13:17 DEBUG [生产者26] "MessageQueue":47: 队列满了，生产者线程等待
2020-12-25 11:13:17 DEBUG [生产者20] "MessageQueue":47: 队列满了，生产者线程等待
2020-12-25 11:13:17 DEBUG [生产者24] "MessageQueue":47: 队列满了，生产者线程等待
2020-12-25 11:13:17 DEBUG [生产者22] "MessageQueue":47: 队列满了，生产者线程等待
2020-12-25 11:13:17 DEBUG [生产者8] "MessageQueue":47: 队列满了，生产者线程等待
2020-12-25 11:13:17 DEBUG [生产者16] "MessageQueue":47: 队列满了，生产者线程等待
2020-12-25 11:13:17 DEBUG [生产者4] "MessageQueue":47: 队列满了，生产者线程等待
2020-12-25 11:13:17 DEBUG [生产者10] "MessageQueue":47: 队列满了，生产者线程等待
2020-12-25 11:13:17 DEBUG [生产者14] "MessageQueue":47: 队列满了，生产者线程等待
2020-12-25 11:13:17 DEBUG [生产者12] "MessageQueue":47: 队列满了，生产者线程等待
2020-12-25 11:13:17 DEBUG [生产者6] "MessageQueue":47: 队列满了，生产者线程等待
2020-12-25 11:13:17 DEBUG [生产者0] "MessageQueue":47: 队列满了，生产者线程等待
2020-12-25 11:13:18 DEBUG [消费者] "MessageQueue":37: 已经消费消息Message{id=2, val=值2}
2020-12-25 11:13:18 DEBUG [生产者96] "MessageQueue":56: 已经生产消息Message{id=96, val=值96}
2020-12-25 11:13:18 DEBUG [生产者0] "MessageQueue":47: 队列满了，生产者线程等待
2020-12-25 11:13:18 DEBUG [生产者6] "MessageQueue":47: 队列满了，生产者线程等待
2020-12-25 11:13:18 DEBUG [生产者12] "MessageQueue":47: 队列满了，生产者线程等待
2020-12-25 11:13:18 DEBUG [生产者14] "MessageQueue":47: 队列满了，生产者线程等待
2020-12-25 11:13:18 DEBUG [生产者10] "MessageQueue":47: 队列满了，生产者线程等待
2020-12-25 11:13:18 DEBUG [生产者4] "MessageQueue":47: 队列满了，生产者线程等待
2020-12-25 11:13:18 DEBUG [生产者16] "MessageQueue":47: 队列满了，生产者线程等待
2020-12-25 11:13:18 DEBUG [生产者8] "MessageQueue":47: 队列满了，生产者线程等待
2020-12-25 11:13:18 DEBUG [生产者22] "MessageQueue":47: 队列满了，生产者线程等待
2020-12-25 11:13:18 DEBUG [生产者24] "MessageQueue":47: 队列满了，生产者线程等待
2020-12-25 11:13:18 DEBUG [生产者20] "MessageQueue":47: 队列满了，生产者线程等待
2020-12-25 11:13:18 DEBUG [生产者26] "MessageQueue":47: 队列满了，生产者线程等待
2020-12-25 11:13:18 DEBUG [生产者18] "MessageQueue":47: 队列满了，生产者线程等待
2020-12-25 11:13:18 DEBUG [生产者28] "MessageQueue":47: 队列满了，生产者线程等待
2020-12-25 11:13:18 DEBUG [生产者30] "MessageQueue":47: 队列满了，生产者线程等待
2020-12-25 11:13:18 DEBUG [生产者32] "MessageQueue":47: 队列满了，生产者线程等待
2020-12-25 11:13:18 DEBUG [生产者34] "MessageQueue":47: 队列满了，生产者线程等待
2020-12-25 11:13:18 DEBUG [生产者38] "MessageQueue":47: 队列满了，生产者线程等待
2020-12-25 11:13:18 DEBUG [生产者36] "MessageQueue":47: 队列满了，生产者线程等待
2020-12-25 11:13:18 DEBUG [生产者40] "MessageQueue":47: 队列满了，生产者线程等待
2020-12-25 11:13:18 DEBUG [生产者42] "MessageQueue":47: 队列满了，生产者线程等待
2020-12-25 11:13:18 DEBUG [生产者44] "MessageQueue":47: 队列满了，生产者线程等待
2020-12-25 11:13:18 DEBUG [生产者46] "MessageQueue":47: 队列满了，生产者线程等待
2020-12-25 11:13:18 DEBUG [生产者50] "MessageQueue":47: 队列满了，生产者线程等待
2020-12-25 11:13:18 DEBUG [生产者48] "MessageQueue":47: 队列满了，生产者线程等待
2020-12-25 11:13:18 DEBUG [生产者52] "MessageQueue":47: 队列满了，生产者线程等待
2020-12-25 11:13:18 DEBUG [生产者54] "MessageQueue":47: 队列满了，生产者线程等待
2020-12-25 11:13:18 DEBUG [生产者56] "MessageQueue":47: 队列满了，生产者线程等待
2020-12-25 11:13:18 DEBUG [生产者58] "MessageQueue":47: 队列满了，生产者线程等待
2020-12-25 11:13:18 DEBUG [生产者60] "MessageQueue":47: 队列满了，生产者线程等待
2020-12-25 11:13:18 DEBUG [生产者62] "MessageQueue":47: 队列满了，生产者线程等待
2020-12-25 11:13:18 DEBUG [生产者64] "MessageQueue":47: 队列满了，生产者线程等待
2020-12-25 11:13:18 DEBUG [生产者66] "MessageQueue":47: 队列满了，生产者线程等待
2020-12-25 11:13:18 DEBUG [生产者70] "MessageQueue":47: 队列满了，生产者线程等待
2020-12-25 11:13:18 DEBUG [生产者68] "MessageQueue":47: 队列满了，生产者线程等待
2020-12-25 11:13:18 DEBUG [生产者72] "MessageQueue":47: 队列满了，生产者线程等待
2020-12-25 11:13:18 DEBUG [生产者74] "MessageQueue":47: 队列满了，生产者线程等待
2020-12-25 11:13:18 DEBUG [生产者76] "MessageQueue":47: 队列满了，生产者线程等待
2020-12-25 11:13:18 DEBUG [生产者78] "MessageQueue":47: 队列满了，生产者线程等待
2020-12-25 11:13:18 DEBUG [生产者80] "MessageQueue":47: 队列满了，生产者线程等待
2020-12-25 11:13:18 DEBUG [生产者82] "MessageQueue":47: 队列满了，生产者线程等待
2020-12-25 11:13:18 DEBUG [生产者86] "MessageQueue":47: 队列满了，生产者线程等待
2020-12-25 11:13:18 DEBUG [生产者84] "MessageQueue":47: 队列满了，生产者线程等待
2020-12-25 11:13:18 DEBUG [生产者88] "MessageQueue":47: 队列满了，生产者线程等待
2020-12-25 11:13:18 DEBUG [生产者92] "MessageQueue":47: 队列满了，生产者线程等待
2020-12-25 11:13:18 DEBUG [生产者94] "MessageQueue":47: 队列满了，生产者线程等待
2020-12-25 11:13:18 DEBUG [生产者90] "MessageQueue":47: 队列满了，生产者线程等待
2020-12-25 11:13:19 DEBUG [消费者] "MessageQueue":37: 已经消费消息Message{id=98, val=值98}
2020-12-25 11:13:19 DEBUG [生产者0] "MessageQueue":56: 已经生产消息Message{id=0, val=值0}
2020-12-25 11:13:19 DEBUG [生产者90] "MessageQueue":47: 队列满了，生产者线程等待
2020-12-25 11:13:19 DEBUG [生产者94] "MessageQueue":47: 队列满了，生产者线程等待
2020-12-25 11:13:19 DEBUG [生产者92] "MessageQueue":47: 队列满了，生产者线程等待
2020-12-25 11:13:19 DEBUG [生产者88] "MessageQueue":47: 队列满了，生产者线程等待
2020-12-25 11:13:19 DEBUG [生产者84] "MessageQueue":47: 队列满了，生产者线程等待
2020-12-25 11:13:19 DEBUG [生产者86] "MessageQueue":47: 队列满了，生产者线程等待
2020-12-25 11:13:19 DEBUG [生产者82] "MessageQueue":47: 队列满了，生产者线程等待
2020-12-25 11:13:19 DEBUG [生产者80] "MessageQueue":47: 队列满了，生产者线程等待
2020-12-25 11:13:19 DEBUG [生产者78] "MessageQueue":47: 队列满了，生产者线程等待
2020-12-25 11:13:19 DEBUG [生产者76] "MessageQueue":47: 队列满了，生产者线程等待
2020-12-25 11:13:19 DEBUG [生产者74] "MessageQueue":47: 队列满了，生产者线程等待
2020-12-25 11:13:19 DEBUG [生产者72] "MessageQueue":47: 队列满了，生产者线程等待
2020-12-25 11:13:19 DEBUG [生产者68] "MessageQueue":47: 队列满了，生产者线程等待
2020-12-25 11:13:19 DEBUG [生产者70] "MessageQueue":47: 队列满了，生产者线程等待
2020-12-25 11:13:19 DEBUG [生产者66] "MessageQueue":47: 队列满了，生产者线程等待
2020-12-25 11:13:19 DEBUG [生产者64] "MessageQueue":47: 队列满了，生产者线程等待
2020-12-25 11:13:19 DEBUG [生产者62] "MessageQueue":47: 队列满了，生产者线程等待
2020-12-25 11:13:19 DEBUG [生产者60] "MessageQueue":47: 队列满了，生产者线程等待
2020-12-25 11:13:19 DEBUG [生产者58] "MessageQueue":47: 队列满了，生产者线程等待
2020-12-25 11:13:19 DEBUG [生产者56] "MessageQueue":47: 队列满了，生产者线程等待
2020-12-25 11:13:19 DEBUG [生产者54] "MessageQueue":47: 队列满了，生产者线程等待
2020-12-25 11:13:19 DEBUG [生产者52] "MessageQueue":47: 队列满了，生产者线程等待
2020-12-25 11:13:19 DEBUG [生产者48] "MessageQueue":47: 队列满了，生产者线程等待
2020-12-25 11:13:19 DEBUG [生产者50] "MessageQueue":47: 队列满了，生产者线程等待
2020-12-25 11:13:19 DEBUG [生产者46] "MessageQueue":47: 队列满了，生产者线程等待
2020-12-25 11:13:19 DEBUG [生产者44] "MessageQueue":47: 队列满了，生产者线程等待
2020-12-25 11:13:19 DEBUG [生产者42] "MessageQueue":47: 队列满了，生产者线程等待
2020-12-25 11:13:19 DEBUG [生产者40] "MessageQueue":47: 队列满了，生产者线程等待
2020-12-25 11:13:19 DEBUG [生产者36] "MessageQueue":47: 队列满了，生产者线程等待
2020-12-25 11:13:19 DEBUG [生产者38] "MessageQueue":47: 队列满了，生产者线程等待
2020-12-25 11:13:19 DEBUG [生产者34] "MessageQueue":47: 队列满了，生产者线程等待
2020-12-25 11:13:19 DEBUG [生产者32] "MessageQueue":47: 队列满了，生产者线程等待
2020-12-25 11:13:19 DEBUG [生产者30] "MessageQueue":47: 队列满了，生产者线程等待
2020-12-25 11:13:19 DEBUG [生产者28] "MessageQueue":47: 队列满了，生产者线程等待
2020-12-25 11:13:19 DEBUG [生产者18] "MessageQueue":47: 队列满了，生产者线程等待
2020-12-25 11:13:19 DEBUG [生产者26] "MessageQueue":47: 队列满了，生产者线程等待
2020-12-25 11:13:19 DEBUG [生产者20] "MessageQueue":47: 队列满了，生产者线程等待
2020-12-25 11:13:19 DEBUG [生产者24] "MessageQueue":47: 队列满了，生产者线程等待
2020-12-25 11:13:19 DEBUG [生产者22] "MessageQueue":47: 队列满了，生产者线程等待
2020-12-25 11:13:19 DEBUG [生产者8] "MessageQueue":47: 队列满了，生产者线程等待
2020-12-25 11:13:19 DEBUG [生产者16] "MessageQueue":47: 队列满了，生产者线程等待
2020-12-25 11:13:19 DEBUG [生产者4] "MessageQueue":47: 队列满了，生产者线程等待
2020-12-25 11:13:19 DEBUG [生产者10] "MessageQueue":47: 队列满了，生产者线程等待
2020-12-25 11:13:19 DEBUG [生产者14] "MessageQueue":47: 队列满了，生产者线程等待
2020-12-25 11:13:19 DEBUG [生产者12] "MessageQueue":47: 队列满了，生产者线程等待
2020-12-25 11:13:19 DEBUG [生产者6] "MessageQueue":47: 队列满了，生产者线程等待
2020-12-25 11:13:20 DEBUG [消费者] "MessageQueue":37: 已经消费消息Message{id=96, val=值96}
2020-12-25 11:13:20 DEBUG [生产者90] "MessageQueue":56: 已经生产消息Message{id=90, val=值90}
2020-12-25 11:13:20 DEBUG [生产者6] "MessageQueue":47: 队列满了，生产者线程等待
2020-12-25 11:13:20 DEBUG [生产者12] "MessageQueue":47: 队列满了，生产者线程等待
2020-12-25 11:13:20 DEBUG [生产者14] "MessageQueue":47: 队列满了，生产者线程等待
2020-12-25 11:13:20 DEBUG [生产者10] "MessageQueue":47: 队列满了，生产者线程等待
2020-12-25 11:13:20 DEBUG [生产者4] "MessageQueue":47: 队列满了，生产者线程等待
2020-12-25 11:13:20 DEBUG [生产者16] "MessageQueue":47: 队列满了，生产者线程等待
2020-12-25 11:13:20 DEBUG [生产者8] "MessageQueue":47: 队列满了，生产者线程等待
2020-12-25 11:13:20 DEBUG [生产者22] "MessageQueue":47: 队列满了，生产者线程等待
2020-12-25 11:13:20 DEBUG [生产者24] "MessageQueue":47: 队列满了，生产者线程等待
2020-12-25 11:13:20 DEBUG [生产者20] "MessageQueue":47: 队列满了，生产者线程等待
2020-12-25 11:13:20 DEBUG [生产者26] "MessageQueue":47: 队列满了，生产者线程等待
2020-12-25 11:13:20 DEBUG [生产者18] "MessageQueue":47: 队列满了，生产者线程等待
2020-12-25 11:13:20 DEBUG [生产者28] "MessageQueue":47: 队列满了，生产者线程等待
2020-12-25 11:13:20 DEBUG [生产者30] "MessageQueue":47: 队列满了，生产者线程等待
2020-12-25 11:13:20 DEBUG [生产者32] "MessageQueue":47: 队列满了，生产者线程等待
2020-12-25 11:13:20 DEBUG [生产者34] "MessageQueue":47: 队列满了，生产者线程等待
2020-12-25 11:13:20 DEBUG [生产者38] "MessageQueue":47: 队列满了，生产者线程等待
2020-12-25 11:13:20 DEBUG [生产者36] "MessageQueue":47: 队列满了，生产者线程等待
2020-12-25 11:13:20 DEBUG [生产者40] "MessageQueue":47: 队列满了，生产者线程等待
2020-12-25 11:13:20 DEBUG [生产者42] "MessageQueue":47: 队列满了，生产者线程等待
2020-12-25 11:13:20 DEBUG [生产者44] "MessageQueue":47: 队列满了，生产者线程等待
2020-12-25 11:13:20 DEBUG [生产者46] "MessageQueue":47: 队列满了，生产者线程等待
2020-12-25 11:13:20 DEBUG [生产者50] "MessageQueue":47: 队列满了，生产者线程等待
2020-12-25 11:13:20 DEBUG [生产者48] "MessageQueue":47: 队列满了，生产者线程等待
2020-12-25 11:13:20 DEBUG [生产者52] "MessageQueue":47: 队列满了，生产者线程等待
2020-12-25 11:13:20 DEBUG [生产者54] "MessageQueue":47: 队列满了，生产者线程等待
2020-12-25 11:13:20 DEBUG [生产者56] "MessageQueue":47: 队列满了，生产者线程等待
2020-12-25 11:13:20 DEBUG [生产者58] "MessageQueue":47: 队列满了，生产者线程等待
2020-12-25 11:13:20 DEBUG [生产者60] "MessageQueue":47: 队列满了，生产者线程等待
2020-12-25 11:13:20 DEBUG [生产者62] "MessageQueue":47: 队列满了，生产者线程等待
2020-12-25 11:13:20 DEBUG [生产者64] "MessageQueue":47: 队列满了，生产者线程等待
2020-12-25 11:13:20 DEBUG [生产者66] "MessageQueue":47: 队列满了，生产者线程等待
2020-12-25 11:13:20 DEBUG [生产者70] "MessageQueue":47: 队列满了，生产者线程等待
2020-12-25 11:13:20 DEBUG [生产者68] "MessageQueue":47: 队列满了，生产者线程等待
2020-12-25 11:13:20 DEBUG [生产者72] "MessageQueue":47: 队列满了，生产者线程等待
2020-12-25 11:13:20 DEBUG [生产者74] "MessageQueue":47: 队列满了，生产者线程等待
2020-12-25 11:13:20 DEBUG [生产者76] "MessageQueue":47: 队列满了，生产者线程等待
2020-12-25 11:13:20 DEBUG [生产者78] "MessageQueue":47: 队列满了，生产者线程等待
2020-12-25 11:13:20 DEBUG [生产者80] "MessageQueue":47: 队列满了，生产者线程等待
2020-12-25 11:13:20 DEBUG [生产者82] "MessageQueue":47: 队列满了，生产者线程等待
2020-12-25 11:13:20 DEBUG [生产者86] "MessageQueue":47: 队列满了，生产者线程等待
2020-12-25 11:13:20 DEBUG [生产者84] "MessageQueue":47: 队列满了，生产者线程等待
2020-12-25 11:13:20 DEBUG [生产者88] "MessageQueue":47: 队列满了，生产者线程等待
2020-12-25 11:13:20 DEBUG [生产者92] "MessageQueue":47: 队列满了，生产者线程等待
2020-12-25 11:13:20 DEBUG [生产者94] "MessageQueue":47: 队列满了，生产者线程等待
2020-12-25 11:13:21 DEBUG [消费者] "MessageQueue":37: 已经消费消息Message{id=0, val=值0}
2020-12-25 11:13:21 DEBUG [生产者6] "MessageQueue":56: 已经生产消息Message{id=6, val=值6}
2020-12-25 11:13:21 DEBUG [生产者94] "MessageQueue":47: 队列满了，生产者线程等待
2020-12-25 11:13:21 DEBUG [生产者92] "MessageQueue":47: 队列满了，生产者线程等待
2020-12-25 11:13:21 DEBUG [生产者88] "MessageQueue":47: 队列满了，生产者线程等待
2020-12-25 11:13:21 DEBUG [生产者84] "MessageQueue":47: 队列满了，生产者线程等待
2020-12-25 11:13:21 DEBUG [生产者86] "MessageQueue":47: 队列满了，生产者线程等待
2020-12-25 11:13:21 DEBUG [生产者82] "MessageQueue":47: 队列满了，生产者线程等待
2020-12-25 11:13:21 DEBUG [生产者80] "MessageQueue":47: 队列满了，生产者线程等待
2020-12-25 11:13:21 DEBUG [生产者78] "MessageQueue":47: 队列满了，生产者线程等待
2020-12-25 11:13:21 DEBUG [生产者76] "MessageQueue":47: 队列满了，生产者线程等待
2020-12-25 11:13:21 DEBUG [生产者74] "MessageQueue":47: 队列满了，生产者线程等待
2020-12-25 11:13:21 DEBUG [生产者72] "MessageQueue":47: 队列满了，生产者线程等待
2020-12-25 11:13:21 DEBUG [生产者68] "MessageQueue":47: 队列满了，生产者线程等待
2020-12-25 11:13:21 DEBUG [生产者70] "MessageQueue":47: 队列满了，生产者线程等待
2020-12-25 11:13:21 DEBUG [生产者66] "MessageQueue":47: 队列满了，生产者线程等待
2020-12-25 11:13:21 DEBUG [生产者64] "MessageQueue":47: 队列满了，生产者线程等待
2020-12-25 11:13:21 DEBUG [生产者62] "MessageQueue":47: 队列满了，生产者线程等待
2020-12-25 11:13:21 DEBUG [生产者60] "MessageQueue":47: 队列满了，生产者线程等待
2020-12-25 11:13:21 DEBUG [生产者58] "MessageQueue":47: 队列满了，生产者线程等待
2020-12-25 11:13:21 DEBUG [生产者56] "MessageQueue":47: 队列满了，生产者线程等待
2020-12-25 11:13:21 DEBUG [生产者54] "MessageQueue":47: 队列满了，生产者线程等待
2020-12-25 11:13:21 DEBUG [生产者52] "MessageQueue":47: 队列满了，生产者线程等待
2020-12-25 11:13:21 DEBUG [生产者48] "MessageQueue":47: 队列满了，生产者线程等待
2020-12-25 11:13:21 DEBUG [生产者50] "MessageQueue":47: 队列满了，生产者线程等待
2020-12-25 11:13:21 DEBUG [生产者46] "MessageQueue":47: 队列满了，生产者线程等待
2020-12-25 11:13:21 DEBUG [生产者44] "MessageQueue":47: 队列满了，生产者线程等待
2020-12-25 11:13:21 DEBUG [生产者42] "MessageQueue":47: 队列满了，生产者线程等待
2020-12-25 11:13:21 DEBUG [生产者40] "MessageQueue":47: 队列满了，生产者线程等待
2020-12-25 11:13:21 DEBUG [生产者36] "MessageQueue":47: 队列满了，生产者线程等待
2020-12-25 11:13:21 DEBUG [生产者38] "MessageQueue":47: 队列满了，生产者线程等待
2020-12-25 11:13:21 DEBUG [生产者34] "MessageQueue":47: 队列满了，生产者线程等待
2020-12-25 11:13:21 DEBUG [生产者32] "MessageQueue":47: 队列满了，生产者线程等待
2020-12-25 11:13:21 DEBUG [生产者30] "MessageQueue":47: 队列满了，生产者线程等待
2020-12-25 11:13:21 DEBUG [生产者28] "MessageQueue":47: 队列满了，生产者线程等待
2020-12-25 11:13:21 DEBUG [生产者18] "MessageQueue":47: 队列满了，生产者线程等待
2020-12-25 11:13:21 DEBUG [生产者26] "MessageQueue":47: 队列满了，生产者线程等待
2020-12-25 11:13:21 DEBUG [生产者20] "MessageQueue":47: 队列满了，生产者线程等待
2020-12-25 11:13:21 DEBUG [生产者24] "MessageQueue":47: 队列满了，生产者线程等待
2020-12-25 11:13:21 DEBUG [生产者22] "MessageQueue":47: 队列满了，生产者线程等待
2020-12-25 11:13:21 DEBUG [生产者8] "MessageQueue":47: 队列满了，生产者线程等待
2020-12-25 11:13:21 DEBUG [生产者16] "MessageQueue":47: 队列满了，生产者线程等待
2020-12-25 11:13:21 DEBUG [生产者4] "MessageQueue":47: 队列满了，生产者线程等待
2020-12-25 11:13:21 DEBUG [生产者10] "MessageQueue":47: 队列满了，生产者线程等待
2020-12-25 11:13:21 DEBUG [生产者14] "MessageQueue":47: 队列满了，生产者线程等待
2020-12-25 11:13:21 DEBUG [生产者12] "MessageQueue":47: 队列满了，生产者线程等待
2020-12-25 11:13:22 DEBUG [消费者] "MessageQueue":37: 已经消费消息Message{id=90, val=值90}
2020-12-25 11:13:22 DEBUG [生产者94] "MessageQueue":56: 已经生产消息Message{id=94, val=值94}
2020-12-25 11:13:22 DEBUG [生产者12] "MessageQueue":47: 队列满了，生产者线程等待
2020-12-25 11:13:22 DEBUG [生产者14] "MessageQueue":47: 队列满了，生产者线程等待
2020-12-25 11:13:22 DEBUG [生产者10] "MessageQueue":47: 队列满了，生产者线程等待
2020-12-25 11:13:22 DEBUG [生产者4] "MessageQueue":47: 队列满了，生产者线程等待
2020-12-25 11:13:22 DEBUG [生产者16] "MessageQueue":47: 队列满了，生产者线程等待
2020-12-25 11:13:22 DEBUG [生产者8] "MessageQueue":47: 队列满了，生产者线程等待
2020-12-25 11:13:22 DEBUG [生产者22] "MessageQueue":47: 队列满了，生产者线程等待
2020-12-25 11:13:22 DEBUG [生产者24] "MessageQueue":47: 队列满了，生产者线程等待
2020-12-25 11:13:22 DEBUG [生产者20] "MessageQueue":47: 队列满了，生产者线程等待
2020-12-25 11:13:22 DEBUG [生产者26] "MessageQueue":47: 队列满了，生产者线程等待
2020-12-25 11:13:22 DEBUG [生产者18] "MessageQueue":47: 队列满了，生产者线程等待
2020-12-25 11:13:22 DEBUG [生产者28] "MessageQueue":47: 队列满了，生产者线程等待
2020-12-25 11:13:22 DEBUG [生产者30] "MessageQueue":47: 队列满了，生产者线程等待
2020-12-25 11:13:22 DEBUG [生产者32] "MessageQueue":47: 队列满了，生产者线程等待
2020-12-25 11:13:22 DEBUG [生产者34] "MessageQueue":47: 队列满了，生产者线程等待
2020-12-25 11:13:22 DEBUG [生产者38] "MessageQueue":47: 队列满了，生产者线程等待
2020-12-25 11:13:22 DEBUG [生产者36] "MessageQueue":47: 队列满了，生产者线程等待
2020-12-25 11:13:22 DEBUG [生产者40] "MessageQueue":47: 队列满了，生产者线程等待
2020-12-25 11:13:22 DEBUG [生产者42] "MessageQueue":47: 队列满了，生产者线程等待
2020-12-25 11:13:22 DEBUG [生产者44] "MessageQueue":47: 队列满了，生产者线程等待
2020-12-25 11:13:22 DEBUG [生产者46] "MessageQueue":47: 队列满了，生产者线程等待
2020-12-25 11:13:22 DEBUG [生产者50] "MessageQueue":47: 队列满了，生产者线程等待
2020-12-25 11:13:22 DEBUG [生产者48] "MessageQueue":47: 队列满了，生产者线程等待
2020-12-25 11:13:22 DEBUG [生产者52] "MessageQueue":47: 队列满了，生产者线程等待
2020-12-25 11:13:22 DEBUG [生产者54] "MessageQueue":47: 队列满了，生产者线程等待
2020-12-25 11:13:22 DEBUG [生产者56] "MessageQueue":47: 队列满了，生产者线程等待
2020-12-25 11:13:22 DEBUG [生产者58] "MessageQueue":47: 队列满了，生产者线程等待
2020-12-25 11:13:22 DEBUG [生产者60] "MessageQueue":47: 队列满了，生产者线程等待
2020-12-25 11:13:22 DEBUG [生产者62] "MessageQueue":47: 队列满了，生产者线程等待
2020-12-25 11:13:22 DEBUG [生产者64] "MessageQueue":47: 队列满了，生产者线程等待
2020-12-25 11:13:22 DEBUG [生产者66] "MessageQueue":47: 队列满了，生产者线程等待
2020-12-25 11:13:22 DEBUG [生产者70] "MessageQueue":47: 队列满了，生产者线程等待
2020-12-25 11:13:22 DEBUG [生产者68] "MessageQueue":47: 队列满了，生产者线程等待
2020-12-25 11:13:22 DEBUG [生产者72] "MessageQueue":47: 队列满了，生产者线程等待
2020-12-25 11:13:22 DEBUG [生产者74] "MessageQueue":47: 队列满了，生产者线程等待
2020-12-25 11:13:22 DEBUG [生产者76] "MessageQueue":47: 队列满了，生产者线程等待
2020-12-25 11:13:22 DEBUG [生产者78] "MessageQueue":47: 队列满了，生产者线程等待
2020-12-25 11:13:22 DEBUG [生产者80] "MessageQueue":47: 队列满了，生产者线程等待
2020-12-25 11:13:22 DEBUG [生产者82] "MessageQueue":47: 队列满了，生产者线程等待
2020-12-25 11:13:22 DEBUG [生产者86] "MessageQueue":47: 队列满了，生产者线程等待
2020-12-25 11:13:22 DEBUG [生产者84] "MessageQueue":47: 队列满了，生产者线程等待
2020-12-25 11:13:22 DEBUG [生产者88] "MessageQueue":47: 队列满了，生产者线程等待
2020-12-25 11:13:22 DEBUG [生产者92] "MessageQueue":47: 队列满了，生产者线程等待
2020-12-25 11:13:23 DEBUG [消费者] "MessageQueue":37: 已经消费消息Message{id=6, val=值6}
2020-12-25 11:13:23 DEBUG [生产者12] "MessageQueue":56: 已经生产消息Message{id=12, val=值12}
2020-12-25 11:13:23 DEBUG [生产者92] "MessageQueue":47: 队列满了，生产者线程等待
2020-12-25 11:13:23 DEBUG [生产者88] "MessageQueue":47: 队列满了，生产者线程等待
2020-12-25 11:13:23 DEBUG [生产者84] "MessageQueue":47: 队列满了，生产者线程等待
2020-12-25 11:13:23 DEBUG [生产者86] "MessageQueue":47: 队列满了，生产者线程等待
2020-12-25 11:13:23 DEBUG [生产者82] "MessageQueue":47: 队列满了，生产者线程等待
2020-12-25 11:13:23 DEBUG [生产者80] "MessageQueue":47: 队列满了，生产者线程等待
2020-12-25 11:13:23 DEBUG [生产者78] "MessageQueue":47: 队列满了，生产者线程等待
2020-12-25 11:13:23 DEBUG [生产者76] "MessageQueue":47: 队列满了，生产者线程等待
2020-12-25 11:13:23 DEBUG [生产者74] "MessageQueue":47: 队列满了，生产者线程等待
2020-12-25 11:13:23 DEBUG [生产者72] "MessageQueue":47: 队列满了，生产者线程等待
2020-12-25 11:13:23 DEBUG [生产者68] "MessageQueue":47: 队列满了，生产者线程等待
2020-12-25 11:13:23 DEBUG [生产者70] "MessageQueue":47: 队列满了，生产者线程等待
2020-12-25 11:13:23 DEBUG [生产者66] "MessageQueue":47: 队列满了，生产者线程等待
2020-12-25 11:13:23 DEBUG [生产者64] "MessageQueue":47: 队列满了，生产者线程等待
2020-12-25 11:13:23 DEBUG [生产者62] "MessageQueue":47: 队列满了，生产者线程等待
2020-12-25 11:13:23 DEBUG [生产者60] "MessageQueue":47: 队列满了，生产者线程等待
2020-12-25 11:13:23 DEBUG [生产者58] "MessageQueue":47: 队列满了，生产者线程等待
2020-12-25 11:13:23 DEBUG [生产者56] "MessageQueue":47: 队列满了，生产者线程等待
2020-12-25 11:13:23 DEBUG [生产者54] "MessageQueue":47: 队列满了，生产者线程等待
2020-12-25 11:13:23 DEBUG [生产者52] "MessageQueue":47: 队列满了，生产者线程等待
2020-12-25 11:13:23 DEBUG [生产者48] "MessageQueue":47: 队列满了，生产者线程等待
2020-12-25 11:13:23 DEBUG [生产者50] "MessageQueue":47: 队列满了，生产者线程等待
2020-12-25 11:13:23 DEBUG [生产者46] "MessageQueue":47: 队列满了，生产者线程等待
2020-12-25 11:13:23 DEBUG [生产者44] "MessageQueue":47: 队列满了，生产者线程等待
2020-12-25 11:13:23 DEBUG [生产者42] "MessageQueue":47: 队列满了，生产者线程等待
2020-12-25 11:13:23 DEBUG [生产者40] "MessageQueue":47: 队列满了，生产者线程等待
2020-12-25 11:13:23 DEBUG [生产者36] "MessageQueue":47: 队列满了，生产者线程等待
2020-12-25 11:13:23 DEBUG [生产者38] "MessageQueue":47: 队列满了，生产者线程等待
2020-12-25 11:13:23 DEBUG [生产者34] "MessageQueue":47: 队列满了，生产者线程等待
2020-12-25 11:13:23 DEBUG [生产者32] "MessageQueue":47: 队列满了，生产者线程等待
2020-12-25 11:13:23 DEBUG [生产者30] "MessageQueue":47: 队列满了，生产者线程等待
2020-12-25 11:13:23 DEBUG [生产者28] "MessageQueue":47: 队列满了，生产者线程等待
2020-12-25 11:13:23 DEBUG [生产者18] "MessageQueue":47: 队列满了，生产者线程等待
2020-12-25 11:13:23 DEBUG [生产者26] "MessageQueue":47: 队列满了，生产者线程等待
2020-12-25 11:13:23 DEBUG [生产者20] "MessageQueue":47: 队列满了，生产者线程等待
2020-12-25 11:13:23 DEBUG [生产者24] "MessageQueue":47: 队列满了，生产者线程等待
2020-12-25 11:13:23 DEBUG [生产者22] "MessageQueue":47: 队列满了，生产者线程等待
2020-12-25 11:13:23 DEBUG [生产者8] "MessageQueue":47: 队列满了，生产者线程等待
2020-12-25 11:13:23 DEBUG [生产者16] "MessageQueue":47: 队列满了，生产者线程等待
2020-12-25 11:13:23 DEBUG [生产者4] "MessageQueue":47: 队列满了，生产者线程等待
2020-12-25 11:13:23 DEBUG [生产者10] "MessageQueue":47: 队列满了，生产者线程等待
2020-12-25 11:13:23 DEBUG [生产者14] "MessageQueue":47: 队列满了，生产者线程等待
2020-12-25 11:13:24 DEBUG [消费者] "MessageQueue":37: 已经消费消息Message{id=94, val=值94}
2020-12-25 11:13:24 DEBUG [生产者92] "MessageQueue":56: 已经生产消息Message{id=92, val=值92}
2020-12-25 11:13:24 DEBUG [生产者14] "MessageQueue":47: 队列满了，生产者线程等待
2020-12-25 11:13:24 DEBUG [生产者10] "MessageQueue":47: 队列满了，生产者线程等待
2020-12-25 11:13:24 DEBUG [生产者4] "MessageQueue":47: 队列满了，生产者线程等待
2020-12-25 11:13:24 DEBUG [生产者16] "MessageQueue":47: 队列满了，生产者线程等待
2020-12-25 11:13:24 DEBUG [生产者8] "MessageQueue":47: 队列满了，生产者线程等待
2020-12-25 11:13:24 DEBUG [生产者22] "MessageQueue":47: 队列满了，生产者线程等待
2020-12-25 11:13:24 DEBUG [生产者24] "MessageQueue":47: 队列满了，生产者线程等待
2020-12-25 11:13:24 DEBUG [生产者20] "MessageQueue":47: 队列满了，生产者线程等待
2020-12-25 11:13:24 DEBUG [生产者26] "MessageQueue":47: 队列满了，生产者线程等待
2020-12-25 11:13:24 DEBUG [生产者18] "MessageQueue":47: 队列满了，生产者线程等待
2020-12-25 11:13:24 DEBUG [生产者28] "MessageQueue":47: 队列满了，生产者线程等待
2020-12-25 11:13:24 DEBUG [生产者30] "MessageQueue":47: 队列满了，生产者线程等待
2020-12-25 11:13:24 DEBUG [生产者32] "MessageQueue":47: 队列满了，生产者线程等待
2020-12-25 11:13:24 DEBUG [生产者34] "MessageQueue":47: 队列满了，生产者线程等待
2020-12-25 11:13:24 DEBUG [生产者38] "MessageQueue":47: 队列满了，生产者线程等待
2020-12-25 11:13:24 DEBUG [生产者36] "MessageQueue":47: 队列满了，生产者线程等待
2020-12-25 11:13:24 DEBUG [生产者40] "MessageQueue":47: 队列满了，生产者线程等待
2020-12-25 11:13:24 DEBUG [生产者42] "MessageQueue":47: 队列满了，生产者线程等待
2020-12-25 11:13:24 DEBUG [生产者44] "MessageQueue":47: 队列满了，生产者线程等待
2020-12-25 11:13:24 DEBUG [生产者46] "MessageQueue":47: 队列满了，生产者线程等待
2020-12-25 11:13:24 DEBUG [生产者50] "MessageQueue":47: 队列满了，生产者线程等待
2020-12-25 11:13:24 DEBUG [生产者48] "MessageQueue":47: 队列满了，生产者线程等待
2020-12-25 11:13:24 DEBUG [生产者52] "MessageQueue":47: 队列满了，生产者线程等待
2020-12-25 11:13:24 DEBUG [生产者54] "MessageQueue":47: 队列满了，生产者线程等待
2020-12-25 11:13:24 DEBUG [生产者56] "MessageQueue":47: 队列满了，生产者线程等待
2020-12-25 11:13:24 DEBUG [生产者58] "MessageQueue":47: 队列满了，生产者线程等待
2020-12-25 11:13:24 DEBUG [生产者60] "MessageQueue":47: 队列满了，生产者线程等待
2020-12-25 11:13:24 DEBUG [生产者62] "MessageQueue":47: 队列满了，生产者线程等待
2020-12-25 11:13:24 DEBUG [生产者64] "MessageQueue":47: 队列满了，生产者线程等待
2020-12-25 11:13:24 DEBUG [生产者66] "MessageQueue":47: 队列满了，生产者线程等待
2020-12-25 11:13:24 DEBUG [生产者70] "MessageQueue":47: 队列满了，生产者线程等待
2020-12-25 11:13:24 DEBUG [生产者68] "MessageQueue":47: 队列满了，生产者线程等待
2020-12-25 11:13:24 DEBUG [生产者72] "MessageQueue":47: 队列满了，生产者线程等待
2020-12-25 11:13:24 DEBUG [生产者74] "MessageQueue":47: 队列满了，生产者线程等待
2020-12-25 11:13:24 DEBUG [生产者76] "MessageQueue":47: 队列满了，生产者线程等待
2020-12-25 11:13:24 DEBUG [生产者78] "MessageQueue":47: 队列满了，生产者线程等待
2020-12-25 11:13:24 DEBUG [生产者80] "MessageQueue":47: 队列满了，生产者线程等待
2020-12-25 11:13:24 DEBUG [生产者82] "MessageQueue":47: 队列满了，生产者线程等待
2020-12-25 11:13:24 DEBUG [生产者86] "MessageQueue":47: 队列满了，生产者线程等待
2020-12-25 11:13:24 DEBUG [生产者84] "MessageQueue":47: 队列满了，生产者线程等待
2020-12-25 11:13:24 DEBUG [生产者88] "MessageQueue":47: 队列满了，生产者线程等待
2020-12-25 11:13:25 DEBUG [消费者] "MessageQueue":37: 已经消费消息Message{id=12, val=值12}
2020-12-25 11:13:25 DEBUG [生产者14] "MessageQueue":56: 已经生产消息Message{id=14, val=值14}
2020-12-25 11:13:25 DEBUG [生产者88] "MessageQueue":47: 队列满了，生产者线程等待
2020-12-25 11:13:25 DEBUG [生产者84] "MessageQueue":47: 队列满了，生产者线程等待
2020-12-25 11:13:25 DEBUG [生产者86] "MessageQueue":47: 队列满了，生产者线程等待
2020-12-25 11:13:25 DEBUG [生产者82] "MessageQueue":47: 队列满了，生产者线程等待
2020-12-25 11:13:25 DEBUG [生产者80] "MessageQueue":47: 队列满了，生产者线程等待
2020-12-25 11:13:25 DEBUG [生产者78] "MessageQueue":47: 队列满了，生产者线程等待
2020-12-25 11:13:25 DEBUG [生产者76] "MessageQueue":47: 队列满了，生产者线程等待
2020-12-25 11:13:25 DEBUG [生产者74] "MessageQueue":47: 队列满了，生产者线程等待
2020-12-25 11:13:25 DEBUG [生产者72] "MessageQueue":47: 队列满了，生产者线程等待
2020-12-25 11:13:25 DEBUG [生产者68] "MessageQueue":47: 队列满了，生产者线程等待
2020-12-25 11:13:25 DEBUG [生产者70] "MessageQueue":47: 队列满了，生产者线程等待
2020-12-25 11:13:25 DEBUG [生产者66] "MessageQueue":47: 队列满了，生产者线程等待
2020-12-25 11:13:25 DEBUG [生产者64] "MessageQueue":47: 队列满了，生产者线程等待
2020-12-25 11:13:25 DEBUG [生产者62] "MessageQueue":47: 队列满了，生产者线程等待
2020-12-25 11:13:25 DEBUG [生产者60] "MessageQueue":47: 队列满了，生产者线程等待
2020-12-25 11:13:25 DEBUG [生产者58] "MessageQueue":47: 队列满了，生产者线程等待
2020-12-25 11:13:25 DEBUG [生产者56] "MessageQueue":47: 队列满了，生产者线程等待
2020-12-25 11:13:25 DEBUG [生产者54] "MessageQueue":47: 队列满了，生产者线程等待
2020-12-25 11:13:25 DEBUG [生产者52] "MessageQueue":47: 队列满了，生产者线程等待
2020-12-25 11:13:25 DEBUG [生产者48] "MessageQueue":47: 队列满了，生产者线程等待
2020-12-25 11:13:25 DEBUG [生产者50] "MessageQueue":47: 队列满了，生产者线程等待
2020-12-25 11:13:25 DEBUG [生产者46] "MessageQueue":47: 队列满了，生产者线程等待
2020-12-25 11:13:25 DEBUG [生产者44] "MessageQueue":47: 队列满了，生产者线程等待
2020-12-25 11:13:25 DEBUG [生产者42] "MessageQueue":47: 队列满了，生产者线程等待
2020-12-25 11:13:25 DEBUG [生产者40] "MessageQueue":47: 队列满了，生产者线程等待
2020-12-25 11:13:25 DEBUG [生产者36] "MessageQueue":47: 队列满了，生产者线程等待
2020-12-25 11:13:25 DEBUG [生产者38] "MessageQueue":47: 队列满了，生产者线程等待
2020-12-25 11:13:25 DEBUG [生产者34] "MessageQueue":47: 队列满了，生产者线程等待
2020-12-25 11:13:25 DEBUG [生产者32] "MessageQueue":47: 队列满了，生产者线程等待
2020-12-25 11:13:25 DEBUG [生产者30] "MessageQueue":47: 队列满了，生产者线程等待
2020-12-25 11:13:25 DEBUG [生产者28] "MessageQueue":47: 队列满了，生产者线程等待
2020-12-25 11:13:25 DEBUG [生产者18] "MessageQueue":47: 队列满了，生产者线程等待
2020-12-25 11:13:25 DEBUG [生产者26] "MessageQueue":47: 队列满了，生产者线程等待
2020-12-25 11:13:25 DEBUG [生产者20] "MessageQueue":47: 队列满了，生产者线程等待
2020-12-25 11:13:25 DEBUG [生产者24] "MessageQueue":47: 队列满了，生产者线程等待
2020-12-25 11:13:25 DEBUG [生产者22] "MessageQueue":47: 队列满了，生产者线程等待
2020-12-25 11:13:25 DEBUG [生产者8] "MessageQueue":47: 队列满了，生产者线程等待
2020-12-25 11:13:25 DEBUG [生产者16] "MessageQueue":47: 队列满了，生产者线程等待
2020-12-25 11:13:25 DEBUG [生产者4] "MessageQueue":47: 队列满了，生产者线程等待
2020-12-25 11:13:25 DEBUG [生产者10] "MessageQueue":47: 队列满了，生产者线程等待
2020-12-25 11:13:26 DEBUG [消费者] "MessageQueue":37: 已经消费消息Message{id=92, val=值92}
2020-12-25 11:13:26 DEBUG [生产者88] "MessageQueue":56: 已经生产消息Message{id=88, val=值88}
2020-12-25 11:13:26 DEBUG [生产者10] "MessageQueue":47: 队列满了，生产者线程等待
2020-12-25 11:13:26 DEBUG [生产者4] "MessageQueue":47: 队列满了，生产者线程等待
2020-12-25 11:13:26 DEBUG [生产者16] "MessageQueue":47: 队列满了，生产者线程等待
2020-12-25 11:13:26 DEBUG [生产者8] "MessageQueue":47: 队列满了，生产者线程等待
2020-12-25 11:13:26 DEBUG [生产者22] "MessageQueue":47: 队列满了，生产者线程等待
2020-12-25 11:13:26 DEBUG [生产者24] "MessageQueue":47: 队列满了，生产者线程等待
2020-12-25 11:13:26 DEBUG [生产者20] "MessageQueue":47: 队列满了，生产者线程等待
2020-12-25 11:13:26 DEBUG [生产者26] "MessageQueue":47: 队列满了，生产者线程等待
2020-12-25 11:13:26 DEBUG [生产者18] "MessageQueue":47: 队列满了，生产者线程等待
2020-12-25 11:13:26 DEBUG [生产者28] "MessageQueue":47: 队列满了，生产者线程等待
2020-12-25 11:13:26 DEBUG [生产者30] "MessageQueue":47: 队列满了，生产者线程等待
2020-12-25 11:13:26 DEBUG [生产者32] "MessageQueue":47: 队列满了，生产者线程等待
2020-12-25 11:13:26 DEBUG [生产者34] "MessageQueue":47: 队列满了，生产者线程等待
2020-12-25 11:13:26 DEBUG [生产者38] "MessageQueue":47: 队列满了，生产者线程等待
2020-12-25 11:13:26 DEBUG [生产者36] "MessageQueue":47: 队列满了，生产者线程等待
2020-12-25 11:13:26 DEBUG [生产者40] "MessageQueue":47: 队列满了，生产者线程等待
2020-12-25 11:13:26 DEBUG [生产者42] "MessageQueue":47: 队列满了，生产者线程等待
2020-12-25 11:13:26 DEBUG [生产者44] "MessageQueue":47: 队列满了，生产者线程等待
2020-12-25 11:13:26 DEBUG [生产者46] "MessageQueue":47: 队列满了，生产者线程等待
2020-12-25 11:13:26 DEBUG [生产者50] "MessageQueue":47: 队列满了，生产者线程等待
2020-12-25 11:13:26 DEBUG [生产者48] "MessageQueue":47: 队列满了，生产者线程等待
2020-12-25 11:13:26 DEBUG [生产者52] "MessageQueue":47: 队列满了，生产者线程等待
2020-12-25 11:13:26 DEBUG [生产者54] "MessageQueue":47: 队列满了，生产者线程等待
2020-12-25 11:13:26 DEBUG [生产者56] "MessageQueue":47: 队列满了，生产者线程等待
2020-12-25 11:13:26 DEBUG [生产者58] "MessageQueue":47: 队列满了，生产者线程等待
2020-12-25 11:13:26 DEBUG [生产者60] "MessageQueue":47: 队列满了，生产者线程等待
2020-12-25 11:13:26 DEBUG [生产者62] "MessageQueue":47: 队列满了，生产者线程等待
2020-12-25 11:13:26 DEBUG [生产者64] "MessageQueue":47: 队列满了，生产者线程等待
2020-12-25 11:13:26 DEBUG [生产者66] "MessageQueue":47: 队列满了，生产者线程等待
2020-12-25 11:13:26 DEBUG [生产者70] "MessageQueue":47: 队列满了，生产者线程等待
2020-12-25 11:13:26 DEBUG [生产者68] "MessageQueue":47: 队列满了，生产者线程等待
2020-12-25 11:13:26 DEBUG [生产者72] "MessageQueue":47: 队列满了，生产者线程等待
2020-12-25 11:13:26 DEBUG [生产者74] "MessageQueue":47: 队列满了，生产者线程等待
2020-12-25 11:13:26 DEBUG [生产者76] "MessageQueue":47: 队列满了，生产者线程等待
2020-12-25 11:13:26 DEBUG [生产者78] "MessageQueue":47: 队列满了，生产者线程等待
2020-12-25 11:13:26 DEBUG [生产者80] "MessageQueue":47: 队列满了，生产者线程等待
2020-12-25 11:13:26 DEBUG [生产者82] "MessageQueue":47: 队列满了，生产者线程等待
2020-12-25 11:13:26 DEBUG [生产者86] "MessageQueue":47: 队列满了，生产者线程等待
2020-12-25 11:13:26 DEBUG [生产者84] "MessageQueue":47: 队列满了，生产者线程等待
2020-12-25 11:13:27 DEBUG [消费者] "MessageQueue":37: 已经消费消息Message{id=14, val=值14}
2020-12-25 11:13:27 DEBUG [生产者10] "MessageQueue":56: 已经生产消息Message{id=10, val=值10}
2020-12-25 11:13:27 DEBUG [生产者84] "MessageQueue":47: 队列满了，生产者线程等待
2020-12-25 11:13:27 DEBUG [生产者86] "MessageQueue":47: 队列满了，生产者线程等待
2020-12-25 11:13:27 DEBUG [生产者82] "MessageQueue":47: 队列满了，生产者线程等待
2020-12-25 11:13:27 DEBUG [生产者80] "MessageQueue":47: 队列满了，生产者线程等待
2020-12-25 11:13:27 DEBUG [生产者78] "MessageQueue":47: 队列满了，生产者线程等待
2020-12-25 11:13:27 DEBUG [生产者76] "MessageQueue":47: 队列满了，生产者线程等待
2020-12-25 11:13:27 DEBUG [生产者74] "MessageQueue":47: 队列满了，生产者线程等待
2020-12-25 11:13:27 DEBUG [生产者72] "MessageQueue":47: 队列满了，生产者线程等待
2020-12-25 11:13:27 DEBUG [生产者68] "MessageQueue":47: 队列满了，生产者线程等待
2020-12-25 11:13:27 DEBUG [生产者70] "MessageQueue":47: 队列满了，生产者线程等待
2020-12-25 11:13:27 DEBUG [生产者66] "MessageQueue":47: 队列满了，生产者线程等待
2020-12-25 11:13:27 DEBUG [生产者64] "MessageQueue":47: 队列满了，生产者线程等待
2020-12-25 11:13:27 DEBUG [生产者62] "MessageQueue":47: 队列满了，生产者线程等待
2020-12-25 11:13:27 DEBUG [生产者60] "MessageQueue":47: 队列满了，生产者线程等待
2020-12-25 11:13:27 DEBUG [生产者58] "MessageQueue":47: 队列满了，生产者线程等待
2020-12-25 11:13:27 DEBUG [生产者56] "MessageQueue":47: 队列满了，生产者线程等待
2020-12-25 11:13:27 DEBUG [生产者54] "MessageQueue":47: 队列满了，生产者线程等待
2020-12-25 11:13:27 DEBUG [生产者52] "MessageQueue":47: 队列满了，生产者线程等待
2020-12-25 11:13:27 DEBUG [生产者48] "MessageQueue":47: 队列满了，生产者线程等待
2020-12-25 11:13:27 DEBUG [生产者50] "MessageQueue":47: 队列满了，生产者线程等待
2020-12-25 11:13:27 DEBUG [生产者46] "MessageQueue":47: 队列满了，生产者线程等待
2020-12-25 11:13:27 DEBUG [生产者44] "MessageQueue":47: 队列满了，生产者线程等待
2020-12-25 11:13:27 DEBUG [生产者42] "MessageQueue":47: 队列满了，生产者线程等待
2020-12-25 11:13:27 DEBUG [生产者40] "MessageQueue":47: 队列满了，生产者线程等待
2020-12-25 11:13:27 DEBUG [生产者36] "MessageQueue":47: 队列满了，生产者线程等待
2020-12-25 11:13:27 DEBUG [生产者38] "MessageQueue":47: 队列满了，生产者线程等待
2020-12-25 11:13:27 DEBUG [生产者34] "MessageQueue":47: 队列满了，生产者线程等待
2020-12-25 11:13:27 DEBUG [生产者32] "MessageQueue":47: 队列满了，生产者线程等待
2020-12-25 11:13:27 DEBUG [生产者30] "MessageQueue":47: 队列满了，生产者线程等待
2020-12-25 11:13:27 DEBUG [生产者28] "MessageQueue":47: 队列满了，生产者线程等待
2020-12-25 11:13:27 DEBUG [生产者18] "MessageQueue":47: 队列满了，生产者线程等待
2020-12-25 11:13:27 DEBUG [生产者26] "MessageQueue":47: 队列满了，生产者线程等待
2020-12-25 11:13:27 DEBUG [生产者20] "MessageQueue":47: 队列满了，生产者线程等待
2020-12-25 11:13:27 DEBUG [生产者24] "MessageQueue":47: 队列满了，生产者线程等待
2020-12-25 11:13:27 DEBUG [生产者22] "MessageQueue":47: 队列满了，生产者线程等待
2020-12-25 11:13:27 DEBUG [生产者8] "MessageQueue":47: 队列满了，生产者线程等待
2020-12-25 11:13:27 DEBUG [生产者16] "MessageQueue":47: 队列满了，生产者线程等待
2020-12-25 11:13:27 DEBUG [生产者4] "MessageQueue":47: 队列满了，生产者线程等待
2020-12-25 11:13:28 DEBUG [消费者] "MessageQueue":37: 已经消费消息Message{id=88, val=值88}
2020-12-25 11:13:28 DEBUG [生产者84] "MessageQueue":56: 已经生产消息Message{id=84, val=值84}
2020-12-25 11:13:28 DEBUG [生产者4] "MessageQueue":47: 队列满了，生产者线程等待
2020-12-25 11:13:28 DEBUG [生产者16] "MessageQueue":47: 队列满了，生产者线程等待
2020-12-25 11:13:28 DEBUG [生产者8] "MessageQueue":47: 队列满了，生产者线程等待
2020-12-25 11:13:28 DEBUG [生产者22] "MessageQueue":47: 队列满了，生产者线程等待
2020-12-25 11:13:28 DEBUG [生产者24] "MessageQueue":47: 队列满了，生产者线程等待
2020-12-25 11:13:28 DEBUG [生产者20] "MessageQueue":47: 队列满了，生产者线程等待
2020-12-25 11:13:28 DEBUG [生产者26] "MessageQueue":47: 队列满了，生产者线程等待
2020-12-25 11:13:28 DEBUG [生产者18] "MessageQueue":47: 队列满了，生产者线程等待
2020-12-25 11:13:28 DEBUG [生产者28] "MessageQueue":47: 队列满了，生产者线程等待
2020-12-25 11:13:28 DEBUG [生产者30] "MessageQueue":47: 队列满了，生产者线程等待
2020-12-25 11:13:28 DEBUG [生产者32] "MessageQueue":47: 队列满了，生产者线程等待
2020-12-25 11:13:28 DEBUG [生产者34] "MessageQueue":47: 队列满了，生产者线程等待
2020-12-25 11:13:28 DEBUG [生产者38] "MessageQueue":47: 队列满了，生产者线程等待
2020-12-25 11:13:28 DEBUG [生产者36] "MessageQueue":47: 队列满了，生产者线程等待
2020-12-25 11:13:28 DEBUG [生产者40] "MessageQueue":47: 队列满了，生产者线程等待
2020-12-25 11:13:28 DEBUG [生产者42] "MessageQueue":47: 队列满了，生产者线程等待
2020-12-25 11:13:28 DEBUG [生产者44] "MessageQueue":47: 队列满了，生产者线程等待
2020-12-25 11:13:28 DEBUG [生产者46] "MessageQueue":47: 队列满了，生产者线程等待
2020-12-25 11:13:28 DEBUG [生产者50] "MessageQueue":47: 队列满了，生产者线程等待
2020-12-25 11:13:28 DEBUG [生产者48] "MessageQueue":47: 队列满了，生产者线程等待
2020-12-25 11:13:28 DEBUG [生产者52] "MessageQueue":47: 队列满了，生产者线程等待
2020-12-25 11:13:28 DEBUG [生产者54] "MessageQueue":47: 队列满了，生产者线程等待
2020-12-25 11:13:28 DEBUG [生产者56] "MessageQueue":47: 队列满了，生产者线程等待
2020-12-25 11:13:28 DEBUG [生产者58] "MessageQueue":47: 队列满了，生产者线程等待
2020-12-25 11:13:28 DEBUG [生产者60] "MessageQueue":47: 队列满了，生产者线程等待
2020-12-25 11:13:28 DEBUG [生产者62] "MessageQueue":47: 队列满了，生产者线程等待
2020-12-25 11:13:28 DEBUG [生产者64] "MessageQueue":47: 队列满了，生产者线程等待
2020-12-25 11:13:28 DEBUG [生产者66] "MessageQueue":47: 队列满了，生产者线程等待
2020-12-25 11:13:28 DEBUG [生产者70] "MessageQueue":47: 队列满了，生产者线程等待
2020-12-25 11:13:28 DEBUG [生产者68] "MessageQueue":47: 队列满了，生产者线程等待
2020-12-25 11:13:28 DEBUG [生产者72] "MessageQueue":47: 队列满了，生产者线程等待
2020-12-25 11:13:28 DEBUG [生产者74] "MessageQueue":47: 队列满了，生产者线程等待
2020-12-25 11:13:28 DEBUG [生产者76] "MessageQueue":47: 队列满了，生产者线程等待
2020-12-25 11:13:28 DEBUG [生产者78] "MessageQueue":47: 队列满了，生产者线程等待
2020-12-25 11:13:28 DEBUG [生产者80] "MessageQueue":47: 队列满了，生产者线程等待
2020-12-25 11:13:28 DEBUG [生产者82] "MessageQueue":47: 队列满了，生产者线程等待
2020-12-25 11:13:28 DEBUG [生产者86] "MessageQueue":47: 队列满了，生产者线程等待
2020-12-25 11:13:29 DEBUG [消费者] "MessageQueue":37: 已经消费消息Message{id=10, val=值10}
2020-12-25 11:13:29 DEBUG [生产者4] "MessageQueue":56: 已经生产消息Message{id=4, val=值4}
2020-12-25 11:13:29 DEBUG [生产者86] "MessageQueue":47: 队列满了，生产者线程等待
2020-12-25 11:13:29 DEBUG [生产者82] "MessageQueue":47: 队列满了，生产者线程等待
2020-12-25 11:13:29 DEBUG [生产者80] "MessageQueue":47: 队列满了，生产者线程等待
2020-12-25 11:13:29 DEBUG [生产者78] "MessageQueue":47: 队列满了，生产者线程等待
2020-12-25 11:13:29 DEBUG [生产者76] "MessageQueue":47: 队列满了，生产者线程等待
2020-12-25 11:13:29 DEBUG [生产者74] "MessageQueue":47: 队列满了，生产者线程等待
2020-12-25 11:13:29 DEBUG [生产者72] "MessageQueue":47: 队列满了，生产者线程等待
2020-12-25 11:13:29 DEBUG [生产者68] "MessageQueue":47: 队列满了，生产者线程等待
2020-12-25 11:13:29 DEBUG [生产者70] "MessageQueue":47: 队列满了，生产者线程等待
2020-12-25 11:13:29 DEBUG [生产者66] "MessageQueue":47: 队列满了，生产者线程等待
2020-12-25 11:13:29 DEBUG [生产者64] "MessageQueue":47: 队列满了，生产者线程等待
2020-12-25 11:13:29 DEBUG [生产者62] "MessageQueue":47: 队列满了，生产者线程等待
2020-12-25 11:13:29 DEBUG [生产者60] "MessageQueue":47: 队列满了，生产者线程等待
2020-12-25 11:13:29 DEBUG [生产者58] "MessageQueue":47: 队列满了，生产者线程等待
2020-12-25 11:13:29 DEBUG [生产者56] "MessageQueue":47: 队列满了，生产者线程等待
2020-12-25 11:13:29 DEBUG [生产者54] "MessageQueue":47: 队列满了，生产者线程等待
2020-12-25 11:13:29 DEBUG [生产者52] "MessageQueue":47: 队列满了，生产者线程等待
2020-12-25 11:13:29 DEBUG [生产者48] "MessageQueue":47: 队列满了，生产者线程等待
2020-12-25 11:13:29 DEBUG [生产者50] "MessageQueue":47: 队列满了，生产者线程等待
2020-12-25 11:13:29 DEBUG [生产者46] "MessageQueue":47: 队列满了，生产者线程等待
2020-12-25 11:13:29 DEBUG [生产者44] "MessageQueue":47: 队列满了，生产者线程等待
2020-12-25 11:13:29 DEBUG [生产者42] "MessageQueue":47: 队列满了，生产者线程等待
2020-12-25 11:13:29 DEBUG [生产者40] "MessageQueue":47: 队列满了，生产者线程等待
2020-12-25 11:13:29 DEBUG [生产者36] "MessageQueue":47: 队列满了，生产者线程等待
2020-12-25 11:13:29 DEBUG [生产者38] "MessageQueue":47: 队列满了，生产者线程等待
2020-12-25 11:13:29 DEBUG [生产者34] "MessageQueue":47: 队列满了，生产者线程等待
2020-12-25 11:13:29 DEBUG [生产者32] "MessageQueue":47: 队列满了，生产者线程等待
2020-12-25 11:13:29 DEBUG [生产者30] "MessageQueue":47: 队列满了，生产者线程等待
2020-12-25 11:13:29 DEBUG [生产者28] "MessageQueue":47: 队列满了，生产者线程等待
2020-12-25 11:13:29 DEBUG [生产者18] "MessageQueue":47: 队列满了，生产者线程等待
2020-12-25 11:13:29 DEBUG [生产者26] "MessageQueue":47: 队列满了，生产者线程等待
2020-12-25 11:13:29 DEBUG [生产者20] "MessageQueue":47: 队列满了，生产者线程等待
2020-12-25 11:13:29 DEBUG [生产者24] "MessageQueue":47: 队列满了，生产者线程等待
2020-12-25 11:13:29 DEBUG [生产者22] "MessageQueue":47: 队列满了，生产者线程等待
2020-12-25 11:13:29 DEBUG [生产者8] "MessageQueue":47: 队列满了，生产者线程等待
2020-12-25 11:13:29 DEBUG [生产者16] "MessageQueue":47: 队列满了，生产者线程等待
2020-12-25 11:13:30 DEBUG [消费者] "MessageQueue":37: 已经消费消息Message{id=84, val=值84}
2020-12-25 11:13:30 DEBUG [生产者86] "MessageQueue":56: 已经生产消息Message{id=86, val=值86}
2020-12-25 11:13:30 DEBUG [生产者16] "MessageQueue":47: 队列满了，生产者线程等待
2020-12-25 11:13:30 DEBUG [生产者8] "MessageQueue":47: 队列满了，生产者线程等待
2020-12-25 11:13:30 DEBUG [生产者22] "MessageQueue":47: 队列满了，生产者线程等待
2020-12-25 11:13:30 DEBUG [生产者24] "MessageQueue":47: 队列满了，生产者线程等待
2020-12-25 11:13:30 DEBUG [生产者20] "MessageQueue":47: 队列满了，生产者线程等待
2020-12-25 11:13:30 DEBUG [生产者26] "MessageQueue":47: 队列满了，生产者线程等待
2020-12-25 11:13:30 DEBUG [生产者18] "MessageQueue":47: 队列满了，生产者线程等待
2020-12-25 11:13:30 DEBUG [生产者28] "MessageQueue":47: 队列满了，生产者线程等待
2020-12-25 11:13:30 DEBUG [生产者30] "MessageQueue":47: 队列满了，生产者线程等待
2020-12-25 11:13:30 DEBUG [生产者32] "MessageQueue":47: 队列满了，生产者线程等待
2020-12-25 11:13:30 DEBUG [生产者34] "MessageQueue":47: 队列满了，生产者线程等待
2020-12-25 11:13:30 DEBUG [生产者38] "MessageQueue":47: 队列满了，生产者线程等待
2020-12-25 11:13:30 DEBUG [生产者36] "MessageQueue":47: 队列满了，生产者线程等待
2020-12-25 11:13:30 DEBUG [生产者40] "MessageQueue":47: 队列满了，生产者线程等待
2020-12-25 11:13:30 DEBUG [生产者42] "MessageQueue":47: 队列满了，生产者线程等待
2020-12-25 11:13:30 DEBUG [生产者44] "MessageQueue":47: 队列满了，生产者线程等待
2020-12-25 11:13:30 DEBUG [生产者46] "MessageQueue":47: 队列满了，生产者线程等待
2020-12-25 11:13:30 DEBUG [生产者50] "MessageQueue":47: 队列满了，生产者线程等待
2020-12-25 11:13:30 DEBUG [生产者48] "MessageQueue":47: 队列满了，生产者线程等待
2020-12-25 11:13:30 DEBUG [生产者52] "MessageQueue":47: 队列满了，生产者线程等待
2020-12-25 11:13:30 DEBUG [生产者54] "MessageQueue":47: 队列满了，生产者线程等待
2020-12-25 11:13:30 DEBUG [生产者56] "MessageQueue":47: 队列满了，生产者线程等待
2020-12-25 11:13:30 DEBUG [生产者58] "MessageQueue":47: 队列满了，生产者线程等待
2020-12-25 11:13:30 DEBUG [生产者60] "MessageQueue":47: 队列满了，生产者线程等待
2020-12-25 11:13:30 DEBUG [生产者62] "MessageQueue":47: 队列满了，生产者线程等待
2020-12-25 11:13:30 DEBUG [生产者64] "MessageQueue":47: 队列满了，生产者线程等待
2020-12-25 11:13:30 DEBUG [生产者66] "MessageQueue":47: 队列满了，生产者线程等待
2020-12-25 11:13:30 DEBUG [生产者70] "MessageQueue":47: 队列满了，生产者线程等待
2020-12-25 11:13:30 DEBUG [生产者68] "MessageQueue":47: 队列满了，生产者线程等待
2020-12-25 11:13:30 DEBUG [生产者72] "MessageQueue":47: 队列满了，生产者线程等待
2020-12-25 11:13:30 DEBUG [生产者74] "MessageQueue":47: 队列满了，生产者线程等待
2020-12-25 11:13:30 DEBUG [生产者76] "MessageQueue":47: 队列满了，生产者线程等待
2020-12-25 11:13:30 DEBUG [生产者78] "MessageQueue":47: 队列满了，生产者线程等待
2020-12-25 11:13:30 DEBUG [生产者80] "MessageQueue":47: 队列满了，生产者线程等待
2020-12-25 11:13:30 DEBUG [生产者82] "MessageQueue":47: 队列满了，生产者线程等待
2020-12-25 11:13:31 DEBUG [消费者] "MessageQueue":37: 已经消费消息Message{id=4, val=值4}
2020-12-25 11:13:31 DEBUG [生产者16] "MessageQueue":56: 已经生产消息Message{id=16, val=值16}
2020-12-25 11:13:31 DEBUG [生产者82] "MessageQueue":47: 队列满了，生产者线程等待
2020-12-25 11:13:31 DEBUG [生产者80] "MessageQueue":47: 队列满了，生产者线程等待
2020-12-25 11:13:31 DEBUG [生产者78] "MessageQueue":47: 队列满了，生产者线程等待
2020-12-25 11:13:31 DEBUG [生产者76] "MessageQueue":47: 队列满了，生产者线程等待
2020-12-25 11:13:31 DEBUG [生产者74] "MessageQueue":47: 队列满了，生产者线程等待
2020-12-25 11:13:31 DEBUG [生产者72] "MessageQueue":47: 队列满了，生产者线程等待
2020-12-25 11:13:31 DEBUG [生产者68] "MessageQueue":47: 队列满了，生产者线程等待
2020-12-25 11:13:31 DEBUG [生产者70] "MessageQueue":47: 队列满了，生产者线程等待
2020-12-25 11:13:31 DEBUG [生产者66] "MessageQueue":47: 队列满了，生产者线程等待
2020-12-25 11:13:31 DEBUG [生产者64] "MessageQueue":47: 队列满了，生产者线程等待
2020-12-25 11:13:31 DEBUG [生产者62] "MessageQueue":47: 队列满了，生产者线程等待
2020-12-25 11:13:31 DEBUG [生产者60] "MessageQueue":47: 队列满了，生产者线程等待
2020-12-25 11:13:31 DEBUG [生产者58] "MessageQueue":47: 队列满了，生产者线程等待
2020-12-25 11:13:31 DEBUG [生产者56] "MessageQueue":47: 队列满了，生产者线程等待
2020-12-25 11:13:31 DEBUG [生产者54] "MessageQueue":47: 队列满了，生产者线程等待
2020-12-25 11:13:31 DEBUG [生产者52] "MessageQueue":47: 队列满了，生产者线程等待
2020-12-25 11:13:31 DEBUG [生产者48] "MessageQueue":47: 队列满了，生产者线程等待
2020-12-25 11:13:31 DEBUG [生产者50] "MessageQueue":47: 队列满了，生产者线程等待
2020-12-25 11:13:31 DEBUG [生产者46] "MessageQueue":47: 队列满了，生产者线程等待
2020-12-25 11:13:31 DEBUG [生产者44] "MessageQueue":47: 队列满了，生产者线程等待
2020-12-25 11:13:31 DEBUG [生产者42] "MessageQueue":47: 队列满了，生产者线程等待
2020-12-25 11:13:31 DEBUG [生产者40] "MessageQueue":47: 队列满了，生产者线程等待
2020-12-25 11:13:31 DEBUG [生产者36] "MessageQueue":47: 队列满了，生产者线程等待
2020-12-25 11:13:31 DEBUG [生产者38] "MessageQueue":47: 队列满了，生产者线程等待
2020-12-25 11:13:31 DEBUG [生产者34] "MessageQueue":47: 队列满了，生产者线程等待
2020-12-25 11:13:31 DEBUG [生产者32] "MessageQueue":47: 队列满了，生产者线程等待
2020-12-25 11:13:31 DEBUG [生产者30] "MessageQueue":47: 队列满了，生产者线程等待
2020-12-25 11:13:31 DEBUG [生产者28] "MessageQueue":47: 队列满了，生产者线程等待
2020-12-25 11:13:31 DEBUG [生产者18] "MessageQueue":47: 队列满了，生产者线程等待
2020-12-25 11:13:31 DEBUG [生产者26] "MessageQueue":47: 队列满了，生产者线程等待
2020-12-25 11:13:31 DEBUG [生产者20] "MessageQueue":47: 队列满了，生产者线程等待
2020-12-25 11:13:31 DEBUG [生产者24] "MessageQueue":47: 队列满了，生产者线程等待
2020-12-25 11:13:31 DEBUG [生产者22] "MessageQueue":47: 队列满了，生产者线程等待
2020-12-25 11:13:31 DEBUG [生产者8] "MessageQueue":47: 队列满了，生产者线程等待
2020-12-25 11:13:32 DEBUG [消费者] "MessageQueue":37: 已经消费消息Message{id=86, val=值86}
2020-12-25 11:13:32 DEBUG [生产者82] "MessageQueue":56: 已经生产消息Message{id=82, val=值82}
2020-12-25 11:13:32 DEBUG [生产者8] "MessageQueue":47: 队列满了，生产者线程等待
2020-12-25 11:13:32 DEBUG [生产者22] "MessageQueue":47: 队列满了，生产者线程等待
2020-12-25 11:13:32 DEBUG [生产者24] "MessageQueue":47: 队列满了，生产者线程等待
2020-12-25 11:13:32 DEBUG [生产者20] "MessageQueue":47: 队列满了，生产者线程等待
2020-12-25 11:13:32 DEBUG [生产者26] "MessageQueue":47: 队列满了，生产者线程等待
2020-12-25 11:13:32 DEBUG [生产者18] "MessageQueue":47: 队列满了，生产者线程等待
2020-12-25 11:13:32 DEBUG [生产者28] "MessageQueue":47: 队列满了，生产者线程等待
2020-12-25 11:13:32 DEBUG [生产者30] "MessageQueue":47: 队列满了，生产者线程等待
2020-12-25 11:13:32 DEBUG [生产者32] "MessageQueue":47: 队列满了，生产者线程等待
2020-12-25 11:13:32 DEBUG [生产者34] "MessageQueue":47: 队列满了，生产者线程等待
2020-12-25 11:13:32 DEBUG [生产者38] "MessageQueue":47: 队列满了，生产者线程等待
2020-12-25 11:13:32 DEBUG [生产者36] "MessageQueue":47: 队列满了，生产者线程等待
2020-12-25 11:13:32 DEBUG [生产者40] "MessageQueue":47: 队列满了，生产者线程等待
2020-12-25 11:13:32 DEBUG [生产者42] "MessageQueue":47: 队列满了，生产者线程等待
2020-12-25 11:13:32 DEBUG [生产者44] "MessageQueue":47: 队列满了，生产者线程等待
2020-12-25 11:13:32 DEBUG [生产者46] "MessageQueue":47: 队列满了，生产者线程等待
2020-12-25 11:13:32 DEBUG [生产者50] "MessageQueue":47: 队列满了，生产者线程等待
2020-12-25 11:13:32 DEBUG [生产者48] "MessageQueue":47: 队列满了，生产者线程等待
2020-12-25 11:13:32 DEBUG [生产者52] "MessageQueue":47: 队列满了，生产者线程等待
2020-12-25 11:13:32 DEBUG [生产者54] "MessageQueue":47: 队列满了，生产者线程等待
2020-12-25 11:13:32 DEBUG [生产者56] "MessageQueue":47: 队列满了，生产者线程等待
2020-12-25 11:13:32 DEBUG [生产者58] "MessageQueue":47: 队列满了，生产者线程等待
2020-12-25 11:13:32 DEBUG [生产者60] "MessageQueue":47: 队列满了，生产者线程等待
2020-12-25 11:13:32 DEBUG [生产者62] "MessageQueue":47: 队列满了，生产者线程等待
2020-12-25 11:13:32 DEBUG [生产者64] "MessageQueue":47: 队列满了，生产者线程等待
2020-12-25 11:13:32 DEBUG [生产者66] "MessageQueue":47: 队列满了，生产者线程等待
2020-12-25 11:13:32 DEBUG [生产者70] "MessageQueue":47: 队列满了，生产者线程等待
2020-12-25 11:13:32 DEBUG [生产者68] "MessageQueue":47: 队列满了，生产者线程等待
2020-12-25 11:13:32 DEBUG [生产者72] "MessageQueue":47: 队列满了，生产者线程等待
2020-12-25 11:13:32 DEBUG [生产者74] "MessageQueue":47: 队列满了，生产者线程等待
2020-12-25 11:13:32 DEBUG [生产者76] "MessageQueue":47: 队列满了，生产者线程等待
2020-12-25 11:13:32 DEBUG [生产者78] "MessageQueue":47: 队列满了，生产者线程等待
2020-12-25 11:13:32 DEBUG [生产者80] "MessageQueue":47: 队列满了，生产者线程等待
2020-12-25 11:13:33 DEBUG [消费者] "MessageQueue":37: 已经消费消息Message{id=16, val=值16}
2020-12-25 11:13:33 DEBUG [生产者8] "MessageQueue":56: 已经生产消息Message{id=8, val=值8}
2020-12-25 11:13:33 DEBUG [生产者80] "MessageQueue":47: 队列满了，生产者线程等待
2020-12-25 11:13:33 DEBUG [生产者78] "MessageQueue":47: 队列满了，生产者线程等待
2020-12-25 11:13:33 DEBUG [生产者76] "MessageQueue":47: 队列满了，生产者线程等待
2020-12-25 11:13:33 DEBUG [生产者74] "MessageQueue":47: 队列满了，生产者线程等待
2020-12-25 11:13:33 DEBUG [生产者72] "MessageQueue":47: 队列满了，生产者线程等待
2020-12-25 11:13:33 DEBUG [生产者68] "MessageQueue":47: 队列满了，生产者线程等待
2020-12-25 11:13:33 DEBUG [生产者70] "MessageQueue":47: 队列满了，生产者线程等待
2020-12-25 11:13:33 DEBUG [生产者66] "MessageQueue":47: 队列满了，生产者线程等待
2020-12-25 11:13:33 DEBUG [生产者64] "MessageQueue":47: 队列满了，生产者线程等待
2020-12-25 11:13:33 DEBUG [生产者62] "MessageQueue":47: 队列满了，生产者线程等待
2020-12-25 11:13:33 DEBUG [生产者60] "MessageQueue":47: 队列满了，生产者线程等待
2020-12-25 11:13:33 DEBUG [生产者58] "MessageQueue":47: 队列满了，生产者线程等待
2020-12-25 11:13:33 DEBUG [生产者56] "MessageQueue":47: 队列满了，生产者线程等待
2020-12-25 11:13:33 DEBUG [生产者54] "MessageQueue":47: 队列满了，生产者线程等待
2020-12-25 11:13:33 DEBUG [生产者52] "MessageQueue":47: 队列满了，生产者线程等待
2020-12-25 11:13:33 DEBUG [生产者48] "MessageQueue":47: 队列满了，生产者线程等待
2020-12-25 11:13:33 DEBUG [生产者50] "MessageQueue":47: 队列满了，生产者线程等待
2020-12-25 11:13:33 DEBUG [生产者46] "MessageQueue":47: 队列满了，生产者线程等待
2020-12-25 11:13:33 DEBUG [生产者44] "MessageQueue":47: 队列满了，生产者线程等待
2020-12-25 11:13:33 DEBUG [生产者42] "MessageQueue":47: 队列满了，生产者线程等待
2020-12-25 11:13:33 DEBUG [生产者40] "MessageQueue":47: 队列满了，生产者线程等待
2020-12-25 11:13:33 DEBUG [生产者36] "MessageQueue":47: 队列满了，生产者线程等待
2020-12-25 11:13:33 DEBUG [生产者38] "MessageQueue":47: 队列满了，生产者线程等待
2020-12-25 11:13:33 DEBUG [生产者34] "MessageQueue":47: 队列满了，生产者线程等待
2020-12-25 11:13:33 DEBUG [生产者32] "MessageQueue":47: 队列满了，生产者线程等待
2020-12-25 11:13:33 DEBUG [生产者30] "MessageQueue":47: 队列满了，生产者线程等待
2020-12-25 11:13:33 DEBUG [生产者28] "MessageQueue":47: 队列满了，生产者线程等待
2020-12-25 11:13:33 DEBUG [生产者18] "MessageQueue":47: 队列满了，生产者线程等待
2020-12-25 11:13:33 DEBUG [生产者26] "MessageQueue":47: 队列满了，生产者线程等待
2020-12-25 11:13:33 DEBUG [生产者20] "MessageQueue":47: 队列满了，生产者线程等待
2020-12-25 11:13:33 DEBUG [生产者24] "MessageQueue":47: 队列满了，生产者线程等待
2020-12-25 11:13:33 DEBUG [生产者22] "MessageQueue":47: 队列满了，生产者线程等待
2020-12-25 11:13:34 DEBUG [消费者] "MessageQueue":37: 已经消费消息Message{id=82, val=值82}
2020-12-25 11:13:34 DEBUG [生产者80] "MessageQueue":56: 已经生产消息Message{id=80, val=值80}
2020-12-25 11:13:34 DEBUG [生产者22] "MessageQueue":47: 队列满了，生产者线程等待
2020-12-25 11:13:34 DEBUG [生产者24] "MessageQueue":47: 队列满了，生产者线程等待
2020-12-25 11:13:34 DEBUG [生产者20] "MessageQueue":47: 队列满了，生产者线程等待
2020-12-25 11:13:34 DEBUG [生产者26] "MessageQueue":47: 队列满了，生产者线程等待
2020-12-25 11:13:34 DEBUG [生产者18] "MessageQueue":47: 队列满了，生产者线程等待
2020-12-25 11:13:34 DEBUG [生产者28] "MessageQueue":47: 队列满了，生产者线程等待
2020-12-25 11:13:34 DEBUG [生产者30] "MessageQueue":47: 队列满了，生产者线程等待
2020-12-25 11:13:34 DEBUG [生产者32] "MessageQueue":47: 队列满了，生产者线程等待
2020-12-25 11:13:34 DEBUG [生产者34] "MessageQueue":47: 队列满了，生产者线程等待
2020-12-25 11:13:34 DEBUG [生产者38] "MessageQueue":47: 队列满了，生产者线程等待
2020-12-25 11:13:34 DEBUG [生产者36] "MessageQueue":47: 队列满了，生产者线程等待
2020-12-25 11:13:34 DEBUG [生产者40] "MessageQueue":47: 队列满了，生产者线程等待
2020-12-25 11:13:34 DEBUG [生产者42] "MessageQueue":47: 队列满了，生产者线程等待
2020-12-25 11:13:34 DEBUG [生产者44] "MessageQueue":47: 队列满了，生产者线程等待
2020-12-25 11:13:34 DEBUG [生产者46] "MessageQueue":47: 队列满了，生产者线程等待
2020-12-25 11:13:34 DEBUG [生产者50] "MessageQueue":47: 队列满了，生产者线程等待
2020-12-25 11:13:34 DEBUG [生产者48] "MessageQueue":47: 队列满了，生产者线程等待
2020-12-25 11:13:34 DEBUG [生产者52] "MessageQueue":47: 队列满了，生产者线程等待
2020-12-25 11:13:34 DEBUG [生产者54] "MessageQueue":47: 队列满了，生产者线程等待
2020-12-25 11:13:34 DEBUG [生产者56] "MessageQueue":47: 队列满了，生产者线程等待
2020-12-25 11:13:34 DEBUG [生产者58] "MessageQueue":47: 队列满了，生产者线程等待
2020-12-25 11:13:34 DEBUG [生产者60] "MessageQueue":47: 队列满了，生产者线程等待
2020-12-25 11:13:34 DEBUG [生产者62] "MessageQueue":47: 队列满了，生产者线程等待
2020-12-25 11:13:34 DEBUG [生产者64] "MessageQueue":47: 队列满了，生产者线程等待
2020-12-25 11:13:34 DEBUG [生产者66] "MessageQueue":47: 队列满了，生产者线程等待
2020-12-25 11:13:34 DEBUG [生产者70] "MessageQueue":47: 队列满了，生产者线程等待
2020-12-25 11:13:34 DEBUG [生产者68] "MessageQueue":47: 队列满了，生产者线程等待
2020-12-25 11:13:34 DEBUG [生产者72] "MessageQueue":47: 队列满了，生产者线程等待
2020-12-25 11:13:34 DEBUG [生产者74] "MessageQueue":47: 队列满了，生产者线程等待
2020-12-25 11:13:34 DEBUG [生产者76] "MessageQueue":47: 队列满了，生产者线程等待
2020-12-25 11:13:34 DEBUG [生产者78] "MessageQueue":47: 队列满了，生产者线程等待
2020-12-25 11:13:35 DEBUG [消费者] "MessageQueue":37: 已经消费消息Message{id=8, val=值8}
2020-12-25 11:13:35 DEBUG [生产者22] "MessageQueue":56: 已经生产消息Message{id=22, val=值22}
2020-12-25 11:13:35 DEBUG [生产者78] "MessageQueue":47: 队列满了，生产者线程等待
2020-12-25 11:13:35 DEBUG [生产者76] "MessageQueue":47: 队列满了，生产者线程等待
2020-12-25 11:13:35 DEBUG [生产者74] "MessageQueue":47: 队列满了，生产者线程等待
2020-12-25 11:13:35 DEBUG [生产者72] "MessageQueue":47: 队列满了，生产者线程等待
2020-12-25 11:13:35 DEBUG [生产者68] "MessageQueue":47: 队列满了，生产者线程等待
2020-12-25 11:13:35 DEBUG [生产者70] "MessageQueue":47: 队列满了，生产者线程等待
2020-12-25 11:13:35 DEBUG [生产者66] "MessageQueue":47: 队列满了，生产者线程等待
2020-12-25 11:13:35 DEBUG [生产者64] "MessageQueue":47: 队列满了，生产者线程等待
2020-12-25 11:13:35 DEBUG [生产者62] "MessageQueue":47: 队列满了，生产者线程等待
2020-12-25 11:13:35 DEBUG [生产者60] "MessageQueue":47: 队列满了，生产者线程等待
2020-12-25 11:13:35 DEBUG [生产者58] "MessageQueue":47: 队列满了，生产者线程等待
2020-12-25 11:13:35 DEBUG [生产者56] "MessageQueue":47: 队列满了，生产者线程等待
2020-12-25 11:13:35 DEBUG [生产者54] "MessageQueue":47: 队列满了，生产者线程等待
2020-12-25 11:13:35 DEBUG [生产者52] "MessageQueue":47: 队列满了，生产者线程等待
2020-12-25 11:13:35 DEBUG [生产者48] "MessageQueue":47: 队列满了，生产者线程等待
2020-12-25 11:13:35 DEBUG [生产者50] "MessageQueue":47: 队列满了，生产者线程等待
2020-12-25 11:13:35 DEBUG [生产者46] "MessageQueue":47: 队列满了，生产者线程等待
2020-12-25 11:13:35 DEBUG [生产者44] "MessageQueue":47: 队列满了，生产者线程等待
2020-12-25 11:13:35 DEBUG [生产者42] "MessageQueue":47: 队列满了，生产者线程等待
2020-12-25 11:13:35 DEBUG [生产者40] "MessageQueue":47: 队列满了，生产者线程等待
2020-12-25 11:13:35 DEBUG [生产者36] "MessageQueue":47: 队列满了，生产者线程等待
2020-12-25 11:13:35 DEBUG [生产者38] "MessageQueue":47: 队列满了，生产者线程等待
2020-12-25 11:13:35 DEBUG [生产者34] "MessageQueue":47: 队列满了，生产者线程等待
2020-12-25 11:13:35 DEBUG [生产者32] "MessageQueue":47: 队列满了，生产者线程等待
2020-12-25 11:13:35 DEBUG [生产者30] "MessageQueue":47: 队列满了，生产者线程等待
2020-12-25 11:13:35 DEBUG [生产者28] "MessageQueue":47: 队列满了，生产者线程等待
2020-12-25 11:13:35 DEBUG [生产者18] "MessageQueue":47: 队列满了，生产者线程等待
2020-12-25 11:13:35 DEBUG [生产者26] "MessageQueue":47: 队列满了，生产者线程等待
2020-12-25 11:13:35 DEBUG [生产者20] "MessageQueue":47: 队列满了，生产者线程等待
2020-12-25 11:13:35 DEBUG [生产者24] "MessageQueue":47: 队列满了，生产者线程等待
2020-12-25 11:13:36 DEBUG [消费者] "MessageQueue":37: 已经消费消息Message{id=80, val=值80}
2020-12-25 11:13:36 DEBUG [生产者78] "MessageQueue":56: 已经生产消息Message{id=78, val=值78}
2020-12-25 11:13:36 DEBUG [生产者24] "MessageQueue":47: 队列满了，生产者线程等待
2020-12-25 11:13:36 DEBUG [生产者20] "MessageQueue":47: 队列满了，生产者线程等待
2020-12-25 11:13:36 DEBUG [生产者26] "MessageQueue":47: 队列满了，生产者线程等待
2020-12-25 11:13:36 DEBUG [生产者18] "MessageQueue":47: 队列满了，生产者线程等待
2020-12-25 11:13:36 DEBUG [生产者28] "MessageQueue":47: 队列满了，生产者线程等待
2020-12-25 11:13:36 DEBUG [生产者30] "MessageQueue":47: 队列满了，生产者线程等待
2020-12-25 11:13:36 DEBUG [生产者32] "MessageQueue":47: 队列满了，生产者线程等待
2020-12-25 11:13:36 DEBUG [生产者34] "MessageQueue":47: 队列满了，生产者线程等待
2020-12-25 11:13:36 DEBUG [生产者38] "MessageQueue":47: 队列满了，生产者线程等待
2020-12-25 11:13:36 DEBUG [生产者36] "MessageQueue":47: 队列满了，生产者线程等待
2020-12-25 11:13:36 DEBUG [生产者40] "MessageQueue":47: 队列满了，生产者线程等待
2020-12-25 11:13:36 DEBUG [生产者42] "MessageQueue":47: 队列满了，生产者线程等待
2020-12-25 11:13:36 DEBUG [生产者44] "MessageQueue":47: 队列满了，生产者线程等待
2020-12-25 11:13:36 DEBUG [生产者46] "MessageQueue":47: 队列满了，生产者线程等待
2020-12-25 11:13:36 DEBUG [生产者50] "MessageQueue":47: 队列满了，生产者线程等待
2020-12-25 11:13:36 DEBUG [生产者48] "MessageQueue":47: 队列满了，生产者线程等待
2020-12-25 11:13:36 DEBUG [生产者52] "MessageQueue":47: 队列满了，生产者线程等待
2020-12-25 11:13:36 DEBUG [生产者54] "MessageQueue":47: 队列满了，生产者线程等待
2020-12-25 11:13:36 DEBUG [生产者56] "MessageQueue":47: 队列满了，生产者线程等待
2020-12-25 11:13:36 DEBUG [生产者58] "MessageQueue":47: 队列满了，生产者线程等待
2020-12-25 11:13:36 DEBUG [生产者60] "MessageQueue":47: 队列满了，生产者线程等待
2020-12-25 11:13:36 DEBUG [生产者62] "MessageQueue":47: 队列满了，生产者线程等待
2020-12-25 11:13:36 DEBUG [生产者64] "MessageQueue":47: 队列满了，生产者线程等待
2020-12-25 11:13:36 DEBUG [生产者66] "MessageQueue":47: 队列满了，生产者线程等待
2020-12-25 11:13:36 DEBUG [生产者70] "MessageQueue":47: 队列满了，生产者线程等待
2020-12-25 11:13:36 DEBUG [生产者68] "MessageQueue":47: 队列满了，生产者线程等待
2020-12-25 11:13:36 DEBUG [生产者72] "MessageQueue":47: 队列满了，生产者线程等待
2020-12-25 11:13:36 DEBUG [生产者74] "MessageQueue":47: 队列满了，生产者线程等待
2020-12-25 11:13:36 DEBUG [生产者76] "MessageQueue":47: 队列满了，生产者线程等待
2020-12-25 11:13:37 DEBUG [消费者] "MessageQueue":37: 已经消费消息Message{id=22, val=值22}
2020-12-25 11:13:37 DEBUG [生产者24] "MessageQueue":56: 已经生产消息Message{id=24, val=值24}
2020-12-25 11:13:37 DEBUG [生产者76] "MessageQueue":47: 队列满了，生产者线程等待
2020-12-25 11:13:37 DEBUG [生产者74] "MessageQueue":47: 队列满了，生产者线程等待
2020-12-25 11:13:37 DEBUG [生产者72] "MessageQueue":47: 队列满了，生产者线程等待
2020-12-25 11:13:37 DEBUG [生产者68] "MessageQueue":47: 队列满了，生产者线程等待
2020-12-25 11:13:37 DEBUG [生产者70] "MessageQueue":47: 队列满了，生产者线程等待
2020-12-25 11:13:37 DEBUG [生产者66] "MessageQueue":47: 队列满了，生产者线程等待
2020-12-25 11:13:37 DEBUG [生产者64] "MessageQueue":47: 队列满了，生产者线程等待
2020-12-25 11:13:37 DEBUG [生产者62] "MessageQueue":47: 队列满了，生产者线程等待
2020-12-25 11:13:37 DEBUG [生产者60] "MessageQueue":47: 队列满了，生产者线程等待
2020-12-25 11:13:37 DEBUG [生产者58] "MessageQueue":47: 队列满了，生产者线程等待
2020-12-25 11:13:37 DEBUG [生产者56] "MessageQueue":47: 队列满了，生产者线程等待
2020-12-25 11:13:37 DEBUG [生产者54] "MessageQueue":47: 队列满了，生产者线程等待
2020-12-25 11:13:37 DEBUG [生产者52] "MessageQueue":47: 队列满了，生产者线程等待
2020-12-25 11:13:37 DEBUG [生产者48] "MessageQueue":47: 队列满了，生产者线程等待
2020-12-25 11:13:37 DEBUG [生产者50] "MessageQueue":47: 队列满了，生产者线程等待
2020-12-25 11:13:37 DEBUG [生产者46] "MessageQueue":47: 队列满了，生产者线程等待
2020-12-25 11:13:37 DEBUG [生产者44] "MessageQueue":47: 队列满了，生产者线程等待
2020-12-25 11:13:37 DEBUG [生产者42] "MessageQueue":47: 队列满了，生产者线程等待
2020-12-25 11:13:37 DEBUG [生产者40] "MessageQueue":47: 队列满了，生产者线程等待
2020-12-25 11:13:37 DEBUG [生产者36] "MessageQueue":47: 队列满了，生产者线程等待
2020-12-25 11:13:37 DEBUG [生产者38] "MessageQueue":47: 队列满了，生产者线程等待
2020-12-25 11:13:37 DEBUG [生产者34] "MessageQueue":47: 队列满了，生产者线程等待
2020-12-25 11:13:37 DEBUG [生产者32] "MessageQueue":47: 队列满了，生产者线程等待
2020-12-25 11:13:37 DEBUG [生产者30] "MessageQueue":47: 队列满了，生产者线程等待
2020-12-25 11:13:37 DEBUG [生产者28] "MessageQueue":47: 队列满了，生产者线程等待
2020-12-25 11:13:37 DEBUG [生产者18] "MessageQueue":47: 队列满了，生产者线程等待
2020-12-25 11:13:37 DEBUG [生产者26] "MessageQueue":47: 队列满了，生产者线程等待
2020-12-25 11:13:37 DEBUG [生产者20] "MessageQueue":47: 队列满了，生产者线程等待
2020-12-25 11:13:38 DEBUG [消费者] "MessageQueue":37: 已经消费消息Message{id=78, val=值78}
2020-12-25 11:13:38 DEBUG [生产者76] "MessageQueue":56: 已经生产消息Message{id=76, val=值76}
2020-12-25 11:13:38 DEBUG [生产者20] "MessageQueue":47: 队列满了，生产者线程等待
2020-12-25 11:13:38 DEBUG [生产者26] "MessageQueue":47: 队列满了，生产者线程等待
2020-12-25 11:13:38 DEBUG [生产者18] "MessageQueue":47: 队列满了，生产者线程等待
2020-12-25 11:13:38 DEBUG [生产者28] "MessageQueue":47: 队列满了，生产者线程等待
2020-12-25 11:13:38 DEBUG [生产者30] "MessageQueue":47: 队列满了，生产者线程等待
2020-12-25 11:13:38 DEBUG [生产者32] "MessageQueue":47: 队列满了，生产者线程等待
2020-12-25 11:13:38 DEBUG [生产者34] "MessageQueue":47: 队列满了，生产者线程等待
2020-12-25 11:13:38 DEBUG [生产者38] "MessageQueue":47: 队列满了，生产者线程等待
2020-12-25 11:13:38 DEBUG [生产者36] "MessageQueue":47: 队列满了，生产者线程等待
2020-12-25 11:13:38 DEBUG [生产者40] "MessageQueue":47: 队列满了，生产者线程等待
2020-12-25 11:13:38 DEBUG [生产者42] "MessageQueue":47: 队列满了，生产者线程等待
2020-12-25 11:13:38 DEBUG [生产者44] "MessageQueue":47: 队列满了，生产者线程等待
2020-12-25 11:13:38 DEBUG [生产者46] "MessageQueue":47: 队列满了，生产者线程等待
2020-12-25 11:13:38 DEBUG [生产者50] "MessageQueue":47: 队列满了，生产者线程等待
2020-12-25 11:13:38 DEBUG [生产者48] "MessageQueue":47: 队列满了，生产者线程等待
2020-12-25 11:13:38 DEBUG [生产者52] "MessageQueue":47: 队列满了，生产者线程等待
2020-12-25 11:13:38 DEBUG [生产者54] "MessageQueue":47: 队列满了，生产者线程等待
2020-12-25 11:13:38 DEBUG [生产者56] "MessageQueue":47: 队列满了，生产者线程等待
2020-12-25 11:13:38 DEBUG [生产者58] "MessageQueue":47: 队列满了，生产者线程等待
2020-12-25 11:13:38 DEBUG [生产者60] "MessageQueue":47: 队列满了，生产者线程等待
2020-12-25 11:13:38 DEBUG [生产者62] "MessageQueue":47: 队列满了，生产者线程等待
2020-12-25 11:13:38 DEBUG [生产者64] "MessageQueue":47: 队列满了，生产者线程等待
2020-12-25 11:13:38 DEBUG [生产者66] "MessageQueue":47: 队列满了，生产者线程等待
2020-12-25 11:13:38 DEBUG [生产者70] "MessageQueue":47: 队列满了，生产者线程等待
2020-12-25 11:13:38 DEBUG [生产者68] "MessageQueue":47: 队列满了，生产者线程等待
2020-12-25 11:13:38 DEBUG [生产者72] "MessageQueue":47: 队列满了，生产者线程等待
2020-12-25 11:13:38 DEBUG [生产者74] "MessageQueue":47: 队列满了，生产者线程等待
2020-12-25 11:14:02 DEBUG [生产者2] "MessageQueue":56: 已经生产消息Message{id=2, val=值2}
2020-12-25 11:14:02 DEBUG [生产者0] "MessageQueue":56: 已经生产消息Message{id=0, val=值0}
2020-12-25 11:14:02 DEBUG [生产者4] "MessageQueue":47: 队列满了，生产者线程等待
2020-12-25 11:14:02 DEBUG [生产者8] "MessageQueue":47: 队列满了，生产者线程等待
2020-12-25 11:14:02 DEBUG [生产者6] "MessageQueue":47: 队列满了，生产者线程等待
2020-12-25 11:14:03 DEBUG [消费者] "MessageQueue":37: 已经消费消息Message{id=2, val=值2}
2020-12-25 11:14:03 DEBUG [生产者4] "MessageQueue":56: 已经生产消息Message{id=4, val=值4}
2020-12-25 11:14:03 DEBUG [生产者6] "MessageQueue":47: 队列满了，生产者线程等待
2020-12-25 11:14:03 DEBUG [生产者8] "MessageQueue":47: 队列满了，生产者线程等待
2020-12-25 11:14:04 DEBUG [消费者] "MessageQueue":37: 已经消费消息Message{id=0, val=值0}
2020-12-25 11:14:04 DEBUG [生产者6] "MessageQueue":56: 已经生产消息Message{id=6, val=值6}
2020-12-25 11:14:04 DEBUG [生产者8] "MessageQueue":47: 队列满了，生产者线程等待
2020-12-25 11:14:05 DEBUG [消费者] "MessageQueue":37: 已经消费消息Message{id=4, val=值4}
2020-12-25 11:14:05 DEBUG [生产者8] "MessageQueue":56: 已经生产消息Message{id=8, val=值8}
2020-12-25 11:14:06 DEBUG [消费者] "MessageQueue":37: 已经消费消息Message{id=6, val=值6}
2020-12-25 11:14:07 DEBUG [消费者] "MessageQueue":37: 已经消费消息Message{id=8, val=值8}
2020-12-25 11:14:08 DEBUG [消费者] "MessageQueue":30: 队列为空，消费者线程等待
2020-12-25 11:15:58 DEBUG [苏格拉底] "Philosopher":35: use1,2 eating...
2020-12-25 11:15:58 DEBUG [亚里士多德] "Philosopher":35: use3,4 eating...
2020-12-25 11:15:59 DEBUG [亚里士多德] "Philosopher":35: use3,4 eating...
2020-12-25 11:15:59 DEBUG [苏格拉底] "Philosopher":35: use1,2 eating...
2020-12-25 11:16:00 DEBUG [亚里士多德] "Philosopher":35: use3,4 eating...
2020-12-25 11:16:00 DEBUG [苏格拉底] "Philosopher":35: use1,2 eating...
2020-12-25 11:16:01 DEBUG [亚里士多德] "Philosopher":35: use3,4 eating...
2020-12-25 11:16:01 DEBUG [苏格拉底] "Philosopher":35: use1,2 eating...
2020-12-25 11:16:02 DEBUG [亚里士多德] "Philosopher":35: use3,4 eating...
2020-12-25 11:16:02 DEBUG [苏格拉底] "Philosopher":35: use1,2 eating...
2020-12-25 11:16:03 DEBUG [亚里士多德] "Philosopher":35: use3,4 eating...
2020-12-25 11:16:03 DEBUG [苏格拉底] "Philosopher":35: use1,2 eating...
2020-12-25 11:16:04 DEBUG [亚里士多德] "Philosopher":35: use3,4 eating...
2020-12-25 11:16:04 DEBUG [苏格拉底] "Philosopher":35: use1,2 eating...
2020-12-25 11:16:05 DEBUG [亚里士多德] "Philosopher":35: use3,4 eating...
2020-12-25 11:16:05 DEBUG [苏格拉底] "Philosopher":35: use1,2 eating...
2020-12-25 11:16:06 DEBUG [亚里士多德] "Philosopher":35: use3,4 eating...
2020-12-25 11:16:06 DEBUG [苏格拉底] "Philosopher":35: use1,2 eating...
2020-12-25 11:16:07 DEBUG [亚里士多德] "Philosopher":35: use3,4 eating...
2020-12-25 11:16:07 DEBUG [苏格拉底] "Philosopher":35: use1,2 eating...
2020-12-25 11:16:08 DEBUG [亚里士多德] "Philosopher":35: use3,4 eating...
2020-12-25 11:16:08 DEBUG [苏格拉底] "Philosopher":35: use1,2 eating...
2020-12-25 11:16:09 DEBUG [亚里士多德] "Philosopher":35: use3,4 eating...
2020-12-25 11:16:09 DEBUG [苏格拉底] "Philosopher":35: use1,2 eating...
2020-12-25 11:16:10 DEBUG [亚里士多德] "Philosopher":35: use3,4 eating...
2020-12-25 11:16:10 DEBUG [苏格拉底] "Philosopher":35: use1,2 eating...
2020-12-25 11:16:11 DEBUG [亚里士多德] "Philosopher":35: use3,4 eating...
2020-12-25 11:16:11 DEBUG [苏格拉底] "Philosopher":35: use1,2 eating...
2020-12-25 11:16:12 DEBUG [亚里士多德] "Philosopher":35: use3,4 eating...
2020-12-25 11:16:12 DEBUG [苏格拉底] "Philosopher":35: use1,2 eating...
2020-12-25 11:16:13 DEBUG [亚里士多德] "Philosopher":35: use3,4 eating...
2020-12-25 11:16:13 DEBUG [苏格拉底] "Philosopher":35: use1,2 eating...
2020-12-25 11:16:14 DEBUG [亚里士多德] "Philosopher":35: use3,4 eating...
2020-12-25 11:16:14 DEBUG [苏格拉底] "Philosopher":35: use1,2 eating...
2020-12-25 11:16:18 DEBUG [苏格拉底] "Philosopher":35: use1,2 eating...
2020-12-25 11:16:19 DEBUG [苏格拉底] "Philosopher":35: use1,2 eating...
2020-12-25 11:16:20 DEBUG [苏格拉底] "Philosopher":35: use1,2 eating...
2020-12-25 11:16:21 DEBUG [苏格拉底] "Philosopher":35: use1,2 eating...
2020-12-25 11:16:22 DEBUG [苏格拉底] "Philosopher":35: use1,2 eating...
2020-12-25 11:16:23 DEBUG [苏格拉底] "Philosopher":35: use1,2 eating...
2020-12-25 11:16:24 DEBUG [苏格拉底] "Philosopher":35: use1,2 eating...
2020-12-25 11:16:25 DEBUG [苏格拉底] "Philosopher":35: use1,2 eating...
2020-12-25 11:16:26 DEBUG [苏格拉底] "Philosopher":35: use1,2 eating...
2020-12-25 11:16:27 DEBUG [苏格拉底] "Philosopher":35: use1,2 eating...
2020-12-25 11:16:28 DEBUG [苏格拉底] "Philosopher":35: use1,2 eating...
2020-12-25 11:16:29 DEBUG [苏格拉底] "Philosopher":35: use1,2 eating...
2020-12-25 11:16:30 DEBUG [苏格拉底] "Philosopher":35: use1,2 eating...
2020-12-25 11:16:31 DEBUG [苏格拉底] "Philosopher":35: use1,2 eating...
2020-12-25 11:16:32 DEBUG [苏格拉底] "Philosopher":35: use1,2 eating...
2020-12-25 11:16:33 DEBUG [苏格拉底] "Philosopher":35: use1,2 eating...
2020-12-25 11:16:34 DEBUG [苏格拉底] "Philosopher":35: use1,2 eating...
2020-12-25 11:16:35 DEBUG [苏格拉底] "Philosopher":35: use1,2 eating...
2020-12-25 11:16:36 DEBUG [苏格拉底] "Philosopher":35: use1,2 eating...
2020-12-25 11:16:37 DEBUG [苏格拉底] "Philosopher":35: use1,2 eating...
2020-12-25 11:16:41 DEBUG [苏格拉底] "Philosopher":35: use1,2 eating...
2020-12-25 11:16:41 DEBUG [赫拉克利特] "Philosopher":35: use4,5 eating...
2020-12-25 11:16:42 DEBUG [苏格拉底] "Philosopher":35: use1,2 eating...
2020-12-25 11:16:42 DEBUG [赫拉克利特] "Philosopher":35: use4,5 eating...
2020-12-25 11:16:43 DEBUG [苏格拉底] "Philosopher":35: use1,2 eating...
2020-12-25 11:16:43 DEBUG [赫拉克利特] "Philosopher":35: use4,5 eating...
2020-12-25 11:16:44 DEBUG [苏格拉底] "Philosopher":35: use1,2 eating...
2020-12-25 11:16:44 DEBUG [赫拉克利特] "Philosopher":35: use4,5 eating...
2020-12-25 11:16:45 DEBUG [苏格拉底] "Philosopher":35: use1,2 eating...
2020-12-25 11:16:45 DEBUG [赫拉克利特] "Philosopher":35: use4,5 eating...
2020-12-25 11:16:46 DEBUG [苏格拉底] "Philosopher":35: use1,2 eating...
2020-12-25 11:16:46 DEBUG [亚里士多德] "Philosopher":35: use3,4 eating...
2020-12-25 11:16:47 DEBUG [苏格拉底] "Philosopher":35: use1,2 eating...
2020-12-25 11:16:47 DEBUG [亚里士多德] "Philosopher":35: use3,4 eating...
2020-12-25 11:16:48 DEBUG [苏格拉底] "Philosopher":35: use1,2 eating...
2020-12-25 11:16:48 DEBUG [亚里士多德] "Philosopher":35: use3,4 eating...
2020-12-25 11:16:49 DEBUG [苏格拉底] "Philosopher":35: use1,2 eating...
2020-12-25 11:16:49 DEBUG [亚里士多德] "Philosopher":35: use3,4 eating...
2020-12-25 11:16:50 DEBUG [苏格拉底] "Philosopher":35: use1,2 eating...
2020-12-25 11:16:50 DEBUG [亚里士多德] "Philosopher":35: use3,4 eating...
2020-12-25 11:16:51 DEBUG [亚里士多德] "Philosopher":35: use3,4 eating...
2020-12-25 11:16:52 DEBUG [亚里士多德] "Philosopher":35: use3,4 eating...
2020-12-25 11:16:53 DEBUG [亚里士多德] "Philosopher":35: use3,4 eating...
2020-12-25 11:16:54 DEBUG [亚里士多德] "Philosopher":35: use3,4 eating...
2020-12-25 11:16:55 DEBUG [亚里士多德] "Philosopher":35: use3,4 eating...
2020-12-25 11:16:56 DEBUG [亚里士多德] "Philosopher":35: use3,4 eating...
2020-12-25 11:16:57 DEBUG [亚里士多德] "Philosopher":35: use3,4 eating...
2020-12-25 11:16:58 DEBUG [亚里士多德] "Philosopher":35: use3,4 eating...
2020-12-25 11:16:59 DEBUG [亚里士多德] "Philosopher":35: use3,4 eating...
2020-12-25 11:17:00 DEBUG [亚里士多德] "Philosopher":35: use3,4 eating...
2020-12-25 11:18:18 DEBUG [苏格拉底] "SolvePhilosopher":45: use1,2 eating...
2020-12-25 11:18:18 DEBUG [亚里士多德] "SolvePhilosopher":45: use3,4 eating...
2020-12-25 11:18:19 DEBUG [阿基米德] "SolvePhilosopher":45: use5,1 eating...
2020-12-25 11:18:19 DEBUG [柏拉图] "SolvePhilosopher":45: use2,3 eating...
2020-12-25 11:18:20 DEBUG [赫拉克利特] "SolvePhilosopher":45: use4,5 eating...
2020-12-25 11:18:20 DEBUG [苏格拉底] "SolvePhilosopher":45: use1,2 eating...
2020-12-25 11:18:21 DEBUG [亚里士多德] "SolvePhilosopher":45: use3,4 eating...
2020-12-25 11:18:21 DEBUG [苏格拉底] "SolvePhilosopher":45: use1,2 eating...
2020-12-25 11:18:22 DEBUG [赫拉克利特] "SolvePhilosopher":45: use4,5 eating...
2020-12-25 11:18:22 DEBUG [苏格拉底] "SolvePhilosopher":45: use1,2 eating...
2020-12-25 11:18:23 DEBUG [亚里士多德] "SolvePhilosopher":45: use3,4 eating...
2020-12-25 11:18:23 DEBUG [阿基米德] "SolvePhilosopher":45: use5,1 eating...
2020-12-25 11:18:24 DEBUG [柏拉图] "SolvePhilosopher":45: use2,3 eating...
2020-12-25 11:18:24 DEBUG [赫拉克利特] "SolvePhilosopher":45: use4,5 eating...
2020-12-25 11:18:25 DEBUG [柏拉图] "SolvePhilosopher":45: use2,3 eating...
2020-12-25 11:18:25 DEBUG [赫拉克利特] "SolvePhilosopher":45: use4,5 eating...
2020-12-25 11:18:26 DEBUG [柏拉图] "SolvePhilosopher":45: use2,3 eating...
2020-12-25 11:18:26 DEBUG [赫拉克利特] "SolvePhilosopher":45: use4,5 eating...
2020-12-25 11:18:27 DEBUG [柏拉图] "SolvePhilosopher":45: use2,3 eating...
2020-12-25 11:18:27 DEBUG [赫拉克利特] "SolvePhilosopher":45: use4,5 eating...
2020-12-25 11:18:28 DEBUG [苏格拉底] "SolvePhilosopher":45: use1,2 eating...
2020-12-25 11:18:28 DEBUG [亚里士多德] "SolvePhilosopher":45: use3,4 eating...
2020-12-25 11:18:29 DEBUG [苏格拉底] "SolvePhilosopher":45: use1,2 eating...
2020-12-25 11:18:29 DEBUG [亚里士多德] "SolvePhilosopher":45: use3,4 eating...
2020-12-25 11:18:30 DEBUG [苏格拉底] "SolvePhilosopher":45: use1,2 eating...
2020-12-25 11:18:30 DEBUG [亚里士多德] "SolvePhilosopher":45: use3,4 eating...
2020-12-25 11:18:31 DEBUG [苏格拉底] "SolvePhilosopher":45: use1,2 eating...
2020-12-25 11:18:31 DEBUG [赫拉克利特] "SolvePhilosopher":45: use4,5 eating...
2020-12-25 11:18:32 DEBUG [苏格拉底] "SolvePhilosopher":45: use1,2 eating...
2020-12-25 11:18:32 DEBUG [亚里士多德] "SolvePhilosopher":45: use3,4 eating...
2020-12-25 11:20:39 DEBUG [亚里士多德] "SolvePhilosopher":52: use3,4 eating...
2020-12-25 11:20:39 DEBUG [苏格拉底] "SolvePhilosopher":52: use1,2 eating...
2020-12-25 11:20:40 DEBUG [亚里士多德] "SolvePhilosopher":52: use3,4 eating...
2020-12-25 11:20:40 DEBUG [苏格拉底] "SolvePhilosopher":52: use1,2 eating...
2020-12-25 11:20:41 DEBUG [亚里士多德] "SolvePhilosopher":52: use3,4 eating...
2020-12-25 11:20:41 DEBUG [苏格拉底] "SolvePhilosopher":52: use1,2 eating...
2020-12-25 11:20:42 DEBUG [亚里士多德] "SolvePhilosopher":52: use3,4 eating...
2020-12-25 11:20:42 DEBUG [苏格拉底] "SolvePhilosopher":52: use1,2 eating...
2020-12-25 11:20:43 DEBUG [苏格拉底] "SolvePhilosopher":52: use1,2 eating...
2020-12-25 11:20:44 DEBUG [苏格拉底] "SolvePhilosopher":52: use1,2 eating...
2020-12-25 11:20:45 DEBUG [苏格拉底] "SolvePhilosopher":52: use1,2 eating...
2020-12-25 11:20:46 DEBUG [亚里士多德] "SolvePhilosopher":52: use3,4 eating...
2020-12-25 11:20:46 DEBUG [苏格拉底] "SolvePhilosopher":52: use1,2 eating...
2020-12-25 11:20:47 DEBUG [亚里士多德] "SolvePhilosopher":52: use3,4 eating...
2020-12-25 11:20:47 DEBUG [苏格拉底] "SolvePhilosopher":52: use1,2 eating...
2020-12-25 11:20:48 DEBUG [亚里士多德] "SolvePhilosopher":52: use3,4 eating...
2020-12-25 11:20:48 DEBUG [苏格拉底] "SolvePhilosopher":52: use1,2 eating...
2020-12-25 11:20:49 DEBUG [亚里士多德] "SolvePhilosopher":52: use3,4 eating...
2020-12-25 11:20:49 DEBUG [苏格拉底] "SolvePhilosopher":52: use1,2 eating...
2020-12-25 11:20:50 DEBUG [亚里士多德] "SolvePhilosopher":52: use3,4 eating...
2020-12-25 11:20:50 DEBUG [苏格拉底] "SolvePhilosopher":52: use1,2 eating...
2020-12-25 11:20:51 DEBUG [亚里士多德] "SolvePhilosopher":52: use3,4 eating...
2020-12-25 11:20:51 DEBUG [苏格拉底] "SolvePhilosopher":52: use1,2 eating...
2020-12-25 11:20:52 DEBUG [亚里士多德] "SolvePhilosopher":52: use3,4 eating...
2020-12-25 11:20:52 DEBUG [苏格拉底] "SolvePhilosopher":52: use1,2 eating...
2020-12-25 11:20:53 DEBUG [亚里士多德] "SolvePhilosopher":52: use3,4 eating...
2020-12-25 11:20:53 DEBUG [苏格拉底] "SolvePhilosopher":52: use1,2 eating...
2020-12-25 11:20:54 DEBUG [亚里士多德] "SolvePhilosopher":52: use3,4 eating...
2020-12-25 11:20:58 DEBUG [柏拉图] "SolvePhilosopher":52: use2,3 eating...
2020-12-25 11:20:59 DEBUG [柏拉图] "SolvePhilosopher":52: use2,3 eating...
2020-12-25 11:21:00 DEBUG [阿基米德] "SolvePhilosopher":52: use5,1 eating...
2020-12-25 11:21:01 DEBUG [阿基米德] "SolvePhilosopher":52: use5,1 eating...
2020-12-25 11:21:02 DEBUG [阿基米德] "SolvePhilosopher":52: use5,1 eating...
2020-12-25 11:21:02 DEBUG [柏拉图] "SolvePhilosopher":52: use2,3 eating...
2020-12-25 11:21:03 DEBUG [苏格拉底] "SolvePhilosopher":52: use1,2 eating...
2020-12-25 11:21:03 DEBUG [赫拉克利特] "SolvePhilosopher":52: use4,5 eating...
2020-12-25 11:21:04 DEBUG [苏格拉底] "SolvePhilosopher":52: use1,2 eating...
2020-12-25 11:21:04 DEBUG [赫拉克利特] "SolvePhilosopher":52: use4,5 eating...
2020-12-25 11:21:05 DEBUG [苏格拉底] "SolvePhilosopher":52: use1,2 eating...
2020-12-25 11:21:05 DEBUG [赫拉克利特] "SolvePhilosopher":52: use4,5 eating...
2020-12-25 11:21:06 DEBUG [苏格拉底] "SolvePhilosopher":52: use1,2 eating...
2020-12-25 11:21:06 DEBUG [赫拉克利特] "SolvePhilosopher":52: use4,5 eating...
2020-12-25 11:21:07 DEBUG [苏格拉底] "SolvePhilosopher":52: use1,2 eating...
2020-12-25 11:21:07 DEBUG [赫拉克利特] "SolvePhilosopher":52: use4,5 eating...
2020-12-25 11:21:08 DEBUG [赫拉克利特] "SolvePhilosopher":52: use4,5 eating...
2020-12-25 11:21:08 DEBUG [苏格拉底] "SolvePhilosopher":52: use1,2 eating...
2020-12-25 11:21:09 DEBUG [赫拉克利特] "SolvePhilosopher":52: use4,5 eating...
2020-12-25 11:21:10 DEBUG [赫拉克利特] "SolvePhilosopher":52: use4,5 eating...
2020-12-25 11:21:11 DEBUG [赫拉克利特] "SolvePhilosopher":52: use4,5 eating...
2020-12-25 11:21:12 DEBUG [赫拉克利特] "SolvePhilosopher":52: use4,5 eating...
2020-12-25 11:21:12 DEBUG [苏格拉底] "SolvePhilosopher":52: use1,2 eating...
2020-12-25 11:21:13 DEBUG [赫拉克利特] "SolvePhilosopher":52: use4,5 eating...
2020-12-25 11:21:13 DEBUG [苏格拉底] "SolvePhilosopher":52: use1,2 eating...
2020-12-25 11:21:14 DEBUG [赫拉克利特] "SolvePhilosopher":52: use4,5 eating...
2020-12-25 11:21:14 DEBUG [苏格拉底] "SolvePhilosopher":52: use1,2 eating...
2021-01-11 17:30:54 DEBUG [Thread-2] "pool":52: wait...
2021-01-11 17:30:54 DEBUG [Thread-1] "pool":52: wait...
2021-01-11 17:30:54 DEBUG [Thread-0] "pool":52: wait...
2021-01-11 17:30:54 DEBUG [Thread-4] "pool":44: borrow MockConnection{name='conn 1'}
2021-01-11 17:30:54 DEBUG [Thread-3] "pool":44: borrow MockConnection{name='conn 2'}
2021-01-11 17:30:55 DEBUG [Thread-3] "pool":70: free MockConnection{name='conn 2'}
2021-01-11 17:30:55 DEBUG [Thread-1] "pool":52: wait...
2021-01-11 17:30:55 DEBUG [Thread-2] "pool":44: borrow MockConnection{name='conn 1'}
2021-01-11 17:30:55 DEBUG [Thread-0] "pool":44: borrow MockConnection{name='conn 2'}
2021-01-11 17:30:55 DEBUG [Thread-4] "pool":70: free MockConnection{name='conn 1'}
2021-01-11 17:30:55 DEBUG [Thread-1] "pool":52: wait...
2021-01-11 17:30:56 DEBUG [Thread-0] "pool":70: free MockConnection{name='conn 2'}
2021-01-11 17:30:56 DEBUG [Thread-1] "pool":44: borrow MockConnection{name='conn 1'}
2021-01-11 17:30:56 DEBUG [Thread-2] "pool":70: free MockConnection{name='conn 1'}
2021-01-11 17:30:57 DEBUG [Thread-1] "pool":70: free MockConnection{name='conn 1'}
2021-01-11 20:58:54 DEBUG [Thread-1] "pool":52: wait...
2021-01-11 20:58:54 DEBUG [Thread-2] "pool":52: wait...
2021-01-11 20:58:54 DEBUG [Thread-3] "pool":52: wait...
2021-01-11 20:58:54 DEBUG [Thread-4] "pool":44: borrow MockConnection{name='conn 2'}
2021-01-11 20:58:54 DEBUG [Thread-0] "pool":44: borrow MockConnection{name='conn 1'}
2021-01-11 20:58:56 DEBUG [Thread-4] "pool":70: free MockConnection{name='conn 2'}
2021-01-11 20:58:56 DEBUG [Thread-3] "pool":52: wait...
2021-01-11 20:58:56 DEBUG [Thread-1] "pool":44: borrow MockConnection{name='conn 2'}
2021-01-11 20:58:56 DEBUG [Thread-0] "pool":70: free MockConnection{name='conn 1'}
2021-01-11 20:58:56 DEBUG [Thread-2] "pool":44: borrow MockConnection{name='conn 1'}
2021-01-11 20:58:56 DEBUG [Thread-3] "pool":52: wait...
2021-01-11 20:58:57 DEBUG [Thread-2] "pool":70: free MockConnection{name='conn 1'}
2021-01-11 20:58:57 DEBUG [Thread-3] "pool":44: borrow MockConnection{name='conn 1'}
2021-01-11 20:58:57 DEBUG [Thread-1] "pool":70: free MockConnection{name='conn 2'}
2021-01-11 20:59:03 DEBUG [main] "ThreadPool":36: 新增workerThread[Thread-0,5,main],ThreadPool.TestThreadPool$$Lambda$27/0x00000008000d5c40@43738a82
2021-01-11 20:59:03 DEBUG [main] "ThreadPool":36: 新增workerThread[Thread-1,5,main],ThreadPool.TestThreadPool$$Lambda$27/0x00000008000d5c40@365185bd
2021-01-11 20:59:03 DEBUG [main] "ThreadPool":39: 加入任务对象ThreadPool.TestThreadPool$$Lambda$27/0x00000008000d5c40@4fb64261
2021-01-11 20:59:03 DEBUG [main] "ThreadPool":39: 加入任务对象ThreadPool.TestThreadPool$$Lambda$27/0x00000008000d5c40@42607a4f
2021-01-11 20:59:03 DEBUG [main] "ThreadPool":39: 加入任务对象ThreadPool.TestThreadPool$$Lambda$27/0x00000008000d5c40@782663d3
2021-01-11 21:00:39 DEBUG [main] "ThreadPool":36: 新增workerThread[Thread-0,5,main],ThreadPool.TestThreadPool$$Lambda$27/0x00000008000d5c40@43738a82
2021-01-11 21:00:39 DEBUG [main] "ThreadPool":36: 新增workerThread[Thread-1,5,main],ThreadPool.TestThreadPool$$Lambda$27/0x00000008000d5c40@365185bd
2021-01-11 21:00:39 DEBUG [Thread-0] "ThreadPool":67: 正在执行。。。ThreadPool.TestThreadPool$$Lambda$27/0x00000008000d5c40@43738a82
2021-01-11 21:00:39 DEBUG [main] "ThreadPool":40: 加入任务队列ThreadPool.TestThreadPool$$Lambda$27/0x00000008000d5c40@4fb64261
2021-01-11 21:00:39 DEBUG [Thread-1] "ThreadPool":67: 正在执行。。。ThreadPool.TestThreadPool$$Lambda$27/0x00000008000d5c40@365185bd
2021-01-11 21:00:39 DEBUG [main] "ThreadPool":40: 加入任务队列ThreadPool.TestThreadPool$$Lambda$27/0x00000008000d5c40@42607a4f
2021-01-11 21:00:39 DEBUG [Thread-0] "Test":17: j is 0
2021-01-11 21:00:39 DEBUG [main] "ThreadPool":40: 加入任务队列ThreadPool.TestThreadPool$$Lambda$27/0x00000008000d5c40@2eda0940
2021-01-11 21:00:39 DEBUG [Thread-1] "Test":17: j is 1
2021-01-11 21:00:39 DEBUG [Thread-0] "ThreadPool":67: 正在执行。。。ThreadPool.TestThreadPool$$Lambda$27/0x00000008000d5c40@4fb64261
2021-01-11 21:00:39 DEBUG [Thread-1] "ThreadPool":67: 正在执行。。。ThreadPool.TestThreadPool$$Lambda$27/0x00000008000d5c40@42607a4f
2021-01-11 21:00:39 DEBUG [Thread-0] "Test":17: j is 2
2021-01-11 21:00:39 DEBUG [Thread-1] "Test":17: j is 3
2021-01-11 21:00:39 DEBUG [Thread-0] "ThreadPool":67: 正在执行。。。ThreadPool.TestThreadPool$$Lambda$27/0x00000008000d5c40@2eda0940
2021-01-11 21:00:39 DEBUG [Thread-0] "Test":17: j is 4
2021-01-11 21:03:09 DEBUG [main] "ThreadPool":36: 新增workerThread[Thread-0,5,main],ThreadPool.TestThreadPool$$Lambda$27/0x00000008000d5c40@43738a82
2021-01-11 21:03:09 DEBUG [main] "ThreadPool":36: 新增workerThread[Thread-1,5,main],ThreadPool.TestThreadPool$$Lambda$27/0x00000008000d5c40@365185bd
2021-01-11 21:03:09 DEBUG [Thread-0] "ThreadPool":67: 正在执行。。。ThreadPool.TestThreadPool$$Lambda$27/0x00000008000d5c40@43738a82
2021-01-11 21:03:09 DEBUG [main] "ThreadPool":40: 加入任务队列ThreadPool.TestThreadPool$$Lambda$27/0x00000008000d5c40@4fb64261
2021-01-11 21:03:09 DEBUG [Thread-1] "ThreadPool":67: 正在执行。。。ThreadPool.TestThreadPool$$Lambda$27/0x00000008000d5c40@365185bd
2021-01-11 21:03:09 DEBUG [main] "ThreadPool":40: 加入任务队列ThreadPool.TestThreadPool$$Lambda$27/0x00000008000d5c40@42607a4f
2021-01-11 21:03:09 DEBUG [Thread-0] "Test":17: j is 0
2021-01-11 21:03:09 DEBUG [main] "ThreadPool":40: 加入任务队列ThreadPool.TestThreadPool$$Lambda$27/0x00000008000d5c40@2eda0940
2021-01-11 21:03:09 DEBUG [Thread-1] "Test":17: j is 1
2021-01-11 21:03:09 DEBUG [Thread-0] "ThreadPool":67: 正在执行。。。ThreadPool.TestThreadPool$$Lambda$27/0x00000008000d5c40@4fb64261
2021-01-11 21:03:09 DEBUG [Thread-1] "ThreadPool":67: 正在执行。。。ThreadPool.TestThreadPool$$Lambda$27/0x00000008000d5c40@42607a4f
2021-01-11 21:03:09 DEBUG [Thread-0] "Test":17: j is 2
2021-01-11 21:03:09 DEBUG [Thread-1] "Test":17: j is 3
2021-01-11 21:03:09 DEBUG [Thread-0] "ThreadPool":67: 正在执行。。。ThreadPool.TestThreadPool$$Lambda$27/0x00000008000d5c40@2eda0940
2021-01-11 21:03:09 DEBUG [Thread-0] "Test":17: j is 4
2021-01-11 21:03:09 DEBUG [Thread-1] "ThreadPool":76: 线程被移除。。。Thread[Thread-1,5,main]
2021-01-11 21:03:09 DEBUG [Thread-0] "ThreadPool":76: 线程被移除。。。Thread[Thread-0,5,main]
2021-01-11 21:07:29 DEBUG [main] "ThreadPool":36: 新增workerThread[Thread-0,5,main],ThreadPool.TestThreadPool$$Lambda$27/0x00000008000d5840@7403c468
2021-01-11 21:07:29 DEBUG [main] "ThreadPool":36: 新增workerThread[Thread-1,5,main],ThreadPool.TestThreadPool$$Lambda$27/0x00000008000d5840@7403c468
2021-01-11 21:07:29 DEBUG [Thread-0] "ThreadPool":67: 正在执行。。。ThreadPool.TestThreadPool$$Lambda$27/0x00000008000d5840@7403c468
2021-01-11 21:07:29 DEBUG [main] "BlockingQueue":96: 加入任务队列ThreadPool.TestThreadPool$$Lambda$27/0x00000008000d5840@7403c468
2021-01-11 21:07:29 DEBUG [Thread-1] "ThreadPool":67: 正在执行。。。ThreadPool.TestThreadPool$$Lambda$27/0x00000008000d5840@7403c468
2021-01-11 21:07:29 DEBUG [main] "BlockingQueue":96: 加入任务队列ThreadPool.TestThreadPool$$Lambda$27/0x00000008000d5840@7403c468
2021-01-11 21:07:29 DEBUG [main] "BlockingQueue":96: 加入任务队列ThreadPool.TestThreadPool$$Lambda$27/0x00000008000d5840@7403c468
2021-01-11 21:07:29 DEBUG [main] "BlockingQueue":96: 加入任务队列ThreadPool.TestThreadPool$$Lambda$27/0x00000008000d5840@7403c468
2021-01-11 21:07:29 DEBUG [main] "BlockingQueue":96: 加入任务队列ThreadPool.TestThreadPool$$Lambda$27/0x00000008000d5840@7403c468
2021-01-11 21:07:29 DEBUG [main] "BlockingQueue":96: 加入任务队列ThreadPool.TestThreadPool$$Lambda$27/0x00000008000d5840@7403c468
2021-01-11 21:07:29 DEBUG [main] "BlockingQueue":96: 加入任务队列ThreadPool.TestThreadPool$$Lambda$27/0x00000008000d5840@7403c468
2021-01-11 21:07:29 DEBUG [main] "BlockingQueue":96: 加入任务队列ThreadPool.TestThreadPool$$Lambda$27/0x00000008000d5840@7403c468
2021-01-11 21:07:29 DEBUG [main] "BlockingQueue":96: 加入任务队列ThreadPool.TestThreadPool$$Lambda$27/0x00000008000d5840@7403c468
2021-01-11 21:07:29 DEBUG [main] "BlockingQueue":96: 加入任务队列ThreadPool.TestThreadPool$$Lambda$27/0x00000008000d5840@7403c468
2021-01-11 21:07:29 DEBUG [main] "BlockingQueue":90: 等待加入任务队列ThreadPool.TestThreadPool$$Lambda$27/0x00000008000d5840@7403c468。。。
2021-01-12 00:07:43 DEBUG [main] "ThreadPool":38: 新增workerThread[Thread-0,5,main],ThreadPool.TestThreadPool$$Lambda$28/0x00000008000d5c40@c81cdd1
2021-01-12 00:07:43 DEBUG [main] "ThreadPool":38: 新增workerThread[Thread-1,5,main],ThreadPool.TestThreadPool$$Lambda$28/0x00000008000d5c40@c81cdd1
2021-01-12 00:07:43 DEBUG [Thread-0] "ThreadPool":76: 正在执行。。。ThreadPool.TestThreadPool$$Lambda$28/0x00000008000d5c40@c81cdd1
2021-01-12 00:07:43 DEBUG [main] "BlockingQueue":147: 加入任务队列 ThreadPool.TestThreadPool$$Lambda$28/0x00000008000d5c40@c81cdd1
2021-01-12 00:07:43 DEBUG [Thread-1] "ThreadPool":76: 正在执行。。。ThreadPool.TestThreadPool$$Lambda$28/0x00000008000d5c40@c81cdd1
2021-01-12 00:07:43 DEBUG [main] "BlockingQueue":147: 加入任务队列 ThreadPool.TestThreadPool$$Lambda$28/0x00000008000d5c40@c81cdd1
2021-01-12 00:07:43 DEBUG [main] "BlockingQueue":147: 加入任务队列 ThreadPool.TestThreadPool$$Lambda$28/0x00000008000d5c40@c81cdd1
2021-01-12 00:07:43 DEBUG [main] "BlockingQueue":147: 加入任务队列 ThreadPool.TestThreadPool$$Lambda$28/0x00000008000d5c40@c81cdd1
2021-01-12 00:07:43 DEBUG [main] "BlockingQueue":147: 加入任务队列 ThreadPool.TestThreadPool$$Lambda$28/0x00000008000d5c40@c81cdd1
2021-01-12 00:07:43 DEBUG [main] "BlockingQueue":147: 加入任务队列 ThreadPool.TestThreadPool$$Lambda$28/0x00000008000d5c40@c81cdd1
2021-01-12 00:07:43 DEBUG [main] "BlockingQueue":147: 加入任务队列 ThreadPool.TestThreadPool$$Lambda$28/0x00000008000d5c40@c81cdd1
2021-01-12 00:07:43 DEBUG [main] "BlockingQueue":147: 加入任务队列 ThreadPool.TestThreadPool$$Lambda$28/0x00000008000d5c40@c81cdd1
2021-01-12 00:07:43 DEBUG [main] "BlockingQueue":147: 加入任务队列 ThreadPool.TestThreadPool$$Lambda$28/0x00000008000d5c40@c81cdd1
2021-01-12 00:07:43 DEBUG [main] "BlockingQueue":147: 加入任务队列 ThreadPool.TestThreadPool$$Lambda$28/0x00000008000d5c40@c81cdd1
2021-01-12 00:11:27 DEBUG [main] "ThreadPool":38: 新增workerThread[Thread-0,5,main],ThreadPool.TestThreadPool$$Lambda$28/0x00000008000d5c40@c81cdd1
2021-01-12 00:11:27 DEBUG [main] "ThreadPool":38: 新增workerThread[Thread-1,5,main],ThreadPool.TestThreadPool$$Lambda$28/0x00000008000d5c40@c81cdd1
2021-01-12 00:11:27 DEBUG [Thread-0] "ThreadPool":76: 正在执行。。。ThreadPool.TestThreadPool$$Lambda$28/0x00000008000d5c40@c81cdd1
2021-01-12 00:11:27 DEBUG [main] "BlockingQueue":147: 加入任务队列 ThreadPool.TestThreadPool$$Lambda$28/0x00000008000d5c40@c81cdd1
2021-01-12 00:11:27 DEBUG [Thread-1] "ThreadPool":76: 正在执行。。。ThreadPool.TestThreadPool$$Lambda$28/0x00000008000d5c40@c81cdd1
2021-01-12 00:11:27 DEBUG [main] "BlockingQueue":147: 加入任务队列 ThreadPool.TestThreadPool$$Lambda$28/0x00000008000d5c40@c81cdd1
2021-01-12 00:11:27 DEBUG [main] "BlockingQueue":147: 加入任务队列 ThreadPool.TestThreadPool$$Lambda$28/0x00000008000d5c40@c81cdd1
2021-01-12 00:11:27 DEBUG [main] "BlockingQueue":147: 加入任务队列 ThreadPool.TestThreadPool$$Lambda$28/0x00000008000d5c40@c81cdd1
2021-01-12 00:11:27 DEBUG [main] "BlockingQueue":147: 加入任务队列 ThreadPool.TestThreadPool$$Lambda$28/0x00000008000d5c40@c81cdd1
2021-01-12 00:11:27 DEBUG [main] "BlockingQueue":147: 加入任务队列 ThreadPool.TestThreadPool$$Lambda$28/0x00000008000d5c40@c81cdd1
2021-01-12 00:11:27 DEBUG [main] "BlockingQueue":147: 加入任务队列 ThreadPool.TestThreadPool$$Lambda$28/0x00000008000d5c40@c81cdd1
2021-01-12 00:11:27 DEBUG [main] "BlockingQueue":147: 加入任务队列 ThreadPool.TestThreadPool$$Lambda$28/0x00000008000d5c40@c81cdd1
2021-01-12 00:11:27 DEBUG [main] "BlockingQueue":147: 加入任务队列 ThreadPool.TestThreadPool$$Lambda$28/0x00000008000d5c40@c81cdd1
2021-01-12 00:11:27 DEBUG [main] "BlockingQueue":147: 加入任务队列 ThreadPool.TestThreadPool$$Lambda$28/0x00000008000d5c40@c81cdd1
2021-01-12 00:12:40 DEBUG [main] "ThreadPool":38: 新增workerThread[Thread-0,5,main],ThreadPool.TestThreadPool$$Lambda$28/0x00000008000d5c40@c81cdd1
2021-01-12 00:12:40 DEBUG [main] "ThreadPool":38: 新增workerThread[Thread-1,5,main],ThreadPool.TestThreadPool$$Lambda$28/0x00000008000d5c40@c81cdd1
2021-01-12 00:12:40 DEBUG [Thread-0] "ThreadPool":76: 正在执行。。。ThreadPool.TestThreadPool$$Lambda$28/0x00000008000d5c40@c81cdd1
2021-01-12 00:12:40 DEBUG [main] "BlockingQueue":147: 加入任务队列 ThreadPool.TestThreadPool$$Lambda$28/0x00000008000d5c40@c81cdd1
2021-01-12 00:12:40 DEBUG [Thread-1] "ThreadPool":76: 正在执行。。。ThreadPool.TestThreadPool$$Lambda$28/0x00000008000d5c40@c81cdd1
2021-01-12 00:12:40 DEBUG [main] "BlockingQueue":147: 加入任务队列 ThreadPool.TestThreadPool$$Lambda$28/0x00000008000d5c40@c81cdd1
2021-01-12 00:12:40 DEBUG [main] "BlockingQueue":147: 加入任务队列 ThreadPool.TestThreadPool$$Lambda$28/0x00000008000d5c40@c81cdd1
2021-01-12 00:12:40 DEBUG [main] "BlockingQueue":147: 加入任务队列 ThreadPool.TestThreadPool$$Lambda$28/0x00000008000d5c40@c81cdd1
2021-01-12 00:12:40 DEBUG [main] "BlockingQueue":147: 加入任务队列 ThreadPool.TestThreadPool$$Lambda$28/0x00000008000d5c40@c81cdd1
2021-01-12 00:12:40 DEBUG [main] "BlockingQueue":147: 加入任务队列 ThreadPool.TestThreadPool$$Lambda$28/0x00000008000d5c40@c81cdd1
2021-01-12 00:12:40 DEBUG [main] "BlockingQueue":147: 加入任务队列 ThreadPool.TestThreadPool$$Lambda$28/0x00000008000d5c40@c81cdd1
2021-01-12 00:12:40 DEBUG [main] "BlockingQueue":147: 加入任务队列 ThreadPool.TestThreadPool$$Lambda$28/0x00000008000d5c40@c81cdd1
2021-01-12 00:12:40 DEBUG [main] "BlockingQueue":147: 加入任务队列 ThreadPool.TestThreadPool$$Lambda$28/0x00000008000d5c40@c81cdd1
2021-01-12 00:12:40 DEBUG [main] "BlockingQueue":147: 加入任务队列 ThreadPool.TestThreadPool$$Lambda$28/0x00000008000d5c40@c81cdd1
2021-01-12 00:16:18 DEBUG [main] "ThreadPool":38: 新增workerThread[Thread-0,5,main],ThreadPool.TestThreadPool$$Lambda$28/0x00000008000d5c40@c81cdd1
2021-01-12 00:16:18 DEBUG [main] "ThreadPool":38: 新增workerThread[Thread-1,5,main],ThreadPool.TestThreadPool$$Lambda$28/0x00000008000d5c40@c81cdd1
2021-01-12 00:16:18 DEBUG [Thread-0] "ThreadPool":76: 正在执行。。。ThreadPool.TestThreadPool$$Lambda$28/0x00000008000d5c40@c81cdd1
2021-01-12 00:16:18 DEBUG [main] "BlockingQueue":147: 加入任务队列 ThreadPool.TestThreadPool$$Lambda$28/0x00000008000d5c40@c81cdd1
2021-01-12 00:16:18 DEBUG [Thread-1] "ThreadPool":76: 正在执行。。。ThreadPool.TestThreadPool$$Lambda$28/0x00000008000d5c40@c81cdd1
2021-01-12 00:16:18 DEBUG [main] "BlockingQueue":147: 加入任务队列 ThreadPool.TestThreadPool$$Lambda$28/0x00000008000d5c40@c81cdd1
2021-01-12 00:16:18 DEBUG [main] "BlockingQueue":147: 加入任务队列 ThreadPool.TestThreadPool$$Lambda$28/0x00000008000d5c40@c81cdd1
2021-01-12 00:16:18 DEBUG [main] "BlockingQueue":147: 加入任务队列 ThreadPool.TestThreadPool$$Lambda$28/0x00000008000d5c40@c81cdd1
2021-01-12 00:16:18 DEBUG [main] "BlockingQueue":147: 加入任务队列 ThreadPool.TestThreadPool$$Lambda$28/0x00000008000d5c40@c81cdd1
2021-01-12 00:16:18 DEBUG [main] "BlockingQueue":147: 加入任务队列 ThreadPool.TestThreadPool$$Lambda$28/0x00000008000d5c40@c81cdd1
2021-01-12 00:16:18 DEBUG [main] "BlockingQueue":147: 加入任务队列 ThreadPool.TestThreadPool$$Lambda$28/0x00000008000d5c40@c81cdd1
2021-01-12 00:16:18 DEBUG [main] "BlockingQueue":147: 加入任务队列 ThreadPool.TestThreadPool$$Lambda$28/0x00000008000d5c40@c81cdd1
2021-01-12 00:16:18 DEBUG [main] "BlockingQueue":147: 加入任务队列 ThreadPool.TestThreadPool$$Lambda$28/0x00000008000d5c40@c81cdd1
2021-01-12 00:16:18 DEBUG [main] "BlockingQueue":147: 加入任务队列 ThreadPool.TestThreadPool$$Lambda$28/0x00000008000d5c40@c81cdd1
2021-01-12 00:16:18 DEBUG [Thread-0] "ThreadPool":76: 正在执行。。。ThreadPool.TestThreadPool$$Lambda$28/0x00000008000d5c40@c81cdd1
2021-01-12 00:16:18 DEBUG [Thread-1] "ThreadPool":76: 正在执行。。。ThreadPool.TestThreadPool$$Lambda$28/0x00000008000d5c40@c81cdd1
2021-01-12 00:16:18 DEBUG [Thread-0] "ThreadPool":76: 正在执行。。。ThreadPool.TestThreadPool$$Lambda$28/0x00000008000d5c40@c81cdd1
2021-01-12 00:16:18 DEBUG [Thread-1] "ThreadPool":76: 正在执行。。。ThreadPool.TestThreadPool$$Lambda$28/0x00000008000d5c40@c81cdd1
2021-01-12 00:16:18 DEBUG [Thread-0] "ThreadPool":76: 正在执行。。。ThreadPool.TestThreadPool$$Lambda$28/0x00000008000d5c40@c81cdd1
2021-01-12 00:16:18 DEBUG [Thread-1] "ThreadPool":76: 正在执行。。。ThreadPool.TestThreadPool$$Lambda$28/0x00000008000d5c40@c81cdd1
2021-01-12 00:16:18 DEBUG [Thread-0] "ThreadPool":76: 正在执行。。。ThreadPool.TestThreadPool$$Lambda$28/0x00000008000d5c40@c81cdd1
2021-01-12 00:16:18 DEBUG [Thread-1] "ThreadPool":76: 正在执行。。。ThreadPool.TestThreadPool$$Lambda$28/0x00000008000d5c40@c81cdd1
2021-01-12 00:16:18 DEBUG [Thread-0] "ThreadPool":76: 正在执行。。。ThreadPool.TestThreadPool$$Lambda$28/0x00000008000d5c40@c81cdd1
2021-01-12 00:16:18 DEBUG [Thread-1] "ThreadPool":76: 正在执行。。。ThreadPool.TestThreadPool$$Lambda$28/0x00000008000d5c40@c81cdd1
2021-01-12 00:16:18 DEBUG [Thread-0] "ThreadPool":85: 线程被移除。。。Thread[Thread-0,5,main]
2021-01-12 00:16:18 DEBUG [Thread-1] "ThreadPool":85: 线程被移除。。。Thread[Thread-1,5,main]
2021-01-12 00:17:55 DEBUG [main] "ThreadPool":38: 新增workerThread[Thread-0,5,main],ThreadPool.TestThreadPool$$Lambda$28/0x00000008000d5c40@c81cdd1
2021-01-12 00:17:55 DEBUG [main] "ThreadPool":38: 新增workerThread[Thread-1,5,main],ThreadPool.TestThreadPool$$Lambda$28/0x00000008000d5c40@c81cdd1
2021-01-12 00:17:55 DEBUG [Thread-0] "ThreadPool":77: 正在执行。。。ThreadPool.TestThreadPool$$Lambda$28/0x00000008000d5c40@c81cdd1
2021-01-12 00:17:55 DEBUG [main] "BlockingQueue":147: 加入任务队列 ThreadPool.TestThreadPool$$Lambda$28/0x00000008000d5c40@c81cdd1
2021-01-12 00:17:55 DEBUG [Thread-1] "ThreadPool":77: 正在执行。。。ThreadPool.TestThreadPool$$Lambda$28/0x00000008000d5c40@c81cdd1
2021-01-12 00:17:55 DEBUG [main] "BlockingQueue":147: 加入任务队列 ThreadPool.TestThreadPool$$Lambda$28/0x00000008000d5c40@c81cdd1
2021-01-12 00:17:55 DEBUG [main] "BlockingQueue":147: 加入任务队列 ThreadPool.TestThreadPool$$Lambda$28/0x00000008000d5c40@c81cdd1
2021-01-12 00:17:55 DEBUG [main] "BlockingQueue":147: 加入任务队列 ThreadPool.TestThreadPool$$Lambda$28/0x00000008000d5c40@c81cdd1
2021-01-12 00:17:55 DEBUG [main] "BlockingQueue":147: 加入任务队列 ThreadPool.TestThreadPool$$Lambda$28/0x00000008000d5c40@c81cdd1
2021-01-12 00:17:55 DEBUG [main] "BlockingQueue":147: 加入任务队列 ThreadPool.TestThreadPool$$Lambda$28/0x00000008000d5c40@c81cdd1
2021-01-12 00:17:55 DEBUG [main] "BlockingQueue":147: 加入任务队列 ThreadPool.TestThreadPool$$Lambda$28/0x00000008000d5c40@c81cdd1
2021-01-12 00:17:55 DEBUG [main] "BlockingQueue":147: 加入任务队列 ThreadPool.TestThreadPool$$Lambda$28/0x00000008000d5c40@c81cdd1
2021-01-12 00:17:55 DEBUG [main] "BlockingQueue":147: 加入任务队列 ThreadPool.TestThreadPool$$Lambda$28/0x00000008000d5c40@c81cdd1
2021-01-12 00:17:55 DEBUG [main] "BlockingQueue":147: 加入任务队列 ThreadPool.TestThreadPool$$Lambda$28/0x00000008000d5c40@c81cdd1
2021-01-12 00:17:55 DEBUG [main] "BlockingQueue":111: 等待加入任务队列。。
2021-01-12 00:17:55 DEBUG [Thread-1] "ThreadPool":77: 正在执行。。。ThreadPool.TestThreadPool$$Lambda$28/0x00000008000d5c40@c81cdd1
2021-01-12 00:17:55 DEBUG [main] "BlockingQueue":120: 加入任务队列 ThreadPool.TestThreadPool$$Lambda$28/0x00000008000d5c40@c81cdd1
2021-01-12 00:17:55 DEBUG [Thread-0] "ThreadPool":77: 正在执行。。。ThreadPool.TestThreadPool$$Lambda$28/0x00000008000d5c40@c81cdd1
2021-01-12 00:17:55 DEBUG [Thread-1] "ThreadPool":77: 正在执行。。。ThreadPool.TestThreadPool$$Lambda$28/0x00000008000d5c40@c81cdd1
2021-01-12 00:17:55 DEBUG [Thread-0] "ThreadPool":77: 正在执行。。。ThreadPool.TestThreadPool$$Lambda$28/0x00000008000d5c40@c81cdd1
2021-01-12 00:17:55 DEBUG [Thread-1] "ThreadPool":77: 正在执行。。。ThreadPool.TestThreadPool$$Lambda$28/0x00000008000d5c40@c81cdd1
2021-01-12 00:17:55 DEBUG [Thread-0] "ThreadPool":77: 正在执行。。。ThreadPool.TestThreadPool$$Lambda$28/0x00000008000d5c40@c81cdd1
2021-01-12 00:17:55 DEBUG [Thread-1] "ThreadPool":77: 正在执行。。。ThreadPool.TestThreadPool$$Lambda$28/0x00000008000d5c40@c81cdd1
2021-01-12 00:17:55 DEBUG [Thread-0] "ThreadPool":77: 正在执行。。。ThreadPool.TestThreadPool$$Lambda$28/0x00000008000d5c40@c81cdd1
2021-01-12 00:17:56 DEBUG [Thread-0] "ThreadPool":77: 正在执行。。。ThreadPool.TestThreadPool$$Lambda$28/0x00000008000d5c40@c81cdd1
2021-01-12 00:17:56 DEBUG [Thread-1] "ThreadPool":77: 正在执行。。。ThreadPool.TestThreadPool$$Lambda$28/0x00000008000d5c40@c81cdd1
2021-01-12 00:17:56 DEBUG [Thread-1] "ThreadPool":77: 正在执行。。。ThreadPool.TestThreadPool$$Lambda$28/0x00000008000d5c40@c81cdd1
2021-01-12 00:17:56 DEBUG [Thread-0] "ThreadPool":86: 线程被移除。。。Thread[Thread-0,5,main]
2021-01-12 00:17:56 DEBUG [Thread-1] "ThreadPool":86: 线程被移除。。。Thread[Thread-1,5,main]
2021-01-22 17:37:15 DEBUG [main] "ThreadPool":38: 新增workerThread[Thread-0,5,main],ThreadPool.TestThreadPool$$Lambda$28/0x00000008000d5c40@c81cdd1
2021-01-22 17:37:15 DEBUG [main] "ThreadPool":38: 新增workerThread[Thread-1,5,main],ThreadPool.TestThreadPool$$Lambda$28/0x00000008000d5c40@c81cdd1
2021-01-22 17:37:15 DEBUG [Thread-0] "ThreadPool":77: 正在执行。。。ThreadPool.TestThreadPool$$Lambda$28/0x00000008000d5c40@c81cdd1
2021-01-22 17:37:15 DEBUG [main] "BlockingQueue":147: 加入任务队列 ThreadPool.TestThreadPool$$Lambda$28/0x00000008000d5c40@c81cdd1
2021-01-22 17:37:15 DEBUG [Thread-1] "ThreadPool":77: 正在执行。。。ThreadPool.TestThreadPool$$Lambda$28/0x00000008000d5c40@c81cdd1
2021-01-22 17:37:15 DEBUG [main] "BlockingQueue":147: 加入任务队列 ThreadPool.TestThreadPool$$Lambda$28/0x00000008000d5c40@c81cdd1
2021-01-22 17:37:15 DEBUG [main] "BlockingQueue":147: 加入任务队列 ThreadPool.TestThreadPool$$Lambda$28/0x00000008000d5c40@c81cdd1
2021-01-22 17:37:15 DEBUG [main] "BlockingQueue":147: 加入任务队列 ThreadPool.TestThreadPool$$Lambda$28/0x00000008000d5c40@c81cdd1
2021-01-22 17:37:15 DEBUG [main] "BlockingQueue":147: 加入任务队列 ThreadPool.TestThreadPool$$Lambda$28/0x00000008000d5c40@c81cdd1
2021-01-22 17:37:15 DEBUG [main] "BlockingQueue":147: 加入任务队列 ThreadPool.TestThreadPool$$Lambda$28/0x00000008000d5c40@c81cdd1
2021-01-22 17:37:15 DEBUG [main] "BlockingQueue":147: 加入任务队列 ThreadPool.TestThreadPool$$Lambda$28/0x00000008000d5c40@c81cdd1
2021-01-22 17:37:15 DEBUG [main] "BlockingQueue":147: 加入任务队列 ThreadPool.TestThreadPool$$Lambda$28/0x00000008000d5c40@c81cdd1
2021-01-22 17:37:15 DEBUG [main] "BlockingQueue":147: 加入任务队列 ThreadPool.TestThreadPool$$Lambda$28/0x00000008000d5c40@c81cdd1
2021-01-22 17:37:15 DEBUG [main] "BlockingQueue":147: 加入任务队列 ThreadPool.TestThreadPool$$Lambda$28/0x00000008000d5c40@c81cdd1
2021-01-22 17:37:15 DEBUG [main] "BlockingQueue":111: 等待加入任务队列。。
2021-01-22 17:37:15 DEBUG [Thread-1] "ThreadPool":77: 正在执行。。。ThreadPool.TestThreadPool$$Lambda$28/0x00000008000d5c40@c81cdd1
2021-01-22 17:37:15 DEBUG [main] "BlockingQueue":120: 加入任务队列 ThreadPool.TestThreadPool$$Lambda$28/0x00000008000d5c40@c81cdd1
2021-01-22 17:37:15 DEBUG [Thread-0] "ThreadPool":77: 正在执行。。。ThreadPool.TestThreadPool$$Lambda$28/0x00000008000d5c40@c81cdd1
2021-01-22 17:37:15 DEBUG [Thread-1] "ThreadPool":77: 正在执行。。。ThreadPool.TestThreadPool$$Lambda$28/0x00000008000d5c40@c81cdd1
2021-01-22 17:37:15 DEBUG [Thread-0] "ThreadPool":77: 正在执行。。。ThreadPool.TestThreadPool$$Lambda$28/0x00000008000d5c40@c81cdd1
2021-01-22 17:37:15 DEBUG [Thread-0] "ThreadPool":77: 正在执行。。。ThreadPool.TestThreadPool$$Lambda$28/0x00000008000d5c40@c81cdd1
2021-01-22 17:37:15 DEBUG [Thread-1] "ThreadPool":77: 正在执行。。。ThreadPool.TestThreadPool$$Lambda$28/0x00000008000d5c40@c81cdd1
2021-01-22 17:37:15 DEBUG [Thread-0] "ThreadPool":77: 正在执行。。。ThreadPool.TestThreadPool$$Lambda$28/0x00000008000d5c40@c81cdd1
2021-01-22 17:37:15 DEBUG [Thread-1] "ThreadPool":77: 正在执行。。。ThreadPool.TestThreadPool$$Lambda$28/0x00000008000d5c40@c81cdd1
2021-01-22 17:37:15 DEBUG [Thread-0] "ThreadPool":77: 正在执行。。。ThreadPool.TestThreadPool$$Lambda$28/0x00000008000d5c40@c81cdd1
2021-01-22 17:37:15 DEBUG [Thread-1] "ThreadPool":77: 正在执行。。。ThreadPool.TestThreadPool$$Lambda$28/0x00000008000d5c40@c81cdd1
2021-01-22 17:37:15 DEBUG [Thread-0] "ThreadPool":77: 正在执行。。。ThreadPool.TestThreadPool$$Lambda$28/0x00000008000d5c40@c81cdd1
2021-01-22 17:37:15 DEBUG [Thread-1] "ThreadPool":86: 线程被移除。。。Thread[Thread-1,5,main]
2021-01-22 17:37:15 DEBUG [Thread-0] "ThreadPool":86: 线程被移除。。。Thread[Thread-0,5,main]
2021-01-23 11:24:05 DEBUG [main] "ThreadPool":38: 新增workerThread[Thread-0,5,main],ThreadPool.TestThreadPool$$Lambda$28/0x00000008000cdc40@2eda0940
2021-01-23 11:24:05 DEBUG [main] "ThreadPool":38: 新增workerThread[Thread-1,5,main],ThreadPool.TestThreadPool$$Lambda$28/0x00000008000cdc40@2eda0940
2021-01-23 11:24:05 DEBUG [Thread-0] "ThreadPool":77: 正在执行。。。ThreadPool.TestThreadPool$$Lambda$28/0x00000008000cdc40@2eda0940
2021-01-23 11:24:05 DEBUG [Thread-1] "ThreadPool":77: 正在执行。。。ThreadPool.TestThreadPool$$Lambda$28/0x00000008000cdc40@2eda0940
2021-01-23 11:24:05 DEBUG [main] "BlockingQueue":147: 加入任务队列 ThreadPool.TestThreadPool$$Lambda$28/0x00000008000cdc40@2eda0940
2021-01-23 11:24:05 DEBUG [main] "BlockingQueue":147: 加入任务队列 ThreadPool.TestThreadPool$$Lambda$28/0x00000008000cdc40@2eda0940
2021-01-23 11:24:05 DEBUG [main] "BlockingQueue":147: 加入任务队列 ThreadPool.TestThreadPool$$Lambda$28/0x00000008000cdc40@2eda0940
2021-01-23 11:24:05 DEBUG [main] "BlockingQueue":147: 加入任务队列 ThreadPool.TestThreadPool$$Lambda$28/0x00000008000cdc40@2eda0940
2021-01-23 11:24:05 DEBUG [main] "BlockingQueue":147: 加入任务队列 ThreadPool.TestThreadPool$$Lambda$28/0x00000008000cdc40@2eda0940
2021-01-23 11:24:05 DEBUG [main] "BlockingQueue":147: 加入任务队列 ThreadPool.TestThreadPool$$Lambda$28/0x00000008000cdc40@2eda0940
2021-01-23 11:24:05 DEBUG [main] "BlockingQueue":147: 加入任务队列 ThreadPool.TestThreadPool$$Lambda$28/0x00000008000cdc40@2eda0940
2021-01-23 11:24:05 DEBUG [main] "BlockingQueue":147: 加入任务队列 ThreadPool.TestThreadPool$$Lambda$28/0x00000008000cdc40@2eda0940
2021-01-23 11:24:05 DEBUG [main] "BlockingQueue":147: 加入任务队列 ThreadPool.TestThreadPool$$Lambda$28/0x00000008000cdc40@2eda0940
2021-01-23 11:24:05 DEBUG [main] "BlockingQueue":147: 加入任务队列 ThreadPool.TestThreadPool$$Lambda$28/0x00000008000cdc40@2eda0940
2021-01-23 11:24:05 DEBUG [main] "BlockingQueue":111: 等待加入任务队列。。
2021-01-23 11:24:05 DEBUG [Thread-1] "ThreadPool":77: 正在执行。。。ThreadPool.TestThreadPool$$Lambda$28/0x00000008000cdc40@2eda0940
2021-01-23 11:24:05 DEBUG [main] "BlockingQueue":120: 加入任务队列 ThreadPool.TestThreadPool$$Lambda$28/0x00000008000cdc40@2eda0940
2021-01-23 11:24:05 DEBUG [Thread-0] "ThreadPool":77: 正在执行。。。ThreadPool.TestThreadPool$$Lambda$28/0x00000008000cdc40@2eda0940
2021-01-23 11:24:05 DEBUG [Thread-1] "ThreadPool":77: 正在执行。。。ThreadPool.TestThreadPool$$Lambda$28/0x00000008000cdc40@2eda0940
2021-01-23 11:24:05 DEBUG [Thread-0] "ThreadPool":77: 正在执行。。。ThreadPool.TestThreadPool$$Lambda$28/0x00000008000cdc40@2eda0940
2021-01-23 11:24:05 DEBUG [Thread-1] "ThreadPool":77: 正在执行。。。ThreadPool.TestThreadPool$$Lambda$28/0x00000008000cdc40@2eda0940
2021-01-23 11:24:05 DEBUG [Thread-0] "ThreadPool":77: 正在执行。。。ThreadPool.TestThreadPool$$Lambda$28/0x00000008000cdc40@2eda0940
2021-01-23 11:24:05 DEBUG [Thread-0] "ThreadPool":77: 正在执行。。。ThreadPool.TestThreadPool$$Lambda$28/0x00000008000cdc40@2eda0940
2021-01-23 11:24:05 DEBUG [Thread-1] "ThreadPool":77: 正在执行。。。ThreadPool.TestThreadPool$$Lambda$28/0x00000008000cdc40@2eda0940
2021-01-23 11:24:05 DEBUG [Thread-0] "ThreadPool":77: 正在执行。。。ThreadPool.TestThreadPool$$Lambda$28/0x00000008000cdc40@2eda0940
2021-01-23 11:24:05 DEBUG [Thread-1] "ThreadPool":77: 正在执行。。。ThreadPool.TestThreadPool$$Lambda$28/0x00000008000cdc40@2eda0940
2021-01-23 11:24:05 DEBUG [Thread-1] "ThreadPool":77: 正在执行。。。ThreadPool.TestThreadPool$$Lambda$28/0x00000008000cdc40@2eda0940
2021-01-23 11:24:05 DEBUG [Thread-0] "ThreadPool":86: 线程被移除。。。Thread[Thread-0,5,main]
2021-01-23 11:24:05 DEBUG [Thread-1] "ThreadPool":86: 线程被移除。。。Thread[Thread-1,5,main]
2021-01-24 16:06:47 DEBUG [myPool_t2] "TestThreadPoolExecutors":27: 2
2021-01-24 16:06:47 DEBUG [myPool_t1] "TestThreadPoolExecutors":25: 1
2021-01-24 16:06:47 DEBUG [myPool_t2] "TestThreadPoolExecutors":28: 3
2021-01-24 17:15:32 DEBUG [pool-1-thread-1] "TestThreadPoolExecutors":30: begin
2021-01-24 17:15:32 DEBUG [pool-1-thread-2] "TestThreadPoolExecutors":34: begin
2021-01-24 17:15:34 DEBUG [main] "TestThreadPoolExecutors":41: 1
2021-01-24 17:15:34 DEBUG [main] "TestThreadPoolExecutors":41: 2
